train lock skipped (--allow-parallel-train)
stream skip: advancing 656000 packet transitions...
stream skip done: packets_seen=696804
resumed weights from checkpoints/byte_tick/atom_native_step_1152000_d32_ms1M.pt (recorded step=1152000, legacy_surface_migrated=False, span_head_migrated=False)
atomizer pack_mode=linguistic max_span_bytes=1
dynamics on load: energy_decay=0.30007269978523254 -> 0.30007269978523254 (repaired=False, bounds=(0.3, 0.95))
MERGE gates: enable=False coherence_thr=0.450 energy_floor=0.080
field_obligatory_hard=ON hard-v2+ (mix_floor=1.0, freeze bypass, logits=frozen+cap*(α_MLP+payload_prod))
payload_copy=False (train-time copy-bias branch)
last_atom_readout=True (byte-tick 2-gram + dentate)
efference_every=10 (0=off)
optimizer groups: field/other lr=5e-05 (13 tensors), surface lr=0.00012 (25 tensors); energy_decay_bounds=(0.3, 0.95); field_max_rms=3.0
stream mode: 2 shard(s), chunk_bytes=65536, loop_shards=True, stream_buffer=2048, stream_prefetch=True
optimizer restore skipped: surface LR param groups differ from checkpoint
step=1152001 (run 1/8000) loss=1.78241 byte_ppl=5.944 atoms=1 merges=0 field=0.0508 rms=0.0019 scale=1.0000 fcos=nan ign=0.0000 prn=nan nxp=0.000 mph=0.000 bytes=696804 pkts=696804 shard=1
step=1152025 (run 25/8000) loss=0.00043 byte_ppl=1.000 atoms=27 merges=0 field=0.7807 rms=0.0244 scale=1.0000 fcos=nan ign=0.0000 prn=nan nxp=0.000 mph=0.000 bytes=696804 pkts=696804 shard=1
step=1152050 (run 50/8000) loss=0.32545 byte_ppl=1.385 atoms=55 merges=0 field=1.3995 rms=0.0437 scale=1.0000 fcos=nan ign=0.0000 prn=nan nxp=0.000 mph=0.000 bytes=696804 pkts=696804 shard=1
step=1152075 (run 75/8000) loss=1.08144 byte_ppl=2.949 atoms=12 merges=0 field=2.0094 rms=0.0628 scale=1.0000 fcos=nan ign=0.0000 prn=nan nxp=0.000 mph=0.000 bytes=696804 pkts=696804 shard=1
step=1152100 (run 100/8000) loss=0.06738 byte_ppl=1.070 atoms=40 merges=0 field=2.4387 rms=0.0762 scale=1.0000 fcos=nan ign=0.0000 prn=nan nxp=0.000 mph=0.000 bytes=696804 pkts=696804 shard=1
step=1152125 (run 125/8000) loss=0.34108 byte_ppl=1.406 atoms=67 merges=0 field=2.8751 rms=0.0899 scale=1.0000 fcos=nan ign=0.0000 prn=nan nxp=0.000 mph=0.000 bytes=696804 pkts=696804 shard=1
step=1152150 (run 150/8000) loss=1.34897 byte_ppl=3.853 atoms=25 merges=0 field=3.3891 rms=0.1059 scale=1.0000 fcos=nan ign=0.0000 prn=nan nxp=0.000 mph=0.000 bytes=696804 pkts=696804 shard=1
step=1152175 (run 175/8000) loss=0.00228 byte_ppl=1.002 atoms=52 merges=0 field=3.8712 rms=0.1210 scale=1.0000 fcos=nan ign=0.0000 prn=nan nxp=0.000 mph=0.000 bytes=696804 pkts=696804 shard=1
step=1152200 (run 200/8000) loss=13.79338 byte_ppl=978108.584 atoms=9 merges=0 field=4.2232 rms=0.1320 scale=1.0000 fcos=nan ign=0.0000 prn=nan nxp=0.000 mph=0.000 bytes=696804 pkts=696804 shard=1
step=1152225 (run 225/8000) loss=0.02822 byte_ppl=1.029 atoms=36 merges=0 field=4.6588 rms=0.1456 scale=1.0000 fcos=nan ign=0.0000 prn=nan nxp=0.000 mph=0.000 bytes=696804 pkts=696804 shard=1
step=1152250 (run 250/8000) loss=0.01286 byte_ppl=1.013 atoms=64 merges=0 field=5.1843 rms=0.1620 scale=1.0000 fcos=nan ign=0.0000 prn=nan nxp=0.000 mph=0.000 bytes=696804 pkts=696804 shard=1
step=1152275 (run 275/8000) loss=1.27400 byte_ppl=3.575 atoms=21 merges=0 field=5.4640 rms=0.1708 scale=1.0000 fcos=nan ign=0.0000 prn=nan nxp=0.000 mph=0.000 bytes=696804 pkts=696804 shard=1
step=1152300 (run 300/8000) loss=0.12526 byte_ppl=1.133 atoms=49 merges=0 field=5.9368 rms=0.1855 scale=1.0000 fcos=nan ign=0.0000 prn=nan nxp=0.000 mph=0.000 bytes=696804 pkts=696804 shard=1
step=1152325 (run 325/8000) loss=0.00196 byte_ppl=1.002 atoms=5 merges=0 field=6.4198 rms=0.2006 scale=1.0000 fcos=nan ign=0.0000 prn=nan nxp=0.000 mph=0.000 bytes=696804 pkts=696804 shard=1
step=1152350 (run 350/8000) loss=3.59823 byte_ppl=36.534 atoms=33 merges=0 field=6.7092 rms=0.2097 scale=1.0000 fcos=nan ign=0.0000 prn=nan nxp=0.000 mph=0.000 bytes=696804 pkts=696804 shard=1
step=1152375 (run 375/8000) loss=0.01706 byte_ppl=1.017 atoms=60 merges=0 field=7.0304 rms=0.2197 scale=1.0000 fcos=nan ign=0.0000 prn=nan nxp=0.000 mph=0.000 bytes=696804 pkts=696804 shard=1
step=1152400 (run 400/8000) loss=8.10901 byte_ppl=3324.297 atoms=18 merges=0 field=7.3968 rms=0.2312 scale=1.0000 fcos=nan ign=0.0000 prn=nan nxp=0.000 mph=0.000 bytes=696804 pkts=696804 shard=1
step=1152425 (run 425/8000) loss=6.25364 byte_ppl=519.903 atoms=45 merges=0 field=7.7986 rms=0.2437 scale=1.0000 fcos=nan ign=0.0000 prn=nan nxp=0.000 mph=0.000 bytes=696804 pkts=696804 shard=1
step=1152450 (run 450/8000) loss=7.53276 byte_ppl=1868.260 atoms=3 merges=0 field=8.1431 rms=0.2545 scale=1.0000 fcos=nan ign=0.0000 prn=nan nxp=0.000 mph=0.000 bytes=696804 pkts=696804 shard=1
step=1152475 (run 475/8000) loss=2.74503 byte_ppl=15.565 atoms=30 merges=0 field=8.5370 rms=0.2668 scale=1.0000 fcos=nan ign=0.0000 prn=nan nxp=0.000 mph=0.000 bytes=696804 pkts=696804 shard=1
step=1152500 (run 500/8000) loss=2.00005 byte_ppl=7.389 atoms=58 merges=0 field=8.9178 rms=0.2787 scale=1.0000 fcos=nan ign=0.0000 prn=nan nxp=0.000 mph=0.000 bytes=696804 pkts=696804 shard=1
step=1152525 (run 525/8000) loss=0.00298 byte_ppl=1.003 atoms=14 merges=0 field=9.3241 rms=0.2914 scale=1.0000 fcos=nan ign=0.0000 prn=nan nxp=0.000 mph=0.000 bytes=696804 pkts=696804 shard=1
step=1152550 (run 550/8000) loss=3.96744 byte_ppl=52.849 atoms=42 merges=0 field=9.7564 rms=0.3049 scale=1.0000 fcos=nan ign=0.0000 prn=nan nxp=0.000 mph=0.000 bytes=696804 pkts=696804 shard=1
step=1152575 (run 575/8000) loss=0.00101 byte_ppl=1.001 atoms=69 merges=0 field=10.0082 rms=0.3128 scale=1.0000 fcos=nan ign=0.0000 prn=nan nxp=0.000 mph=0.000 bytes=696804 pkts=696804 shard=1
step=1152600 (run 600/8000) loss=2.22673 byte_ppl=9.270 atoms=27 merges=0 field=10.4042 rms=0.3251 scale=1.0000 fcos=nan ign=0.0000 prn=nan nxp=0.000 mph=0.000 bytes=696804 pkts=696804 shard=1
step=1152625 (run 625/8000) loss=6.14371 byte_ppl=465.781 atoms=54 merges=0 field=10.8722 rms=0.3398 scale=1.0000 fcos=nan ign=0.0000 prn=nan nxp=0.000 mph=0.000 bytes=696804 pkts=696804 shard=1
step=1152650 (run 650/8000) loss=0.14408 byte_ppl=1.155 atoms=11 merges=0 field=11.2068 rms=0.3502 scale=1.0000 fcos=nan ign=0.0000 prn=nan nxp=0.000 mph=0.000 bytes=696804 pkts=696804 shard=1
step=1152675 (run 675/8000) loss=3.16165 byte_ppl=23.609 atoms=38 merges=0 field=11.4704 rms=0.3585 scale=1.0000 fcos=nan ign=0.0000 prn=nan nxp=0.000 mph=0.000 bytes=696804 pkts=696804 shard=1
step=1152700 (run 700/8000) loss=0.00003 byte_ppl=1.000 atoms=66 merges=0 field=11.8182 rms=0.3693 scale=1.0000 fcos=nan ign=0.0000 prn=nan nxp=0.000 mph=0.000 bytes=696804 pkts=696804 shard=1
step=1152725 (run 725/8000) loss=4.35998 byte_ppl=78.256 atoms=23 merges=0 field=12.0383 rms=0.3762 scale=1.0000 fcos=nan ign=0.0000 prn=nan nxp=0.000 mph=0.000 bytes=696804 pkts=696804 shard=1
step=1152750 (run 750/8000) loss=7.23685 byte_ppl=1389.705 atoms=51 merges=0 field=12.3343 rms=0.3854 scale=1.0000 fcos=nan ign=0.0000 prn=nan nxp=0.000 mph=0.000 bytes=696804 pkts=696804 shard=1
step=1152775 (run 775/8000) loss=0.00263 byte_ppl=1.003 atoms=8 merges=0 field=12.7379 rms=0.3981 scale=1.0000 fcos=nan ign=0.0000 prn=nan nxp=0.000 mph=0.000 bytes=696804 pkts=696804 shard=1
step=1152800 (run 800/8000) loss=6.38519 byte_ppl=593.000 atoms=36 merges=0 field=13.1001 rms=0.4094 scale=1.0000 fcos=nan ign=0.0000 prn=nan nxp=0.000 mph=0.000 bytes=696804 pkts=696804 shard=1
step=1152825 (run 825/8000) loss=0.00611 byte_ppl=1.006 atoms=63 merges=0 field=13.4664 rms=0.4208 scale=1.0000 fcos=nan ign=0.0000 prn=nan nxp=0.000 mph=0.000 bytes=696804 pkts=696804 shard=1
step=1152850 (run 850/8000) loss=0.01602 byte_ppl=1.016 atoms=20 merges=0 field=13.7658 rms=0.4302 scale=1.0000 fcos=nan ign=0.0000 prn=nan nxp=0.000 mph=0.000 bytes=696804 pkts=696804 shard=1
step=1152875 (run 875/8000) loss=8.40519 byte_ppl=4470.209 atoms=47 merges=0 field=14.1419 rms=0.4419 scale=1.0000 fcos=nan ign=0.0000 prn=nan nxp=0.000 mph=0.000 bytes=696804 pkts=696804 shard=1
step=1152900 (run 900/8000) loss=4.84145 byte_ppl=126.652 atoms=5 merges=0 field=14.5020 rms=0.4532 scale=1.0000 fcos=nan ign=0.0000 prn=nan nxp=0.000 mph=0.000 bytes=696804 pkts=696804 shard=1
step=1152925 (run 925/8000) loss=0.00052 byte_ppl=1.001 atoms=32 merges=0 field=14.8480 rms=0.4640 scale=1.0000 fcos=nan ign=0.0000 prn=nan nxp=0.000 mph=0.000 bytes=696804 pkts=696804 shard=1
step=1152950 (run 950/8000) loss=1.58925 byte_ppl=4.900 atoms=60 merges=0 field=15.2121 rms=0.4754 scale=1.0000 fcos=nan ign=0.0000 prn=nan nxp=0.000 mph=0.000 bytes=696804 pkts=696804 shard=1
step=1152975 (run 975/8000) loss=0.98267 byte_ppl=2.672 atoms=16 merges=0 field=15.5380 rms=0.4856 scale=1.0000 fcos=nan ign=0.0000 prn=nan nxp=0.000 mph=0.000 bytes=696804 pkts=696804 shard=1
step=1153000 (run 1000/8000) loss=0.05846 byte_ppl=1.060 atoms=44 merges=0 field=15.8121 rms=0.4941 scale=1.0000 fcos=nan ign=0.0000 prn=nan nxp=0.000 mph=0.000 bytes=696804 pkts=696804 shard=1
step=1153025 (run 1025/8000) loss=5.40643 byte_ppl=222.836 atoms=1 merges=0 field=16.1652 rms=0.5052 scale=1.0000 fcos=nan ign=0.0000 prn=nan nxp=0.000 mph=0.000 bytes=696804 pkts=696804 shard=1
step=1153050 (run 1050/8000) loss=11.03278 byte_ppl=61869.202 atoms=29 merges=0 field=16.5335 rms=0.5167 scale=1.0000 fcos=nan ign=0.0000 prn=nan nxp=0.000 mph=0.000 bytes=696804 pkts=696804 shard=1
step=1153075 (run 1075/8000) loss=0.04982 byte_ppl=1.051 atoms=56 merges=0 field=16.8975 rms=0.5280 scale=1.0000 fcos=nan ign=0.0000 prn=nan nxp=0.000 mph=0.000 bytes=696804 pkts=696804 shard=1
step=1153100 (run 1100/8000) loss=6.37521 byte_ppl=587.107 atoms=14 merges=0 field=17.1790 rms=0.5368 scale=1.0000 fcos=nan ign=0.0000 prn=nan nxp=0.000 mph=0.000 bytes=696804 pkts=696804 shard=1
step=1153125 (run 1125/8000) loss=0.00122 byte_ppl=1.001 atoms=41 merges=0 field=17.5361 rms=0.5480 scale=1.0000 fcos=nan ign=0.0000 prn=nan nxp=0.000 mph=0.000 bytes=696804 pkts=696804 shard=1
step=1153150 (run 1150/8000) loss=5.64641 byte_ppl=283.272 atoms=69 merges=0 field=17.8019 rms=0.5563 scale=1.0000 fcos=nan ign=0.0000 prn=nan nxp=0.000 mph=0.000 bytes=696804 pkts=696804 shard=1
step=1153175 (run 1175/8000) loss=0.00002 byte_ppl=1.000 atoms=25 merges=0 field=18.0884 rms=0.5653 scale=1.0000 fcos=nan ign=0.0000 prn=nan nxp=0.000 mph=0.000 bytes=696804 pkts=696804 shard=1
step=1153200 (run 1200/8000) loss=0.00270 byte_ppl=1.003 atoms=53 merges=0 field=18.4746 rms=0.5773 scale=1.0000 fcos=nan ign=0.0000 prn=nan nxp=0.000 mph=0.000 bytes=696804 pkts=696804 shard=1
step=1153225 (run 1225/8000) loss=0.01618 byte_ppl=1.016 atoms=10 merges=0 field=18.8275 rms=0.5884 scale=1.0000 fcos=nan ign=0.0000 prn=nan nxp=0.000 mph=0.000 bytes=696804 pkts=696804 shard=1
step=1153250 (run 1250/8000) loss=5.07125 byte_ppl=159.374 atoms=38 merges=0 field=18.9955 rms=0.5936 scale=1.0000 fcos=nan ign=0.0000 prn=nan nxp=0.000 mph=0.000 bytes=696804 pkts=696804 shard=1
step=1153275 (run 1275/8000) loss=0.00013 byte_ppl=1.000 atoms=65 merges=0 field=19.3315 rms=0.6041 scale=1.0000 fcos=nan ign=0.0000 prn=nan nxp=0.000 mph=0.000 bytes=696804 pkts=696804 shard=1
step=1153300 (run 1300/8000) loss=12.12508 byte_ppl=184440.115 atoms=22 merges=0 field=19.7304 rms=0.6166 scale=1.0000 fcos=nan ign=0.0000 prn=nan nxp=0.000 mph=0.000 bytes=696804 pkts=696804 shard=1
step=1153325 (run 1325/8000) loss=0.00033 byte_ppl=1.000 atoms=49 merges=0 field=20.0241 rms=0.6258 scale=1.0000 fcos=nan ign=0.0000 prn=nan nxp=0.000 mph=0.000 bytes=696804 pkts=696804 shard=1
step=1153350 (run 1350/8000) loss=2.46941 byte_ppl=11.815 atoms=7 merges=0 field=20.3416 rms=0.6357 scale=1.0000 fcos=nan ign=0.0000 prn=nan nxp=0.000 mph=0.000 bytes=696804 pkts=696804 shard=1
step=1153375 (run 1375/8000) loss=0.00826 byte_ppl=1.008 atoms=34 merges=0 field=20.7075 rms=0.6471 scale=1.0000 fcos=nan ign=0.0000 prn=nan nxp=0.000 mph=0.000 bytes=696804 pkts=696804 shard=1
step=1153400 (run 1400/8000) loss=0.00001 byte_ppl=1.000 atoms=62 merges=0 field=21.0357 rms=0.6574 scale=1.0000 fcos=nan ign=0.0000 prn=nan nxp=0.000 mph=0.000 bytes=696804 pkts=696804 shard=1
step=1153425 (run 1425/8000) loss=0.01836 byte_ppl=1.019 atoms=19 merges=0 field=21.2725 rms=0.6648 scale=1.0000 fcos=nan ign=0.0000 prn=nan nxp=0.000 mph=0.000 bytes=696804 pkts=696804 shard=1
step=1153450 (run 1450/8000) loss=0.00038 byte_ppl=1.000 atoms=47 merges=0 field=21.6352 rms=0.6761 scale=1.0000 fcos=nan ign=0.0000 prn=nan nxp=0.000 mph=0.000 bytes=696804 pkts=696804 shard=1
step=1153475 (run 1475/8000) loss=0.00008 byte_ppl=1.000 atoms=3 merges=0 field=21.8116 rms=0.6816 scale=1.0000 fcos=nan ign=0.0000 prn=nan nxp=0.000 mph=0.000 bytes=696804 pkts=696804 shard=1
step=1153500 (run 1500/8000) loss=0.82272 byte_ppl=2.277 atoms=31 merges=0 field=22.0706 rms=0.6897 scale=1.0000 fcos=nan ign=0.0000 prn=nan nxp=0.000 mph=0.000 bytes=696804 pkts=696804 shard=1
step=1153525 (run 1525/8000) loss=0.41948 byte_ppl=1.521 atoms=58 merges=0 field=22.3604 rms=0.6988 scale=1.0000 fcos=nan ign=0.0000 prn=nan nxp=0.000 mph=0.000 bytes=696804 pkts=696804 shard=1
step=1153550 (run 1550/8000) loss=4.57165 byte_ppl=96.704 atoms=16 merges=0 field=22.6821 rms=0.7088 scale=1.0000 fcos=nan ign=0.0000 prn=nan nxp=0.000 mph=0.000 bytes=696804 pkts=696804 shard=1
step=1153575 (run 1575/8000) loss=0.20986 byte_ppl=1.234 atoms=43 merges=0 field=22.8491 rms=0.7140 scale=1.0000 fcos=nan ign=0.0000 prn=nan nxp=0.000 mph=0.000 bytes=696804 pkts=696804 shard=1
step=1153600 (run 1600/8000) loss=0.25757 byte_ppl=1.294 atoms=71 merges=0 field=23.1530 rms=0.7235 scale=1.0000 fcos=nan ign=0.0000 prn=nan nxp=0.000 mph=0.000 bytes=696804 pkts=696804 shard=1
step=1153625 (run 1625/8000) loss=5.06395 byte_ppl=158.214 atoms=27 merges=0 field=23.4648 rms=0.7333 scale=1.0000 fcos=nan ign=0.0000 prn=nan nxp=0.000 mph=0.000 bytes=696804 pkts=696804 shard=1
step=1153650 (run 1650/8000) loss=3.78484 byte_ppl=44.029 atoms=55 merges=0 field=23.7134 rms=0.7410 scale=1.0000 fcos=nan ign=0.0000 prn=nan nxp=0.000 mph=0.000 bytes=696804 pkts=696804 shard=1
step=1153675 (run 1675/8000) loss=0.00056 byte_ppl=1.001 atoms=12 merges=0 field=24.0281 rms=0.7509 scale=1.0000 fcos=nan ign=0.0000 prn=nan nxp=0.000 mph=0.000 bytes=696804 pkts=696804 shard=1
step=1153700 (run 1700/8000) loss=4.27226 byte_ppl=71.683 atoms=40 merges=0 field=24.2859 rms=0.7589 scale=1.0000 fcos=nan ign=0.0000 prn=nan nxp=0.000 mph=0.000 bytes=696804 pkts=696804 shard=1
step=1153725 (run 1725/8000) loss=2.26405 byte_ppl=9.622 atoms=67 merges=0 field=24.4562 rms=0.7643 scale=1.0000 fcos=nan ign=0.0000 prn=nan nxp=0.000 mph=0.000 bytes=696804 pkts=696804 shard=1
step=1153750 (run 1750/8000) loss=5.99774 byte_ppl=402.518 atoms=25 merges=0 field=24.7560 rms=0.7736 scale=1.0000 fcos=nan ign=0.0000 prn=nan nxp=0.000 mph=0.000 bytes=696804 pkts=696804 shard=1
step=1153775 (run 1775/8000) loss=7.56773 byte_ppl=1934.743 atoms=52 merges=0 field=24.9909 rms=0.7810 scale=1.0000 fcos=nan ign=0.0000 prn=nan nxp=0.000 mph=0.000 bytes=696804 pkts=696804 shard=1
step=1153800 (run 1800/8000) loss=3.61898 byte_ppl=37.299 atoms=9 merges=0 field=25.2059 rms=0.7877 scale=1.0000 fcos=nan ign=0.0000 prn=nan nxp=0.000 mph=0.000 bytes=696804 pkts=696804 shard=1
step=1153825 (run 1825/8000) loss=0.63095 byte_ppl=1.879 atoms=36 merges=0 field=25.4533 rms=0.7954 scale=1.0000 fcos=nan ign=0.0000 prn=nan nxp=0.000 mph=0.000 bytes=696804 pkts=696804 shard=1
step=1153850 (run 1850/8000) loss=0.07112 byte_ppl=1.074 atoms=64 merges=0 field=25.7087 rms=0.8034 scale=1.0000 fcos=nan ign=0.0000 prn=nan nxp=0.000 mph=0.000 bytes=696804 pkts=696804 shard=1
step=1153875 (run 1875/8000) loss=0.02994 byte_ppl=1.030 atoms=21 merges=0 field=25.9000 rms=0.8094 scale=1.0000 fcos=nan ign=0.0000 prn=nan nxp=0.000 mph=0.000 bytes=696804 pkts=696804 shard=1
step=1153900 (run 1900/8000) loss=7.37256 byte_ppl=1591.708 atoms=49 merges=0 field=26.2426 rms=0.8201 scale=1.0000 fcos=nan ign=0.0000 prn=nan nxp=0.000 mph=0.000 bytes=696804 pkts=696804 shard=1
step=1153925 (run 1925/8000) loss=0.00119 byte_ppl=1.001 atoms=5 merges=0 field=26.5074 rms=0.8284 scale=1.0000 fcos=nan ign=0.0000 prn=nan nxp=0.000 mph=0.000 bytes=696804 pkts=696804 shard=1
step=1153950 (run 1950/8000) loss=0.27306 byte_ppl=1.314 atoms=33 merges=0 field=26.7838 rms=0.8370 scale=1.0000 fcos=nan ign=0.0000 prn=nan nxp=0.000 mph=0.000 bytes=696804 pkts=696804 shard=1
step=1153975 (run 1975/8000) loss=0.00106 byte_ppl=1.001 atoms=60 merges=0 field=27.0852 rms=0.8464 scale=1.0000 fcos=nan ign=0.0000 prn=nan nxp=0.000 mph=0.000 bytes=696804 pkts=696804 shard=1
step=1154000 (run 2000/8000) loss=0.01422 byte_ppl=1.014 atoms=18 merges=0 field=27.3825 rms=0.8557 scale=1.0000 fcos=nan ign=0.0000 prn=nan nxp=0.000 mph=0.000 bytes=696804 pkts=696804 shard=1
step=1154025 (run 2025/8000) loss=2.96078 byte_ppl=19.313 atoms=45 merges=0 field=27.6233 rms=0.8632 scale=1.0000 fcos=nan ign=0.0000 prn=nan nxp=0.000 mph=0.000 bytes=696804 pkts=696804 shard=1
step=1154050 (run 2050/8000) loss=9.67370 byte_ppl=15894.038 atoms=3 merges=0 field=27.9318 rms=0.8729 scale=1.0000 fcos=nan ign=0.0000 prn=nan nxp=0.000 mph=0.000 bytes=696804 pkts=696804 shard=1
step=1154075 (run 2075/8000) loss=0.00062 byte_ppl=1.001 atoms=30 merges=0 field=28.1149 rms=0.8786 scale=1.0000 fcos=nan ign=0.0000 prn=nan nxp=0.000 mph=0.000 bytes=696804 pkts=696804 shard=1
step=1154100 (run 2100/8000) loss=6.07998 byte_ppl=437.021 atoms=58 merges=0 field=28.4046 rms=0.8876 scale=1.0000 fcos=nan ign=0.0000 prn=nan nxp=0.000 mph=0.000 bytes=696804 pkts=696804 shard=1
step=1154125 (run 2125/8000) loss=0.00618 byte_ppl=1.006 atoms=14 merges=0 field=28.6562 rms=0.8955 scale=1.0000 fcos=nan ign=0.0000 prn=nan nxp=0.000 mph=0.000 bytes=696804 pkts=696804 shard=1
step=1154150 (run 2150/8000) loss=10.50922 byte_ppl=36652.059 atoms=42 merges=0 field=28.8213 rms=0.9007 scale=1.0000 fcos=nan ign=0.0000 prn=nan nxp=0.000 mph=0.000 bytes=696804 pkts=696804 shard=1
step=1154175 (run 2175/8000) loss=0.00372 byte_ppl=1.004 atoms=69 merges=0 field=29.0623 rms=0.9082 scale=1.0000 fcos=nan ign=0.0000 prn=nan nxp=0.000 mph=0.000 bytes=696804 pkts=696804 shard=1
step=1154200 (run 2200/8000) loss=0.00179 byte_ppl=1.002 atoms=27 merges=0 field=29.3064 rms=0.9158 scale=1.0000 fcos=nan ign=0.0000 prn=nan nxp=0.000 mph=0.000 bytes=696804 pkts=696804 shard=1
step=1154225 (run 2225/8000) loss=0.00018 byte_ppl=1.000 atoms=54 merges=0 field=29.5255 rms=0.9227 scale=1.0000 fcos=nan ign=0.0000 prn=nan nxp=0.000 mph=0.000 bytes=696804 pkts=696804 shard=1
step=1154250 (run 2250/8000) loss=6.16206 byte_ppl=474.406 atoms=11 merges=0 field=29.8225 rms=0.9320 scale=1.0000 fcos=nan ign=0.0000 prn=nan nxp=0.000 mph=0.000 bytes=696804 pkts=696804 shard=1
step=1154275 (run 2275/8000) loss=0.20955 byte_ppl=1.233 atoms=38 merges=0 field=30.0897 rms=0.9403 scale=1.0000 fcos=nan ign=0.0000 prn=nan nxp=0.000 mph=0.000 bytes=696804 pkts=696804 shard=1
step=1154300 (run 2300/8000) loss=0.15940 byte_ppl=1.173 atoms=66 merges=0 field=30.2660 rms=0.9458 scale=1.0000 fcos=nan ign=0.0000 prn=nan nxp=0.000 mph=0.000 bytes=696804 pkts=696804 shard=1
step=1154325 (run 2325/8000) loss=4.52930 byte_ppl=92.694 atoms=23 merges=0 field=30.5026 rms=0.9532 scale=1.0000 fcos=nan ign=0.0000 prn=nan nxp=0.000 mph=0.000 bytes=696804 pkts=696804 shard=1
step=1154350 (run 2350/8000) loss=2.59205 byte_ppl=13.357 atoms=51 merges=0 field=30.6817 rms=0.9588 scale=1.0000 fcos=nan ign=0.0000 prn=nan nxp=0.000 mph=0.000 bytes=696804 pkts=696804 shard=1
step=1154375 (run 2375/8000) loss=3.91175 byte_ppl=49.986 atoms=8 merges=0 field=30.8298 rms=0.9634 scale=1.0000 fcos=nan ign=0.0000 prn=nan nxp=0.000 mph=0.000 bytes=696804 pkts=696804 shard=1
step=1154400 (run 2400/8000) loss=4.44195 byte_ppl=84.940 atoms=36 merges=0 field=31.0728 rms=0.9710 scale=1.0000 fcos=nan ign=0.0000 prn=nan nxp=0.000 mph=0.000 bytes=696804 pkts=696804 shard=1
step=1154425 (run 2425/8000) loss=0.00123 byte_ppl=1.001 atoms=63 merges=0 field=31.2561 rms=0.9768 scale=1.0000 fcos=nan ign=0.0000 prn=nan nxp=0.000 mph=0.000 bytes=696804 pkts=696804 shard=1
step=1154450 (run 2450/8000) loss=10.05785 byte_ppl=23338.384 atoms=20 merges=0 field=31.5664 rms=0.9865 scale=1.0000 fcos=nan ign=0.0000 prn=nan nxp=0.000 mph=0.000 bytes=696804 pkts=696804 shard=1
step=1154475 (run 2475/8000) loss=0.03837 byte_ppl=1.039 atoms=47 merges=0 field=31.7513 rms=0.9922 scale=1.0000 fcos=nan ign=0.0000 prn=nan nxp=0.000 mph=0.000 bytes=696804 pkts=696804 shard=1
step=1154500 (run 2500/8000) loss=1.14081 byte_ppl=3.129 atoms=5 merges=0 field=31.9094 rms=0.9972 scale=1.0000 fcos=nan ign=0.0000 prn=nan nxp=0.000 mph=0.000 bytes=696804 pkts=696804 shard=1
step=1154525 (run 2525/8000) loss=0.01416 byte_ppl=1.014 atoms=32 merges=0 field=32.1535 rms=1.0048 scale=1.0000 fcos=nan ign=0.0000 prn=nan nxp=0.000 mph=0.000 bytes=696804 pkts=696804 shard=1
step=1154550 (run 2550/8000) loss=8.68139 byte_ppl=5892.258 atoms=60 merges=0 field=32.3906 rms=1.0122 scale=1.0000 fcos=nan ign=0.0000 prn=nan nxp=0.000 mph=0.000 bytes=696804 pkts=696804 shard=1
step=1154575 (run 2575/8000) loss=0.02026 byte_ppl=1.020 atoms=16 merges=0 field=32.5740 rms=1.0179 scale=1.0000 fcos=nan ign=0.0000 prn=nan nxp=0.000 mph=0.000 bytes=696804 pkts=696804 shard=1
step=1154600 (run 2600/8000) loss=4.82749 byte_ppl=124.897 atoms=44 merges=0 field=32.8005 rms=1.0250 scale=1.0000 fcos=nan ign=0.0000 prn=nan nxp=0.000 mph=0.000 bytes=696804 pkts=696804 shard=1
step=1154625 (run 2625/8000) loss=0.00377 byte_ppl=1.004 atoms=1 merges=0 field=32.9933 rms=1.0310 scale=1.0000 fcos=nan ign=0.0000 prn=nan nxp=0.000 mph=0.000 bytes=696804 pkts=696804 shard=1
step=1154650 (run 2650/8000) loss=0.00603 byte_ppl=1.006 atoms=29 merges=0 field=33.2477 rms=1.0390 scale=1.0000 fcos=nan ign=0.0000 prn=nan nxp=0.000 mph=0.000 bytes=696804 pkts=696804 shard=1
step=1154675 (run 2675/8000) loss=0.00084 byte_ppl=1.001 atoms=56 merges=0 field=33.4291 rms=1.0447 scale=1.0000 fcos=nan ign=0.0000 prn=nan nxp=0.000 mph=0.000 bytes=696804 pkts=696804 shard=1
step=1154700 (run 2700/8000) loss=0.00068 byte_ppl=1.001 atoms=14 merges=0 field=33.5299 rms=1.0478 scale=1.0000 fcos=nan ign=0.0000 prn=nan nxp=0.000 mph=0.000 bytes=696804 pkts=696804 shard=1
step=1154725 (run 2725/8000) loss=0.38983 byte_ppl=1.477 atoms=41 merges=0 field=33.6945 rms=1.0530 scale=1.0000 fcos=nan ign=0.0000 prn=nan nxp=0.000 mph=0.000 bytes=696804 pkts=696804 shard=1
step=1154750 (run 2750/8000) loss=0.00144 byte_ppl=1.001 atoms=69 merges=0 field=33.8696 rms=1.0584 scale=1.0000 fcos=nan ign=0.0000 prn=nan nxp=0.000 mph=0.000 bytes=696804 pkts=696804 shard=1
step=1154775 (run 2775/8000) loss=4.58259 byte_ppl=97.768 atoms=25 merges=0 field=33.9637 rms=1.0614 scale=1.0000 fcos=nan ign=0.0000 prn=nan nxp=0.000 mph=0.000 bytes=696804 pkts=696804 shard=1
step=1154800 (run 2800/8000) loss=0.61483 byte_ppl=1.849 atoms=53 merges=0 field=34.1932 rms=1.0685 scale=1.0000 fcos=nan ign=0.0000 prn=nan nxp=0.000 mph=0.000 bytes=696804 pkts=696804 shard=1
step=1154825 (run 2825/8000) loss=0.00073 byte_ppl=1.001 atoms=10 merges=0 field=34.3614 rms=1.0738 scale=1.0000 fcos=nan ign=0.0000 prn=nan nxp=0.000 mph=0.000 bytes=696804 pkts=696804 shard=1
step=1154850 (run 2850/8000) loss=6.03715 byte_ppl=418.698 atoms=38 merges=0 field=34.5755 rms=1.0805 scale=1.0000 fcos=nan ign=0.0000 prn=nan nxp=0.000 mph=0.000 bytes=696804 pkts=696804 shard=1
step=1154875 (run 2875/8000) loss=0.06212 byte_ppl=1.064 atoms=65 merges=0 field=34.7435 rms=1.0857 scale=1.0000 fcos=nan ign=0.0000 prn=nan nxp=0.000 mph=0.000 bytes=696804 pkts=696804 shard=1
step=1154900 (run 2900/8000) loss=5.66864 byte_ppl=289.640 atoms=22 merges=0 field=34.9259 rms=1.0914 scale=1.0000 fcos=nan ign=0.0000 prn=nan nxp=0.000 mph=0.000 bytes=696804 pkts=696804 shard=1
step=1154925 (run 2925/8000) loss=3.59462 byte_ppl=36.402 atoms=49 merges=0 field=35.1725 rms=1.0991 scale=1.0000 fcos=nan ign=0.0000 prn=nan nxp=0.000 mph=0.000 bytes=696804 pkts=696804 shard=1
step=1154950 (run 2950/8000) loss=0.03777 byte_ppl=1.038 atoms=7 merges=0 field=35.3000 rms=1.1031 scale=1.0000 fcos=nan ign=0.0000 prn=nan nxp=0.000 mph=0.000 bytes=696804 pkts=696804 shard=1
step=1154975 (run 2975/8000) loss=0.00012 byte_ppl=1.000 atoms=34 merges=0 field=35.4679 rms=1.1084 scale=1.0000 fcos=nan ign=0.0000 prn=nan nxp=0.000 mph=0.000 bytes=696804 pkts=696804 shard=1
step=1155000 (run 3000/8000) loss=0.01552 byte_ppl=1.016 atoms=62 merges=0 field=35.6528 rms=1.1142 scale=1.0000 fcos=nan ign=0.0000 prn=nan nxp=0.000 mph=0.000 bytes=696804 pkts=696804 shard=1
step=1155025 (run 3025/8000) loss=0.00033 byte_ppl=1.000 atoms=19 merges=0 field=35.7565 rms=1.1174 scale=1.0000 fcos=nan ign=0.0000 prn=nan nxp=0.000 mph=0.000 bytes=696804 pkts=696804 shard=1
step=1155050 (run 3050/8000) loss=14.78366 byte_ppl=2633062.111 atoms=47 merges=0 field=35.9289 rms=1.1228 scale=1.0000 fcos=nan ign=0.0000 prn=nan nxp=0.000 mph=0.000 bytes=696804 pkts=696804 shard=1
step=1155075 (run 3075/8000) loss=7.65294 byte_ppl=2106.840 atoms=3 merges=0 field=36.0765 rms=1.1274 scale=1.0000 fcos=nan ign=0.0000 prn=nan nxp=0.000 mph=0.000 bytes=696804 pkts=696804 shard=1
step=1155100 (run 3100/8000) loss=10.61594 byte_ppl=40779.872 atoms=31 merges=0 field=36.2603 rms=1.1331 scale=1.0000 fcos=nan ign=0.0000 prn=nan nxp=0.000 mph=0.000 bytes=696804 pkts=696804 shard=1
step=1155125 (run 3125/8000) loss=0.25039 byte_ppl=1.285 atoms=58 merges=0 field=36.3648 rms=1.1364 scale=1.0000 fcos=nan ign=0.0000 prn=nan nxp=0.000 mph=0.000 bytes=696804 pkts=696804 shard=1
step=1155150 (run 3150/8000) loss=7.26407 byte_ppl=1428.058 atoms=16 merges=0 field=36.5567 rms=1.1424 scale=1.0000 fcos=nan ign=0.0000 prn=nan nxp=0.000 mph=0.000 bytes=696804 pkts=696804 shard=1
step=1155175 (run 3175/8000) loss=1.84512 byte_ppl=6.329 atoms=43 merges=0 field=36.7569 rms=1.1487 scale=1.0000 fcos=nan ign=0.0000 prn=nan nxp=0.000 mph=0.000 bytes=696804 pkts=696804 shard=1
step=1155200 (run 3200/8000) loss=4.07004 byte_ppl=58.560 atoms=71 merges=0 field=36.8944 rms=1.1529 scale=1.0000 fcos=nan ign=0.0000 prn=nan nxp=0.000 mph=0.000 bytes=696804 pkts=696804 shard=1
step=1155225 (run 3225/8000) loss=0.00628 byte_ppl=1.006 atoms=27 merges=0 field=37.0783 rms=1.1587 scale=1.0000 fcos=nan ign=0.0000 prn=nan nxp=0.000 mph=0.000 bytes=696804 pkts=696804 shard=1
step=1155250 (run 3250/8000) loss=2.30758 byte_ppl=10.050 atoms=55 merges=0 field=37.2677 rms=1.1646 scale=1.0000 fcos=nan ign=0.0000 prn=nan nxp=0.000 mph=0.000 bytes=696804 pkts=696804 shard=1
step=1155275 (run 3275/8000) loss=3.31469 byte_ppl=27.514 atoms=12 merges=0 field=37.3848 rms=1.1683 scale=1.0000 fcos=nan ign=0.0000 prn=nan nxp=0.000 mph=0.000 bytes=696804 pkts=696804 shard=1
step=1155300 (run 3300/8000) loss=7.29960 byte_ppl=1479.713 atoms=40 merges=0 field=37.5903 rms=1.1747 scale=1.0000 fcos=nan ign=0.0000 prn=nan nxp=0.000 mph=0.000 bytes=696804 pkts=696804 shard=1
step=1155325 (run 3325/8000) loss=0.16067 byte_ppl=1.174 atoms=67 merges=0 field=37.7423 rms=1.1794 scale=1.0000 fcos=nan ign=0.0000 prn=nan nxp=0.000 mph=0.000 bytes=696804 pkts=696804 shard=1
step=1155350 (run 3350/8000) loss=5.56027 byte_ppl=259.893 atoms=25 merges=0 field=37.8235 rms=1.1820 scale=1.0000 fcos=nan ign=0.0000 prn=nan nxp=0.000 mph=0.000 bytes=696804 pkts=696804 shard=1
step=1155375 (run 3375/8000) loss=3.66959 byte_ppl=39.236 atoms=52 merges=0 field=37.9672 rms=1.1865 scale=1.0000 fcos=nan ign=0.0000 prn=nan nxp=0.000 mph=0.000 bytes=696804 pkts=696804 shard=1
step=1155400 (run 3400/8000) loss=0.58391 byte_ppl=1.793 atoms=9 merges=0 field=37.9986 rms=1.1875 scale=1.0000 fcos=nan ign=0.0000 prn=nan nxp=0.000 mph=0.000 bytes=696804 pkts=696804 shard=1
step=1155425 (run 3425/8000) loss=0.00022 byte_ppl=1.000 atoms=36 merges=0 field=38.1418 rms=1.1919 scale=1.0000 fcos=nan ign=0.0000 prn=nan nxp=0.000 mph=0.000 bytes=696804 pkts=696804 shard=1
step=1155450 (run 3450/8000) loss=0.02242 byte_ppl=1.023 atoms=64 merges=0 field=38.3052 rms=1.1970 scale=1.0000 fcos=nan ign=0.0000 prn=nan nxp=0.000 mph=0.000 bytes=696804 pkts=696804 shard=1
step=1155475 (run 3475/8000) loss=0.01088 byte_ppl=1.011 atoms=21 merges=0 field=38.4619 rms=1.2019 scale=1.0000 fcos=nan ign=0.0000 prn=nan nxp=0.000 mph=0.000 bytes=696804 pkts=696804 shard=1
step=1155500 (run 3500/8000) loss=9.71767 byte_ppl=16608.541 atoms=49 merges=0 field=38.5845 rms=1.2058 scale=1.0000 fcos=nan ign=0.0000 prn=nan nxp=0.000 mph=0.000 bytes=696804 pkts=696804 shard=1
step=1155525 (run 3525/8000) loss=0.00013 byte_ppl=1.000 atoms=5 merges=0 field=38.7532 rms=1.2110 scale=1.0000 fcos=nan ign=0.0000 prn=nan nxp=0.000 mph=0.000 bytes=696804 pkts=696804 shard=1
step=1155550 (run 3550/8000) loss=5.57674 byte_ppl=264.210 atoms=33 merges=0 field=38.9375 rms=1.2168 scale=1.0000 fcos=nan ign=0.0000 prn=nan nxp=0.000 mph=0.000 bytes=696804 pkts=696804 shard=1
step=1155575 (run 3575/8000) loss=0.00033 byte_ppl=1.000 atoms=60 merges=0 field=39.0600 rms=1.2206 scale=1.0000 fcos=nan ign=0.0000 prn=nan nxp=0.000 mph=0.000 bytes=696804 pkts=696804 shard=1
step=1155600 (run 3600/8000) loss=0.00190 byte_ppl=1.002 atoms=18 merges=0 field=39.2369 rms=1.2262 scale=1.0000 fcos=nan ign=0.0000 prn=nan nxp=0.000 mph=0.000 bytes=696804 pkts=696804 shard=1
step=1155625 (run 3625/8000) loss=3.69290 byte_ppl=40.161 atoms=45 merges=0 field=39.4619 rms=1.2332 scale=1.0000 fcos=nan ign=0.0000 prn=nan nxp=0.000 mph=0.000 bytes=696804 pkts=696804 shard=1
step=1155650 (run 3650/8000) loss=4.45454 byte_ppl=86.016 atoms=3 merges=0 field=39.5789 rms=1.2368 scale=1.0000 fcos=nan ign=0.0000 prn=nan nxp=0.000 mph=0.000 bytes=696804 pkts=696804 shard=1
step=1155675 (run 3675/8000) loss=0.01206 byte_ppl=1.012 atoms=30 merges=0 field=39.7758 rms=1.2430 scale=1.0000 fcos=nan ign=0.0000 prn=nan nxp=0.000 mph=0.000 bytes=696804 pkts=696804 shard=1
step=1155700 (run 3700/8000) loss=8.59273 byte_ppl=5392.307 atoms=58 merges=0 field=39.8427 rms=1.2451 scale=1.0000 fcos=nan ign=0.0000 prn=nan nxp=0.000 mph=0.000 bytes=696804 pkts=696804 shard=1
step=1155725 (run 3725/8000) loss=0.67753 byte_ppl=1.969 atoms=14 merges=0 field=39.9252 rms=1.2477 scale=1.0000 fcos=nan ign=0.0000 prn=nan nxp=0.000 mph=0.000 bytes=696804 pkts=696804 shard=1
step=1155750 (run 3750/8000) loss=5.78685 byte_ppl=325.985 atoms=42 merges=0 field=40.1292 rms=1.2540 scale=1.0000 fcos=nan ign=0.0000 prn=nan nxp=0.000 mph=0.000 bytes=696804 pkts=696804 shard=1
step=1155775 (run 3775/8000) loss=0.04110 byte_ppl=1.042 atoms=69 merges=0 field=40.3033 rms=1.2595 scale=1.0000 fcos=nan ign=0.0000 prn=nan nxp=0.000 mph=0.000 bytes=696804 pkts=696804 shard=1
step=1155800 (run 3800/8000) loss=3.11513 byte_ppl=22.536 atoms=27 merges=0 field=40.3552 rms=1.2611 scale=1.0000 fcos=nan ign=0.0000 prn=nan nxp=0.000 mph=0.000 bytes=696804 pkts=696804 shard=1
step=1155825 (run 3825/8000) loss=0.00304 byte_ppl=1.003 atoms=54 merges=0 field=40.5455 rms=1.2670 scale=1.0000 fcos=nan ign=0.0000 prn=nan nxp=0.000 mph=0.000 bytes=696804 pkts=696804 shard=1
step=1155850 (run 3850/8000) loss=6.22536 byte_ppl=505.407 atoms=11 merges=0 field=40.7025 rms=1.2720 scale=1.0000 fcos=nan ign=0.0000 prn=nan nxp=0.000 mph=0.000 bytes=696804 pkts=696804 shard=1
step=1155875 (run 3875/8000) loss=0.00101 byte_ppl=1.001 atoms=38 merges=0 field=40.9210 rms=1.2788 scale=1.0000 fcos=nan ign=0.0000 prn=nan nxp=0.000 mph=0.000 bytes=696804 pkts=696804 shard=1
step=1155900 (run 3900/8000) loss=6.76613 byte_ppl=867.948 atoms=66 merges=0 field=40.9970 rms=1.2812 scale=1.0000 fcos=nan ign=0.0000 prn=nan nxp=0.000 mph=0.000 bytes=696804 pkts=696804 shard=1
step=1155925 (run 3925/8000) loss=0.00183 byte_ppl=1.002 atoms=23 merges=0 field=41.2118 rms=1.2879 scale=1.0000 fcos=nan ign=0.0000 prn=nan nxp=0.000 mph=0.000 bytes=696804 pkts=696804 shard=1
step=1155950 (run 3950/8000) loss=2.78112 byte_ppl=16.137 atoms=51 merges=0 field=41.2704 rms=1.2897 scale=1.0000 fcos=nan ign=0.0000 prn=nan nxp=0.000 mph=0.000 bytes=696804 pkts=696804 shard=1
step=1155975 (run 3975/8000) loss=0.00999 byte_ppl=1.010 atoms=8 merges=0 field=41.3463 rms=1.2921 scale=1.0000 fcos=nan ign=0.0000 prn=nan nxp=0.000 mph=0.000 bytes=696804 pkts=696804 shard=1
step=1156000 (run 4000/8000) loss=0.06636 byte_ppl=1.069 atoms=36 merges=0 field=41.5794 rms=1.2994 scale=1.0000 fcos=nan ign=0.0000 prn=nan nxp=0.000 mph=0.000 bytes=696804 pkts=696804 shard=1
step=1156025 (run 4025/8000) loss=2.50591 byte_ppl=12.255 atoms=63 merges=0 field=41.6168 rms=1.3005 scale=1.0000 fcos=nan ign=0.0000 prn=nan nxp=0.000 mph=0.000 bytes=696804 pkts=696804 shard=1
step=1156050 (run 4050/8000) loss=0.00168 byte_ppl=1.002 atoms=20 merges=0 field=41.8570 rms=1.3080 scale=1.0000 fcos=nan ign=0.0000 prn=nan nxp=0.000 mph=0.000 bytes=696804 pkts=696804 shard=1
step=1156075 (run 4075/8000) loss=0.03834 byte_ppl=1.039 atoms=47 merges=0 field=42.0237 rms=1.3132 scale=1.0000 fcos=nan ign=0.0000 prn=nan nxp=0.000 mph=0.000 bytes=696804 pkts=696804 shard=1
step=1156100 (run 4100/8000) loss=0.12795 byte_ppl=1.136 atoms=5 merges=0 field=42.1158 rms=1.3161 scale=1.0000 fcos=nan ign=0.0000 prn=nan nxp=0.000 mph=0.000 bytes=696804 pkts=696804 shard=1
step=1156125 (run 4125/8000) loss=0.20459 byte_ppl=1.227 atoms=32 merges=0 field=42.3140 rms=1.3223 scale=1.0000 fcos=nan ign=0.0000 prn=nan nxp=0.000 mph=0.000 bytes=696804 pkts=696804 shard=1
step=1156150 (run 4150/8000) loss=0.00812 byte_ppl=1.008 atoms=60 merges=0 field=42.4775 rms=1.3274 scale=1.0000 fcos=nan ign=0.0000 prn=nan nxp=0.000 mph=0.000 bytes=696804 pkts=696804 shard=1
step=1156175 (run 4175/8000) loss=0.00103 byte_ppl=1.001 atoms=16 merges=0 field=42.5597 rms=1.3300 scale=1.0000 fcos=nan ign=0.0000 prn=nan nxp=0.000 mph=0.000 bytes=696804 pkts=696804 shard=1
step=1156200 (run 4200/8000) loss=7.31964 byte_ppl=1509.656 atoms=44 merges=0 field=42.7761 rms=1.3368 scale=1.0000 fcos=nan ign=0.0000 prn=nan nxp=0.000 mph=0.000 bytes=696804 pkts=696804 shard=1
step=1156225 (run 4225/8000) loss=0.06109 byte_ppl=1.063 atoms=1 merges=0 field=42.9703 rms=1.3428 scale=1.0000 fcos=nan ign=0.0000 prn=nan nxp=0.000 mph=0.000 bytes=696804 pkts=696804 shard=1
step=1156250 (run 4250/8000) loss=6.06483 byte_ppl=430.448 atoms=29 merges=0 field=42.9744 rms=1.3430 scale=1.0000 fcos=nan ign=0.0000 prn=nan nxp=0.000 mph=0.000 bytes=696804 pkts=696804 shard=1
step=1156275 (run 4275/8000) loss=0.00009 byte_ppl=1.000 atoms=56 merges=0 field=43.1298 rms=1.3478 scale=1.0000 fcos=nan ign=0.0000 prn=nan nxp=0.000 mph=0.000 bytes=696804 pkts=696804 shard=1
step=1156300 (run 4300/8000) loss=1.59197 byte_ppl=4.913 atoms=14 merges=0 field=43.2574 rms=1.3518 scale=1.0000 fcos=nan ign=0.0000 prn=nan nxp=0.000 mph=0.000 bytes=696804 pkts=696804 shard=1
step=1156325 (run 4325/8000) loss=0.00138 byte_ppl=1.001 atoms=41 merges=0 field=43.3147 rms=1.3536 scale=1.0000 fcos=nan ign=0.0000 prn=nan nxp=0.000 mph=0.000 bytes=696804 pkts=696804 shard=1
step=1156350 (run 4350/8000) loss=7.79650 byte_ppl=2432.068 atoms=69 merges=0 field=43.4758 rms=1.3586 scale=1.0000 fcos=nan ign=0.0000 prn=nan nxp=0.000 mph=0.000 bytes=696804 pkts=696804 shard=1
step=1156375 (run 4375/8000) loss=4.54052 byte_ppl=93.740 atoms=25 merges=0 field=43.5869 rms=1.3621 scale=1.0000 fcos=nan ign=0.0000 prn=nan nxp=0.000 mph=0.000 bytes=696804 pkts=696804 shard=1
step=1156400 (run 4400/8000) loss=3.20580 byte_ppl=24.675 atoms=53 merges=0 field=43.7193 rms=1.3662 scale=1.0000 fcos=nan ign=0.0000 prn=nan nxp=0.000 mph=0.000 bytes=696804 pkts=696804 shard=1
step=1156425 (run 4425/8000) loss=3.55129 byte_ppl=34.858 atoms=10 merges=0 field=43.8123 rms=1.3691 scale=1.0000 fcos=nan ign=0.0000 prn=nan nxp=0.000 mph=0.000 bytes=696804 pkts=696804 shard=1
step=1156450 (run 4450/8000) loss=3.01122 byte_ppl=20.312 atoms=38 merges=0 field=43.9228 rms=1.3726 scale=1.0000 fcos=nan ign=0.0000 prn=nan nxp=0.000 mph=0.000 bytes=696804 pkts=696804 shard=1
step=1156475 (run 4475/8000) loss=2.50804 byte_ppl=12.281 atoms=65 merges=0 field=44.0716 rms=1.3772 scale=1.0000 fcos=nan ign=0.0000 prn=nan nxp=0.000 mph=0.000 bytes=696804 pkts=696804 shard=1
step=1156500 (run 4500/8000) loss=0.32999 byte_ppl=1.391 atoms=22 merges=0 field=44.1335 rms=1.3792 scale=1.0000 fcos=nan ign=0.0000 prn=nan nxp=0.000 mph=0.000 bytes=696804 pkts=696804 shard=1
step=1156525 (run 4525/8000) loss=0.00020 byte_ppl=1.000 atoms=49 merges=0 field=44.2781 rms=1.3837 scale=1.0000 fcos=nan ign=0.0000 prn=nan nxp=0.000 mph=0.000 bytes=696804 pkts=696804 shard=1
step=1156550 (run 4550/8000) loss=2.71369 byte_ppl=15.085 atoms=7 merges=0 field=44.4493 rms=1.3890 scale=1.0000 fcos=nan ign=0.0000 prn=nan nxp=0.000 mph=0.000 bytes=696804 pkts=696804 shard=1
step=1156575 (run 4575/8000) loss=0.00015 byte_ppl=1.000 atoms=34 merges=0 field=44.5959 rms=1.3936 scale=1.0000 fcos=nan ign=0.0000 prn=nan nxp=0.000 mph=0.000 bytes=696804 pkts=696804 shard=1
step=1156600 (run 4600/8000) loss=1.88083 byte_ppl=6.559 atoms=62 merges=0 field=44.7540 rms=1.3986 scale=1.0000 fcos=nan ign=0.0000 prn=nan nxp=0.000 mph=0.000 bytes=696804 pkts=696804 shard=1
step=1156625 (run 4625/8000) loss=3.90280 byte_ppl=49.541 atoms=19 merges=0 field=44.9286 rms=1.4040 scale=1.0000 fcos=nan ign=0.0000 prn=nan nxp=0.000 mph=0.000 bytes=696804 pkts=696804 shard=1
step=1156650 (run 4650/8000) loss=7.59817 byte_ppl=1994.548 atoms=47 merges=0 field=45.1023 rms=1.4094 scale=1.0000 fcos=nan ign=0.0000 prn=nan nxp=0.000 mph=0.000 bytes=696804 pkts=696804 shard=1
step=1156675 (run 4675/8000) loss=0.00620 byte_ppl=1.006 atoms=3 merges=0 field=45.1533 rms=1.4110 scale=1.0000 fcos=nan ign=0.0000 prn=nan nxp=0.000 mph=0.000 bytes=696804 pkts=696804 shard=1
step=1156700 (run 4700/8000) loss=2.91011 byte_ppl=18.359 atoms=31 merges=0 field=45.2921 rms=1.4154 scale=1.0000 fcos=nan ign=0.0000 prn=nan nxp=0.000 mph=0.000 bytes=696804 pkts=696804 shard=1
step=1156725 (run 4725/8000) loss=2.13452 byte_ppl=8.453 atoms=58 merges=0 field=45.4482 rms=1.4203 scale=1.0000 fcos=nan ign=0.0000 prn=nan nxp=0.000 mph=0.000 bytes=696804 pkts=696804 shard=1
step=1156750 (run 4750/8000) loss=9.52996 byte_ppl=13765.983 atoms=16 merges=0 field=45.6443 rms=1.4264 scale=1.0000 fcos=nan ign=0.0000 prn=nan nxp=0.000 mph=0.000 bytes=696804 pkts=696804 shard=1
step=1156775 (run 4775/8000) loss=3.38085 byte_ppl=29.396 atoms=43 merges=0 field=45.6945 rms=1.4280 scale=1.0000 fcos=nan ign=0.0000 prn=nan nxp=0.000 mph=0.000 bytes=696804 pkts=696804 shard=1
step=1156800 (run 4800/8000) loss=8.65582 byte_ppl=5743.482 atoms=71 merges=0 field=45.7811 rms=1.4307 scale=1.0000 fcos=nan ign=0.0000 prn=nan nxp=0.000 mph=0.000 bytes=696804 pkts=696804 shard=1
step=1156825 (run 4825/8000) loss=0.00004 byte_ppl=1.000 atoms=27 merges=0 field=45.8696 rms=1.4334 scale=1.0000 fcos=nan ign=0.0000 prn=nan nxp=0.000 mph=0.000 bytes=696804 pkts=696804 shard=1
step=1156850 (run 4850/8000) loss=0.29998 byte_ppl=1.350 atoms=55 merges=0 field=45.9277 rms=1.4352 scale=1.0000 fcos=nan ign=0.0000 prn=nan nxp=0.000 mph=0.000 bytes=696804 pkts=696804 shard=1
step=1156875 (run 4875/8000) loss=0.07234 byte_ppl=1.075 atoms=12 merges=0 field=46.0297 rms=1.4384 scale=1.0000 fcos=nan ign=0.0000 prn=nan nxp=0.000 mph=0.000 bytes=696804 pkts=696804 shard=1
step=1156900 (run 4900/8000) loss=0.00091 byte_ppl=1.001 atoms=40 merges=0 field=46.1903 rms=1.4434 scale=1.0000 fcos=nan ign=0.0000 prn=nan nxp=0.000 mph=0.000 bytes=696804 pkts=696804 shard=1
step=1156925 (run 4925/8000) loss=0.00023 byte_ppl=1.000 atoms=67 merges=0 field=46.2367 rms=1.4449 scale=1.0000 fcos=nan ign=0.0000 prn=nan nxp=0.000 mph=0.000 bytes=696804 pkts=696804 shard=1
step=1156950 (run 4950/8000) loss=4.68686 byte_ppl=108.512 atoms=25 merges=0 field=46.3866 rms=1.4496 scale=1.0000 fcos=nan ign=0.0000 prn=nan nxp=0.000 mph=0.000 bytes=696804 pkts=696804 shard=1
step=1156975 (run 4975/8000) loss=0.01847 byte_ppl=1.019 atoms=52 merges=0 field=46.5561 rms=1.4549 scale=1.0000 fcos=nan ign=0.0000 prn=nan nxp=0.000 mph=0.000 bytes=696804 pkts=696804 shard=1
step=1157000 (run 5000/8000) loss=2.23260 byte_ppl=9.324 atoms=9 merges=0 field=46.5297 rms=1.4541 scale=1.0000 fcos=nan ign=0.0000 prn=nan nxp=0.000 mph=0.000 bytes=696804 pkts=696804 shard=1
step=1157025 (run 5025/8000) loss=5.81820 byte_ppl=336.365 atoms=36 merges=0 field=46.6480 rms=1.4578 scale=1.0000 fcos=nan ign=0.0000 prn=nan nxp=0.000 mph=0.000 bytes=696804 pkts=696804 shard=1
step=1157050 (run 5050/8000) loss=0.05603 byte_ppl=1.058 atoms=64 merges=0 field=46.7302 rms=1.4603 scale=1.0000 fcos=nan ign=0.0000 prn=nan nxp=0.000 mph=0.000 bytes=696804 pkts=696804 shard=1
step=1157075 (run 5075/8000) loss=0.90799 byte_ppl=2.479 atoms=21 merges=0 field=46.8323 rms=1.4635 scale=1.0000 fcos=nan ign=0.0000 prn=nan nxp=0.000 mph=0.000 bytes=696804 pkts=696804 shard=1
step=1157100 (run 5100/8000) loss=0.28700 byte_ppl=1.332 atoms=49 merges=0 field=46.9784 rms=1.4681 scale=1.0000 fcos=nan ign=0.0000 prn=nan nxp=0.000 mph=0.000 bytes=696804 pkts=696804 shard=1
step=1157125 (run 5125/8000) loss=0.00162 byte_ppl=1.002 atoms=5 merges=0 field=47.0447 rms=1.4701 scale=1.0000 fcos=nan ign=0.0000 prn=nan nxp=0.000 mph=0.000 bytes=696804 pkts=696804 shard=1
step=1157150 (run 5150/8000) loss=6.30381 byte_ppl=546.653 atoms=33 merges=0 field=47.2112 rms=1.4754 scale=1.0000 fcos=nan ign=0.0000 prn=nan nxp=0.000 mph=0.000 bytes=696804 pkts=696804 shard=1
step=1157175 (run 5175/8000) loss=1.43062 byte_ppl=4.181 atoms=60 merges=0 field=47.3425 rms=1.4795 scale=1.0000 fcos=nan ign=0.0000 prn=nan nxp=0.000 mph=0.000 bytes=696804 pkts=696804 shard=1
step=1157200 (run 5200/8000) loss=4.29992 byte_ppl=73.694 atoms=18 merges=0 field=47.3571 rms=1.4799 scale=1.0000 fcos=nan ign=0.0000 prn=nan nxp=0.000 mph=0.000 bytes=696804 pkts=696804 shard=1
step=1157225 (run 5225/8000) loss=0.00827 byte_ppl=1.008 atoms=45 merges=0 field=47.4456 rms=1.4827 scale=1.0000 fcos=nan ign=0.0000 prn=nan nxp=0.000 mph=0.000 bytes=696804 pkts=696804 shard=1
step=1157250 (run 5250/8000) loss=27.24208 byte_ppl=677775938327.714 atoms=3 merges=0 field=47.4657 rms=1.4833 scale=1.0000 fcos=nan ign=0.0000 prn=nan nxp=0.000 mph=0.000 bytes=696804 pkts=696804 shard=1
step=1157275 (run 5275/8000) loss=4.45926 byte_ppl=86.424 atoms=30 merges=0 field=47.5263 rms=1.4852 scale=1.0000 fcos=nan ign=0.0000 prn=nan nxp=0.000 mph=0.000 bytes=696804 pkts=696804 shard=1
step=1157300 (run 5300/8000) loss=5.67393 byte_ppl=291.176 atoms=58 merges=0 field=47.6200 rms=1.4881 scale=1.0000 fcos=nan ign=0.0000 prn=nan nxp=0.000 mph=0.000 bytes=696804 pkts=696804 shard=1
step=1157325 (run 5325/8000) loss=0.00082 byte_ppl=1.001 atoms=14 merges=0 field=47.6889 rms=1.4903 scale=1.0000 fcos=nan ign=0.0000 prn=nan nxp=0.000 mph=0.000 bytes=696804 pkts=696804 shard=1
step=1157350 (run 5350/8000) loss=3.68500 byte_ppl=39.845 atoms=42 merges=0 field=47.8131 rms=1.4942 scale=1.0000 fcos=nan ign=0.0000 prn=nan nxp=0.000 mph=0.000 bytes=696804 pkts=696804 shard=1
step=1157375 (run 5375/8000) loss=9.57989 byte_ppl=14470.803 atoms=69 merges=0 field=47.9529 rms=1.4985 scale=1.0000 fcos=nan ign=0.0000 prn=nan nxp=0.000 mph=0.000 bytes=696804 pkts=696804 shard=1
step=1157400 (run 5400/8000) loss=3.16689 byte_ppl=23.734 atoms=27 merges=0 field=48.0504 rms=1.5016 scale=1.0000 fcos=nan ign=0.0000 prn=nan nxp=0.000 mph=0.000 bytes=696804 pkts=696804 shard=1
step=1157425 (run 5425/8000) loss=0.00345 byte_ppl=1.003 atoms=54 merges=0 field=48.1003 rms=1.5031 scale=1.0000 fcos=nan ign=0.0000 prn=nan nxp=0.000 mph=0.000 bytes=696804 pkts=696804 shard=1
step=1157450 (run 5450/8000) loss=0.00147 byte_ppl=1.001 atoms=11 merges=0 field=48.1964 rms=1.5061 scale=1.0000 fcos=nan ign=0.0000 prn=nan nxp=0.000 mph=0.000 bytes=696804 pkts=696804 shard=1
step=1157475 (run 5475/8000) loss=0.00028 byte_ppl=1.000 atoms=38 merges=0 field=48.2099 rms=1.5066 scale=1.0000 fcos=nan ign=0.0000 prn=nan nxp=0.000 mph=0.000 bytes=696804 pkts=696804 shard=1
step=1157500 (run 5500/8000) loss=0.00423 byte_ppl=1.004 atoms=66 merges=0 field=48.3306 rms=1.5103 scale=1.0000 fcos=nan ign=0.0000 prn=nan nxp=0.000 mph=0.000 bytes=696804 pkts=696804 shard=1
step=1157525 (run 5525/8000) loss=0.00529 byte_ppl=1.005 atoms=23 merges=0 field=48.4476 rms=1.5140 scale=1.0000 fcos=nan ign=0.0000 prn=nan nxp=0.000 mph=0.000 bytes=696804 pkts=696804 shard=1
step=1157550 (run 5550/8000) loss=3.92271 byte_ppl=50.537 atoms=51 merges=0 field=48.5722 rms=1.5179 scale=1.0000 fcos=nan ign=0.0000 prn=nan nxp=0.000 mph=0.000 bytes=696804 pkts=696804 shard=1
step=1157575 (run 5575/8000) loss=0.00250 byte_ppl=1.003 atoms=8 merges=0 field=48.7323 rms=1.5229 scale=1.0000 fcos=nan ign=0.0000 prn=nan nxp=0.000 mph=0.000 bytes=696804 pkts=696804 shard=1
step=1157600 (run 5600/8000) loss=1.19549 byte_ppl=3.305 atoms=36 merges=0 field=48.7905 rms=1.5247 scale=1.0000 fcos=nan ign=0.0000 prn=nan nxp=0.000 mph=0.000 bytes=696804 pkts=696804 shard=1
step=1157625 (run 5625/8000) loss=0.00067 byte_ppl=1.001 atoms=63 merges=0 field=48.8639 rms=1.5270 scale=1.0000 fcos=nan ign=0.0000 prn=nan nxp=0.000 mph=0.000 bytes=696804 pkts=696804 shard=1
step=1157650 (run 5650/8000) loss=0.00034 byte_ppl=1.000 atoms=20 merges=0 field=48.9315 rms=1.5291 scale=1.0000 fcos=nan ign=0.0000 prn=nan nxp=0.000 mph=0.000 bytes=696804 pkts=696804 shard=1
step=1157675 (run 5675/8000) loss=3.84235 byte_ppl=46.635 atoms=47 merges=0 field=49.0490 rms=1.5328 scale=1.0000 fcos=nan ign=0.0000 prn=nan nxp=0.000 mph=0.000 bytes=696804 pkts=696804 shard=1
step=1157700 (run 5700/8000) loss=28.28426 byte_ppl=1921751044698.738 atoms=5 merges=0 field=49.0718 rms=1.5335 scale=1.0000 fcos=nan ign=0.0000 prn=nan nxp=0.000 mph=0.000 bytes=696804 pkts=696804 shard=1
step=1157725 (run 5725/8000) loss=7.09576 byte_ppl=1206.845 atoms=32 merges=0 field=49.1754 rms=1.5367 scale=1.0000 fcos=nan ign=0.0000 prn=nan nxp=0.000 mph=0.000 bytes=696804 pkts=696804 shard=1
step=1157750 (run 5750/8000) loss=0.60117 byte_ppl=1.824 atoms=60 merges=0 field=49.1788 rms=1.5368 scale=1.0000 fcos=nan ign=0.0000 prn=nan nxp=0.000 mph=0.000 bytes=696804 pkts=696804 shard=1
step=1157775 (run 5775/8000) loss=0.21633 byte_ppl=1.242 atoms=16 merges=0 field=49.2635 rms=1.5395 scale=1.0000 fcos=nan ign=0.0000 prn=nan nxp=0.000 mph=0.000 bytes=696804 pkts=696804 shard=1
step=1157800 (run 5800/8000) loss=0.01489 byte_ppl=1.015 atoms=44 merges=0 field=49.3969 rms=1.5437 scale=1.0000 fcos=nan ign=0.0000 prn=nan nxp=0.000 mph=0.000 bytes=696804 pkts=696804 shard=1
step=1157825 (run 5825/8000) loss=0.03495 byte_ppl=1.036 atoms=1 merges=0 field=49.4865 rms=1.5465 scale=1.0000 fcos=nan ign=0.0000 prn=nan nxp=0.000 mph=0.000 bytes=696804 pkts=696804 shard=1
step=1157850 (run 5850/8000) loss=6.56228 byte_ppl=707.886 atoms=29 merges=0 field=49.5911 rms=1.5497 scale=1.0000 fcos=nan ign=0.0000 prn=nan nxp=0.000 mph=0.000 bytes=696804 pkts=696804 shard=1
step=1157875 (run 5875/8000) loss=3.97694 byte_ppl=53.354 atoms=56 merges=0 field=49.6640 rms=1.5520 scale=1.0000 fcos=nan ign=0.0000 prn=nan nxp=0.000 mph=0.000 bytes=696804 pkts=696804 shard=1
step=1157900 (run 5900/8000) loss=0.00171 byte_ppl=1.002 atoms=14 merges=0 field=49.7633 rms=1.5551 scale=1.0000 fcos=nan ign=0.0000 prn=nan nxp=0.000 mph=0.000 bytes=696804 pkts=696804 shard=1
step=1157925 (run 5925/8000) loss=0.00155 byte_ppl=1.002 atoms=41 merges=0 field=49.8362 rms=1.5574 scale=1.0000 fcos=nan ign=0.0000 prn=nan nxp=0.000 mph=0.000 bytes=696804 pkts=696804 shard=1
step=1157950 (run 5950/8000) loss=4.22174 byte_ppl=68.152 atoms=69 merges=0 field=49.8289 rms=1.5572 scale=1.0000 fcos=nan ign=0.0000 prn=nan nxp=0.000 mph=0.000 bytes=696804 pkts=696804 shard=1
step=1157975 (run 5975/8000) loss=0.00102 byte_ppl=1.001 atoms=25 merges=0 field=49.8995 rms=1.5594 scale=1.0000 fcos=nan ign=0.0000 prn=nan nxp=0.000 mph=0.000 bytes=696804 pkts=696804 shard=1
step=1158000 (run 6000/8000) loss=0.18243 byte_ppl=1.200 atoms=53 merges=0 field=49.9584 rms=1.5612 scale=1.0000 fcos=nan ign=0.0000 prn=nan nxp=0.000 mph=0.000 bytes=696804 pkts=696804 shard=1
step=1158025 (run 6025/8000) loss=0.02372 byte_ppl=1.024 atoms=10 merges=0 field=50.0614 rms=1.5644 scale=1.0000 fcos=nan ign=0.0000 prn=nan nxp=0.000 mph=0.000 bytes=696804 pkts=696804 shard=1
step=1158050 (run 6050/8000) loss=6.19510 byte_ppl=490.339 atoms=38 merges=0 field=50.1600 rms=1.5675 scale=1.0000 fcos=nan ign=0.0000 prn=nan nxp=0.000 mph=0.000 bytes=696804 pkts=696804 shard=1
step=1158075 (run 6075/8000) loss=0.00074 byte_ppl=1.001 atoms=65 merges=0 field=50.1842 rms=1.5683 scale=1.0000 fcos=nan ign=0.0000 prn=nan nxp=0.000 mph=0.000 bytes=696804 pkts=696804 shard=1
step=1158100 (run 6100/8000) loss=0.24749 byte_ppl=1.281 atoms=22 merges=0 field=50.2630 rms=1.5707 scale=1.0000 fcos=nan ign=0.0000 prn=nan nxp=0.000 mph=0.000 bytes=696804 pkts=696804 shard=1
step=1158125 (run 6125/8000) loss=0.00045 byte_ppl=1.000 atoms=49 merges=0 field=50.3572 rms=1.5737 scale=1.0000 fcos=nan ign=0.0000 prn=nan nxp=0.000 mph=0.000 bytes=696804 pkts=696804 shard=1
step=1158150 (run 6150/8000) loss=0.04348 byte_ppl=1.044 atoms=7 merges=0 field=50.4365 rms=1.5761 scale=1.0000 fcos=nan ign=0.0000 prn=nan nxp=0.000 mph=0.000 bytes=696804 pkts=696804 shard=1
step=1158175 (run 6175/8000) loss=0.00425 byte_ppl=1.004 atoms=34 merges=0 field=50.5245 rms=1.5789 scale=1.0000 fcos=nan ign=0.0000 prn=nan nxp=0.000 mph=0.000 bytes=696804 pkts=696804 shard=1
step=1158200 (run 6200/8000) loss=0.00085 byte_ppl=1.001 atoms=62 merges=0 field=50.5319 rms=1.5791 scale=1.0000 fcos=nan ign=0.0000 prn=nan nxp=0.000 mph=0.000 bytes=696804 pkts=696804 shard=1
step=1158225 (run 6225/8000) loss=7.23446 byte_ppl=1386.389 atoms=19 merges=0 field=50.6214 rms=1.5819 scale=1.0000 fcos=nan ign=0.0000 prn=nan nxp=0.000 mph=0.000 bytes=696804 pkts=696804 shard=1
step=1158250 (run 6250/8000) loss=0.03929 byte_ppl=1.040 atoms=47 merges=0 field=50.6422 rms=1.5826 scale=1.0000 fcos=nan ign=0.0000 prn=nan nxp=0.000 mph=0.000 bytes=696804 pkts=696804 shard=1
step=1158275 (run 6275/8000) loss=7.30421 byte_ppl=1486.541 atoms=3 merges=0 field=50.7426 rms=1.5857 scale=1.0000 fcos=nan ign=0.0000 prn=nan nxp=0.000 mph=0.000 bytes=696804 pkts=696804 shard=1
step=1158300 (run 6300/8000) loss=1.36034 byte_ppl=3.898 atoms=31 merges=0 field=50.7973 rms=1.5874 scale=1.0000 fcos=nan ign=0.0000 prn=nan nxp=0.000 mph=0.000 bytes=696804 pkts=696804 shard=1
step=1158325 (run 6325/8000) loss=0.00598 byte_ppl=1.006 atoms=58 merges=0 field=50.8124 rms=1.5879 scale=1.0000 fcos=nan ign=0.0000 prn=nan nxp=0.000 mph=0.000 bytes=696804 pkts=696804 shard=1
step=1158350 (run 6350/8000) loss=1.11747 byte_ppl=3.057 atoms=16 merges=0 field=50.8831 rms=1.5901 scale=1.0000 fcos=nan ign=0.0000 prn=nan nxp=0.000 mph=0.000 bytes=696804 pkts=696804 shard=1
step=1158375 (run 6375/8000) loss=0.00054 byte_ppl=1.001 atoms=43 merges=0 field=50.8960 rms=1.5905 scale=1.0000 fcos=nan ign=0.0000 prn=nan nxp=0.000 mph=0.000 bytes=696804 pkts=696804 shard=1
step=1158400 (run 6400/8000) loss=2.45898 byte_ppl=11.693 atoms=71 merges=0 field=50.9993 rms=1.5937 scale=1.0000 fcos=nan ign=0.0000 prn=nan nxp=0.000 mph=0.000 bytes=696804 pkts=696804 shard=1
step=1158425 (run 6425/8000) loss=0.00425 byte_ppl=1.004 atoms=27 merges=0 field=51.0873 rms=1.5965 scale=1.0000 fcos=nan ign=0.0000 prn=nan nxp=0.000 mph=0.000 bytes=696804 pkts=696804 shard=1
step=1158450 (run 6450/8000) loss=0.01340 byte_ppl=1.013 atoms=55 merges=0 field=51.0382 rms=1.5949 scale=1.0000 fcos=nan ign=0.0000 prn=nan nxp=0.000 mph=0.000 bytes=696804 pkts=696804 shard=1
step=1158475 (run 6475/8000) loss=0.00635 byte_ppl=1.006 atoms=12 merges=0 field=51.0254 rms=1.5945 scale=1.0000 fcos=nan ign=0.0000 prn=nan nxp=0.000 mph=0.000 bytes=696804 pkts=696804 shard=1
step=1158500 (run 6500/8000) loss=4.60753 byte_ppl=100.236 atoms=40 merges=0 field=51.1175 rms=1.5974 scale=1.0000 fcos=nan ign=0.0000 prn=nan nxp=0.000 mph=0.000 bytes=696804 pkts=696804 shard=1
step=1158525 (run 6525/8000) loss=3.40801 byte_ppl=30.205 atoms=67 merges=0 field=51.1580 rms=1.5987 scale=1.0000 fcos=nan ign=0.0000 prn=nan nxp=0.000 mph=0.000 bytes=696804 pkts=696804 shard=1
step=1158550 (run 6550/8000) loss=0.22840 byte_ppl=1.257 atoms=25 merges=0 field=51.2962 rms=1.6030 scale=1.0000 fcos=nan ign=0.0000 prn=nan nxp=0.000 mph=0.000 bytes=696804 pkts=696804 shard=1
step=1158575 (run 6575/8000) loss=0.27205 byte_ppl=1.313 atoms=52 merges=0 field=51.4110 rms=1.6066 scale=1.0000 fcos=nan ign=0.0000 prn=nan nxp=0.000 mph=0.000 bytes=696804 pkts=696804 shard=1
step=1158600 (run 6600/8000) loss=3.81790 byte_ppl=45.509 atoms=9 merges=0 field=51.4174 rms=1.6068 scale=1.0000 fcos=nan ign=0.0000 prn=nan nxp=0.000 mph=0.000 bytes=696804 pkts=696804 shard=1
step=1158625 (run 6625/8000) loss=0.00036 byte_ppl=1.000 atoms=36 merges=0 field=51.5098 rms=1.6097 scale=1.0000 fcos=nan ign=0.0000 prn=nan nxp=0.000 mph=0.000 bytes=696804 pkts=696804 shard=1
step=1158650 (run 6650/8000) loss=5.09185 byte_ppl=162.691 atoms=64 merges=0 field=51.6258 rms=1.6133 scale=1.0000 fcos=nan ign=0.0000 prn=nan nxp=0.000 mph=0.000 bytes=696804 pkts=696804 shard=1
step=1158675 (run 6675/8000) loss=0.00021 byte_ppl=1.000 atoms=21 merges=0 field=51.6670 rms=1.6146 scale=1.0000 fcos=nan ign=0.0000 prn=nan nxp=0.000 mph=0.000 bytes=696804 pkts=696804 shard=1
step=1158700 (run 6700/8000) loss=1.22413 byte_ppl=3.401 atoms=49 merges=0 field=51.7184 rms=1.6162 scale=1.0000 fcos=nan ign=0.0000 prn=nan nxp=0.000 mph=0.000 bytes=696804 pkts=696804 shard=1
step=1158725 (run 6725/8000) loss=0.10319 byte_ppl=1.109 atoms=5 merges=0 field=51.8032 rms=1.6189 scale=1.0000 fcos=nan ign=0.0000 prn=nan nxp=0.000 mph=0.000 bytes=696804 pkts=696804 shard=1
step=1158750 (run 6750/8000) loss=3.87439 byte_ppl=48.153 atoms=33 merges=0 field=51.9073 rms=1.6221 scale=1.0000 fcos=nan ign=0.0000 prn=nan nxp=0.000 mph=0.000 bytes=696804 pkts=696804 shard=1
step=1158775 (run 6775/8000) loss=0.00112 byte_ppl=1.001 atoms=60 merges=0 field=51.8991 rms=1.6218 scale=1.0000 fcos=nan ign=0.0000 prn=nan nxp=0.000 mph=0.000 bytes=696804 pkts=696804 shard=1
step=1158800 (run 6800/8000) loss=4.22483 byte_ppl=68.363 atoms=18 merges=0 field=51.9836 rms=1.6245 scale=1.0000 fcos=nan ign=0.0000 prn=nan nxp=0.000 mph=0.000 bytes=696804 pkts=696804 shard=1
step=1158825 (run 6825/8000) loss=0.00390 byte_ppl=1.004 atoms=45 merges=0 field=52.0932 rms=1.6279 scale=1.0000 fcos=nan ign=0.0000 prn=nan nxp=0.000 mph=0.000 bytes=696804 pkts=696804 shard=1
step=1158850 (run 6850/8000) loss=3.91138 byte_ppl=49.968 atoms=3 merges=0 field=52.0648 rms=1.6270 scale=1.0000 fcos=nan ign=0.0000 prn=nan nxp=0.000 mph=0.000 bytes=696804 pkts=696804 shard=1
step=1158875 (run 6875/8000) loss=0.00758 byte_ppl=1.008 atoms=30 merges=0 field=52.1057 rms=1.6283 scale=1.0000 fcos=nan ign=0.0000 prn=nan nxp=0.000 mph=0.000 bytes=696804 pkts=696804 shard=1
step=1158900 (run 6900/8000) loss=8.02009 byte_ppl=3041.437 atoms=58 merges=0 field=52.1748 rms=1.6305 scale=1.0000 fcos=nan ign=0.0000 prn=nan nxp=0.000 mph=0.000 bytes=696804 pkts=696804 shard=1
step=1158925 (run 6925/8000) loss=0.00025 byte_ppl=1.000 atoms=14 merges=0 field=52.2152 rms=1.6317 scale=1.0000 fcos=nan ign=0.0000 prn=nan nxp=0.000 mph=0.000 bytes=696804 pkts=696804 shard=1
step=1158950 (run 6950/8000) loss=0.29022 byte_ppl=1.337 atoms=42 merges=0 field=52.2269 rms=1.6321 scale=1.0000 fcos=nan ign=0.0000 prn=nan nxp=0.000 mph=0.000 bytes=696804 pkts=696804 shard=1
step=1158975 (run 6975/8000) loss=2.82092 byte_ppl=16.792 atoms=69 merges=0 field=52.2596 rms=1.6331 scale=1.0000 fcos=nan ign=0.0000 prn=nan nxp=0.000 mph=0.000 bytes=696804 pkts=696804 shard=1
step=1159000 (run 7000/8000) loss=4.75400 byte_ppl=116.047 atoms=27 merges=0 field=52.3313 rms=1.6354 scale=1.0000 fcos=nan ign=0.0000 prn=nan nxp=0.000 mph=0.000 bytes=696804 pkts=696804 shard=1
step=1159025 (run 7025/8000) loss=0.00093 byte_ppl=1.001 atoms=54 merges=0 field=52.3791 rms=1.6368 scale=1.0000 fcos=nan ign=0.0000 prn=nan nxp=0.000 mph=0.000 bytes=696804 pkts=696804 shard=1
step=1159050 (run 7050/8000) loss=2.80373 byte_ppl=16.506 atoms=11 merges=0 field=52.4798 rms=1.6400 scale=1.0000 fcos=nan ign=0.0000 prn=nan nxp=0.000 mph=0.000 bytes=696804 pkts=696804 shard=1
step=1159075 (run 7075/8000) loss=0.00893 byte_ppl=1.009 atoms=38 merges=0 field=52.5386 rms=1.6418 scale=1.0000 fcos=nan ign=0.0000 prn=nan nxp=0.000 mph=0.000 bytes=696804 pkts=696804 shard=1
step=1159100 (run 7100/8000) loss=3.92844 byte_ppl=50.828 atoms=66 merges=0 field=52.5690 rms=1.6428 scale=1.0000 fcos=nan ign=0.0000 prn=nan nxp=0.000 mph=0.000 bytes=696804 pkts=696804 shard=1
step=1159125 (run 7125/8000) loss=0.00016 byte_ppl=1.000 atoms=23 merges=0 field=52.5655 rms=1.6427 scale=1.0000 fcos=nan ign=0.0000 prn=nan nxp=0.000 mph=0.000 bytes=696804 pkts=696804 shard=1
step=1159150 (run 7150/8000) loss=2.80097 byte_ppl=16.461 atoms=51 merges=0 field=52.6294 rms=1.6447 scale=1.0000 fcos=nan ign=0.0000 prn=nan nxp=0.000 mph=0.000 bytes=696804 pkts=696804 shard=1
step=1159175 (run 7175/8000) loss=0.00334 byte_ppl=1.003 atoms=8 merges=0 field=52.6345 rms=1.6448 scale=1.0000 fcos=nan ign=0.0000 prn=nan nxp=0.000 mph=0.000 bytes=696804 pkts=696804 shard=1
step=1159200 (run 7200/8000) loss=8.62544 byte_ppl=5571.633 atoms=36 merges=0 field=52.6916 rms=1.6466 scale=1.0000 fcos=nan ign=0.0000 prn=nan nxp=0.000 mph=0.000 bytes=696804 pkts=696804 shard=1
step=1159225 (run 7225/8000) loss=0.00065 byte_ppl=1.001 atoms=63 merges=0 field=52.7006 rms=1.6469 scale=1.0000 fcos=nan ign=0.0000 prn=nan nxp=0.000 mph=0.000 bytes=696804 pkts=696804 shard=1
step=1159250 (run 7250/8000) loss=0.24936 byte_ppl=1.283 atoms=20 merges=0 field=52.7392 rms=1.6481 scale=1.0000 fcos=nan ign=0.0000 prn=nan nxp=0.000 mph=0.000 bytes=696804 pkts=696804 shard=1
step=1159275 (run 7275/8000) loss=5.85702 byte_ppl=349.681 atoms=47 merges=0 field=52.7848 rms=1.6495 scale=1.0000 fcos=nan ign=0.0000 prn=nan nxp=0.000 mph=0.000 bytes=696804 pkts=696804 shard=1
step=1159300 (run 7300/8000) loss=4.55109 byte_ppl=94.736 atoms=5 merges=0 field=52.7936 rms=1.6498 scale=1.0000 fcos=nan ign=0.0000 prn=nan nxp=0.000 mph=0.000 bytes=696804 pkts=696804 shard=1
step=1159325 (run 7325/8000) loss=0.00061 byte_ppl=1.001 atoms=32 merges=0 field=52.7890 rms=1.6497 scale=1.0000 fcos=nan ign=0.0000 prn=nan nxp=0.000 mph=0.000 bytes=696804 pkts=696804 shard=1
step=1159350 (run 7350/8000) loss=6.24052 byte_ppl=513.127 atoms=60 merges=0 field=52.8168 rms=1.6505 scale=1.0000 fcos=nan ign=0.0000 prn=nan nxp=0.000 mph=0.000 bytes=696804 pkts=696804 shard=1
step=1159375 (run 7375/8000) loss=0.00582 byte_ppl=1.006 atoms=16 merges=0 field=52.8321 rms=1.6510 scale=1.0000 fcos=nan ign=0.0000 prn=nan nxp=0.000 mph=0.000 bytes=696804 pkts=696804 shard=1
step=1159400 (run 7400/8000) loss=1.36380 byte_ppl=3.911 atoms=44 merges=0 field=52.8587 rms=1.6518 scale=1.0000 fcos=nan ign=0.0000 prn=nan nxp=0.000 mph=0.000 bytes=696804 pkts=696804 shard=1
step=1159425 (run 7425/8000) loss=2.60749 byte_ppl=13.565 atoms=1 merges=0 field=52.8981 rms=1.6531 scale=1.0000 fcos=nan ign=0.0000 prn=nan nxp=0.000 mph=0.000 bytes=696804 pkts=696804 shard=1
step=1159450 (run 7450/8000) loss=7.07360 byte_ppl=1180.394 atoms=29 merges=0 field=52.9485 rms=1.6546 scale=1.0000 fcos=nan ign=0.0000 prn=nan nxp=0.000 mph=0.000 bytes=696804 pkts=696804 shard=1
step=1159475 (run 7475/8000) loss=0.00275 byte_ppl=1.003 atoms=56 merges=0 field=52.9651 rms=1.6552 scale=1.0000 fcos=nan ign=0.0000 prn=nan nxp=0.000 mph=0.000 bytes=696804 pkts=696804 shard=1
step=1159500 (run 7500/8000) loss=5.95499 byte_ppl=385.674 atoms=14 merges=0 field=52.9669 rms=1.6552 scale=1.0000 fcos=nan ign=0.0000 prn=nan nxp=0.000 mph=0.000 bytes=696804 pkts=696804 shard=1
step=1159525 (run 7525/8000) loss=0.00017 byte_ppl=1.000 atoms=41 merges=0 field=53.0613 rms=1.6582 scale=1.0000 fcos=nan ign=0.0000 prn=nan nxp=0.000 mph=0.000 bytes=696804 pkts=696804 shard=1
step=1159550 (run 7550/8000) loss=5.36676 byte_ppl=214.167 atoms=69 merges=0 field=53.1163 rms=1.6599 scale=1.0000 fcos=nan ign=0.0000 prn=nan nxp=0.000 mph=0.000 bytes=696804 pkts=696804 shard=1
step=1159575 (run 7575/8000) loss=2.01744 byte_ppl=7.519 atoms=25 merges=0 field=53.0703 rms=1.6584 scale=1.0000 fcos=nan ign=0.0000 prn=nan nxp=0.000 mph=0.000 bytes=696804 pkts=696804 shard=1
step=1159600 (run 7600/8000) loss=0.00310 byte_ppl=1.003 atoms=53 merges=0 field=53.1346 rms=1.6605 scale=1.0000 fcos=nan ign=0.0000 prn=nan nxp=0.000 mph=0.000 bytes=696804 pkts=696804 shard=1
step=1159625 (run 7625/8000) loss=3.27646 byte_ppl=26.482 atoms=10 merges=0 field=53.1772 rms=1.6618 scale=1.0000 fcos=nan ign=0.0000 prn=nan nxp=0.000 mph=0.000 bytes=696804 pkts=696804 shard=1
step=1159650 (run 7650/8000) loss=14.33662 byte_ppl=1683900.172 atoms=38 merges=0 field=53.2174 rms=1.6630 scale=1.0000 fcos=nan ign=0.0000 prn=nan nxp=0.000 mph=0.000 bytes=696804 pkts=696804 shard=1
step=1159675 (run 7675/8000) loss=0.63967 byte_ppl=1.896 atoms=65 merges=0 field=53.2536 rms=1.6642 scale=1.0000 fcos=nan ign=0.0000 prn=nan nxp=0.000 mph=0.000 bytes=696804 pkts=696804 shard=1
step=1159700 (run 7700/8000) loss=0.27629 byte_ppl=1.318 atoms=22 merges=0 field=53.3527 rms=1.6673 scale=1.0000 fcos=nan ign=0.0000 prn=nan nxp=0.000 mph=0.000 bytes=696804 pkts=696804 shard=1
step=1159725 (run 7725/8000) loss=0.00359 byte_ppl=1.004 atoms=49 merges=0 field=53.3335 rms=1.6667 scale=1.0000 fcos=nan ign=0.0000 prn=nan nxp=0.000 mph=0.000 bytes=696804 pkts=696804 shard=1
step=1159750 (run 7750/8000) loss=0.03459 byte_ppl=1.035 atoms=7 merges=0 field=53.2716 rms=1.6647 scale=1.0000 fcos=nan ign=0.0000 prn=nan nxp=0.000 mph=0.000 bytes=696804 pkts=696804 shard=1
step=1159775 (run 7775/8000) loss=0.00024 byte_ppl=1.000 atoms=34 merges=0 field=53.3300 rms=1.6666 scale=1.0000 fcos=nan ign=0.0000 prn=nan nxp=0.000 mph=0.000 bytes=696804 pkts=696804 shard=1
step=1159800 (run 7800/8000) loss=0.00169 byte_ppl=1.002 atoms=62 merges=0 field=53.2051 rms=1.6627 scale=1.0000 fcos=nan ign=0.0000 prn=nan nxp=0.000 mph=0.000 bytes=696804 pkts=696804 shard=1
step=1159825 (run 7825/8000) loss=1.00330 byte_ppl=2.727 atoms=19 merges=0 field=53.2134 rms=1.6629 scale=1.0000 fcos=nan ign=0.0000 prn=nan nxp=0.000 mph=0.000 bytes=696804 pkts=696804 shard=1
step=1159850 (run 7850/8000) loss=2.33836 byte_ppl=10.364 atoms=47 merges=0 field=53.2491 rms=1.6640 scale=1.0000 fcos=nan ign=0.0000 prn=nan nxp=0.000 mph=0.000 bytes=696804 pkts=696804 shard=1
step=1159875 (run 7875/8000) loss=0.03449 byte_ppl=1.035 atoms=3 merges=0 field=53.3125 rms=1.6660 scale=1.0000 fcos=nan ign=0.0000 prn=nan nxp=0.000 mph=0.000 bytes=696804 pkts=696804 shard=1
step=1159900 (run 7900/8000) loss=0.26694 byte_ppl=1.306 atoms=31 merges=0 field=53.3025 rms=1.6657 scale=1.0000 fcos=nan ign=0.0000 prn=nan nxp=0.000 mph=0.000 bytes=696804 pkts=696804 shard=1
step=1159925 (run 7925/8000) loss=0.00024 byte_ppl=1.000 atoms=58 merges=0 field=53.3372 rms=1.6668 scale=1.0000 fcos=nan ign=0.0000 prn=nan nxp=0.000 mph=0.000 bytes=696804 pkts=696804 shard=1
step=1159950 (run 7950/8000) loss=7.54837 byte_ppl=1897.654 atoms=16 merges=0 field=53.3524 rms=1.6673 scale=1.0000 fcos=nan ign=0.0000 prn=nan nxp=0.000 mph=0.000 bytes=696804 pkts=696804 shard=1
step=1159975 (run 7975/8000) loss=3.81499 byte_ppl=45.376 atoms=43 merges=0 field=53.3365 rms=1.6668 scale=1.0000 fcos=nan ign=0.0000 prn=nan nxp=0.000 mph=0.000 bytes=696804 pkts=696804 shard=1
step=1160000 (run 8000/8000) loss=5.21704 byte_ppl=184.387 atoms=71 merges=0 field=53.3874 rms=1.6684 scale=1.0000 fcos=nan ign=0.0000 prn=nan nxp=0.000 mph=0.000 bytes=696804 pkts=696804 shard=1
{
  "stream": true,
  "data_path": null,
  "data_glob": "data/corpus_fr_medium*.txt",
  "shard_paths": [
    "/workspace/exports/atom-ai/data/corpus_fr_medium.txt",
    "/workspace/exports/atom-ai/data/corpus_fr_medium_s21.txt"
  ],
  "data_bytes": 1000453,
  "data_characters": null,
  "atomizer_version": "atomizer-v1-byte-span",
  "feature_dim": 320,
  "packet_count": null,
  "train_packet_count": null,
  "validation_packet_count": 2048,
  "mean_packet_bytes": null,
  "max_packet_bytes": null,
  "min_packet_bytes": null,
  "bytes_seen": 696804,
  "config": {
    "d_model": 32,
    "n_modes": 32,
    "n_atoms_max": 64,
    "max_span_bytes": 1,
    "episode_length": 8000,
    "episode_reset": true,
    "atom_flush_every": 64,
    "learning_rate": 5e-05,
    "surface_learning_rate": 0.00012,
    "steps": 8000,
    "start_step": 1152000,
    "seed": 20260913,
    "surface_alphabet": 256,
    "field_max_rms": 3.0,
    "energy_decay_bounds": [
      0.3,
      0.95
    ],
    "stream": true,
    "chunk_bytes": 65536,
    "loop_shards": true,
    "stream_buffer": 2048,
    "stream_prefetch": true,
    "stream_skip_packets": 656000,
    "last_atom_readout": true,
    "efference_every": 10,
    "enable_merge": false,
    "payload_copy": false,
    "merge_coherence_threshold": 0.45,
    "merge_energy_floor": 0.08,
    "field_loss_weight": 0.05,
    "field_contrast_weight": 0.0,
    "field_ignorance_weight": 0.08,
    "field_ignorance_ablate_shared": false,
    "field_ignorance_prompt_bank": false,
    "field_obligatory_readout": true,
    "field_obligatory_hard": true,
    "printable_aux_weight": 0.0,
    "field_next_packet_weight": 0.0,
    "slow_every": 1
  },
  "packets_seen": 696804,
  "stream_epoch": 0,
  "train": {
    "steps": 8000,
    "efference_every": 10,
    "efference_steps": 800,
    "start_step": 1152000,
    "total_steps": 1160000,
    "episode_length": 8000,
    "episode_reset": true,
    "atom_flush_every": 64,
    "elapsed_seconds": 144.99247859901516,
    "transitions_per_second": 55.1752758301653,
    "first_loss": 1.7824090719223022,
    "final_loss": 5.217036247253418,
    "final_total_perplexity": 184.38689628814822,
    "finite_losses": true,
    "finite_parameters": true,
    "nan_or_inf": false,
    "field_rms_before_max": 1.6683831214904785,
    "field_rms_after_max": 1.6683831214904785,
    "field_scale_min": 1.0,
    "field_norm_max": 53.38825225830078,
    "field_limited_steps": 0,
    "field_limited_fraction": 0.0,
    "final_dynamics": {
      "coupling_scale": 1.2733242511749268,
      "energy_decay": 0.30000001192092896,
      "phase_sync": 0.1438777595758438,
      "energy_decay_before": 0.29999610781669617,
      "energy_decay_repaired": true,
      "energy_decay_bounds": [
        0.3,
        0.95
      ]
    },
    "final_atoms_before_validation": 59,
    "stream": true,
    "bytes_seen": 696804
  },
  "validation": {
    "transitions": 256,
    "loss": 0.9459750585184601,
    "total_perplexity": 2.575323245624291,
    "byte_loss": 0.9459750585184601,
    "byte_perplexity": 2.575323245624291,
    "source": "stream_ring"
  },
  "checkpoint": "checkpoints/byte_tick/atom_native_step_1160000_d32_ms1M.pt",
  "reload": {
    "n_atoms": 0,
    "field_norm": 53.38736343383789,
    "time": 88.0003890991211,
    "finite": true
  },
  "generation": {
    "The future of AI is": {
      "temperature": 0.8,
      "top_k": 5,
      "max_length": 20,
      "bytes_hex": "426f6e732e0a0a",
      "text": "Bons.\n\n",
      "reload_text": "Bons.\n\n",
      "reload_match": true
    },
    "Bonjour, je m'appelle": {
      "temperature": 0.8,
      "top_k": 5,
      "max_length": 20,
      "bytes_hex": "426f6e7365737469",
      "text": "Bonsesti",
      "reload_text": "Bonsesti",
      "reload_match": true
    },
    "Valkyria Chronicles III is": {
      "temperature": 0.8,
      "top_k": 5,
      "max_length": 20,
      "bytes_hex": "4176656320202020",
      "text": "Avec    ",
      "reload_text": "Avec    ",
      "reload_match": true
    }
  }
}
