train lock skipped (--allow-parallel-train)
stream skip: advancing 672000 packet transitions...
stream skip done: packets_seen=696804
resumed weights from checkpoints/byte_tick/atom_native_step_1168000_d32_ms1M.pt (recorded step=1168000, legacy_surface_migrated=False, span_head_migrated=False)
atomizer pack_mode=linguistic max_span_bytes=1
dynamics on load: energy_decay=0.30004507303237915 -> 0.30004507303237915 (repaired=False, bounds=(0.3, 0.95))
MERGE gates: enable=False coherence_thr=0.450 energy_floor=0.080
field_obligatory_hard=ON hard-v2+ (mix_floor=1.0, freeze bypass, logits=frozen+cap*(α_MLP+payload_prod))
payload_copy=False (train-time copy-bias branch)
last_atom_readout=True (byte-tick 2-gram + dentate)
efference_every=10 (0=off)
optimizer groups: field/other lr=5e-05 (13 tensors), surface lr=0.00012 (25 tensors); energy_decay_bounds=(0.3, 0.95); field_max_rms=3.0
stream mode: 2 shard(s), chunk_bytes=65536, loop_shards=True, stream_buffer=2048, stream_prefetch=True
optimizer restore skipped: surface LR param groups differ from checkpoint
step=1168001 (run 1/8000) loss=7.51106 byte_ppl=1828.158 atoms=1 merges=0 field=0.0563 rms=0.0020 scale=1.0000 fcos=nan ign=0.0000 prn=nan nxp=0.000 mph=0.000 bytes=696804 pkts=696804 shard=1
step=1168025 (run 25/8000) loss=0.00369 byte_ppl=1.004 atoms=27 merges=0 field=0.8661 rms=0.0271 scale=1.0000 fcos=nan ign=0.0000 prn=nan nxp=0.000 mph=0.000 bytes=696804 pkts=696804 shard=1
step=1168050 (run 50/8000) loss=3.12653 byte_ppl=22.795 atoms=55 merges=0 field=1.3457 rms=0.0421 scale=1.0000 fcos=nan ign=0.0000 prn=nan nxp=0.000 mph=0.000 bytes=696804 pkts=696804 shard=1
step=1168075 (run 75/8000) loss=3.89151 byte_ppl=48.985 atoms=12 merges=0 field=1.8466 rms=0.0577 scale=1.0000 fcos=nan ign=0.0000 prn=nan nxp=0.000 mph=0.000 bytes=696804 pkts=696804 shard=1
step=1168100 (run 100/8000) loss=9.26626 byte_ppl=10575.098 atoms=40 merges=0 field=2.3828 rms=0.0745 scale=1.0000 fcos=nan ign=0.0000 prn=nan nxp=0.000 mph=0.000 bytes=696804 pkts=696804 shard=1
step=1168125 (run 125/8000) loss=3.70428 byte_ppl=40.621 atoms=67 merges=0 field=2.9030 rms=0.0907 scale=1.0000 fcos=nan ign=0.0000 prn=nan nxp=0.000 mph=0.000 bytes=696804 pkts=696804 shard=1
step=1168150 (run 150/8000) loss=0.03846 byte_ppl=1.039 atoms=25 merges=0 field=3.2628 rms=0.1020 scale=1.0000 fcos=nan ign=0.0000 prn=nan nxp=0.000 mph=0.000 bytes=696804 pkts=696804 shard=1
step=1168175 (run 175/8000) loss=0.00102 byte_ppl=1.001 atoms=52 merges=0 field=3.7110 rms=0.1160 scale=1.0000 fcos=nan ign=0.0000 prn=nan nxp=0.000 mph=0.000 bytes=696804 pkts=696804 shard=1
step=1168200 (run 200/8000) loss=6.00572 byte_ppl=405.743 atoms=9 merges=0 field=4.1727 rms=0.1304 scale=1.0000 fcos=nan ign=0.0000 prn=nan nxp=0.000 mph=0.000 bytes=696804 pkts=696804 shard=1
step=1168225 (run 225/8000) loss=0.91041 byte_ppl=2.485 atoms=36 merges=0 field=4.5128 rms=0.1410 scale=1.0000 fcos=nan ign=0.0000 prn=nan nxp=0.000 mph=0.000 bytes=696804 pkts=696804 shard=1
step=1168250 (run 250/8000) loss=0.00012 byte_ppl=1.000 atoms=64 merges=0 field=4.9729 rms=0.1554 scale=1.0000 fcos=nan ign=0.0000 prn=nan nxp=0.000 mph=0.000 bytes=696804 pkts=696804 shard=1
step=1168275 (run 275/8000) loss=1.73081 byte_ppl=5.645 atoms=21 merges=0 field=5.4176 rms=0.1693 scale=1.0000 fcos=nan ign=0.0000 prn=nan nxp=0.000 mph=0.000 bytes=696804 pkts=696804 shard=1
step=1168300 (run 300/8000) loss=0.48962 byte_ppl=1.632 atoms=49 merges=0 field=5.7698 rms=0.1803 scale=1.0000 fcos=nan ign=0.0000 prn=nan nxp=0.000 mph=0.000 bytes=696804 pkts=696804 shard=1
step=1168325 (run 325/8000) loss=0.66954 byte_ppl=1.953 atoms=5 merges=0 field=6.1421 rms=0.1919 scale=1.0000 fcos=nan ign=0.0000 prn=nan nxp=0.000 mph=0.000 bytes=696804 pkts=696804 shard=1
step=1168350 (run 350/8000) loss=7.65979 byte_ppl=2121.305 atoms=33 merges=0 field=6.5114 rms=0.2035 scale=1.0000 fcos=nan ign=0.0000 prn=nan nxp=0.000 mph=0.000 bytes=696804 pkts=696804 shard=1
step=1168375 (run 375/8000) loss=0.27774 byte_ppl=1.320 atoms=60 merges=0 field=6.9231 rms=0.2163 scale=1.0000 fcos=nan ign=0.0000 prn=nan nxp=0.000 mph=0.000 bytes=696804 pkts=696804 shard=1
step=1168400 (run 400/8000) loss=0.04753 byte_ppl=1.049 atoms=18 merges=0 field=7.2932 rms=0.2279 scale=1.0000 fcos=nan ign=0.0000 prn=nan nxp=0.000 mph=0.000 bytes=696804 pkts=696804 shard=1
step=1168425 (run 425/8000) loss=0.37369 byte_ppl=1.453 atoms=45 merges=0 field=7.6845 rms=0.2401 scale=1.0000 fcos=nan ign=0.0000 prn=nan nxp=0.000 mph=0.000 bytes=696804 pkts=696804 shard=1
step=1168450 (run 450/8000) loss=3.48762 byte_ppl=32.708 atoms=3 merges=0 field=8.1205 rms=0.2538 scale=1.0000 fcos=nan ign=0.0000 prn=nan nxp=0.000 mph=0.000 bytes=696804 pkts=696804 shard=1
step=1168475 (run 475/8000) loss=0.00185 byte_ppl=1.002 atoms=30 merges=0 field=8.4719 rms=0.2647 scale=1.0000 fcos=nan ign=0.0000 prn=nan nxp=0.000 mph=0.000 bytes=696804 pkts=696804 shard=1
step=1168500 (run 500/8000) loss=2.21928 byte_ppl=9.201 atoms=58 merges=0 field=8.8239 rms=0.2757 scale=1.0000 fcos=nan ign=0.0000 prn=nan nxp=0.000 mph=0.000 bytes=696804 pkts=696804 shard=1
step=1168525 (run 525/8000) loss=0.05817 byte_ppl=1.060 atoms=14 merges=0 field=9.2593 rms=0.2894 scale=1.0000 fcos=nan ign=0.0000 prn=nan nxp=0.000 mph=0.000 bytes=696804 pkts=696804 shard=1
step=1168550 (run 550/8000) loss=4.49846 byte_ppl=89.878 atoms=42 merges=0 field=9.6237 rms=0.3007 scale=1.0000 fcos=nan ign=0.0000 prn=nan nxp=0.000 mph=0.000 bytes=696804 pkts=696804 shard=1
step=1168575 (run 575/8000) loss=0.03359 byte_ppl=1.034 atoms=69 merges=0 field=9.9187 rms=0.3100 scale=1.0000 fcos=nan ign=0.0000 prn=nan nxp=0.000 mph=0.000 bytes=696804 pkts=696804 shard=1
step=1168600 (run 600/8000) loss=0.00022 byte_ppl=1.000 atoms=27 merges=0 field=10.2752 rms=0.3211 scale=1.0000 fcos=nan ign=0.0000 prn=nan nxp=0.000 mph=0.000 bytes=696804 pkts=696804 shard=1
step=1168625 (run 625/8000) loss=0.46893 byte_ppl=1.598 atoms=54 merges=0 field=10.5904 rms=0.3310 scale=1.0000 fcos=nan ign=0.0000 prn=nan nxp=0.000 mph=0.000 bytes=696804 pkts=696804 shard=1
step=1168650 (run 650/8000) loss=0.61185 byte_ppl=1.844 atoms=11 merges=0 field=10.9129 rms=0.3410 scale=1.0000 fcos=nan ign=0.0000 prn=nan nxp=0.000 mph=0.000 bytes=696804 pkts=696804 shard=1
step=1168675 (run 675/8000) loss=2.66836 byte_ppl=14.416 atoms=38 merges=0 field=11.3047 rms=0.3533 scale=1.0000 fcos=nan ign=0.0000 prn=nan nxp=0.000 mph=0.000 bytes=696804 pkts=696804 shard=1
step=1168700 (run 700/8000) loss=0.02668 byte_ppl=1.027 atoms=66 merges=0 field=11.6983 rms=0.3656 scale=1.0000 fcos=nan ign=0.0000 prn=nan nxp=0.000 mph=0.000 bytes=696804 pkts=696804 shard=1
step=1168725 (run 725/8000) loss=2.31402 byte_ppl=10.115 atoms=23 merges=0 field=12.0253 rms=0.3758 scale=1.0000 fcos=nan ign=0.0000 prn=nan nxp=0.000 mph=0.000 bytes=696804 pkts=696804 shard=1
step=1168750 (run 750/8000) loss=0.00820 byte_ppl=1.008 atoms=51 merges=0 field=12.4468 rms=0.3890 scale=1.0000 fcos=nan ign=0.0000 prn=nan nxp=0.000 mph=0.000 bytes=696804 pkts=696804 shard=1
step=1168775 (run 775/8000) loss=0.00488 byte_ppl=1.005 atoms=8 merges=0 field=12.7778 rms=0.3993 scale=1.0000 fcos=nan ign=0.0000 prn=nan nxp=0.000 mph=0.000 bytes=696804 pkts=696804 shard=1
step=1168800 (run 800/8000) loss=7.83838 byte_ppl=2536.089 atoms=36 merges=0 field=13.1322 rms=0.4104 scale=1.0000 fcos=nan ign=0.0000 prn=nan nxp=0.000 mph=0.000 bytes=696804 pkts=696804 shard=1
step=1168825 (run 825/8000) loss=0.29179 byte_ppl=1.339 atoms=63 merges=0 field=13.5477 rms=0.4234 scale=1.0000 fcos=nan ign=0.0000 prn=nan nxp=0.000 mph=0.000 bytes=696804 pkts=696804 shard=1
step=1168850 (run 850/8000) loss=0.00165 byte_ppl=1.002 atoms=20 merges=0 field=13.8680 rms=0.4334 scale=1.0000 fcos=nan ign=0.0000 prn=nan nxp=0.000 mph=0.000 bytes=696804 pkts=696804 shard=1
step=1168875 (run 875/8000) loss=1.52614 byte_ppl=4.600 atoms=47 merges=0 field=14.1988 rms=0.4437 scale=1.0000 fcos=nan ign=0.0000 prn=nan nxp=0.000 mph=0.000 bytes=696804 pkts=696804 shard=1
step=1168900 (run 900/8000) loss=2.81400 byte_ppl=16.676 atoms=5 merges=0 field=14.5701 rms=0.4553 scale=1.0000 fcos=nan ign=0.0000 prn=nan nxp=0.000 mph=0.000 bytes=696804 pkts=696804 shard=1
step=1168925 (run 925/8000) loss=0.00005 byte_ppl=1.000 atoms=32 merges=0 field=14.8883 rms=0.4653 scale=1.0000 fcos=nan ign=0.0000 prn=nan nxp=0.000 mph=0.000 bytes=696804 pkts=696804 shard=1
step=1168950 (run 950/8000) loss=14.03850 byte_ppl=1249809.552 atoms=60 merges=0 field=15.2866 rms=0.4777 scale=1.0000 fcos=nan ign=0.0000 prn=nan nxp=0.000 mph=0.000 bytes=696804 pkts=696804 shard=1
step=1168975 (run 975/8000) loss=2.62181 byte_ppl=13.761 atoms=16 merges=0 field=15.5862 rms=0.4871 scale=1.0000 fcos=nan ign=0.0000 prn=nan nxp=0.000 mph=0.000 bytes=696804 pkts=696804 shard=1
step=1169000 (run 1000/8000) loss=0.00127 byte_ppl=1.001 atoms=44 merges=0 field=15.9093 rms=0.4972 scale=1.0000 fcos=nan ign=0.0000 prn=nan nxp=0.000 mph=0.000 bytes=696804 pkts=696804 shard=1
step=1169025 (run 1025/8000) loss=3.95428 byte_ppl=52.158 atoms=1 merges=0 field=16.3393 rms=0.5106 scale=1.0000 fcos=nan ign=0.0000 prn=nan nxp=0.000 mph=0.000 bytes=696804 pkts=696804 shard=1
step=1169050 (run 1050/8000) loss=11.66786 byte_ppl=116757.711 atoms=29 merges=0 field=16.6806 rms=0.5213 scale=1.0000 fcos=nan ign=0.0000 prn=nan nxp=0.000 mph=0.000 bytes=696804 pkts=696804 shard=1
step=1169075 (run 1075/8000) loss=2.09469 byte_ppl=8.123 atoms=56 merges=0 field=16.9566 rms=0.5299 scale=1.0000 fcos=nan ign=0.0000 prn=nan nxp=0.000 mph=0.000 bytes=696804 pkts=696804 shard=1
step=1169100 (run 1100/8000) loss=4.27848 byte_ppl=72.130 atoms=14 merges=0 field=17.1961 rms=0.5374 scale=1.0000 fcos=nan ign=0.0000 prn=nan nxp=0.000 mph=0.000 bytes=696804 pkts=696804 shard=1
step=1169125 (run 1125/8000) loss=0.00213 byte_ppl=1.002 atoms=41 merges=0 field=17.5369 rms=0.5480 scale=1.0000 fcos=nan ign=0.0000 prn=nan nxp=0.000 mph=0.000 bytes=696804 pkts=696804 shard=1
step=1169150 (run 1150/8000) loss=2.61839 byte_ppl=13.714 atoms=69 merges=0 field=17.8523 rms=0.5579 scale=1.0000 fcos=nan ign=0.0000 prn=nan nxp=0.000 mph=0.000 bytes=696804 pkts=696804 shard=1
step=1169175 (run 1175/8000) loss=3.27694 byte_ppl=26.494 atoms=25 merges=0 field=18.2121 rms=0.5691 scale=1.0000 fcos=nan ign=0.0000 prn=nan nxp=0.000 mph=0.000 bytes=696804 pkts=696804 shard=1
step=1169200 (run 1200/8000) loss=0.24011 byte_ppl=1.271 atoms=53 merges=0 field=18.5390 rms=0.5793 scale=1.0000 fcos=nan ign=0.0000 prn=nan nxp=0.000 mph=0.000 bytes=696804 pkts=696804 shard=1
step=1169225 (run 1225/8000) loss=1.09381 byte_ppl=2.986 atoms=10 merges=0 field=18.7990 rms=0.5875 scale=1.0000 fcos=nan ign=0.0000 prn=nan nxp=0.000 mph=0.000 bytes=696804 pkts=696804 shard=1
step=1169250 (run 1250/8000) loss=8.43939 byte_ppl=4625.711 atoms=38 merges=0 field=19.1643 rms=0.5989 scale=1.0000 fcos=nan ign=0.0000 prn=nan nxp=0.000 mph=0.000 bytes=696804 pkts=696804 shard=1
step=1169275 (run 1275/8000) loss=0.00019 byte_ppl=1.000 atoms=65 merges=0 field=19.4948 rms=0.6092 scale=1.0000 fcos=nan ign=0.0000 prn=nan nxp=0.000 mph=0.000 bytes=696804 pkts=696804 shard=1
step=1169300 (run 1300/8000) loss=4.03733 byte_ppl=56.675 atoms=22 merges=0 field=19.8124 rms=0.6191 scale=1.0000 fcos=nan ign=0.0000 prn=nan nxp=0.000 mph=0.000 bytes=696804 pkts=696804 shard=1
step=1169325 (run 1325/8000) loss=0.00258 byte_ppl=1.003 atoms=49 merges=0 field=20.1233 rms=0.6289 scale=1.0000 fcos=nan ign=0.0000 prn=nan nxp=0.000 mph=0.000 bytes=696804 pkts=696804 shard=1
step=1169350 (run 1350/8000) loss=1.15754 byte_ppl=3.182 atoms=7 merges=0 field=20.4378 rms=0.6387 scale=1.0000 fcos=nan ign=0.0000 prn=nan nxp=0.000 mph=0.000 bytes=696804 pkts=696804 shard=1
step=1169375 (run 1375/8000) loss=5.86828 byte_ppl=353.641 atoms=34 merges=0 field=20.8095 rms=0.6503 scale=1.0000 fcos=nan ign=0.0000 prn=nan nxp=0.000 mph=0.000 bytes=696804 pkts=696804 shard=1
step=1169400 (run 1400/8000) loss=7.14207 byte_ppl=1264.040 atoms=62 merges=0 field=21.1518 rms=0.6610 scale=1.0000 fcos=nan ign=0.0000 prn=nan nxp=0.000 mph=0.000 bytes=696804 pkts=696804 shard=1
step=1169425 (run 1425/8000) loss=0.02348 byte_ppl=1.024 atoms=19 merges=0 field=21.5722 rms=0.6741 scale=1.0000 fcos=nan ign=0.0000 prn=nan nxp=0.000 mph=0.000 bytes=696804 pkts=696804 shard=1
step=1169450 (run 1450/8000) loss=4.12827 byte_ppl=62.070 atoms=47 merges=0 field=21.8582 rms=0.6831 scale=1.0000 fcos=nan ign=0.0000 prn=nan nxp=0.000 mph=0.000 bytes=696804 pkts=696804 shard=1
step=1169475 (run 1475/8000) loss=2.55284 byte_ppl=12.843 atoms=3 merges=0 field=22.1813 rms=0.6932 scale=1.0000 fcos=nan ign=0.0000 prn=nan nxp=0.000 mph=0.000 bytes=696804 pkts=696804 shard=1
step=1169500 (run 1500/8000) loss=5.45549 byte_ppl=234.039 atoms=31 merges=0 field=22.5070 rms=0.7033 scale=1.0000 fcos=nan ign=0.0000 prn=nan nxp=0.000 mph=0.000 bytes=696804 pkts=696804 shard=1
step=1169525 (run 1525/8000) loss=1.63813 byte_ppl=5.146 atoms=58 merges=0 field=22.7750 rms=0.7117 scale=1.0000 fcos=nan ign=0.0000 prn=nan nxp=0.000 mph=0.000 bytes=696804 pkts=696804 shard=1
step=1169550 (run 1550/8000) loss=0.07674 byte_ppl=1.080 atoms=16 merges=0 field=23.1764 rms=0.7243 scale=1.0000 fcos=nan ign=0.0000 prn=nan nxp=0.000 mph=0.000 bytes=696804 pkts=696804 shard=1
step=1169575 (run 1575/8000) loss=2.03368 byte_ppl=7.642 atoms=43 merges=0 field=23.5203 rms=0.7350 scale=1.0000 fcos=nan ign=0.0000 prn=nan nxp=0.000 mph=0.000 bytes=696804 pkts=696804 shard=1
step=1169600 (run 1600/8000) loss=0.59754 byte_ppl=1.818 atoms=71 merges=0 field=23.8431 rms=0.7451 scale=1.0000 fcos=nan ign=0.0000 prn=nan nxp=0.000 mph=0.000 bytes=696804 pkts=696804 shard=1
step=1169625 (run 1625/8000) loss=0.00131 byte_ppl=1.001 atoms=27 merges=0 field=24.1188 rms=0.7537 scale=1.0000 fcos=nan ign=0.0000 prn=nan nxp=0.000 mph=0.000 bytes=696804 pkts=696804 shard=1
step=1169650 (run 1650/8000) loss=1.21351 byte_ppl=3.365 atoms=55 merges=0 field=24.4652 rms=0.7645 scale=1.0000 fcos=nan ign=0.0000 prn=nan nxp=0.000 mph=0.000 bytes=696804 pkts=696804 shard=1
step=1169675 (run 1675/8000) loss=0.00003 byte_ppl=1.000 atoms=12 merges=0 field=24.7008 rms=0.7719 scale=1.0000 fcos=nan ign=0.0000 prn=nan nxp=0.000 mph=0.000 bytes=696804 pkts=696804 shard=1
step=1169700 (run 1700/8000) loss=6.05001 byte_ppl=424.117 atoms=40 merges=0 field=25.0431 rms=0.7826 scale=1.0000 fcos=nan ign=0.0000 prn=nan nxp=0.000 mph=0.000 bytes=696804 pkts=696804 shard=1
step=1169725 (run 1725/8000) loss=0.01460 byte_ppl=1.015 atoms=67 merges=0 field=25.3868 rms=0.7933 scale=1.0000 fcos=nan ign=0.0000 prn=nan nxp=0.000 mph=0.000 bytes=696804 pkts=696804 shard=1
step=1169750 (run 1750/8000) loss=0.05708 byte_ppl=1.059 atoms=25 merges=0 field=25.6196 rms=0.8006 scale=1.0000 fcos=nan ign=0.0000 prn=nan nxp=0.000 mph=0.000 bytes=696804 pkts=696804 shard=1
step=1169775 (run 1775/8000) loss=0.00011 byte_ppl=1.000 atoms=52 merges=0 field=25.9566 rms=0.8111 scale=1.0000 fcos=nan ign=0.0000 prn=nan nxp=0.000 mph=0.000 bytes=696804 pkts=696804 shard=1
step=1169800 (run 1800/8000) loss=0.25120 byte_ppl=1.286 atoms=9 merges=0 field=26.2195 rms=0.8194 scale=1.0000 fcos=nan ign=0.0000 prn=nan nxp=0.000 mph=0.000 bytes=696804 pkts=696804 shard=1
step=1169825 (run 1825/8000) loss=0.00912 byte_ppl=1.009 atoms=36 merges=0 field=26.4444 rms=0.8264 scale=1.0000 fcos=nan ign=0.0000 prn=nan nxp=0.000 mph=0.000 bytes=696804 pkts=696804 shard=1
step=1169850 (run 1850/8000) loss=10.07505 byte_ppl=23743.129 atoms=64 merges=0 field=26.7316 rms=0.8354 scale=1.0000 fcos=nan ign=0.0000 prn=nan nxp=0.000 mph=0.000 bytes=696804 pkts=696804 shard=1
step=1169875 (run 1875/8000) loss=0.00395 byte_ppl=1.004 atoms=21 merges=0 field=27.0275 rms=0.8446 scale=1.0000 fcos=nan ign=0.0000 prn=nan nxp=0.000 mph=0.000 bytes=696804 pkts=696804 shard=1
step=1169900 (run 1900/8000) loss=4.36094 byte_ppl=78.331 atoms=49 merges=0 field=27.3172 rms=0.8537 scale=1.0000 fcos=nan ign=0.0000 prn=nan nxp=0.000 mph=0.000 bytes=696804 pkts=696804 shard=1
step=1169925 (run 1925/8000) loss=0.00044 byte_ppl=1.000 atoms=5 merges=0 field=27.5908 rms=0.8622 scale=1.0000 fcos=nan ign=0.0000 prn=nan nxp=0.000 mph=0.000 bytes=696804 pkts=696804 shard=1
step=1169950 (run 1950/8000) loss=5.54093 byte_ppl=254.916 atoms=33 merges=0 field=27.8314 rms=0.8697 scale=1.0000 fcos=nan ign=0.0000 prn=nan nxp=0.000 mph=0.000 bytes=696804 pkts=696804 shard=1
step=1169975 (run 1975/8000) loss=2.83539 byte_ppl=17.037 atoms=60 merges=0 field=28.2120 rms=0.8816 scale=1.0000 fcos=nan ign=0.0000 prn=nan nxp=0.000 mph=0.000 bytes=696804 pkts=696804 shard=1
step=1170000 (run 2000/8000) loss=3.49155 byte_ppl=32.837 atoms=18 merges=0 field=28.4453 rms=0.8889 scale=1.0000 fcos=nan ign=0.0000 prn=nan nxp=0.000 mph=0.000 bytes=696804 pkts=696804 shard=1
step=1170025 (run 2025/8000) loss=0.00173 byte_ppl=1.002 atoms=45 merges=0 field=28.7168 rms=0.8974 scale=1.0000 fcos=nan ign=0.0000 prn=nan nxp=0.000 mph=0.000 bytes=696804 pkts=696804 shard=1
step=1170050 (run 2050/8000) loss=10.90102 byte_ppl=54231.861 atoms=3 merges=0 field=28.9944 rms=0.9061 scale=1.0000 fcos=nan ign=0.0000 prn=nan nxp=0.000 mph=0.000 bytes=696804 pkts=696804 shard=1
step=1170075 (run 2075/8000) loss=0.07832 byte_ppl=1.081 atoms=30 merges=0 field=29.2480 rms=0.9140 scale=1.0000 fcos=nan ign=0.0000 prn=nan nxp=0.000 mph=0.000 bytes=696804 pkts=696804 shard=1
step=1170100 (run 2100/8000) loss=0.27422 byte_ppl=1.316 atoms=58 merges=0 field=29.4934 rms=0.9217 scale=1.0000 fcos=nan ign=0.0000 prn=nan nxp=0.000 mph=0.000 bytes=696804 pkts=696804 shard=1
step=1170125 (run 2125/8000) loss=0.05422 byte_ppl=1.056 atoms=14 merges=0 field=29.7602 rms=0.9300 scale=1.0000 fcos=nan ign=0.0000 prn=nan nxp=0.000 mph=0.000 bytes=696804 pkts=696804 shard=1
step=1170150 (run 2150/8000) loss=0.46503 byte_ppl=1.592 atoms=42 merges=0 field=30.0197 rms=0.9381 scale=1.0000 fcos=nan ign=0.0000 prn=nan nxp=0.000 mph=0.000 bytes=696804 pkts=696804 shard=1
step=1170175 (run 2175/8000) loss=0.00145 byte_ppl=1.001 atoms=69 merges=0 field=30.2655 rms=0.9458 scale=1.0000 fcos=nan ign=0.0000 prn=nan nxp=0.000 mph=0.000 bytes=696804 pkts=696804 shard=1
step=1170200 (run 2200/8000) loss=6.89863 byte_ppl=990.917 atoms=27 merges=0 field=30.5555 rms=0.9549 scale=1.0000 fcos=nan ign=0.0000 prn=nan nxp=0.000 mph=0.000 bytes=696804 pkts=696804 shard=1
step=1170225 (run 2225/8000) loss=3.18817 byte_ppl=24.244 atoms=54 merges=0 field=30.7969 rms=0.9624 scale=1.0000 fcos=nan ign=0.0000 prn=nan nxp=0.000 mph=0.000 bytes=696804 pkts=696804 shard=1
step=1170250 (run 2250/8000) loss=10.39009 byte_ppl=32535.533 atoms=11 merges=0 field=31.0737 rms=0.9711 scale=1.0000 fcos=nan ign=0.0000 prn=nan nxp=0.000 mph=0.000 bytes=696804 pkts=696804 shard=1
step=1170275 (run 2275/8000) loss=0.00166 byte_ppl=1.002 atoms=38 merges=0 field=31.2411 rms=0.9763 scale=1.0000 fcos=nan ign=0.0000 prn=nan nxp=0.000 mph=0.000 bytes=696804 pkts=696804 shard=1
step=1170300 (run 2300/8000) loss=0.00071 byte_ppl=1.001 atoms=66 merges=0 field=31.5254 rms=0.9852 scale=1.0000 fcos=nan ign=0.0000 prn=nan nxp=0.000 mph=0.000 bytes=696804 pkts=696804 shard=1
step=1170325 (run 2325/8000) loss=0.00307 byte_ppl=1.003 atoms=23 merges=0 field=31.7981 rms=0.9937 scale=1.0000 fcos=nan ign=0.0000 prn=nan nxp=0.000 mph=0.000 bytes=696804 pkts=696804 shard=1
step=1170350 (run 2350/8000) loss=2.10854 byte_ppl=8.236 atoms=51 merges=0 field=31.9746 rms=0.9992 scale=1.0000 fcos=nan ign=0.0000 prn=nan nxp=0.000 mph=0.000 bytes=696804 pkts=696804 shard=1
step=1170375 (run 2375/8000) loss=0.00369 byte_ppl=1.004 atoms=8 merges=0 field=32.1830 rms=1.0057 scale=1.0000 fcos=nan ign=0.0000 prn=nan nxp=0.000 mph=0.000 bytes=696804 pkts=696804 shard=1
step=1170400 (run 2400/8000) loss=0.00051 byte_ppl=1.001 atoms=36 merges=0 field=32.4318 rms=1.0135 scale=1.0000 fcos=nan ign=0.0000 prn=nan nxp=0.000 mph=0.000 bytes=696804 pkts=696804 shard=1
step=1170425 (run 2425/8000) loss=3.53816 byte_ppl=34.404 atoms=63 merges=0 field=32.6585 rms=1.0206 scale=1.0000 fcos=nan ign=0.0000 prn=nan nxp=0.000 mph=0.000 bytes=696804 pkts=696804 shard=1
step=1170450 (run 2450/8000) loss=10.06392 byte_ppl=23480.482 atoms=20 merges=0 field=32.9002 rms=1.0281 scale=1.0000 fcos=nan ign=0.0000 prn=nan nxp=0.000 mph=0.000 bytes=696804 pkts=696804 shard=1
step=1170475 (run 2475/8000) loss=2.08276 byte_ppl=8.027 atoms=47 merges=0 field=33.1029 rms=1.0345 scale=1.0000 fcos=nan ign=0.0000 prn=nan nxp=0.000 mph=0.000 bytes=696804 pkts=696804 shard=1
step=1170500 (run 2500/8000) loss=2.61870 byte_ppl=13.718 atoms=5 merges=0 field=33.3401 rms=1.0419 scale=1.0000 fcos=nan ign=0.0000 prn=nan nxp=0.000 mph=0.000 bytes=696804 pkts=696804 shard=1
step=1170525 (run 2525/8000) loss=0.73954 byte_ppl=2.095 atoms=32 merges=0 field=33.6434 rms=1.0514 scale=1.0000 fcos=nan ign=0.0000 prn=nan nxp=0.000 mph=0.000 bytes=696804 pkts=696804 shard=1
step=1170550 (run 2550/8000) loss=3.65970 byte_ppl=38.850 atoms=60 merges=0 field=33.8734 rms=1.0585 scale=1.0000 fcos=nan ign=0.0000 prn=nan nxp=0.000 mph=0.000 bytes=696804 pkts=696804 shard=1
step=1170575 (run 2575/8000) loss=0.00280 byte_ppl=1.003 atoms=16 merges=0 field=33.9988 rms=1.0625 scale=1.0000 fcos=nan ign=0.0000 prn=nan nxp=0.000 mph=0.000 bytes=696804 pkts=696804 shard=1
step=1170600 (run 2600/8000) loss=4.28872 byte_ppl=72.873 atoms=44 merges=0 field=34.1892 rms=1.0684 scale=1.0000 fcos=nan ign=0.0000 prn=nan nxp=0.000 mph=0.000 bytes=696804 pkts=696804 shard=1
step=1170625 (run 2625/8000) loss=0.00279 byte_ppl=1.003 atoms=1 merges=0 field=34.4157 rms=1.0755 scale=1.0000 fcos=nan ign=0.0000 prn=nan nxp=0.000 mph=0.000 bytes=696804 pkts=696804 shard=1
step=1170650 (run 2650/8000) loss=0.57002 byte_ppl=1.768 atoms=29 merges=0 field=34.6238 rms=1.0820 scale=1.0000 fcos=nan ign=0.0000 prn=nan nxp=0.000 mph=0.000 bytes=696804 pkts=696804 shard=1
step=1170675 (run 2675/8000) loss=6.95206 byte_ppl=1045.304 atoms=56 merges=0 field=34.8439 rms=1.0889 scale=1.0000 fcos=nan ign=0.0000 prn=nan nxp=0.000 mph=0.000 bytes=696804 pkts=696804 shard=1
step=1170700 (run 2700/8000) loss=7.39546 byte_ppl=1628.578 atoms=14 merges=0 field=35.1191 rms=1.0975 scale=1.0000 fcos=nan ign=0.0000 prn=nan nxp=0.000 mph=0.000 bytes=696804 pkts=696804 shard=1
step=1170725 (run 2725/8000) loss=0.00040 byte_ppl=1.000 atoms=41 merges=0 field=35.2703 rms=1.1022 scale=1.0000 fcos=nan ign=0.0000 prn=nan nxp=0.000 mph=0.000 bytes=696804 pkts=696804 shard=1
step=1170750 (run 2750/8000) loss=5.23696 byte_ppl=188.097 atoms=69 merges=0 field=35.5034 rms=1.1095 scale=1.0000 fcos=nan ign=0.0000 prn=nan nxp=0.000 mph=0.000 bytes=696804 pkts=696804 shard=1
step=1170775 (run 2775/8000) loss=0.06080 byte_ppl=1.063 atoms=25 merges=0 field=35.7471 rms=1.1171 scale=1.0000 fcos=nan ign=0.0000 prn=nan nxp=0.000 mph=0.000 bytes=696804 pkts=696804 shard=1
step=1170800 (run 2800/8000) loss=6.83638 byte_ppl=931.111 atoms=53 merges=0 field=36.0257 rms=1.1258 scale=1.0000 fcos=nan ign=0.0000 prn=nan nxp=0.000 mph=0.000 bytes=696804 pkts=696804 shard=1
step=1170825 (run 2825/8000) loss=0.01134 byte_ppl=1.011 atoms=10 merges=0 field=36.2299 rms=1.1322 scale=1.0000 fcos=nan ign=0.0000 prn=nan nxp=0.000 mph=0.000 bytes=696804 pkts=696804 shard=1
step=1170850 (run 2850/8000) loss=7.24143 byte_ppl=1396.091 atoms=38 merges=0 field=36.5191 rms=1.1412 scale=1.0000 fcos=nan ign=0.0000 prn=nan nxp=0.000 mph=0.000 bytes=696804 pkts=696804 shard=1
step=1170875 (run 2875/8000) loss=1.89130 byte_ppl=6.628 atoms=65 merges=0 field=36.6807 rms=1.1463 scale=1.0000 fcos=nan ign=0.0000 prn=nan nxp=0.000 mph=0.000 bytes=696804 pkts=696804 shard=1
step=1170900 (run 2900/8000) loss=6.88716 byte_ppl=979.614 atoms=22 merges=0 field=36.8920 rms=1.1529 scale=1.0000 fcos=nan ign=0.0000 prn=nan nxp=0.000 mph=0.000 bytes=696804 pkts=696804 shard=1
step=1170925 (run 2925/8000) loss=0.00056 byte_ppl=1.001 atoms=49 merges=0 field=37.1655 rms=1.1614 scale=1.0000 fcos=nan ign=0.0000 prn=nan nxp=0.000 mph=0.000 bytes=696804 pkts=696804 shard=1
step=1170950 (run 2950/8000) loss=0.03894 byte_ppl=1.040 atoms=7 merges=0 field=37.3901 rms=1.1684 scale=1.0000 fcos=nan ign=0.0000 prn=nan nxp=0.000 mph=0.000 bytes=696804 pkts=696804 shard=1
step=1170975 (run 2975/8000) loss=0.46290 byte_ppl=1.589 atoms=34 merges=0 field=37.6079 rms=1.1752 scale=1.0000 fcos=nan ign=0.0000 prn=nan nxp=0.000 mph=0.000 bytes=696804 pkts=696804 shard=1
step=1171000 (run 3000/8000) loss=7.54718 byte_ppl=1895.397 atoms=62 merges=0 field=37.8437 rms=1.1826 scale=1.0000 fcos=nan ign=0.0000 prn=nan nxp=0.000 mph=0.000 bytes=696804 pkts=696804 shard=1
step=1171025 (run 3025/8000) loss=0.00068 byte_ppl=1.001 atoms=19 merges=0 field=38.0753 rms=1.1899 scale=1.0000 fcos=nan ign=0.0000 prn=nan nxp=0.000 mph=0.000 bytes=696804 pkts=696804 shard=1
step=1171050 (run 3050/8000) loss=12.65826 byte_ppl=314350.587 atoms=47 merges=0 field=38.3589 rms=1.1987 scale=1.0000 fcos=nan ign=0.0000 prn=nan nxp=0.000 mph=0.000 bytes=696804 pkts=696804 shard=1
step=1171075 (run 3075/8000) loss=0.00000 byte_ppl=1.000 atoms=3 merges=0 field=38.5302 rms=1.2041 scale=1.0000 fcos=nan ign=0.0000 prn=nan nxp=0.000 mph=0.000 bytes=696804 pkts=696804 shard=1
step=1171100 (run 3100/8000) loss=0.07507 byte_ppl=1.078 atoms=31 merges=0 field=38.6982 rms=1.2093 scale=1.0000 fcos=nan ign=0.0000 prn=nan nxp=0.000 mph=0.000 bytes=696804 pkts=696804 shard=1
step=1171125 (run 3125/8000) loss=0.00020 byte_ppl=1.000 atoms=58 merges=0 field=38.9193 rms=1.2162 scale=1.0000 fcos=nan ign=0.0000 prn=nan nxp=0.000 mph=0.000 bytes=696804 pkts=696804 shard=1
step=1171150 (run 3150/8000) loss=0.00302 byte_ppl=1.003 atoms=16 merges=0 field=39.1238 rms=1.2226 scale=1.0000 fcos=nan ign=0.0000 prn=nan nxp=0.000 mph=0.000 bytes=696804 pkts=696804 shard=1
step=1171175 (run 3175/8000) loss=2.13994 byte_ppl=8.499 atoms=43 merges=0 field=39.2850 rms=1.2277 scale=1.0000 fcos=nan ign=0.0000 prn=nan nxp=0.000 mph=0.000 bytes=696804 pkts=696804 shard=1
step=1171200 (run 3200/8000) loss=4.14657 byte_ppl=63.217 atoms=71 merges=0 field=39.5617 rms=1.2363 scale=1.0000 fcos=nan ign=0.0000 prn=nan nxp=0.000 mph=0.000 bytes=696804 pkts=696804 shard=1
step=1171225 (run 3225/8000) loss=5.32682 byte_ppl=205.783 atoms=27 merges=0 field=39.7094 rms=1.2409 scale=1.0000 fcos=nan ign=0.0000 prn=nan nxp=0.000 mph=0.000 bytes=696804 pkts=696804 shard=1
step=1171250 (run 3250/8000) loss=0.00120 byte_ppl=1.001 atoms=55 merges=0 field=39.8716 rms=1.2460 scale=1.0000 fcos=nan ign=0.0000 prn=nan nxp=0.000 mph=0.000 bytes=696804 pkts=696804 shard=1
step=1171275 (run 3275/8000) loss=1.39945 byte_ppl=4.053 atoms=12 merges=0 field=40.0965 rms=1.2530 scale=1.0000 fcos=nan ign=0.0000 prn=nan nxp=0.000 mph=0.000 bytes=696804 pkts=696804 shard=1
step=1171300 (run 3300/8000) loss=2.37414 byte_ppl=10.742 atoms=40 merges=0 field=40.3000 rms=1.2594 scale=1.0000 fcos=nan ign=0.0000 prn=nan nxp=0.000 mph=0.000 bytes=696804 pkts=696804 shard=1
step=1171325 (run 3325/8000) loss=2.61598 byte_ppl=13.681 atoms=67 merges=0 field=40.4646 rms=1.2645 scale=1.0000 fcos=nan ign=0.0000 prn=nan nxp=0.000 mph=0.000 bytes=696804 pkts=696804 shard=1
step=1171350 (run 3350/8000) loss=2.81391 byte_ppl=16.675 atoms=25 merges=0 field=40.6696 rms=1.2709 scale=1.0000 fcos=nan ign=0.0000 prn=nan nxp=0.000 mph=0.000 bytes=696804 pkts=696804 shard=1
step=1171375 (run 3375/8000) loss=0.00061 byte_ppl=1.001 atoms=52 merges=0 field=40.8279 rms=1.2759 scale=1.0000 fcos=nan ign=0.0000 prn=nan nxp=0.000 mph=0.000 bytes=696804 pkts=696804 shard=1
step=1171400 (run 3400/8000) loss=0.25808 byte_ppl=1.294 atoms=9 merges=0 field=41.0172 rms=1.2818 scale=1.0000 fcos=nan ign=0.0000 prn=nan nxp=0.000 mph=0.000 bytes=696804 pkts=696804 shard=1
step=1171425 (run 3425/8000) loss=0.01209 byte_ppl=1.012 atoms=36 merges=0 field=41.1666 rms=1.2865 scale=1.0000 fcos=nan ign=0.0000 prn=nan nxp=0.000 mph=0.000 bytes=696804 pkts=696804 shard=1
step=1171450 (run 3450/8000) loss=0.00573 byte_ppl=1.006 atoms=64 merges=0 field=41.4485 rms=1.2953 scale=1.0000 fcos=nan ign=0.0000 prn=nan nxp=0.000 mph=0.000 bytes=696804 pkts=696804 shard=1
step=1171475 (run 3475/8000) loss=0.10898 byte_ppl=1.115 atoms=21 merges=0 field=41.6323 rms=1.3010 scale=1.0000 fcos=nan ign=0.0000 prn=nan nxp=0.000 mph=0.000 bytes=696804 pkts=696804 shard=1
step=1171500 (run 3500/8000) loss=7.05644 byte_ppl=1160.307 atoms=49 merges=0 field=41.7949 rms=1.3061 scale=1.0000 fcos=nan ign=0.0000 prn=nan nxp=0.000 mph=0.000 bytes=696804 pkts=696804 shard=1
step=1171525 (run 3525/8000) loss=0.00343 byte_ppl=1.003 atoms=5 merges=0 field=41.9686 rms=1.3115 scale=1.0000 fcos=nan ign=0.0000 prn=nan nxp=0.000 mph=0.000 bytes=696804 pkts=696804 shard=1
step=1171550 (run 3550/8000) loss=3.26349 byte_ppl=26.141 atoms=33 merges=0 field=42.0675 rms=1.3146 scale=1.0000 fcos=nan ign=0.0000 prn=nan nxp=0.000 mph=0.000 bytes=696804 pkts=696804 shard=1
step=1171575 (run 3575/8000) loss=0.00067 byte_ppl=1.001 atoms=60 merges=0 field=42.2074 rms=1.3190 scale=1.0000 fcos=nan ign=0.0000 prn=nan nxp=0.000 mph=0.000 bytes=696804 pkts=696804 shard=1
step=1171600 (run 3600/8000) loss=0.00136 byte_ppl=1.001 atoms=18 merges=0 field=42.3730 rms=1.3242 scale=1.0000 fcos=nan ign=0.0000 prn=nan nxp=0.000 mph=0.000 bytes=696804 pkts=696804 shard=1
step=1171625 (run 3625/8000) loss=0.00065 byte_ppl=1.001 atoms=45 merges=0 field=42.5644 rms=1.3301 scale=1.0000 fcos=nan ign=0.0000 prn=nan nxp=0.000 mph=0.000 bytes=696804 pkts=696804 shard=1
step=1171650 (run 3650/8000) loss=5.15315 byte_ppl=172.976 atoms=3 merges=0 field=42.7632 rms=1.3364 scale=1.0000 fcos=nan ign=0.0000 prn=nan nxp=0.000 mph=0.000 bytes=696804 pkts=696804 shard=1
step=1171675 (run 3675/8000) loss=0.08151 byte_ppl=1.085 atoms=30 merges=0 field=42.9433 rms=1.3420 scale=1.0000 fcos=nan ign=0.0000 prn=nan nxp=0.000 mph=0.000 bytes=696804 pkts=696804 shard=1
step=1171700 (run 3700/8000) loss=0.06964 byte_ppl=1.072 atoms=58 merges=0 field=43.1716 rms=1.3491 scale=1.0000 fcos=nan ign=0.0000 prn=nan nxp=0.000 mph=0.000 bytes=696804 pkts=696804 shard=1
step=1171725 (run 3725/8000) loss=0.00054 byte_ppl=1.001 atoms=14 merges=0 field=43.3150 rms=1.3536 scale=1.0000 fcos=nan ign=0.0000 prn=nan nxp=0.000 mph=0.000 bytes=696804 pkts=696804 shard=1
step=1171750 (run 3750/8000) loss=1.02519 byte_ppl=2.788 atoms=42 merges=0 field=43.5017 rms=1.3594 scale=1.0000 fcos=nan ign=0.0000 prn=nan nxp=0.000 mph=0.000 bytes=696804 pkts=696804 shard=1
step=1171775 (run 3775/8000) loss=0.24894 byte_ppl=1.283 atoms=69 merges=0 field=43.6432 rms=1.3639 scale=1.0000 fcos=nan ign=0.0000 prn=nan nxp=0.000 mph=0.000 bytes=696804 pkts=696804 shard=1
step=1171800 (run 3800/8000) loss=0.00191 byte_ppl=1.002 atoms=27 merges=0 field=43.7837 rms=1.3682 scale=1.0000 fcos=nan ign=0.0000 prn=nan nxp=0.000 mph=0.000 bytes=696804 pkts=696804 shard=1
step=1171825 (run 3825/8000) loss=0.00093 byte_ppl=1.001 atoms=54 merges=0 field=43.9308 rms=1.3728 scale=1.0000 fcos=nan ign=0.0000 prn=nan nxp=0.000 mph=0.000 bytes=696804 pkts=696804 shard=1
step=1171850 (run 3850/8000) loss=6.49739 byte_ppl=663.410 atoms=11 merges=0 field=44.0789 rms=1.3775 scale=1.0000 fcos=nan ign=0.0000 prn=nan nxp=0.000 mph=0.000 bytes=696804 pkts=696804 shard=1
step=1171875 (run 3875/8000) loss=0.00037 byte_ppl=1.000 atoms=38 merges=0 field=44.2204 rms=1.3819 scale=1.0000 fcos=nan ign=0.0000 prn=nan nxp=0.000 mph=0.000 bytes=696804 pkts=696804 shard=1
step=1171900 (run 3900/8000) loss=0.28972 byte_ppl=1.336 atoms=66 merges=0 field=44.3370 rms=1.3855 scale=1.0000 fcos=nan ign=0.0000 prn=nan nxp=0.000 mph=0.000 bytes=696804 pkts=696804 shard=1
step=1171925 (run 3925/8000) loss=5.16392 byte_ppl=174.848 atoms=23 merges=0 field=44.5055 rms=1.3908 scale=1.0000 fcos=nan ign=0.0000 prn=nan nxp=0.000 mph=0.000 bytes=696804 pkts=696804 shard=1
step=1171950 (run 3950/8000) loss=1.06500 byte_ppl=2.901 atoms=51 merges=0 field=44.6978 rms=1.3968 scale=1.0000 fcos=nan ign=0.0000 prn=nan nxp=0.000 mph=0.000 bytes=696804 pkts=696804 shard=1
step=1171975 (run 3975/8000) loss=9.18786 byte_ppl=9777.690 atoms=8 merges=0 field=44.8676 rms=1.4021 scale=1.0000 fcos=nan ign=0.0000 prn=nan nxp=0.000 mph=0.000 bytes=696804 pkts=696804 shard=1
step=1172000 (run 4000/8000) loss=5.37616 byte_ppl=216.191 atoms=36 merges=0 field=45.0099 rms=1.4066 scale=1.0000 fcos=nan ign=0.0000 prn=nan nxp=0.000 mph=0.000 bytes=696804 pkts=696804 shard=1
step=1172025 (run 4025/8000) loss=0.00056 byte_ppl=1.001 atoms=63 merges=0 field=45.2021 rms=1.4126 scale=1.0000 fcos=nan ign=0.0000 prn=nan nxp=0.000 mph=0.000 bytes=696804 pkts=696804 shard=1
step=1172050 (run 4050/8000) loss=7.39472 byte_ppl=1627.367 atoms=20 merges=0 field=45.3615 rms=1.4175 scale=1.0000 fcos=nan ign=0.0000 prn=nan nxp=0.000 mph=0.000 bytes=696804 pkts=696804 shard=1
step=1172075 (run 4075/8000) loss=1.73412 byte_ppl=5.664 atoms=47 merges=0 field=45.4478 rms=1.4202 scale=1.0000 fcos=nan ign=0.0000 prn=nan nxp=0.000 mph=0.000 bytes=696804 pkts=696804 shard=1
step=1172100 (run 4100/8000) loss=5.53706 byte_ppl=253.931 atoms=5 merges=0 field=45.6189 rms=1.4256 scale=1.0000 fcos=nan ign=0.0000 prn=nan nxp=0.000 mph=0.000 bytes=696804 pkts=696804 shard=1
step=1172125 (run 4125/8000) loss=0.00019 byte_ppl=1.000 atoms=32 merges=0 field=45.8070 rms=1.4315 scale=1.0000 fcos=nan ign=0.0000 prn=nan nxp=0.000 mph=0.000 bytes=696804 pkts=696804 shard=1
step=1172150 (run 4150/8000) loss=0.97167 byte_ppl=2.642 atoms=60 merges=0 field=45.9680 rms=1.4365 scale=1.0000 fcos=nan ign=0.0000 prn=nan nxp=0.000 mph=0.000 bytes=696804 pkts=696804 shard=1
step=1172175 (run 4175/8000) loss=2.25540 byte_ppl=9.539 atoms=16 merges=0 field=46.1836 rms=1.4432 scale=1.0000 fcos=nan ign=0.0000 prn=nan nxp=0.000 mph=0.000 bytes=696804 pkts=696804 shard=1
step=1172200 (run 4200/8000) loss=7.80049 byte_ppl=2441.804 atoms=44 merges=0 field=46.2947 rms=1.4467 scale=1.0000 fcos=nan ign=0.0000 prn=nan nxp=0.000 mph=0.000 bytes=696804 pkts=696804 shard=1
step=1172225 (run 4225/8000) loss=0.23418 byte_ppl=1.264 atoms=1 merges=0 field=46.4374 rms=1.4512 scale=1.0000 fcos=nan ign=0.0000 prn=nan nxp=0.000 mph=0.000 bytes=696804 pkts=696804 shard=1
step=1172250 (run 4250/8000) loss=5.78670 byte_ppl=325.935 atoms=29 merges=0 field=46.5999 rms=1.4562 scale=1.0000 fcos=nan ign=0.0000 prn=nan nxp=0.000 mph=0.000 bytes=696804 pkts=696804 shard=1
step=1172275 (run 4275/8000) loss=0.00426 byte_ppl=1.004 atoms=56 merges=0 field=46.7350 rms=1.4605 scale=1.0000 fcos=nan ign=0.0000 prn=nan nxp=0.000 mph=0.000 bytes=696804 pkts=696804 shard=1
step=1172300 (run 4300/8000) loss=0.01907 byte_ppl=1.019 atoms=14 merges=0 field=46.8731 rms=1.4648 scale=1.0000 fcos=nan ign=0.0000 prn=nan nxp=0.000 mph=0.000 bytes=696804 pkts=696804 shard=1
step=1172325 (run 4325/8000) loss=0.02529 byte_ppl=1.026 atoms=41 merges=0 field=47.0054 rms=1.4689 scale=1.0000 fcos=nan ign=0.0000 prn=nan nxp=0.000 mph=0.000 bytes=696804 pkts=696804 shard=1
step=1172350 (run 4350/8000) loss=6.87505 byte_ppl=967.820 atoms=69 merges=0 field=47.1572 rms=1.4737 scale=1.0000 fcos=nan ign=0.0000 prn=nan nxp=0.000 mph=0.000 bytes=696804 pkts=696804 shard=1
step=1172375 (run 4375/8000) loss=0.11620 byte_ppl=1.123 atoms=25 merges=0 field=47.2749 rms=1.4773 scale=1.0000 fcos=nan ign=0.0000 prn=nan nxp=0.000 mph=0.000 bytes=696804 pkts=696804 shard=1
step=1172400 (run 4400/8000) loss=0.03631 byte_ppl=1.037 atoms=53 merges=0 field=47.4682 rms=1.4834 scale=1.0000 fcos=nan ign=0.0000 prn=nan nxp=0.000 mph=0.000 bytes=696804 pkts=696804 shard=1
step=1172425 (run 4425/8000) loss=0.00241 byte_ppl=1.002 atoms=10 merges=0 field=47.5667 rms=1.4865 scale=1.0000 fcos=nan ign=0.0000 prn=nan nxp=0.000 mph=0.000 bytes=696804 pkts=696804 shard=1
step=1172450 (run 4450/8000) loss=6.85379 byte_ppl=947.464 atoms=38 merges=0 field=47.6873 rms=1.4902 scale=1.0000 fcos=nan ign=0.0000 prn=nan nxp=0.000 mph=0.000 bytes=696804 pkts=696804 shard=1
step=1172475 (run 4475/8000) loss=0.00032 byte_ppl=1.000 atoms=65 merges=0 field=47.8684 rms=1.4959 scale=1.0000 fcos=nan ign=0.0000 prn=nan nxp=0.000 mph=0.000 bytes=696804 pkts=696804 shard=1
step=1172500 (run 4500/8000) loss=0.19285 byte_ppl=1.213 atoms=22 merges=0 field=47.9908 rms=1.4997 scale=1.0000 fcos=nan ign=0.0000 prn=nan nxp=0.000 mph=0.000 bytes=696804 pkts=696804 shard=1
step=1172525 (run 4525/8000) loss=0.00014 byte_ppl=1.000 atoms=49 merges=0 field=48.1168 rms=1.5036 scale=1.0000 fcos=nan ign=0.0000 prn=nan nxp=0.000 mph=0.000 bytes=696804 pkts=696804 shard=1
step=1172550 (run 4550/8000) loss=3.70746 byte_ppl=40.750 atoms=7 merges=0 field=48.2534 rms=1.5079 scale=1.0000 fcos=nan ign=0.0000 prn=nan nxp=0.000 mph=0.000 bytes=696804 pkts=696804 shard=1
step=1172575 (run 4575/8000) loss=0.72734 byte_ppl=2.070 atoms=34 merges=0 field=48.3771 rms=1.5118 scale=1.0000 fcos=nan ign=0.0000 prn=nan nxp=0.000 mph=0.000 bytes=696804 pkts=696804 shard=1
step=1172600 (run 4600/8000) loss=1.98903 byte_ppl=7.308 atoms=62 merges=0 field=48.4755 rms=1.5149 scale=1.0000 fcos=nan ign=0.0000 prn=nan nxp=0.000 mph=0.000 bytes=696804 pkts=696804 shard=1
step=1172625 (run 4625/8000) loss=0.00285 byte_ppl=1.003 atoms=19 merges=0 field=48.5845 rms=1.5183 scale=1.0000 fcos=nan ign=0.0000 prn=nan nxp=0.000 mph=0.000 bytes=696804 pkts=696804 shard=1
step=1172650 (run 4650/8000) loss=0.01873 byte_ppl=1.019 atoms=47 merges=0 field=48.7281 rms=1.5228 scale=1.0000 fcos=nan ign=0.0000 prn=nan nxp=0.000 mph=0.000 bytes=696804 pkts=696804 shard=1
step=1172675 (run 4675/8000) loss=0.00089 byte_ppl=1.001 atoms=3 merges=0 field=48.8587 rms=1.5268 scale=1.0000 fcos=nan ign=0.0000 prn=nan nxp=0.000 mph=0.000 bytes=696804 pkts=696804 shard=1
step=1172700 (run 4700/8000) loss=0.31604 byte_ppl=1.372 atoms=31 merges=0 field=48.9876 rms=1.5309 scale=1.0000 fcos=nan ign=0.0000 prn=nan nxp=0.000 mph=0.000 bytes=696804 pkts=696804 shard=1
step=1172725 (run 4725/8000) loss=2.03929 byte_ppl=7.685 atoms=58 merges=0 field=49.1138 rms=1.5348 scale=1.0000 fcos=nan ign=0.0000 prn=nan nxp=0.000 mph=0.000 bytes=696804 pkts=696804 shard=1
step=1172750 (run 4750/8000) loss=4.91548 byte_ppl=136.385 atoms=16 merges=0 field=49.2660 rms=1.5396 scale=1.0000 fcos=nan ign=0.0000 prn=nan nxp=0.000 mph=0.000 bytes=696804 pkts=696804 shard=1
step=1172775 (run 4775/8000) loss=0.00080 byte_ppl=1.001 atoms=43 merges=0 field=49.3814 rms=1.5432 scale=1.0000 fcos=nan ign=0.0000 prn=nan nxp=0.000 mph=0.000 bytes=696804 pkts=696804 shard=1
step=1172800 (run 4800/8000) loss=0.69632 byte_ppl=2.006 atoms=71 merges=0 field=49.4910 rms=1.5466 scale=1.0000 fcos=nan ign=0.0000 prn=nan nxp=0.000 mph=0.000 bytes=696804 pkts=696804 shard=1
step=1172825 (run 4825/8000) loss=2.46814 byte_ppl=11.800 atoms=27 merges=0 field=49.6929 rms=1.5529 scale=1.0000 fcos=nan ign=0.0000 prn=nan nxp=0.000 mph=0.000 bytes=696804 pkts=696804 shard=1
step=1172850 (run 4850/8000) loss=8.01182 byte_ppl=3016.410 atoms=55 merges=0 field=49.8270 rms=1.5571 scale=1.0000 fcos=nan ign=0.0000 prn=nan nxp=0.000 mph=0.000 bytes=696804 pkts=696804 shard=1
step=1172875 (run 4875/8000) loss=0.00023 byte_ppl=1.000 atoms=12 merges=0 field=49.9011 rms=1.5594 scale=1.0000 fcos=nan ign=0.0000 prn=nan nxp=0.000 mph=0.000 bytes=696804 pkts=696804 shard=1
step=1172900 (run 4900/8000) loss=10.24814 byte_ppl=28229.860 atoms=40 merges=0 field=50.0584 rms=1.5643 scale=1.0000 fcos=nan ign=0.0000 prn=nan nxp=0.000 mph=0.000 bytes=696804 pkts=696804 shard=1
step=1172925 (run 4925/8000) loss=0.00905 byte_ppl=1.009 atoms=67 merges=0 field=50.2227 rms=1.5695 scale=1.0000 fcos=nan ign=0.0000 prn=nan nxp=0.000 mph=0.000 bytes=696804 pkts=696804 shard=1
step=1172950 (run 4950/8000) loss=0.70712 byte_ppl=2.028 atoms=25 merges=0 field=50.3773 rms=1.5743 scale=1.0000 fcos=nan ign=0.0000 prn=nan nxp=0.000 mph=0.000 bytes=696804 pkts=696804 shard=1
step=1172975 (run 4975/8000) loss=0.00695 byte_ppl=1.007 atoms=52 merges=0 field=50.5594 rms=1.5800 scale=1.0000 fcos=nan ign=0.0000 prn=nan nxp=0.000 mph=0.000 bytes=696804 pkts=696804 shard=1
step=1173000 (run 5000/8000) loss=0.00104 byte_ppl=1.001 atoms=9 merges=0 field=50.6687 rms=1.5834 scale=1.0000 fcos=nan ign=0.0000 prn=nan nxp=0.000 mph=0.000 bytes=696804 pkts=696804 shard=1
step=1173025 (run 5025/8000) loss=0.00379 byte_ppl=1.004 atoms=36 merges=0 field=50.7525 rms=1.5860 scale=1.0000 fcos=nan ign=0.0000 prn=nan nxp=0.000 mph=0.000 bytes=696804 pkts=696804 shard=1
step=1173050 (run 5050/8000) loss=5.94955 byte_ppl=383.581 atoms=64 merges=0 field=50.8666 rms=1.5896 scale=1.0000 fcos=nan ign=0.0000 prn=nan nxp=0.000 mph=0.000 bytes=696804 pkts=696804 shard=1
step=1173075 (run 5075/8000) loss=0.35440 byte_ppl=1.425 atoms=21 merges=0 field=51.0172 rms=1.5943 scale=1.0000 fcos=nan ign=0.0000 prn=nan nxp=0.000 mph=0.000 bytes=696804 pkts=696804 shard=1
step=1173100 (run 5100/8000) loss=0.83582 byte_ppl=2.307 atoms=49 merges=0 field=51.1730 rms=1.5992 scale=1.0000 fcos=nan ign=0.0000 prn=nan nxp=0.000 mph=0.000 bytes=696804 pkts=696804 shard=1
step=1173125 (run 5125/8000) loss=0.00281 byte_ppl=1.003 atoms=5 merges=0 field=51.2460 rms=1.6014 scale=1.0000 fcos=nan ign=0.0000 prn=nan nxp=0.000 mph=0.000 bytes=696804 pkts=696804 shard=1
step=1173150 (run 5150/8000) loss=12.60091 byte_ppl=296827.763 atoms=33 merges=0 field=51.3994 rms=1.6062 scale=1.0000 fcos=nan ign=0.0000 prn=nan nxp=0.000 mph=0.000 bytes=696804 pkts=696804 shard=1
step=1173175 (run 5175/8000) loss=6.89788 byte_ppl=990.170 atoms=60 merges=0 field=51.5079 rms=1.6096 scale=1.0000 fcos=nan ign=0.0000 prn=nan nxp=0.000 mph=0.000 bytes=696804 pkts=696804 shard=1
step=1173200 (run 5200/8000) loss=0.73792 byte_ppl=2.092 atoms=18 merges=0 field=51.4885 rms=1.6090 scale=1.0000 fcos=nan ign=0.0000 prn=nan nxp=0.000 mph=0.000 bytes=696804 pkts=696804 shard=1
step=1173225 (run 5225/8000) loss=0.00845 byte_ppl=1.008 atoms=45 merges=0 field=51.5291 rms=1.6103 scale=1.0000 fcos=nan ign=0.0000 prn=nan nxp=0.000 mph=0.000 bytes=696804 pkts=696804 shard=1
step=1173250 (run 5250/8000) loss=0.14767 byte_ppl=1.159 atoms=3 merges=0 field=51.5841 rms=1.6120 scale=1.0000 fcos=nan ign=0.0000 prn=nan nxp=0.000 mph=0.000 bytes=696804 pkts=696804 shard=1
step=1173275 (run 5275/8000) loss=0.00996 byte_ppl=1.010 atoms=30 merges=0 field=51.7720 rms=1.6179 scale=1.0000 fcos=nan ign=0.0000 prn=nan nxp=0.000 mph=0.000 bytes=696804 pkts=696804 shard=1
step=1173300 (run 5300/8000) loss=4.48375 byte_ppl=88.566 atoms=58 merges=0 field=51.9277 rms=1.6227 scale=1.0000 fcos=nan ign=0.0000 prn=nan nxp=0.000 mph=0.000 bytes=696804 pkts=696804 shard=1
step=1173325 (run 5325/8000) loss=0.06886 byte_ppl=1.071 atoms=14 merges=0 field=52.0012 rms=1.6250 scale=1.0000 fcos=nan ign=0.0000 prn=nan nxp=0.000 mph=0.000 bytes=696804 pkts=696804 shard=1
step=1173350 (run 5350/8000) loss=0.08170 byte_ppl=1.085 atoms=42 merges=0 field=52.1080 rms=1.6284 scale=1.0000 fcos=nan ign=0.0000 prn=nan nxp=0.000 mph=0.000 bytes=696804 pkts=696804 shard=1
step=1173375 (run 5375/8000) loss=0.00286 byte_ppl=1.003 atoms=69 merges=0 field=52.2889 rms=1.6340 scale=1.0000 fcos=nan ign=0.0000 prn=nan nxp=0.000 mph=0.000 bytes=696804 pkts=696804 shard=1
step=1173400 (run 5400/8000) loss=9.01982 byte_ppl=8265.283 atoms=27 merges=0 field=52.4134 rms=1.6379 scale=1.0000 fcos=nan ign=0.0000 prn=nan nxp=0.000 mph=0.000 bytes=696804 pkts=696804 shard=1
step=1173425 (run 5425/8000) loss=0.00578 byte_ppl=1.006 atoms=54 merges=0 field=52.4843 rms=1.6401 scale=1.0000 fcos=nan ign=0.0000 prn=nan nxp=0.000 mph=0.000 bytes=696804 pkts=696804 shard=1
step=1173450 (run 5450/8000) loss=7.14647 byte_ppl=1269.611 atoms=11 merges=0 field=52.5701 rms=1.6428 scale=1.0000 fcos=nan ign=0.0000 prn=nan nxp=0.000 mph=0.000 bytes=696804 pkts=696804 shard=1
step=1173475 (run 5475/8000) loss=0.00139 byte_ppl=1.001 atoms=38 merges=0 field=52.6943 rms=1.6467 scale=1.0000 fcos=nan ign=0.0000 prn=nan nxp=0.000 mph=0.000 bytes=696804 pkts=696804 shard=1
step=1173500 (run 5500/8000) loss=0.30309 byte_ppl=1.354 atoms=66 merges=0 field=52.8088 rms=1.6503 scale=1.0000 fcos=nan ign=0.0000 prn=nan nxp=0.000 mph=0.000 bytes=696804 pkts=696804 shard=1
step=1173525 (run 5525/8000) loss=0.01728 byte_ppl=1.017 atoms=23 merges=0 field=52.9708 rms=1.6553 scale=1.0000 fcos=nan ign=0.0000 prn=nan nxp=0.000 mph=0.000 bytes=696804 pkts=696804 shard=1
step=1173550 (run 5550/8000) loss=2.50358 byte_ppl=12.226 atoms=51 merges=0 field=53.0414 rms=1.6575 scale=1.0000 fcos=nan ign=0.0000 prn=nan nxp=0.000 mph=0.000 bytes=696804 pkts=696804 shard=1
step=1173575 (run 5575/8000) loss=0.00483 byte_ppl=1.005 atoms=8 merges=0 field=53.1362 rms=1.6605 scale=1.0000 fcos=nan ign=0.0000 prn=nan nxp=0.000 mph=0.000 bytes=696804 pkts=696804 shard=1
step=1173600 (run 5600/8000) loss=0.00125 byte_ppl=1.001 atoms=36 merges=0 field=53.2761 rms=1.6649 scale=1.0000 fcos=nan ign=0.0000 prn=nan nxp=0.000 mph=0.000 bytes=696804 pkts=696804 shard=1
step=1173625 (run 5625/8000) loss=0.00016 byte_ppl=1.000 atoms=63 merges=0 field=53.4050 rms=1.6689 scale=1.0000 fcos=nan ign=0.0000 prn=nan nxp=0.000 mph=0.000 bytes=696804 pkts=696804 shard=1
step=1173650 (run 5650/8000) loss=3.32980 byte_ppl=27.933 atoms=20 merges=0 field=53.5100 rms=1.6722 scale=1.0000 fcos=nan ign=0.0000 prn=nan nxp=0.000 mph=0.000 bytes=696804 pkts=696804 shard=1
step=1173675 (run 5675/8000) loss=0.00079 byte_ppl=1.001 atoms=47 merges=0 field=53.6170 rms=1.6755 scale=1.0000 fcos=nan ign=0.0000 prn=nan nxp=0.000 mph=0.000 bytes=696804 pkts=696804 shard=1
step=1173700 (run 5700/8000) loss=6.93113 byte_ppl=1023.646 atoms=5 merges=0 field=53.7615 rms=1.6800 scale=1.0000 fcos=nan ign=0.0000 prn=nan nxp=0.000 mph=0.000 bytes=696804 pkts=696804 shard=1
step=1173725 (run 5725/8000) loss=0.00004 byte_ppl=1.000 atoms=32 merges=0 field=53.7819 rms=1.6807 scale=1.0000 fcos=nan ign=0.0000 prn=nan nxp=0.000 mph=0.000 bytes=696804 pkts=696804 shard=1
step=1173750 (run 5750/8000) loss=0.00224 byte_ppl=1.002 atoms=60 merges=0 field=53.9586 rms=1.6862 scale=1.0000 fcos=nan ign=0.0000 prn=nan nxp=0.000 mph=0.000 bytes=696804 pkts=696804 shard=1
step=1173775 (run 5775/8000) loss=0.01251 byte_ppl=1.013 atoms=16 merges=0 field=54.0445 rms=1.6889 scale=1.0000 fcos=nan ign=0.0000 prn=nan nxp=0.000 mph=0.000 bytes=696804 pkts=696804 shard=1
step=1173800 (run 5800/8000) loss=0.00026 byte_ppl=1.000 atoms=44 merges=0 field=54.0701 rms=1.6897 scale=1.0000 fcos=nan ign=0.0000 prn=nan nxp=0.000 mph=0.000 bytes=696804 pkts=696804 shard=1
step=1173825 (run 5825/8000) loss=0.00002 byte_ppl=1.000 atoms=1 merges=0 field=54.1986 rms=1.6937 scale=1.0000 fcos=nan ign=0.0000 prn=nan nxp=0.000 mph=0.000 bytes=696804 pkts=696804 shard=1
step=1173850 (run 5850/8000) loss=7.93437 byte_ppl=2791.589 atoms=29 merges=0 field=54.2325 rms=1.6948 scale=1.0000 fcos=nan ign=0.0000 prn=nan nxp=0.000 mph=0.000 bytes=696804 pkts=696804 shard=1
step=1173875 (run 5875/8000) loss=0.00805 byte_ppl=1.008 atoms=56 merges=0 field=54.3016 rms=1.6969 scale=1.0000 fcos=nan ign=0.0000 prn=nan nxp=0.000 mph=0.000 bytes=696804 pkts=696804 shard=1
step=1173900 (run 5900/8000) loss=4.19733 byte_ppl=66.509 atoms=14 merges=0 field=54.4433 rms=1.7014 scale=1.0000 fcos=nan ign=0.0000 prn=nan nxp=0.000 mph=0.000 bytes=696804 pkts=696804 shard=1
step=1173925 (run 5925/8000) loss=0.00097 byte_ppl=1.001 atoms=41 merges=0 field=54.4884 rms=1.7028 scale=1.0000 fcos=nan ign=0.0000 prn=nan nxp=0.000 mph=0.000 bytes=696804 pkts=696804 shard=1
step=1173950 (run 5950/8000) loss=5.81718 byte_ppl=336.023 atoms=69 merges=0 field=54.5739 rms=1.7054 scale=1.0000 fcos=nan ign=0.0000 prn=nan nxp=0.000 mph=0.000 bytes=696804 pkts=696804 shard=1
step=1173975 (run 5975/8000) loss=0.00151 byte_ppl=1.002 atoms=25 merges=0 field=54.6945 rms=1.7092 scale=1.0000 fcos=nan ign=0.0000 prn=nan nxp=0.000 mph=0.000 bytes=696804 pkts=696804 shard=1
step=1174000 (run 6000/8000) loss=3.35131 byte_ppl=28.540 atoms=53 merges=0 field=54.7813 rms=1.7119 scale=1.0000 fcos=nan ign=0.0000 prn=nan nxp=0.000 mph=0.000 bytes=696804 pkts=696804 shard=1
step=1174025 (run 6025/8000) loss=0.13913 byte_ppl=1.149 atoms=10 merges=0 field=54.8466 rms=1.7140 scale=1.0000 fcos=nan ign=0.0000 prn=nan nxp=0.000 mph=0.000 bytes=696804 pkts=696804 shard=1
step=1174050 (run 6050/8000) loss=5.37335 byte_ppl=215.583 atoms=38 merges=0 field=54.9262 rms=1.7164 scale=1.0000 fcos=nan ign=0.0000 prn=nan nxp=0.000 mph=0.000 bytes=696804 pkts=696804 shard=1
step=1174075 (run 6075/8000) loss=0.09594 byte_ppl=1.101 atoms=65 merges=0 field=55.0219 rms=1.7194 scale=1.0000 fcos=nan ign=0.0000 prn=nan nxp=0.000 mph=0.000 bytes=696804 pkts=696804 shard=1
step=1174100 (run 6100/8000) loss=0.00693 byte_ppl=1.007 atoms=22 merges=0 field=55.0626 rms=1.7207 scale=1.0000 fcos=nan ign=0.0000 prn=nan nxp=0.000 mph=0.000 bytes=696804 pkts=696804 shard=1
step=1174125 (run 6125/8000) loss=0.00150 byte_ppl=1.001 atoms=49 merges=0 field=55.1213 rms=1.7225 scale=1.0000 fcos=nan ign=0.0000 prn=nan nxp=0.000 mph=0.000 bytes=696804 pkts=696804 shard=1
step=1174150 (run 6150/8000) loss=11.17187 byte_ppl=71101.624 atoms=7 merges=0 field=55.2055 rms=1.7252 scale=1.0000 fcos=nan ign=0.0000 prn=nan nxp=0.000 mph=0.000 bytes=696804 pkts=696804 shard=1
step=1174175 (run 6175/8000) loss=0.00296 byte_ppl=1.003 atoms=34 merges=0 field=55.2938 rms=1.7279 scale=1.0000 fcos=nan ign=0.0000 prn=nan nxp=0.000 mph=0.000 bytes=696804 pkts=696804 shard=1
step=1174200 (run 6200/8000) loss=7.14999 byte_ppl=1274.093 atoms=62 merges=0 field=55.3524 rms=1.7298 scale=1.0000 fcos=nan ign=0.0000 prn=nan nxp=0.000 mph=0.000 bytes=696804 pkts=696804 shard=1
step=1174225 (run 6225/8000) loss=0.00178 byte_ppl=1.002 atoms=19 merges=0 field=55.4274 rms=1.7321 scale=1.0000 fcos=nan ign=0.0000 prn=nan nxp=0.000 mph=0.000 bytes=696804 pkts=696804 shard=1
step=1174250 (run 6250/8000) loss=5.72496 byte_ppl=306.420 atoms=47 merges=0 field=55.4704 rms=1.7334 scale=1.0000 fcos=nan ign=0.0000 prn=nan nxp=0.000 mph=0.000 bytes=696804 pkts=696804 shard=1
step=1174275 (run 6275/8000) loss=0.00898 byte_ppl=1.009 atoms=3 merges=0 field=55.5779 rms=1.7368 scale=1.0000 fcos=nan ign=0.0000 prn=nan nxp=0.000 mph=0.000 bytes=696804 pkts=696804 shard=1
step=1174300 (run 6300/8000) loss=0.32235 byte_ppl=1.380 atoms=31 merges=0 field=55.6128 rms=1.7379 scale=1.0000 fcos=nan ign=0.0000 prn=nan nxp=0.000 mph=0.000 bytes=696804 pkts=696804 shard=1
step=1174325 (run 6325/8000) loss=0.00143 byte_ppl=1.001 atoms=58 merges=0 field=55.6892 rms=1.7403 scale=1.0000 fcos=nan ign=0.0000 prn=nan nxp=0.000 mph=0.000 bytes=696804 pkts=696804 shard=1
step=1174350 (run 6350/8000) loss=2.65131 byte_ppl=14.173 atoms=16 merges=0 field=55.8167 rms=1.7443 scale=1.0000 fcos=nan ign=0.0000 prn=nan nxp=0.000 mph=0.000 bytes=696804 pkts=696804 shard=1
step=1174375 (run 6375/8000) loss=0.00083 byte_ppl=1.001 atoms=43 merges=0 field=55.8340 rms=1.7448 scale=1.0000 fcos=nan ign=0.0000 prn=nan nxp=0.000 mph=0.000 bytes=696804 pkts=696804 shard=1
step=1174400 (run 6400/8000) loss=0.00676 byte_ppl=1.007 atoms=71 merges=0 field=55.8946 rms=1.7467 scale=1.0000 fcos=nan ign=0.0000 prn=nan nxp=0.000 mph=0.000 bytes=696804 pkts=696804 shard=1
step=1174425 (run 6425/8000) loss=1.56487 byte_ppl=4.782 atoms=27 merges=0 field=56.0343 rms=1.7511 scale=1.0000 fcos=nan ign=0.0000 prn=nan nxp=0.000 mph=0.000 bytes=696804 pkts=696804 shard=1
step=1174450 (run 6450/8000) loss=6.62351 byte_ppl=752.584 atoms=55 merges=0 field=56.1319 rms=1.7541 scale=1.0000 fcos=nan ign=0.0000 prn=nan nxp=0.000 mph=0.000 bytes=696804 pkts=696804 shard=1
step=1174475 (run 6475/8000) loss=0.02147 byte_ppl=1.022 atoms=12 merges=0 field=56.1611 rms=1.7550 scale=1.0000 fcos=nan ign=0.0000 prn=nan nxp=0.000 mph=0.000 bytes=696804 pkts=696804 shard=1
step=1174500 (run 6500/8000) loss=0.92667 byte_ppl=2.526 atoms=40 merges=0 field=56.2259 rms=1.7571 scale=1.0000 fcos=nan ign=0.0000 prn=nan nxp=0.000 mph=0.000 bytes=696804 pkts=696804 shard=1
step=1174525 (run 6525/8000) loss=0.00075 byte_ppl=1.001 atoms=67 merges=0 field=56.2646 rms=1.7583 scale=1.0000 fcos=nan ign=0.0000 prn=nan nxp=0.000 mph=0.000 bytes=696804 pkts=696804 shard=1
step=1174550 (run 6550/8000) loss=9.62542 byte_ppl=15144.980 atoms=25 merges=0 field=56.3135 rms=1.7598 scale=1.0000 fcos=nan ign=0.0000 prn=nan nxp=0.000 mph=0.000 bytes=696804 pkts=696804 shard=1
step=1174575 (run 6575/8000) loss=0.01522 byte_ppl=1.015 atoms=52 merges=0 field=56.4536 rms=1.7642 scale=1.0000 fcos=nan ign=0.0000 prn=nan nxp=0.000 mph=0.000 bytes=696804 pkts=696804 shard=1
step=1174600 (run 6600/8000) loss=2.50871 byte_ppl=12.289 atoms=9 merges=0 field=56.6044 rms=1.7689 scale=1.0000 fcos=nan ign=0.0000 prn=nan nxp=0.000 mph=0.000 bytes=696804 pkts=696804 shard=1
step=1174625 (run 6625/8000) loss=0.00357 byte_ppl=1.004 atoms=36 merges=0 field=56.6140 rms=1.7692 scale=1.0000 fcos=nan ign=0.0000 prn=nan nxp=0.000 mph=0.000 bytes=696804 pkts=696804 shard=1
step=1174650 (run 6650/8000) loss=3.94873 byte_ppl=51.870 atoms=64 merges=0 field=56.7099 rms=1.7722 scale=1.0000 fcos=nan ign=0.0000 prn=nan nxp=0.000 mph=0.000 bytes=696804 pkts=696804 shard=1
step=1174675 (run 6675/8000) loss=0.00036 byte_ppl=1.000 atoms=21 merges=0 field=56.8033 rms=1.7751 scale=1.0000 fcos=nan ign=0.0000 prn=nan nxp=0.000 mph=0.000 bytes=696804 pkts=696804 shard=1
step=1174700 (run 6700/8000) loss=8.51263 byte_ppl=4977.243 atoms=49 merges=0 field=56.8471 rms=1.7765 scale=1.0000 fcos=nan ign=0.0000 prn=nan nxp=0.000 mph=0.000 bytes=696804 pkts=696804 shard=1
step=1174725 (run 6725/8000) loss=0.00069 byte_ppl=1.001 atoms=5 merges=0 field=56.9417 rms=1.7794 scale=1.0000 fcos=nan ign=0.0000 prn=nan nxp=0.000 mph=0.000 bytes=696804 pkts=696804 shard=1
step=1174750 (run 6750/8000) loss=2.31601 byte_ppl=10.135 atoms=33 merges=0 field=56.9886 rms=1.7809 scale=1.0000 fcos=nan ign=0.0000 prn=nan nxp=0.000 mph=0.000 bytes=696804 pkts=696804 shard=1
step=1174775 (run 6775/8000) loss=0.00084 byte_ppl=1.001 atoms=60 merges=0 field=57.0667 rms=1.7833 scale=1.0000 fcos=nan ign=0.0000 prn=nan nxp=0.000 mph=0.000 bytes=696804 pkts=696804 shard=1
step=1174800 (run 6800/8000) loss=0.01149 byte_ppl=1.012 atoms=18 merges=0 field=57.2192 rms=1.7881 scale=1.0000 fcos=nan ign=0.0000 prn=nan nxp=0.000 mph=0.000 bytes=696804 pkts=696804 shard=1
step=1174825 (run 6825/8000) loss=0.01032 byte_ppl=1.010 atoms=45 merges=0 field=57.2687 rms=1.7896 scale=1.0000 fcos=nan ign=0.0000 prn=nan nxp=0.000 mph=0.000 bytes=696804 pkts=696804 shard=1
step=1174850 (run 6850/8000) loss=13.22373 byte_ppl=553341.199 atoms=3 merges=0 field=57.3321 rms=1.7916 scale=1.0000 fcos=nan ign=0.0000 prn=nan nxp=0.000 mph=0.000 bytes=696804 pkts=696804 shard=1
step=1174875 (run 6875/8000) loss=2.11553 byte_ppl=8.294 atoms=30 merges=0 field=57.4468 rms=1.7952 scale=1.0000 fcos=nan ign=0.0000 prn=nan nxp=0.000 mph=0.000 bytes=696804 pkts=696804 shard=1
step=1174900 (run 6900/8000) loss=14.10457 byte_ppl=1335174.157 atoms=58 merges=0 field=57.5150 rms=1.7973 scale=1.0000 fcos=nan ign=0.0000 prn=nan nxp=0.000 mph=0.000 bytes=696804 pkts=696804 shard=1
step=1174925 (run 6925/8000) loss=0.03693 byte_ppl=1.038 atoms=14 merges=0 field=57.5861 rms=1.7996 scale=1.0000 fcos=nan ign=0.0000 prn=nan nxp=0.000 mph=0.000 bytes=696804 pkts=696804 shard=1
step=1174950 (run 6950/8000) loss=2.41574 byte_ppl=11.198 atoms=42 merges=0 field=57.6743 rms=1.8023 scale=1.0000 fcos=nan ign=0.0000 prn=nan nxp=0.000 mph=0.000 bytes=696804 pkts=696804 shard=1
step=1174975 (run 6975/8000) loss=0.12957 byte_ppl=1.138 atoms=69 merges=0 field=57.7645 rms=1.8051 scale=1.0000 fcos=nan ign=0.0000 prn=nan nxp=0.000 mph=0.000 bytes=696804 pkts=696804 shard=1
step=1175000 (run 7000/8000) loss=0.01409 byte_ppl=1.014 atoms=27 merges=0 field=57.8454 rms=1.8077 scale=1.0000 fcos=nan ign=0.0000 prn=nan nxp=0.000 mph=0.000 bytes=696804 pkts=696804 shard=1
step=1175025 (run 7025/8000) loss=0.01085 byte_ppl=1.011 atoms=54 merges=0 field=57.9394 rms=1.8106 scale=1.0000 fcos=nan ign=0.0000 prn=nan nxp=0.000 mph=0.000 bytes=696804 pkts=696804 shard=1
step=1175050 (run 7050/8000) loss=6.93368 byte_ppl=1026.260 atoms=11 merges=0 field=58.0722 rms=1.8148 scale=1.0000 fcos=nan ign=0.0000 prn=nan nxp=0.000 mph=0.000 bytes=696804 pkts=696804 shard=1
step=1175075 (run 7075/8000) loss=0.01838 byte_ppl=1.019 atoms=38 merges=0 field=58.1985 rms=1.8187 scale=1.0000 fcos=nan ign=0.0000 prn=nan nxp=0.000 mph=0.000 bytes=696804 pkts=696804 shard=1
step=1175100 (run 7100/8000) loss=0.70265 byte_ppl=2.019 atoms=66 merges=0 field=58.2116 rms=1.8191 scale=1.0000 fcos=nan ign=0.0000 prn=nan nxp=0.000 mph=0.000 bytes=696804 pkts=696804 shard=1
step=1175125 (run 7125/8000) loss=0.48370 byte_ppl=1.622 atoms=23 merges=0 field=58.2597 rms=1.8206 scale=1.0000 fcos=nan ign=0.0000 prn=nan nxp=0.000 mph=0.000 bytes=696804 pkts=696804 shard=1
step=1175150 (run 7150/8000) loss=0.03282 byte_ppl=1.033 atoms=51 merges=0 field=58.3409 rms=1.8232 scale=1.0000 fcos=nan ign=0.0000 prn=nan nxp=0.000 mph=0.000 bytes=696804 pkts=696804 shard=1
step=1175175 (run 7175/8000) loss=1.87940 byte_ppl=6.550 atoms=8 merges=0 field=58.4236 rms=1.8257 scale=1.0000 fcos=nan ign=0.0000 prn=nan nxp=0.000 mph=0.000 bytes=696804 pkts=696804 shard=1
step=1175200 (run 7200/8000) loss=0.07108 byte_ppl=1.074 atoms=36 merges=0 field=58.5848 rms=1.8308 scale=1.0000 fcos=nan ign=0.0000 prn=nan nxp=0.000 mph=0.000 bytes=696804 pkts=696804 shard=1
step=1175225 (run 7225/8000) loss=0.01570 byte_ppl=1.016 atoms=63 merges=0 field=58.6633 rms=1.8332 scale=1.0000 fcos=nan ign=0.0000 prn=nan nxp=0.000 mph=0.000 bytes=696804 pkts=696804 shard=1
step=1175250 (run 7250/8000) loss=7.26056 byte_ppl=1423.056 atoms=20 merges=0 field=58.7721 rms=1.8366 scale=1.0000 fcos=nan ign=0.0000 prn=nan nxp=0.000 mph=0.000 bytes=696804 pkts=696804 shard=1
step=1175275 (run 7275/8000) loss=0.00125 byte_ppl=1.001 atoms=47 merges=0 field=58.8285 rms=1.8384 scale=1.0000 fcos=nan ign=0.0000 prn=nan nxp=0.000 mph=0.000 bytes=696804 pkts=696804 shard=1
step=1175300 (run 7300/8000) loss=4.65661 byte_ppl=105.278 atoms=5 merges=0 field=58.9509 rms=1.8422 scale=1.0000 fcos=nan ign=0.0000 prn=nan nxp=0.000 mph=0.000 bytes=696804 pkts=696804 shard=1
step=1175325 (run 7325/8000) loss=0.00021 byte_ppl=1.000 atoms=32 merges=0 field=59.0882 rms=1.8465 scale=1.0000 fcos=nan ign=0.0000 prn=nan nxp=0.000 mph=0.000 bytes=696804 pkts=696804 shard=1
step=1175350 (run 7350/8000) loss=0.07108 byte_ppl=1.074 atoms=60 merges=0 field=59.2000 rms=1.8500 scale=1.0000 fcos=nan ign=0.0000 prn=nan nxp=0.000 mph=0.000 bytes=696804 pkts=696804 shard=1
step=1175375 (run 7375/8000) loss=0.01618 byte_ppl=1.016 atoms=16 merges=0 field=59.3162 rms=1.8536 scale=1.0000 fcos=nan ign=0.0000 prn=nan nxp=0.000 mph=0.000 bytes=696804 pkts=696804 shard=1
step=1175400 (run 7400/8000) loss=0.00611 byte_ppl=1.006 atoms=44 merges=0 field=59.4296 rms=1.8572 scale=1.0000 fcos=nan ign=0.0000 prn=nan nxp=0.000 mph=0.000 bytes=696804 pkts=696804 shard=1
step=1175425 (run 7425/8000) loss=4.98197 byte_ppl=145.761 atoms=1 merges=0 field=59.5018 rms=1.8594 scale=1.0000 fcos=nan ign=0.0000 prn=nan nxp=0.000 mph=0.000 bytes=696804 pkts=696804 shard=1
step=1175450 (run 7450/8000) loss=0.12315 byte_ppl=1.131 atoms=29 merges=0 field=59.5997 rms=1.8625 scale=1.0000 fcos=nan ign=0.0000 prn=nan nxp=0.000 mph=0.000 bytes=696804 pkts=696804 shard=1
step=1175475 (run 7475/8000) loss=0.00102 byte_ppl=1.001 atoms=56 merges=0 field=59.6955 rms=1.8655 scale=1.0000 fcos=nan ign=0.0000 prn=nan nxp=0.000 mph=0.000 bytes=696804 pkts=696804 shard=1
step=1175500 (run 7500/8000) loss=0.71727 byte_ppl=2.049 atoms=14 merges=0 field=59.7484 rms=1.8671 scale=1.0000 fcos=nan ign=0.0000 prn=nan nxp=0.000 mph=0.000 bytes=696804 pkts=696804 shard=1
step=1175525 (run 7525/8000) loss=0.00368 byte_ppl=1.004 atoms=41 merges=0 field=59.8623 rms=1.8707 scale=1.0000 fcos=nan ign=0.0000 prn=nan nxp=0.000 mph=0.000 bytes=696804 pkts=696804 shard=1
step=1175550 (run 7550/8000) loss=0.00283 byte_ppl=1.003 atoms=69 merges=0 field=59.9690 rms=1.8740 scale=1.0000 fcos=nan ign=0.0000 prn=nan nxp=0.000 mph=0.000 bytes=696804 pkts=696804 shard=1
step=1175575 (run 7575/8000) loss=0.29479 byte_ppl=1.343 atoms=25 merges=0 field=59.9930 rms=1.8748 scale=1.0000 fcos=nan ign=0.0000 prn=nan nxp=0.000 mph=0.000 bytes=696804 pkts=696804 shard=1
step=1175600 (run 7600/8000) loss=4.48762 byte_ppl=88.910 atoms=53 merges=0 field=60.1107 rms=1.8785 scale=1.0000 fcos=nan ign=0.0000 prn=nan nxp=0.000 mph=0.000 bytes=696804 pkts=696804 shard=1
step=1175625 (run 7625/8000) loss=0.05681 byte_ppl=1.058 atoms=10 merges=0 field=60.1868 rms=1.8808 scale=1.0000 fcos=nan ign=0.0000 prn=nan nxp=0.000 mph=0.000 bytes=696804 pkts=696804 shard=1
step=1175650 (run 7650/8000) loss=0.00575 byte_ppl=1.006 atoms=38 merges=0 field=60.2458 rms=1.8827 scale=1.0000 fcos=nan ign=0.0000 prn=nan nxp=0.000 mph=0.000 bytes=696804 pkts=696804 shard=1
step=1175675 (run 7675/8000) loss=0.00007 byte_ppl=1.000 atoms=65 merges=0 field=60.3206 rms=1.8850 scale=1.0000 fcos=nan ign=0.0000 prn=nan nxp=0.000 mph=0.000 bytes=696804 pkts=696804 shard=1
step=1175700 (run 7700/8000) loss=7.51374 byte_ppl=1833.057 atoms=22 merges=0 field=60.3905 rms=1.8872 scale=1.0000 fcos=nan ign=0.0000 prn=nan nxp=0.000 mph=0.000 bytes=696804 pkts=696804 shard=1
step=1175725 (run 7725/8000) loss=0.01045 byte_ppl=1.011 atoms=49 merges=0 field=60.5109 rms=1.8910 scale=1.0000 fcos=nan ign=0.0000 prn=nan nxp=0.000 mph=0.000 bytes=696804 pkts=696804 shard=1
step=1175750 (run 7750/8000) loss=6.11945 byte_ppl=454.614 atoms=7 merges=0 field=60.5517 rms=1.8922 scale=1.0000 fcos=nan ign=0.0000 prn=nan nxp=0.000 mph=0.000 bytes=696804 pkts=696804 shard=1
step=1175775 (run 7775/8000) loss=0.00020 byte_ppl=1.000 atoms=34 merges=0 field=60.6415 rms=1.8950 scale=1.0000 fcos=nan ign=0.0000 prn=nan nxp=0.000 mph=0.000 bytes=696804 pkts=696804 shard=1
step=1175800 (run 7800/8000) loss=4.09363 byte_ppl=59.957 atoms=62 merges=0 field=60.7112 rms=1.8972 scale=1.0000 fcos=nan ign=0.0000 prn=nan nxp=0.000 mph=0.000 bytes=696804 pkts=696804 shard=1
step=1175825 (run 7825/8000) loss=2.12035 byte_ppl=8.334 atoms=19 merges=0 field=60.6599 rms=1.8956 scale=1.0000 fcos=nan ign=0.0000 prn=nan nxp=0.000 mph=0.000 bytes=696804 pkts=696804 shard=1
step=1175850 (run 7850/8000) loss=0.00071 byte_ppl=1.001 atoms=47 merges=0 field=60.7878 rms=1.8996 scale=1.0000 fcos=nan ign=0.0000 prn=nan nxp=0.000 mph=0.000 bytes=696804 pkts=696804 shard=1
step=1175875 (run 7875/8000) loss=4.87078 byte_ppl=130.423 atoms=3 merges=0 field=60.8856 rms=1.9027 scale=1.0000 fcos=nan ign=0.0000 prn=nan nxp=0.000 mph=0.000 bytes=696804 pkts=696804 shard=1
step=1175900 (run 7900/8000) loss=0.51320 byte_ppl=1.671 atoms=31 merges=0 field=60.8800 rms=1.9025 scale=1.0000 fcos=nan ign=0.0000 prn=nan nxp=0.000 mph=0.000 bytes=696804 pkts=696804 shard=1
step=1175925 (run 7925/8000) loss=0.00831 byte_ppl=1.008 atoms=58 merges=0 field=60.9936 rms=1.9060 scale=1.0000 fcos=nan ign=0.0000 prn=nan nxp=0.000 mph=0.000 bytes=696804 pkts=696804 shard=1
step=1175950 (run 7950/8000) loss=0.00214 byte_ppl=1.002 atoms=16 merges=0 field=60.9827 rms=1.9057 scale=1.0000 fcos=nan ign=0.0000 prn=nan nxp=0.000 mph=0.000 bytes=696804 pkts=696804 shard=1
step=1175975 (run 7975/8000) loss=0.00001 byte_ppl=1.000 atoms=43 merges=0 field=60.9546 rms=1.9048 scale=1.0000 fcos=nan ign=0.0000 prn=nan nxp=0.000 mph=0.000 bytes=696804 pkts=696804 shard=1
step=1176000 (run 8000/8000) loss=0.04087 byte_ppl=1.042 atoms=71 merges=0 field=60.9796 rms=1.9056 scale=1.0000 fcos=nan ign=0.0000 prn=nan nxp=0.000 mph=0.000 bytes=696804 pkts=696804 shard=1
{
  "stream": true,
  "data_path": null,
  "data_glob": "data/corpus_fr_medium*.txt",
  "shard_paths": [
    "/workspace/exports/atom-ai/data/corpus_fr_medium.txt",
    "/workspace/exports/atom-ai/data/corpus_fr_medium_s21.txt"
  ],
  "data_bytes": 1000453,
  "data_characters": null,
  "atomizer_version": "atomizer-v1-byte-span",
  "feature_dim": 320,
  "packet_count": null,
  "train_packet_count": null,
  "validation_packet_count": 2048,
  "mean_packet_bytes": null,
  "max_packet_bytes": null,
  "min_packet_bytes": null,
  "bytes_seen": 696804,
  "config": {
    "d_model": 32,
    "n_modes": 32,
    "n_atoms_max": 64,
    "max_span_bytes": 1,
    "episode_length": 8000,
    "episode_reset": true,
    "atom_flush_every": 64,
    "learning_rate": 5e-05,
    "surface_learning_rate": 0.00012,
    "steps": 8000,
    "start_step": 1168000,
    "seed": 20260913,
    "surface_alphabet": 256,
    "field_max_rms": 3.0,
    "energy_decay_bounds": [
      0.3,
      0.95
    ],
    "stream": true,
    "chunk_bytes": 65536,
    "loop_shards": true,
    "stream_buffer": 2048,
    "stream_prefetch": true,
    "stream_skip_packets": 672000,
    "last_atom_readout": true,
    "efference_every": 10,
    "enable_merge": false,
    "payload_copy": false,
    "merge_coherence_threshold": 0.45,
    "merge_energy_floor": 0.08,
    "field_loss_weight": 0.05,
    "field_contrast_weight": 0.0,
    "field_ignorance_weight": 0.08,
    "field_ignorance_ablate_shared": false,
    "field_ignorance_prompt_bank": false,
    "field_obligatory_readout": true,
    "field_obligatory_hard": true,
    "printable_aux_weight": 0.0,
    "field_next_packet_weight": 0.0,
    "slow_every": 1
  },
  "packets_seen": 696804,
  "stream_epoch": 0,
  "train": {
    "steps": 8000,
    "efference_every": 10,
    "efference_steps": 800,
    "start_step": 1168000,
    "total_steps": 1176000,
    "episode_length": 8000,
    "episode_reset": true,
    "atom_flush_every": 64,
    "elapsed_seconds": 209.69396292901365,
    "transitions_per_second": 38.15083604818985,
    "first_loss": 7.511064052581787,
    "final_loss": 0.040865786373615265,
    "final_total_perplexity": 1.041712284179414,
    "finite_losses": true,
    "finite_parameters": true,
    "nan_or_inf": false,
    "field_rms_before_max": 1.9062730073928833,
    "field_rms_after_max": 1.9062730073928833,
    "field_scale_min": 1.0,
    "field_norm_max": 61.000732421875,
    "field_limited_steps": 0,
    "field_limited_fraction": 0.0,
    "final_dynamics": {
      "coupling_scale": 1.2710479497909546,
      "energy_decay": 0.3002047836780548,
      "phase_sync": 0.13981547951698303,
      "energy_decay_before": 0.3002047836780548,
      "energy_decay_repaired": false,
      "energy_decay_bounds": [
        0.3,
        0.95
      ]
    },
    "final_atoms_before_validation": 60,
    "stream": true,
    "bytes_seen": 696804
  },
  "validation": {
    "transitions": 256,
    "loss": 0.9817114054433507,
    "total_perplexity": 2.6690201110467204,
    "byte_loss": 0.9817114054433507,
    "byte_perplexity": 2.6690201110467204,
    "source": "stream_ring"
  },
  "checkpoint": "checkpoints/byte_tick/atom_native_step_1176000_d32_ms1M.pt",
  "reload": {
    "n_atoms": 0,
    "field_norm": 60.97959518432617,
    "time": 88.0003890991211,
    "finite": true
  },
  "generation": {
    "The future of AI is": {
      "temperature": 0.8,
      "top_k": 5,
      "max_length": 20,
      "bytes_hex": "506575742d617578",
      "text": "Peut-aux",
      "reload_text": "Peut-aux",
      "reload_match": true
    },
    "Bonjour, je m'appelle": {
      "temperature": 0.8,
      "top_k": 5,
      "max_length": 20,
      "bytes_hex": "506575742d617578",
      "text": "Peut-aux",
      "reload_text": "Peut-aux",
      "reload_match": true
    },
    "Valkyria Chronicles III is": {
      "temperature": 0.8,
      "top_k": 5,
      "max_length": 20,
      "bytes_hex": "426f6e2020202020",
      "text": "Bon     ",
      "reload_text": "Bon     ",
      "reload_match": true
    }
  }
}
