train lock acquired: /home/user/atom-ai/checkpoints/atom-ai-train.lock (pid=1499)
stream skip: advancing 80000 packet transitions...
stream skip done: packets_seen=131072
resumed weights from checkpoints/byte_tick/atom_native_step_80000_eff.pt (recorded step=80000, legacy_surface_migrated=False, span_head_migrated=False)
atomizer pack_mode=linguistic max_span_bytes=1
dynamics on load: energy_decay=0.843491792678833 -> 0.843491792678833 (repaired=False, bounds=(0.3, 0.95))
MERGE gates: enable=False coherence_thr=0.450 energy_floor=0.080
field_obligatory_hard=ON hard-v2+ (mix_floor=1.0, freeze bypass, logits=frozen+cap*(α_MLP+payload_prod))
payload_copy=False (train-time copy-bias branch)
last_atom_readout=True (byte-tick 2-gram + dentate)
efference_every=10 (0=off)
optimizer groups: field/other lr=5e-05 (13 tensors), surface lr=0.00012 (25 tensors); energy_decay_bounds=(0.3, 0.95); field_max_rms=3.0
stream mode: 1 shard(s), chunk_bytes=65536, loop_shards=True, stream_buffer=2048, stream_prefetch=True
optimizer restore skipped: surface LR param groups differ from checkpoint
step=0080001 (run 1/8000) loss=4.00951 byte_ppl=54.201 atoms=1 merges=0 field=0.0639 rms=0.0041 scale=1.0000 fcos=0.128 ign=0.0000 prn=nan nxp=0.000 mph=0.000 bytes=131072 pkts=131072 shard=0
step=0088000 (run 8000/8000) loss=2.59669 byte_ppl=12.590 atoms=71 merges=0 field=48.0000 rms=3.0000 scale=0.9971 fcos=0.191 ign=0.0000 prn=nan nxp=0.000 mph=0.000 bytes=131072 pkts=131072 shard=0
{
  "stream": true,
  "data_path": "data/corpus_fr_medium.txt",
  "data_glob": null,
  "shard_paths": [
    "/home/user/atom-ai/data/corpus_fr_medium.txt"
  ],
  "data_bytes": 500196,
  "data_characters": null,
  "atomizer_version": "atomizer-v1-byte-span",
  "feature_dim": 320,
  "packet_count": null,
  "train_packet_count": null,
  "validation_packet_count": 2048,
  "mean_packet_bytes": null,
  "max_packet_bytes": null,
  "min_packet_bytes": null,
  "bytes_seen": 131072,
  "config": {
    "d_model": 16,
    "n_modes": 16,
    "n_atoms_max": 64,
    "max_span_bytes": 1,
    "episode_length": 256,
    "episode_reset": false,
    "atom_flush_every": 64,
    "learning_rate": 5e-05,
    "surface_learning_rate": 0.00012,
    "steps": 8000,
    "start_step": 80000,
    "seed": 20260913,
    "surface_alphabet": 256,
    "field_max_rms": 3.0,
    "energy_decay_bounds": [
      0.3,
      0.95
    ],
    "stream": true,
    "chunk_bytes": 65536,
    "loop_shards": true,
    "stream_buffer": 2048,
    "stream_prefetch": true,
    "stream_skip_packets": 80000,
    "last_atom_readout": true,
    "efference_every": 10,
    "enable_merge": false,
    "payload_copy": false,
    "merge_coherence_threshold": 0.45,
    "merge_energy_floor": 0.08,
    "field_loss_weight": 0.05,
    "field_contrast_weight": 0.1,
    "field_ignorance_weight": 0.0,
    "field_ignorance_ablate_shared": false,
    "field_ignorance_prompt_bank": false,
    "field_obligatory_readout": true,
    "field_obligatory_hard": true,
    "printable_aux_weight": 0.0,
    "field_next_packet_weight": 0.0,
    "slow_every": 1
  },
  "packets_seen": 131072,
  "stream_epoch": 0,
  "train": {
    "steps": 8000,
    "efference_every": 10,
    "efference_steps": 800,
    "start_step": 80000,
    "total_steps": 88000,
    "episode_length": 256,
    "episode_reset": false,
    "atom_flush_every": 64,
    "elapsed_seconds": 154.71533824699998,
    "transitions_per_second": 51.70786614077111,
    "first_loss": 4.009513854980469,
    "final_loss": 2.5966949462890625,
    "final_total_perplexity": 13.419313111464401,
    "finite_losses": true,
    "finite_parameters": true,
    "nan_or_inf": false,
    "field_rms_before_max": 3.009647846221924,
    "field_rms_after_max": 2.999999523162842,
    "field_scale_min": 0.9967940449714661,
    "field_norm_max": 47.9999885559082,
    "field_limited_steps": 7149,
    "field_limited_fraction": 0.893625,
    "final_dynamics": {
      "coupling_scale": 0.952509343624115,
      "energy_decay": 0.8340122699737549,
      "phase_sync": 0.4622139632701874,
      "energy_decay_before": 0.8340122699737549,
      "energy_decay_repaired": false,
      "energy_decay_bounds": [
        0.3,
        0.95
      ]
    },
    "final_atoms_before_validation": 58,
    "stream": true,
    "bytes_seen": 131072
  },
  "validation": {
    "transitions": 256,
    "loss": 1.5814028117347334,
    "total_perplexity": 4.861771179442644,
    "byte_loss": 1.5097555363312836,
    "byte_perplexity": 4.525624308350302,
    "source": "stream_ring"
  },
  "checkpoint": "checkpoints/byte_tick/atom_native.pt",
  "reload": {
    "n_atoms": 0,
    "field_norm": 47.9999885559082,
    "time": 88.0003890991211,
    "finite": true
  },
  "generation": {
    "The future of AI is": {
      "temperature": 0.8,
      "top_k": 5,
      "max_length": 20,
      "bytes_hex": "dddd657bdda1a1dd",
      "text": "\ufffd\ufffde{\u0761\ufffd\ufffd",
      "reload_text": "\ufffd\ufffde{\u0761\ufffd\ufffd",
      "reload_match": true
    },
    "Bonjour, je m'appelle": {
      "temperature": 0.8,
      "top_k": 5,
      "max_length": 20,
      "bytes_hex": "992a206427616363",
      "text": "\ufffd* d'acc",
      "reload_text": "\ufffd* d'acc",
      "reload_match": true
    },
    "Valkyria Chronicles III is": {
      "temperature": 0.8,
      "top_k": 5,
      "max_length": 20,
      "bytes_hex": "ad99daad3899daae",
      "text": "\ufffd\ufffd\u06ad8\ufffd\u06ae",
      "reload_text": "\ufffd\ufffd\u06ad8\ufffd\u06ae",
      "reload_match": true
    }
  }
}
