train lock acquired: /home/user/atom-ai/checkpoints/atom-ai-train.lock (pid=1701)
stream skip: advancing 216000 packet transitions...
stream skip done: packets_seen=262144
resumed weights from checkpoints/byte_tick/atom_native_step_712000_d32_ms1M.pt (recorded step=712000, legacy_surface_migrated=False, span_head_migrated=False)
atomizer pack_mode=linguistic max_span_bytes=1
dynamics on load: energy_decay=0.30000001192092896 -> 0.30000001192092896 (repaired=False, bounds=(0.3, 0.95))
MERGE gates: enable=False coherence_thr=0.450 energy_floor=0.080
field_obligatory_hard=ON hard-v2+ (mix_floor=1.0, freeze bypass, logits=frozen+cap*(α_MLP+payload_prod))
payload_copy=False (train-time copy-bias branch)
last_atom_readout=True (byte-tick 2-gram + dentate)
efference_every=10 (0=off)
optimizer groups: field/other lr=5e-05 (13 tensors), surface lr=0.00012 (25 tensors); energy_decay_bounds=(0.3, 0.95); field_max_rms=3.0
stream mode: 2 shard(s), chunk_bytes=65536, loop_shards=True, stream_buffer=2048, stream_prefetch=True
optimizer restore skipped: surface LR param groups differ from checkpoint
step=0712001 (run 1/8000) loss=2.88166 byte_ppl=17.844 atoms=1 merges=0 field=0.0471 rms=0.0018 scale=1.0000 fcos=nan ign=0.0000 prn=nan nxp=0.000 mph=0.000 bytes=262144 pkts=262144 shard=0
step=0712025 (run 25/8000) loss=0.00015 byte_ppl=1.000 atoms=27 merges=0 field=0.6540 rms=0.0205 scale=1.0000 fcos=nan ign=0.0000 prn=nan nxp=0.000 mph=0.000 bytes=262144 pkts=262144 shard=0
step=0712050 (run 50/8000) loss=0.96597 byte_ppl=2.627 atoms=55 merges=0 field=1.1651 rms=0.0364 scale=1.0000 fcos=nan ign=0.0000 prn=nan nxp=0.000 mph=0.000 bytes=262144 pkts=262144 shard=0
step=0712075 (run 75/8000) loss=5.47584 byte_ppl=238.851 atoms=12 merges=0 field=1.5706 rms=0.0491 scale=1.0000 fcos=nan ign=0.0000 prn=nan nxp=0.000 mph=0.000 bytes=262144 pkts=262144 shard=0
step=0712100 (run 100/8000) loss=0.00416 byte_ppl=1.004 atoms=40 merges=0 field=1.9506 rms=0.0610 scale=1.0000 fcos=nan ign=0.0000 prn=nan nxp=0.000 mph=0.000 bytes=262144 pkts=262144 shard=0
step=0712125 (run 125/8000) loss=0.00011 byte_ppl=1.000 atoms=67 merges=0 field=2.2420 rms=0.0701 scale=1.0000 fcos=nan ign=0.0000 prn=nan nxp=0.000 mph=0.000 bytes=262144 pkts=262144 shard=0
step=0712150 (run 150/8000) loss=0.00727 byte_ppl=1.007 atoms=25 merges=0 field=2.5488 rms=0.0797 scale=1.0000 fcos=nan ign=0.0000 prn=nan nxp=0.000 mph=0.000 bytes=262144 pkts=262144 shard=0
step=0712175 (run 175/8000) loss=0.42632 byte_ppl=1.532 atoms=52 merges=0 field=2.8678 rms=0.0896 scale=1.0000 fcos=nan ign=0.0000 prn=nan nxp=0.000 mph=0.000 bytes=262144 pkts=262144 shard=0
step=0712200 (run 200/8000) loss=0.02329 byte_ppl=1.024 atoms=9 merges=0 field=3.2057 rms=0.1002 scale=1.0000 fcos=nan ign=0.0000 prn=nan nxp=0.000 mph=0.000 bytes=262144 pkts=262144 shard=0
step=0712225 (run 225/8000) loss=0.00160 byte_ppl=1.002 atoms=36 merges=0 field=3.4952 rms=0.1092 scale=1.0000 fcos=nan ign=0.0000 prn=nan nxp=0.000 mph=0.000 bytes=262144 pkts=262144 shard=0
step=0712250 (run 250/8000) loss=0.32940 byte_ppl=1.390 atoms=64 merges=0 field=3.7272 rms=0.1165 scale=1.0000 fcos=nan ign=0.0000 prn=nan nxp=0.000 mph=0.000 bytes=262144 pkts=262144 shard=0
step=0712275 (run 275/8000) loss=0.00051 byte_ppl=1.001 atoms=21 merges=0 field=4.0219 rms=0.1257 scale=1.0000 fcos=nan ign=0.0000 prn=nan nxp=0.000 mph=0.000 bytes=262144 pkts=262144 shard=0
step=0712300 (run 300/8000) loss=25.74131 byte_ppl=151116051918.639 atoms=49 merges=0 field=4.3131 rms=0.1348 scale=1.0000 fcos=nan ign=0.0000 prn=nan nxp=0.000 mph=0.000 bytes=262144 pkts=262144 shard=0
step=0712325 (run 325/8000) loss=0.03583 byte_ppl=1.036 atoms=5 merges=0 field=4.4745 rms=0.1398 scale=1.0000 fcos=nan ign=0.0000 prn=nan nxp=0.000 mph=0.000 bytes=262144 pkts=262144 shard=0
step=0712350 (run 350/8000) loss=0.00216 byte_ppl=1.002 atoms=33 merges=0 field=4.7193 rms=0.1475 scale=1.0000 fcos=nan ign=0.0000 prn=nan nxp=0.000 mph=0.000 bytes=262144 pkts=262144 shard=0
step=0712375 (run 375/8000) loss=0.00024 byte_ppl=1.000 atoms=60 merges=0 field=4.9929 rms=0.1560 scale=1.0000 fcos=nan ign=0.0000 prn=nan nxp=0.000 mph=0.000 bytes=262144 pkts=262144 shard=0
step=0712400 (run 400/8000) loss=5.57657 byte_ppl=264.163 atoms=18 merges=0 field=5.2174 rms=0.1630 scale=1.0000 fcos=nan ign=0.0000 prn=nan nxp=0.000 mph=0.000 bytes=262144 pkts=262144 shard=0
step=0712425 (run 425/8000) loss=0.00043 byte_ppl=1.000 atoms=45 merges=0 field=5.3850 rms=0.1683 scale=1.0000 fcos=nan ign=0.0000 prn=nan nxp=0.000 mph=0.000 bytes=262144 pkts=262144 shard=0
step=0712450 (run 450/8000) loss=1.89426 byte_ppl=6.648 atoms=3 merges=0 field=5.6015 rms=0.1750 scale=1.0000 fcos=nan ign=0.0000 prn=nan nxp=0.000 mph=0.000 bytes=262144 pkts=262144 shard=0
step=0712475 (run 475/8000) loss=0.46782 byte_ppl=1.597 atoms=30 merges=0 field=5.7929 rms=0.1810 scale=1.0000 fcos=nan ign=0.0000 prn=nan nxp=0.000 mph=0.000 bytes=262144 pkts=262144 shard=0
step=0712500 (run 500/8000) loss=10.15490 byte_ppl=25716.722 atoms=58 merges=0 field=5.9745 rms=0.1867 scale=1.0000 fcos=nan ign=0.0000 prn=nan nxp=0.000 mph=0.000 bytes=262144 pkts=262144 shard=0
step=0712525 (run 525/8000) loss=0.00340 byte_ppl=1.003 atoms=14 merges=0 field=6.2123 rms=0.1941 scale=1.0000 fcos=nan ign=0.0000 prn=nan nxp=0.000 mph=0.000 bytes=262144 pkts=262144 shard=0
step=0712550 (run 550/8000) loss=5.11958 byte_ppl=167.265 atoms=42 merges=0 field=6.4249 rms=0.2008 scale=1.0000 fcos=nan ign=0.0000 prn=nan nxp=0.000 mph=0.000 bytes=262144 pkts=262144 shard=0
step=0712575 (run 575/8000) loss=2.25304 byte_ppl=9.517 atoms=69 merges=0 field=6.5802 rms=0.2056 scale=1.0000 fcos=nan ign=0.0000 prn=nan nxp=0.000 mph=0.000 bytes=262144 pkts=262144 shard=0
step=0712600 (run 600/8000) loss=0.00330 byte_ppl=1.003 atoms=27 merges=0 field=6.8598 rms=0.2144 scale=1.0000 fcos=nan ign=0.0000 prn=nan nxp=0.000 mph=0.000 bytes=262144 pkts=262144 shard=0
step=0712625 (run 625/8000) loss=0.68277 byte_ppl=1.979 atoms=54 merges=0 field=7.0495 rms=0.2203 scale=1.0000 fcos=nan ign=0.0000 prn=nan nxp=0.000 mph=0.000 bytes=262144 pkts=262144 shard=0
step=0712650 (run 650/8000) loss=2.96385 byte_ppl=19.372 atoms=11 merges=0 field=7.1834 rms=0.2245 scale=1.0000 fcos=nan ign=0.0000 prn=nan nxp=0.000 mph=0.000 bytes=262144 pkts=262144 shard=0
step=0712675 (run 675/8000) loss=0.00005 byte_ppl=1.000 atoms=38 merges=0 field=7.3559 rms=0.2299 scale=1.0000 fcos=nan ign=0.0000 prn=nan nxp=0.000 mph=0.000 bytes=262144 pkts=262144 shard=0
step=0712700 (run 700/8000) loss=0.08386 byte_ppl=1.087 atoms=66 merges=0 field=7.4521 rms=0.2329 scale=1.0000 fcos=nan ign=0.0000 prn=nan nxp=0.000 mph=0.000 bytes=262144 pkts=262144 shard=0
step=0712725 (run 725/8000) loss=0.07243 byte_ppl=1.075 atoms=23 merges=0 field=7.6566 rms=0.2393 scale=1.0000 fcos=nan ign=0.0000 prn=nan nxp=0.000 mph=0.000 bytes=262144 pkts=262144 shard=0
step=0712750 (run 750/8000) loss=18.52497 byte_ppl=110991834.511 atoms=51 merges=0 field=7.8778 rms=0.2462 scale=1.0000 fcos=nan ign=0.0000 prn=nan nxp=0.000 mph=0.000 bytes=262144 pkts=262144 shard=0
step=0712775 (run 775/8000) loss=0.00018 byte_ppl=1.000 atoms=8 merges=0 field=8.0768 rms=0.2524 scale=1.0000 fcos=nan ign=0.0000 prn=nan nxp=0.000 mph=0.000 bytes=262144 pkts=262144 shard=0
step=0712800 (run 800/8000) loss=2.64987 byte_ppl=14.152 atoms=36 merges=0 field=8.2551 rms=0.2580 scale=1.0000 fcos=nan ign=0.0000 prn=nan nxp=0.000 mph=0.000 bytes=262144 pkts=262144 shard=0
step=0712825 (run 825/8000) loss=0.10427 byte_ppl=1.110 atoms=63 merges=0 field=8.4601 rms=0.2644 scale=1.0000 fcos=nan ign=0.0000 prn=nan nxp=0.000 mph=0.000 bytes=262144 pkts=262144 shard=0
step=0712850 (run 850/8000) loss=0.10211 byte_ppl=1.108 atoms=20 merges=0 field=8.5616 rms=0.2676 scale=1.0000 fcos=nan ign=0.0000 prn=nan nxp=0.000 mph=0.000 bytes=262144 pkts=262144 shard=0
step=0712875 (run 875/8000) loss=0.00105 byte_ppl=1.001 atoms=47 merges=0 field=8.7072 rms=0.2721 scale=1.0000 fcos=nan ign=0.0000 prn=nan nxp=0.000 mph=0.000 bytes=262144 pkts=262144 shard=0
step=0712900 (run 900/8000) loss=12.91332 byte_ppl=405681.013 atoms=5 merges=0 field=8.8608 rms=0.2769 scale=1.0000 fcos=nan ign=0.0000 prn=nan nxp=0.000 mph=0.000 bytes=262144 pkts=262144 shard=0
step=0712925 (run 925/8000) loss=0.00032 byte_ppl=1.000 atoms=32 merges=0 field=8.9890 rms=0.2809 scale=1.0000 fcos=nan ign=0.0000 prn=nan nxp=0.000 mph=0.000 bytes=262144 pkts=262144 shard=0
step=0712950 (run 950/8000) loss=0.99998 byte_ppl=2.718 atoms=60 merges=0 field=9.1520 rms=0.2860 scale=1.0000 fcos=nan ign=0.0000 prn=nan nxp=0.000 mph=0.000 bytes=262144 pkts=262144 shard=0
step=0712975 (run 975/8000) loss=0.27917 byte_ppl=1.322 atoms=16 merges=0 field=9.2897 rms=0.2903 scale=1.0000 fcos=nan ign=0.0000 prn=nan nxp=0.000 mph=0.000 bytes=262144 pkts=262144 shard=0
step=0713000 (run 1000/8000) loss=9.20881 byte_ppl=9984.735 atoms=44 merges=0 field=9.3825 rms=0.2932 scale=1.0000 fcos=nan ign=0.0000 prn=nan nxp=0.000 mph=0.000 bytes=262144 pkts=262144 shard=0
step=0713025 (run 1025/8000) loss=0.00001 byte_ppl=1.000 atoms=1 merges=0 field=9.4953 rms=0.2967 scale=1.0000 fcos=nan ign=0.0000 prn=nan nxp=0.000 mph=0.000 bytes=262144 pkts=262144 shard=0
step=0713050 (run 1050/8000) loss=0.00642 byte_ppl=1.006 atoms=29 merges=0 field=9.6988 rms=0.3031 scale=1.0000 fcos=nan ign=0.0000 prn=nan nxp=0.000 mph=0.000 bytes=262144 pkts=262144 shard=0
step=0713075 (run 1075/8000) loss=0.00337 byte_ppl=1.003 atoms=56 merges=0 field=9.7834 rms=0.3057 scale=1.0000 fcos=nan ign=0.0000 prn=nan nxp=0.000 mph=0.000 bytes=262144 pkts=262144 shard=0
step=0713100 (run 1100/8000) loss=18.96282 byte_ppl=171968186.094 atoms=14 merges=0 field=9.8610 rms=0.3082 scale=1.0000 fcos=nan ign=0.0000 prn=nan nxp=0.000 mph=0.000 bytes=262144 pkts=262144 shard=0
step=0713125 (run 1125/8000) loss=0.00083 byte_ppl=1.001 atoms=41 merges=0 field=9.9964 rms=0.3124 scale=1.0000 fcos=nan ign=0.0000 prn=nan nxp=0.000 mph=0.000 bytes=262144 pkts=262144 shard=0
step=0713150 (run 1150/8000) loss=5.59562 byte_ppl=269.245 atoms=69 merges=0 field=10.0651 rms=0.3145 scale=1.0000 fcos=nan ign=0.0000 prn=nan nxp=0.000 mph=0.000 bytes=262144 pkts=262144 shard=0
step=0713175 (run 1175/8000) loss=0.01943 byte_ppl=1.020 atoms=25 merges=0 field=10.1513 rms=0.3172 scale=1.0000 fcos=nan ign=0.0000 prn=nan nxp=0.000 mph=0.000 bytes=262144 pkts=262144 shard=0
step=0713200 (run 1200/8000) loss=2.83146 byte_ppl=16.970 atoms=53 merges=0 field=10.2630 rms=0.3207 scale=1.0000 fcos=nan ign=0.0000 prn=nan nxp=0.000 mph=0.000 bytes=262144 pkts=262144 shard=0
step=0713225 (run 1225/8000) loss=0.00565 byte_ppl=1.006 atoms=10 merges=0 field=10.3448 rms=0.3233 scale=1.0000 fcos=nan ign=0.0000 prn=nan nxp=0.000 mph=0.000 bytes=262144 pkts=262144 shard=0
step=0713250 (run 1250/8000) loss=9.22828 byte_ppl=10181.035 atoms=38 merges=0 field=10.4461 rms=0.3264 scale=1.0000 fcos=nan ign=0.0000 prn=nan nxp=0.000 mph=0.000 bytes=262144 pkts=262144 shard=0
step=0713275 (run 1275/8000) loss=0.00047 byte_ppl=1.000 atoms=65 merges=0 field=10.5161 rms=0.3286 scale=1.0000 fcos=nan ign=0.0000 prn=nan nxp=0.000 mph=0.000 bytes=262144 pkts=262144 shard=0
step=0713300 (run 1300/8000) loss=0.01016 byte_ppl=1.010 atoms=22 merges=0 field=10.5808 rms=0.3307 scale=1.0000 fcos=nan ign=0.0000 prn=nan nxp=0.000 mph=0.000 bytes=262144 pkts=262144 shard=0
step=0713325 (run 1325/8000) loss=2.95503 byte_ppl=19.202 atoms=49 merges=0 field=10.6530 rms=0.3329 scale=1.0000 fcos=nan ign=0.0000 prn=nan nxp=0.000 mph=0.000 bytes=262144 pkts=262144 shard=0
step=0713350 (run 1350/8000) loss=2.19256 byte_ppl=8.958 atoms=7 merges=0 field=10.7602 rms=0.3363 scale=1.0000 fcos=nan ign=0.0000 prn=nan nxp=0.000 mph=0.000 bytes=262144 pkts=262144 shard=0
step=0713375 (run 1375/8000) loss=4.94759 byte_ppl=140.836 atoms=34 merges=0 field=10.7886 rms=0.3371 scale=1.0000 fcos=nan ign=0.0000 prn=nan nxp=0.000 mph=0.000 bytes=262144 pkts=262144 shard=0
step=0713400 (run 1400/8000) loss=0.03615 byte_ppl=1.037 atoms=62 merges=0 field=10.8320 rms=0.3385 scale=1.0000 fcos=nan ign=0.0000 prn=nan nxp=0.000 mph=0.000 bytes=262144 pkts=262144 shard=0
step=0713425 (run 1425/8000) loss=0.00063 byte_ppl=1.001 atoms=19 merges=0 field=10.9139 rms=0.3411 scale=1.0000 fcos=nan ign=0.0000 prn=nan nxp=0.000 mph=0.000 bytes=262144 pkts=262144 shard=0
step=0713450 (run 1450/8000) loss=8.06872 byte_ppl=3193.018 atoms=47 merges=0 field=10.9930 rms=0.3435 scale=1.0000 fcos=nan ign=0.0000 prn=nan nxp=0.000 mph=0.000 bytes=262144 pkts=262144 shard=0
step=0713475 (run 1475/8000) loss=0.00196 byte_ppl=1.002 atoms=3 merges=0 field=11.0826 rms=0.3463 scale=1.0000 fcos=nan ign=0.0000 prn=nan nxp=0.000 mph=0.000 bytes=262144 pkts=262144 shard=0
step=0713500 (run 1500/8000) loss=0.75044 byte_ppl=2.118 atoms=31 merges=0 field=11.2111 rms=0.3503 scale=1.0000 fcos=nan ign=0.0000 prn=nan nxp=0.000 mph=0.000 bytes=262144 pkts=262144 shard=0
step=0713525 (run 1525/8000) loss=0.00222 byte_ppl=1.002 atoms=58 merges=0 field=11.3312 rms=0.3541 scale=1.0000 fcos=nan ign=0.0000 prn=nan nxp=0.000 mph=0.000 bytes=262144 pkts=262144 shard=0
step=0713550 (run 1550/8000) loss=0.00876 byte_ppl=1.009 atoms=16 merges=0 field=11.3031 rms=0.3532 scale=1.0000 fcos=nan ign=0.0000 prn=nan nxp=0.000 mph=0.000 bytes=262144 pkts=262144 shard=0
step=0713575 (run 1575/8000) loss=0.00195 byte_ppl=1.002 atoms=43 merges=0 field=11.3842 rms=0.3558 scale=1.0000 fcos=nan ign=0.0000 prn=nan nxp=0.000 mph=0.000 bytes=262144 pkts=262144 shard=0
step=0713600 (run 1600/8000) loss=6.87762 byte_ppl=970.318 atoms=71 merges=0 field=11.4335 rms=0.3573 scale=1.0000 fcos=nan ign=0.0000 prn=nan nxp=0.000 mph=0.000 bytes=262144 pkts=262144 shard=0
step=0713625 (run 1625/8000) loss=1.47353 byte_ppl=4.365 atoms=27 merges=0 field=11.4127 rms=0.3566 scale=1.0000 fcos=nan ign=0.0000 prn=nan nxp=0.000 mph=0.000 bytes=262144 pkts=262144 shard=0
step=0713650 (run 1650/8000) loss=4.06753 byte_ppl=58.412 atoms=55 merges=0 field=11.4737 rms=0.3586 scale=1.0000 fcos=nan ign=0.0000 prn=nan nxp=0.000 mph=0.000 bytes=262144 pkts=262144 shard=0
step=0713675 (run 1675/8000) loss=0.00015 byte_ppl=1.000 atoms=12 merges=0 field=11.5268 rms=0.3602 scale=1.0000 fcos=nan ign=0.0000 prn=nan nxp=0.000 mph=0.000 bytes=262144 pkts=262144 shard=0
step=0713700 (run 1700/8000) loss=0.01292 byte_ppl=1.013 atoms=40 merges=0 field=11.6143 rms=0.3629 scale=1.0000 fcos=nan ign=0.0000 prn=nan nxp=0.000 mph=0.000 bytes=262144 pkts=262144 shard=0
step=0713725 (run 1725/8000) loss=0.00010 byte_ppl=1.000 atoms=67 merges=0 field=11.6681 rms=0.3646 scale=1.0000 fcos=nan ign=0.0000 prn=nan nxp=0.000 mph=0.000 bytes=262144 pkts=262144 shard=0
step=0713750 (run 1750/8000) loss=6.78933 byte_ppl=888.322 atoms=25 merges=0 field=11.7737 rms=0.3679 scale=1.0000 fcos=nan ign=0.0000 prn=nan nxp=0.000 mph=0.000 bytes=262144 pkts=262144 shard=0
step=0713775 (run 1775/8000) loss=0.00034 byte_ppl=1.000 atoms=52 merges=0 field=11.8144 rms=0.3692 scale=1.0000 fcos=nan ign=0.0000 prn=nan nxp=0.000 mph=0.000 bytes=262144 pkts=262144 shard=0
step=0713800 (run 1800/8000) loss=3.06845 byte_ppl=21.509 atoms=9 merges=0 field=11.8177 rms=0.3693 scale=1.0000 fcos=nan ign=0.0000 prn=nan nxp=0.000 mph=0.000 bytes=262144 pkts=262144 shard=0
step=0713825 (run 1825/8000) loss=1.33336 byte_ppl=3.794 atoms=36 merges=0 field=11.8672 rms=0.3709 scale=1.0000 fcos=nan ign=0.0000 prn=nan nxp=0.000 mph=0.000 bytes=262144 pkts=262144 shard=0
step=0713850 (run 1850/8000) loss=8.85610 byte_ppl=7017.083 atoms=64 merges=0 field=11.9100 rms=0.3722 scale=1.0000 fcos=nan ign=0.0000 prn=nan nxp=0.000 mph=0.000 bytes=262144 pkts=262144 shard=0
step=0713875 (run 1875/8000) loss=2.16781 byte_ppl=8.739 atoms=21 merges=0 field=11.8989 rms=0.3718 scale=1.0000 fcos=nan ign=0.0000 prn=nan nxp=0.000 mph=0.000 bytes=262144 pkts=262144 shard=0
step=0713900 (run 1900/8000) loss=1.65089 byte_ppl=5.212 atoms=49 merges=0 field=11.9719 rms=0.3741 scale=1.0000 fcos=nan ign=0.0000 prn=nan nxp=0.000 mph=0.000 bytes=262144 pkts=262144 shard=0
step=0713925 (run 1925/8000) loss=0.73827 byte_ppl=2.092 atoms=5 merges=0 field=12.0529 rms=0.3767 scale=1.0000 fcos=nan ign=0.0000 prn=nan nxp=0.000 mph=0.000 bytes=262144 pkts=262144 shard=0
step=0713950 (run 1950/8000) loss=0.03311 byte_ppl=1.034 atoms=33 merges=0 field=12.0999 rms=0.3781 scale=1.0000 fcos=nan ign=0.0000 prn=nan nxp=0.000 mph=0.000 bytes=262144 pkts=262144 shard=0
step=0713975 (run 1975/8000) loss=0.00212 byte_ppl=1.002 atoms=60 merges=0 field=12.1298 rms=0.3791 scale=1.0000 fcos=nan ign=0.0000 prn=nan nxp=0.000 mph=0.000 bytes=262144 pkts=262144 shard=0
step=0714000 (run 2000/8000) loss=2.96294 byte_ppl=19.355 atoms=18 merges=0 field=12.1393 rms=0.3794 scale=1.0000 fcos=nan ign=0.0000 prn=nan nxp=0.000 mph=0.000 bytes=262144 pkts=262144 shard=0
step=0714025 (run 2025/8000) loss=0.00344 byte_ppl=1.003 atoms=45 merges=0 field=12.2443 rms=0.3826 scale=1.0000 fcos=nan ign=0.0000 prn=nan nxp=0.000 mph=0.000 bytes=262144 pkts=262144 shard=0
step=0714050 (run 2050/8000) loss=0.12562 byte_ppl=1.134 atoms=3 merges=0 field=12.2685 rms=0.3834 scale=1.0000 fcos=nan ign=0.0000 prn=nan nxp=0.000 mph=0.000 bytes=262144 pkts=262144 shard=0
step=0714075 (run 2075/8000) loss=0.07816 byte_ppl=1.081 atoms=30 merges=0 field=12.3255 rms=0.3852 scale=1.0000 fcos=nan ign=0.0000 prn=nan nxp=0.000 mph=0.000 bytes=262144 pkts=262144 shard=0
step=0714100 (run 2100/8000) loss=16.43833 byte_ppl=13774553.674 atoms=58 merges=0 field=12.3612 rms=0.3863 scale=1.0000 fcos=nan ign=0.0000 prn=nan nxp=0.000 mph=0.000 bytes=262144 pkts=262144 shard=0
step=0714125 (run 2125/8000) loss=3.45292 byte_ppl=31.593 atoms=14 merges=0 field=12.3969 rms=0.3874 scale=1.0000 fcos=nan ign=0.0000 prn=nan nxp=0.000 mph=0.000 bytes=262144 pkts=262144 shard=0
step=0714150 (run 2150/8000) loss=0.75877 byte_ppl=2.136 atoms=42 merges=0 field=12.4284 rms=0.3884 scale=1.0000 fcos=nan ign=0.0000 prn=nan nxp=0.000 mph=0.000 bytes=262144 pkts=262144 shard=0
step=0714175 (run 2175/8000) loss=0.01094 byte_ppl=1.011 atoms=69 merges=0 field=12.4761 rms=0.3899 scale=1.0000 fcos=nan ign=0.0000 prn=nan nxp=0.000 mph=0.000 bytes=262144 pkts=262144 shard=0
step=0714200 (run 2200/8000) loss=3.27359 byte_ppl=26.406 atoms=27 merges=0 field=12.4787 rms=0.3900 scale=1.0000 fcos=nan ign=0.0000 prn=nan nxp=0.000 mph=0.000 bytes=262144 pkts=262144 shard=0
step=0714225 (run 2225/8000) loss=3.99882 byte_ppl=54.534 atoms=54 merges=0 field=12.4878 rms=0.3902 scale=1.0000 fcos=nan ign=0.0000 prn=nan nxp=0.000 mph=0.000 bytes=262144 pkts=262144 shard=0
step=0714250 (run 2250/8000) loss=4.23567 byte_ppl=69.108 atoms=11 merges=0 field=12.5589 rms=0.3925 scale=1.0000 fcos=nan ign=0.0000 prn=nan nxp=0.000 mph=0.000 bytes=262144 pkts=262144 shard=0
step=0714275 (run 2275/8000) loss=3.04915 byte_ppl=21.097 atoms=38 merges=0 field=12.6435 rms=0.3951 scale=1.0000 fcos=nan ign=0.0000 prn=nan nxp=0.000 mph=0.000 bytes=262144 pkts=262144 shard=0
step=0714300 (run 2300/8000) loss=0.01405 byte_ppl=1.014 atoms=66 merges=0 field=12.6496 rms=0.3953 scale=1.0000 fcos=nan ign=0.0000 prn=nan nxp=0.000 mph=0.000 bytes=262144 pkts=262144 shard=0
step=0714325 (run 2325/8000) loss=0.00073 byte_ppl=1.001 atoms=23 merges=0 field=12.6867 rms=0.3965 scale=1.0000 fcos=nan ign=0.0000 prn=nan nxp=0.000 mph=0.000 bytes=262144 pkts=262144 shard=0
step=0714350 (run 2350/8000) loss=14.98909 byte_ppl=3233558.464 atoms=51 merges=0 field=12.7191 rms=0.3975 scale=1.0000 fcos=nan ign=0.0000 prn=nan nxp=0.000 mph=0.000 bytes=262144 pkts=262144 shard=0
step=0714375 (run 2375/8000) loss=7.13124 byte_ppl=1250.420 atoms=8 merges=0 field=12.7058 rms=0.3971 scale=1.0000 fcos=nan ign=0.0000 prn=nan nxp=0.000 mph=0.000 bytes=262144 pkts=262144 shard=0
step=0714400 (run 2400/8000) loss=5.30027 byte_ppl=200.391 atoms=36 merges=0 field=12.7093 rms=0.3972 scale=1.0000 fcos=nan ign=0.0000 prn=nan nxp=0.000 mph=0.000 bytes=262144 pkts=262144 shard=0
step=0714425 (run 2425/8000) loss=0.00049 byte_ppl=1.000 atoms=63 merges=0 field=12.7892 rms=0.3997 scale=1.0000 fcos=nan ign=0.0000 prn=nan nxp=0.000 mph=0.000 bytes=262144 pkts=262144 shard=0
step=0714450 (run 2450/8000) loss=0.01861 byte_ppl=1.019 atoms=20 merges=0 field=12.8251 rms=0.4008 scale=1.0000 fcos=nan ign=0.0000 prn=nan nxp=0.000 mph=0.000 bytes=262144 pkts=262144 shard=0
step=0714475 (run 2475/8000) loss=0.00531 byte_ppl=1.005 atoms=47 merges=0 field=12.8243 rms=0.4008 scale=1.0000 fcos=nan ign=0.0000 prn=nan nxp=0.000 mph=0.000 bytes=262144 pkts=262144 shard=0
step=0714500 (run 2500/8000) loss=11.66688 byte_ppl=116644.301 atoms=5 merges=0 field=12.8835 rms=0.4026 scale=1.0000 fcos=nan ign=0.0000 prn=nan nxp=0.000 mph=0.000 bytes=262144 pkts=262144 shard=0
step=0714525 (run 2525/8000) loss=0.00001 byte_ppl=1.000 atoms=32 merges=0 field=12.8820 rms=0.4026 scale=1.0000 fcos=nan ign=0.0000 prn=nan nxp=0.000 mph=0.000 bytes=262144 pkts=262144 shard=0
step=0714550 (run 2550/8000) loss=1.17513 byte_ppl=3.239 atoms=60 merges=0 field=12.9223 rms=0.4038 scale=1.0000 fcos=nan ign=0.0000 prn=nan nxp=0.000 mph=0.000 bytes=262144 pkts=262144 shard=0
step=0714575 (run 2575/8000) loss=5.07604 byte_ppl=160.138 atoms=16 merges=0 field=12.9374 rms=0.4043 scale=1.0000 fcos=nan ign=0.0000 prn=nan nxp=0.000 mph=0.000 bytes=262144 pkts=262144 shard=0
step=0714600 (run 2600/8000) loss=3.45933 byte_ppl=31.796 atoms=44 merges=0 field=12.9546 rms=0.4048 scale=1.0000 fcos=nan ign=0.0000 prn=nan nxp=0.000 mph=0.000 bytes=262144 pkts=262144 shard=0
step=0714625 (run 2625/8000) loss=0.00507 byte_ppl=1.005 atoms=1 merges=0 field=12.9321 rms=0.4041 scale=1.0000 fcos=nan ign=0.0000 prn=nan nxp=0.000 mph=0.000 bytes=262144 pkts=262144 shard=0
step=0714650 (run 2650/8000) loss=7.24714 byte_ppl=1404.089 atoms=29 merges=0 field=12.9087 rms=0.4034 scale=1.0000 fcos=nan ign=0.0000 prn=nan nxp=0.000 mph=0.000 bytes=262144 pkts=262144 shard=0
step=0714675 (run 2675/8000) loss=8.53197 byte_ppl=5074.409 atoms=56 merges=0 field=12.9428 rms=0.4045 scale=1.0000 fcos=nan ign=0.0000 prn=nan nxp=0.000 mph=0.000 bytes=262144 pkts=262144 shard=0
step=0714700 (run 2700/8000) loss=7.16237 byte_ppl=1289.960 atoms=14 merges=0 field=12.9644 rms=0.4051 scale=1.0000 fcos=nan ign=0.0000 prn=nan nxp=0.000 mph=0.000 bytes=262144 pkts=262144 shard=0
step=0714725 (run 2725/8000) loss=4.63615 byte_ppl=103.146 atoms=41 merges=0 field=12.9994 rms=0.4062 scale=1.0000 fcos=nan ign=0.0000 prn=nan nxp=0.000 mph=0.000 bytes=262144 pkts=262144 shard=0
step=0714750 (run 2750/8000) loss=1.16331 byte_ppl=3.200 atoms=69 merges=0 field=13.0259 rms=0.4071 scale=1.0000 fcos=nan ign=0.0000 prn=nan nxp=0.000 mph=0.000 bytes=262144 pkts=262144 shard=0
step=0714775 (run 2775/8000) loss=0.00133 byte_ppl=1.001 atoms=25 merges=0 field=12.9656 rms=0.4052 scale=1.0000 fcos=nan ign=0.0000 prn=nan nxp=0.000 mph=0.000 bytes=262144 pkts=262144 shard=0
step=0714800 (run 2800/8000) loss=9.12769 byte_ppl=9206.689 atoms=53 merges=0 field=12.9795 rms=0.4056 scale=1.0000 fcos=nan ign=0.0000 prn=nan nxp=0.000 mph=0.000 bytes=262144 pkts=262144 shard=0
step=0714825 (run 2825/8000) loss=1.57892 byte_ppl=4.850 atoms=10 merges=0 field=13.0198 rms=0.4069 scale=1.0000 fcos=nan ign=0.0000 prn=nan nxp=0.000 mph=0.000 bytes=262144 pkts=262144 shard=0
step=0714850 (run 2850/8000) loss=0.03915 byte_ppl=1.040 atoms=38 merges=0 field=13.0192 rms=0.4069 scale=1.0000 fcos=nan ign=0.0000 prn=nan nxp=0.000 mph=0.000 bytes=262144 pkts=262144 shard=0
step=0714875 (run 2875/8000) loss=0.00128 byte_ppl=1.001 atoms=65 merges=0 field=13.0267 rms=0.4071 scale=1.0000 fcos=nan ign=0.0000 prn=nan nxp=0.000 mph=0.000 bytes=262144 pkts=262144 shard=0
step=0714900 (run 2900/8000) loss=26.79036 byte_ppl=431426635831.891 atoms=22 merges=0 field=13.0367 rms=0.4074 scale=1.0000 fcos=nan ign=0.0000 prn=nan nxp=0.000 mph=0.000 bytes=262144 pkts=262144 shard=0
step=0714925 (run 2925/8000) loss=0.00710 byte_ppl=1.007 atoms=49 merges=0 field=13.0366 rms=0.4074 scale=1.0000 fcos=nan ign=0.0000 prn=nan nxp=0.000 mph=0.000 bytes=262144 pkts=262144 shard=0
step=0714950 (run 2950/8000) loss=4.79391 byte_ppl=120.772 atoms=7 merges=0 field=13.0764 rms=0.4086 scale=1.0000 fcos=nan ign=0.0000 prn=nan nxp=0.000 mph=0.000 bytes=262144 pkts=262144 shard=0
step=0714975 (run 2975/8000) loss=0.00028 byte_ppl=1.000 atoms=34 merges=0 field=13.1449 rms=0.4108 scale=1.0000 fcos=nan ign=0.0000 prn=nan nxp=0.000 mph=0.000 bytes=262144 pkts=262144 shard=0
step=0715000 (run 3000/8000) loss=6.04368 byte_ppl=421.442 atoms=62 merges=0 field=13.2158 rms=0.4130 scale=1.0000 fcos=nan ign=0.0000 prn=nan nxp=0.000 mph=0.000 bytes=262144 pkts=262144 shard=0
step=0715025 (run 3025/8000) loss=0.00022 byte_ppl=1.000 atoms=19 merges=0 field=13.1938 rms=0.4123 scale=1.0000 fcos=nan ign=0.0000 prn=nan nxp=0.000 mph=0.000 bytes=262144 pkts=262144 shard=0
step=0715050 (run 3050/8000) loss=0.01496 byte_ppl=1.015 atoms=47 merges=0 field=13.1986 rms=0.4125 scale=1.0000 fcos=nan ign=0.0000 prn=nan nxp=0.000 mph=0.000 bytes=262144 pkts=262144 shard=0
step=0715075 (run 3075/8000) loss=0.21666 byte_ppl=1.242 atoms=3 merges=0 field=13.2270 rms=0.4133 scale=1.0000 fcos=nan ign=0.0000 prn=nan nxp=0.000 mph=0.000 bytes=262144 pkts=262144 shard=0
step=0715100 (run 3100/8000) loss=0.06699 byte_ppl=1.069 atoms=31 merges=0 field=13.2261 rms=0.4133 scale=1.0000 fcos=nan ign=0.0000 prn=nan nxp=0.000 mph=0.000 bytes=262144 pkts=262144 shard=0
step=0715125 (run 3125/8000) loss=0.02547 byte_ppl=1.026 atoms=58 merges=0 field=13.2209 rms=0.4132 scale=1.0000 fcos=nan ign=0.0000 prn=nan nxp=0.000 mph=0.000 bytes=262144 pkts=262144 shard=0
step=0715150 (run 3150/8000) loss=6.54533 byte_ppl=695.988 atoms=16 merges=0 field=13.2785 rms=0.4150 scale=1.0000 fcos=nan ign=0.0000 prn=nan nxp=0.000 mph=0.000 bytes=262144 pkts=262144 shard=0
step=0715175 (run 3175/8000) loss=0.00008 byte_ppl=1.000 atoms=43 merges=0 field=13.2659 rms=0.4146 scale=1.0000 fcos=nan ign=0.0000 prn=nan nxp=0.000 mph=0.000 bytes=262144 pkts=262144 shard=0
step=0715200 (run 3200/8000) loss=4.51866 byte_ppl=91.713 atoms=71 merges=0 field=13.2834 rms=0.4151 scale=1.0000 fcos=nan ign=0.0000 prn=nan nxp=0.000 mph=0.000 bytes=262144 pkts=262144 shard=0
step=0715225 (run 3225/8000) loss=0.01141 byte_ppl=1.011 atoms=27 merges=0 field=13.3303 rms=0.4166 scale=1.0000 fcos=nan ign=0.0000 prn=nan nxp=0.000 mph=0.000 bytes=262144 pkts=262144 shard=0
step=0715250 (run 3250/8000) loss=0.00111 byte_ppl=1.001 atoms=55 merges=0 field=13.3291 rms=0.4165 scale=1.0000 fcos=nan ign=0.0000 prn=nan nxp=0.000 mph=0.000 bytes=262144 pkts=262144 shard=0
step=0715275 (run 3275/8000) loss=1.12320 byte_ppl=3.075 atoms=12 merges=0 field=13.3436 rms=0.4170 scale=1.0000 fcos=nan ign=0.0000 prn=nan nxp=0.000 mph=0.000 bytes=262144 pkts=262144 shard=0
step=0715300 (run 3300/8000) loss=0.02205 byte_ppl=1.022 atoms=40 merges=0 field=13.3359 rms=0.4167 scale=1.0000 fcos=nan ign=0.0000 prn=nan nxp=0.000 mph=0.000 bytes=262144 pkts=262144 shard=0
step=0715325 (run 3325/8000) loss=4.90964 byte_ppl=135.591 atoms=67 merges=0 field=13.3332 rms=0.4167 scale=1.0000 fcos=nan ign=0.0000 prn=nan nxp=0.000 mph=0.000 bytes=262144 pkts=262144 shard=0
step=0715350 (run 3350/8000) loss=2.32450 byte_ppl=10.222 atoms=25 merges=0 field=13.3118 rms=0.4160 scale=1.0000 fcos=nan ign=0.0000 prn=nan nxp=0.000 mph=0.000 bytes=262144 pkts=262144 shard=0
step=0715375 (run 3375/8000) loss=0.00004 byte_ppl=1.000 atoms=52 merges=0 field=13.3393 rms=0.4169 scale=1.0000 fcos=nan ign=0.0000 prn=nan nxp=0.000 mph=0.000 bytes=262144 pkts=262144 shard=0
step=0715400 (run 3400/8000) loss=4.91860 byte_ppl=136.811 atoms=9 merges=0 field=13.3034 rms=0.4157 scale=1.0000 fcos=nan ign=0.0000 prn=nan nxp=0.000 mph=0.000 bytes=262144 pkts=262144 shard=0
step=0715425 (run 3425/8000) loss=6.89152 byte_ppl=983.896 atoms=36 merges=0 field=13.2887 rms=0.4153 scale=1.0000 fcos=nan ign=0.0000 prn=nan nxp=0.000 mph=0.000 bytes=262144 pkts=262144 shard=0
step=0715450 (run 3450/8000) loss=10.17430 byte_ppl=26220.513 atoms=64 merges=0 field=13.2951 rms=0.4155 scale=1.0000 fcos=nan ign=0.0000 prn=nan nxp=0.000 mph=0.000 bytes=262144 pkts=262144 shard=0
step=0715475 (run 3475/8000) loss=0.00086 byte_ppl=1.001 atoms=21 merges=0 field=13.3175 rms=0.4162 scale=1.0000 fcos=nan ign=0.0000 prn=nan nxp=0.000 mph=0.000 bytes=262144 pkts=262144 shard=0
step=0715500 (run 3500/8000) loss=0.10933 byte_ppl=1.116 atoms=49 merges=0 field=13.2677 rms=0.4146 scale=1.0000 fcos=nan ign=0.0000 prn=nan nxp=0.000 mph=0.000 bytes=262144 pkts=262144 shard=0
step=0715525 (run 3525/8000) loss=0.00220 byte_ppl=1.002 atoms=5 merges=0 field=13.2949 rms=0.4155 scale=1.0000 fcos=nan ign=0.0000 prn=nan nxp=0.000 mph=0.000 bytes=262144 pkts=262144 shard=0
step=0715550 (run 3550/8000) loss=2.94463 byte_ppl=19.004 atoms=33 merges=0 field=13.2977 rms=0.4156 scale=1.0000 fcos=nan ign=0.0000 prn=nan nxp=0.000 mph=0.000 bytes=262144 pkts=262144 shard=0
step=0715575 (run 3575/8000) loss=4.14796 byte_ppl=63.305 atoms=60 merges=0 field=13.3148 rms=0.4161 scale=1.0000 fcos=nan ign=0.0000 prn=nan nxp=0.000 mph=0.000 bytes=262144 pkts=262144 shard=0
step=0715600 (run 3600/8000) loss=0.00732 byte_ppl=1.007 atoms=18 merges=0 field=13.3297 rms=0.4166 scale=1.0000 fcos=nan ign=0.0000 prn=nan nxp=0.000 mph=0.000 bytes=262144 pkts=262144 shard=0
step=0715625 (run 3625/8000) loss=0.01211 byte_ppl=1.012 atoms=45 merges=0 field=13.3590 rms=0.4175 scale=1.0000 fcos=nan ign=0.0000 prn=nan nxp=0.000 mph=0.000 bytes=262144 pkts=262144 shard=0
step=0715650 (run 3650/8000) loss=0.01600 byte_ppl=1.016 atoms=3 merges=0 field=13.3800 rms=0.4181 scale=1.0000 fcos=nan ign=0.0000 prn=nan nxp=0.000 mph=0.000 bytes=262144 pkts=262144 shard=0
step=0715675 (run 3675/8000) loss=0.54793 byte_ppl=1.730 atoms=30 merges=0 field=13.3793 rms=0.4181 scale=1.0000 fcos=nan ign=0.0000 prn=nan nxp=0.000 mph=0.000 bytes=262144 pkts=262144 shard=0
step=0715700 (run 3700/8000) loss=0.01487 byte_ppl=1.015 atoms=58 merges=0 field=13.3527 rms=0.4173 scale=1.0000 fcos=nan ign=0.0000 prn=nan nxp=0.000 mph=0.000 bytes=262144 pkts=262144 shard=0
step=0715725 (run 3725/8000) loss=0.00399 byte_ppl=1.004 atoms=14 merges=0 field=13.3400 rms=0.4169 scale=1.0000 fcos=nan ign=0.0000 prn=nan nxp=0.000 mph=0.000 bytes=262144 pkts=262144 shard=0
step=0715750 (run 3750/8000) loss=2.65216 byte_ppl=14.185 atoms=42 merges=0 field=13.3415 rms=0.4169 scale=1.0000 fcos=nan ign=0.0000 prn=nan nxp=0.000 mph=0.000 bytes=262144 pkts=262144 shard=0
step=0715775 (run 3775/8000) loss=1.17120 byte_ppl=3.226 atoms=69 merges=0 field=13.3029 rms=0.4157 scale=1.0000 fcos=nan ign=0.0000 prn=nan nxp=0.000 mph=0.000 bytes=262144 pkts=262144 shard=0
step=0715800 (run 3800/8000) loss=4.43045 byte_ppl=83.969 atoms=27 merges=0 field=13.3008 rms=0.4156 scale=1.0000 fcos=nan ign=0.0000 prn=nan nxp=0.000 mph=0.000 bytes=262144 pkts=262144 shard=0
step=0715825 (run 3825/8000) loss=0.00114 byte_ppl=1.001 atoms=54 merges=0 field=13.3271 rms=0.4165 scale=1.0000 fcos=nan ign=0.0000 prn=nan nxp=0.000 mph=0.000 bytes=262144 pkts=262144 shard=0
step=0715850 (run 3850/8000) loss=2.43170 byte_ppl=11.378 atoms=11 merges=0 field=13.3587 rms=0.4175 scale=1.0000 fcos=nan ign=0.0000 prn=nan nxp=0.000 mph=0.000 bytes=262144 pkts=262144 shard=0
step=0715875 (run 3875/8000) loss=0.00047 byte_ppl=1.000 atoms=38 merges=0 field=13.3558 rms=0.4174 scale=1.0000 fcos=nan ign=0.0000 prn=nan nxp=0.000 mph=0.000 bytes=262144 pkts=262144 shard=0
step=0715900 (run 3900/8000) loss=0.36960 byte_ppl=1.447 atoms=66 merges=0 field=13.3169 rms=0.4162 scale=1.0000 fcos=nan ign=0.0000 prn=nan nxp=0.000 mph=0.000 bytes=262144 pkts=262144 shard=0
step=0715925 (run 3925/8000) loss=4.85113 byte_ppl=127.885 atoms=23 merges=0 field=13.3290 rms=0.4165 scale=1.0000 fcos=nan ign=0.0000 prn=nan nxp=0.000 mph=0.000 bytes=262144 pkts=262144 shard=0
step=0715950 (run 3950/8000) loss=14.43071 byte_ppl=1850019.945 atoms=51 merges=0 field=13.2662 rms=0.4146 scale=1.0000 fcos=nan ign=0.0000 prn=nan nxp=0.000 mph=0.000 bytes=262144 pkts=262144 shard=0
step=0715975 (run 3975/8000) loss=6.50560 byte_ppl=668.877 atoms=8 merges=0 field=13.2415 rms=0.4138 scale=1.0000 fcos=nan ign=0.0000 prn=nan nxp=0.000 mph=0.000 bytes=262144 pkts=262144 shard=0
step=0716000 (run 4000/8000) loss=19.47524 byte_ppl=287072260.878 atoms=36 merges=0 field=13.2401 rms=0.4138 scale=1.0000 fcos=nan ign=0.0000 prn=nan nxp=0.000 mph=0.000 bytes=262144 pkts=262144 shard=0
step=0716025 (run 4025/8000) loss=5.35120 byte_ppl=210.862 atoms=63 merges=0 field=13.2433 rms=0.4139 scale=1.0000 fcos=nan ign=0.0000 prn=nan nxp=0.000 mph=0.000 bytes=262144 pkts=262144 shard=0
step=0716050 (run 4050/8000) loss=0.00105 byte_ppl=1.001 atoms=20 merges=0 field=13.2082 rms=0.4128 scale=1.0000 fcos=nan ign=0.0000 prn=nan nxp=0.000 mph=0.000 bytes=262144 pkts=262144 shard=0
step=0716075 (run 4075/8000) loss=0.00099 byte_ppl=1.001 atoms=47 merges=0 field=13.2124 rms=0.4129 scale=1.0000 fcos=nan ign=0.0000 prn=nan nxp=0.000 mph=0.000 bytes=262144 pkts=262144 shard=0
step=0716100 (run 4100/8000) loss=16.99264 byte_ppl=23977722.473 atoms=5 merges=0 field=13.2271 rms=0.4133 scale=1.0000 fcos=nan ign=0.0000 prn=nan nxp=0.000 mph=0.000 bytes=262144 pkts=262144 shard=0
step=0716125 (run 4125/8000) loss=0.00201 byte_ppl=1.002 atoms=32 merges=0 field=13.2288 rms=0.4134 scale=1.0000 fcos=nan ign=0.0000 prn=nan nxp=0.000 mph=0.000 bytes=262144 pkts=262144 shard=0
step=0716150 (run 4150/8000) loss=4.29531 byte_ppl=73.355 atoms=60 merges=0 field=13.1537 rms=0.4111 scale=1.0000 fcos=nan ign=0.0000 prn=nan nxp=0.000 mph=0.000 bytes=262144 pkts=262144 shard=0
step=0716175 (run 4175/8000) loss=0.00017 byte_ppl=1.000 atoms=16 merges=0 field=13.1418 rms=0.4107 scale=1.0000 fcos=nan ign=0.0000 prn=nan nxp=0.000 mph=0.000 bytes=262144 pkts=262144 shard=0
step=0716200 (run 4200/8000) loss=9.27636 byte_ppl=10682.472 atoms=44 merges=0 field=13.2059 rms=0.4127 scale=1.0000 fcos=nan ign=0.0000 prn=nan nxp=0.000 mph=0.000 bytes=262144 pkts=262144 shard=0
step=0716225 (run 4225/8000) loss=0.12902 byte_ppl=1.138 atoms=1 merges=0 field=13.2251 rms=0.4133 scale=1.0000 fcos=nan ign=0.0000 prn=nan nxp=0.000 mph=0.000 bytes=262144 pkts=262144 shard=0
step=0716250 (run 4250/8000) loss=2.45719 byte_ppl=11.672 atoms=29 merges=0 field=13.2248 rms=0.4133 scale=1.0000 fcos=nan ign=0.0000 prn=nan nxp=0.000 mph=0.000 bytes=262144 pkts=262144 shard=0
step=0716275 (run 4275/8000) loss=2.72695 byte_ppl=15.286 atoms=56 merges=0 field=13.2706 rms=0.4147 scale=1.0000 fcos=nan ign=0.0000 prn=nan nxp=0.000 mph=0.000 bytes=262144 pkts=262144 shard=0
step=0716300 (run 4300/8000) loss=0.00302 byte_ppl=1.003 atoms=14 merges=0 field=13.3849 rms=0.4183 scale=1.0000 fcos=nan ign=0.0000 prn=nan nxp=0.000 mph=0.000 bytes=262144 pkts=262144 shard=0
step=0716325 (run 4325/8000) loss=0.45518 byte_ppl=1.576 atoms=41 merges=0 field=13.4645 rms=0.4208 scale=1.0000 fcos=nan ign=0.0000 prn=nan nxp=0.000 mph=0.000 bytes=262144 pkts=262144 shard=0
step=0716350 (run 4350/8000) loss=0.11527 byte_ppl=1.122 atoms=69 merges=0 field=13.4029 rms=0.4188 scale=1.0000 fcos=nan ign=0.0000 prn=nan nxp=0.000 mph=0.000 bytes=262144 pkts=262144 shard=0
step=0716375 (run 4375/8000) loss=0.01986 byte_ppl=1.020 atoms=25 merges=0 field=13.3957 rms=0.4186 scale=1.0000 fcos=nan ign=0.0000 prn=nan nxp=0.000 mph=0.000 bytes=262144 pkts=262144 shard=0
step=0716400 (run 4400/8000) loss=2.34743 byte_ppl=10.459 atoms=53 merges=0 field=13.4100 rms=0.4191 scale=1.0000 fcos=nan ign=0.0000 prn=nan nxp=0.000 mph=0.000 bytes=262144 pkts=262144 shard=0
step=0716425 (run 4425/8000) loss=0.07935 byte_ppl=1.083 atoms=10 merges=0 field=13.3937 rms=0.4186 scale=1.0000 fcos=nan ign=0.0000 prn=nan nxp=0.000 mph=0.000 bytes=262144 pkts=262144 shard=0
step=0716450 (run 4450/8000) loss=2.42253 byte_ppl=11.274 atoms=38 merges=0 field=13.3485 rms=0.4171 scale=1.0000 fcos=nan ign=0.0000 prn=nan nxp=0.000 mph=0.000 bytes=262144 pkts=262144 shard=0
step=0716475 (run 4475/8000) loss=0.00140 byte_ppl=1.001 atoms=65 merges=0 field=13.3181 rms=0.4162 scale=1.0000 fcos=nan ign=0.0000 prn=nan nxp=0.000 mph=0.000 bytes=262144 pkts=262144 shard=0
step=0716500 (run 4500/8000) loss=6.82294 byte_ppl=918.679 atoms=22 merges=0 field=13.3199 rms=0.4162 scale=1.0000 fcos=nan ign=0.0000 prn=nan nxp=0.000 mph=0.000 bytes=262144 pkts=262144 shard=0
step=0716525 (run 4525/8000) loss=0.01124 byte_ppl=1.011 atoms=49 merges=0 field=13.3468 rms=0.4171 scale=1.0000 fcos=nan ign=0.0000 prn=nan nxp=0.000 mph=0.000 bytes=262144 pkts=262144 shard=0
step=0716550 (run 4550/8000) loss=0.73167 byte_ppl=2.079 atoms=7 merges=0 field=13.3439 rms=0.4170 scale=1.0000 fcos=nan ign=0.0000 prn=nan nxp=0.000 mph=0.000 bytes=262144 pkts=262144 shard=0
step=0716575 (run 4575/8000) loss=0.00025 byte_ppl=1.000 atoms=34 merges=0 field=13.3401 rms=0.4169 scale=1.0000 fcos=nan ign=0.0000 prn=nan nxp=0.000 mph=0.000 bytes=262144 pkts=262144 shard=0
step=0716600 (run 4600/8000) loss=2.90868 byte_ppl=18.333 atoms=62 merges=0 field=13.3800 rms=0.4181 scale=1.0000 fcos=nan ign=0.0000 prn=nan nxp=0.000 mph=0.000 bytes=262144 pkts=262144 shard=0
step=0716625 (run 4625/8000) loss=3.10329 byte_ppl=22.271 atoms=19 merges=0 field=13.4059 rms=0.4189 scale=1.0000 fcos=nan ign=0.0000 prn=nan nxp=0.000 mph=0.000 bytes=262144 pkts=262144 shard=0
step=0716650 (run 4650/8000) loss=3.03002 byte_ppl=20.698 atoms=47 merges=0 field=13.4253 rms=0.4195 scale=1.0000 fcos=nan ign=0.0000 prn=nan nxp=0.000 mph=0.000 bytes=262144 pkts=262144 shard=0
step=0716675 (run 4675/8000) loss=0.00028 byte_ppl=1.000 atoms=3 merges=0 field=13.4240 rms=0.4195 scale=1.0000 fcos=nan ign=0.0000 prn=nan nxp=0.000 mph=0.000 bytes=262144 pkts=262144 shard=0
step=0716700 (run 4700/8000) loss=7.62192 byte_ppl=2042.485 atoms=31 merges=0 field=13.4328 rms=0.4198 scale=1.0000 fcos=nan ign=0.0000 prn=nan nxp=0.000 mph=0.000 bytes=262144 pkts=262144 shard=0
step=0716725 (run 4725/8000) loss=0.01209 byte_ppl=1.012 atoms=58 merges=0 field=13.4425 rms=0.4201 scale=1.0000 fcos=nan ign=0.0000 prn=nan nxp=0.000 mph=0.000 bytes=262144 pkts=262144 shard=0
step=0716750 (run 4750/8000) loss=0.03659 byte_ppl=1.037 atoms=16 merges=0 field=13.4444 rms=0.4201 scale=1.0000 fcos=nan ign=0.0000 prn=nan nxp=0.000 mph=0.000 bytes=262144 pkts=262144 shard=0
step=0716775 (run 4775/8000) loss=0.00120 byte_ppl=1.001 atoms=43 merges=0 field=13.4390 rms=0.4200 scale=1.0000 fcos=nan ign=0.0000 prn=nan nxp=0.000 mph=0.000 bytes=262144 pkts=262144 shard=0
step=0716800 (run 4800/8000) loss=9.28377 byte_ppl=10761.944 atoms=71 merges=0 field=13.4173 rms=0.4193 scale=1.0000 fcos=nan ign=0.0000 prn=nan nxp=0.000 mph=0.000 bytes=262144 pkts=262144 shard=0
step=0716825 (run 4825/8000) loss=1.20697 byte_ppl=3.343 atoms=27 merges=0 field=13.4050 rms=0.4189 scale=1.0000 fcos=nan ign=0.0000 prn=nan nxp=0.000 mph=0.000 bytes=262144 pkts=262144 shard=0
step=0716850 (run 4850/8000) loss=1.72409 byte_ppl=5.607 atoms=55 merges=0 field=13.4470 rms=0.4202 scale=1.0000 fcos=nan ign=0.0000 prn=nan nxp=0.000 mph=0.000 bytes=262144 pkts=262144 shard=0
step=0716875 (run 4875/8000) loss=0.00646 byte_ppl=1.006 atoms=12 merges=0 field=13.4578 rms=0.4206 scale=1.0000 fcos=nan ign=0.0000 prn=nan nxp=0.000 mph=0.000 bytes=262144 pkts=262144 shard=0
step=0716900 (run 4900/8000) loss=4.80521 byte_ppl=122.145 atoms=40 merges=0 field=13.4443 rms=0.4201 scale=1.0000 fcos=nan ign=0.0000 prn=nan nxp=0.000 mph=0.000 bytes=262144 pkts=262144 shard=0
step=0716925 (run 4925/8000) loss=0.00066 byte_ppl=1.001 atoms=67 merges=0 field=13.4030 rms=0.4188 scale=1.0000 fcos=nan ign=0.0000 prn=nan nxp=0.000 mph=0.000 bytes=262144 pkts=262144 shard=0
step=0716950 (run 4950/8000) loss=0.00063 byte_ppl=1.001 atoms=25 merges=0 field=13.4061 rms=0.4189 scale=1.0000 fcos=nan ign=0.0000 prn=nan nxp=0.000 mph=0.000 bytes=262144 pkts=262144 shard=0
step=0716975 (run 4975/8000) loss=0.03605 byte_ppl=1.037 atoms=52 merges=0 field=13.3545 rms=0.4173 scale=1.0000 fcos=nan ign=0.0000 prn=nan nxp=0.000 mph=0.000 bytes=262144 pkts=262144 shard=0
step=0717000 (run 5000/8000) loss=2.12469 byte_ppl=8.370 atoms=9 merges=0 field=13.3326 rms=0.4166 scale=1.0000 fcos=nan ign=0.0000 prn=nan nxp=0.000 mph=0.000 bytes=262144 pkts=262144 shard=0
step=0717025 (run 5025/8000) loss=1.17937 byte_ppl=3.252 atoms=36 merges=0 field=13.3650 rms=0.4177 scale=1.0000 fcos=nan ign=0.0000 prn=nan nxp=0.000 mph=0.000 bytes=262144 pkts=262144 shard=0
step=0717050 (run 5050/8000) loss=3.46771 byte_ppl=32.063 atoms=64 merges=0 field=13.3747 rms=0.4180 scale=1.0000 fcos=nan ign=0.0000 prn=nan nxp=0.000 mph=0.000 bytes=262144 pkts=262144 shard=0
step=0717075 (run 5075/8000) loss=0.00857 byte_ppl=1.009 atoms=21 merges=0 field=13.3820 rms=0.4182 scale=1.0000 fcos=nan ign=0.0000 prn=nan nxp=0.000 mph=0.000 bytes=262144 pkts=262144 shard=0
step=0717100 (run 5100/8000) loss=6.76957 byte_ppl=870.940 atoms=49 merges=0 field=13.4129 rms=0.4192 scale=1.0000 fcos=nan ign=0.0000 prn=nan nxp=0.000 mph=0.000 bytes=262144 pkts=262144 shard=0
step=0717125 (run 5125/8000) loss=0.08432 byte_ppl=1.088 atoms=5 merges=0 field=13.3974 rms=0.4187 scale=1.0000 fcos=nan ign=0.0000 prn=nan nxp=0.000 mph=0.000 bytes=262144 pkts=262144 shard=0
step=0717150 (run 5150/8000) loss=7.36900 byte_ppl=1586.051 atoms=33 merges=0 field=13.4051 rms=0.4189 scale=1.0000 fcos=nan ign=0.0000 prn=nan nxp=0.000 mph=0.000 bytes=262144 pkts=262144 shard=0
step=0717175 (run 5175/8000) loss=0.01063 byte_ppl=1.011 atoms=60 merges=0 field=13.4009 rms=0.4188 scale=1.0000 fcos=nan ign=0.0000 prn=nan nxp=0.000 mph=0.000 bytes=262144 pkts=262144 shard=0
step=0717200 (run 5200/8000) loss=0.02939 byte_ppl=1.030 atoms=18 merges=0 field=13.3548 rms=0.4173 scale=1.0000 fcos=nan ign=0.0000 prn=nan nxp=0.000 mph=0.000 bytes=262144 pkts=262144 shard=0
step=0717225 (run 5225/8000) loss=2.23577 byte_ppl=9.354 atoms=45 merges=0 field=13.3700 rms=0.4178 scale=1.0000 fcos=nan ign=0.0000 prn=nan nxp=0.000 mph=0.000 bytes=262144 pkts=262144 shard=0
step=0717250 (run 5250/8000) loss=0.00654 byte_ppl=1.007 atoms=3 merges=0 field=13.3757 rms=0.4180 scale=1.0000 fcos=nan ign=0.0000 prn=nan nxp=0.000 mph=0.000 bytes=262144 pkts=262144 shard=0
step=0717275 (run 5275/8000) loss=0.05237 byte_ppl=1.054 atoms=30 merges=0 field=13.3575 rms=0.4174 scale=1.0000 fcos=nan ign=0.0000 prn=nan nxp=0.000 mph=0.000 bytes=262144 pkts=262144 shard=0
step=0717300 (run 5300/8000) loss=7.35887 byte_ppl=1570.057 atoms=58 merges=0 field=13.3541 rms=0.4173 scale=1.0000 fcos=nan ign=0.0000 prn=nan nxp=0.000 mph=0.000 bytes=262144 pkts=262144 shard=0
step=0717325 (run 5325/8000) loss=0.04185 byte_ppl=1.043 atoms=14 merges=0 field=13.3842 rms=0.4183 scale=1.0000 fcos=nan ign=0.0000 prn=nan nxp=0.000 mph=0.000 bytes=262144 pkts=262144 shard=0
step=0717350 (run 5350/8000) loss=1.15795 byte_ppl=3.183 atoms=42 merges=0 field=13.4124 rms=0.4191 scale=1.0000 fcos=nan ign=0.0000 prn=nan nxp=0.000 mph=0.000 bytes=262144 pkts=262144 shard=0
step=0717375 (run 5375/8000) loss=0.00079 byte_ppl=1.001 atoms=69 merges=0 field=13.3948 rms=0.4186 scale=1.0000 fcos=nan ign=0.0000 prn=nan nxp=0.000 mph=0.000 bytes=262144 pkts=262144 shard=0
step=0717400 (run 5400/8000) loss=4.50170 byte_ppl=90.170 atoms=27 merges=0 field=13.3775 rms=0.4180 scale=1.0000 fcos=nan ign=0.0000 prn=nan nxp=0.000 mph=0.000 bytes=262144 pkts=262144 shard=0
step=0717425 (run 5425/8000) loss=3.36903 byte_ppl=29.050 atoms=54 merges=0 field=13.3488 rms=0.4172 scale=1.0000 fcos=nan ign=0.0000 prn=nan nxp=0.000 mph=0.000 bytes=262144 pkts=262144 shard=0
step=0717450 (run 5450/8000) loss=5.51791 byte_ppl=249.113 atoms=11 merges=0 field=13.3284 rms=0.4165 scale=1.0000 fcos=nan ign=0.0000 prn=nan nxp=0.000 mph=0.000 bytes=262144 pkts=262144 shard=0
step=0717475 (run 5475/8000) loss=2.93456 byte_ppl=18.813 atoms=38 merges=0 field=13.3387 rms=0.4168 scale=1.0000 fcos=nan ign=0.0000 prn=nan nxp=0.000 mph=0.000 bytes=262144 pkts=262144 shard=0
step=0717500 (run 5500/8000) loss=0.00024 byte_ppl=1.000 atoms=66 merges=0 field=13.3524 rms=0.4173 scale=1.0000 fcos=nan ign=0.0000 prn=nan nxp=0.000 mph=0.000 bytes=262144 pkts=262144 shard=0
step=0717525 (run 5525/8000) loss=0.00369 byte_ppl=1.004 atoms=23 merges=0 field=13.4036 rms=0.4189 scale=1.0000 fcos=nan ign=0.0000 prn=nan nxp=0.000 mph=0.000 bytes=262144 pkts=262144 shard=0
step=0717550 (run 5550/8000) loss=0.08252 byte_ppl=1.086 atoms=51 merges=0 field=13.4293 rms=0.4197 scale=1.0000 fcos=nan ign=0.0000 prn=nan nxp=0.000 mph=0.000 bytes=262144 pkts=262144 shard=0
step=0717575 (run 5575/8000) loss=0.00048 byte_ppl=1.000 atoms=8 merges=0 field=13.4304 rms=0.4197 scale=1.0000 fcos=nan ign=0.0000 prn=nan nxp=0.000 mph=0.000 bytes=262144 pkts=262144 shard=0
step=0717600 (run 5600/8000) loss=2.31791 byte_ppl=10.154 atoms=36 merges=0 field=13.4546 rms=0.4205 scale=1.0000 fcos=nan ign=0.0000 prn=nan nxp=0.000 mph=0.000 bytes=262144 pkts=262144 shard=0
step=0717625 (run 5625/8000) loss=0.00296 byte_ppl=1.003 atoms=63 merges=0 field=13.5254 rms=0.4227 scale=1.0000 fcos=nan ign=0.0000 prn=nan nxp=0.000 mph=0.000 bytes=262144 pkts=262144 shard=0
step=0717650 (run 5650/8000) loss=1.90357 byte_ppl=6.710 atoms=20 merges=0 field=13.5551 rms=0.4236 scale=1.0000 fcos=nan ign=0.0000 prn=nan nxp=0.000 mph=0.000 bytes=262144 pkts=262144 shard=0
step=0717675 (run 5675/8000) loss=5.92326 byte_ppl=373.628 atoms=47 merges=0 field=13.5255 rms=0.4227 scale=1.0000 fcos=nan ign=0.0000 prn=nan nxp=0.000 mph=0.000 bytes=262144 pkts=262144 shard=0
step=0717700 (run 5700/8000) loss=1.43522 byte_ppl=4.201 atoms=5 merges=0 field=13.5060 rms=0.4221 scale=1.0000 fcos=nan ign=0.0000 prn=nan nxp=0.000 mph=0.000 bytes=262144 pkts=262144 shard=0
step=0717725 (run 5725/8000) loss=0.46381 byte_ppl=1.590 atoms=32 merges=0 field=13.4916 rms=0.4216 scale=1.0000 fcos=nan ign=0.0000 prn=nan nxp=0.000 mph=0.000 bytes=262144 pkts=262144 shard=0
step=0717750 (run 5750/8000) loss=0.00126 byte_ppl=1.001 atoms=60 merges=0 field=13.4790 rms=0.4212 scale=1.0000 fcos=nan ign=0.0000 prn=nan nxp=0.000 mph=0.000 bytes=262144 pkts=262144 shard=0
step=0717775 (run 5775/8000) loss=0.00028 byte_ppl=1.000 atoms=16 merges=0 field=13.4939 rms=0.4217 scale=1.0000 fcos=nan ign=0.0000 prn=nan nxp=0.000 mph=0.000 bytes=262144 pkts=262144 shard=0
step=0717800 (run 5800/8000) loss=7.13073 byte_ppl=1249.786 atoms=44 merges=0 field=13.4908 rms=0.4216 scale=1.0000 fcos=nan ign=0.0000 prn=nan nxp=0.000 mph=0.000 bytes=262144 pkts=262144 shard=0
step=0717825 (run 5825/8000) loss=8.22177 byte_ppl=3721.077 atoms=1 merges=0 field=13.4968 rms=0.4218 scale=1.0000 fcos=nan ign=0.0000 prn=nan nxp=0.000 mph=0.000 bytes=262144 pkts=262144 shard=0
step=0717850 (run 5850/8000) loss=5.44753 byte_ppl=232.184 atoms=29 merges=0 field=13.5769 rms=0.4243 scale=1.0000 fcos=nan ign=0.0000 prn=nan nxp=0.000 mph=0.000 bytes=262144 pkts=262144 shard=0
step=0717875 (run 5875/8000) loss=0.52192 byte_ppl=1.685 atoms=56 merges=0 field=13.5953 rms=0.4249 scale=1.0000 fcos=nan ign=0.0000 prn=nan nxp=0.000 mph=0.000 bytes=262144 pkts=262144 shard=0
step=0717900 (run 5900/8000) loss=0.05199 byte_ppl=1.053 atoms=14 merges=0 field=13.5895 rms=0.4247 scale=1.0000 fcos=nan ign=0.0000 prn=nan nxp=0.000 mph=0.000 bytes=262144 pkts=262144 shard=0
step=0717925 (run 5925/8000) loss=6.07490 byte_ppl=434.807 atoms=41 merges=0 field=13.5501 rms=0.4234 scale=1.0000 fcos=nan ign=0.0000 prn=nan nxp=0.000 mph=0.000 bytes=262144 pkts=262144 shard=0
step=0717950 (run 5950/8000) loss=12.84403 byte_ppl=378522.343 atoms=69 merges=0 field=13.5161 rms=0.4224 scale=1.0000 fcos=nan ign=0.0000 prn=nan nxp=0.000 mph=0.000 bytes=262144 pkts=262144 shard=0
step=0717975 (run 5975/8000) loss=3.35809 byte_ppl=28.734 atoms=25 merges=0 field=13.4551 rms=0.4205 scale=1.0000 fcos=nan ign=0.0000 prn=nan nxp=0.000 mph=0.000 bytes=262144 pkts=262144 shard=0
step=0718000 (run 6000/8000) loss=0.10262 byte_ppl=1.108 atoms=53 merges=0 field=13.4270 rms=0.4196 scale=1.0000 fcos=nan ign=0.0000 prn=nan nxp=0.000 mph=0.000 bytes=262144 pkts=262144 shard=0
step=0718025 (run 6025/8000) loss=0.01065 byte_ppl=1.011 atoms=10 merges=0 field=13.4996 rms=0.4219 scale=1.0000 fcos=nan ign=0.0000 prn=nan nxp=0.000 mph=0.000 bytes=262144 pkts=262144 shard=0
step=0718050 (run 6050/8000) loss=6.19183 byte_ppl=488.738 atoms=38 merges=0 field=13.5351 rms=0.4230 scale=1.0000 fcos=nan ign=0.0000 prn=nan nxp=0.000 mph=0.000 bytes=262144 pkts=262144 shard=0
step=0718075 (run 6075/8000) loss=0.00023 byte_ppl=1.000 atoms=65 merges=0 field=13.5291 rms=0.4228 scale=1.0000 fcos=nan ign=0.0000 prn=nan nxp=0.000 mph=0.000 bytes=262144 pkts=262144 shard=0
step=0718100 (run 6100/8000) loss=0.02832 byte_ppl=1.029 atoms=22 merges=0 field=13.5073 rms=0.4221 scale=1.0000 fcos=nan ign=0.0000 prn=nan nxp=0.000 mph=0.000 bytes=262144 pkts=262144 shard=0
step=0718125 (run 6125/8000) loss=3.68747 byte_ppl=39.944 atoms=49 merges=0 field=13.5111 rms=0.4222 scale=1.0000 fcos=nan ign=0.0000 prn=nan nxp=0.000 mph=0.000 bytes=262144 pkts=262144 shard=0
step=0718150 (run 6150/8000) loss=0.50301 byte_ppl=1.654 atoms=7 merges=0 field=13.4821 rms=0.4213 scale=1.0000 fcos=nan ign=0.0000 prn=nan nxp=0.000 mph=0.000 bytes=262144 pkts=262144 shard=0
step=0718175 (run 6175/8000) loss=0.00201 byte_ppl=1.002 atoms=34 merges=0 field=13.4691 rms=0.4209 scale=1.0000 fcos=nan ign=0.0000 prn=nan nxp=0.000 mph=0.000 bytes=262144 pkts=262144 shard=0
step=0718200 (run 6200/8000) loss=7.77387 byte_ppl=2377.664 atoms=62 merges=0 field=13.4832 rms=0.4214 scale=1.0000 fcos=nan ign=0.0000 prn=nan nxp=0.000 mph=0.000 bytes=262144 pkts=262144 shard=0
step=0718225 (run 6225/8000) loss=0.29535 byte_ppl=1.344 atoms=19 merges=0 field=13.5241 rms=0.4226 scale=1.0000 fcos=nan ign=0.0000 prn=nan nxp=0.000 mph=0.000 bytes=262144 pkts=262144 shard=0
step=0718250 (run 6250/8000) loss=4.35843 byte_ppl=78.134 atoms=47 merges=0 field=13.5542 rms=0.4236 scale=1.0000 fcos=nan ign=0.0000 prn=nan nxp=0.000 mph=0.000 bytes=262144 pkts=262144 shard=0
step=0718275 (run 6275/8000) loss=0.68241 byte_ppl=1.979 atoms=3 merges=0 field=13.5474 rms=0.4234 scale=1.0000 fcos=nan ign=0.0000 prn=nan nxp=0.000 mph=0.000 bytes=262144 pkts=262144 shard=0
step=0718300 (run 6300/8000) loss=4.28572 byte_ppl=72.655 atoms=31 merges=0 field=13.6142 rms=0.4254 scale=1.0000 fcos=nan ign=0.0000 prn=nan nxp=0.000 mph=0.000 bytes=262144 pkts=262144 shard=0
step=0718325 (run 6325/8000) loss=0.60199 byte_ppl=1.826 atoms=58 merges=0 field=13.5800 rms=0.4244 scale=1.0000 fcos=nan ign=0.0000 prn=nan nxp=0.000 mph=0.000 bytes=262144 pkts=262144 shard=0
step=0718350 (run 6350/8000) loss=11.91991 byte_ppl=150227.579 atoms=16 merges=0 field=13.5637 rms=0.4239 scale=1.0000 fcos=nan ign=0.0000 prn=nan nxp=0.000 mph=0.000 bytes=262144 pkts=262144 shard=0
step=0718375 (run 6375/8000) loss=0.00038 byte_ppl=1.000 atoms=43 merges=0 field=13.5582 rms=0.4237 scale=1.0000 fcos=nan ign=0.0000 prn=nan nxp=0.000 mph=0.000 bytes=262144 pkts=262144 shard=0
step=0718400 (run 6400/8000) loss=5.72587 byte_ppl=306.699 atoms=71 merges=0 field=13.5721 rms=0.4241 scale=1.0000 fcos=nan ign=0.0000 prn=nan nxp=0.000 mph=0.000 bytes=262144 pkts=262144 shard=0
step=0718425 (run 6425/8000) loss=0.00164 byte_ppl=1.002 atoms=27 merges=0 field=13.6431 rms=0.4263 scale=1.0000 fcos=nan ign=0.0000 prn=nan nxp=0.000 mph=0.000 bytes=262144 pkts=262144 shard=0
step=0718450 (run 6450/8000) loss=0.32387 byte_ppl=1.382 atoms=55 merges=0 field=13.6145 rms=0.4255 scale=1.0000 fcos=nan ign=0.0000 prn=nan nxp=0.000 mph=0.000 bytes=262144 pkts=262144 shard=0
step=0718475 (run 6475/8000) loss=0.00019 byte_ppl=1.000 atoms=12 merges=0 field=13.5869 rms=0.4246 scale=1.0000 fcos=nan ign=0.0000 prn=nan nxp=0.000 mph=0.000 bytes=262144 pkts=262144 shard=0
step=0718500 (run 6500/8000) loss=1.20636 byte_ppl=3.341 atoms=40 merges=0 field=13.5205 rms=0.4225 scale=1.0000 fcos=nan ign=0.0000 prn=nan nxp=0.000 mph=0.000 bytes=262144 pkts=262144 shard=0
step=0718525 (run 6525/8000) loss=0.00209 byte_ppl=1.002 atoms=67 merges=0 field=13.5039 rms=0.4220 scale=1.0000 fcos=nan ign=0.0000 prn=nan nxp=0.000 mph=0.000 bytes=262144 pkts=262144 shard=0
step=0718550 (run 6550/8000) loss=4.56663 byte_ppl=96.220 atoms=25 merges=0 field=13.4855 rms=0.4214 scale=1.0000 fcos=nan ign=0.0000 prn=nan nxp=0.000 mph=0.000 bytes=262144 pkts=262144 shard=0
step=0718575 (run 6575/8000) loss=0.00559 byte_ppl=1.006 atoms=52 merges=0 field=13.4576 rms=0.4206 scale=1.0000 fcos=nan ign=0.0000 prn=nan nxp=0.000 mph=0.000 bytes=262144 pkts=262144 shard=0
step=0718600 (run 6600/8000) loss=0.57443 byte_ppl=1.776 atoms=9 merges=0 field=13.4289 rms=0.4197 scale=1.0000 fcos=nan ign=0.0000 prn=nan nxp=0.000 mph=0.000 bytes=262144 pkts=262144 shard=0
step=0718625 (run 6625/8000) loss=0.00648 byte_ppl=1.006 atoms=36 merges=0 field=13.4442 rms=0.4201 scale=1.0000 fcos=nan ign=0.0000 prn=nan nxp=0.000 mph=0.000 bytes=262144 pkts=262144 shard=0
step=0718650 (run 6650/8000) loss=1.69578 byte_ppl=5.451 atoms=64 merges=0 field=13.4157 rms=0.4192 scale=1.0000 fcos=nan ign=0.0000 prn=nan nxp=0.000 mph=0.000 bytes=262144 pkts=262144 shard=0
step=0718675 (run 6675/8000) loss=1.37829 byte_ppl=3.968 atoms=21 merges=0 field=13.4062 rms=0.4189 scale=1.0000 fcos=nan ign=0.0000 prn=nan nxp=0.000 mph=0.000 bytes=262144 pkts=262144 shard=0
step=0718700 (run 6700/8000) loss=0.24578 byte_ppl=1.279 atoms=49 merges=0 field=13.3551 rms=0.4173 scale=1.0000 fcos=nan ign=0.0000 prn=nan nxp=0.000 mph=0.000 bytes=262144 pkts=262144 shard=0
step=0718725 (run 6725/8000) loss=3.90211 byte_ppl=49.507 atoms=5 merges=0 field=13.2915 rms=0.4154 scale=1.0000 fcos=nan ign=0.0000 prn=nan nxp=0.000 mph=0.000 bytes=262144 pkts=262144 shard=0
step=0718750 (run 6750/8000) loss=16.62537 byte_ppl=16607520.800 atoms=33 merges=0 field=13.2795 rms=0.4150 scale=1.0000 fcos=nan ign=0.0000 prn=nan nxp=0.000 mph=0.000 bytes=262144 pkts=262144 shard=0
step=0718775 (run 6775/8000) loss=3.61090 byte_ppl=36.999 atoms=60 merges=0 field=13.2491 rms=0.4140 scale=1.0000 fcos=nan ign=0.0000 prn=nan nxp=0.000 mph=0.000 bytes=262144 pkts=262144 shard=0
step=0718800 (run 6800/8000) loss=0.39116 byte_ppl=1.479 atoms=18 merges=0 field=13.2517 rms=0.4141 scale=1.0000 fcos=nan ign=0.0000 prn=nan nxp=0.000 mph=0.000 bytes=262144 pkts=262144 shard=0
step=0718825 (run 6825/8000) loss=0.02404 byte_ppl=1.024 atoms=45 merges=0 field=13.2491 rms=0.4140 scale=1.0000 fcos=nan ign=0.0000 prn=nan nxp=0.000 mph=0.000 bytes=262144 pkts=262144 shard=0
step=0718850 (run 6850/8000) loss=5.36069 byte_ppl=212.873 atoms=3 merges=0 field=13.2186 rms=0.4131 scale=1.0000 fcos=nan ign=0.0000 prn=nan nxp=0.000 mph=0.000 bytes=262144 pkts=262144 shard=0
step=0718875 (run 6875/8000) loss=0.37815 byte_ppl=1.460 atoms=30 merges=0 field=13.2180 rms=0.4131 scale=1.0000 fcos=nan ign=0.0000 prn=nan nxp=0.000 mph=0.000 bytes=262144 pkts=262144 shard=0
step=0718900 (run 6900/8000) loss=0.00066 byte_ppl=1.001 atoms=58 merges=0 field=13.1996 rms=0.4125 scale=1.0000 fcos=nan ign=0.0000 prn=nan nxp=0.000 mph=0.000 bytes=262144 pkts=262144 shard=0
step=0718925 (run 6925/8000) loss=0.00725 byte_ppl=1.007 atoms=14 merges=0 field=13.1494 rms=0.4109 scale=1.0000 fcos=nan ign=0.0000 prn=nan nxp=0.000 mph=0.000 bytes=262144 pkts=262144 shard=0
step=0718950 (run 6950/8000) loss=0.98128 byte_ppl=2.668 atoms=42 merges=0 field=13.1235 rms=0.4101 scale=1.0000 fcos=nan ign=0.0000 prn=nan nxp=0.000 mph=0.000 bytes=262144 pkts=262144 shard=0
step=0718975 (run 6975/8000) loss=0.00604 byte_ppl=1.006 atoms=69 merges=0 field=13.1569 rms=0.4112 scale=1.0000 fcos=nan ign=0.0000 prn=nan nxp=0.000 mph=0.000 bytes=262144 pkts=262144 shard=0
step=0719000 (run 7000/8000) loss=2.35735 byte_ppl=10.563 atoms=27 merges=0 field=13.1351 rms=0.4105 scale=1.0000 fcos=nan ign=0.0000 prn=nan nxp=0.000 mph=0.000 bytes=262144 pkts=262144 shard=0
step=0719025 (run 7025/8000) loss=0.01152 byte_ppl=1.012 atoms=54 merges=0 field=13.1529 rms=0.4110 scale=1.0000 fcos=nan ign=0.0000 prn=nan nxp=0.000 mph=0.000 bytes=262144 pkts=262144 shard=0
step=0719050 (run 7050/8000) loss=6.03206 byte_ppl=416.573 atoms=11 merges=0 field=13.1997 rms=0.4125 scale=1.0000 fcos=nan ign=0.0000 prn=nan nxp=0.000 mph=0.000 bytes=262144 pkts=262144 shard=0
step=0719075 (run 7075/8000) loss=2.33351 byte_ppl=10.314 atoms=38 merges=0 field=13.1406 rms=0.4106 scale=1.0000 fcos=nan ign=0.0000 prn=nan nxp=0.000 mph=0.000 bytes=262144 pkts=262144 shard=0
step=0719100 (run 7100/8000) loss=5.59575 byte_ppl=269.279 atoms=66 merges=0 field=13.1384 rms=0.4106 scale=1.0000 fcos=nan ign=0.0000 prn=nan nxp=0.000 mph=0.000 bytes=262144 pkts=262144 shard=0
step=0719125 (run 7125/8000) loss=1.78195 byte_ppl=5.941 atoms=23 merges=0 field=13.1810 rms=0.4119 scale=1.0000 fcos=nan ign=0.0000 prn=nan nxp=0.000 mph=0.000 bytes=262144 pkts=262144 shard=0
step=0719150 (run 7150/8000) loss=0.51664 byte_ppl=1.676 atoms=51 merges=0 field=13.1525 rms=0.4110 scale=1.0000 fcos=nan ign=0.0000 prn=nan nxp=0.000 mph=0.000 bytes=262144 pkts=262144 shard=0
step=0719175 (run 7175/8000) loss=6.26282 byte_ppl=524.695 atoms=8 merges=0 field=13.1693 rms=0.4115 scale=1.0000 fcos=nan ign=0.0000 prn=nan nxp=0.000 mph=0.000 bytes=262144 pkts=262144 shard=0
step=0719200 (run 7200/8000) loss=3.47793 byte_ppl=32.393 atoms=36 merges=0 field=13.1702 rms=0.4116 scale=1.0000 fcos=nan ign=0.0000 prn=nan nxp=0.000 mph=0.000 bytes=262144 pkts=262144 shard=0
step=0719225 (run 7225/8000) loss=0.00146 byte_ppl=1.001 atoms=63 merges=0 field=13.2142 rms=0.4129 scale=1.0000 fcos=nan ign=0.0000 prn=nan nxp=0.000 mph=0.000 bytes=262144 pkts=262144 shard=0
step=0719250 (run 7250/8000) loss=5.30865 byte_ppl=202.077 atoms=20 merges=0 field=13.2638 rms=0.4145 scale=1.0000 fcos=nan ign=0.0000 prn=nan nxp=0.000 mph=0.000 bytes=262144 pkts=262144 shard=0
step=0719275 (run 7275/8000) loss=0.15250 byte_ppl=1.165 atoms=47 merges=0 field=13.2886 rms=0.4153 scale=1.0000 fcos=nan ign=0.0000 prn=nan nxp=0.000 mph=0.000 bytes=262144 pkts=262144 shard=0
step=0719300 (run 7300/8000) loss=8.81568 byte_ppl=6739.066 atoms=5 merges=0 field=13.2823 rms=0.4151 scale=1.0000 fcos=nan ign=0.0000 prn=nan nxp=0.000 mph=0.000 bytes=262144 pkts=262144 shard=0
step=0719325 (run 7325/8000) loss=0.00127 byte_ppl=1.001 atoms=32 merges=0 field=13.3581 rms=0.4174 scale=1.0000 fcos=nan ign=0.0000 prn=nan nxp=0.000 mph=0.000 bytes=262144 pkts=262144 shard=0
step=0719350 (run 7350/8000) loss=10.53792 byte_ppl=37719.029 atoms=60 merges=0 field=13.3924 rms=0.4185 scale=1.0000 fcos=nan ign=0.0000 prn=nan nxp=0.000 mph=0.000 bytes=262144 pkts=262144 shard=0
step=0719375 (run 7375/8000) loss=0.00154 byte_ppl=1.002 atoms=16 merges=0 field=13.3960 rms=0.4186 scale=1.0000 fcos=nan ign=0.0000 prn=nan nxp=0.000 mph=0.000 bytes=262144 pkts=262144 shard=0
step=0719400 (run 7400/8000) loss=4.18780 byte_ppl=65.877 atoms=44 merges=0 field=13.4064 rms=0.4190 scale=1.0000 fcos=nan ign=0.0000 prn=nan nxp=0.000 mph=0.000 bytes=262144 pkts=262144 shard=0
step=0719425 (run 7425/8000) loss=0.39520 byte_ppl=1.485 atoms=1 merges=0 field=13.4026 rms=0.4188 scale=1.0000 fcos=nan ign=0.0000 prn=nan nxp=0.000 mph=0.000 bytes=262144 pkts=262144 shard=0
step=0719450 (run 7450/8000) loss=0.00255 byte_ppl=1.003 atoms=29 merges=0 field=13.3938 rms=0.4186 scale=1.0000 fcos=nan ign=0.0000 prn=nan nxp=0.000 mph=0.000 bytes=262144 pkts=262144 shard=0
step=0719475 (run 7475/8000) loss=0.00203 byte_ppl=1.002 atoms=56 merges=0 field=13.3405 rms=0.4169 scale=1.0000 fcos=nan ign=0.0000 prn=nan nxp=0.000 mph=0.000 bytes=262144 pkts=262144 shard=0
step=0719500 (run 7500/8000) loss=3.37468 byte_ppl=29.215 atoms=14 merges=0 field=13.3435 rms=0.4170 scale=1.0000 fcos=nan ign=0.0000 prn=nan nxp=0.000 mph=0.000 bytes=262144 pkts=262144 shard=0
step=0719525 (run 7525/8000) loss=0.93394 byte_ppl=2.545 atoms=41 merges=0 field=13.3457 rms=0.4171 scale=1.0000 fcos=nan ign=0.0000 prn=nan nxp=0.000 mph=0.000 bytes=262144 pkts=262144 shard=0
step=0719550 (run 7550/8000) loss=0.00003 byte_ppl=1.000 atoms=69 merges=0 field=13.3997 rms=0.4187 scale=1.0000 fcos=nan ign=0.0000 prn=nan nxp=0.000 mph=0.000 bytes=262144 pkts=262144 shard=0
step=0719575 (run 7575/8000) loss=0.02637 byte_ppl=1.027 atoms=25 merges=0 field=13.4218 rms=0.4194 scale=1.0000 fcos=nan ign=0.0000 prn=nan nxp=0.000 mph=0.000 bytes=262144 pkts=262144 shard=0
step=0719600 (run 7600/8000) loss=3.87604 byte_ppl=48.233 atoms=53 merges=0 field=13.4041 rms=0.4189 scale=1.0000 fcos=nan ign=0.0000 prn=nan nxp=0.000 mph=0.000 bytes=262144 pkts=262144 shard=0
step=0719625 (run 7625/8000) loss=8.39592 byte_ppl=4428.980 atoms=10 merges=0 field=13.3842 rms=0.4183 scale=1.0000 fcos=nan ign=0.0000 prn=nan nxp=0.000 mph=0.000 bytes=262144 pkts=262144 shard=0
step=0719650 (run 7650/8000) loss=8.68699 byte_ppl=5925.313 atoms=38 merges=0 field=13.3581 rms=0.4174 scale=1.0000 fcos=nan ign=0.0000 prn=nan nxp=0.000 mph=0.000 bytes=262144 pkts=262144 shard=0
step=0719675 (run 7675/8000) loss=2.16640 byte_ppl=8.727 atoms=65 merges=0 field=13.3356 rms=0.4167 scale=1.0000 fcos=nan ign=0.0000 prn=nan nxp=0.000 mph=0.000 bytes=262144 pkts=262144 shard=0
step=0719700 (run 7700/8000) loss=4.16338 byte_ppl=64.288 atoms=22 merges=0 field=13.2817 rms=0.4151 scale=1.0000 fcos=nan ign=0.0000 prn=nan nxp=0.000 mph=0.000 bytes=262144 pkts=262144 shard=0
step=0719725 (run 7725/8000) loss=0.00094 byte_ppl=1.001 atoms=49 merges=0 field=13.3083 rms=0.4159 scale=1.0000 fcos=nan ign=0.0000 prn=nan nxp=0.000 mph=0.000 bytes=262144 pkts=262144 shard=0
step=0719750 (run 7750/8000) loss=1.91512 byte_ppl=6.788 atoms=7 merges=0 field=13.2868 rms=0.4152 scale=1.0000 fcos=nan ign=0.0000 prn=nan nxp=0.000 mph=0.000 bytes=262144 pkts=262144 shard=0
step=0719775 (run 7775/8000) loss=0.39280 byte_ppl=1.481 atoms=34 merges=0 field=13.3379 rms=0.4168 scale=1.0000 fcos=nan ign=0.0000 prn=nan nxp=0.000 mph=0.000 bytes=262144 pkts=262144 shard=0
step=0719800 (run 7800/8000) loss=3.24468 byte_ppl=25.653 atoms=62 merges=0 field=13.4056 rms=0.4189 scale=1.0000 fcos=nan ign=0.0000 prn=nan nxp=0.000 mph=0.000 bytes=262144 pkts=262144 shard=0
step=0719825 (run 7825/8000) loss=0.00815 byte_ppl=1.008 atoms=19 merges=0 field=13.3734 rms=0.4179 scale=1.0000 fcos=nan ign=0.0000 prn=nan nxp=0.000 mph=0.000 bytes=262144 pkts=262144 shard=0
step=0719850 (run 7850/8000) loss=8.93376 byte_ppl=7583.746 atoms=47 merges=0 field=13.3590 rms=0.4175 scale=1.0000 fcos=nan ign=0.0000 prn=nan nxp=0.000 mph=0.000 bytes=262144 pkts=262144 shard=0
step=0719875 (run 7875/8000) loss=1.35565 byte_ppl=3.879 atoms=3 merges=0 field=13.3235 rms=0.4164 scale=1.0000 fcos=nan ign=0.0000 prn=nan nxp=0.000 mph=0.000 bytes=262144 pkts=262144 shard=0
step=0719900 (run 7900/8000) loss=11.65077 byte_ppl=114779.621 atoms=31 merges=0 field=13.2998 rms=0.4156 scale=1.0000 fcos=nan ign=0.0000 prn=nan nxp=0.000 mph=0.000 bytes=262144 pkts=262144 shard=0
step=0719925 (run 7925/8000) loss=0.01947 byte_ppl=1.020 atoms=58 merges=0 field=13.3009 rms=0.4157 scale=1.0000 fcos=nan ign=0.0000 prn=nan nxp=0.000 mph=0.000 bytes=262144 pkts=262144 shard=0
step=0719950 (run 7950/8000) loss=4.54501 byte_ppl=94.161 atoms=16 merges=0 field=13.2697 rms=0.4147 scale=1.0000 fcos=nan ign=0.0000 prn=nan nxp=0.000 mph=0.000 bytes=262144 pkts=262144 shard=0
step=0719975 (run 7975/8000) loss=0.90171 byte_ppl=2.464 atoms=43 merges=0 field=13.3075 rms=0.4159 scale=1.0000 fcos=nan ign=0.0000 prn=nan nxp=0.000 mph=0.000 bytes=262144 pkts=262144 shard=0
step=0720000 (run 8000/8000) loss=4.86836 byte_ppl=130.107 atoms=71 merges=0 field=13.2720 rms=0.4148 scale=1.0000 fcos=nan ign=0.0000 prn=nan nxp=0.000 mph=0.000 bytes=262144 pkts=262144 shard=0
{
  "stream": true,
  "data_path": null,
  "data_glob": "data/corpus_fr_medium*.txt",
  "shard_paths": [
    "/home/user/atom-ai/data/corpus_fr_medium.txt",
    "/home/user/atom-ai/data/corpus_fr_medium_s21.txt"
  ],
  "data_bytes": 1000453,
  "data_characters": null,
  "atomizer_version": "atomizer-v1-byte-span",
  "feature_dim": 320,
  "packet_count": null,
  "train_packet_count": null,
  "validation_packet_count": 2048,
  "mean_packet_bytes": null,
  "max_packet_bytes": null,
  "min_packet_bytes": null,
  "bytes_seen": 262144,
  "config": {
    "d_model": 32,
    "n_modes": 32,
    "n_atoms_max": 64,
    "max_span_bytes": 1,
    "episode_length": 8000,
    "episode_reset": true,
    "atom_flush_every": 64,
    "learning_rate": 5e-05,
    "surface_learning_rate": 0.00012,
    "steps": 8000,
    "start_step": 712000,
    "seed": 20260913,
    "surface_alphabet": 256,
    "field_max_rms": 3.0,
    "energy_decay_bounds": [
      0.3,
      0.95
    ],
    "stream": true,
    "chunk_bytes": 65536,
    "loop_shards": true,
    "stream_buffer": 2048,
    "stream_prefetch": true,
    "stream_skip_packets": 216000,
    "last_atom_readout": true,
    "efference_every": 10,
    "enable_merge": false,
    "payload_copy": false,
    "merge_coherence_threshold": 0.45,
    "merge_energy_floor": 0.08,
    "field_loss_weight": 0.05,
    "field_contrast_weight": 0.0,
    "field_ignorance_weight": 0.08,
    "field_ignorance_ablate_shared": false,
    "field_ignorance_prompt_bank": false,
    "field_obligatory_readout": true,
    "field_obligatory_hard": true,
    "printable_aux_weight": 0.0,
    "field_next_packet_weight": 0.0,
    "slow_every": 1
  },
  "packets_seen": 262144,
  "stream_epoch": 0,
  "train": {
    "steps": 8000,
    "efference_every": 10,
    "efference_steps": 800,
    "start_step": 712000,
    "total_steps": 720000,
    "episode_length": 8000,
    "episode_reset": true,
    "atom_flush_every": 64,
    "elapsed_seconds": 123.35929904899967,
    "transitions_per_second": 64.8512115557848,
    "first_loss": 2.881657123565674,
    "final_loss": 4.868359565734863,
    "final_total_perplexity": 130.10730925146987,
    "finite_losses": true,
    "finite_parameters": true,
    "nan_or_inf": false,
    "field_rms_before_max": 0.4265347123146057,
    "field_rms_after_max": 0.4265347123146057,
    "field_scale_min": 1.0,
    "field_norm_max": 13.649072647094727,
    "field_limited_steps": 0,
    "field_limited_fraction": 0.0,
    "final_dynamics": {
      "coupling_scale": 1.1799229383468628,
      "energy_decay": 0.30079230666160583,
      "phase_sync": 0.21370068192481995,
      "energy_decay_before": 0.30079230666160583,
      "energy_decay_repaired": false,
      "energy_decay_bounds": [
        0.3,
        0.95
      ]
    },
    "final_atoms_before_validation": 59,
    "stream": true,
    "bytes_seen": 262144
  },
  "validation": {
    "transitions": 256,
    "loss": 0.8410009836331653,
    "total_perplexity": 2.318686783063617,
    "byte_loss": 0.8410009836331653,
    "byte_perplexity": 2.318686783063617,
    "source": "stream_ring"
  },
  "checkpoint": "checkpoints/byte_tick/atom_native_step_720000_d32_ms1M.pt",
  "reload": {
    "n_atoms": 0,
    "field_norm": 13.272010803222656,
    "time": 88.0003890991211,
    "finite": true
  },
  "generation": {
    "The future of AI is": {
      "temperature": 0.8,
      "top_k": 5,
      "max_length": 20,
      "bytes_hex": "5065757272612e0a",
      "text": "Peurra.\n",
      "reload_text": "Peurra.\n",
      "reload_match": true
    },
    "Bonjour, je m'appelle": {
      "temperature": 0.8,
      "top_k": 5,
      "max_length": 20,
      "bytes_hex": "5065757820202020",
      "text": "Peux    ",
      "reload_text": "Peux    ",
      "reload_match": true
    },
    "Valkyria Chronicles III is": {
      "temperature": 0.8,
      "top_k": 5,
      "max_length": 20,
      "bytes_hex": "5065757820202020",
      "text": "Peux    ",
      "reload_text": "Peux    ",
      "reload_match": true
    }
  }
}
