train lock acquired: /home/user/atom-ai/checkpoints/atom-ai-train.lock (pid=1450)
stream skip: advancing 64000 packet transitions...
stream skip done: packets_seen=65536
resumed weights from checkpoints/byte_tick/atom_native_step_560000_d32_ms1M.pt (recorded step=560000, legacy_surface_migrated=False, span_head_migrated=False)
atomizer pack_mode=linguistic max_span_bytes=1
dynamics on load: energy_decay=0.3009045124053955 -> 0.3009045124053955 (repaired=False, bounds=(0.3, 0.95))
MERGE gates: enable=False coherence_thr=0.450 energy_floor=0.080
field_obligatory_hard=ON hard-v2+ (mix_floor=1.0, freeze bypass, logits=frozen+cap*(α_MLP+payload_prod))
payload_copy=False (train-time copy-bias branch)
last_atom_readout=True (byte-tick 2-gram + dentate)
efference_every=10 (0=off)
optimizer groups: field/other lr=5e-05 (13 tensors), surface lr=0.00012 (25 tensors); energy_decay_bounds=(0.3, 0.95); field_max_rms=3.0
stream mode: 2 shard(s), chunk_bytes=65536, loop_shards=True, stream_buffer=2048, stream_prefetch=True
optimizer restore skipped: surface LR param groups differ from checkpoint
step=0560001 (run 1/8000) loss=1.23659 byte_ppl=3.444 atoms=1 merges=0 field=0.0476 rms=0.0018 scale=1.0000 fcos=nan ign=0.0000 prn=nan nxp=0.000 mph=0.000 bytes=65536 pkts=65536 shard=0
step=0560025 (run 25/8000) loss=0.00061 byte_ppl=1.001 atoms=27 merges=0 field=0.5673 rms=0.0178 scale=1.0000 fcos=nan ign=0.0000 prn=nan nxp=0.000 mph=0.000 bytes=65536 pkts=65536 shard=0
step=0560050 (run 50/8000) loss=8.39675 byte_ppl=4432.618 atoms=55 merges=0 field=1.0595 rms=0.0331 scale=1.0000 fcos=nan ign=0.0000 prn=nan nxp=0.000 mph=0.000 bytes=65536 pkts=65536 shard=0
step=0560075 (run 75/8000) loss=0.00222 byte_ppl=1.002 atoms=12 merges=0 field=1.3496 rms=0.0422 scale=1.0000 fcos=nan ign=0.0000 prn=nan nxp=0.000 mph=0.000 bytes=65536 pkts=65536 shard=0
step=0560100 (run 100/8000) loss=6.21350 byte_ppl=499.447 atoms=40 merges=0 field=1.6391 rms=0.0512 scale=1.0000 fcos=nan ign=0.0000 prn=nan nxp=0.000 mph=0.000 bytes=65536 pkts=65536 shard=0
step=0560125 (run 125/8000) loss=0.01811 byte_ppl=1.018 atoms=67 merges=0 field=1.9690 rms=0.0615 scale=1.0000 fcos=nan ign=0.0000 prn=nan nxp=0.000 mph=0.000 bytes=65536 pkts=65536 shard=0
step=0560150 (run 150/8000) loss=7.64933 byte_ppl=2099.237 atoms=25 merges=0 field=2.1326 rms=0.0667 scale=1.0000 fcos=nan ign=0.0000 prn=nan nxp=0.000 mph=0.000 bytes=65536 pkts=65536 shard=0
step=0560175 (run 175/8000) loss=0.90907 byte_ppl=2.482 atoms=52 merges=0 field=2.3434 rms=0.0732 scale=1.0000 fcos=nan ign=0.0000 prn=nan nxp=0.000 mph=0.000 bytes=65536 pkts=65536 shard=0
step=0560200 (run 200/8000) loss=7.10447 byte_ppl=1217.400 atoms=9 merges=0 field=2.5817 rms=0.0807 scale=1.0000 fcos=nan ign=0.0000 prn=nan nxp=0.000 mph=0.000 bytes=65536 pkts=65536 shard=0
step=0560225 (run 225/8000) loss=1.30863 byte_ppl=3.701 atoms=36 merges=0 field=2.8631 rms=0.0895 scale=1.0000 fcos=nan ign=0.0000 prn=nan nxp=0.000 mph=0.000 bytes=65536 pkts=65536 shard=0
step=0560250 (run 250/8000) loss=8.19758 byte_ppl=3632.161 atoms=64 merges=0 field=3.0232 rms=0.0945 scale=1.0000 fcos=nan ign=0.0000 prn=nan nxp=0.000 mph=0.000 bytes=65536 pkts=65536 shard=0
step=0560275 (run 275/8000) loss=0.00120 byte_ppl=1.001 atoms=21 merges=0 field=3.1531 rms=0.0985 scale=1.0000 fcos=nan ign=0.0000 prn=nan nxp=0.000 mph=0.000 bytes=65536 pkts=65536 shard=0
step=0560300 (run 300/8000) loss=1.66094 byte_ppl=5.264 atoms=49 merges=0 field=3.3634 rms=0.1051 scale=1.0000 fcos=nan ign=0.0000 prn=nan nxp=0.000 mph=0.000 bytes=65536 pkts=65536 shard=0
step=0560325 (run 325/8000) loss=0.00193 byte_ppl=1.002 atoms=5 merges=0 field=3.4778 rms=0.1087 scale=1.0000 fcos=nan ign=0.0000 prn=nan nxp=0.000 mph=0.000 bytes=65536 pkts=65536 shard=0
step=0560350 (run 350/8000) loss=2.94656 byte_ppl=19.040 atoms=33 merges=0 field=3.6868 rms=0.1152 scale=1.0000 fcos=nan ign=0.0000 prn=nan nxp=0.000 mph=0.000 bytes=65536 pkts=65536 shard=0
step=0560375 (run 375/8000) loss=0.13371 byte_ppl=1.143 atoms=60 merges=0 field=3.8851 rms=0.1214 scale=1.0000 fcos=nan ign=0.0000 prn=nan nxp=0.000 mph=0.000 bytes=65536 pkts=65536 shard=0
step=0560400 (run 400/8000) loss=0.29029 byte_ppl=1.337 atoms=18 merges=0 field=3.9986 rms=0.1250 scale=1.0000 fcos=nan ign=0.0000 prn=nan nxp=0.000 mph=0.000 bytes=65536 pkts=65536 shard=0
step=0560425 (run 425/8000) loss=0.14354 byte_ppl=1.154 atoms=45 merges=0 field=4.1324 rms=0.1291 scale=1.0000 fcos=nan ign=0.0000 prn=nan nxp=0.000 mph=0.000 bytes=65536 pkts=65536 shard=0
step=0560450 (run 450/8000) loss=8.33258 byte_ppl=4157.124 atoms=3 merges=0 field=4.2957 rms=0.1342 scale=1.0000 fcos=nan ign=0.0000 prn=nan nxp=0.000 mph=0.000 bytes=65536 pkts=65536 shard=0
step=0560475 (run 475/8000) loss=0.01052 byte_ppl=1.011 atoms=30 merges=0 field=4.4248 rms=0.1383 scale=1.0000 fcos=nan ign=0.0000 prn=nan nxp=0.000 mph=0.000 bytes=65536 pkts=65536 shard=0
step=0560500 (run 500/8000) loss=0.24776 byte_ppl=1.281 atoms=58 merges=0 field=4.5808 rms=0.1432 scale=1.0000 fcos=nan ign=0.0000 prn=nan nxp=0.000 mph=0.000 bytes=65536 pkts=65536 shard=0
step=0560525 (run 525/8000) loss=0.00005 byte_ppl=1.000 atoms=14 merges=0 field=4.7561 rms=0.1486 scale=1.0000 fcos=nan ign=0.0000 prn=nan nxp=0.000 mph=0.000 bytes=65536 pkts=65536 shard=0
step=0560550 (run 550/8000) loss=4.66965 byte_ppl=106.660 atoms=42 merges=0 field=4.8888 rms=0.1528 scale=1.0000 fcos=nan ign=0.0000 prn=nan nxp=0.000 mph=0.000 bytes=65536 pkts=65536 shard=0
step=0560575 (run 575/8000) loss=0.00259 byte_ppl=1.003 atoms=69 merges=0 field=5.0431 rms=0.1576 scale=1.0000 fcos=nan ign=0.0000 prn=nan nxp=0.000 mph=0.000 bytes=65536 pkts=65536 shard=0
step=0560600 (run 600/8000) loss=0.83751 byte_ppl=2.311 atoms=27 merges=0 field=5.2474 rms=0.1640 scale=1.0000 fcos=nan ign=0.0000 prn=nan nxp=0.000 mph=0.000 bytes=65536 pkts=65536 shard=0
step=0560625 (run 625/8000) loss=1.90024 byte_ppl=6.687 atoms=54 merges=0 field=5.3785 rms=0.1681 scale=1.0000 fcos=nan ign=0.0000 prn=nan nxp=0.000 mph=0.000 bytes=65536 pkts=65536 shard=0
step=0560650 (run 650/8000) loss=2.94903 byte_ppl=19.088 atoms=11 merges=0 field=5.4862 rms=0.1714 scale=1.0000 fcos=nan ign=0.0000 prn=nan nxp=0.000 mph=0.000 bytes=65536 pkts=65536 shard=0
step=0560675 (run 675/8000) loss=0.00080 byte_ppl=1.001 atoms=38 merges=0 field=5.5512 rms=0.1735 scale=1.0000 fcos=nan ign=0.0000 prn=nan nxp=0.000 mph=0.000 bytes=65536 pkts=65536 shard=0
step=0560700 (run 700/8000) loss=0.01635 byte_ppl=1.016 atoms=66 merges=0 field=5.7078 rms=0.1784 scale=1.0000 fcos=nan ign=0.0000 prn=nan nxp=0.000 mph=0.000 bytes=65536 pkts=65536 shard=0
step=0560725 (run 725/8000) loss=0.21114 byte_ppl=1.235 atoms=23 merges=0 field=5.7843 rms=0.1808 scale=1.0000 fcos=nan ign=0.0000 prn=nan nxp=0.000 mph=0.000 bytes=65536 pkts=65536 shard=0
step=0560750 (run 750/8000) loss=1.71642 byte_ppl=5.565 atoms=51 merges=0 field=5.8365 rms=0.1824 scale=1.0000 fcos=nan ign=0.0000 prn=nan nxp=0.000 mph=0.000 bytes=65536 pkts=65536 shard=0
step=0560775 (run 775/8000) loss=3.62938 byte_ppl=37.689 atoms=8 merges=0 field=5.9379 rms=0.1856 scale=1.0000 fcos=nan ign=0.0000 prn=nan nxp=0.000 mph=0.000 bytes=65536 pkts=65536 shard=0
step=0560800 (run 800/8000) loss=8.17203 byte_ppl=3540.529 atoms=36 merges=0 field=6.0225 rms=0.1882 scale=1.0000 fcos=nan ign=0.0000 prn=nan nxp=0.000 mph=0.000 bytes=65536 pkts=65536 shard=0
step=0560825 (run 825/8000) loss=2.95657 byte_ppl=19.232 atoms=63 merges=0 field=6.1202 rms=0.1913 scale=1.0000 fcos=nan ign=0.0000 prn=nan nxp=0.000 mph=0.000 bytes=65536 pkts=65536 shard=0
step=0560850 (run 850/8000) loss=0.00143 byte_ppl=1.001 atoms=20 merges=0 field=6.1599 rms=0.1925 scale=1.0000 fcos=nan ign=0.0000 prn=nan nxp=0.000 mph=0.000 bytes=65536 pkts=65536 shard=0
step=0560875 (run 875/8000) loss=6.01328 byte_ppl=408.822 atoms=47 merges=0 field=6.2356 rms=0.1949 scale=1.0000 fcos=nan ign=0.0000 prn=nan nxp=0.000 mph=0.000 bytes=65536 pkts=65536 shard=0
step=0560900 (run 900/8000) loss=5.35710 byte_ppl=212.109 atoms=5 merges=0 field=6.3209 rms=0.1975 scale=1.0000 fcos=nan ign=0.0000 prn=nan nxp=0.000 mph=0.000 bytes=65536 pkts=65536 shard=0
step=0560925 (run 925/8000) loss=0.00067 byte_ppl=1.001 atoms=32 merges=0 field=6.3845 rms=0.1995 scale=1.0000 fcos=nan ign=0.0000 prn=nan nxp=0.000 mph=0.000 bytes=65536 pkts=65536 shard=0
step=0560950 (run 950/8000) loss=0.03726 byte_ppl=1.038 atoms=60 merges=0 field=6.4447 rms=0.2014 scale=1.0000 fcos=nan ign=0.0000 prn=nan nxp=0.000 mph=0.000 bytes=65536 pkts=65536 shard=0
step=0560975 (run 975/8000) loss=0.01506 byte_ppl=1.015 atoms=16 merges=0 field=6.4642 rms=0.2020 scale=1.0000 fcos=nan ign=0.0000 prn=nan nxp=0.000 mph=0.000 bytes=65536 pkts=65536 shard=0
step=0561000 (run 1000/8000) loss=5.29774 byte_ppl=199.885 atoms=44 merges=0 field=6.5661 rms=0.2052 scale=1.0000 fcos=nan ign=0.0000 prn=nan nxp=0.000 mph=0.000 bytes=65536 pkts=65536 shard=0
step=0561025 (run 1025/8000) loss=1.78532 byte_ppl=5.961 atoms=1 merges=0 field=6.6209 rms=0.2069 scale=1.0000 fcos=nan ign=0.0000 prn=nan nxp=0.000 mph=0.000 bytes=65536 pkts=65536 shard=0
step=0561050 (run 1050/8000) loss=3.95690 byte_ppl=52.295 atoms=29 merges=0 field=6.6924 rms=0.2091 scale=1.0000 fcos=nan ign=0.0000 prn=nan nxp=0.000 mph=0.000 bytes=65536 pkts=65536 shard=0
step=0561075 (run 1075/8000) loss=2.49930 byte_ppl=12.174 atoms=56 merges=0 field=6.7150 rms=0.2098 scale=1.0000 fcos=nan ign=0.0000 prn=nan nxp=0.000 mph=0.000 bytes=65536 pkts=65536 shard=0
step=0561100 (run 1100/8000) loss=0.89753 byte_ppl=2.454 atoms=14 merges=0 field=6.7397 rms=0.2106 scale=1.0000 fcos=nan ign=0.0000 prn=nan nxp=0.000 mph=0.000 bytes=65536 pkts=65536 shard=0
step=0561125 (run 1125/8000) loss=0.00586 byte_ppl=1.006 atoms=41 merges=0 field=6.8369 rms=0.2137 scale=1.0000 fcos=nan ign=0.0000 prn=nan nxp=0.000 mph=0.000 bytes=65536 pkts=65536 shard=0
step=0561150 (run 1150/8000) loss=2.02990 byte_ppl=7.613 atoms=69 merges=0 field=6.8981 rms=0.2156 scale=1.0000 fcos=nan ign=0.0000 prn=nan nxp=0.000 mph=0.000 bytes=65536 pkts=65536 shard=0
step=0561175 (run 1175/8000) loss=0.00365 byte_ppl=1.004 atoms=25 merges=0 field=6.9942 rms=0.2186 scale=1.0000 fcos=nan ign=0.0000 prn=nan nxp=0.000 mph=0.000 bytes=65536 pkts=65536 shard=0
step=0561200 (run 1200/8000) loss=8.71212 byte_ppl=6076.111 atoms=53 merges=0 field=7.1174 rms=0.2224 scale=1.0000 fcos=nan ign=0.0000 prn=nan nxp=0.000 mph=0.000 bytes=65536 pkts=65536 shard=0
step=0561225 (run 1225/8000) loss=0.00312 byte_ppl=1.003 atoms=10 merges=0 field=7.1073 rms=0.2221 scale=1.0000 fcos=nan ign=0.0000 prn=nan nxp=0.000 mph=0.000 bytes=65536 pkts=65536 shard=0
step=0561250 (run 1250/8000) loss=6.27293 byte_ppl=530.026 atoms=38 merges=0 field=7.1608 rms=0.2238 scale=1.0000 fcos=nan ign=0.0000 prn=nan nxp=0.000 mph=0.000 bytes=65536 pkts=65536 shard=0
step=0561275 (run 1275/8000) loss=0.04723 byte_ppl=1.048 atoms=65 merges=0 field=7.2280 rms=0.2259 scale=1.0000 fcos=nan ign=0.0000 prn=nan nxp=0.000 mph=0.000 bytes=65536 pkts=65536 shard=0
step=0561300 (run 1300/8000) loss=3.58971 byte_ppl=36.223 atoms=22 merges=0 field=7.2509 rms=0.2266 scale=1.0000 fcos=nan ign=0.0000 prn=nan nxp=0.000 mph=0.000 bytes=65536 pkts=65536 shard=0
step=0561325 (run 1325/8000) loss=0.00020 byte_ppl=1.000 atoms=49 merges=0 field=7.3181 rms=0.2287 scale=1.0000 fcos=nan ign=0.0000 prn=nan nxp=0.000 mph=0.000 bytes=65536 pkts=65536 shard=0
step=0561350 (run 1350/8000) loss=0.24601 byte_ppl=1.279 atoms=7 merges=0 field=7.4103 rms=0.2316 scale=1.0000 fcos=nan ign=0.0000 prn=nan nxp=0.000 mph=0.000 bytes=65536 pkts=65536 shard=0
step=0561375 (run 1375/8000) loss=0.00147 byte_ppl=1.001 atoms=34 merges=0 field=7.4320 rms=0.2323 scale=1.0000 fcos=nan ign=0.0000 prn=nan nxp=0.000 mph=0.000 bytes=65536 pkts=65536 shard=0
step=0561400 (run 1400/8000) loss=0.00166 byte_ppl=1.002 atoms=62 merges=0 field=7.4646 rms=0.2333 scale=1.0000 fcos=nan ign=0.0000 prn=nan nxp=0.000 mph=0.000 bytes=65536 pkts=65536 shard=0
step=0561425 (run 1425/8000) loss=3.77474 byte_ppl=43.586 atoms=19 merges=0 field=7.5044 rms=0.2345 scale=1.0000 fcos=nan ign=0.0000 prn=nan nxp=0.000 mph=0.000 bytes=65536 pkts=65536 shard=0
step=0561450 (run 1450/8000) loss=5.66262 byte_ppl=287.901 atoms=47 merges=0 field=7.6470 rms=0.2390 scale=1.0000 fcos=nan ign=0.0000 prn=nan nxp=0.000 mph=0.000 bytes=65536 pkts=65536 shard=0
step=0561475 (run 1475/8000) loss=0.00287 byte_ppl=1.003 atoms=3 merges=0 field=7.7026 rms=0.2407 scale=1.0000 fcos=nan ign=0.0000 prn=nan nxp=0.000 mph=0.000 bytes=65536 pkts=65536 shard=0
step=0561500 (run 1500/8000) loss=0.23255 byte_ppl=1.262 atoms=31 merges=0 field=7.8056 rms=0.2439 scale=1.0000 fcos=nan ign=0.0000 prn=nan nxp=0.000 mph=0.000 bytes=65536 pkts=65536 shard=0
step=0561525 (run 1525/8000) loss=1.24911 byte_ppl=3.487 atoms=58 merges=0 field=7.8172 rms=0.2443 scale=1.0000 fcos=nan ign=0.0000 prn=nan nxp=0.000 mph=0.000 bytes=65536 pkts=65536 shard=0
step=0561550 (run 1550/8000) loss=8.18832 byte_ppl=3598.686 atoms=16 merges=0 field=7.8289 rms=0.2447 scale=1.0000 fcos=nan ign=0.0000 prn=nan nxp=0.000 mph=0.000 bytes=131072 pkts=131072 shard=0
step=0561575 (run 1575/8000) loss=7.75547 byte_ppl=2334.304 atoms=43 merges=0 field=7.8954 rms=0.2467 scale=1.0000 fcos=nan ign=0.0000 prn=nan nxp=0.000 mph=0.000 bytes=131072 pkts=131072 shard=0
step=0561600 (run 1600/8000) loss=1.79707 byte_ppl=6.032 atoms=71 merges=0 field=7.8458 rms=0.2452 scale=1.0000 fcos=nan ign=0.0000 prn=nan nxp=0.000 mph=0.000 bytes=131072 pkts=131072 shard=0
step=0561625 (run 1625/8000) loss=0.02474 byte_ppl=1.025 atoms=27 merges=0 field=7.8631 rms=0.2457 scale=1.0000 fcos=nan ign=0.0000 prn=nan nxp=0.000 mph=0.000 bytes=131072 pkts=131072 shard=0
step=0561650 (run 1650/8000) loss=0.00289 byte_ppl=1.003 atoms=55 merges=0 field=7.8852 rms=0.2464 scale=1.0000 fcos=nan ign=0.0000 prn=nan nxp=0.000 mph=0.000 bytes=131072 pkts=131072 shard=0
step=0561675 (run 1675/8000) loss=0.29287 byte_ppl=1.340 atoms=12 merges=0 field=7.9163 rms=0.2474 scale=1.0000 fcos=nan ign=0.0000 prn=nan nxp=0.000 mph=0.000 bytes=131072 pkts=131072 shard=0
step=0561700 (run 1700/8000) loss=1.00616 byte_ppl=2.735 atoms=40 merges=0 field=7.9852 rms=0.2495 scale=1.0000 fcos=nan ign=0.0000 prn=nan nxp=0.000 mph=0.000 bytes=131072 pkts=131072 shard=0
step=0561725 (run 1725/8000) loss=0.02002 byte_ppl=1.020 atoms=67 merges=0 field=8.0235 rms=0.2507 scale=1.0000 fcos=nan ign=0.0000 prn=nan nxp=0.000 mph=0.000 bytes=131072 pkts=131072 shard=0
step=0561750 (run 1750/8000) loss=5.96338 byte_ppl=388.922 atoms=25 merges=0 field=8.0243 rms=0.2508 scale=1.0000 fcos=nan ign=0.0000 prn=nan nxp=0.000 mph=0.000 bytes=131072 pkts=131072 shard=0
step=0561775 (run 1775/8000) loss=2.36525 byte_ppl=10.647 atoms=52 merges=0 field=8.0795 rms=0.2525 scale=1.0000 fcos=nan ign=0.0000 prn=nan nxp=0.000 mph=0.000 bytes=131072 pkts=131072 shard=0
step=0561800 (run 1800/8000) loss=7.06640 byte_ppl=1171.923 atoms=9 merges=0 field=8.1558 rms=0.2549 scale=1.0000 fcos=nan ign=0.0000 prn=nan nxp=0.000 mph=0.000 bytes=131072 pkts=131072 shard=0
step=0561825 (run 1825/8000) loss=0.00059 byte_ppl=1.001 atoms=36 merges=0 field=8.1432 rms=0.2545 scale=1.0000 fcos=nan ign=0.0000 prn=nan nxp=0.000 mph=0.000 bytes=131072 pkts=131072 shard=0
step=0561850 (run 1850/8000) loss=2.08468 byte_ppl=8.042 atoms=64 merges=0 field=8.1523 rms=0.2548 scale=1.0000 fcos=nan ign=0.0000 prn=nan nxp=0.000 mph=0.000 bytes=131072 pkts=131072 shard=0
step=0561875 (run 1875/8000) loss=1.23322 byte_ppl=3.432 atoms=21 merges=0 field=8.1962 rms=0.2561 scale=1.0000 fcos=nan ign=0.0000 prn=nan nxp=0.000 mph=0.000 bytes=131072 pkts=131072 shard=0
step=0561900 (run 1900/8000) loss=0.01483 byte_ppl=1.015 atoms=49 merges=0 field=8.1389 rms=0.2543 scale=1.0000 fcos=nan ign=0.0000 prn=nan nxp=0.000 mph=0.000 bytes=131072 pkts=131072 shard=0
step=0561925 (run 1925/8000) loss=0.40487 byte_ppl=1.499 atoms=5 merges=0 field=8.1594 rms=0.2550 scale=1.0000 fcos=nan ign=0.0000 prn=nan nxp=0.000 mph=0.000 bytes=131072 pkts=131072 shard=0
step=0561950 (run 1950/8000) loss=8.16705 byte_ppl=3522.937 atoms=33 merges=0 field=8.1593 rms=0.2550 scale=1.0000 fcos=nan ign=0.0000 prn=nan nxp=0.000 mph=0.000 bytes=131072 pkts=131072 shard=0
step=0561975 (run 1975/8000) loss=6.84187 byte_ppl=936.238 atoms=60 merges=0 field=8.1473 rms=0.2546 scale=1.0000 fcos=nan ign=0.0000 prn=nan nxp=0.000 mph=0.000 bytes=131072 pkts=131072 shard=0
step=0562000 (run 2000/8000) loss=1.14937 byte_ppl=3.156 atoms=18 merges=0 field=8.1365 rms=0.2543 scale=1.0000 fcos=nan ign=0.0000 prn=nan nxp=0.000 mph=0.000 bytes=131072 pkts=131072 shard=0
step=0562025 (run 2025/8000) loss=0.00273 byte_ppl=1.003 atoms=45 merges=0 field=8.2258 rms=0.2571 scale=1.0000 fcos=nan ign=0.0000 prn=nan nxp=0.000 mph=0.000 bytes=131072 pkts=131072 shard=0
step=0562050 (run 2050/8000) loss=4.22608 byte_ppl=68.448 atoms=3 merges=0 field=8.2745 rms=0.2586 scale=1.0000 fcos=nan ign=0.0000 prn=nan nxp=0.000 mph=0.000 bytes=131072 pkts=131072 shard=0
step=0562075 (run 2075/8000) loss=1.13492 byte_ppl=3.111 atoms=30 merges=0 field=8.2194 rms=0.2569 scale=1.0000 fcos=nan ign=0.0000 prn=nan nxp=0.000 mph=0.000 bytes=131072 pkts=131072 shard=0
step=0562100 (run 2100/8000) loss=3.82638 byte_ppl=45.896 atoms=58 merges=0 field=8.2475 rms=0.2577 scale=1.0000 fcos=nan ign=0.0000 prn=nan nxp=0.000 mph=0.000 bytes=131072 pkts=131072 shard=0
step=0562125 (run 2125/8000) loss=2.03336 byte_ppl=7.640 atoms=14 merges=0 field=8.2498 rms=0.2578 scale=1.0000 fcos=nan ign=0.0000 prn=nan nxp=0.000 mph=0.000 bytes=131072 pkts=131072 shard=0
step=0562150 (run 2150/8000) loss=6.30974 byte_ppl=549.903 atoms=42 merges=0 field=8.2661 rms=0.2583 scale=1.0000 fcos=nan ign=0.0000 prn=nan nxp=0.000 mph=0.000 bytes=131072 pkts=131072 shard=0
step=0562175 (run 2175/8000) loss=0.50506 byte_ppl=1.657 atoms=69 merges=0 field=8.2969 rms=0.2593 scale=1.0000 fcos=nan ign=0.0000 prn=nan nxp=0.000 mph=0.000 bytes=131072 pkts=131072 shard=0
step=0562200 (run 2200/8000) loss=6.24407 byte_ppl=514.949 atoms=27 merges=0 field=8.3738 rms=0.2617 scale=1.0000 fcos=nan ign=0.0000 prn=nan nxp=0.000 mph=0.000 bytes=131072 pkts=131072 shard=0
step=0562225 (run 2225/8000) loss=0.00127 byte_ppl=1.001 atoms=54 merges=0 field=8.2875 rms=0.2590 scale=1.0000 fcos=nan ign=0.0000 prn=nan nxp=0.000 mph=0.000 bytes=131072 pkts=131072 shard=0
step=0562250 (run 2250/8000) loss=8.23910 byte_ppl=3786.122 atoms=11 merges=0 field=8.3400 rms=0.2606 scale=1.0000 fcos=nan ign=0.0000 prn=nan nxp=0.000 mph=0.000 bytes=131072 pkts=131072 shard=0
step=0562275 (run 2275/8000) loss=2.04872 byte_ppl=7.758 atoms=38 merges=0 field=8.4082 rms=0.2628 scale=1.0000 fcos=nan ign=0.0000 prn=nan nxp=0.000 mph=0.000 bytes=131072 pkts=131072 shard=0
step=0562300 (run 2300/8000) loss=0.88534 byte_ppl=2.424 atoms=66 merges=0 field=8.3813 rms=0.2619 scale=1.0000 fcos=nan ign=0.0000 prn=nan nxp=0.000 mph=0.000 bytes=131072 pkts=131072 shard=0
step=0562325 (run 2325/8000) loss=0.41584 byte_ppl=1.516 atoms=23 merges=0 field=8.3944 rms=0.2623 scale=1.0000 fcos=nan ign=0.0000 prn=nan nxp=0.000 mph=0.000 bytes=131072 pkts=131072 shard=0
step=0562350 (run 2350/8000) loss=0.20589 byte_ppl=1.229 atoms=51 merges=0 field=8.4687 rms=0.2646 scale=1.0000 fcos=nan ign=0.0000 prn=nan nxp=0.000 mph=0.000 bytes=131072 pkts=131072 shard=0
step=0562375 (run 2375/8000) loss=0.00097 byte_ppl=1.001 atoms=8 merges=0 field=8.4916 rms=0.2654 scale=1.0000 fcos=nan ign=0.0000 prn=nan nxp=0.000 mph=0.000 bytes=131072 pkts=131072 shard=0
step=0562400 (run 2400/8000) loss=6.50083 byte_ppl=665.694 atoms=36 merges=0 field=8.4644 rms=0.2645 scale=1.0000 fcos=nan ign=0.0000 prn=nan nxp=0.000 mph=0.000 bytes=131072 pkts=131072 shard=0
step=0562425 (run 2425/8000) loss=2.88271 byte_ppl=17.863 atoms=63 merges=0 field=8.4045 rms=0.2626 scale=1.0000 fcos=nan ign=0.0000 prn=nan nxp=0.000 mph=0.000 bytes=131072 pkts=131072 shard=0
step=0562450 (run 2450/8000) loss=3.92704 byte_ppl=50.756 atoms=20 merges=0 field=8.3693 rms=0.2615 scale=1.0000 fcos=nan ign=0.0000 prn=nan nxp=0.000 mph=0.000 bytes=131072 pkts=131072 shard=0
step=0562475 (run 2475/8000) loss=0.00031 byte_ppl=1.000 atoms=47 merges=0 field=8.3664 rms=0.2615 scale=1.0000 fcos=nan ign=0.0000 prn=nan nxp=0.000 mph=0.000 bytes=131072 pkts=131072 shard=0
step=0562500 (run 2500/8000) loss=2.65438 byte_ppl=14.216 atoms=5 merges=0 field=8.3967 rms=0.2624 scale=1.0000 fcos=nan ign=0.0000 prn=nan nxp=0.000 mph=0.000 bytes=131072 pkts=131072 shard=0
step=0562525 (run 2525/8000) loss=1.05711 byte_ppl=2.878 atoms=32 merges=0 field=8.4057 rms=0.2627 scale=1.0000 fcos=nan ign=0.0000 prn=nan nxp=0.000 mph=0.000 bytes=131072 pkts=131072 shard=0
step=0562550 (run 2550/8000) loss=0.37022 byte_ppl=1.448 atoms=60 merges=0 field=8.4367 rms=0.2637 scale=1.0000 fcos=nan ign=0.0000 prn=nan nxp=0.000 mph=0.000 bytes=131072 pkts=131072 shard=0
step=0562575 (run 2575/8000) loss=0.00014 byte_ppl=1.000 atoms=16 merges=0 field=8.4127 rms=0.2629 scale=1.0000 fcos=nan ign=0.0000 prn=nan nxp=0.000 mph=0.000 bytes=131072 pkts=131072 shard=0
step=0562600 (run 2600/8000) loss=5.35307 byte_ppl=211.256 atoms=44 merges=0 field=8.3814 rms=0.2619 scale=1.0000 fcos=nan ign=0.0000 prn=nan nxp=0.000 mph=0.000 bytes=131072 pkts=131072 shard=0
step=0562625 (run 2625/8000) loss=3.64081 byte_ppl=38.123 atoms=1 merges=0 field=8.3834 rms=0.2620 scale=1.0000 fcos=nan ign=0.0000 prn=nan nxp=0.000 mph=0.000 bytes=131072 pkts=131072 shard=0
step=0562650 (run 2650/8000) loss=6.57093 byte_ppl=714.033 atoms=29 merges=0 field=8.3693 rms=0.2615 scale=1.0000 fcos=nan ign=0.0000 prn=nan nxp=0.000 mph=0.000 bytes=131072 pkts=131072 shard=0
step=0562675 (run 2675/8000) loss=0.09837 byte_ppl=1.103 atoms=56 merges=0 field=8.3290 rms=0.2603 scale=1.0000 fcos=nan ign=0.0000 prn=nan nxp=0.000 mph=0.000 bytes=131072 pkts=131072 shard=0
step=0562700 (run 2700/8000) loss=0.95002 byte_ppl=2.586 atoms=14 merges=0 field=8.3793 rms=0.2619 scale=1.0000 fcos=nan ign=0.0000 prn=nan nxp=0.000 mph=0.000 bytes=131072 pkts=131072 shard=0
step=0562725 (run 2725/8000) loss=0.00597 byte_ppl=1.006 atoms=41 merges=0 field=8.3779 rms=0.2618 scale=1.0000 fcos=nan ign=0.0000 prn=nan nxp=0.000 mph=0.000 bytes=131072 pkts=131072 shard=0
step=0562750 (run 2750/8000) loss=0.06936 byte_ppl=1.072 atoms=69 merges=0 field=8.3971 rms=0.2624 scale=1.0000 fcos=nan ign=0.0000 prn=nan nxp=0.000 mph=0.000 bytes=131072 pkts=131072 shard=0
step=0562775 (run 2775/8000) loss=0.03250 byte_ppl=1.033 atoms=25 merges=0 field=8.4083 rms=0.2628 scale=1.0000 fcos=nan ign=0.0000 prn=nan nxp=0.000 mph=0.000 bytes=131072 pkts=131072 shard=0
step=0562800 (run 2800/8000) loss=7.89207 byte_ppl=2675.981 atoms=53 merges=0 field=8.3730 rms=0.2617 scale=1.0000 fcos=nan ign=0.0000 prn=nan nxp=0.000 mph=0.000 bytes=131072 pkts=131072 shard=0
step=0562825 (run 2825/8000) loss=1.18644 byte_ppl=3.275 atoms=10 merges=0 field=8.3980 rms=0.2624 scale=1.0000 fcos=nan ign=0.0000 prn=nan nxp=0.000 mph=0.000 bytes=131072 pkts=131072 shard=0
step=0562850 (run 2850/8000) loss=2.43967 byte_ppl=11.469 atoms=38 merges=0 field=8.3430 rms=0.2607 scale=1.0000 fcos=nan ign=0.0000 prn=nan nxp=0.000 mph=0.000 bytes=131072 pkts=131072 shard=0
step=0562875 (run 2875/8000) loss=0.01835 byte_ppl=1.019 atoms=65 merges=0 field=8.3492 rms=0.2609 scale=1.0000 fcos=nan ign=0.0000 prn=nan nxp=0.000 mph=0.000 bytes=131072 pkts=131072 shard=0
step=0562900 (run 2900/8000) loss=7.20391 byte_ppl=1344.681 atoms=22 merges=0 field=8.3839 rms=0.2620 scale=1.0000 fcos=nan ign=0.0000 prn=nan nxp=0.000 mph=0.000 bytes=131072 pkts=131072 shard=0
step=0562925 (run 2925/8000) loss=0.00037 byte_ppl=1.000 atoms=49 merges=0 field=8.4134 rms=0.2629 scale=1.0000 fcos=nan ign=0.0000 prn=nan nxp=0.000 mph=0.000 bytes=131072 pkts=131072 shard=0
step=0562950 (run 2950/8000) loss=6.23420 byte_ppl=509.894 atoms=7 merges=0 field=8.3853 rms=0.2620 scale=1.0000 fcos=nan ign=0.0000 prn=nan nxp=0.000 mph=0.000 bytes=131072 pkts=131072 shard=0
step=0562975 (run 2975/8000) loss=2.05633 byte_ppl=7.817 atoms=34 merges=0 field=8.4241 rms=0.2633 scale=1.0000 fcos=nan ign=0.0000 prn=nan nxp=0.000 mph=0.000 bytes=131072 pkts=131072 shard=0
step=0563000 (run 3000/8000) loss=6.17439 byte_ppl=480.292 atoms=62 merges=0 field=8.3834 rms=0.2620 scale=1.0000 fcos=nan ign=0.0000 prn=nan nxp=0.000 mph=0.000 bytes=131072 pkts=131072 shard=0
step=0563025 (run 3025/8000) loss=0.00976 byte_ppl=1.010 atoms=19 merges=0 field=8.3887 rms=0.2621 scale=1.0000 fcos=nan ign=0.0000 prn=nan nxp=0.000 mph=0.000 bytes=131072 pkts=131072 shard=0
step=0563050 (run 3050/8000) loss=2.19098 byte_ppl=8.944 atoms=47 merges=0 field=8.3789 rms=0.2618 scale=1.0000 fcos=nan ign=0.0000 prn=nan nxp=0.000 mph=0.000 bytes=131072 pkts=131072 shard=0
step=0563075 (run 3075/8000) loss=0.35014 byte_ppl=1.419 atoms=3 merges=0 field=8.3611 rms=0.2613 scale=1.0000 fcos=nan ign=0.0000 prn=nan nxp=0.000 mph=0.000 bytes=131072 pkts=131072 shard=0
step=0563100 (run 3100/8000) loss=3.58840 byte_ppl=36.176 atoms=31 merges=0 field=8.3805 rms=0.2619 scale=1.0000 fcos=nan ign=0.0000 prn=nan nxp=0.000 mph=0.000 bytes=131072 pkts=131072 shard=0
step=0563125 (run 3125/8000) loss=0.00124 byte_ppl=1.001 atoms=58 merges=0 field=8.4134 rms=0.2629 scale=1.0000 fcos=nan ign=0.0000 prn=nan nxp=0.000 mph=0.000 bytes=131072 pkts=131072 shard=0
step=0563150 (run 3150/8000) loss=1.60721 byte_ppl=4.989 atoms=16 merges=0 field=8.3599 rms=0.2612 scale=1.0000 fcos=nan ign=0.0000 prn=nan nxp=0.000 mph=0.000 bytes=131072 pkts=131072 shard=0
step=0563175 (run 3175/8000) loss=7.07295 byte_ppl=1179.628 atoms=43 merges=0 field=8.3286 rms=0.2603 scale=1.0000 fcos=nan ign=0.0000 prn=nan nxp=0.000 mph=0.000 bytes=131072 pkts=131072 shard=0
step=0563200 (run 3200/8000) loss=5.54080 byte_ppl=254.882 atoms=71 merges=0 field=8.2786 rms=0.2587 scale=1.0000 fcos=nan ign=0.0000 prn=nan nxp=0.000 mph=0.000 bytes=131072 pkts=131072 shard=0
step=0563225 (run 3225/8000) loss=0.00014 byte_ppl=1.000 atoms=27 merges=0 field=8.2416 rms=0.2576 scale=1.0000 fcos=nan ign=0.0000 prn=nan nxp=0.000 mph=0.000 bytes=131072 pkts=131072 shard=0
step=0563250 (run 3250/8000) loss=0.89194 byte_ppl=2.440 atoms=55 merges=0 field=8.2500 rms=0.2578 scale=1.0000 fcos=nan ign=0.0000 prn=nan nxp=0.000 mph=0.000 bytes=131072 pkts=131072 shard=0
step=0563275 (run 3275/8000) loss=0.00441 byte_ppl=1.004 atoms=12 merges=0 field=8.2584 rms=0.2581 scale=1.0000 fcos=nan ign=0.0000 prn=nan nxp=0.000 mph=0.000 bytes=131072 pkts=131072 shard=0
step=0563300 (run 3300/8000) loss=0.00649 byte_ppl=1.007 atoms=40 merges=0 field=8.2437 rms=0.2576 scale=1.0000 fcos=nan ign=0.0000 prn=nan nxp=0.000 mph=0.000 bytes=131072 pkts=131072 shard=0
step=0563325 (run 3325/8000) loss=0.09263 byte_ppl=1.097 atoms=67 merges=0 field=8.2256 rms=0.2571 scale=1.0000 fcos=nan ign=0.0000 prn=nan nxp=0.000 mph=0.000 bytes=131072 pkts=131072 shard=0
step=0563350 (run 3350/8000) loss=9.74230 byte_ppl=17022.600 atoms=25 merges=0 field=8.2236 rms=0.2570 scale=1.0000 fcos=nan ign=0.0000 prn=nan nxp=0.000 mph=0.000 bytes=131072 pkts=131072 shard=0
step=0563375 (run 3375/8000) loss=4.57147 byte_ppl=96.686 atoms=52 merges=0 field=8.2156 rms=0.2567 scale=1.0000 fcos=nan ign=0.0000 prn=nan nxp=0.000 mph=0.000 bytes=131072 pkts=131072 shard=0
step=0563400 (run 3400/8000) loss=2.42832 byte_ppl=11.340 atoms=9 merges=0 field=8.2138 rms=0.2567 scale=1.0000 fcos=nan ign=0.0000 prn=nan nxp=0.000 mph=0.000 bytes=131072 pkts=131072 shard=0
step=0563425 (run 3425/8000) loss=3.92856 byte_ppl=50.834 atoms=36 merges=0 field=8.2378 rms=0.2574 scale=1.0000 fcos=nan ign=0.0000 prn=nan nxp=0.000 mph=0.000 bytes=131072 pkts=131072 shard=0
step=0563450 (run 3450/8000) loss=0.00094 byte_ppl=1.001 atoms=64 merges=0 field=8.2531 rms=0.2579 scale=1.0000 fcos=nan ign=0.0000 prn=nan nxp=0.000 mph=0.000 bytes=131072 pkts=131072 shard=0
step=0563475 (run 3475/8000) loss=0.01502 byte_ppl=1.015 atoms=21 merges=0 field=8.2704 rms=0.2585 scale=1.0000 fcos=nan ign=0.0000 prn=nan nxp=0.000 mph=0.000 bytes=131072 pkts=131072 shard=0
step=0563500 (run 3500/8000) loss=4.42673 byte_ppl=83.658 atoms=49 merges=0 field=8.2551 rms=0.2580 scale=1.0000 fcos=nan ign=0.0000 prn=nan nxp=0.000 mph=0.000 bytes=131072 pkts=131072 shard=0
step=0563525 (run 3525/8000) loss=0.00083 byte_ppl=1.001 atoms=5 merges=0 field=8.2504 rms=0.2578 scale=1.0000 fcos=nan ign=0.0000 prn=nan nxp=0.000 mph=0.000 bytes=131072 pkts=131072 shard=0
step=0563550 (run 3550/8000) loss=0.04600 byte_ppl=1.047 atoms=33 merges=0 field=8.2384 rms=0.2575 scale=1.0000 fcos=nan ign=0.0000 prn=nan nxp=0.000 mph=0.000 bytes=131072 pkts=131072 shard=0
step=0563575 (run 3575/8000) loss=0.00490 byte_ppl=1.005 atoms=60 merges=0 field=8.2218 rms=0.2569 scale=1.0000 fcos=nan ign=0.0000 prn=nan nxp=0.000 mph=0.000 bytes=131072 pkts=131072 shard=0
step=0563600 (run 3600/8000) loss=11.63396 byte_ppl=112866.471 atoms=18 merges=0 field=8.2224 rms=0.2570 scale=1.0000 fcos=nan ign=0.0000 prn=nan nxp=0.000 mph=0.000 bytes=131072 pkts=131072 shard=0
step=0563625 (run 3625/8000) loss=0.00013 byte_ppl=1.000 atoms=45 merges=0 field=8.2152 rms=0.2567 scale=1.0000 fcos=nan ign=0.0000 prn=nan nxp=0.000 mph=0.000 bytes=131072 pkts=131072 shard=0
step=0563650 (run 3650/8000) loss=5.09733 byte_ppl=163.585 atoms=3 merges=0 field=8.2135 rms=0.2567 scale=1.0000 fcos=nan ign=0.0000 prn=nan nxp=0.000 mph=0.000 bytes=131072 pkts=131072 shard=0
step=0563675 (run 3675/8000) loss=0.19275 byte_ppl=1.213 atoms=30 merges=0 field=8.1989 rms=0.2562 scale=1.0000 fcos=nan ign=0.0000 prn=nan nxp=0.000 mph=0.000 bytes=131072 pkts=131072 shard=0
step=0563700 (run 3700/8000) loss=0.00162 byte_ppl=1.002 atoms=58 merges=0 field=8.2246 rms=0.2570 scale=1.0000 fcos=nan ign=0.0000 prn=nan nxp=0.000 mph=0.000 bytes=131072 pkts=131072 shard=0
step=0563725 (run 3725/8000) loss=0.00059 byte_ppl=1.001 atoms=14 merges=0 field=8.2513 rms=0.2579 scale=1.0000 fcos=nan ign=0.0000 prn=nan nxp=0.000 mph=0.000 bytes=131072 pkts=131072 shard=0
step=0563750 (run 3750/8000) loss=0.46641 byte_ppl=1.594 atoms=42 merges=0 field=8.2238 rms=0.2570 scale=1.0000 fcos=nan ign=0.0000 prn=nan nxp=0.000 mph=0.000 bytes=131072 pkts=131072 shard=0
step=0563775 (run 3775/8000) loss=0.01058 byte_ppl=1.011 atoms=69 merges=0 field=8.2317 rms=0.2572 scale=1.0000 fcos=nan ign=0.0000 prn=nan nxp=0.000 mph=0.000 bytes=131072 pkts=131072 shard=0
step=0563800 (run 3800/8000) loss=0.05307 byte_ppl=1.055 atoms=27 merges=0 field=8.2697 rms=0.2584 scale=1.0000 fcos=nan ign=0.0000 prn=nan nxp=0.000 mph=0.000 bytes=131072 pkts=131072 shard=0
step=0563825 (run 3825/8000) loss=0.00590 byte_ppl=1.006 atoms=54 merges=0 field=8.2717 rms=0.2585 scale=1.0000 fcos=nan ign=0.0000 prn=nan nxp=0.000 mph=0.000 bytes=131072 pkts=131072 shard=0
step=0563850 (run 3850/8000) loss=7.53078 byte_ppl=1864.561 atoms=11 merges=0 field=8.2804 rms=0.2588 scale=1.0000 fcos=nan ign=0.0000 prn=nan nxp=0.000 mph=0.000 bytes=131072 pkts=131072 shard=0
step=0563875 (run 3875/8000) loss=0.00108 byte_ppl=1.001 atoms=38 merges=0 field=8.3404 rms=0.2606 scale=1.0000 fcos=nan ign=0.0000 prn=nan nxp=0.000 mph=0.000 bytes=131072 pkts=131072 shard=0
step=0563900 (run 3900/8000) loss=3.12676 byte_ppl=22.800 atoms=66 merges=0 field=8.3552 rms=0.2611 scale=1.0000 fcos=nan ign=0.0000 prn=nan nxp=0.000 mph=0.000 bytes=131072 pkts=131072 shard=0
step=0563925 (run 3925/8000) loss=4.12318 byte_ppl=61.755 atoms=23 merges=0 field=8.3411 rms=0.2607 scale=1.0000 fcos=nan ign=0.0000 prn=nan nxp=0.000 mph=0.000 bytes=131072 pkts=131072 shard=0
step=0563950 (run 3950/8000) loss=0.19261 byte_ppl=1.212 atoms=51 merges=0 field=8.3415 rms=0.2607 scale=1.0000 fcos=nan ign=0.0000 prn=nan nxp=0.000 mph=0.000 bytes=131072 pkts=131072 shard=0
step=0563975 (run 3975/8000) loss=4.88789 byte_ppl=132.673 atoms=8 merges=0 field=8.3296 rms=0.2603 scale=1.0000 fcos=nan ign=0.0000 prn=nan nxp=0.000 mph=0.000 bytes=131072 pkts=131072 shard=0
step=0564000 (run 4000/8000) loss=6.03594 byte_ppl=418.190 atoms=36 merges=0 field=8.3146 rms=0.2598 scale=1.0000 fcos=nan ign=0.0000 prn=nan nxp=0.000 mph=0.000 bytes=131072 pkts=131072 shard=0
step=0564025 (run 4025/8000) loss=4.06880 byte_ppl=58.487 atoms=63 merges=0 field=8.3333 rms=0.2604 scale=1.0000 fcos=nan ign=0.0000 prn=nan nxp=0.000 mph=0.000 bytes=131072 pkts=131072 shard=0
step=0564050 (run 4050/8000) loss=5.20356 byte_ppl=181.918 atoms=20 merges=0 field=8.3911 rms=0.2622 scale=1.0000 fcos=nan ign=0.0000 prn=nan nxp=0.000 mph=0.000 bytes=131072 pkts=131072 shard=0
step=0564075 (run 4075/8000) loss=0.02651 byte_ppl=1.027 atoms=47 merges=0 field=8.4020 rms=0.2626 scale=1.0000 fcos=nan ign=0.0000 prn=nan nxp=0.000 mph=0.000 bytes=131072 pkts=131072 shard=0
step=0564100 (run 4100/8000) loss=0.09846 byte_ppl=1.103 atoms=5 merges=0 field=8.4115 rms=0.2629 scale=1.0000 fcos=nan ign=0.0000 prn=nan nxp=0.000 mph=0.000 bytes=131072 pkts=131072 shard=0
step=0564125 (run 4125/8000) loss=0.04040 byte_ppl=1.041 atoms=32 merges=0 field=8.3988 rms=0.2625 scale=1.0000 fcos=nan ign=0.0000 prn=nan nxp=0.000 mph=0.000 bytes=131072 pkts=131072 shard=0
step=0564150 (run 4150/8000) loss=0.12747 byte_ppl=1.136 atoms=60 merges=0 field=8.3828 rms=0.2620 scale=1.0000 fcos=nan ign=0.0000 prn=nan nxp=0.000 mph=0.000 bytes=131072 pkts=131072 shard=0
step=0564175 (run 4175/8000) loss=2.63261 byte_ppl=13.910 atoms=16 merges=0 field=8.3680 rms=0.2615 scale=1.0000 fcos=nan ign=0.0000 prn=nan nxp=0.000 mph=0.000 bytes=131072 pkts=131072 shard=0
step=0564200 (run 4200/8000) loss=4.50164 byte_ppl=90.165 atoms=44 merges=0 field=8.3410 rms=0.2607 scale=1.0000 fcos=nan ign=0.0000 prn=nan nxp=0.000 mph=0.000 bytes=131072 pkts=131072 shard=0
step=0564225 (run 4225/8000) loss=0.00018 byte_ppl=1.000 atoms=1 merges=0 field=8.3671 rms=0.2615 scale=1.0000 fcos=nan ign=0.0000 prn=nan nxp=0.000 mph=0.000 bytes=131072 pkts=131072 shard=0
step=0564250 (run 4250/8000) loss=0.00326 byte_ppl=1.003 atoms=29 merges=0 field=8.4006 rms=0.2625 scale=1.0000 fcos=nan ign=0.0000 prn=nan nxp=0.000 mph=0.000 bytes=131072 pkts=131072 shard=0
step=0564275 (run 4275/8000) loss=0.00149 byte_ppl=1.001 atoms=56 merges=0 field=8.4236 rms=0.2632 scale=1.0000 fcos=nan ign=0.0000 prn=nan nxp=0.000 mph=0.000 bytes=131072 pkts=131072 shard=0
step=0564300 (run 4300/8000) loss=4.77403 byte_ppl=118.396 atoms=14 merges=0 field=8.4439 rms=0.2639 scale=1.0000 fcos=nan ign=0.0000 prn=nan nxp=0.000 mph=0.000 bytes=131072 pkts=131072 shard=0
step=0564325 (run 4325/8000) loss=0.07262 byte_ppl=1.075 atoms=41 merges=0 field=8.4861 rms=0.2652 scale=1.0000 fcos=nan ign=0.0000 prn=nan nxp=0.000 mph=0.000 bytes=131072 pkts=131072 shard=0
step=0564350 (run 4350/8000) loss=2.68611 byte_ppl=14.674 atoms=69 merges=0 field=8.4485 rms=0.2640 scale=1.0000 fcos=nan ign=0.0000 prn=nan nxp=0.000 mph=0.000 bytes=131072 pkts=131072 shard=0
step=0564375 (run 4375/8000) loss=0.40006 byte_ppl=1.492 atoms=25 merges=0 field=8.4680 rms=0.2646 scale=1.0000 fcos=nan ign=0.0000 prn=nan nxp=0.000 mph=0.000 bytes=131072 pkts=131072 shard=0
step=0564400 (run 4400/8000) loss=2.26401 byte_ppl=9.622 atoms=53 merges=0 field=8.4909 rms=0.2653 scale=1.0000 fcos=nan ign=0.0000 prn=nan nxp=0.000 mph=0.000 bytes=131072 pkts=131072 shard=0
step=0564425 (run 4425/8000) loss=1.26560 byte_ppl=3.545 atoms=10 merges=0 field=8.5077 rms=0.2659 scale=1.0000 fcos=nan ign=0.0000 prn=nan nxp=0.000 mph=0.000 bytes=131072 pkts=131072 shard=0
step=0564450 (run 4450/8000) loss=0.45600 byte_ppl=1.578 atoms=38 merges=0 field=8.4932 rms=0.2654 scale=1.0000 fcos=nan ign=0.0000 prn=nan nxp=0.000 mph=0.000 bytes=131072 pkts=131072 shard=0
step=0564475 (run 4475/8000) loss=0.01336 byte_ppl=1.013 atoms=65 merges=0 field=8.4747 rms=0.2648 scale=1.0000 fcos=nan ign=0.0000 prn=nan nxp=0.000 mph=0.000 bytes=131072 pkts=131072 shard=0
step=0564500 (run 4500/8000) loss=4.20618 byte_ppl=67.100 atoms=22 merges=0 field=8.5206 rms=0.2663 scale=1.0000 fcos=nan ign=0.0000 prn=nan nxp=0.000 mph=0.000 bytes=131072 pkts=131072 shard=0
step=0564525 (run 4525/8000) loss=0.22844 byte_ppl=1.257 atoms=49 merges=0 field=8.5121 rms=0.2660 scale=1.0000 fcos=nan ign=0.0000 prn=nan nxp=0.000 mph=0.000 bytes=131072 pkts=131072 shard=0
step=0564550 (run 4550/8000) loss=5.79557 byte_ppl=328.838 atoms=7 merges=0 field=8.5024 rms=0.2657 scale=1.0000 fcos=nan ign=0.0000 prn=nan nxp=0.000 mph=0.000 bytes=131072 pkts=131072 shard=0
step=0564575 (run 4575/8000) loss=0.20119 byte_ppl=1.223 atoms=34 merges=0 field=8.5129 rms=0.2660 scale=1.0000 fcos=nan ign=0.0000 prn=nan nxp=0.000 mph=0.000 bytes=131072 pkts=131072 shard=0
step=0564600 (run 4600/8000) loss=0.45274 byte_ppl=1.573 atoms=62 merges=0 field=8.5152 rms=0.2661 scale=1.0000 fcos=nan ign=0.0000 prn=nan nxp=0.000 mph=0.000 bytes=131072 pkts=131072 shard=0
step=0564625 (run 4625/8000) loss=0.02953 byte_ppl=1.030 atoms=19 merges=0 field=8.5374 rms=0.2668 scale=1.0000 fcos=nan ign=0.0000 prn=nan nxp=0.000 mph=0.000 bytes=131072 pkts=131072 shard=0
step=0564650 (run 4650/8000) loss=0.00312 byte_ppl=1.003 atoms=47 merges=0 field=8.5447 rms=0.2670 scale=1.0000 fcos=nan ign=0.0000 prn=nan nxp=0.000 mph=0.000 bytes=131072 pkts=131072 shard=0
step=0564675 (run 4675/8000) loss=3.32349 byte_ppl=27.757 atoms=3 merges=0 field=8.5314 rms=0.2666 scale=1.0000 fcos=nan ign=0.0000 prn=nan nxp=0.000 mph=0.000 bytes=131072 pkts=131072 shard=0
step=0564700 (run 4700/8000) loss=9.00317 byte_ppl=8128.843 atoms=31 merges=0 field=8.5638 rms=0.2676 scale=1.0000 fcos=nan ign=0.0000 prn=nan nxp=0.000 mph=0.000 bytes=131072 pkts=131072 shard=0
step=0564725 (run 4725/8000) loss=0.00014 byte_ppl=1.000 atoms=58 merges=0 field=8.5454 rms=0.2670 scale=1.0000 fcos=nan ign=0.0000 prn=nan nxp=0.000 mph=0.000 bytes=131072 pkts=131072 shard=0
step=0564750 (run 4750/8000) loss=1.29104 byte_ppl=3.637 atoms=16 merges=0 field=8.5806 rms=0.2681 scale=1.0000 fcos=nan ign=0.0000 prn=nan nxp=0.000 mph=0.000 bytes=131072 pkts=131072 shard=0
step=0564775 (run 4775/8000) loss=0.00516 byte_ppl=1.005 atoms=43 merges=0 field=8.6135 rms=0.2692 scale=1.0000 fcos=nan ign=0.0000 prn=nan nxp=0.000 mph=0.000 bytes=131072 pkts=131072 shard=0
step=0564800 (run 4800/8000) loss=1.26605 byte_ppl=3.547 atoms=71 merges=0 field=8.5956 rms=0.2686 scale=1.0000 fcos=nan ign=0.0000 prn=nan nxp=0.000 mph=0.000 bytes=131072 pkts=131072 shard=0
step=0564825 (run 4825/8000) loss=1.07471 byte_ppl=2.929 atoms=27 merges=0 field=8.6251 rms=0.2695 scale=1.0000 fcos=nan ign=0.0000 prn=nan nxp=0.000 mph=0.000 bytes=131072 pkts=131072 shard=0
step=0564850 (run 4850/8000) loss=9.36554 byte_ppl=11678.906 atoms=55 merges=0 field=8.6797 rms=0.2712 scale=1.0000 fcos=nan ign=0.0000 prn=nan nxp=0.000 mph=0.000 bytes=131072 pkts=131072 shard=0
step=0564875 (run 4875/8000) loss=0.00511 byte_ppl=1.005 atoms=12 merges=0 field=8.6665 rms=0.2708 scale=1.0000 fcos=nan ign=0.0000 prn=nan nxp=0.000 mph=0.000 bytes=131072 pkts=131072 shard=0
step=0564900 (run 4900/8000) loss=2.13983 byte_ppl=8.498 atoms=40 merges=0 field=8.6683 rms=0.2709 scale=1.0000 fcos=nan ign=0.0000 prn=nan nxp=0.000 mph=0.000 bytes=131072 pkts=131072 shard=0
step=0564925 (run 4925/8000) loss=1.82279 byte_ppl=6.189 atoms=67 merges=0 field=8.6632 rms=0.2707 scale=1.0000 fcos=nan ign=0.0000 prn=nan nxp=0.000 mph=0.000 bytes=131072 pkts=131072 shard=0
step=0564950 (run 4950/8000) loss=7.03149 byte_ppl=1131.721 atoms=25 merges=0 field=8.7203 rms=0.2725 scale=1.0000 fcos=nan ign=0.0000 prn=nan nxp=0.000 mph=0.000 bytes=131072 pkts=131072 shard=0
step=0564975 (run 4975/8000) loss=5.59112 byte_ppl=268.036 atoms=52 merges=0 field=8.6561 rms=0.2705 scale=1.0000 fcos=nan ign=0.0000 prn=nan nxp=0.000 mph=0.000 bytes=131072 pkts=131072 shard=0
step=0565000 (run 5000/8000) loss=0.64421 byte_ppl=1.904 atoms=9 merges=0 field=8.6269 rms=0.2696 scale=1.0000 fcos=nan ign=0.0000 prn=nan nxp=0.000 mph=0.000 bytes=131072 pkts=131072 shard=0
step=0565025 (run 5025/8000) loss=0.00062 byte_ppl=1.001 atoms=36 merges=0 field=8.6586 rms=0.2706 scale=1.0000 fcos=nan ign=0.0000 prn=nan nxp=0.000 mph=0.000 bytes=131072 pkts=131072 shard=0
step=0565050 (run 5050/8000) loss=0.20495 byte_ppl=1.227 atoms=64 merges=0 field=8.6187 rms=0.2693 scale=1.0000 fcos=nan ign=0.0000 prn=nan nxp=0.000 mph=0.000 bytes=131072 pkts=131072 shard=0
step=0565075 (run 5075/8000) loss=0.00259 byte_ppl=1.003 atoms=21 merges=0 field=8.6346 rms=0.2698 scale=1.0000 fcos=nan ign=0.0000 prn=nan nxp=0.000 mph=0.000 bytes=131072 pkts=131072 shard=0
step=0565100 (run 5100/8000) loss=8.20376 byte_ppl=3654.660 atoms=49 merges=0 field=8.6562 rms=0.2705 scale=1.0000 fcos=nan ign=0.0000 prn=nan nxp=0.000 mph=0.000 bytes=131072 pkts=131072 shard=0
step=0565125 (run 5125/8000) loss=0.00315 byte_ppl=1.003 atoms=5 merges=0 field=8.6472 rms=0.2702 scale=1.0000 fcos=nan ign=0.0000 prn=nan nxp=0.000 mph=0.000 bytes=131072 pkts=131072 shard=0
step=0565150 (run 5150/8000) loss=0.08786 byte_ppl=1.092 atoms=33 merges=0 field=8.6198 rms=0.2694 scale=1.0000 fcos=nan ign=0.0000 prn=nan nxp=0.000 mph=0.000 bytes=131072 pkts=131072 shard=0
step=0565175 (run 5175/8000) loss=0.02577 byte_ppl=1.026 atoms=60 merges=0 field=8.5951 rms=0.2686 scale=1.0000 fcos=nan ign=0.0000 prn=nan nxp=0.000 mph=0.000 bytes=131072 pkts=131072 shard=0
step=0565200 (run 5200/8000) loss=7.48034 byte_ppl=1772.841 atoms=18 merges=0 field=8.6219 rms=0.2694 scale=1.0000 fcos=nan ign=0.0000 prn=nan nxp=0.000 mph=0.000 bytes=131072 pkts=131072 shard=0
step=0565225 (run 5225/8000) loss=5.11468 byte_ppl=166.447 atoms=45 merges=0 field=8.5688 rms=0.2678 scale=1.0000 fcos=nan ign=0.0000 prn=nan nxp=0.000 mph=0.000 bytes=131072 pkts=131072 shard=0
step=0565250 (run 5250/8000) loss=4.39683 byte_ppl=81.193 atoms=3 merges=0 field=8.5058 rms=0.2658 scale=1.0000 fcos=nan ign=0.0000 prn=nan nxp=0.000 mph=0.000 bytes=131072 pkts=131072 shard=0
step=0565275 (run 5275/8000) loss=0.03751 byte_ppl=1.038 atoms=30 merges=0 field=8.5217 rms=0.2663 scale=1.0000 fcos=nan ign=0.0000 prn=nan nxp=0.000 mph=0.000 bytes=131072 pkts=131072 shard=0
step=0565300 (run 5300/8000) loss=0.06830 byte_ppl=1.071 atoms=58 merges=0 field=8.4704 rms=0.2647 scale=1.0000 fcos=nan ign=0.0000 prn=nan nxp=0.000 mph=0.000 bytes=131072 pkts=131072 shard=0
step=0565325 (run 5325/8000) loss=0.70293 byte_ppl=2.020 atoms=14 merges=0 field=8.5217 rms=0.2663 scale=1.0000 fcos=nan ign=0.0000 prn=nan nxp=0.000 mph=0.000 bytes=131072 pkts=131072 shard=0
step=0565350 (run 5350/8000) loss=1.08364 byte_ppl=2.955 atoms=42 merges=0 field=8.5615 rms=0.2675 scale=1.0000 fcos=nan ign=0.0000 prn=nan nxp=0.000 mph=0.000 bytes=131072 pkts=131072 shard=0
step=0565375 (run 5375/8000) loss=0.16158 byte_ppl=1.175 atoms=69 merges=0 field=8.5483 rms=0.2671 scale=1.0000 fcos=nan ign=0.0000 prn=nan nxp=0.000 mph=0.000 bytes=131072 pkts=131072 shard=0
step=0565400 (run 5400/8000) loss=3.79531 byte_ppl=44.492 atoms=27 merges=0 field=8.5384 rms=0.2668 scale=1.0000 fcos=nan ign=0.0000 prn=nan nxp=0.000 mph=0.000 bytes=131072 pkts=131072 shard=0
step=0565425 (run 5425/8000) loss=0.00073 byte_ppl=1.001 atoms=54 merges=0 field=8.5557 rms=0.2674 scale=1.0000 fcos=nan ign=0.0000 prn=nan nxp=0.000 mph=0.000 bytes=131072 pkts=131072 shard=0
step=0565450 (run 5450/8000) loss=2.38955 byte_ppl=10.909 atoms=11 merges=0 field=8.5073 rms=0.2659 scale=1.0000 fcos=nan ign=0.0000 prn=nan nxp=0.000 mph=0.000 bytes=131072 pkts=131072 shard=0
step=0565475 (run 5475/8000) loss=0.00155 byte_ppl=1.002 atoms=38 merges=0 field=8.5164 rms=0.2661 scale=1.0000 fcos=nan ign=0.0000 prn=nan nxp=0.000 mph=0.000 bytes=131072 pkts=131072 shard=0
step=0565500 (run 5500/8000) loss=5.71065 byte_ppl=302.066 atoms=66 merges=0 field=8.5374 rms=0.2668 scale=1.0000 fcos=nan ign=0.0000 prn=nan nxp=0.000 mph=0.000 bytes=131072 pkts=131072 shard=0
step=0565525 (run 5525/8000) loss=0.00031 byte_ppl=1.000 atoms=23 merges=0 field=8.5876 rms=0.2684 scale=1.0000 fcos=nan ign=0.0000 prn=nan nxp=0.000 mph=0.000 bytes=131072 pkts=131072 shard=0
step=0565550 (run 5550/8000) loss=0.00754 byte_ppl=1.008 atoms=51 merges=0 field=8.5802 rms=0.2681 scale=1.0000 fcos=nan ign=0.0000 prn=nan nxp=0.000 mph=0.000 bytes=131072 pkts=131072 shard=0
step=0565575 (run 5575/8000) loss=0.34734 byte_ppl=1.415 atoms=8 merges=0 field=8.5646 rms=0.2676 scale=1.0000 fcos=nan ign=0.0000 prn=nan nxp=0.000 mph=0.000 bytes=131072 pkts=131072 shard=0
step=0565600 (run 5600/8000) loss=8.30613 byte_ppl=4048.608 atoms=36 merges=0 field=8.6089 rms=0.2690 scale=1.0000 fcos=nan ign=0.0000 prn=nan nxp=0.000 mph=0.000 bytes=131072 pkts=131072 shard=0
step=0565625 (run 5625/8000) loss=3.54279 byte_ppl=34.563 atoms=63 merges=0 field=8.6316 rms=0.2697 scale=1.0000 fcos=nan ign=0.0000 prn=nan nxp=0.000 mph=0.000 bytes=131072 pkts=131072 shard=0
step=0565650 (run 5650/8000) loss=0.76599 byte_ppl=2.151 atoms=20 merges=0 field=8.6270 rms=0.2696 scale=1.0000 fcos=nan ign=0.0000 prn=nan nxp=0.000 mph=0.000 bytes=131072 pkts=131072 shard=0
step=0565675 (run 5675/8000) loss=0.00044 byte_ppl=1.000 atoms=47 merges=0 field=8.6812 rms=0.2713 scale=1.0000 fcos=nan ign=0.0000 prn=nan nxp=0.000 mph=0.000 bytes=131072 pkts=131072 shard=0
step=0565700 (run 5700/8000) loss=3.60879 byte_ppl=36.921 atoms=5 merges=0 field=8.6498 rms=0.2703 scale=1.0000 fcos=nan ign=0.0000 prn=nan nxp=0.000 mph=0.000 bytes=131072 pkts=131072 shard=0
step=0565725 (run 5725/8000) loss=0.00421 byte_ppl=1.004 atoms=32 merges=0 field=8.6367 rms=0.2699 scale=1.0000 fcos=nan ign=0.0000 prn=nan nxp=0.000 mph=0.000 bytes=131072 pkts=131072 shard=0
step=0565750 (run 5750/8000) loss=0.01084 byte_ppl=1.011 atoms=60 merges=0 field=8.6698 rms=0.2709 scale=1.0000 fcos=nan ign=0.0000 prn=nan nxp=0.000 mph=0.000 bytes=131072 pkts=131072 shard=0
step=0565775 (run 5775/8000) loss=4.22534 byte_ppl=68.397 atoms=16 merges=0 field=8.6520 rms=0.2704 scale=1.0000 fcos=nan ign=0.0000 prn=nan nxp=0.000 mph=0.000 bytes=131072 pkts=131072 shard=0
step=0565800 (run 5800/8000) loss=6.77533 byte_ppl=875.973 atoms=44 merges=0 field=8.6689 rms=0.2709 scale=1.0000 fcos=nan ign=0.0000 prn=nan nxp=0.000 mph=0.000 bytes=131072 pkts=131072 shard=0
step=0565825 (run 5825/8000) loss=1.77444 byte_ppl=5.897 atoms=1 merges=0 field=8.7028 rms=0.2720 scale=1.0000 fcos=nan ign=0.0000 prn=nan nxp=0.000 mph=0.000 bytes=131072 pkts=131072 shard=0
step=0565850 (run 5850/8000) loss=0.01847 byte_ppl=1.019 atoms=29 merges=0 field=8.7292 rms=0.2728 scale=1.0000 fcos=nan ign=0.0000 prn=nan nxp=0.000 mph=0.000 bytes=131072 pkts=131072 shard=0
step=0565875 (run 5875/8000) loss=0.00007 byte_ppl=1.000 atoms=56 merges=0 field=8.6978 rms=0.2718 scale=1.0000 fcos=nan ign=0.0000 prn=nan nxp=0.000 mph=0.000 bytes=131072 pkts=131072 shard=0
step=0565900 (run 5900/8000) loss=6.40192 byte_ppl=603.000 atoms=14 merges=0 field=8.7154 rms=0.2724 scale=1.0000 fcos=nan ign=0.0000 prn=nan nxp=0.000 mph=0.000 bytes=131072 pkts=131072 shard=0
step=0565925 (run 5925/8000) loss=2.20245 byte_ppl=9.047 atoms=41 merges=0 field=8.7158 rms=0.2724 scale=1.0000 fcos=nan ign=0.0000 prn=nan nxp=0.000 mph=0.000 bytes=131072 pkts=131072 shard=0
step=0565950 (run 5950/8000) loss=10.94230 byte_ppl=56517.336 atoms=69 merges=0 field=8.7082 rms=0.2721 scale=1.0000 fcos=nan ign=0.0000 prn=nan nxp=0.000 mph=0.000 bytes=131072 pkts=131072 shard=0
step=0565975 (run 5975/8000) loss=0.00003 byte_ppl=1.000 atoms=25 merges=0 field=8.6777 rms=0.2712 scale=1.0000 fcos=nan ign=0.0000 prn=nan nxp=0.000 mph=0.000 bytes=131072 pkts=131072 shard=0
step=0566000 (run 6000/8000) loss=5.92467 byte_ppl=374.154 atoms=53 merges=0 field=8.6782 rms=0.2712 scale=1.0000 fcos=nan ign=0.0000 prn=nan nxp=0.000 mph=0.000 bytes=131072 pkts=131072 shard=0
step=0566025 (run 6025/8000) loss=4.85310 byte_ppl=128.137 atoms=10 merges=0 field=8.6603 rms=0.2706 scale=1.0000 fcos=nan ign=0.0000 prn=nan nxp=0.000 mph=0.000 bytes=131072 pkts=131072 shard=0
step=0566050 (run 6050/8000) loss=5.91340 byte_ppl=369.964 atoms=38 merges=0 field=8.6636 rms=0.2707 scale=1.0000 fcos=nan ign=0.0000 prn=nan nxp=0.000 mph=0.000 bytes=131072 pkts=131072 shard=0
step=0566075 (run 6075/8000) loss=0.01059 byte_ppl=1.011 atoms=65 merges=0 field=8.6220 rms=0.2694 scale=1.0000 fcos=nan ign=0.0000 prn=nan nxp=0.000 mph=0.000 bytes=131072 pkts=131072 shard=0
step=0566100 (run 6100/8000) loss=0.01077 byte_ppl=1.011 atoms=22 merges=0 field=8.6301 rms=0.2697 scale=1.0000 fcos=nan ign=0.0000 prn=nan nxp=0.000 mph=0.000 bytes=131072 pkts=131072 shard=0
step=0566125 (run 6125/8000) loss=0.07016 byte_ppl=1.073 atoms=49 merges=0 field=8.6395 rms=0.2700 scale=1.0000 fcos=nan ign=0.0000 prn=nan nxp=0.000 mph=0.000 bytes=131072 pkts=131072 shard=0
step=0566150 (run 6150/8000) loss=12.91248 byte_ppl=405338.762 atoms=7 merges=0 field=8.6294 rms=0.2697 scale=1.0000 fcos=nan ign=0.0000 prn=nan nxp=0.000 mph=0.000 bytes=131072 pkts=131072 shard=0
step=0566175 (run 6175/8000) loss=0.00247 byte_ppl=1.002 atoms=34 merges=0 field=8.6080 rms=0.2690 scale=1.0000 fcos=nan ign=0.0000 prn=nan nxp=0.000 mph=0.000 bytes=131072 pkts=131072 shard=0
step=0566200 (run 6200/8000) loss=0.07219 byte_ppl=1.075 atoms=62 merges=0 field=8.6319 rms=0.2697 scale=1.0000 fcos=nan ign=0.0000 prn=nan nxp=0.000 mph=0.000 bytes=131072 pkts=131072 shard=0
step=0566225 (run 6225/8000) loss=0.00550 byte_ppl=1.006 atoms=19 merges=0 field=8.5951 rms=0.2686 scale=1.0000 fcos=nan ign=0.0000 prn=nan nxp=0.000 mph=0.000 bytes=131072 pkts=131072 shard=0
step=0566250 (run 6250/8000) loss=5.05640 byte_ppl=157.024 atoms=47 merges=0 field=8.5692 rms=0.2678 scale=1.0000 fcos=nan ign=0.0000 prn=nan nxp=0.000 mph=0.000 bytes=131072 pkts=131072 shard=0
step=0566275 (run 6275/8000) loss=0.00597 byte_ppl=1.006 atoms=3 merges=0 field=8.5583 rms=0.2674 scale=1.0000 fcos=nan ign=0.0000 prn=nan nxp=0.000 mph=0.000 bytes=131072 pkts=131072 shard=0
step=0566300 (run 6300/8000) loss=3.06481 byte_ppl=21.430 atoms=31 merges=0 field=8.5539 rms=0.2673 scale=1.0000 fcos=nan ign=0.0000 prn=nan nxp=0.000 mph=0.000 bytes=131072 pkts=131072 shard=0
step=0566325 (run 6325/8000) loss=2.92956 byte_ppl=18.719 atoms=58 merges=0 field=8.5318 rms=0.2666 scale=1.0000 fcos=nan ign=0.0000 prn=nan nxp=0.000 mph=0.000 bytes=131072 pkts=131072 shard=0
step=0566350 (run 6350/8000) loss=6.95200 byte_ppl=1045.242 atoms=16 merges=0 field=8.5465 rms=0.2671 scale=1.0000 fcos=nan ign=0.0000 prn=nan nxp=0.000 mph=0.000 bytes=131072 pkts=131072 shard=0
step=0566375 (run 6375/8000) loss=0.00061 byte_ppl=1.001 atoms=43 merges=0 field=8.5981 rms=0.2687 scale=1.0000 fcos=nan ign=0.0000 prn=nan nxp=0.000 mph=0.000 bytes=131072 pkts=131072 shard=0
step=0566400 (run 6400/8000) loss=2.85785 byte_ppl=17.424 atoms=71 merges=0 field=8.6153 rms=0.2692 scale=1.0000 fcos=nan ign=0.0000 prn=nan nxp=0.000 mph=0.000 bytes=131072 pkts=131072 shard=0
step=0566425 (run 6425/8000) loss=0.41786 byte_ppl=1.519 atoms=27 merges=0 field=8.6440 rms=0.2701 scale=1.0000 fcos=nan ign=0.0000 prn=nan nxp=0.000 mph=0.000 bytes=131072 pkts=131072 shard=0
step=0566450 (run 6450/8000) loss=0.01168 byte_ppl=1.012 atoms=55 merges=0 field=8.6734 rms=0.2710 scale=1.0000 fcos=nan ign=0.0000 prn=nan nxp=0.000 mph=0.000 bytes=131072 pkts=131072 shard=0
step=0566475 (run 6475/8000) loss=0.00467 byte_ppl=1.005 atoms=12 merges=0 field=8.6574 rms=0.2705 scale=1.0000 fcos=nan ign=0.0000 prn=nan nxp=0.000 mph=0.000 bytes=131072 pkts=131072 shard=0
step=0566500 (run 6500/8000) loss=3.73887 byte_ppl=42.050 atoms=40 merges=0 field=8.6469 rms=0.2702 scale=1.0000 fcos=nan ign=0.0000 prn=nan nxp=0.000 mph=0.000 bytes=131072 pkts=131072 shard=0
step=0566525 (run 6525/8000) loss=0.00044 byte_ppl=1.000 atoms=67 merges=0 field=8.6545 rms=0.2705 scale=1.0000 fcos=nan ign=0.0000 prn=nan nxp=0.000 mph=0.000 bytes=131072 pkts=131072 shard=0
step=0566550 (run 6550/8000) loss=7.43311 byte_ppl=1691.065 atoms=25 merges=0 field=8.6818 rms=0.2713 scale=1.0000 fcos=nan ign=0.0000 prn=nan nxp=0.000 mph=0.000 bytes=131072 pkts=131072 shard=0
step=0566575 (run 6575/8000) loss=0.00094 byte_ppl=1.001 atoms=52 merges=0 field=8.6693 rms=0.2709 scale=1.0000 fcos=nan ign=0.0000 prn=nan nxp=0.000 mph=0.000 bytes=131072 pkts=131072 shard=0
step=0566600 (run 6600/8000) loss=7.88791 byte_ppl=2664.859 atoms=9 merges=0 field=8.6597 rms=0.2706 scale=1.0000 fcos=nan ign=0.0000 prn=nan nxp=0.000 mph=0.000 bytes=131072 pkts=131072 shard=0
step=0566625 (run 6625/8000) loss=3.62701 byte_ppl=37.600 atoms=36 merges=0 field=8.6555 rms=0.2705 scale=1.0000 fcos=nan ign=0.0000 prn=nan nxp=0.000 mph=0.000 bytes=131072 pkts=131072 shard=0
step=0566650 (run 6650/8000) loss=2.11233 byte_ppl=8.267 atoms=64 merges=0 field=8.6651 rms=0.2708 scale=1.0000 fcos=nan ign=0.0000 prn=nan nxp=0.000 mph=0.000 bytes=131072 pkts=131072 shard=0
step=0566675 (run 6675/8000) loss=0.00491 byte_ppl=1.005 atoms=21 merges=0 field=8.6152 rms=0.2692 scale=1.0000 fcos=nan ign=0.0000 prn=nan nxp=0.000 mph=0.000 bytes=131072 pkts=131072 shard=0
step=0566700 (run 6700/8000) loss=3.74986 byte_ppl=42.515 atoms=49 merges=0 field=8.6517 rms=0.2704 scale=1.0000 fcos=nan ign=0.0000 prn=nan nxp=0.000 mph=0.000 bytes=131072 pkts=131072 shard=0
step=0566725 (run 6725/8000) loss=0.00200 byte_ppl=1.002 atoms=5 merges=0 field=8.6405 rms=0.2700 scale=1.0000 fcos=nan ign=0.0000 prn=nan nxp=0.000 mph=0.000 bytes=131072 pkts=131072 shard=0
step=0566750 (run 6750/8000) loss=4.54690 byte_ppl=94.339 atoms=33 merges=0 field=8.6522 rms=0.2704 scale=1.0000 fcos=nan ign=0.0000 prn=nan nxp=0.000 mph=0.000 bytes=131072 pkts=131072 shard=0
step=0566775 (run 6775/8000) loss=5.71316 byte_ppl=302.828 atoms=60 merges=0 field=8.6423 rms=0.2701 scale=1.0000 fcos=nan ign=0.0000 prn=nan nxp=0.000 mph=0.000 bytes=131072 pkts=131072 shard=0
step=0566800 (run 6800/8000) loss=0.39239 byte_ppl=1.481 atoms=18 merges=0 field=8.6020 rms=0.2688 scale=1.0000 fcos=nan ign=0.0000 prn=nan nxp=0.000 mph=0.000 bytes=131072 pkts=131072 shard=0
step=0566825 (run 6825/8000) loss=0.00985 byte_ppl=1.010 atoms=45 merges=0 field=8.6174 rms=0.2693 scale=1.0000 fcos=nan ign=0.0000 prn=nan nxp=0.000 mph=0.000 bytes=131072 pkts=131072 shard=0
step=0566850 (run 6850/8000) loss=17.59298 byte_ppl=43705194.654 atoms=3 merges=0 field=8.6285 rms=0.2696 scale=1.0000 fcos=nan ign=0.0000 prn=nan nxp=0.000 mph=0.000 bytes=131072 pkts=131072 shard=0
step=0566875 (run 6875/8000) loss=0.02373 byte_ppl=1.024 atoms=30 merges=0 field=8.6293 rms=0.2697 scale=1.0000 fcos=nan ign=0.0000 prn=nan nxp=0.000 mph=0.000 bytes=131072 pkts=131072 shard=0
step=0566900 (run 6900/8000) loss=3.97680 byte_ppl=53.346 atoms=58 merges=0 field=8.6628 rms=0.2707 scale=1.0000 fcos=nan ign=0.0000 prn=nan nxp=0.000 mph=0.000 bytes=131072 pkts=131072 shard=0
step=0566925 (run 6925/8000) loss=0.00176 byte_ppl=1.002 atoms=14 merges=0 field=8.6845 rms=0.2714 scale=1.0000 fcos=nan ign=0.0000 prn=nan nxp=0.000 mph=0.000 bytes=131072 pkts=131072 shard=0
step=0566950 (run 6950/8000) loss=5.03037 byte_ppl=152.990 atoms=42 merges=0 field=8.6654 rms=0.2708 scale=1.0000 fcos=nan ign=0.0000 prn=nan nxp=0.000 mph=0.000 bytes=131072 pkts=131072 shard=0
step=0566975 (run 6975/8000) loss=0.00081 byte_ppl=1.001 atoms=69 merges=0 field=8.6284 rms=0.2696 scale=1.0000 fcos=nan ign=0.0000 prn=nan nxp=0.000 mph=0.000 bytes=131072 pkts=131072 shard=0
step=0567000 (run 7000/8000) loss=0.08812 byte_ppl=1.092 atoms=27 merges=0 field=8.6035 rms=0.2689 scale=1.0000 fcos=nan ign=0.0000 prn=nan nxp=0.000 mph=0.000 bytes=131072 pkts=131072 shard=0
step=0567025 (run 7025/8000) loss=0.00633 byte_ppl=1.006 atoms=54 merges=0 field=8.5904 rms=0.2685 scale=1.0000 fcos=nan ign=0.0000 prn=nan nxp=0.000 mph=0.000 bytes=131072 pkts=131072 shard=0
step=0567050 (run 7050/8000) loss=7.96393 byte_ppl=2875.347 atoms=11 merges=0 field=8.6206 rms=0.2694 scale=1.0000 fcos=nan ign=0.0000 prn=nan nxp=0.000 mph=0.000 bytes=131072 pkts=131072 shard=0
step=0567075 (run 7075/8000) loss=0.00712 byte_ppl=1.007 atoms=38 merges=0 field=8.5976 rms=0.2687 scale=1.0000 fcos=nan ign=0.0000 prn=nan nxp=0.000 mph=0.000 bytes=131072 pkts=131072 shard=0
step=0567100 (run 7100/8000) loss=2.14679 byte_ppl=8.557 atoms=66 merges=0 field=8.6222 rms=0.2694 scale=1.0000 fcos=nan ign=0.0000 prn=nan nxp=0.000 mph=0.000 bytes=131072 pkts=131072 shard=0
step=0567125 (run 7125/8000) loss=0.86543 byte_ppl=2.376 atoms=23 merges=0 field=8.6562 rms=0.2705 scale=1.0000 fcos=nan ign=0.0000 prn=nan nxp=0.000 mph=0.000 bytes=131072 pkts=131072 shard=0
step=0567150 (run 7150/8000) loss=0.14287 byte_ppl=1.154 atoms=51 merges=0 field=8.6176 rms=0.2693 scale=1.0000 fcos=nan ign=0.0000 prn=nan nxp=0.000 mph=0.000 bytes=131072 pkts=131072 shard=0
step=0567175 (run 7175/8000) loss=0.00023 byte_ppl=1.000 atoms=8 merges=0 field=8.6581 rms=0.2706 scale=1.0000 fcos=nan ign=0.0000 prn=nan nxp=0.000 mph=0.000 bytes=131072 pkts=131072 shard=0
step=0567200 (run 7200/8000) loss=2.43131 byte_ppl=11.374 atoms=36 merges=0 field=8.6208 rms=0.2694 scale=1.0000 fcos=nan ign=0.0000 prn=nan nxp=0.000 mph=0.000 bytes=131072 pkts=131072 shard=0
step=0567225 (run 7225/8000) loss=0.30187 byte_ppl=1.352 atoms=63 merges=0 field=8.6535 rms=0.2704 scale=1.0000 fcos=nan ign=0.0000 prn=nan nxp=0.000 mph=0.000 bytes=131072 pkts=131072 shard=0
step=0567250 (run 7250/8000) loss=11.42142 byte_ppl=91256.077 atoms=20 merges=0 field=8.6889 rms=0.2715 scale=1.0000 fcos=nan ign=0.0000 prn=nan nxp=0.000 mph=0.000 bytes=131072 pkts=131072 shard=0
step=0567275 (run 7275/8000) loss=0.25894 byte_ppl=1.296 atoms=47 merges=0 field=8.6913 rms=0.2716 scale=1.0000 fcos=nan ign=0.0000 prn=nan nxp=0.000 mph=0.000 bytes=131072 pkts=131072 shard=0
step=0567300 (run 7300/8000) loss=11.49222 byte_ppl=97950.828 atoms=5 merges=0 field=8.6752 rms=0.2711 scale=1.0000 fcos=nan ign=0.0000 prn=nan nxp=0.000 mph=0.000 bytes=131072 pkts=131072 shard=0
step=0567325 (run 7325/8000) loss=13.80118 byte_ppl=985776.224 atoms=32 merges=0 field=8.6849 rms=0.2714 scale=1.0000 fcos=nan ign=0.0000 prn=nan nxp=0.000 mph=0.000 bytes=131072 pkts=131072 shard=0
step=0567350 (run 7350/8000) loss=0.80837 byte_ppl=2.244 atoms=60 merges=0 field=8.6407 rms=0.2700 scale=1.0000 fcos=nan ign=0.0000 prn=nan nxp=0.000 mph=0.000 bytes=131072 pkts=131072 shard=0
step=0567375 (run 7375/8000) loss=0.03081 byte_ppl=1.031 atoms=16 merges=0 field=8.6194 rms=0.2694 scale=1.0000 fcos=nan ign=0.0000 prn=nan nxp=0.000 mph=0.000 bytes=131072 pkts=131072 shard=0
step=0567400 (run 7400/8000) loss=0.00103 byte_ppl=1.001 atoms=44 merges=0 field=8.6491 rms=0.2703 scale=1.0000 fcos=nan ign=0.0000 prn=nan nxp=0.000 mph=0.000 bytes=131072 pkts=131072 shard=0
step=0567425 (run 7425/8000) loss=2.98407 byte_ppl=19.768 atoms=1 merges=0 field=8.6361 rms=0.2699 scale=1.0000 fcos=nan ign=0.0000 prn=nan nxp=0.000 mph=0.000 bytes=131072 pkts=131072 shard=0
step=0567450 (run 7450/8000) loss=0.00859 byte_ppl=1.009 atoms=29 merges=0 field=8.6623 rms=0.2707 scale=1.0000 fcos=nan ign=0.0000 prn=nan nxp=0.000 mph=0.000 bytes=131072 pkts=131072 shard=0
step=0567475 (run 7475/8000) loss=0.00068 byte_ppl=1.001 atoms=56 merges=0 field=8.6644 rms=0.2708 scale=1.0000 fcos=nan ign=0.0000 prn=nan nxp=0.000 mph=0.000 bytes=131072 pkts=131072 shard=0
step=0567500 (run 7500/8000) loss=0.00973 byte_ppl=1.010 atoms=14 merges=0 field=8.6575 rms=0.2705 scale=1.0000 fcos=nan ign=0.0000 prn=nan nxp=0.000 mph=0.000 bytes=131072 pkts=131072 shard=0
step=0567525 (run 7525/8000) loss=0.00552 byte_ppl=1.006 atoms=41 merges=0 field=8.7034 rms=0.2720 scale=1.0000 fcos=nan ign=0.0000 prn=nan nxp=0.000 mph=0.000 bytes=131072 pkts=131072 shard=0
step=0567550 (run 7550/8000) loss=2.52321 byte_ppl=12.469 atoms=69 merges=0 field=8.7175 rms=0.2724 scale=1.0000 fcos=nan ign=0.0000 prn=nan nxp=0.000 mph=0.000 bytes=131072 pkts=131072 shard=0
step=0567575 (run 7575/8000) loss=2.57758 byte_ppl=13.165 atoms=25 merges=0 field=8.7012 rms=0.2719 scale=1.0000 fcos=nan ign=0.0000 prn=nan nxp=0.000 mph=0.000 bytes=131072 pkts=131072 shard=0
step=0567600 (run 7600/8000) loss=0.36953 byte_ppl=1.447 atoms=53 merges=0 field=8.7005 rms=0.2719 scale=1.0000 fcos=nan ign=0.0000 prn=nan nxp=0.000 mph=0.000 bytes=131072 pkts=131072 shard=0
step=0567625 (run 7625/8000) loss=2.95000 byte_ppl=19.106 atoms=10 merges=0 field=8.7373 rms=0.2730 scale=1.0000 fcos=nan ign=0.0000 prn=nan nxp=0.000 mph=0.000 bytes=131072 pkts=131072 shard=0
step=0567650 (run 7650/8000) loss=7.06187 byte_ppl=1166.620 atoms=38 merges=0 field=8.7557 rms=0.2736 scale=1.0000 fcos=nan ign=0.0000 prn=nan nxp=0.000 mph=0.000 bytes=131072 pkts=131072 shard=0
step=0567675 (run 7675/8000) loss=0.30845 byte_ppl=1.361 atoms=65 merges=0 field=8.7409 rms=0.2732 scale=1.0000 fcos=nan ign=0.0000 prn=nan nxp=0.000 mph=0.000 bytes=131072 pkts=131072 shard=0
step=0567700 (run 7700/8000) loss=0.03006 byte_ppl=1.031 atoms=22 merges=0 field=8.7459 rms=0.2733 scale=1.0000 fcos=nan ign=0.0000 prn=nan nxp=0.000 mph=0.000 bytes=131072 pkts=131072 shard=0
step=0567725 (run 7725/8000) loss=0.00026 byte_ppl=1.000 atoms=49 merges=0 field=8.7829 rms=0.2745 scale=1.0000 fcos=nan ign=0.0000 prn=nan nxp=0.000 mph=0.000 bytes=131072 pkts=131072 shard=0
step=0567750 (run 7750/8000) loss=22.34064 byte_ppl=5039844280.008 atoms=7 merges=0 field=8.7937 rms=0.2748 scale=1.0000 fcos=nan ign=0.0000 prn=nan nxp=0.000 mph=0.000 bytes=131072 pkts=131072 shard=0
step=0567775 (run 7775/8000) loss=0.00472 byte_ppl=1.005 atoms=34 merges=0 field=8.7967 rms=0.2749 scale=1.0000 fcos=nan ign=0.0000 prn=nan nxp=0.000 mph=0.000 bytes=131072 pkts=131072 shard=0
step=0567800 (run 7800/8000) loss=0.93698 byte_ppl=2.552 atoms=62 merges=0 field=8.7865 rms=0.2746 scale=1.0000 fcos=nan ign=0.0000 prn=nan nxp=0.000 mph=0.000 bytes=131072 pkts=131072 shard=0
step=0567825 (run 7825/8000) loss=1.59780 byte_ppl=4.942 atoms=19 merges=0 field=8.8082 rms=0.2753 scale=1.0000 fcos=nan ign=0.0000 prn=nan nxp=0.000 mph=0.000 bytes=131072 pkts=131072 shard=0
step=0567850 (run 7850/8000) loss=0.99132 byte_ppl=2.695 atoms=47 merges=0 field=8.8145 rms=0.2755 scale=1.0000 fcos=nan ign=0.0000 prn=nan nxp=0.000 mph=0.000 bytes=131072 pkts=131072 shard=0
step=0567875 (run 7875/8000) loss=0.00014 byte_ppl=1.000 atoms=3 merges=0 field=8.8175 rms=0.2755 scale=1.0000 fcos=nan ign=0.0000 prn=nan nxp=0.000 mph=0.000 bytes=131072 pkts=131072 shard=0
step=0567900 (run 7900/8000) loss=11.25877 byte_ppl=77557.121 atoms=31 merges=0 field=8.8284 rms=0.2759 scale=1.0000 fcos=nan ign=0.0000 prn=nan nxp=0.000 mph=0.000 bytes=131072 pkts=131072 shard=0
step=0567925 (run 7925/8000) loss=0.24017 byte_ppl=1.271 atoms=58 merges=0 field=8.8385 rms=0.2762 scale=1.0000 fcos=nan ign=0.0000 prn=nan nxp=0.000 mph=0.000 bytes=131072 pkts=131072 shard=0
step=0567950 (run 7950/8000) loss=0.00023 byte_ppl=1.000 atoms=16 merges=0 field=8.8535 rms=0.2767 scale=1.0000 fcos=nan ign=0.0000 prn=nan nxp=0.000 mph=0.000 bytes=131072 pkts=131072 shard=0
step=0567975 (run 7975/8000) loss=0.01169 byte_ppl=1.012 atoms=43 merges=0 field=8.8488 rms=0.2765 scale=1.0000 fcos=nan ign=0.0000 prn=nan nxp=0.000 mph=0.000 bytes=131072 pkts=131072 shard=0
step=0568000 (run 8000/8000) loss=1.18055 byte_ppl=3.256 atoms=71 merges=0 field=8.8432 rms=0.2764 scale=1.0000 fcos=nan ign=0.0000 prn=nan nxp=0.000 mph=0.000 bytes=131072 pkts=131072 shard=0
{
  "stream": true,
  "data_path": null,
  "data_glob": "data/corpus_fr_medium*.txt",
  "shard_paths": [
    "/home/user/atom-ai/data/corpus_fr_medium.txt",
    "/home/user/atom-ai/data/corpus_fr_medium_s21.txt"
  ],
  "data_bytes": 1000453,
  "data_characters": null,
  "atomizer_version": "atomizer-v1-byte-span",
  "feature_dim": 320,
  "packet_count": null,
  "train_packet_count": null,
  "validation_packet_count": 2048,
  "mean_packet_bytes": null,
  "max_packet_bytes": null,
  "min_packet_bytes": null,
  "bytes_seen": 131072,
  "config": {
    "d_model": 32,
    "n_modes": 32,
    "n_atoms_max": 64,
    "max_span_bytes": 1,
    "episode_length": 8000,
    "episode_reset": true,
    "atom_flush_every": 64,
    "learning_rate": 5e-05,
    "surface_learning_rate": 0.00012,
    "steps": 8000,
    "start_step": 560000,
    "seed": 20260913,
    "surface_alphabet": 256,
    "field_max_rms": 3.0,
    "energy_decay_bounds": [
      0.3,
      0.95
    ],
    "stream": true,
    "chunk_bytes": 65536,
    "loop_shards": true,
    "stream_buffer": 2048,
    "stream_prefetch": true,
    "stream_skip_packets": 64000,
    "last_atom_readout": true,
    "efference_every": 10,
    "enable_merge": false,
    "payload_copy": false,
    "merge_coherence_threshold": 0.45,
    "merge_energy_floor": 0.08,
    "field_loss_weight": 0.05,
    "field_contrast_weight": 0.0,
    "field_ignorance_weight": 0.08,
    "field_ignorance_ablate_shared": false,
    "field_ignorance_prompt_bank": false,
    "field_obligatory_readout": true,
    "field_obligatory_hard": true,
    "printable_aux_weight": 0.0,
    "field_next_packet_weight": 0.0,
    "slow_every": 1
  },
  "packets_seen": 131072,
  "stream_epoch": 0,
  "train": {
    "steps": 8000,
    "efference_every": 10,
    "efference_steps": 800,
    "start_step": 560000,
    "total_steps": 568000,
    "episode_length": 8000,
    "episode_reset": true,
    "atom_flush_every": 64,
    "elapsed_seconds": 136.95814037499997,
    "transitions_per_second": 58.4120080638909,
    "first_loss": 1.2365869283676147,
    "final_loss": 1.1805453300476074,
    "final_total_perplexity": 3.2561493949174487,
    "finite_losses": true,
    "finite_parameters": true,
    "nan_or_inf": false,
    "field_rms_before_max": 0.27669471502304077,
    "field_rms_after_max": 0.27669471502304077,
    "field_scale_min": 1.0,
    "field_norm_max": 8.854172706604004,
    "field_limited_steps": 0,
    "field_limited_fraction": 0.0,
    "final_dynamics": {
      "coupling_scale": 1.1106812953948975,
      "energy_decay": 0.3004620373249054,
      "phase_sync": 0.25645196437835693,
      "energy_decay_before": 0.3004620373249054,
      "energy_decay_repaired": false,
      "energy_decay_bounds": [
        0.3,
        0.95
      ]
    },
    "final_atoms_before_validation": 58,
    "stream": true,
    "bytes_seen": 131072
  },
  "validation": {
    "transitions": 256,
    "loss": 1.0557263279342823,
    "total_perplexity": 2.874061907424138,
    "byte_loss": 1.0557263279342823,
    "byte_perplexity": 2.874061907424138,
    "source": "stream_ring"
  },
  "checkpoint": "checkpoints/byte_tick/atom_native_step_568000_d32_ms1M.pt",
  "reload": {
    "n_atoms": 0,
    "field_norm": 8.84317398071289,
    "time": 88.0003890991211,
    "finite": true
  },
  "generation": {
    "The future of AI is": {
      "temperature": 0.8,
      "top_k": 5,
      "max_length": 20,
      "bytes_hex": "5065757272c3a963",
      "text": "Peurr\u00e9c",
      "reload_text": "Peurr\u00e9c",
      "reload_match": true
    },
    "Bonjour, je m'appelle": {
      "temperature": 0.8,
      "top_k": 5,
      "max_length": 20,
      "bytes_hex": "5065757272612e2e",
      "text": "Peurra..",
      "reload_text": "Peurra..",
      "reload_match": true
    },
    "Valkyria Chronicles III is": {
      "temperature": 0.8,
      "top_k": 5,
      "max_length": 20,
      "bytes_hex": "5065757272c3a963",
      "text": "Peurr\u00e9c",
      "reload_text": "Peurr\u00e9c",
      "reload_match": true
    }
  }
}
