train lock skipped (--allow-parallel-train)
stream skip: advancing 464000 packet transitions...
stream skip done: packets_seen=500196
resumed weights from checkpoints/byte_tick/atom_native_step_960000_d32_ms1M.pt (recorded step=960000, legacy_surface_migrated=False, span_head_migrated=False)
atomizer pack_mode=linguistic max_span_bytes=1
dynamics on load: energy_decay=0.30052268505096436 -> 0.30052268505096436 (repaired=False, bounds=(0.3, 0.95))
MERGE gates: enable=False coherence_thr=0.450 energy_floor=0.080
field_obligatory_hard=ON hard-v2+ (mix_floor=1.0, freeze bypass, logits=frozen+cap*(α_MLP+payload_prod))
payload_copy=False (train-time copy-bias branch)
last_atom_readout=True (byte-tick 2-gram + dentate)
efference_every=10 (0=off)
optimizer groups: field/other lr=5e-05 (13 tensors), surface lr=0.00012 (25 tensors); energy_decay_bounds=(0.3, 0.95); field_max_rms=3.0
stream mode: 2 shard(s), chunk_bytes=65536, loop_shards=True, stream_buffer=2048, stream_prefetch=True
optimizer restore skipped: surface LR param groups differ from checkpoint
step=0960001 (run 1/8000) loss=0.00007 byte_ppl=1.000 atoms=1 merges=0 field=0.0498 rms=0.0018 scale=1.0000 fcos=nan ign=0.0000 prn=nan nxp=0.000 mph=0.000 bytes=500196 pkts=500196 shard=0
step=0960025 (run 25/8000) loss=2.78275 byte_ppl=16.163 atoms=27 merges=0 field=0.8007 rms=0.0250 scale=1.0000 fcos=nan ign=0.0000 prn=nan nxp=0.000 mph=0.000 bytes=500196 pkts=500196 shard=0
step=0960050 (run 50/8000) loss=10.16636 byte_ppl=26013.313 atoms=55 merges=0 field=1.4764 rms=0.0461 scale=1.0000 fcos=nan ign=0.0000 prn=nan nxp=0.000 mph=0.000 bytes=500196 pkts=500196 shard=0
step=0960075 (run 75/8000) loss=0.00004 byte_ppl=1.000 atoms=12 merges=0 field=2.0115 rms=0.0629 scale=1.0000 fcos=nan ign=0.0000 prn=nan nxp=0.000 mph=0.000 bytes=500196 pkts=500196 shard=0
step=0960100 (run 100/8000) loss=7.70063 byte_ppl=2209.732 atoms=40 merges=0 field=2.5160 rms=0.0786 scale=1.0000 fcos=nan ign=0.0000 prn=nan nxp=0.000 mph=0.000 bytes=500196 pkts=500196 shard=0
step=0960125 (run 125/8000) loss=2.65212 byte_ppl=14.184 atoms=67 merges=0 field=2.9227 rms=0.0913 scale=1.0000 fcos=nan ign=0.0000 prn=nan nxp=0.000 mph=0.000 bytes=500196 pkts=500196 shard=0
step=0960150 (run 150/8000) loss=0.03125 byte_ppl=1.032 atoms=25 merges=0 field=3.2988 rms=0.1031 scale=1.0000 fcos=nan ign=0.0000 prn=nan nxp=0.000 mph=0.000 bytes=500196 pkts=500196 shard=0
step=0960175 (run 175/8000) loss=0.41101 byte_ppl=1.508 atoms=52 merges=0 field=3.7223 rms=0.1163 scale=1.0000 fcos=nan ign=0.0000 prn=nan nxp=0.000 mph=0.000 bytes=500196 pkts=500196 shard=0
step=0960200 (run 200/8000) loss=4.74917 byte_ppl=115.488 atoms=9 merges=0 field=4.1456 rms=0.1296 scale=1.0000 fcos=nan ign=0.0000 prn=nan nxp=0.000 mph=0.000 bytes=500196 pkts=500196 shard=0
step=0960225 (run 225/8000) loss=0.04780 byte_ppl=1.049 atoms=36 merges=0 field=4.5030 rms=0.1407 scale=1.0000 fcos=nan ign=0.0000 prn=nan nxp=0.000 mph=0.000 bytes=500196 pkts=500196 shard=0
step=0960250 (run 250/8000) loss=9.36550 byte_ppl=11678.471 atoms=64 merges=0 field=4.8148 rms=0.1505 scale=1.0000 fcos=nan ign=0.0000 prn=nan nxp=0.000 mph=0.000 bytes=500196 pkts=500196 shard=0
step=0960275 (run 275/8000) loss=0.00047 byte_ppl=1.000 atoms=21 merges=0 field=5.1478 rms=0.1609 scale=1.0000 fcos=nan ign=0.0000 prn=nan nxp=0.000 mph=0.000 bytes=500196 pkts=500196 shard=0
step=0960300 (run 300/8000) loss=22.28223 byte_ppl=4753896227.554 atoms=49 merges=0 field=5.5536 rms=0.1736 scale=1.0000 fcos=nan ign=0.0000 prn=nan nxp=0.000 mph=0.000 bytes=500196 pkts=500196 shard=0
step=0960325 (run 325/8000) loss=1.50581 byte_ppl=4.508 atoms=5 merges=0 field=5.8141 rms=0.1817 scale=1.0000 fcos=nan ign=0.0000 prn=nan nxp=0.000 mph=0.000 bytes=500196 pkts=500196 shard=0
step=0960350 (run 350/8000) loss=0.00011 byte_ppl=1.000 atoms=33 merges=0 field=6.2323 rms=0.1948 scale=1.0000 fcos=nan ign=0.0000 prn=nan nxp=0.000 mph=0.000 bytes=500196 pkts=500196 shard=0
step=0960375 (run 375/8000) loss=0.00207 byte_ppl=1.002 atoms=60 merges=0 field=6.6241 rms=0.2070 scale=1.0000 fcos=nan ign=0.0000 prn=nan nxp=0.000 mph=0.000 bytes=500196 pkts=500196 shard=0
step=0960400 (run 400/8000) loss=3.97254 byte_ppl=53.119 atoms=18 merges=0 field=6.9168 rms=0.2162 scale=1.0000 fcos=nan ign=0.0000 prn=nan nxp=0.000 mph=0.000 bytes=500196 pkts=500196 shard=0
step=0960425 (run 425/8000) loss=0.00002 byte_ppl=1.000 atoms=45 merges=0 field=7.2342 rms=0.2261 scale=1.0000 fcos=nan ign=0.0000 prn=nan nxp=0.000 mph=0.000 bytes=500196 pkts=500196 shard=0
step=0960450 (run 450/8000) loss=2.30551 byte_ppl=10.029 atoms=3 merges=0 field=7.5136 rms=0.2348 scale=1.0000 fcos=nan ign=0.0000 prn=nan nxp=0.000 mph=0.000 bytes=500196 pkts=500196 shard=0
step=0960475 (run 475/8000) loss=1.54671 byte_ppl=4.696 atoms=30 merges=0 field=7.7781 rms=0.2431 scale=1.0000 fcos=nan ign=0.0000 prn=nan nxp=0.000 mph=0.000 bytes=500196 pkts=500196 shard=0
step=0960500 (run 500/8000) loss=0.00171 byte_ppl=1.002 atoms=58 merges=0 field=8.1403 rms=0.2544 scale=1.0000 fcos=nan ign=0.0000 prn=nan nxp=0.000 mph=0.000 bytes=500196 pkts=500196 shard=0
step=0960525 (run 525/8000) loss=0.00561 byte_ppl=1.006 atoms=14 merges=0 field=8.4816 rms=0.2651 scale=1.0000 fcos=nan ign=0.0000 prn=nan nxp=0.000 mph=0.000 bytes=500196 pkts=500196 shard=0
step=0960550 (run 550/8000) loss=7.92319 byte_ppl=2760.565 atoms=42 merges=0 field=8.8000 rms=0.2750 scale=1.0000 fcos=nan ign=0.0000 prn=nan nxp=0.000 mph=0.000 bytes=500196 pkts=500196 shard=0
step=0960575 (run 575/8000) loss=0.00072 byte_ppl=1.001 atoms=69 merges=0 field=9.1939 rms=0.2873 scale=1.0000 fcos=nan ign=0.0000 prn=nan nxp=0.000 mph=0.000 bytes=500196 pkts=500196 shard=0
step=0960600 (run 600/8000) loss=0.00543 byte_ppl=1.005 atoms=27 merges=0 field=9.4212 rms=0.2944 scale=1.0000 fcos=nan ign=0.0000 prn=nan nxp=0.000 mph=0.000 bytes=500196 pkts=500196 shard=0
step=0960625 (run 625/8000) loss=0.00030 byte_ppl=1.000 atoms=54 merges=0 field=9.6494 rms=0.3015 scale=1.0000 fcos=nan ign=0.0000 prn=nan nxp=0.000 mph=0.000 bytes=500196 pkts=500196 shard=0
step=0960650 (run 650/8000) loss=2.56192 byte_ppl=12.961 atoms=11 merges=0 field=9.9845 rms=0.3120 scale=1.0000 fcos=nan ign=0.0000 prn=nan nxp=0.000 mph=0.000 bytes=500196 pkts=500196 shard=0
step=0960675 (run 675/8000) loss=0.00031 byte_ppl=1.000 atoms=38 merges=0 field=10.2100 rms=0.3191 scale=1.0000 fcos=nan ign=0.0000 prn=nan nxp=0.000 mph=0.000 bytes=500196 pkts=500196 shard=0
step=0960700 (run 700/8000) loss=0.83654 byte_ppl=2.308 atoms=66 merges=0 field=10.5380 rms=0.3293 scale=1.0000 fcos=nan ign=0.0000 prn=nan nxp=0.000 mph=0.000 bytes=500196 pkts=500196 shard=0
step=0960725 (run 725/8000) loss=0.06216 byte_ppl=1.064 atoms=23 merges=0 field=10.8804 rms=0.3400 scale=1.0000 fcos=nan ign=0.0000 prn=nan nxp=0.000 mph=0.000 bytes=500196 pkts=500196 shard=0
step=0960750 (run 750/8000) loss=7.89696 byte_ppl=2689.100 atoms=51 merges=0 field=11.1022 rms=0.3469 scale=1.0000 fcos=nan ign=0.0000 prn=nan nxp=0.000 mph=0.000 bytes=500196 pkts=500196 shard=0
step=0960775 (run 775/8000) loss=0.00137 byte_ppl=1.001 atoms=8 merges=0 field=11.3344 rms=0.3542 scale=1.0000 fcos=nan ign=0.0000 prn=nan nxp=0.000 mph=0.000 bytes=500196 pkts=500196 shard=0
step=0960800 (run 800/8000) loss=9.06989 byte_ppl=8689.643 atoms=36 merges=0 field=11.6333 rms=0.3635 scale=1.0000 fcos=nan ign=0.0000 prn=nan nxp=0.000 mph=0.000 bytes=500196 pkts=500196 shard=0
step=0960825 (run 825/8000) loss=0.11328 byte_ppl=1.120 atoms=63 merges=0 field=11.8366 rms=0.3699 scale=1.0000 fcos=nan ign=0.0000 prn=nan nxp=0.000 mph=0.000 bytes=500196 pkts=500196 shard=0
step=0960850 (run 850/8000) loss=2.68685 byte_ppl=14.685 atoms=20 merges=0 field=12.0774 rms=0.3774 scale=1.0000 fcos=nan ign=0.0000 prn=nan nxp=0.000 mph=0.000 bytes=500196 pkts=500196 shard=0
step=0960875 (run 875/8000) loss=6.66448 byte_ppl=784.057 atoms=47 merges=0 field=12.3648 rms=0.3864 scale=1.0000 fcos=nan ign=0.0000 prn=nan nxp=0.000 mph=0.000 bytes=500196 pkts=500196 shard=0
step=0960900 (run 900/8000) loss=16.94312 byte_ppl=22819385.101 atoms=5 merges=0 field=12.6735 rms=0.3960 scale=1.0000 fcos=nan ign=0.0000 prn=nan nxp=0.000 mph=0.000 bytes=500196 pkts=500196 shard=0
step=0960925 (run 925/8000) loss=0.00131 byte_ppl=1.001 atoms=32 merges=0 field=12.8930 rms=0.4029 scale=1.0000 fcos=nan ign=0.0000 prn=nan nxp=0.000 mph=0.000 bytes=500196 pkts=500196 shard=0
step=0960950 (run 950/8000) loss=0.05073 byte_ppl=1.052 atoms=60 merges=0 field=13.1560 rms=0.4111 scale=1.0000 fcos=nan ign=0.0000 prn=nan nxp=0.000 mph=0.000 bytes=500196 pkts=500196 shard=0
step=0960975 (run 975/8000) loss=2.50803 byte_ppl=12.281 atoms=16 merges=0 field=13.4078 rms=0.4190 scale=1.0000 fcos=nan ign=0.0000 prn=nan nxp=0.000 mph=0.000 bytes=500196 pkts=500196 shard=0
step=0961000 (run 1000/8000) loss=6.29840 byte_ppl=543.701 atoms=44 merges=0 field=13.5855 rms=0.4245 scale=1.0000 fcos=nan ign=0.0000 prn=nan nxp=0.000 mph=0.000 bytes=500196 pkts=500196 shard=0
step=0961025 (run 1025/8000) loss=5.61184 byte_ppl=273.646 atoms=1 merges=0 field=13.9052 rms=0.4345 scale=1.0000 fcos=nan ign=0.0000 prn=nan nxp=0.000 mph=0.000 bytes=500196 pkts=500196 shard=0
step=0961050 (run 1050/8000) loss=9.71982 byte_ppl=16644.312 atoms=29 merges=0 field=14.1160 rms=0.4411 scale=1.0000 fcos=nan ign=0.0000 prn=nan nxp=0.000 mph=0.000 bytes=500196 pkts=500196 shard=0
step=0961075 (run 1075/8000) loss=0.02053 byte_ppl=1.021 atoms=56 merges=0 field=14.3278 rms=0.4477 scale=1.0000 fcos=nan ign=0.0000 prn=nan nxp=0.000 mph=0.000 bytes=500196 pkts=500196 shard=0
step=0961100 (run 1100/8000) loss=0.42120 byte_ppl=1.524 atoms=14 merges=0 field=14.5729 rms=0.4554 scale=1.0000 fcos=nan ign=0.0000 prn=nan nxp=0.000 mph=0.000 bytes=500196 pkts=500196 shard=0
step=0961125 (run 1125/8000) loss=0.03895 byte_ppl=1.040 atoms=41 merges=0 field=14.8474 rms=0.4640 scale=1.0000 fcos=nan ign=0.0000 prn=nan nxp=0.000 mph=0.000 bytes=500196 pkts=500196 shard=0
step=0961150 (run 1150/8000) loss=5.80917 byte_ppl=333.342 atoms=69 merges=0 field=15.0205 rms=0.4694 scale=1.0000 fcos=nan ign=0.0000 prn=nan nxp=0.000 mph=0.000 bytes=500196 pkts=500196 shard=0
step=0961175 (run 1175/8000) loss=0.00040 byte_ppl=1.000 atoms=25 merges=0 field=15.2508 rms=0.4766 scale=1.0000 fcos=nan ign=0.0000 prn=nan nxp=0.000 mph=0.000 bytes=500196 pkts=500196 shard=0
step=0961200 (run 1200/8000) loss=2.63432 byte_ppl=13.934 atoms=53 merges=0 field=15.4187 rms=0.4818 scale=1.0000 fcos=nan ign=0.0000 prn=nan nxp=0.000 mph=0.000 bytes=500196 pkts=500196 shard=0
step=0961225 (run 1225/8000) loss=0.00427 byte_ppl=1.004 atoms=10 merges=0 field=15.5899 rms=0.4872 scale=1.0000 fcos=nan ign=0.0000 prn=nan nxp=0.000 mph=0.000 bytes=500196 pkts=500196 shard=0
step=0961250 (run 1250/8000) loss=9.80350 byte_ppl=18096.908 atoms=38 merges=0 field=15.8134 rms=0.4942 scale=1.0000 fcos=nan ign=0.0000 prn=nan nxp=0.000 mph=0.000 bytes=500196 pkts=500196 shard=0
step=0961275 (run 1275/8000) loss=0.00055 byte_ppl=1.001 atoms=65 merges=0 field=15.9502 rms=0.4984 scale=1.0000 fcos=nan ign=0.0000 prn=nan nxp=0.000 mph=0.000 bytes=500196 pkts=500196 shard=0
step=0961300 (run 1300/8000) loss=9.94179 byte_ppl=20780.901 atoms=22 merges=0 field=16.1857 rms=0.5058 scale=1.0000 fcos=nan ign=0.0000 prn=nan nxp=0.000 mph=0.000 bytes=500196 pkts=500196 shard=0
step=0961325 (run 1325/8000) loss=0.00837 byte_ppl=1.008 atoms=49 merges=0 field=16.3665 rms=0.5115 scale=1.0000 fcos=nan ign=0.0000 prn=nan nxp=0.000 mph=0.000 bytes=500196 pkts=500196 shard=0
step=0961350 (run 1350/8000) loss=4.08858 byte_ppl=59.655 atoms=7 merges=0 field=16.5063 rms=0.5158 scale=1.0000 fcos=nan ign=0.0000 prn=nan nxp=0.000 mph=0.000 bytes=500196 pkts=500196 shard=0
step=0961375 (run 1375/8000) loss=0.22969 byte_ppl=1.258 atoms=34 merges=0 field=16.6863 rms=0.5214 scale=1.0000 fcos=nan ign=0.0000 prn=nan nxp=0.000 mph=0.000 bytes=500196 pkts=500196 shard=0
step=0961400 (run 1400/8000) loss=5.13102 byte_ppl=169.190 atoms=62 merges=0 field=16.8303 rms=0.5259 scale=1.0000 fcos=nan ign=0.0000 prn=nan nxp=0.000 mph=0.000 bytes=500196 pkts=500196 shard=0
step=0961425 (run 1425/8000) loss=0.00179 byte_ppl=1.002 atoms=19 merges=0 field=16.9861 rms=0.5308 scale=1.0000 fcos=nan ign=0.0000 prn=nan nxp=0.000 mph=0.000 bytes=500196 pkts=500196 shard=0
step=0961450 (run 1450/8000) loss=2.11009 byte_ppl=8.249 atoms=47 merges=0 field=17.1764 rms=0.5368 scale=1.0000 fcos=nan ign=0.0000 prn=nan nxp=0.000 mph=0.000 bytes=500196 pkts=500196 shard=0
step=0961475 (run 1475/8000) loss=3.82079 byte_ppl=45.640 atoms=3 merges=0 field=17.3522 rms=0.5423 scale=1.0000 fcos=nan ign=0.0000 prn=nan nxp=0.000 mph=0.000 bytes=500196 pkts=500196 shard=0
step=0961500 (run 1500/8000) loss=1.50103 byte_ppl=4.486 atoms=31 merges=0 field=17.4763 rms=0.5461 scale=1.0000 fcos=nan ign=0.0000 prn=nan nxp=0.000 mph=0.000 bytes=500196 pkts=500196 shard=0
step=0961525 (run 1525/8000) loss=0.14628 byte_ppl=1.158 atoms=58 merges=0 field=17.6471 rms=0.5515 scale=1.0000 fcos=nan ign=0.0000 prn=nan nxp=0.000 mph=0.000 bytes=500196 pkts=500196 shard=0
step=0961550 (run 1550/8000) loss=4.29646 byte_ppl=73.439 atoms=16 merges=0 field=17.8337 rms=0.5573 scale=1.0000 fcos=nan ign=0.0000 prn=nan nxp=0.000 mph=0.000 bytes=500196 pkts=500196 shard=0
step=0961575 (run 1575/8000) loss=0.00056 byte_ppl=1.001 atoms=43 merges=0 field=18.0137 rms=0.5629 scale=1.0000 fcos=nan ign=0.0000 prn=nan nxp=0.000 mph=0.000 bytes=500196 pkts=500196 shard=0
step=0961600 (run 1600/8000) loss=0.09655 byte_ppl=1.101 atoms=71 merges=0 field=18.1470 rms=0.5671 scale=1.0000 fcos=nan ign=0.0000 prn=nan nxp=0.000 mph=0.000 bytes=500196 pkts=500196 shard=0
step=0961625 (run 1625/8000) loss=0.00072 byte_ppl=1.001 atoms=27 merges=0 field=18.3020 rms=0.5719 scale=1.0000 fcos=nan ign=0.0000 prn=nan nxp=0.000 mph=0.000 bytes=500196 pkts=500196 shard=0
step=0961650 (run 1650/8000) loss=17.30287 byte_ppl=32699419.696 atoms=55 merges=0 field=18.3866 rms=0.5746 scale=1.0000 fcos=nan ign=0.0000 prn=nan nxp=0.000 mph=0.000 bytes=500196 pkts=500196 shard=0
step=0961675 (run 1675/8000) loss=11.58454 byte_ppl=107424.055 atoms=12 merges=0 field=18.6126 rms=0.5816 scale=1.0000 fcos=nan ign=0.0000 prn=nan nxp=0.000 mph=0.000 bytes=500196 pkts=500196 shard=0
step=0961700 (run 1700/8000) loss=8.08529 byte_ppl=3246.346 atoms=40 merges=0 field=18.7448 rms=0.5858 scale=1.0000 fcos=nan ign=0.0000 prn=nan nxp=0.000 mph=0.000 bytes=500196 pkts=500196 shard=0
step=0961725 (run 1725/8000) loss=0.00119 byte_ppl=1.001 atoms=67 merges=0 field=18.8790 rms=0.5900 scale=1.0000 fcos=nan ign=0.0000 prn=nan nxp=0.000 mph=0.000 bytes=500196 pkts=500196 shard=0
step=0961750 (run 1750/8000) loss=0.05409 byte_ppl=1.056 atoms=25 merges=0 field=19.0455 rms=0.5952 scale=1.0000 fcos=nan ign=0.0000 prn=nan nxp=0.000 mph=0.000 bytes=500196 pkts=500196 shard=0
step=0961775 (run 1775/8000) loss=0.00077 byte_ppl=1.001 atoms=52 merges=0 field=19.1886 rms=0.5996 scale=1.0000 fcos=nan ign=0.0000 prn=nan nxp=0.000 mph=0.000 bytes=500196 pkts=500196 shard=0
step=0961800 (run 1800/8000) loss=13.77485 byte_ppl=960153.972 atoms=9 merges=0 field=19.3813 rms=0.6057 scale=1.0000 fcos=nan ign=0.0000 prn=nan nxp=0.000 mph=0.000 bytes=500196 pkts=500196 shard=0
step=0961825 (run 1825/8000) loss=1.34210 byte_ppl=3.827 atoms=36 merges=0 field=19.4875 rms=0.6090 scale=1.0000 fcos=nan ign=0.0000 prn=nan nxp=0.000 mph=0.000 bytes=500196 pkts=500196 shard=0
step=0961850 (run 1850/8000) loss=8.12543 byte_ppl=3379.305 atoms=64 merges=0 field=19.6576 rms=0.6143 scale=1.0000 fcos=nan ign=0.0000 prn=nan nxp=0.000 mph=0.000 bytes=500196 pkts=500196 shard=0
step=0961875 (run 1875/8000) loss=0.01484 byte_ppl=1.015 atoms=21 merges=0 field=19.8380 rms=0.6199 scale=1.0000 fcos=nan ign=0.0000 prn=nan nxp=0.000 mph=0.000 bytes=500196 pkts=500196 shard=0
step=0961900 (run 1900/8000) loss=2.16907 byte_ppl=8.750 atoms=49 merges=0 field=19.9307 rms=0.6228 scale=1.0000 fcos=nan ign=0.0000 prn=nan nxp=0.000 mph=0.000 bytes=500196 pkts=500196 shard=0
step=0961925 (run 1925/8000) loss=0.08440 byte_ppl=1.088 atoms=5 merges=0 field=20.0737 rms=0.6273 scale=1.0000 fcos=nan ign=0.0000 prn=nan nxp=0.000 mph=0.000 bytes=500196 pkts=500196 shard=0
step=0961950 (run 1950/8000) loss=0.75365 byte_ppl=2.125 atoms=33 merges=0 field=20.2637 rms=0.6332 scale=1.0000 fcos=nan ign=0.0000 prn=nan nxp=0.000 mph=0.000 bytes=500196 pkts=500196 shard=0
step=0961975 (run 1975/8000) loss=1.48052 byte_ppl=4.395 atoms=60 merges=0 field=20.4043 rms=0.6376 scale=1.0000 fcos=nan ign=0.0000 prn=nan nxp=0.000 mph=0.000 bytes=500196 pkts=500196 shard=0
step=0962000 (run 2000/8000) loss=15.23475 byte_ppl=4133982.150 atoms=18 merges=0 field=20.5133 rms=0.6410 scale=1.0000 fcos=nan ign=0.0000 prn=nan nxp=0.000 mph=0.000 bytes=500196 pkts=500196 shard=0
step=0962025 (run 2025/8000) loss=0.36363 byte_ppl=1.439 atoms=45 merges=0 field=20.7028 rms=0.6470 scale=1.0000 fcos=nan ign=0.0000 prn=nan nxp=0.000 mph=0.000 bytes=500196 pkts=500196 shard=0
step=0962050 (run 2050/8000) loss=0.01727 byte_ppl=1.017 atoms=3 merges=0 field=20.8264 rms=0.6508 scale=1.0000 fcos=nan ign=0.0000 prn=nan nxp=0.000 mph=0.000 bytes=500196 pkts=500196 shard=0
step=0962075 (run 2075/8000) loss=0.00062 byte_ppl=1.001 atoms=30 merges=0 field=20.9382 rms=0.6543 scale=1.0000 fcos=nan ign=0.0000 prn=nan nxp=0.000 mph=0.000 bytes=500196 pkts=500196 shard=0
step=0962100 (run 2100/8000) loss=1.10184 byte_ppl=3.010 atoms=58 merges=0 field=21.1032 rms=0.6595 scale=1.0000 fcos=nan ign=0.0000 prn=nan nxp=0.000 mph=0.000 bytes=500196 pkts=500196 shard=0
step=0962125 (run 2125/8000) loss=1.68514 byte_ppl=5.393 atoms=14 merges=0 field=21.2129 rms=0.6629 scale=1.0000 fcos=nan ign=0.0000 prn=nan nxp=0.000 mph=0.000 bytes=500196 pkts=500196 shard=0
step=0962150 (run 2150/8000) loss=1.05755 byte_ppl=2.879 atoms=42 merges=0 field=21.2777 rms=0.6649 scale=1.0000 fcos=nan ign=0.0000 prn=nan nxp=0.000 mph=0.000 bytes=500196 pkts=500196 shard=0
step=0962175 (run 2175/8000) loss=0.01268 byte_ppl=1.013 atoms=69 merges=0 field=21.4558 rms=0.6705 scale=1.0000 fcos=nan ign=0.0000 prn=nan nxp=0.000 mph=0.000 bytes=500196 pkts=500196 shard=0
step=0962200 (run 2200/8000) loss=4.92011 byte_ppl=137.018 atoms=27 merges=0 field=21.5830 rms=0.6745 scale=1.0000 fcos=nan ign=0.0000 prn=nan nxp=0.000 mph=0.000 bytes=500196 pkts=500196 shard=0
step=0962225 (run 2225/8000) loss=0.00009 byte_ppl=1.000 atoms=54 merges=0 field=21.6979 rms=0.6781 scale=1.0000 fcos=nan ign=0.0000 prn=nan nxp=0.000 mph=0.000 bytes=500196 pkts=500196 shard=0
step=0962250 (run 2250/8000) loss=0.00214 byte_ppl=1.002 atoms=11 merges=0 field=21.8338 rms=0.6823 scale=1.0000 fcos=nan ign=0.0000 prn=nan nxp=0.000 mph=0.000 bytes=500196 pkts=500196 shard=0
step=0962275 (run 2275/8000) loss=3.34526 byte_ppl=28.368 atoms=38 merges=0 field=21.8876 rms=0.6840 scale=1.0000 fcos=nan ign=0.0000 prn=nan nxp=0.000 mph=0.000 bytes=500196 pkts=500196 shard=0
step=0962300 (run 2300/8000) loss=11.18533 byte_ppl=72065.271 atoms=66 merges=0 field=21.9624 rms=0.6863 scale=1.0000 fcos=nan ign=0.0000 prn=nan nxp=0.000 mph=0.000 bytes=500196 pkts=500196 shard=0
step=0962325 (run 2325/8000) loss=0.05109 byte_ppl=1.052 atoms=23 merges=0 field=22.0333 rms=0.6885 scale=1.0000 fcos=nan ign=0.0000 prn=nan nxp=0.000 mph=0.000 bytes=500196 pkts=500196 shard=0
step=0962350 (run 2350/8000) loss=5.13195 byte_ppl=169.347 atoms=51 merges=0 field=22.1214 rms=0.6913 scale=1.0000 fcos=nan ign=0.0000 prn=nan nxp=0.000 mph=0.000 bytes=500196 pkts=500196 shard=0
step=0962375 (run 2375/8000) loss=0.77533 byte_ppl=2.171 atoms=8 merges=0 field=22.2018 rms=0.6938 scale=1.0000 fcos=nan ign=0.0000 prn=nan nxp=0.000 mph=0.000 bytes=500196 pkts=500196 shard=0
step=0962400 (run 2400/8000) loss=0.16965 byte_ppl=1.185 atoms=36 merges=0 field=22.3693 rms=0.6990 scale=1.0000 fcos=nan ign=0.0000 prn=nan nxp=0.000 mph=0.000 bytes=500196 pkts=500196 shard=0
step=0962425 (run 2425/8000) loss=2.65108 byte_ppl=14.169 atoms=63 merges=0 field=22.4913 rms=0.7029 scale=1.0000 fcos=nan ign=0.0000 prn=nan nxp=0.000 mph=0.000 bytes=500196 pkts=500196 shard=0
step=0962450 (run 2450/8000) loss=0.07636 byte_ppl=1.079 atoms=20 merges=0 field=22.5613 rms=0.7050 scale=1.0000 fcos=nan ign=0.0000 prn=nan nxp=0.000 mph=0.000 bytes=500196 pkts=500196 shard=0
step=0962475 (run 2475/8000) loss=0.00101 byte_ppl=1.001 atoms=47 merges=0 field=22.6104 rms=0.7066 scale=1.0000 fcos=nan ign=0.0000 prn=nan nxp=0.000 mph=0.000 bytes=500196 pkts=500196 shard=0
step=0962500 (run 2500/8000) loss=1.30978 byte_ppl=3.705 atoms=5 merges=0 field=22.6001 rms=0.7063 scale=1.0000 fcos=nan ign=0.0000 prn=nan nxp=0.000 mph=0.000 bytes=500196 pkts=500196 shard=0
step=0962525 (run 2525/8000) loss=0.47571 byte_ppl=1.609 atoms=32 merges=0 field=22.7335 rms=0.7104 scale=1.0000 fcos=nan ign=0.0000 prn=nan nxp=0.000 mph=0.000 bytes=500196 pkts=500196 shard=0
step=0962550 (run 2550/8000) loss=12.83548 byte_ppl=375298.816 atoms=60 merges=0 field=22.8393 rms=0.7137 scale=1.0000 fcos=nan ign=0.0000 prn=nan nxp=0.000 mph=0.000 bytes=500196 pkts=500196 shard=0
step=0962575 (run 2575/8000) loss=0.00236 byte_ppl=1.002 atoms=16 merges=0 field=22.8696 rms=0.7147 scale=1.0000 fcos=nan ign=0.0000 prn=nan nxp=0.000 mph=0.000 bytes=500196 pkts=500196 shard=0
step=0962600 (run 2600/8000) loss=0.00021 byte_ppl=1.000 atoms=44 merges=0 field=22.9207 rms=0.7163 scale=1.0000 fcos=nan ign=0.0000 prn=nan nxp=0.000 mph=0.000 bytes=500196 pkts=500196 shard=0
step=0962625 (run 2625/8000) loss=7.03267 byte_ppl=1133.056 atoms=1 merges=0 field=23.0076 rms=0.7190 scale=1.0000 fcos=nan ign=0.0000 prn=nan nxp=0.000 mph=0.000 bytes=500196 pkts=500196 shard=0
step=0962650 (run 2650/8000) loss=1.48097 byte_ppl=4.397 atoms=29 merges=0 field=23.0660 rms=0.7208 scale=1.0000 fcos=nan ign=0.0000 prn=nan nxp=0.000 mph=0.000 bytes=500196 pkts=500196 shard=0
step=0962675 (run 2675/8000) loss=0.00174 byte_ppl=1.002 atoms=56 merges=0 field=23.0947 rms=0.7217 scale=1.0000 fcos=nan ign=0.0000 prn=nan nxp=0.000 mph=0.000 bytes=500196 pkts=500196 shard=0
step=0962700 (run 2700/8000) loss=4.82573 byte_ppl=124.678 atoms=14 merges=0 field=23.1457 rms=0.7233 scale=1.0000 fcos=nan ign=0.0000 prn=nan nxp=0.000 mph=0.000 bytes=500196 pkts=500196 shard=0
step=0962725 (run 2725/8000) loss=5.51991 byte_ppl=249.612 atoms=41 merges=0 field=23.1630 rms=0.7238 scale=1.0000 fcos=nan ign=0.0000 prn=nan nxp=0.000 mph=0.000 bytes=500196 pkts=500196 shard=0
step=0962750 (run 2750/8000) loss=0.78371 byte_ppl=2.190 atoms=69 merges=0 field=23.2391 rms=0.7262 scale=1.0000 fcos=nan ign=0.0000 prn=nan nxp=0.000 mph=0.000 bytes=500196 pkts=500196 shard=0
step=0962775 (run 2775/8000) loss=1.88124 byte_ppl=6.562 atoms=25 merges=0 field=23.3663 rms=0.7302 scale=1.0000 fcos=nan ign=0.0000 prn=nan nxp=0.000 mph=0.000 bytes=500196 pkts=500196 shard=0
step=0962800 (run 2800/8000) loss=0.44398 byte_ppl=1.559 atoms=53 merges=0 field=23.4759 rms=0.7336 scale=1.0000 fcos=nan ign=0.0000 prn=nan nxp=0.000 mph=0.000 bytes=500196 pkts=500196 shard=0
step=0962825 (run 2825/8000) loss=0.00036 byte_ppl=1.000 atoms=10 merges=0 field=23.5129 rms=0.7348 scale=1.0000 fcos=nan ign=0.0000 prn=nan nxp=0.000 mph=0.000 bytes=500196 pkts=500196 shard=0
step=0962850 (run 2850/8000) loss=0.11559 byte_ppl=1.123 atoms=38 merges=0 field=23.5842 rms=0.7370 scale=1.0000 fcos=nan ign=0.0000 prn=nan nxp=0.000 mph=0.000 bytes=500196 pkts=500196 shard=0
step=0962875 (run 2875/8000) loss=0.00088 byte_ppl=1.001 atoms=65 merges=0 field=23.7014 rms=0.7407 scale=1.0000 fcos=nan ign=0.0000 prn=nan nxp=0.000 mph=0.000 bytes=500196 pkts=500196 shard=0
step=0962900 (run 2900/8000) loss=0.09546 byte_ppl=1.100 atoms=22 merges=0 field=23.7879 rms=0.7434 scale=1.0000 fcos=nan ign=0.0000 prn=nan nxp=0.000 mph=0.000 bytes=500196 pkts=500196 shard=0
step=0962925 (run 2925/8000) loss=0.35460 byte_ppl=1.426 atoms=49 merges=0 field=23.8726 rms=0.7460 scale=1.0000 fcos=nan ign=0.0000 prn=nan nxp=0.000 mph=0.000 bytes=500196 pkts=500196 shard=0
step=0962950 (run 2950/8000) loss=0.00245 byte_ppl=1.002 atoms=7 merges=0 field=23.9405 rms=0.7481 scale=1.0000 fcos=nan ign=0.0000 prn=nan nxp=0.000 mph=0.000 bytes=500196 pkts=500196 shard=0
step=0962975 (run 2975/8000) loss=0.00051 byte_ppl=1.001 atoms=34 merges=0 field=24.0346 rms=0.7511 scale=1.0000 fcos=nan ign=0.0000 prn=nan nxp=0.000 mph=0.000 bytes=500196 pkts=500196 shard=0
step=0963000 (run 3000/8000) loss=8.29697 byte_ppl=4011.685 atoms=62 merges=0 field=24.1258 rms=0.7539 scale=1.0000 fcos=nan ign=0.0000 prn=nan nxp=0.000 mph=0.000 bytes=500196 pkts=500196 shard=0
step=0963025 (run 3025/8000) loss=0.00338 byte_ppl=1.003 atoms=19 merges=0 field=24.1786 rms=0.7556 scale=1.0000 fcos=nan ign=0.0000 prn=nan nxp=0.000 mph=0.000 bytes=500196 pkts=500196 shard=0
step=0963050 (run 3050/8000) loss=0.00098 byte_ppl=1.001 atoms=47 merges=0 field=24.2602 rms=0.7581 scale=1.0000 fcos=nan ign=0.0000 prn=nan nxp=0.000 mph=0.000 bytes=500196 pkts=500196 shard=0
step=0963075 (run 3075/8000) loss=0.00045 byte_ppl=1.000 atoms=3 merges=0 field=24.3401 rms=0.7606 scale=1.0000 fcos=nan ign=0.0000 prn=nan nxp=0.000 mph=0.000 bytes=500196 pkts=500196 shard=0
step=0963100 (run 3100/8000) loss=8.52970 byte_ppl=5062.947 atoms=31 merges=0 field=24.4936 rms=0.7654 scale=1.0000 fcos=nan ign=0.0000 prn=nan nxp=0.000 mph=0.000 bytes=500196 pkts=500196 shard=0
step=0963125 (run 3125/8000) loss=0.00533 byte_ppl=1.005 atoms=58 merges=0 field=24.5611 rms=0.7675 scale=1.0000 fcos=nan ign=0.0000 prn=nan nxp=0.000 mph=0.000 bytes=500196 pkts=500196 shard=0
step=0963150 (run 3150/8000) loss=2.86417 byte_ppl=17.534 atoms=16 merges=0 field=24.5996 rms=0.7687 scale=1.0000 fcos=nan ign=0.0000 prn=nan nxp=0.000 mph=0.000 bytes=500196 pkts=500196 shard=0
step=0963175 (run 3175/8000) loss=0.00162 byte_ppl=1.002 atoms=43 merges=0 field=24.7059 rms=0.7721 scale=1.0000 fcos=nan ign=0.0000 prn=nan nxp=0.000 mph=0.000 bytes=500196 pkts=500196 shard=0
step=0963200 (run 3200/8000) loss=5.65436 byte_ppl=285.534 atoms=71 merges=0 field=24.7848 rms=0.7745 scale=1.0000 fcos=nan ign=0.0000 prn=nan nxp=0.000 mph=0.000 bytes=500196 pkts=500196 shard=0
step=0963225 (run 3225/8000) loss=7.94066 byte_ppl=2809.201 atoms=27 merges=0 field=24.8650 rms=0.7770 scale=1.0000 fcos=nan ign=0.0000 prn=nan nxp=0.000 mph=0.000 bytes=500196 pkts=500196 shard=0
step=0963250 (run 3250/8000) loss=3.08031 byte_ppl=21.765 atoms=55 merges=0 field=24.9440 rms=0.7795 scale=1.0000 fcos=nan ign=0.0000 prn=nan nxp=0.000 mph=0.000 bytes=500196 pkts=500196 shard=0
step=0963275 (run 3275/8000) loss=1.08221 byte_ppl=2.951 atoms=12 merges=0 field=25.0000 rms=0.7813 scale=1.0000 fcos=nan ign=0.0000 prn=nan nxp=0.000 mph=0.000 bytes=500196 pkts=500196 shard=0
step=0963300 (run 3300/8000) loss=12.36921 byte_ppl=235439.283 atoms=40 merges=0 field=25.0797 rms=0.7837 scale=1.0000 fcos=nan ign=0.0000 prn=nan nxp=0.000 mph=0.000 bytes=500196 pkts=500196 shard=0
step=0963325 (run 3325/8000) loss=0.74979 byte_ppl=2.117 atoms=67 merges=0 field=25.1839 rms=0.7870 scale=1.0000 fcos=nan ign=0.0000 prn=nan nxp=0.000 mph=0.000 bytes=500196 pkts=500196 shard=0
step=0963350 (run 3350/8000) loss=5.59888 byte_ppl=270.123 atoms=25 merges=0 field=25.2854 rms=0.7902 scale=1.0000 fcos=nan ign=0.0000 prn=nan nxp=0.000 mph=0.000 bytes=500196 pkts=500196 shard=0
step=0963375 (run 3375/8000) loss=4.97769 byte_ppl=145.139 atoms=52 merges=0 field=25.2908 rms=0.7903 scale=1.0000 fcos=nan ign=0.0000 prn=nan nxp=0.000 mph=0.000 bytes=500196 pkts=500196 shard=0
step=0963400 (run 3400/8000) loss=5.69953 byte_ppl=298.728 atoms=9 merges=0 field=25.3585 rms=0.7925 scale=1.0000 fcos=nan ign=0.0000 prn=nan nxp=0.000 mph=0.000 bytes=500196 pkts=500196 shard=0
step=0963425 (run 3425/8000) loss=0.00026 byte_ppl=1.000 atoms=36 merges=0 field=25.3679 rms=0.7927 scale=1.0000 fcos=nan ign=0.0000 prn=nan nxp=0.000 mph=0.000 bytes=500196 pkts=500196 shard=0
step=0963450 (run 3450/8000) loss=5.97286 byte_ppl=392.628 atoms=64 merges=0 field=25.4902 rms=0.7966 scale=1.0000 fcos=nan ign=0.0000 prn=nan nxp=0.000 mph=0.000 bytes=500196 pkts=500196 shard=0
step=0963475 (run 3475/8000) loss=0.24728 byte_ppl=1.281 atoms=21 merges=0 field=25.5477 rms=0.7984 scale=1.0000 fcos=nan ign=0.0000 prn=nan nxp=0.000 mph=0.000 bytes=500196 pkts=500196 shard=0
step=0963500 (run 3500/8000) loss=0.87830 byte_ppl=2.407 atoms=49 merges=0 field=25.5934 rms=0.7998 scale=1.0000 fcos=nan ign=0.0000 prn=nan nxp=0.000 mph=0.000 bytes=500196 pkts=500196 shard=0
step=0963525 (run 3525/8000) loss=0.73635 byte_ppl=2.088 atoms=5 merges=0 field=25.6545 rms=0.8017 scale=1.0000 fcos=nan ign=0.0000 prn=nan nxp=0.000 mph=0.000 bytes=500196 pkts=500196 shard=0
step=0963550 (run 3550/8000) loss=4.07248 byte_ppl=58.703 atoms=33 merges=0 field=25.7767 rms=0.8055 scale=1.0000 fcos=nan ign=0.0000 prn=nan nxp=0.000 mph=0.000 bytes=500196 pkts=500196 shard=0
step=0963575 (run 3575/8000) loss=2.31715 byte_ppl=10.147 atoms=60 merges=0 field=25.8545 rms=0.8080 scale=1.0000 fcos=nan ign=0.0000 prn=nan nxp=0.000 mph=0.000 bytes=500196 pkts=500196 shard=0
step=0963600 (run 3600/8000) loss=0.60987 byte_ppl=1.840 atoms=18 merges=0 field=25.9412 rms=0.8107 scale=1.0000 fcos=nan ign=0.0000 prn=nan nxp=0.000 mph=0.000 bytes=500196 pkts=500196 shard=0
step=0963625 (run 3625/8000) loss=0.00287 byte_ppl=1.003 atoms=45 merges=0 field=25.9924 rms=0.8123 scale=1.0000 fcos=nan ign=0.0000 prn=nan nxp=0.000 mph=0.000 bytes=500196 pkts=500196 shard=0
step=0963650 (run 3650/8000) loss=0.02930 byte_ppl=1.030 atoms=3 merges=0 field=26.0891 rms=0.8153 scale=1.0000 fcos=nan ign=0.0000 prn=nan nxp=0.000 mph=0.000 bytes=500196 pkts=500196 shard=0
step=0963675 (run 3675/8000) loss=0.00021 byte_ppl=1.000 atoms=30 merges=0 field=26.1416 rms=0.8169 scale=1.0000 fcos=nan ign=0.0000 prn=nan nxp=0.000 mph=0.000 bytes=500196 pkts=500196 shard=0
step=0963700 (run 3700/8000) loss=1.15460 byte_ppl=3.173 atoms=58 merges=0 field=26.2521 rms=0.8204 scale=1.0000 fcos=nan ign=0.0000 prn=nan nxp=0.000 mph=0.000 bytes=500196 pkts=500196 shard=0
step=0963725 (run 3725/8000) loss=0.00175 byte_ppl=1.002 atoms=14 merges=0 field=26.3653 rms=0.8239 scale=1.0000 fcos=nan ign=0.0000 prn=nan nxp=0.000 mph=0.000 bytes=500196 pkts=500196 shard=0
step=0963750 (run 3750/8000) loss=4.62031 byte_ppl=101.525 atoms=42 merges=0 field=26.3566 rms=0.8236 scale=1.0000 fcos=nan ign=0.0000 prn=nan nxp=0.000 mph=0.000 bytes=500196 pkts=500196 shard=0
step=0963775 (run 3775/8000) loss=2.38726 byte_ppl=10.884 atoms=69 merges=0 field=26.3889 rms=0.8247 scale=1.0000 fcos=nan ign=0.0000 prn=nan nxp=0.000 mph=0.000 bytes=500196 pkts=500196 shard=0
step=0963800 (run 3800/8000) loss=0.00059 byte_ppl=1.001 atoms=27 merges=0 field=26.4462 rms=0.8264 scale=1.0000 fcos=nan ign=0.0000 prn=nan nxp=0.000 mph=0.000 bytes=500196 pkts=500196 shard=0
step=0963825 (run 3825/8000) loss=0.04486 byte_ppl=1.046 atoms=54 merges=0 field=26.5388 rms=0.8293 scale=1.0000 fcos=nan ign=0.0000 prn=nan nxp=0.000 mph=0.000 bytes=500196 pkts=500196 shard=0
step=0963850 (run 3850/8000) loss=5.12901 byte_ppl=168.850 atoms=11 merges=0 field=26.5126 rms=0.8285 scale=1.0000 fcos=nan ign=0.0000 prn=nan nxp=0.000 mph=0.000 bytes=500196 pkts=500196 shard=0
step=0963875 (run 3875/8000) loss=0.00965 byte_ppl=1.010 atoms=38 merges=0 field=26.5649 rms=0.8302 scale=1.0000 fcos=nan ign=0.0000 prn=nan nxp=0.000 mph=0.000 bytes=500196 pkts=500196 shard=0
step=0963900 (run 3900/8000) loss=0.00402 byte_ppl=1.004 atoms=66 merges=0 field=26.6878 rms=0.8340 scale=1.0000 fcos=nan ign=0.0000 prn=nan nxp=0.000 mph=0.000 bytes=500196 pkts=500196 shard=0
step=0963925 (run 3925/8000) loss=0.00412 byte_ppl=1.004 atoms=23 merges=0 field=26.7454 rms=0.8358 scale=1.0000 fcos=nan ign=0.0000 prn=nan nxp=0.000 mph=0.000 bytes=500196 pkts=500196 shard=0
step=0963950 (run 3950/8000) loss=6.47463 byte_ppl=648.478 atoms=51 merges=0 field=26.7446 rms=0.8358 scale=1.0000 fcos=nan ign=0.0000 prn=nan nxp=0.000 mph=0.000 bytes=500196 pkts=500196 shard=0
step=0963975 (run 3975/8000) loss=0.01136 byte_ppl=1.011 atoms=8 merges=0 field=26.8107 rms=0.8378 scale=1.0000 fcos=nan ign=0.0000 prn=nan nxp=0.000 mph=0.000 bytes=500196 pkts=500196 shard=0
step=0964000 (run 4000/8000) loss=0.00236 byte_ppl=1.002 atoms=36 merges=0 field=26.8798 rms=0.8400 scale=1.0000 fcos=nan ign=0.0000 prn=nan nxp=0.000 mph=0.000 bytes=500196 pkts=500196 shard=0
step=0964025 (run 4025/8000) loss=0.00369 byte_ppl=1.004 atoms=63 merges=0 field=26.9588 rms=0.8425 scale=1.0000 fcos=nan ign=0.0000 prn=nan nxp=0.000 mph=0.000 bytes=500196 pkts=500196 shard=0
step=0964050 (run 4050/8000) loss=5.23991 byte_ppl=188.654 atoms=20 merges=0 field=27.0275 rms=0.8446 scale=1.0000 fcos=nan ign=0.0000 prn=nan nxp=0.000 mph=0.000 bytes=500196 pkts=500196 shard=0
step=0964075 (run 4075/8000) loss=0.00272 byte_ppl=1.003 atoms=47 merges=0 field=27.1258 rms=0.8477 scale=1.0000 fcos=nan ign=0.0000 prn=nan nxp=0.000 mph=0.000 bytes=500196 pkts=500196 shard=0
step=0964100 (run 4100/8000) loss=5.17809 byte_ppl=177.345 atoms=5 merges=0 field=27.1272 rms=0.8477 scale=1.0000 fcos=nan ign=0.0000 prn=nan nxp=0.000 mph=0.000 bytes=500196 pkts=500196 shard=0
step=0964125 (run 4125/8000) loss=0.98984 byte_ppl=2.691 atoms=32 merges=0 field=27.1186 rms=0.8475 scale=1.0000 fcos=nan ign=0.0000 prn=nan nxp=0.000 mph=0.000 bytes=500196 pkts=500196 shard=0
step=0964150 (run 4150/8000) loss=1.30014 byte_ppl=3.670 atoms=60 merges=0 field=27.1731 rms=0.8492 scale=1.0000 fcos=nan ign=0.0000 prn=nan nxp=0.000 mph=0.000 bytes=500196 pkts=500196 shard=0
step=0964175 (run 4175/8000) loss=7.77260 byte_ppl=2374.639 atoms=16 merges=0 field=27.1836 rms=0.8495 scale=1.0000 fcos=nan ign=0.0000 prn=nan nxp=0.000 mph=0.000 bytes=500196 pkts=500196 shard=0
step=0964200 (run 4200/8000) loss=29.61909 byte_ppl=7301386020551.628 atoms=44 merges=0 field=27.1868 rms=0.8496 scale=1.0000 fcos=nan ign=0.0000 prn=nan nxp=0.000 mph=0.000 bytes=500196 pkts=500196 shard=0
step=0964225 (run 4225/8000) loss=0.00005 byte_ppl=1.000 atoms=1 merges=0 field=27.1684 rms=0.8490 scale=1.0000 fcos=nan ign=0.0000 prn=nan nxp=0.000 mph=0.000 bytes=500196 pkts=500196 shard=0
step=0964250 (run 4250/8000) loss=3.35548 byte_ppl=28.659 atoms=29 merges=0 field=27.1821 rms=0.8494 scale=1.0000 fcos=nan ign=0.0000 prn=nan nxp=0.000 mph=0.000 bytes=500196 pkts=500196 shard=0
step=0964275 (run 4275/8000) loss=1.73218 byte_ppl=5.653 atoms=56 merges=0 field=27.1459 rms=0.8483 scale=1.0000 fcos=nan ign=0.0000 prn=nan nxp=0.000 mph=0.000 bytes=500196 pkts=500196 shard=0
step=0964300 (run 4300/8000) loss=0.07072 byte_ppl=1.073 atoms=14 merges=0 field=27.1129 rms=0.8473 scale=1.0000 fcos=nan ign=0.0000 prn=nan nxp=0.000 mph=0.000 bytes=500196 pkts=500196 shard=0
step=0964325 (run 4325/8000) loss=0.00078 byte_ppl=1.001 atoms=41 merges=0 field=27.1298 rms=0.8478 scale=1.0000 fcos=nan ign=0.0000 prn=nan nxp=0.000 mph=0.000 bytes=500196 pkts=500196 shard=0
step=0964350 (run 4350/8000) loss=14.70170 byte_ppl=2425863.989 atoms=69 merges=0 field=27.1507 rms=0.8485 scale=1.0000 fcos=nan ign=0.0000 prn=nan nxp=0.000 mph=0.000 bytes=500196 pkts=500196 shard=0
step=0964375 (run 4375/8000) loss=0.00052 byte_ppl=1.001 atoms=25 merges=0 field=27.1223 rms=0.8476 scale=1.0000 fcos=nan ign=0.0000 prn=nan nxp=0.000 mph=0.000 bytes=500196 pkts=500196 shard=0
step=0964400 (run 4400/8000) loss=5.62960 byte_ppl=278.551 atoms=53 merges=0 field=27.1542 rms=0.8486 scale=1.0000 fcos=nan ign=0.0000 prn=nan nxp=0.000 mph=0.000 bytes=500196 pkts=500196 shard=0
step=0964425 (run 4425/8000) loss=0.02477 byte_ppl=1.025 atoms=10 merges=0 field=27.2162 rms=0.8505 scale=1.0000 fcos=nan ign=0.0000 prn=nan nxp=0.000 mph=0.000 bytes=500196 pkts=500196 shard=0
step=0964450 (run 4450/8000) loss=3.57558 byte_ppl=35.715 atoms=38 merges=0 field=27.1446 rms=0.8483 scale=1.0000 fcos=nan ign=0.0000 prn=nan nxp=0.000 mph=0.000 bytes=500196 pkts=500196 shard=0
step=0964475 (run 4475/8000) loss=0.28981 byte_ppl=1.336 atoms=65 merges=0 field=27.2145 rms=0.8505 scale=1.0000 fcos=nan ign=0.0000 prn=nan nxp=0.000 mph=0.000 bytes=500196 pkts=500196 shard=0
step=0964500 (run 4500/8000) loss=6.93701 byte_ppl=1029.684 atoms=22 merges=0 field=27.2793 rms=0.8525 scale=1.0000 fcos=nan ign=0.0000 prn=nan nxp=0.000 mph=0.000 bytes=500196 pkts=500196 shard=0
step=0964525 (run 4525/8000) loss=0.04986 byte_ppl=1.051 atoms=49 merges=0 field=27.2139 rms=0.8504 scale=1.0000 fcos=nan ign=0.0000 prn=nan nxp=0.000 mph=0.000 bytes=500196 pkts=500196 shard=0
step=0964550 (run 4550/8000) loss=5.90491 byte_ppl=366.834 atoms=7 merges=0 field=27.2326 rms=0.8510 scale=1.0000 fcos=nan ign=0.0000 prn=nan nxp=0.000 mph=0.000 bytes=500196 pkts=500196 shard=0
step=0964575 (run 4575/8000) loss=2.67744 byte_ppl=14.548 atoms=34 merges=0 field=27.2621 rms=0.8519 scale=1.0000 fcos=nan ign=0.0000 prn=nan nxp=0.000 mph=0.000 bytes=500196 pkts=500196 shard=0
step=0964600 (run 4600/8000) loss=7.82460 byte_ppl=2501.393 atoms=62 merges=0 field=27.3047 rms=0.8533 scale=1.0000 fcos=nan ign=0.0000 prn=nan nxp=0.000 mph=0.000 bytes=500196 pkts=500196 shard=0
step=0964625 (run 4625/8000) loss=0.00427 byte_ppl=1.004 atoms=19 merges=0 field=27.3553 rms=0.8549 scale=1.0000 fcos=nan ign=0.0000 prn=nan nxp=0.000 mph=0.000 bytes=500196 pkts=500196 shard=0
step=0964650 (run 4650/8000) loss=3.62825 byte_ppl=37.647 atoms=47 merges=0 field=27.4203 rms=0.8569 scale=1.0000 fcos=nan ign=0.0000 prn=nan nxp=0.000 mph=0.000 bytes=500196 pkts=500196 shard=0
step=0964675 (run 4675/8000) loss=2.16079 byte_ppl=8.678 atoms=3 merges=0 field=27.4176 rms=0.8568 scale=1.0000 fcos=nan ign=0.0000 prn=nan nxp=0.000 mph=0.000 bytes=500196 pkts=500196 shard=0
step=0964700 (run 4700/8000) loss=32.93805 byte_ppl=10686474581524.463 atoms=31 merges=0 field=27.3745 rms=0.8555 scale=1.0000 fcos=nan ign=0.0000 prn=nan nxp=0.000 mph=0.000 bytes=500196 pkts=500196 shard=0
step=0964725 (run 4725/8000) loss=3.07890 byte_ppl=21.735 atoms=58 merges=0 field=27.4005 rms=0.8563 scale=1.0000 fcos=nan ign=0.0000 prn=nan nxp=0.000 mph=0.000 bytes=500196 pkts=500196 shard=0
step=0964750 (run 4750/8000) loss=0.48914 byte_ppl=1.631 atoms=16 merges=0 field=27.3778 rms=0.8556 scale=1.0000 fcos=nan ign=0.0000 prn=nan nxp=0.000 mph=0.000 bytes=500196 pkts=500196 shard=0
step=0964775 (run 4775/8000) loss=0.00115 byte_ppl=1.001 atoms=43 merges=0 field=27.4254 rms=0.8570 scale=1.0000 fcos=nan ign=0.0000 prn=nan nxp=0.000 mph=0.000 bytes=500196 pkts=500196 shard=0
step=0964800 (run 4800/8000) loss=6.38942 byte_ppl=595.514 atoms=71 merges=0 field=27.4845 rms=0.8589 scale=1.0000 fcos=nan ign=0.0000 prn=nan nxp=0.000 mph=0.000 bytes=500196 pkts=500196 shard=0
step=0964825 (run 4825/8000) loss=2.97565 byte_ppl=19.602 atoms=27 merges=0 field=27.4710 rms=0.8585 scale=1.0000 fcos=nan ign=0.0000 prn=nan nxp=0.000 mph=0.000 bytes=500196 pkts=500196 shard=0
step=0964850 (run 4850/8000) loss=15.49580 byte_ppl=5367134.904 atoms=55 merges=0 field=27.5265 rms=0.8602 scale=1.0000 fcos=nan ign=0.0000 prn=nan nxp=0.000 mph=0.000 bytes=500196 pkts=500196 shard=0
step=0964875 (run 4875/8000) loss=0.01420 byte_ppl=1.014 atoms=12 merges=0 field=27.5813 rms=0.8619 scale=1.0000 fcos=nan ign=0.0000 prn=nan nxp=0.000 mph=0.000 bytes=500196 pkts=500196 shard=0
step=0964900 (run 4900/8000) loss=0.00503 byte_ppl=1.005 atoms=40 merges=0 field=27.5951 rms=0.8623 scale=1.0000 fcos=nan ign=0.0000 prn=nan nxp=0.000 mph=0.000 bytes=500196 pkts=500196 shard=0
step=0964925 (run 4925/8000) loss=0.01427 byte_ppl=1.014 atoms=67 merges=0 field=27.6399 rms=0.8637 scale=1.0000 fcos=nan ign=0.0000 prn=nan nxp=0.000 mph=0.000 bytes=500196 pkts=500196 shard=0
step=0964950 (run 4950/8000) loss=4.32701 byte_ppl=75.718 atoms=25 merges=0 field=27.5944 rms=0.8623 scale=1.0000 fcos=nan ign=0.0000 prn=nan nxp=0.000 mph=0.000 bytes=500196 pkts=500196 shard=0
step=0964975 (run 4975/8000) loss=4.13589 byte_ppl=62.545 atoms=52 merges=0 field=27.6006 rms=0.8625 scale=1.0000 fcos=nan ign=0.0000 prn=nan nxp=0.000 mph=0.000 bytes=500196 pkts=500196 shard=0
step=0965000 (run 5000/8000) loss=4.37653 byte_ppl=79.561 atoms=9 merges=0 field=27.5940 rms=0.8623 scale=1.0000 fcos=nan ign=0.0000 prn=nan nxp=0.000 mph=0.000 bytes=500196 pkts=500196 shard=0
step=0965025 (run 5025/8000) loss=0.00121 byte_ppl=1.001 atoms=36 merges=0 field=27.6586 rms=0.8643 scale=1.0000 fcos=nan ign=0.0000 prn=nan nxp=0.000 mph=0.000 bytes=500196 pkts=500196 shard=0
step=0965050 (run 5050/8000) loss=8.86935 byte_ppl=7110.667 atoms=64 merges=0 field=27.6160 rms=0.8630 scale=1.0000 fcos=nan ign=0.0000 prn=nan nxp=0.000 mph=0.000 bytes=500196 pkts=500196 shard=0
step=0965075 (run 5075/8000) loss=0.00304 byte_ppl=1.003 atoms=21 merges=0 field=27.6613 rms=0.8644 scale=1.0000 fcos=nan ign=0.0000 prn=nan nxp=0.000 mph=0.000 bytes=500196 pkts=500196 shard=0
step=0965100 (run 5100/8000) loss=0.01305 byte_ppl=1.013 atoms=49 merges=0 field=27.6997 rms=0.8656 scale=1.0000 fcos=nan ign=0.0000 prn=nan nxp=0.000 mph=0.000 bytes=500196 pkts=500196 shard=0
step=0965125 (run 5125/8000) loss=0.00076 byte_ppl=1.001 atoms=5 merges=0 field=27.7312 rms=0.8666 scale=1.0000 fcos=nan ign=0.0000 prn=nan nxp=0.000 mph=0.000 bytes=500196 pkts=500196 shard=0
step=0965150 (run 5150/8000) loss=1.59906 byte_ppl=4.948 atoms=33 merges=0 field=27.7665 rms=0.8677 scale=1.0000 fcos=nan ign=0.0000 prn=nan nxp=0.000 mph=0.000 bytes=500196 pkts=500196 shard=0
step=0965175 (run 5175/8000) loss=4.08094 byte_ppl=59.201 atoms=60 merges=0 field=27.7835 rms=0.8682 scale=1.0000 fcos=nan ign=0.0000 prn=nan nxp=0.000 mph=0.000 bytes=500196 pkts=500196 shard=0
step=0965200 (run 5200/8000) loss=0.09441 byte_ppl=1.099 atoms=18 merges=0 field=27.8146 rms=0.8692 scale=1.0000 fcos=nan ign=0.0000 prn=nan nxp=0.000 mph=0.000 bytes=500196 pkts=500196 shard=0
step=0965225 (run 5225/8000) loss=0.00180 byte_ppl=1.002 atoms=45 merges=0 field=27.8450 rms=0.8702 scale=1.0000 fcos=nan ign=0.0000 prn=nan nxp=0.000 mph=0.000 bytes=500196 pkts=500196 shard=0
step=0965250 (run 5250/8000) loss=1.64833 byte_ppl=5.198 atoms=3 merges=0 field=27.8620 rms=0.8707 scale=1.0000 fcos=nan ign=0.0000 prn=nan nxp=0.000 mph=0.000 bytes=500196 pkts=500196 shard=0
step=0965275 (run 5275/8000) loss=0.00008 byte_ppl=1.000 atoms=30 merges=0 field=27.9338 rms=0.8729 scale=1.0000 fcos=nan ign=0.0000 prn=nan nxp=0.000 mph=0.000 bytes=500196 pkts=500196 shard=0
step=0965300 (run 5300/8000) loss=5.29413 byte_ppl=199.164 atoms=58 merges=0 field=27.9492 rms=0.8734 scale=1.0000 fcos=nan ign=0.0000 prn=nan nxp=0.000 mph=0.000 bytes=500196 pkts=500196 shard=0
step=0965325 (run 5325/8000) loss=1.23390 byte_ppl=3.435 atoms=14 merges=0 field=27.9729 rms=0.8742 scale=1.0000 fcos=nan ign=0.0000 prn=nan nxp=0.000 mph=0.000 bytes=500196 pkts=500196 shard=0
step=0965350 (run 5350/8000) loss=0.00105 byte_ppl=1.001 atoms=42 merges=0 field=28.0480 rms=0.8765 scale=1.0000 fcos=nan ign=0.0000 prn=nan nxp=0.000 mph=0.000 bytes=500196 pkts=500196 shard=0
step=0965375 (run 5375/8000) loss=1.47502 byte_ppl=4.371 atoms=69 merges=0 field=28.1342 rms=0.8792 scale=1.0000 fcos=nan ign=0.0000 prn=nan nxp=0.000 mph=0.000 bytes=500196 pkts=500196 shard=0
step=0965400 (run 5400/8000) loss=0.00410 byte_ppl=1.004 atoms=27 merges=0 field=28.1528 rms=0.8798 scale=1.0000 fcos=nan ign=0.0000 prn=nan nxp=0.000 mph=0.000 bytes=500196 pkts=500196 shard=0
step=0965425 (run 5425/8000) loss=0.00009 byte_ppl=1.000 atoms=54 merges=0 field=28.2123 rms=0.8816 scale=1.0000 fcos=nan ign=0.0000 prn=nan nxp=0.000 mph=0.000 bytes=500196 pkts=500196 shard=0
step=0965450 (run 5450/8000) loss=4.34124 byte_ppl=76.803 atoms=11 merges=0 field=28.1752 rms=0.8805 scale=1.0000 fcos=nan ign=0.0000 prn=nan nxp=0.000 mph=0.000 bytes=500196 pkts=500196 shard=0
step=0965475 (run 5475/8000) loss=2.67455 byte_ppl=14.506 atoms=38 merges=0 field=28.1762 rms=0.8805 scale=1.0000 fcos=nan ign=0.0000 prn=nan nxp=0.000 mph=0.000 bytes=500196 pkts=500196 shard=0
step=0965500 (run 5500/8000) loss=0.07050 byte_ppl=1.073 atoms=66 merges=0 field=28.1890 rms=0.8809 scale=1.0000 fcos=nan ign=0.0000 prn=nan nxp=0.000 mph=0.000 bytes=500196 pkts=500196 shard=0
step=0965525 (run 5525/8000) loss=5.91714 byte_ppl=371.348 atoms=23 merges=0 field=28.1600 rms=0.8800 scale=1.0000 fcos=nan ign=0.0000 prn=nan nxp=0.000 mph=0.000 bytes=500196 pkts=500196 shard=0
step=0965550 (run 5550/8000) loss=0.00280 byte_ppl=1.003 atoms=51 merges=0 field=28.2472 rms=0.8827 scale=1.0000 fcos=nan ign=0.0000 prn=nan nxp=0.000 mph=0.000 bytes=500196 pkts=500196 shard=0
step=0965575 (run 5575/8000) loss=0.02605 byte_ppl=1.026 atoms=8 merges=0 field=28.2523 rms=0.8829 scale=1.0000 fcos=nan ign=0.0000 prn=nan nxp=0.000 mph=0.000 bytes=500196 pkts=500196 shard=0
step=0965600 (run 5600/8000) loss=0.14388 byte_ppl=1.155 atoms=36 merges=0 field=28.2759 rms=0.8836 scale=1.0000 fcos=nan ign=0.0000 prn=nan nxp=0.000 mph=0.000 bytes=500196 pkts=500196 shard=0
step=0965625 (run 5625/8000) loss=4.89148 byte_ppl=133.150 atoms=63 merges=0 field=28.3495 rms=0.8859 scale=1.0000 fcos=nan ign=0.0000 prn=nan nxp=0.000 mph=0.000 bytes=500196 pkts=500196 shard=0
step=0965650 (run 5650/8000) loss=5.01846 byte_ppl=151.179 atoms=20 merges=0 field=28.4267 rms=0.8883 scale=1.0000 fcos=nan ign=0.0000 prn=nan nxp=0.000 mph=0.000 bytes=500196 pkts=500196 shard=0
step=0965675 (run 5675/8000) loss=0.00217 byte_ppl=1.002 atoms=47 merges=0 field=28.4200 rms=0.8881 scale=1.0000 fcos=nan ign=0.0000 prn=nan nxp=0.000 mph=0.000 bytes=500196 pkts=500196 shard=0
step=0965700 (run 5700/8000) loss=0.93692 byte_ppl=2.552 atoms=5 merges=0 field=28.4637 rms=0.8895 scale=1.0000 fcos=nan ign=0.0000 prn=nan nxp=0.000 mph=0.000 bytes=500196 pkts=500196 shard=0
step=0965725 (run 5725/8000) loss=5.79370 byte_ppl=328.224 atoms=32 merges=0 field=28.5354 rms=0.8917 scale=1.0000 fcos=nan ign=0.0000 prn=nan nxp=0.000 mph=0.000 bytes=500196 pkts=500196 shard=0
step=0965750 (run 5750/8000) loss=0.01574 byte_ppl=1.016 atoms=60 merges=0 field=28.5008 rms=0.8907 scale=1.0000 fcos=nan ign=0.0000 prn=nan nxp=0.000 mph=0.000 bytes=500196 pkts=500196 shard=0
step=0965775 (run 5775/8000) loss=0.12686 byte_ppl=1.135 atoms=16 merges=0 field=28.5007 rms=0.8906 scale=1.0000 fcos=nan ign=0.0000 prn=nan nxp=0.000 mph=0.000 bytes=500196 pkts=500196 shard=0
step=0965800 (run 5800/8000) loss=7.83779 byte_ppl=2534.591 atoms=44 merges=0 field=28.4148 rms=0.8880 scale=1.0000 fcos=nan ign=0.0000 prn=nan nxp=0.000 mph=0.000 bytes=500196 pkts=500196 shard=0
step=0965825 (run 5825/8000) loss=0.00142 byte_ppl=1.001 atoms=1 merges=0 field=28.3913 rms=0.8872 scale=1.0000 fcos=nan ign=0.0000 prn=nan nxp=0.000 mph=0.000 bytes=500196 pkts=500196 shard=0
step=0965850 (run 5850/8000) loss=0.01486 byte_ppl=1.015 atoms=29 merges=0 field=28.4231 rms=0.8882 scale=1.0000 fcos=nan ign=0.0000 prn=nan nxp=0.000 mph=0.000 bytes=500196 pkts=500196 shard=0
step=0965875 (run 5875/8000) loss=0.00334 byte_ppl=1.003 atoms=56 merges=0 field=28.4460 rms=0.8889 scale=1.0000 fcos=nan ign=0.0000 prn=nan nxp=0.000 mph=0.000 bytes=500196 pkts=500196 shard=0
step=0965900 (run 5900/8000) loss=0.67863 byte_ppl=1.971 atoms=14 merges=0 field=28.4124 rms=0.8879 scale=1.0000 fcos=nan ign=0.0000 prn=nan nxp=0.000 mph=0.000 bytes=500196 pkts=500196 shard=0
step=0965925 (run 5925/8000) loss=0.07623 byte_ppl=1.079 atoms=41 merges=0 field=28.5004 rms=0.8906 scale=1.0000 fcos=nan ign=0.0000 prn=nan nxp=0.000 mph=0.000 bytes=500196 pkts=500196 shard=0
step=0965950 (run 5950/8000) loss=0.37139 byte_ppl=1.450 atoms=69 merges=0 field=28.5001 rms=0.8906 scale=1.0000 fcos=nan ign=0.0000 prn=nan nxp=0.000 mph=0.000 bytes=500196 pkts=500196 shard=0
step=0965975 (run 5975/8000) loss=0.00079 byte_ppl=1.001 atoms=25 merges=0 field=28.4931 rms=0.8904 scale=1.0000 fcos=nan ign=0.0000 prn=nan nxp=0.000 mph=0.000 bytes=500196 pkts=500196 shard=0
step=0966000 (run 6000/8000) loss=2.51099 byte_ppl=12.317 atoms=53 merges=0 field=28.4307 rms=0.8885 scale=1.0000 fcos=nan ign=0.0000 prn=nan nxp=0.000 mph=0.000 bytes=500196 pkts=500196 shard=0
step=0966025 (run 6025/8000) loss=1.01039 byte_ppl=2.747 atoms=10 merges=0 field=28.5077 rms=0.8909 scale=1.0000 fcos=nan ign=0.0000 prn=nan nxp=0.000 mph=0.000 bytes=500196 pkts=500196 shard=0
step=0966050 (run 6050/8000) loss=4.88342 byte_ppl=132.082 atoms=38 merges=0 field=28.5183 rms=0.8912 scale=1.0000 fcos=nan ign=0.0000 prn=nan nxp=0.000 mph=0.000 bytes=500196 pkts=500196 shard=0
step=0966075 (run 6075/8000) loss=0.00918 byte_ppl=1.009 atoms=65 merges=0 field=28.5137 rms=0.8911 scale=1.0000 fcos=nan ign=0.0000 prn=nan nxp=0.000 mph=0.000 bytes=500196 pkts=500196 shard=0
step=0966100 (run 6100/8000) loss=0.00037 byte_ppl=1.000 atoms=22 merges=0 field=28.6467 rms=0.8952 scale=1.0000 fcos=nan ign=0.0000 prn=nan nxp=0.000 mph=0.000 bytes=500196 pkts=500196 shard=0
step=0966125 (run 6125/8000) loss=0.00061 byte_ppl=1.001 atoms=49 merges=0 field=28.6959 rms=0.8967 scale=1.0000 fcos=nan ign=0.0000 prn=nan nxp=0.000 mph=0.000 bytes=500196 pkts=500196 shard=0
step=0966150 (run 6150/8000) loss=2.53664 byte_ppl=12.637 atoms=7 merges=0 field=28.7615 rms=0.8988 scale=1.0000 fcos=nan ign=0.0000 prn=nan nxp=0.000 mph=0.000 bytes=500196 pkts=500196 shard=0
step=0966175 (run 6175/8000) loss=0.05496 byte_ppl=1.056 atoms=34 merges=0 field=28.8382 rms=0.9012 scale=1.0000 fcos=nan ign=0.0000 prn=nan nxp=0.000 mph=0.000 bytes=500196 pkts=500196 shard=0
step=0966200 (run 6200/8000) loss=1.40885 byte_ppl=4.091 atoms=62 merges=0 field=28.9014 rms=0.9032 scale=1.0000 fcos=nan ign=0.0000 prn=nan nxp=0.000 mph=0.000 bytes=500196 pkts=500196 shard=0
step=0966225 (run 6225/8000) loss=0.00552 byte_ppl=1.006 atoms=19 merges=0 field=28.9183 rms=0.9037 scale=1.0000 fcos=nan ign=0.0000 prn=nan nxp=0.000 mph=0.000 bytes=500196 pkts=500196 shard=0
step=0966250 (run 6250/8000) loss=1.85841 byte_ppl=6.414 atoms=47 merges=0 field=29.0337 rms=0.9073 scale=1.0000 fcos=nan ign=0.0000 prn=nan nxp=0.000 mph=0.000 bytes=500196 pkts=500196 shard=0
step=0966275 (run 6275/8000) loss=0.06208 byte_ppl=1.064 atoms=3 merges=0 field=29.0618 rms=0.9082 scale=1.0000 fcos=nan ign=0.0000 prn=nan nxp=0.000 mph=0.000 bytes=500196 pkts=500196 shard=0
step=0966300 (run 6300/8000) loss=0.02231 byte_ppl=1.023 atoms=31 merges=0 field=29.0684 rms=0.9084 scale=1.0000 fcos=nan ign=0.0000 prn=nan nxp=0.000 mph=0.000 bytes=500196 pkts=500196 shard=0
step=0966325 (run 6325/8000) loss=0.65025 byte_ppl=1.916 atoms=58 merges=0 field=29.0670 rms=0.9083 scale=1.0000 fcos=nan ign=0.0000 prn=nan nxp=0.000 mph=0.000 bytes=500196 pkts=500196 shard=0
step=0966350 (run 6350/8000) loss=0.00389 byte_ppl=1.004 atoms=16 merges=0 field=29.1659 rms=0.9114 scale=1.0000 fcos=nan ign=0.0000 prn=nan nxp=0.000 mph=0.000 bytes=500196 pkts=500196 shard=0
step=0966375 (run 6375/8000) loss=0.00172 byte_ppl=1.002 atoms=43 merges=0 field=29.1481 rms=0.9109 scale=1.0000 fcos=nan ign=0.0000 prn=nan nxp=0.000 mph=0.000 bytes=500196 pkts=500196 shard=0
step=0966400 (run 6400/8000) loss=5.81377 byte_ppl=334.879 atoms=71 merges=0 field=29.1208 rms=0.9100 scale=1.0000 fcos=nan ign=0.0000 prn=nan nxp=0.000 mph=0.000 bytes=500196 pkts=500196 shard=0
step=0966425 (run 6425/8000) loss=5.91031 byte_ppl=368.821 atoms=27 merges=0 field=29.1035 rms=0.9095 scale=1.0000 fcos=nan ign=0.0000 prn=nan nxp=0.000 mph=0.000 bytes=500196 pkts=500196 shard=0
step=0966450 (run 6450/8000) loss=0.75063 byte_ppl=2.118 atoms=55 merges=0 field=29.1394 rms=0.9106 scale=1.0000 fcos=nan ign=0.0000 prn=nan nxp=0.000 mph=0.000 bytes=500196 pkts=500196 shard=0
step=0966475 (run 6475/8000) loss=0.00122 byte_ppl=1.001 atoms=12 merges=0 field=29.1654 rms=0.9114 scale=1.0000 fcos=nan ign=0.0000 prn=nan nxp=0.000 mph=0.000 bytes=500196 pkts=500196 shard=0
step=0966500 (run 6500/8000) loss=7.19121 byte_ppl=1327.711 atoms=40 merges=0 field=29.1710 rms=0.9116 scale=1.0000 fcos=nan ign=0.0000 prn=nan nxp=0.000 mph=0.000 bytes=500196 pkts=500196 shard=0
step=0966525 (run 6525/8000) loss=0.00146 byte_ppl=1.001 atoms=67 merges=0 field=29.1031 rms=0.9095 scale=1.0000 fcos=nan ign=0.0000 prn=nan nxp=0.000 mph=0.000 bytes=500196 pkts=500196 shard=0
step=0966550 (run 6550/8000) loss=0.00869 byte_ppl=1.009 atoms=25 merges=0 field=29.1283 rms=0.9103 scale=1.0000 fcos=nan ign=0.0000 prn=nan nxp=0.000 mph=0.000 bytes=500196 pkts=500196 shard=0
step=0966575 (run 6575/8000) loss=7.12416 byte_ppl=1241.606 atoms=52 merges=0 field=29.1225 rms=0.9101 scale=1.0000 fcos=nan ign=0.0000 prn=nan nxp=0.000 mph=0.000 bytes=500196 pkts=500196 shard=0
step=0966600 (run 6600/8000) loss=8.69989 byte_ppl=6002.264 atoms=9 merges=0 field=29.1091 rms=0.9097 scale=1.0000 fcos=nan ign=0.0000 prn=nan nxp=0.000 mph=0.000 bytes=500196 pkts=500196 shard=0
step=0966625 (run 6625/8000) loss=0.00259 byte_ppl=1.003 atoms=36 merges=0 field=29.1259 rms=0.9102 scale=1.0000 fcos=nan ign=0.0000 prn=nan nxp=0.000 mph=0.000 bytes=500196 pkts=500196 shard=0
step=0966650 (run 6650/8000) loss=0.04193 byte_ppl=1.043 atoms=64 merges=0 field=29.1748 rms=0.9117 scale=1.0000 fcos=nan ign=0.0000 prn=nan nxp=0.000 mph=0.000 bytes=500196 pkts=500196 shard=0
step=0966675 (run 6675/8000) loss=0.00388 byte_ppl=1.004 atoms=21 merges=0 field=29.1552 rms=0.9111 scale=1.0000 fcos=nan ign=0.0000 prn=nan nxp=0.000 mph=0.000 bytes=500196 pkts=500196 shard=0
step=0966700 (run 6700/8000) loss=0.02287 byte_ppl=1.023 atoms=49 merges=0 field=29.2018 rms=0.9126 scale=1.0000 fcos=nan ign=0.0000 prn=nan nxp=0.000 mph=0.000 bytes=500196 pkts=500196 shard=0
step=0966725 (run 6725/8000) loss=0.00265 byte_ppl=1.003 atoms=5 merges=0 field=29.2625 rms=0.9145 scale=1.0000 fcos=nan ign=0.0000 prn=nan nxp=0.000 mph=0.000 bytes=500196 pkts=500196 shard=0
step=0966750 (run 6750/8000) loss=0.00792 byte_ppl=1.008 atoms=33 merges=0 field=29.2388 rms=0.9137 scale=1.0000 fcos=nan ign=0.0000 prn=nan nxp=0.000 mph=0.000 bytes=500196 pkts=500196 shard=0
step=0966775 (run 6775/8000) loss=2.28260 byte_ppl=9.802 atoms=60 merges=0 field=29.2972 rms=0.9155 scale=1.0000 fcos=nan ign=0.0000 prn=nan nxp=0.000 mph=0.000 bytes=500196 pkts=500196 shard=0
step=0966800 (run 6800/8000) loss=0.06508 byte_ppl=1.067 atoms=18 merges=0 field=29.3354 rms=0.9167 scale=1.0000 fcos=nan ign=0.0000 prn=nan nxp=0.000 mph=0.000 bytes=500196 pkts=500196 shard=0
step=0966825 (run 6825/8000) loss=2.45923 byte_ppl=11.696 atoms=45 merges=0 field=29.3125 rms=0.9160 scale=1.0000 fcos=nan ign=0.0000 prn=nan nxp=0.000 mph=0.000 bytes=500196 pkts=500196 shard=0
step=0966850 (run 6850/8000) loss=0.00128 byte_ppl=1.001 atoms=3 merges=0 field=29.3576 rms=0.9174 scale=1.0000 fcos=nan ign=0.0000 prn=nan nxp=0.000 mph=0.000 bytes=500196 pkts=500196 shard=0
step=0966875 (run 6875/8000) loss=0.18685 byte_ppl=1.205 atoms=30 merges=0 field=29.3282 rms=0.9165 scale=1.0000 fcos=nan ign=0.0000 prn=nan nxp=0.000 mph=0.000 bytes=500196 pkts=500196 shard=0
step=0966900 (run 6900/8000) loss=3.47101 byte_ppl=32.169 atoms=58 merges=0 field=29.3305 rms=0.9166 scale=1.0000 fcos=nan ign=0.0000 prn=nan nxp=0.000 mph=0.000 bytes=500196 pkts=500196 shard=0
step=0966925 (run 6925/8000) loss=0.00091 byte_ppl=1.001 atoms=14 merges=0 field=29.4158 rms=0.9192 scale=1.0000 fcos=nan ign=0.0000 prn=nan nxp=0.000 mph=0.000 bytes=500196 pkts=500196 shard=0
step=0966950 (run 6950/8000) loss=5.40262 byte_ppl=221.988 atoms=42 merges=0 field=29.3919 rms=0.9185 scale=1.0000 fcos=nan ign=0.0000 prn=nan nxp=0.000 mph=0.000 bytes=500196 pkts=500196 shard=0
step=0966975 (run 6975/8000) loss=3.51795 byte_ppl=33.715 atoms=69 merges=0 field=29.3522 rms=0.9173 scale=1.0000 fcos=nan ign=0.0000 prn=nan nxp=0.000 mph=0.000 bytes=500196 pkts=500196 shard=0
step=0967000 (run 7000/8000) loss=2.98469 byte_ppl=19.780 atoms=27 merges=0 field=29.2947 rms=0.9155 scale=1.0000 fcos=nan ign=0.0000 prn=nan nxp=0.000 mph=0.000 bytes=500196 pkts=500196 shard=0
step=0967025 (run 7025/8000) loss=2.97796 byte_ppl=19.648 atoms=54 merges=0 field=29.3314 rms=0.9166 scale=1.0000 fcos=nan ign=0.0000 prn=nan nxp=0.000 mph=0.000 bytes=500196 pkts=500196 shard=0
step=0967050 (run 7050/8000) loss=0.00096 byte_ppl=1.001 atoms=11 merges=0 field=29.3097 rms=0.9159 scale=1.0000 fcos=nan ign=0.0000 prn=nan nxp=0.000 mph=0.000 bytes=500196 pkts=500196 shard=0
step=0967075 (run 7075/8000) loss=0.00026 byte_ppl=1.000 atoms=38 merges=0 field=29.3807 rms=0.9181 scale=1.0000 fcos=nan ign=0.0000 prn=nan nxp=0.000 mph=0.000 bytes=500196 pkts=500196 shard=0
step=0967100 (run 7100/8000) loss=5.78347 byte_ppl=324.884 atoms=66 merges=0 field=29.3791 rms=0.9181 scale=1.0000 fcos=nan ign=0.0000 prn=nan nxp=0.000 mph=0.000 bytes=500196 pkts=500196 shard=0
step=0967125 (run 7125/8000) loss=0.00032 byte_ppl=1.000 atoms=23 merges=0 field=29.3189 rms=0.9162 scale=1.0000 fcos=nan ign=0.0000 prn=nan nxp=0.000 mph=0.000 bytes=500196 pkts=500196 shard=0
step=0967150 (run 7150/8000) loss=2.00177 byte_ppl=7.402 atoms=51 merges=0 field=29.2905 rms=0.9153 scale=1.0000 fcos=nan ign=0.0000 prn=nan nxp=0.000 mph=0.000 bytes=500196 pkts=500196 shard=0
step=0967175 (run 7175/8000) loss=3.06129 byte_ppl=21.355 atoms=8 merges=0 field=29.3160 rms=0.9161 scale=1.0000 fcos=nan ign=0.0000 prn=nan nxp=0.000 mph=0.000 bytes=500196 pkts=500196 shard=0
step=0967200 (run 7200/8000) loss=8.29029 byte_ppl=3985.001 atoms=36 merges=0 field=29.3133 rms=0.9160 scale=1.0000 fcos=nan ign=0.0000 prn=nan nxp=0.000 mph=0.000 bytes=500196 pkts=500196 shard=0
step=0967225 (run 7225/8000) loss=0.00063 byte_ppl=1.001 atoms=63 merges=0 field=29.3970 rms=0.9187 scale=1.0000 fcos=nan ign=0.0000 prn=nan nxp=0.000 mph=0.000 bytes=500196 pkts=500196 shard=0
step=0967250 (run 7250/8000) loss=4.67628 byte_ppl=107.370 atoms=20 merges=0 field=29.4375 rms=0.9199 scale=1.0000 fcos=nan ign=0.0000 prn=nan nxp=0.000 mph=0.000 bytes=500196 pkts=500196 shard=0
step=0967275 (run 7275/8000) loss=0.10279 byte_ppl=1.108 atoms=47 merges=0 field=29.4527 rms=0.9204 scale=1.0000 fcos=nan ign=0.0000 prn=nan nxp=0.000 mph=0.000 bytes=500196 pkts=500196 shard=0
step=0967300 (run 7300/8000) loss=0.85895 byte_ppl=2.361 atoms=5 merges=0 field=29.5106 rms=0.9222 scale=1.0000 fcos=nan ign=0.0000 prn=nan nxp=0.000 mph=0.000 bytes=500196 pkts=500196 shard=0
step=0967325 (run 7325/8000) loss=0.00285 byte_ppl=1.003 atoms=32 merges=0 field=29.5219 rms=0.9226 scale=1.0000 fcos=nan ign=0.0000 prn=nan nxp=0.000 mph=0.000 bytes=500196 pkts=500196 shard=0
step=0967350 (run 7350/8000) loss=3.34259 byte_ppl=28.292 atoms=60 merges=0 field=29.4235 rms=0.9195 scale=1.0000 fcos=nan ign=0.0000 prn=nan nxp=0.000 mph=0.000 bytes=500196 pkts=500196 shard=0
step=0967375 (run 7375/8000) loss=0.00032 byte_ppl=1.000 atoms=16 merges=0 field=29.4552 rms=0.9205 scale=1.0000 fcos=nan ign=0.0000 prn=nan nxp=0.000 mph=0.000 bytes=500196 pkts=500196 shard=0
step=0967400 (run 7400/8000) loss=5.11171 byte_ppl=165.953 atoms=44 merges=0 field=29.4377 rms=0.9199 scale=1.0000 fcos=nan ign=0.0000 prn=nan nxp=0.000 mph=0.000 bytes=500196 pkts=500196 shard=0
step=0967425 (run 7425/8000) loss=0.01013 byte_ppl=1.010 atoms=1 merges=0 field=29.4129 rms=0.9192 scale=1.0000 fcos=nan ign=0.0000 prn=nan nxp=0.000 mph=0.000 bytes=500196 pkts=500196 shard=0
step=0967450 (run 7450/8000) loss=0.51249 byte_ppl=1.669 atoms=29 merges=0 field=29.4611 rms=0.9207 scale=1.0000 fcos=nan ign=0.0000 prn=nan nxp=0.000 mph=0.000 bytes=500196 pkts=500196 shard=0
step=0967475 (run 7475/8000) loss=0.00142 byte_ppl=1.001 atoms=56 merges=0 field=29.4693 rms=0.9209 scale=1.0000 fcos=nan ign=0.0000 prn=nan nxp=0.000 mph=0.000 bytes=500196 pkts=500196 shard=0
step=0967500 (run 7500/8000) loss=1.05451 byte_ppl=2.871 atoms=14 merges=0 field=29.4046 rms=0.9189 scale=1.0000 fcos=nan ign=0.0000 prn=nan nxp=0.000 mph=0.000 bytes=500196 pkts=500196 shard=0
step=0967525 (run 7525/8000) loss=0.01525 byte_ppl=1.015 atoms=41 merges=0 field=29.3102 rms=0.9159 scale=1.0000 fcos=nan ign=0.0000 prn=nan nxp=0.000 mph=0.000 bytes=500196 pkts=500196 shard=0
step=0967550 (run 7550/8000) loss=5.48917 byte_ppl=242.055 atoms=69 merges=0 field=29.3482 rms=0.9171 scale=1.0000 fcos=nan ign=0.0000 prn=nan nxp=0.000 mph=0.000 bytes=500196 pkts=500196 shard=0
step=0967575 (run 7575/8000) loss=0.00018 byte_ppl=1.000 atoms=25 merges=0 field=29.3193 rms=0.9162 scale=1.0000 fcos=nan ign=0.0000 prn=nan nxp=0.000 mph=0.000 bytes=500196 pkts=500196 shard=0
step=0967600 (run 7600/8000) loss=2.02630 byte_ppl=7.586 atoms=53 merges=0 field=29.3023 rms=0.9157 scale=1.0000 fcos=nan ign=0.0000 prn=nan nxp=0.000 mph=0.000 bytes=500196 pkts=500196 shard=0
step=0967625 (run 7625/8000) loss=0.00716 byte_ppl=1.007 atoms=10 merges=0 field=29.3265 rms=0.9165 scale=1.0000 fcos=nan ign=0.0000 prn=nan nxp=0.000 mph=0.000 bytes=500196 pkts=500196 shard=0
step=0967650 (run 7650/8000) loss=0.00092 byte_ppl=1.001 atoms=38 merges=0 field=29.2588 rms=0.9143 scale=1.0000 fcos=nan ign=0.0000 prn=nan nxp=0.000 mph=0.000 bytes=500196 pkts=500196 shard=0
step=0967675 (run 7675/8000) loss=0.00085 byte_ppl=1.001 atoms=65 merges=0 field=29.3389 rms=0.9168 scale=1.0000 fcos=nan ign=0.0000 prn=nan nxp=0.000 mph=0.000 bytes=500196 pkts=500196 shard=0
step=0967700 (run 7700/8000) loss=5.64479 byte_ppl=282.815 atoms=22 merges=0 field=29.3565 rms=0.9174 scale=1.0000 fcos=nan ign=0.0000 prn=nan nxp=0.000 mph=0.000 bytes=500196 pkts=500196 shard=0
step=0967725 (run 7725/8000) loss=0.00004 byte_ppl=1.000 atoms=49 merges=0 field=29.2714 rms=0.9147 scale=1.0000 fcos=nan ign=0.0000 prn=nan nxp=0.000 mph=0.000 bytes=500196 pkts=500196 shard=0
step=0967750 (run 7750/8000) loss=0.00215 byte_ppl=1.002 atoms=7 merges=0 field=29.3980 rms=0.9187 scale=1.0000 fcos=nan ign=0.0000 prn=nan nxp=0.000 mph=0.000 bytes=500196 pkts=500196 shard=0
step=0967775 (run 7775/8000) loss=0.00315 byte_ppl=1.003 atoms=34 merges=0 field=29.4338 rms=0.9198 scale=1.0000 fcos=nan ign=0.0000 prn=nan nxp=0.000 mph=0.000 bytes=500196 pkts=500196 shard=0
step=0967800 (run 7800/8000) loss=0.00832 byte_ppl=1.008 atoms=62 merges=0 field=29.4261 rms=0.9196 scale=1.0000 fcos=nan ign=0.0000 prn=nan nxp=0.000 mph=0.000 bytes=500196 pkts=500196 shard=0
step=0967825 (run 7825/8000) loss=0.00270 byte_ppl=1.003 atoms=19 merges=0 field=29.4946 rms=0.9217 scale=1.0000 fcos=nan ign=0.0000 prn=nan nxp=0.000 mph=0.000 bytes=500196 pkts=500196 shard=0
step=0967850 (run 7850/8000) loss=18.97458 byte_ppl=174001598.292 atoms=47 merges=0 field=29.5029 rms=0.9220 scale=1.0000 fcos=nan ign=0.0000 prn=nan nxp=0.000 mph=0.000 bytes=500196 pkts=500196 shard=0
step=0967875 (run 7875/8000) loss=0.00974 byte_ppl=1.010 atoms=3 merges=0 field=29.4646 rms=0.9208 scale=1.0000 fcos=nan ign=0.0000 prn=nan nxp=0.000 mph=0.000 bytes=500196 pkts=500196 shard=0
step=0967900 (run 7900/8000) loss=0.00040 byte_ppl=1.000 atoms=31 merges=0 field=29.5258 rms=0.9227 scale=1.0000 fcos=nan ign=0.0000 prn=nan nxp=0.000 mph=0.000 bytes=500196 pkts=500196 shard=0
step=0967925 (run 7925/8000) loss=0.00604 byte_ppl=1.006 atoms=58 merges=0 field=29.5230 rms=0.9226 scale=1.0000 fcos=nan ign=0.0000 prn=nan nxp=0.000 mph=0.000 bytes=500196 pkts=500196 shard=0
step=0967950 (run 7950/8000) loss=3.62033 byte_ppl=37.350 atoms=16 merges=0 field=29.4553 rms=0.9205 scale=1.0000 fcos=nan ign=0.0000 prn=nan nxp=0.000 mph=0.000 bytes=500196 pkts=500196 shard=0
step=0967975 (run 7975/8000) loss=0.31543 byte_ppl=1.371 atoms=43 merges=0 field=29.5123 rms=0.9223 scale=1.0000 fcos=nan ign=0.0000 prn=nan nxp=0.000 mph=0.000 bytes=500196 pkts=500196 shard=0
step=0968000 (run 8000/8000) loss=0.03739 byte_ppl=1.038 atoms=71 merges=0 field=29.5395 rms=0.9231 scale=1.0000 fcos=nan ign=0.0000 prn=nan nxp=0.000 mph=0.000 bytes=500196 pkts=500196 shard=0
{
  "stream": true,
  "data_path": null,
  "data_glob": "data/corpus_fr_medium*.txt",
  "shard_paths": [
    "/workspace/exports/atom-ai/data/corpus_fr_medium.txt",
    "/workspace/exports/atom-ai/data/corpus_fr_medium_s21.txt"
  ],
  "data_bytes": 1000453,
  "data_characters": null,
  "atomizer_version": "atomizer-v1-byte-span",
  "feature_dim": 320,
  "packet_count": null,
  "train_packet_count": null,
  "validation_packet_count": 2048,
  "mean_packet_bytes": null,
  "max_packet_bytes": null,
  "min_packet_bytes": null,
  "bytes_seen": 500196,
  "config": {
    "d_model": 32,
    "n_modes": 32,
    "n_atoms_max": 64,
    "max_span_bytes": 1,
    "episode_length": 8000,
    "episode_reset": true,
    "atom_flush_every": 64,
    "learning_rate": 5e-05,
    "surface_learning_rate": 0.00012,
    "steps": 8000,
    "start_step": 960000,
    "seed": 20260913,
    "surface_alphabet": 256,
    "field_max_rms": 3.0,
    "energy_decay_bounds": [
      0.3,
      0.95
    ],
    "stream": true,
    "chunk_bytes": 65536,
    "loop_shards": true,
    "stream_buffer": 2048,
    "stream_prefetch": true,
    "stream_skip_packets": 464000,
    "last_atom_readout": true,
    "efference_every": 10,
    "enable_merge": false,
    "payload_copy": false,
    "merge_coherence_threshold": 0.45,
    "merge_energy_floor": 0.08,
    "field_loss_weight": 0.05,
    "field_contrast_weight": 0.0,
    "field_ignorance_weight": 0.08,
    "field_ignorance_ablate_shared": false,
    "field_ignorance_prompt_bank": false,
    "field_obligatory_readout": true,
    "field_obligatory_hard": true,
    "printable_aux_weight": 0.0,
    "field_next_packet_weight": 0.0,
    "slow_every": 1
  },
  "packets_seen": 500196,
  "stream_epoch": 0,
  "train": {
    "steps": 8000,
    "efference_every": 10,
    "efference_steps": 800,
    "start_step": 960000,
    "total_steps": 968000,
    "episode_length": 8000,
    "episode_reset": true,
    "atom_flush_every": 64,
    "elapsed_seconds": 166.74651112197898,
    "transitions_per_second": 47.97701580783188,
    "first_loss": 7.092700980138034e-05,
    "final_loss": 0.0373917780816555,
    "final_total_perplexity": 1.0380996458673941,
    "finite_losses": true,
    "finite_parameters": true,
    "nan_or_inf": false,
    "field_rms_before_max": 0.9246029257774353,
    "field_rms_after_max": 0.9246029257774353,
    "field_scale_min": 1.0,
    "field_norm_max": 29.5872745513916,
    "field_limited_steps": 0,
    "field_limited_fraction": 0.0,
    "final_dynamics": {
      "coupling_scale": 1.2489244937896729,
      "energy_decay": 0.30126455426216125,
      "phase_sync": 0.16587918996810913,
      "energy_decay_before": 0.30126455426216125,
      "energy_decay_repaired": false,
      "energy_decay_bounds": [
        0.3,
        0.95
      ]
    },
    "final_atoms_before_validation": 58,
    "stream": true,
    "bytes_seen": 500196
  },
  "validation": {
    "transitions": 256,
    "loss": 1.4034590941912057,
    "total_perplexity": 4.06925157440019,
    "byte_loss": 1.4034590941912057,
    "byte_perplexity": 4.06925157440019,
    "source": "stream_ring"
  },
  "checkpoint": "checkpoints/byte_tick/atom_native_step_968000_d32_ms1M.pt",
  "reload": {
    "n_atoms": 0,
    "field_norm": 29.539548873901367,
    "time": 88.0003890991211,
    "finite": true
  },
  "generation": {
    "The future of AI is": {
      "temperature": 0.8,
      "top_k": 5,
      "max_length": 20,
      "bytes_hex": "506575742dc3aa74",
      "text": "Peut-\u00eat",
      "reload_text": "Peut-\u00eat",
      "reload_match": true
    },
    "Bonjour, je m'appelle": {
      "temperature": 0.8,
      "top_k": 5,
      "max_length": 20,
      "bytes_hex": "5065757527272727",
      "text": "Peuu''''",
      "reload_text": "Peuu''''",
      "reload_match": true
    },
    "Valkyria Chronicles III is": {
      "temperature": 0.8,
      "top_k": 5,
      "max_length": 20,
      "bytes_hex": "5065757272612e2e",
      "text": "Peurra..",
      "reload_text": "Peurra..",
      "reload_match": true
    }
  }
}
