train lock skipped (--allow-parallel-train)
stream skip: advancing 488000 packet transitions...
stream skip done: packets_seen=500196
resumed weights from checkpoints/byte_tick/atom_native_step_984000_d32_ms1M.pt (recorded step=984000, legacy_surface_migrated=False, span_head_migrated=False)
atomizer pack_mode=linguistic max_span_bytes=1
dynamics on load: energy_decay=0.3011183738708496 -> 0.3011183738708496 (repaired=False, bounds=(0.3, 0.95))
MERGE gates: enable=False coherence_thr=0.450 energy_floor=0.080
field_obligatory_hard=ON hard-v2+ (mix_floor=1.0, freeze bypass, logits=frozen+cap*(α_MLP+payload_prod))
payload_copy=False (train-time copy-bias branch)
last_atom_readout=True (byte-tick 2-gram + dentate)
efference_every=10 (0=off)
optimizer groups: field/other lr=5e-05 (13 tensors), surface lr=0.00012 (25 tensors); energy_decay_bounds=(0.3, 0.95); field_max_rms=3.0
stream mode: 2 shard(s), chunk_bytes=65536, loop_shards=True, stream_buffer=2048, stream_prefetch=True
optimizer restore skipped: surface LR param groups differ from checkpoint
step=0984001 (run 1/8000) loss=0.00013 byte_ppl=1.000 atoms=1 merges=0 field=0.0521 rms=0.0019 scale=1.0000 fcos=nan ign=0.0000 prn=nan nxp=0.000 mph=0.000 bytes=500196 pkts=500196 shard=0
step=0984025 (run 25/8000) loss=6.99167 byte_ppl=1087.534 atoms=27 merges=0 field=0.8329 rms=0.0260 scale=1.0000 fcos=nan ign=0.0000 prn=nan nxp=0.000 mph=0.000 bytes=500196 pkts=500196 shard=0
step=0984050 (run 50/8000) loss=12.04541 byte_ppl=170315.076 atoms=55 merges=0 field=1.4586 rms=0.0456 scale=1.0000 fcos=nan ign=0.0000 prn=nan nxp=0.000 mph=0.000 bytes=500196 pkts=500196 shard=0
step=0984075 (run 75/8000) loss=0.00196 byte_ppl=1.002 atoms=12 merges=0 field=1.9335 rms=0.0604 scale=1.0000 fcos=nan ign=0.0000 prn=nan nxp=0.000 mph=0.000 bytes=500196 pkts=500196 shard=0
step=0984100 (run 100/8000) loss=8.96521 byte_ppl=7826.010 atoms=40 merges=0 field=2.4454 rms=0.0764 scale=1.0000 fcos=nan ign=0.0000 prn=nan nxp=0.000 mph=0.000 bytes=500196 pkts=500196 shard=0
step=0984125 (run 125/8000) loss=0.08317 byte_ppl=1.087 atoms=67 merges=0 field=2.8781 rms=0.0899 scale=1.0000 fcos=nan ign=0.0000 prn=nan nxp=0.000 mph=0.000 bytes=500196 pkts=500196 shard=0
step=0984150 (run 150/8000) loss=0.00077 byte_ppl=1.001 atoms=25 merges=0 field=3.2782 rms=0.1024 scale=1.0000 fcos=nan ign=0.0000 prn=nan nxp=0.000 mph=0.000 bytes=500196 pkts=500196 shard=0
step=0984175 (run 175/8000) loss=7.33050 byte_ppl=1526.152 atoms=52 merges=0 field=3.5645 rms=0.1114 scale=1.0000 fcos=nan ign=0.0000 prn=nan nxp=0.000 mph=0.000 bytes=500196 pkts=500196 shard=0
step=0984200 (run 200/8000) loss=0.21354 byte_ppl=1.238 atoms=9 merges=0 field=4.0287 rms=0.1259 scale=1.0000 fcos=nan ign=0.0000 prn=nan nxp=0.000 mph=0.000 bytes=500196 pkts=500196 shard=0
step=0984225 (run 225/8000) loss=0.02356 byte_ppl=1.024 atoms=36 merges=0 field=4.4172 rms=0.1380 scale=1.0000 fcos=nan ign=0.0000 prn=nan nxp=0.000 mph=0.000 bytes=500196 pkts=500196 shard=0
step=0984250 (run 250/8000) loss=2.51447 byte_ppl=12.360 atoms=64 merges=0 field=4.7325 rms=0.1479 scale=1.0000 fcos=nan ign=0.0000 prn=nan nxp=0.000 mph=0.000 bytes=500196 pkts=500196 shard=0
step=0984275 (run 275/8000) loss=4.63659 byte_ppl=103.191 atoms=21 merges=0 field=4.9588 rms=0.1550 scale=1.0000 fcos=nan ign=0.0000 prn=nan nxp=0.000 mph=0.000 bytes=500196 pkts=500196 shard=0
step=0984300 (run 300/8000) loss=8.76348 byte_ppl=6396.327 atoms=49 merges=0 field=5.3674 rms=0.1677 scale=1.0000 fcos=nan ign=0.0000 prn=nan nxp=0.000 mph=0.000 bytes=500196 pkts=500196 shard=0
step=0984325 (run 325/8000) loss=0.00005 byte_ppl=1.000 atoms=5 merges=0 field=5.7085 rms=0.1784 scale=1.0000 fcos=nan ign=0.0000 prn=nan nxp=0.000 mph=0.000 bytes=500196 pkts=500196 shard=0
step=0984350 (run 350/8000) loss=19.47017 byte_ppl=285619474.672 atoms=33 merges=0 field=6.0527 rms=0.1891 scale=1.0000 fcos=nan ign=0.0000 prn=nan nxp=0.000 mph=0.000 bytes=500196 pkts=500196 shard=0
step=0984375 (run 375/8000) loss=0.38622 byte_ppl=1.471 atoms=60 merges=0 field=6.3790 rms=0.1993 scale=1.0000 fcos=nan ign=0.0000 prn=nan nxp=0.000 mph=0.000 bytes=500196 pkts=500196 shard=0
step=0984400 (run 400/8000) loss=5.33342 byte_ppl=207.146 atoms=18 merges=0 field=6.6588 rms=0.2081 scale=1.0000 fcos=nan ign=0.0000 prn=nan nxp=0.000 mph=0.000 bytes=500196 pkts=500196 shard=0
step=0984425 (run 425/8000) loss=0.51188 byte_ppl=1.668 atoms=45 merges=0 field=7.0329 rms=0.2198 scale=1.0000 fcos=nan ign=0.0000 prn=nan nxp=0.000 mph=0.000 bytes=500196 pkts=500196 shard=0
step=0984450 (run 450/8000) loss=4.64458 byte_ppl=104.020 atoms=3 merges=0 field=7.3514 rms=0.2297 scale=1.0000 fcos=nan ign=0.0000 prn=nan nxp=0.000 mph=0.000 bytes=500196 pkts=500196 shard=0
step=0984475 (run 475/8000) loss=0.00060 byte_ppl=1.001 atoms=30 merges=0 field=7.6229 rms=0.2382 scale=1.0000 fcos=nan ign=0.0000 prn=nan nxp=0.000 mph=0.000 bytes=500196 pkts=500196 shard=0
step=0984500 (run 500/8000) loss=0.81150 byte_ppl=2.251 atoms=58 merges=0 field=7.9660 rms=0.2489 scale=1.0000 fcos=nan ign=0.0000 prn=nan nxp=0.000 mph=0.000 bytes=500196 pkts=500196 shard=0
step=0984525 (run 525/8000) loss=0.00102 byte_ppl=1.001 atoms=14 merges=0 field=8.2754 rms=0.2586 scale=1.0000 fcos=nan ign=0.0000 prn=nan nxp=0.000 mph=0.000 bytes=500196 pkts=500196 shard=0
step=0984550 (run 550/8000) loss=0.13099 byte_ppl=1.140 atoms=42 merges=0 field=8.5463 rms=0.2671 scale=1.0000 fcos=nan ign=0.0000 prn=nan nxp=0.000 mph=0.000 bytes=500196 pkts=500196 shard=0
step=0984575 (run 575/8000) loss=0.00159 byte_ppl=1.002 atoms=69 merges=0 field=8.8796 rms=0.2775 scale=1.0000 fcos=nan ign=0.0000 prn=nan nxp=0.000 mph=0.000 bytes=500196 pkts=500196 shard=0
step=0984600 (run 600/8000) loss=1.17554 byte_ppl=3.240 atoms=27 merges=0 field=9.1614 rms=0.2863 scale=1.0000 fcos=nan ign=0.0000 prn=nan nxp=0.000 mph=0.000 bytes=500196 pkts=500196 shard=0
step=0984625 (run 625/8000) loss=0.20724 byte_ppl=1.230 atoms=54 merges=0 field=9.5044 rms=0.2970 scale=1.0000 fcos=nan ign=0.0000 prn=nan nxp=0.000 mph=0.000 bytes=500196 pkts=500196 shard=0
step=0984650 (run 650/8000) loss=5.83429 byte_ppl=341.821 atoms=11 merges=0 field=9.7009 rms=0.3032 scale=1.0000 fcos=nan ign=0.0000 prn=nan nxp=0.000 mph=0.000 bytes=500196 pkts=500196 shard=0
step=0984675 (run 675/8000) loss=1.85781 byte_ppl=6.410 atoms=38 merges=0 field=9.9821 rms=0.3119 scale=1.0000 fcos=nan ign=0.0000 prn=nan nxp=0.000 mph=0.000 bytes=500196 pkts=500196 shard=0
step=0984700 (run 700/8000) loss=0.01182 byte_ppl=1.012 atoms=66 merges=0 field=10.2892 rms=0.3215 scale=1.0000 fcos=nan ign=0.0000 prn=nan nxp=0.000 mph=0.000 bytes=500196 pkts=500196 shard=0
step=0984725 (run 725/8000) loss=0.00035 byte_ppl=1.000 atoms=23 merges=0 field=10.4801 rms=0.3275 scale=1.0000 fcos=nan ign=0.0000 prn=nan nxp=0.000 mph=0.000 bytes=500196 pkts=500196 shard=0
step=0984750 (run 750/8000) loss=3.28118 byte_ppl=26.607 atoms=51 merges=0 field=10.8500 rms=0.3391 scale=1.0000 fcos=nan ign=0.0000 prn=nan nxp=0.000 mph=0.000 bytes=500196 pkts=500196 shard=0
step=0984775 (run 775/8000) loss=0.01506 byte_ppl=1.015 atoms=8 merges=0 field=11.1366 rms=0.3480 scale=1.0000 fcos=nan ign=0.0000 prn=nan nxp=0.000 mph=0.000 bytes=500196 pkts=500196 shard=0
step=0984800 (run 800/8000) loss=0.00038 byte_ppl=1.000 atoms=36 merges=0 field=11.3031 rms=0.3532 scale=1.0000 fcos=nan ign=0.0000 prn=nan nxp=0.000 mph=0.000 bytes=500196 pkts=500196 shard=0
step=0984825 (run 825/8000) loss=0.01003 byte_ppl=1.010 atoms=63 merges=0 field=11.6582 rms=0.3643 scale=1.0000 fcos=nan ign=0.0000 prn=nan nxp=0.000 mph=0.000 bytes=500196 pkts=500196 shard=0
step=0984850 (run 850/8000) loss=3.91364 byte_ppl=50.081 atoms=20 merges=0 field=11.9479 rms=0.3734 scale=1.0000 fcos=nan ign=0.0000 prn=nan nxp=0.000 mph=0.000 bytes=500196 pkts=500196 shard=0
step=0984875 (run 875/8000) loss=1.06146 byte_ppl=2.891 atoms=47 merges=0 field=12.1553 rms=0.3799 scale=1.0000 fcos=nan ign=0.0000 prn=nan nxp=0.000 mph=0.000 bytes=500196 pkts=500196 shard=0
step=0984900 (run 900/8000) loss=0.00033 byte_ppl=1.000 atoms=5 merges=0 field=12.5245 rms=0.3914 scale=1.0000 fcos=nan ign=0.0000 prn=nan nxp=0.000 mph=0.000 bytes=500196 pkts=500196 shard=0
step=0984925 (run 925/8000) loss=0.01585 byte_ppl=1.016 atoms=32 merges=0 field=12.7937 rms=0.3998 scale=1.0000 fcos=nan ign=0.0000 prn=nan nxp=0.000 mph=0.000 bytes=500196 pkts=500196 shard=0
step=0984950 (run 950/8000) loss=1.67378 byte_ppl=5.332 atoms=60 merges=0 field=12.9107 rms=0.4035 scale=1.0000 fcos=nan ign=0.0000 prn=nan nxp=0.000 mph=0.000 bytes=500196 pkts=500196 shard=0
step=0984975 (run 975/8000) loss=0.00103 byte_ppl=1.001 atoms=16 merges=0 field=13.1358 rms=0.4105 scale=1.0000 fcos=nan ign=0.0000 prn=nan nxp=0.000 mph=0.000 bytes=500196 pkts=500196 shard=0
step=0985000 (run 1000/8000) loss=1.26173 byte_ppl=3.532 atoms=44 merges=0 field=13.4181 rms=0.4193 scale=1.0000 fcos=nan ign=0.0000 prn=nan nxp=0.000 mph=0.000 bytes=500196 pkts=500196 shard=0
step=0985025 (run 1025/8000) loss=5.34207 byte_ppl=208.946 atoms=1 merges=0 field=13.7104 rms=0.4285 scale=1.0000 fcos=nan ign=0.0000 prn=nan nxp=0.000 mph=0.000 bytes=500196 pkts=500196 shard=0
step=0985050 (run 1050/8000) loss=1.05038 byte_ppl=2.859 atoms=29 merges=0 field=13.9242 rms=0.4351 scale=1.0000 fcos=nan ign=0.0000 prn=nan nxp=0.000 mph=0.000 bytes=500196 pkts=500196 shard=0
step=0985075 (run 1075/8000) loss=0.14507 byte_ppl=1.156 atoms=56 merges=0 field=14.2186 rms=0.4443 scale=1.0000 fcos=nan ign=0.0000 prn=nan nxp=0.000 mph=0.000 bytes=500196 pkts=500196 shard=0
step=0985100 (run 1100/8000) loss=2.49154 byte_ppl=12.080 atoms=14 merges=0 field=14.3592 rms=0.4487 scale=1.0000 fcos=nan ign=0.0000 prn=nan nxp=0.000 mph=0.000 bytes=500196 pkts=500196 shard=0
step=0985125 (run 1125/8000) loss=0.00454 byte_ppl=1.005 atoms=41 merges=0 field=14.6686 rms=0.4584 scale=1.0000 fcos=nan ign=0.0000 prn=nan nxp=0.000 mph=0.000 bytes=500196 pkts=500196 shard=0
step=0985150 (run 1150/8000) loss=4.43551 byte_ppl=84.396 atoms=69 merges=0 field=14.9014 rms=0.4657 scale=1.0000 fcos=nan ign=0.0000 prn=nan nxp=0.000 mph=0.000 bytes=500196 pkts=500196 shard=0
step=0985175 (run 1175/8000) loss=0.00489 byte_ppl=1.005 atoms=25 merges=0 field=14.9713 rms=0.4679 scale=1.0000 fcos=nan ign=0.0000 prn=nan nxp=0.000 mph=0.000 bytes=500196 pkts=500196 shard=0
step=0985200 (run 1200/8000) loss=0.02101 byte_ppl=1.021 atoms=53 merges=0 field=15.2333 rms=0.4760 scale=1.0000 fcos=nan ign=0.0000 prn=nan nxp=0.000 mph=0.000 bytes=500196 pkts=500196 shard=0
step=0985225 (run 1225/8000) loss=0.26160 byte_ppl=1.299 atoms=10 merges=0 field=15.5100 rms=0.4847 scale=1.0000 fcos=nan ign=0.0000 prn=nan nxp=0.000 mph=0.000 bytes=500196 pkts=500196 shard=0
step=0985250 (run 1250/8000) loss=12.27322 byte_ppl=213889.808 atoms=38 merges=0 field=15.6566 rms=0.4893 scale=1.0000 fcos=nan ign=0.0000 prn=nan nxp=0.000 mph=0.000 bytes=500196 pkts=500196 shard=0
step=0985275 (run 1275/8000) loss=0.00121 byte_ppl=1.001 atoms=65 merges=0 field=15.8713 rms=0.4960 scale=1.0000 fcos=nan ign=0.0000 prn=nan nxp=0.000 mph=0.000 bytes=500196 pkts=500196 shard=0
step=0985300 (run 1300/8000) loss=1.20658 byte_ppl=3.342 atoms=22 merges=0 field=16.0852 rms=0.5027 scale=1.0000 fcos=nan ign=0.0000 prn=nan nxp=0.000 mph=0.000 bytes=500196 pkts=500196 shard=0
step=0985325 (run 1325/8000) loss=2.55943 byte_ppl=12.928 atoms=49 merges=0 field=16.2822 rms=0.5088 scale=1.0000 fcos=nan ign=0.0000 prn=nan nxp=0.000 mph=0.000 bytes=500196 pkts=500196 shard=0
step=0985350 (run 1350/8000) loss=6.09370 byte_ppl=443.059 atoms=7 merges=0 field=16.4663 rms=0.5146 scale=1.0000 fcos=nan ign=0.0000 prn=nan nxp=0.000 mph=0.000 bytes=500196 pkts=500196 shard=0
step=0985375 (run 1375/8000) loss=0.00041 byte_ppl=1.000 atoms=34 merges=0 field=16.6914 rms=0.5216 scale=1.0000 fcos=nan ign=0.0000 prn=nan nxp=0.000 mph=0.000 bytes=500196 pkts=500196 shard=0
step=0985400 (run 1400/8000) loss=0.01109 byte_ppl=1.011 atoms=62 merges=0 field=16.8627 rms=0.5270 scale=1.0000 fcos=nan ign=0.0000 prn=nan nxp=0.000 mph=0.000 bytes=500196 pkts=500196 shard=0
step=0985425 (run 1425/8000) loss=5.08153 byte_ppl=161.020 atoms=19 merges=0 field=17.1086 rms=0.5346 scale=1.0000 fcos=nan ign=0.0000 prn=nan nxp=0.000 mph=0.000 bytes=500196 pkts=500196 shard=0
step=0985450 (run 1450/8000) loss=0.05415 byte_ppl=1.056 atoms=47 merges=0 field=17.2524 rms=0.5391 scale=1.0000 fcos=nan ign=0.0000 prn=nan nxp=0.000 mph=0.000 bytes=500196 pkts=500196 shard=0
step=0985475 (run 1475/8000) loss=0.00087 byte_ppl=1.001 atoms=3 merges=0 field=17.4318 rms=0.5447 scale=1.0000 fcos=nan ign=0.0000 prn=nan nxp=0.000 mph=0.000 bytes=500196 pkts=500196 shard=0
step=0985500 (run 1500/8000) loss=3.92641 byte_ppl=50.725 atoms=31 merges=0 field=17.6140 rms=0.5504 scale=1.0000 fcos=nan ign=0.0000 prn=nan nxp=0.000 mph=0.000 bytes=500196 pkts=500196 shard=0
step=0985525 (run 1525/8000) loss=0.00006 byte_ppl=1.000 atoms=58 merges=0 field=17.8412 rms=0.5575 scale=1.0000 fcos=nan ign=0.0000 prn=nan nxp=0.000 mph=0.000 bytes=500196 pkts=500196 shard=0
step=0985550 (run 1550/8000) loss=0.00248 byte_ppl=1.002 atoms=16 merges=0 field=18.0230 rms=0.5632 scale=1.0000 fcos=nan ign=0.0000 prn=nan nxp=0.000 mph=0.000 bytes=500196 pkts=500196 shard=0
step=0985575 (run 1575/8000) loss=0.00702 byte_ppl=1.007 atoms=43 merges=0 field=18.2216 rms=0.5694 scale=1.0000 fcos=nan ign=0.0000 prn=nan nxp=0.000 mph=0.000 bytes=500196 pkts=500196 shard=0
step=0985600 (run 1600/8000) loss=3.68320 byte_ppl=39.773 atoms=71 merges=0 field=18.2766 rms=0.5711 scale=1.0000 fcos=nan ign=0.0000 prn=nan nxp=0.000 mph=0.000 bytes=500196 pkts=500196 shard=0
step=0985625 (run 1625/8000) loss=3.63933 byte_ppl=38.066 atoms=27 merges=0 field=18.4551 rms=0.5767 scale=1.0000 fcos=nan ign=0.0000 prn=nan nxp=0.000 mph=0.000 bytes=500196 pkts=500196 shard=0
step=0985650 (run 1650/8000) loss=10.48402 byte_ppl=35739.938 atoms=55 merges=0 field=18.6116 rms=0.5816 scale=1.0000 fcos=nan ign=0.0000 prn=nan nxp=0.000 mph=0.000 bytes=500196 pkts=500196 shard=0
step=0985675 (run 1675/8000) loss=0.01772 byte_ppl=1.018 atoms=12 merges=0 field=18.8479 rms=0.5890 scale=1.0000 fcos=nan ign=0.0000 prn=nan nxp=0.000 mph=0.000 bytes=500196 pkts=500196 shard=0
step=0985700 (run 1700/8000) loss=0.10112 byte_ppl=1.106 atoms=40 merges=0 field=18.9876 rms=0.5934 scale=1.0000 fcos=nan ign=0.0000 prn=nan nxp=0.000 mph=0.000 bytes=500196 pkts=500196 shard=0
step=0985725 (run 1725/8000) loss=0.00061 byte_ppl=1.001 atoms=67 merges=0 field=19.2032 rms=0.6001 scale=1.0000 fcos=nan ign=0.0000 prn=nan nxp=0.000 mph=0.000 bytes=500196 pkts=500196 shard=0
step=0985750 (run 1750/8000) loss=9.85279 byte_ppl=19011.230 atoms=25 merges=0 field=19.3756 rms=0.6055 scale=1.0000 fcos=nan ign=0.0000 prn=nan nxp=0.000 mph=0.000 bytes=500196 pkts=500196 shard=0
step=0985775 (run 1775/8000) loss=0.00002 byte_ppl=1.000 atoms=52 merges=0 field=19.5306 rms=0.6103 scale=1.0000 fcos=nan ign=0.0000 prn=nan nxp=0.000 mph=0.000 bytes=500196 pkts=500196 shard=0
step=0985800 (run 1800/8000) loss=0.05081 byte_ppl=1.052 atoms=9 merges=0 field=19.6095 rms=0.6128 scale=1.0000 fcos=nan ign=0.0000 prn=nan nxp=0.000 mph=0.000 bytes=500196 pkts=500196 shard=0
step=0985825 (run 1825/8000) loss=5.95211 byte_ppl=384.566 atoms=36 merges=0 field=19.8045 rms=0.6189 scale=1.0000 fcos=nan ign=0.0000 prn=nan nxp=0.000 mph=0.000 bytes=500196 pkts=500196 shard=0
step=0985850 (run 1850/8000) loss=6.86358 byte_ppl=956.790 atoms=64 merges=0 field=20.0629 rms=0.6270 scale=1.0000 fcos=nan ign=0.0000 prn=nan nxp=0.000 mph=0.000 bytes=500196 pkts=500196 shard=0
step=0985875 (run 1875/8000) loss=0.01241 byte_ppl=1.012 atoms=21 merges=0 field=20.1949 rms=0.6311 scale=1.0000 fcos=nan ign=0.0000 prn=nan nxp=0.000 mph=0.000 bytes=500196 pkts=500196 shard=0
step=0985900 (run 1900/8000) loss=6.74289 byte_ppl=848.011 atoms=49 merges=0 field=20.3993 rms=0.6375 scale=1.0000 fcos=nan ign=0.0000 prn=nan nxp=0.000 mph=0.000 bytes=500196 pkts=500196 shard=0
step=0985925 (run 1925/8000) loss=1.98024 byte_ppl=7.244 atoms=5 merges=0 field=20.5684 rms=0.6428 scale=1.0000 fcos=nan ign=0.0000 prn=nan nxp=0.000 mph=0.000 bytes=500196 pkts=500196 shard=0
step=0985950 (run 1950/8000) loss=0.01879 byte_ppl=1.019 atoms=33 merges=0 field=20.6514 rms=0.6454 scale=1.0000 fcos=nan ign=0.0000 prn=nan nxp=0.000 mph=0.000 bytes=500196 pkts=500196 shard=0
step=0985975 (run 1975/8000) loss=0.00245 byte_ppl=1.002 atoms=60 merges=0 field=20.8425 rms=0.6513 scale=1.0000 fcos=nan ign=0.0000 prn=nan nxp=0.000 mph=0.000 bytes=500196 pkts=500196 shard=0
step=0986000 (run 2000/8000) loss=0.07257 byte_ppl=1.075 atoms=18 merges=0 field=20.9964 rms=0.6561 scale=1.0000 fcos=nan ign=0.0000 prn=nan nxp=0.000 mph=0.000 bytes=500196 pkts=500196 shard=0
step=0986025 (run 2025/8000) loss=0.00196 byte_ppl=1.002 atoms=45 merges=0 field=21.1274 rms=0.6602 scale=1.0000 fcos=nan ign=0.0000 prn=nan nxp=0.000 mph=0.000 bytes=500196 pkts=500196 shard=0
step=0986050 (run 2050/8000) loss=1.51472 byte_ppl=4.548 atoms=3 merges=0 field=21.3334 rms=0.6667 scale=1.0000 fcos=nan ign=0.0000 prn=nan nxp=0.000 mph=0.000 bytes=500196 pkts=500196 shard=0
step=0986075 (run 2075/8000) loss=0.00191 byte_ppl=1.002 atoms=30 merges=0 field=21.4527 rms=0.6704 scale=1.0000 fcos=nan ign=0.0000 prn=nan nxp=0.000 mph=0.000 bytes=500196 pkts=500196 shard=0
step=0986100 (run 2100/8000) loss=15.11216 byte_ppl=3657032.521 atoms=58 merges=0 field=21.5719 rms=0.6741 scale=1.0000 fcos=nan ign=0.0000 prn=nan nxp=0.000 mph=0.000 bytes=500196 pkts=500196 shard=0
step=0986125 (run 2125/8000) loss=0.00031 byte_ppl=1.000 atoms=14 merges=0 field=21.7838 rms=0.6807 scale=1.0000 fcos=nan ign=0.0000 prn=nan nxp=0.000 mph=0.000 bytes=500196 pkts=500196 shard=0
step=0986150 (run 2150/8000) loss=4.78683 byte_ppl=119.921 atoms=42 merges=0 field=21.9283 rms=0.6853 scale=1.0000 fcos=nan ign=0.0000 prn=nan nxp=0.000 mph=0.000 bytes=500196 pkts=500196 shard=0
step=0986175 (run 2175/8000) loss=8.34640 byte_ppl=4214.964 atoms=69 merges=0 field=21.9935 rms=0.6873 scale=1.0000 fcos=nan ign=0.0000 prn=nan nxp=0.000 mph=0.000 bytes=500196 pkts=500196 shard=0
step=0986200 (run 2200/8000) loss=0.00016 byte_ppl=1.000 atoms=27 merges=0 field=22.0913 rms=0.6904 scale=1.0000 fcos=nan ign=0.0000 prn=nan nxp=0.000 mph=0.000 bytes=500196 pkts=500196 shard=0
step=0986225 (run 2225/8000) loss=0.02981 byte_ppl=1.030 atoms=54 merges=0 field=22.1974 rms=0.6937 scale=1.0000 fcos=nan ign=0.0000 prn=nan nxp=0.000 mph=0.000 bytes=500196 pkts=500196 shard=0
step=0986250 (run 2250/8000) loss=6.12756 byte_ppl=458.315 atoms=11 merges=0 field=22.2598 rms=0.6956 scale=1.0000 fcos=nan ign=0.0000 prn=nan nxp=0.000 mph=0.000 bytes=500196 pkts=500196 shard=0
step=0986275 (run 2275/8000) loss=0.00381 byte_ppl=1.004 atoms=38 merges=0 field=22.4637 rms=0.7020 scale=1.0000 fcos=nan ign=0.0000 prn=nan nxp=0.000 mph=0.000 bytes=500196 pkts=500196 shard=0
step=0986300 (run 2300/8000) loss=4.50543 byte_ppl=90.507 atoms=66 merges=0 field=22.5322 rms=0.7041 scale=1.0000 fcos=nan ign=0.0000 prn=nan nxp=0.000 mph=0.000 bytes=500196 pkts=500196 shard=0
step=0986325 (run 2325/8000) loss=0.29271 byte_ppl=1.340 atoms=23 merges=0 field=22.6572 rms=0.7080 scale=1.0000 fcos=nan ign=0.0000 prn=nan nxp=0.000 mph=0.000 bytes=500196 pkts=500196 shard=0
step=0986350 (run 2350/8000) loss=5.49319 byte_ppl=243.030 atoms=51 merges=0 field=22.7721 rms=0.7116 scale=1.0000 fcos=nan ign=0.0000 prn=nan nxp=0.000 mph=0.000 bytes=500196 pkts=500196 shard=0
step=0986375 (run 2375/8000) loss=0.00048 byte_ppl=1.000 atoms=8 merges=0 field=23.0019 rms=0.7188 scale=1.0000 fcos=nan ign=0.0000 prn=nan nxp=0.000 mph=0.000 bytes=500196 pkts=500196 shard=0
step=0986400 (run 2400/8000) loss=1.00602 byte_ppl=2.735 atoms=36 merges=0 field=23.1331 rms=0.7229 scale=1.0000 fcos=nan ign=0.0000 prn=nan nxp=0.000 mph=0.000 bytes=500196 pkts=500196 shard=0
step=0986425 (run 2425/8000) loss=0.01125 byte_ppl=1.011 atoms=63 merges=0 field=23.2142 rms=0.7254 scale=1.0000 fcos=nan ign=0.0000 prn=nan nxp=0.000 mph=0.000 bytes=500196 pkts=500196 shard=0
step=0986450 (run 2450/8000) loss=0.01901 byte_ppl=1.019 atoms=20 merges=0 field=23.3741 rms=0.7304 scale=1.0000 fcos=nan ign=0.0000 prn=nan nxp=0.000 mph=0.000 bytes=500196 pkts=500196 shard=0
step=0986475 (run 2475/8000) loss=0.73207 byte_ppl=2.079 atoms=47 merges=0 field=23.5041 rms=0.7345 scale=1.0000 fcos=nan ign=0.0000 prn=nan nxp=0.000 mph=0.000 bytes=500196 pkts=500196 shard=0
step=0986500 (run 2500/8000) loss=0.00766 byte_ppl=1.008 atoms=5 merges=0 field=23.6092 rms=0.7378 scale=1.0000 fcos=nan ign=0.0000 prn=nan nxp=0.000 mph=0.000 bytes=500196 pkts=500196 shard=0
step=0986525 (run 2525/8000) loss=2.22215 byte_ppl=9.227 atoms=32 merges=0 field=23.6760 rms=0.7399 scale=1.0000 fcos=nan ign=0.0000 prn=nan nxp=0.000 mph=0.000 bytes=500196 pkts=500196 shard=0
step=0986550 (run 2550/8000) loss=2.00663 byte_ppl=7.438 atoms=60 merges=0 field=23.8847 rms=0.7464 scale=1.0000 fcos=nan ign=0.0000 prn=nan nxp=0.000 mph=0.000 bytes=500196 pkts=500196 shard=0
step=0986575 (run 2575/8000) loss=0.00498 byte_ppl=1.005 atoms=16 merges=0 field=24.0349 rms=0.7511 scale=1.0000 fcos=nan ign=0.0000 prn=nan nxp=0.000 mph=0.000 bytes=500196 pkts=500196 shard=0
step=0986600 (run 2600/8000) loss=0.01503 byte_ppl=1.015 atoms=44 merges=0 field=24.1453 rms=0.7545 scale=1.0000 fcos=nan ign=0.0000 prn=nan nxp=0.000 mph=0.000 bytes=500196 pkts=500196 shard=0
step=0986625 (run 2625/8000) loss=0.24380 byte_ppl=1.276 atoms=1 merges=0 field=24.2836 rms=0.7589 scale=1.0000 fcos=nan ign=0.0000 prn=nan nxp=0.000 mph=0.000 bytes=500196 pkts=500196 shard=0
step=0986650 (run 2650/8000) loss=13.89315 byte_ppl=1080736.370 atoms=29 merges=0 field=24.4036 rms=0.7626 scale=1.0000 fcos=nan ign=0.0000 prn=nan nxp=0.000 mph=0.000 bytes=500196 pkts=500196 shard=0
step=0986675 (run 2675/8000) loss=0.00077 byte_ppl=1.001 atoms=56 merges=0 field=24.4638 rms=0.7645 scale=1.0000 fcos=nan ign=0.0000 prn=nan nxp=0.000 mph=0.000 bytes=500196 pkts=500196 shard=0
step=0986700 (run 2700/8000) loss=7.44944 byte_ppl=1718.903 atoms=14 merges=0 field=24.5934 rms=0.7685 scale=1.0000 fcos=nan ign=0.0000 prn=nan nxp=0.000 mph=0.000 bytes=500196 pkts=500196 shard=0
step=0986725 (run 2725/8000) loss=0.00990 byte_ppl=1.010 atoms=41 merges=0 field=24.7372 rms=0.7730 scale=1.0000 fcos=nan ign=0.0000 prn=nan nxp=0.000 mph=0.000 bytes=500196 pkts=500196 shard=0
step=0986750 (run 2750/8000) loss=0.07880 byte_ppl=1.082 atoms=69 merges=0 field=24.8466 rms=0.7765 scale=1.0000 fcos=nan ign=0.0000 prn=nan nxp=0.000 mph=0.000 bytes=500196 pkts=500196 shard=0
step=0986775 (run 2775/8000) loss=2.88158 byte_ppl=17.842 atoms=25 merges=0 field=24.8813 rms=0.7775 scale=1.0000 fcos=nan ign=0.0000 prn=nan nxp=0.000 mph=0.000 bytes=500196 pkts=500196 shard=0
step=0986800 (run 2800/8000) loss=0.03332 byte_ppl=1.034 atoms=53 merges=0 field=25.0335 rms=0.7823 scale=1.0000 fcos=nan ign=0.0000 prn=nan nxp=0.000 mph=0.000 bytes=500196 pkts=500196 shard=0
step=0986825 (run 2825/8000) loss=0.09758 byte_ppl=1.103 atoms=10 merges=0 field=25.1457 rms=0.7858 scale=1.0000 fcos=nan ign=0.0000 prn=nan nxp=0.000 mph=0.000 bytes=500196 pkts=500196 shard=0
step=0986850 (run 2850/8000) loss=7.83968 byte_ppl=2539.395 atoms=38 merges=0 field=25.2048 rms=0.7877 scale=1.0000 fcos=nan ign=0.0000 prn=nan nxp=0.000 mph=0.000 bytes=500196 pkts=500196 shard=0
step=0986875 (run 2875/8000) loss=0.00039 byte_ppl=1.000 atoms=65 merges=0 field=25.3083 rms=0.7909 scale=1.0000 fcos=nan ign=0.0000 prn=nan nxp=0.000 mph=0.000 bytes=500196 pkts=500196 shard=0
step=0986900 (run 2900/8000) loss=0.00577 byte_ppl=1.006 atoms=22 merges=0 field=25.4542 rms=0.7954 scale=1.0000 fcos=nan ign=0.0000 prn=nan nxp=0.000 mph=0.000 bytes=500196 pkts=500196 shard=0
step=0986925 (run 2925/8000) loss=0.00384 byte_ppl=1.004 atoms=49 merges=0 field=25.5183 rms=0.7974 scale=1.0000 fcos=nan ign=0.0000 prn=nan nxp=0.000 mph=0.000 bytes=500196 pkts=500196 shard=0
step=0986950 (run 2950/8000) loss=1.03837 byte_ppl=2.825 atoms=7 merges=0 field=25.6985 rms=0.8031 scale=1.0000 fcos=nan ign=0.0000 prn=nan nxp=0.000 mph=0.000 bytes=500196 pkts=500196 shard=0
step=0986975 (run 2975/8000) loss=0.00073 byte_ppl=1.001 atoms=34 merges=0 field=25.8160 rms=0.8067 scale=1.0000 fcos=nan ign=0.0000 prn=nan nxp=0.000 mph=0.000 bytes=500196 pkts=500196 shard=0
step=0987000 (run 3000/8000) loss=0.02475 byte_ppl=1.025 atoms=62 merges=0 field=25.8793 rms=0.8087 scale=1.0000 fcos=nan ign=0.0000 prn=nan nxp=0.000 mph=0.000 bytes=500196 pkts=500196 shard=0
step=0987025 (run 3025/8000) loss=0.02097 byte_ppl=1.021 atoms=19 merges=0 field=25.9505 rms=0.8110 scale=1.0000 fcos=nan ign=0.0000 prn=nan nxp=0.000 mph=0.000 bytes=500196 pkts=500196 shard=0
step=0987050 (run 3050/8000) loss=4.14117 byte_ppl=62.877 atoms=47 merges=0 field=25.9657 rms=0.8114 scale=1.0000 fcos=nan ign=0.0000 prn=nan nxp=0.000 mph=0.000 bytes=500196 pkts=500196 shard=0
step=0987075 (run 3075/8000) loss=0.00153 byte_ppl=1.002 atoms=3 merges=0 field=26.0804 rms=0.8150 scale=1.0000 fcos=nan ign=0.0000 prn=nan nxp=0.000 mph=0.000 bytes=500196 pkts=500196 shard=0
step=0987100 (run 3100/8000) loss=0.00735 byte_ppl=1.007 atoms=31 merges=0 field=26.0746 rms=0.8148 scale=1.0000 fcos=nan ign=0.0000 prn=nan nxp=0.000 mph=0.000 bytes=500196 pkts=500196 shard=0
step=0987125 (run 3125/8000) loss=5.88942 byte_ppl=361.194 atoms=58 merges=0 field=26.1991 rms=0.8187 scale=1.0000 fcos=nan ign=0.0000 prn=nan nxp=0.000 mph=0.000 bytes=500196 pkts=500196 shard=0
step=0987150 (run 3150/8000) loss=0.00007 byte_ppl=1.000 atoms=16 merges=0 field=26.2040 rms=0.8189 scale=1.0000 fcos=nan ign=0.0000 prn=nan nxp=0.000 mph=0.000 bytes=500196 pkts=500196 shard=0
step=0987175 (run 3175/8000) loss=0.62419 byte_ppl=1.867 atoms=43 merges=0 field=26.3564 rms=0.8236 scale=1.0000 fcos=nan ign=0.0000 prn=nan nxp=0.000 mph=0.000 bytes=500196 pkts=500196 shard=0
step=0987200 (run 3200/8000) loss=6.62876 byte_ppl=756.543 atoms=71 merges=0 field=26.4492 rms=0.8265 scale=1.0000 fcos=nan ign=0.0000 prn=nan nxp=0.000 mph=0.000 bytes=500196 pkts=500196 shard=0
step=0987225 (run 3225/8000) loss=0.09454 byte_ppl=1.099 atoms=27 merges=0 field=26.4770 rms=0.8274 scale=1.0000 fcos=nan ign=0.0000 prn=nan nxp=0.000 mph=0.000 bytes=500196 pkts=500196 shard=0
step=0987250 (run 3250/8000) loss=0.00057 byte_ppl=1.001 atoms=55 merges=0 field=26.5656 rms=0.8302 scale=1.0000 fcos=nan ign=0.0000 prn=nan nxp=0.000 mph=0.000 bytes=500196 pkts=500196 shard=0
step=0987275 (run 3275/8000) loss=0.00016 byte_ppl=1.000 atoms=12 merges=0 field=26.5930 rms=0.8310 scale=1.0000 fcos=nan ign=0.0000 prn=nan nxp=0.000 mph=0.000 bytes=500196 pkts=500196 shard=0
step=0987300 (run 3300/8000) loss=0.14166 byte_ppl=1.152 atoms=40 merges=0 field=26.7780 rms=0.8368 scale=1.0000 fcos=nan ign=0.0000 prn=nan nxp=0.000 mph=0.000 bytes=500196 pkts=500196 shard=0
step=0987325 (run 3325/8000) loss=0.01672 byte_ppl=1.017 atoms=67 merges=0 field=26.8530 rms=0.8392 scale=1.0000 fcos=nan ign=0.0000 prn=nan nxp=0.000 mph=0.000 bytes=500196 pkts=500196 shard=0
step=0987350 (run 3350/8000) loss=0.88137 byte_ppl=2.414 atoms=25 merges=0 field=26.8821 rms=0.8401 scale=1.0000 fcos=nan ign=0.0000 prn=nan nxp=0.000 mph=0.000 bytes=500196 pkts=500196 shard=0
step=0987375 (run 3375/8000) loss=4.03568 byte_ppl=56.581 atoms=52 merges=0 field=26.9834 rms=0.8432 scale=1.0000 fcos=nan ign=0.0000 prn=nan nxp=0.000 mph=0.000 bytes=500196 pkts=500196 shard=0
step=0987400 (run 3400/8000) loss=0.02387 byte_ppl=1.024 atoms=9 merges=0 field=27.0424 rms=0.8451 scale=1.0000 fcos=nan ign=0.0000 prn=nan nxp=0.000 mph=0.000 bytes=500196 pkts=500196 shard=0
step=0987425 (run 3425/8000) loss=0.00097 byte_ppl=1.001 atoms=36 merges=0 field=27.1240 rms=0.8476 scale=1.0000 fcos=nan ign=0.0000 prn=nan nxp=0.000 mph=0.000 bytes=500196 pkts=500196 shard=0
step=0987450 (run 3450/8000) loss=4.49929 byte_ppl=89.954 atoms=64 merges=0 field=27.2072 rms=0.8502 scale=1.0000 fcos=nan ign=0.0000 prn=nan nxp=0.000 mph=0.000 bytes=500196 pkts=500196 shard=0
step=0987475 (run 3475/8000) loss=0.14207 byte_ppl=1.153 atoms=21 merges=0 field=27.3425 rms=0.8545 scale=1.0000 fcos=nan ign=0.0000 prn=nan nxp=0.000 mph=0.000 bytes=500196 pkts=500196 shard=0
step=0987500 (run 3500/8000) loss=0.00003 byte_ppl=1.000 atoms=49 merges=0 field=27.4354 rms=0.8574 scale=1.0000 fcos=nan ign=0.0000 prn=nan nxp=0.000 mph=0.000 bytes=500196 pkts=500196 shard=0
step=0987525 (run 3525/8000) loss=0.02270 byte_ppl=1.023 atoms=5 merges=0 field=27.4355 rms=0.8574 scale=1.0000 fcos=nan ign=0.0000 prn=nan nxp=0.000 mph=0.000 bytes=500196 pkts=500196 shard=0
step=0987550 (run 3550/8000) loss=3.34213 byte_ppl=28.279 atoms=33 merges=0 field=27.5620 rms=0.8613 scale=1.0000 fcos=nan ign=0.0000 prn=nan nxp=0.000 mph=0.000 bytes=500196 pkts=500196 shard=0
step=0987575 (run 3575/8000) loss=0.00220 byte_ppl=1.002 atoms=60 merges=0 field=27.5957 rms=0.8624 scale=1.0000 fcos=nan ign=0.0000 prn=nan nxp=0.000 mph=0.000 bytes=500196 pkts=500196 shard=0
step=0987600 (run 3600/8000) loss=7.93782 byte_ppl=2801.247 atoms=18 merges=0 field=27.6243 rms=0.8633 scale=1.0000 fcos=nan ign=0.0000 prn=nan nxp=0.000 mph=0.000 bytes=500196 pkts=500196 shard=0
step=0987625 (run 3625/8000) loss=0.00010 byte_ppl=1.000 atoms=45 merges=0 field=27.6672 rms=0.8646 scale=1.0000 fcos=nan ign=0.0000 prn=nan nxp=0.000 mph=0.000 bytes=500196 pkts=500196 shard=0
step=0987650 (run 3650/8000) loss=0.89115 byte_ppl=2.438 atoms=3 merges=0 field=27.7144 rms=0.8661 scale=1.0000 fcos=nan ign=0.0000 prn=nan nxp=0.000 mph=0.000 bytes=500196 pkts=500196 shard=0
step=0987675 (run 3675/8000) loss=2.65895 byte_ppl=14.281 atoms=30 merges=0 field=27.7096 rms=0.8659 scale=1.0000 fcos=nan ign=0.0000 prn=nan nxp=0.000 mph=0.000 bytes=500196 pkts=500196 shard=0
step=0987700 (run 3700/8000) loss=0.06439 byte_ppl=1.067 atoms=58 merges=0 field=27.8306 rms=0.8697 scale=1.0000 fcos=nan ign=0.0000 prn=nan nxp=0.000 mph=0.000 bytes=500196 pkts=500196 shard=0
step=0987725 (run 3725/8000) loss=0.06791 byte_ppl=1.070 atoms=14 merges=0 field=27.9117 rms=0.8722 scale=1.0000 fcos=nan ign=0.0000 prn=nan nxp=0.000 mph=0.000 bytes=500196 pkts=500196 shard=0
step=0987750 (run 3750/8000) loss=4.22581 byte_ppl=68.430 atoms=42 merges=0 field=27.9274 rms=0.8727 scale=1.0000 fcos=nan ign=0.0000 prn=nan nxp=0.000 mph=0.000 bytes=500196 pkts=500196 shard=0
step=0987775 (run 3775/8000) loss=0.00670 byte_ppl=1.007 atoms=69 merges=0 field=28.0147 rms=0.8755 scale=1.0000 fcos=nan ign=0.0000 prn=nan nxp=0.000 mph=0.000 bytes=500196 pkts=500196 shard=0
step=0987800 (run 3800/8000) loss=0.09722 byte_ppl=1.102 atoms=27 merges=0 field=28.1404 rms=0.8794 scale=1.0000 fcos=nan ign=0.0000 prn=nan nxp=0.000 mph=0.000 bytes=500196 pkts=500196 shard=0
step=0987825 (run 3825/8000) loss=0.03839 byte_ppl=1.039 atoms=54 merges=0 field=28.1692 rms=0.8803 scale=1.0000 fcos=nan ign=0.0000 prn=nan nxp=0.000 mph=0.000 bytes=500196 pkts=500196 shard=0
step=0987850 (run 3850/8000) loss=2.21773 byte_ppl=9.186 atoms=11 merges=0 field=28.2510 rms=0.8828 scale=1.0000 fcos=nan ign=0.0000 prn=nan nxp=0.000 mph=0.000 bytes=500196 pkts=500196 shard=0
step=0987875 (run 3875/8000) loss=0.01441 byte_ppl=1.015 atoms=38 merges=0 field=28.2617 rms=0.8832 scale=1.0000 fcos=nan ign=0.0000 prn=nan nxp=0.000 mph=0.000 bytes=500196 pkts=500196 shard=0
step=0987900 (run 3900/8000) loss=3.07344 byte_ppl=21.616 atoms=66 merges=0 field=28.2902 rms=0.8841 scale=1.0000 fcos=nan ign=0.0000 prn=nan nxp=0.000 mph=0.000 bytes=500196 pkts=500196 shard=0
step=0987925 (run 3925/8000) loss=0.00502 byte_ppl=1.005 atoms=23 merges=0 field=28.4145 rms=0.8880 scale=1.0000 fcos=nan ign=0.0000 prn=nan nxp=0.000 mph=0.000 bytes=500196 pkts=500196 shard=0
step=0987950 (run 3950/8000) loss=0.03247 byte_ppl=1.033 atoms=51 merges=0 field=28.5100 rms=0.8909 scale=1.0000 fcos=nan ign=0.0000 prn=nan nxp=0.000 mph=0.000 bytes=500196 pkts=500196 shard=0
step=0987975 (run 3975/8000) loss=0.00175 byte_ppl=1.002 atoms=8 merges=0 field=28.5448 rms=0.8920 scale=1.0000 fcos=nan ign=0.0000 prn=nan nxp=0.000 mph=0.000 bytes=500196 pkts=500196 shard=0
step=0988000 (run 4000/8000) loss=1.63338 byte_ppl=5.121 atoms=36 merges=0 field=28.6505 rms=0.8953 scale=1.0000 fcos=nan ign=0.0000 prn=nan nxp=0.000 mph=0.000 bytes=500196 pkts=500196 shard=0
step=0988025 (run 4025/8000) loss=2.22095 byte_ppl=9.216 atoms=63 merges=0 field=28.7089 rms=0.8972 scale=1.0000 fcos=nan ign=0.0000 prn=nan nxp=0.000 mph=0.000 bytes=500196 pkts=500196 shard=0
step=0988050 (run 4050/8000) loss=5.65663 byte_ppl=286.182 atoms=20 merges=0 field=28.7956 rms=0.8999 scale=1.0000 fcos=nan ign=0.0000 prn=nan nxp=0.000 mph=0.000 bytes=500196 pkts=500196 shard=0
step=0988075 (run 4075/8000) loss=2.67697 byte_ppl=14.541 atoms=47 merges=0 field=28.7668 rms=0.8990 scale=1.0000 fcos=nan ign=0.0000 prn=nan nxp=0.000 mph=0.000 bytes=500196 pkts=500196 shard=0
step=0988100 (run 4100/8000) loss=0.00004 byte_ppl=1.000 atoms=5 merges=0 field=28.9047 rms=0.9033 scale=1.0000 fcos=nan ign=0.0000 prn=nan nxp=0.000 mph=0.000 bytes=500196 pkts=500196 shard=0
step=0988125 (run 4125/8000) loss=0.19326 byte_ppl=1.213 atoms=32 merges=0 field=28.9178 rms=0.9037 scale=1.0000 fcos=nan ign=0.0000 prn=nan nxp=0.000 mph=0.000 bytes=500196 pkts=500196 shard=0
step=0988150 (run 4150/8000) loss=4.76389 byte_ppl=117.201 atoms=60 merges=0 field=28.9258 rms=0.9039 scale=1.0000 fcos=nan ign=0.0000 prn=nan nxp=0.000 mph=0.000 bytes=500196 pkts=500196 shard=0
step=0988175 (run 4175/8000) loss=1.28438 byte_ppl=3.612 atoms=16 merges=0 field=29.0032 rms=0.9063 scale=1.0000 fcos=nan ign=0.0000 prn=nan nxp=0.000 mph=0.000 bytes=500196 pkts=500196 shard=0
step=0988200 (run 4200/8000) loss=4.24021 byte_ppl=69.422 atoms=44 merges=0 field=29.0898 rms=0.9091 scale=1.0000 fcos=nan ign=0.0000 prn=nan nxp=0.000 mph=0.000 bytes=500196 pkts=500196 shard=0
step=0988225 (run 4225/8000) loss=0.00068 byte_ppl=1.001 atoms=1 merges=0 field=29.1137 rms=0.9098 scale=1.0000 fcos=nan ign=0.0000 prn=nan nxp=0.000 mph=0.000 bytes=500196 pkts=500196 shard=0
step=0988250 (run 4250/8000) loss=1.01306 byte_ppl=2.754 atoms=29 merges=0 field=29.2128 rms=0.9129 scale=1.0000 fcos=nan ign=0.0000 prn=nan nxp=0.000 mph=0.000 bytes=500196 pkts=500196 shard=0
step=0988275 (run 4275/8000) loss=0.02395 byte_ppl=1.024 atoms=56 merges=0 field=29.3006 rms=0.9156 scale=1.0000 fcos=nan ign=0.0000 prn=nan nxp=0.000 mph=0.000 bytes=500196 pkts=500196 shard=0
step=0988300 (run 4300/8000) loss=1.29398 byte_ppl=3.647 atoms=14 merges=0 field=29.2550 rms=0.9142 scale=1.0000 fcos=nan ign=0.0000 prn=nan nxp=0.000 mph=0.000 bytes=500196 pkts=500196 shard=0
step=0988325 (run 4325/8000) loss=0.00007 byte_ppl=1.000 atoms=41 merges=0 field=29.2390 rms=0.9137 scale=1.0000 fcos=nan ign=0.0000 prn=nan nxp=0.000 mph=0.000 bytes=500196 pkts=500196 shard=0
step=0988350 (run 4350/8000) loss=6.51117 byte_ppl=672.611 atoms=69 merges=0 field=29.2714 rms=0.9147 scale=1.0000 fcos=nan ign=0.0000 prn=nan nxp=0.000 mph=0.000 bytes=500196 pkts=500196 shard=0
step=0988375 (run 4375/8000) loss=6.87331 byte_ppl=966.137 atoms=25 merges=0 field=29.1857 rms=0.9121 scale=1.0000 fcos=nan ign=0.0000 prn=nan nxp=0.000 mph=0.000 bytes=500196 pkts=500196 shard=0
step=0988400 (run 4400/8000) loss=0.01628 byte_ppl=1.016 atoms=53 merges=0 field=29.3049 rms=0.9158 scale=1.0000 fcos=nan ign=0.0000 prn=nan nxp=0.000 mph=0.000 bytes=500196 pkts=500196 shard=0
step=0988425 (run 4425/8000) loss=3.53391 byte_ppl=34.258 atoms=10 merges=0 field=29.3275 rms=0.9165 scale=1.0000 fcos=nan ign=0.0000 prn=nan nxp=0.000 mph=0.000 bytes=500196 pkts=500196 shard=0
step=0988450 (run 4450/8000) loss=0.00726 byte_ppl=1.007 atoms=38 merges=0 field=29.4766 rms=0.9211 scale=1.0000 fcos=nan ign=0.0000 prn=nan nxp=0.000 mph=0.000 bytes=500196 pkts=500196 shard=0
step=0988475 (run 4475/8000) loss=0.00471 byte_ppl=1.005 atoms=65 merges=0 field=29.4578 rms=0.9206 scale=1.0000 fcos=nan ign=0.0000 prn=nan nxp=0.000 mph=0.000 bytes=500196 pkts=500196 shard=0
step=0988500 (run 4500/8000) loss=0.04960 byte_ppl=1.051 atoms=22 merges=0 field=29.5901 rms=0.9247 scale=1.0000 fcos=nan ign=0.0000 prn=nan nxp=0.000 mph=0.000 bytes=500196 pkts=500196 shard=0
step=0988525 (run 4525/8000) loss=0.00113 byte_ppl=1.001 atoms=49 merges=0 field=29.6382 rms=0.9262 scale=1.0000 fcos=nan ign=0.0000 prn=nan nxp=0.000 mph=0.000 bytes=500196 pkts=500196 shard=0
step=0988550 (run 4550/8000) loss=6.29919 byte_ppl=544.133 atoms=7 merges=0 field=29.6305 rms=0.9260 scale=1.0000 fcos=nan ign=0.0000 prn=nan nxp=0.000 mph=0.000 bytes=500196 pkts=500196 shard=0
step=0988575 (run 4575/8000) loss=0.00391 byte_ppl=1.004 atoms=34 merges=0 field=29.7208 rms=0.9288 scale=1.0000 fcos=nan ign=0.0000 prn=nan nxp=0.000 mph=0.000 bytes=500196 pkts=500196 shard=0
step=0988600 (run 4600/8000) loss=0.84283 byte_ppl=2.323 atoms=62 merges=0 field=29.8086 rms=0.9315 scale=1.0000 fcos=nan ign=0.0000 prn=nan nxp=0.000 mph=0.000 bytes=500196 pkts=500196 shard=0
step=0988625 (run 4625/8000) loss=0.00580 byte_ppl=1.006 atoms=19 merges=0 field=29.7955 rms=0.9311 scale=1.0000 fcos=nan ign=0.0000 prn=nan nxp=0.000 mph=0.000 bytes=500196 pkts=500196 shard=0
step=0988650 (run 4650/8000) loss=1.58581 byte_ppl=4.883 atoms=47 merges=0 field=29.8253 rms=0.9320 scale=1.0000 fcos=nan ign=0.0000 prn=nan nxp=0.000 mph=0.000 bytes=500196 pkts=500196 shard=0
step=0988675 (run 4675/8000) loss=0.00019 byte_ppl=1.000 atoms=3 merges=0 field=29.8911 rms=0.9341 scale=1.0000 fcos=nan ign=0.0000 prn=nan nxp=0.000 mph=0.000 bytes=500196 pkts=500196 shard=0
step=0988700 (run 4700/8000) loss=0.10170 byte_ppl=1.107 atoms=31 merges=0 field=29.9931 rms=0.9373 scale=1.0000 fcos=nan ign=0.0000 prn=nan nxp=0.000 mph=0.000 bytes=500196 pkts=500196 shard=0
step=0988725 (run 4725/8000) loss=0.01938 byte_ppl=1.020 atoms=58 merges=0 field=29.9843 rms=0.9370 scale=1.0000 fcos=nan ign=0.0000 prn=nan nxp=0.000 mph=0.000 bytes=500196 pkts=500196 shard=0
step=0988750 (run 4750/8000) loss=11.10576 byte_ppl=66553.444 atoms=16 merges=0 field=29.9999 rms=0.9375 scale=1.0000 fcos=nan ign=0.0000 prn=nan nxp=0.000 mph=0.000 bytes=500196 pkts=500196 shard=0
step=0988775 (run 4775/8000) loss=5.28401 byte_ppl=197.159 atoms=43 merges=0 field=30.0451 rms=0.9389 scale=1.0000 fcos=nan ign=0.0000 prn=nan nxp=0.000 mph=0.000 bytes=500196 pkts=500196 shard=0
step=0988800 (run 4800/8000) loss=10.70179 byte_ppl=44435.317 atoms=71 merges=0 field=29.9868 rms=0.9371 scale=1.0000 fcos=nan ign=0.0000 prn=nan nxp=0.000 mph=0.000 bytes=500196 pkts=500196 shard=0
step=0988825 (run 4825/8000) loss=0.01644 byte_ppl=1.017 atoms=27 merges=0 field=29.9969 rms=0.9374 scale=1.0000 fcos=nan ign=0.0000 prn=nan nxp=0.000 mph=0.000 bytes=500196 pkts=500196 shard=0
step=0988850 (run 4850/8000) loss=9.11872 byte_ppl=9124.507 atoms=55 merges=0 field=30.0943 rms=0.9404 scale=1.0000 fcos=nan ign=0.0000 prn=nan nxp=0.000 mph=0.000 bytes=500196 pkts=500196 shard=0
step=0988875 (run 4875/8000) loss=0.32060 byte_ppl=1.378 atoms=12 merges=0 field=30.1031 rms=0.9407 scale=1.0000 fcos=nan ign=0.0000 prn=nan nxp=0.000 mph=0.000 bytes=500196 pkts=500196 shard=0
step=0988900 (run 4900/8000) loss=0.00051 byte_ppl=1.001 atoms=40 merges=0 field=30.1946 rms=0.9436 scale=1.0000 fcos=nan ign=0.0000 prn=nan nxp=0.000 mph=0.000 bytes=500196 pkts=500196 shard=0
step=0988925 (run 4925/8000) loss=0.00122 byte_ppl=1.001 atoms=67 merges=0 field=30.2411 rms=0.9450 scale=1.0000 fcos=nan ign=0.0000 prn=nan nxp=0.000 mph=0.000 bytes=500196 pkts=500196 shard=0
step=0988950 (run 4950/8000) loss=0.04244 byte_ppl=1.043 atoms=25 merges=0 field=30.2698 rms=0.9459 scale=1.0000 fcos=nan ign=0.0000 prn=nan nxp=0.000 mph=0.000 bytes=500196 pkts=500196 shard=0
step=0988975 (run 4975/8000) loss=0.11742 byte_ppl=1.125 atoms=52 merges=0 field=30.3121 rms=0.9473 scale=1.0000 fcos=nan ign=0.0000 prn=nan nxp=0.000 mph=0.000 bytes=500196 pkts=500196 shard=0
step=0989000 (run 5000/8000) loss=4.74221 byte_ppl=114.688 atoms=9 merges=0 field=30.2664 rms=0.9458 scale=1.0000 fcos=nan ign=0.0000 prn=nan nxp=0.000 mph=0.000 bytes=500196 pkts=500196 shard=0
step=0989025 (run 5025/8000) loss=0.00078 byte_ppl=1.001 atoms=36 merges=0 field=30.3430 rms=0.9482 scale=1.0000 fcos=nan ign=0.0000 prn=nan nxp=0.000 mph=0.000 bytes=500196 pkts=500196 shard=0
step=0989050 (run 5050/8000) loss=2.04088 byte_ppl=7.697 atoms=64 merges=0 field=30.3668 rms=0.9490 scale=1.0000 fcos=nan ign=0.0000 prn=nan nxp=0.000 mph=0.000 bytes=500196 pkts=500196 shard=0
step=0989075 (run 5075/8000) loss=0.00569 byte_ppl=1.006 atoms=21 merges=0 field=30.2879 rms=0.9465 scale=1.0000 fcos=nan ign=0.0000 prn=nan nxp=0.000 mph=0.000 bytes=500196 pkts=500196 shard=0
step=0989100 (run 5100/8000) loss=0.00028 byte_ppl=1.000 atoms=49 merges=0 field=30.3423 rms=0.9482 scale=1.0000 fcos=nan ign=0.0000 prn=nan nxp=0.000 mph=0.000 bytes=500196 pkts=500196 shard=0
step=0989125 (run 5125/8000) loss=0.00264 byte_ppl=1.003 atoms=5 merges=0 field=30.3156 rms=0.9474 scale=1.0000 fcos=nan ign=0.0000 prn=nan nxp=0.000 mph=0.000 bytes=500196 pkts=500196 shard=0
step=0989150 (run 5150/8000) loss=6.42839 byte_ppl=619.174 atoms=33 merges=0 field=30.3199 rms=0.9475 scale=1.0000 fcos=nan ign=0.0000 prn=nan nxp=0.000 mph=0.000 bytes=500196 pkts=500196 shard=0
step=0989175 (run 5175/8000) loss=0.00020 byte_ppl=1.000 atoms=60 merges=0 field=30.4032 rms=0.9501 scale=1.0000 fcos=nan ign=0.0000 prn=nan nxp=0.000 mph=0.000 bytes=500196 pkts=500196 shard=0
step=0989200 (run 5200/8000) loss=9.25632 byte_ppl=10470.541 atoms=18 merges=0 field=30.4694 rms=0.9522 scale=1.0000 fcos=nan ign=0.0000 prn=nan nxp=0.000 mph=0.000 bytes=500196 pkts=500196 shard=0
step=0989225 (run 5225/8000) loss=0.02433 byte_ppl=1.025 atoms=45 merges=0 field=30.4547 rms=0.9517 scale=1.0000 fcos=nan ign=0.0000 prn=nan nxp=0.000 mph=0.000 bytes=500196 pkts=500196 shard=0
step=0989250 (run 5250/8000) loss=2.17984 byte_ppl=8.845 atoms=3 merges=0 field=30.4349 rms=0.9511 scale=1.0000 fcos=nan ign=0.0000 prn=nan nxp=0.000 mph=0.000 bytes=500196 pkts=500196 shard=0
step=0989275 (run 5275/8000) loss=0.13320 byte_ppl=1.142 atoms=30 merges=0 field=30.4408 rms=0.9513 scale=1.0000 fcos=nan ign=0.0000 prn=nan nxp=0.000 mph=0.000 bytes=500196 pkts=500196 shard=0
step=0989300 (run 5300/8000) loss=10.28011 byte_ppl=29147.118 atoms=58 merges=0 field=30.4787 rms=0.9525 scale=1.0000 fcos=nan ign=0.0000 prn=nan nxp=0.000 mph=0.000 bytes=500196 pkts=500196 shard=0
step=0989325 (run 5325/8000) loss=5.85757 byte_ppl=349.875 atoms=14 merges=0 field=30.4875 rms=0.9527 scale=1.0000 fcos=nan ign=0.0000 prn=nan nxp=0.000 mph=0.000 bytes=500196 pkts=500196 shard=0
step=0989350 (run 5350/8000) loss=7.10188 byte_ppl=1214.247 atoms=42 merges=0 field=30.4251 rms=0.9508 scale=1.0000 fcos=nan ign=0.0000 prn=nan nxp=0.000 mph=0.000 bytes=500196 pkts=500196 shard=0
step=0989375 (run 5375/8000) loss=1.20768 byte_ppl=3.346 atoms=69 merges=0 field=30.4615 rms=0.9519 scale=1.0000 fcos=nan ign=0.0000 prn=nan nxp=0.000 mph=0.000 bytes=500196 pkts=500196 shard=0
step=0989400 (run 5400/8000) loss=5.72852 byte_ppl=307.513 atoms=27 merges=0 field=30.4420 rms=0.9513 scale=1.0000 fcos=nan ign=0.0000 prn=nan nxp=0.000 mph=0.000 bytes=500196 pkts=500196 shard=0
step=0989425 (run 5425/8000) loss=0.53410 byte_ppl=1.706 atoms=54 merges=0 field=30.3764 rms=0.9493 scale=1.0000 fcos=nan ign=0.0000 prn=nan nxp=0.000 mph=0.000 bytes=500196 pkts=500196 shard=0
step=0989450 (run 5450/8000) loss=11.94733 byte_ppl=154404.998 atoms=11 merges=0 field=30.3759 rms=0.9492 scale=1.0000 fcos=nan ign=0.0000 prn=nan nxp=0.000 mph=0.000 bytes=500196 pkts=500196 shard=0
step=0989475 (run 5475/8000) loss=0.00413 byte_ppl=1.004 atoms=38 merges=0 field=30.4641 rms=0.9520 scale=1.0000 fcos=nan ign=0.0000 prn=nan nxp=0.000 mph=0.000 bytes=500196 pkts=500196 shard=0
step=0989500 (run 5500/8000) loss=0.76884 byte_ppl=2.157 atoms=66 merges=0 field=30.4913 rms=0.9529 scale=1.0000 fcos=nan ign=0.0000 prn=nan nxp=0.000 mph=0.000 bytes=500196 pkts=500196 shard=0
step=0989525 (run 5525/8000) loss=0.00323 byte_ppl=1.003 atoms=23 merges=0 field=30.5369 rms=0.9543 scale=1.0000 fcos=nan ign=0.0000 prn=nan nxp=0.000 mph=0.000 bytes=500196 pkts=500196 shard=0
step=0989550 (run 5550/8000) loss=0.00439 byte_ppl=1.004 atoms=51 merges=0 field=30.6158 rms=0.9567 scale=1.0000 fcos=nan ign=0.0000 prn=nan nxp=0.000 mph=0.000 bytes=500196 pkts=500196 shard=0
step=0989575 (run 5575/8000) loss=0.00046 byte_ppl=1.000 atoms=8 merges=0 field=30.6386 rms=0.9575 scale=1.0000 fcos=nan ign=0.0000 prn=nan nxp=0.000 mph=0.000 bytes=500196 pkts=500196 shard=0
step=0989600 (run 5600/8000) loss=1.29001 byte_ppl=3.633 atoms=36 merges=0 field=30.6345 rms=0.9573 scale=1.0000 fcos=nan ign=0.0000 prn=nan nxp=0.000 mph=0.000 bytes=500196 pkts=500196 shard=0
step=0989625 (run 5625/8000) loss=3.33874 byte_ppl=28.184 atoms=63 merges=0 field=30.6679 rms=0.9584 scale=1.0000 fcos=nan ign=0.0000 prn=nan nxp=0.000 mph=0.000 bytes=500196 pkts=500196 shard=0
step=0989650 (run 5650/8000) loss=3.36778 byte_ppl=29.014 atoms=20 merges=0 field=30.6522 rms=0.9579 scale=1.0000 fcos=nan ign=0.0000 prn=nan nxp=0.000 mph=0.000 bytes=500196 pkts=500196 shard=0
step=0989675 (run 5675/8000) loss=1.81203 byte_ppl=6.123 atoms=47 merges=0 field=30.7209 rms=0.9600 scale=1.0000 fcos=nan ign=0.0000 prn=nan nxp=0.000 mph=0.000 bytes=500196 pkts=500196 shard=0
step=0989700 (run 5700/8000) loss=0.05292 byte_ppl=1.054 atoms=5 merges=0 field=30.7605 rms=0.9613 scale=1.0000 fcos=nan ign=0.0000 prn=nan nxp=0.000 mph=0.000 bytes=500196 pkts=500196 shard=0
step=0989725 (run 5725/8000) loss=0.23988 byte_ppl=1.271 atoms=32 merges=0 field=30.7439 rms=0.9607 scale=1.0000 fcos=nan ign=0.0000 prn=nan nxp=0.000 mph=0.000 bytes=500196 pkts=500196 shard=0
step=0989750 (run 5750/8000) loss=0.00385 byte_ppl=1.004 atoms=60 merges=0 field=30.8202 rms=0.9631 scale=1.0000 fcos=nan ign=0.0000 prn=nan nxp=0.000 mph=0.000 bytes=500196 pkts=500196 shard=0
step=0989775 (run 5775/8000) loss=0.00163 byte_ppl=1.002 atoms=16 merges=0 field=30.8333 rms=0.9635 scale=1.0000 fcos=nan ign=0.0000 prn=nan nxp=0.000 mph=0.000 bytes=500196 pkts=500196 shard=0
step=0989800 (run 5800/8000) loss=0.91524 byte_ppl=2.497 atoms=44 merges=0 field=30.8110 rms=0.9628 scale=1.0000 fcos=nan ign=0.0000 prn=nan nxp=0.000 mph=0.000 bytes=500196 pkts=500196 shard=0
step=0989825 (run 5825/8000) loss=4.34420 byte_ppl=77.031 atoms=1 merges=0 field=30.7751 rms=0.9617 scale=1.0000 fcos=nan ign=0.0000 prn=nan nxp=0.000 mph=0.000 bytes=500196 pkts=500196 shard=0
step=0989850 (run 5850/8000) loss=11.38798 byte_ppl=88254.375 atoms=29 merges=0 field=30.7919 rms=0.9622 scale=1.0000 fcos=nan ign=0.0000 prn=nan nxp=0.000 mph=0.000 bytes=500196 pkts=500196 shard=0
step=0989875 (run 5875/8000) loss=5.68664 byte_ppl=294.902 atoms=56 merges=0 field=30.7905 rms=0.9622 scale=1.0000 fcos=nan ign=0.0000 prn=nan nxp=0.000 mph=0.000 bytes=500196 pkts=500196 shard=0
step=0989900 (run 5900/8000) loss=0.66039 byte_ppl=1.936 atoms=14 merges=0 field=30.8376 rms=0.9637 scale=1.0000 fcos=nan ign=0.0000 prn=nan nxp=0.000 mph=0.000 bytes=500196 pkts=500196 shard=0
step=0989925 (run 5925/8000) loss=0.00235 byte_ppl=1.002 atoms=41 merges=0 field=30.9127 rms=0.9660 scale=1.0000 fcos=nan ign=0.0000 prn=nan nxp=0.000 mph=0.000 bytes=500196 pkts=500196 shard=0
step=0989950 (run 5950/8000) loss=5.55013 byte_ppl=257.271 atoms=69 merges=0 field=30.9788 rms=0.9681 scale=1.0000 fcos=nan ign=0.0000 prn=nan nxp=0.000 mph=0.000 bytes=500196 pkts=500196 shard=0
step=0989975 (run 5975/8000) loss=0.00623 byte_ppl=1.006 atoms=25 merges=0 field=30.9064 rms=0.9658 scale=1.0000 fcos=nan ign=0.0000 prn=nan nxp=0.000 mph=0.000 bytes=500196 pkts=500196 shard=0
step=0990000 (run 6000/8000) loss=0.00075 byte_ppl=1.001 atoms=53 merges=0 field=30.8635 rms=0.9645 scale=1.0000 fcos=nan ign=0.0000 prn=nan nxp=0.000 mph=0.000 bytes=500196 pkts=500196 shard=0
step=0990025 (run 6025/8000) loss=0.01871 byte_ppl=1.019 atoms=10 merges=0 field=30.8405 rms=0.9638 scale=1.0000 fcos=nan ign=0.0000 prn=nan nxp=0.000 mph=0.000 bytes=500196 pkts=500196 shard=0
step=0990050 (run 6050/8000) loss=0.45005 byte_ppl=1.568 atoms=38 merges=0 field=30.7506 rms=0.9610 scale=1.0000 fcos=nan ign=0.0000 prn=nan nxp=0.000 mph=0.000 bytes=500196 pkts=500196 shard=0
step=0990075 (run 6075/8000) loss=0.00264 byte_ppl=1.003 atoms=65 merges=0 field=30.7918 rms=0.9622 scale=1.0000 fcos=nan ign=0.0000 prn=nan nxp=0.000 mph=0.000 bytes=500196 pkts=500196 shard=0
step=0990100 (run 6100/8000) loss=0.00013 byte_ppl=1.000 atoms=22 merges=0 field=30.7512 rms=0.9610 scale=1.0000 fcos=nan ign=0.0000 prn=nan nxp=0.000 mph=0.000 bytes=500196 pkts=500196 shard=0
step=0990125 (run 6125/8000) loss=0.00125 byte_ppl=1.001 atoms=49 merges=0 field=30.7565 rms=0.9611 scale=1.0000 fcos=nan ign=0.0000 prn=nan nxp=0.000 mph=0.000 bytes=500196 pkts=500196 shard=0
step=0990150 (run 6150/8000) loss=8.14377 byte_ppl=3441.860 atoms=7 merges=0 field=30.7937 rms=0.9623 scale=1.0000 fcos=nan ign=0.0000 prn=nan nxp=0.000 mph=0.000 bytes=500196 pkts=500196 shard=0
step=0990175 (run 6175/8000) loss=0.00557 byte_ppl=1.006 atoms=34 merges=0 field=30.8014 rms=0.9625 scale=1.0000 fcos=nan ign=0.0000 prn=nan nxp=0.000 mph=0.000 bytes=500196 pkts=500196 shard=0
step=0990200 (run 6200/8000) loss=3.15798 byte_ppl=23.523 atoms=62 merges=0 field=30.8038 rms=0.9626 scale=1.0000 fcos=nan ign=0.0000 prn=nan nxp=0.000 mph=0.000 bytes=500196 pkts=500196 shard=0
step=0990225 (run 6225/8000) loss=0.00026 byte_ppl=1.000 atoms=19 merges=0 field=30.7829 rms=0.9620 scale=1.0000 fcos=nan ign=0.0000 prn=nan nxp=0.000 mph=0.000 bytes=500196 pkts=500196 shard=0
step=0990250 (run 6250/8000) loss=6.87202 byte_ppl=964.892 atoms=47 merges=0 field=30.7774 rms=0.9618 scale=1.0000 fcos=nan ign=0.0000 prn=nan nxp=0.000 mph=0.000 bytes=500196 pkts=500196 shard=0
step=0990275 (run 6275/8000) loss=0.06360 byte_ppl=1.066 atoms=3 merges=0 field=30.7827 rms=0.9620 scale=1.0000 fcos=nan ign=0.0000 prn=nan nxp=0.000 mph=0.000 bytes=500196 pkts=500196 shard=0
step=0990300 (run 6300/8000) loss=9.60728 byte_ppl=14872.587 atoms=31 merges=0 field=30.7661 rms=0.9614 scale=1.0000 fcos=nan ign=0.0000 prn=nan nxp=0.000 mph=0.000 bytes=500196 pkts=500196 shard=0
step=0990325 (run 6325/8000) loss=8.80803 byte_ppl=6687.745 atoms=58 merges=0 field=30.8179 rms=0.9631 scale=1.0000 fcos=nan ign=0.0000 prn=nan nxp=0.000 mph=0.000 bytes=500196 pkts=500196 shard=0
step=0990350 (run 6350/8000) loss=0.09532 byte_ppl=1.100 atoms=16 merges=0 field=30.8456 rms=0.9639 scale=1.0000 fcos=nan ign=0.0000 prn=nan nxp=0.000 mph=0.000 bytes=500196 pkts=500196 shard=0
step=0990375 (run 6375/8000) loss=0.00011 byte_ppl=1.000 atoms=43 merges=0 field=30.8670 rms=0.9646 scale=1.0000 fcos=nan ign=0.0000 prn=nan nxp=0.000 mph=0.000 bytes=500196 pkts=500196 shard=0
step=0990400 (run 6400/8000) loss=0.78330 byte_ppl=2.189 atoms=71 merges=0 field=30.8960 rms=0.9655 scale=1.0000 fcos=nan ign=0.0000 prn=nan nxp=0.000 mph=0.000 bytes=500196 pkts=500196 shard=0
step=0990425 (run 6425/8000) loss=0.00083 byte_ppl=1.001 atoms=27 merges=0 field=30.9123 rms=0.9660 scale=1.0000 fcos=nan ign=0.0000 prn=nan nxp=0.000 mph=0.000 bytes=500196 pkts=500196 shard=0
step=0990450 (run 6450/8000) loss=0.10180 byte_ppl=1.107 atoms=55 merges=0 field=30.9250 rms=0.9664 scale=1.0000 fcos=nan ign=0.0000 prn=nan nxp=0.000 mph=0.000 bytes=500196 pkts=500196 shard=0
step=0990475 (run 6475/8000) loss=3.09749 byte_ppl=22.142 atoms=12 merges=0 field=30.9318 rms=0.9666 scale=1.0000 fcos=nan ign=0.0000 prn=nan nxp=0.000 mph=0.000 bytes=500196 pkts=500196 shard=0
step=0990500 (run 6500/8000) loss=0.00125 byte_ppl=1.001 atoms=40 merges=0 field=30.8964 rms=0.9655 scale=1.0000 fcos=nan ign=0.0000 prn=nan nxp=0.000 mph=0.000 bytes=500196 pkts=500196 shard=0
step=0990525 (run 6525/8000) loss=0.00191 byte_ppl=1.002 atoms=67 merges=0 field=30.9755 rms=0.9680 scale=1.0000 fcos=nan ign=0.0000 prn=nan nxp=0.000 mph=0.000 bytes=500196 pkts=500196 shard=0
step=0990550 (run 6550/8000) loss=7.59637 byte_ppl=1990.949 atoms=25 merges=0 field=31.0340 rms=0.9698 scale=1.0000 fcos=nan ign=0.0000 prn=nan nxp=0.000 mph=0.000 bytes=500196 pkts=500196 shard=0
step=0990575 (run 6575/8000) loss=0.00020 byte_ppl=1.000 atoms=52 merges=0 field=31.0603 rms=0.9706 scale=1.0000 fcos=nan ign=0.0000 prn=nan nxp=0.000 mph=0.000 bytes=500196 pkts=500196 shard=0
step=0990600 (run 6600/8000) loss=9.58010 byte_ppl=14473.895 atoms=9 merges=0 field=31.1648 rms=0.9739 scale=1.0000 fcos=nan ign=0.0000 prn=nan nxp=0.000 mph=0.000 bytes=500196 pkts=500196 shard=0
step=0990625 (run 6625/8000) loss=0.00199 byte_ppl=1.002 atoms=36 merges=0 field=31.2433 rms=0.9764 scale=1.0000 fcos=nan ign=0.0000 prn=nan nxp=0.000 mph=0.000 bytes=500196 pkts=500196 shard=0
step=0990650 (run 6650/8000) loss=4.02326 byte_ppl=55.883 atoms=64 merges=0 field=31.2375 rms=0.9762 scale=1.0000 fcos=nan ign=0.0000 prn=nan nxp=0.000 mph=0.000 bytes=500196 pkts=500196 shard=0
step=0990675 (run 6675/8000) loss=4.38949 byte_ppl=80.599 atoms=21 merges=0 field=31.2418 rms=0.9763 scale=1.0000 fcos=nan ign=0.0000 prn=nan nxp=0.000 mph=0.000 bytes=500196 pkts=500196 shard=0
step=0990700 (run 6700/8000) loss=0.00808 byte_ppl=1.008 atoms=49 merges=0 field=31.3079 rms=0.9784 scale=1.0000 fcos=nan ign=0.0000 prn=nan nxp=0.000 mph=0.000 bytes=500196 pkts=500196 shard=0
step=0990725 (run 6725/8000) loss=0.02617 byte_ppl=1.027 atoms=5 merges=0 field=31.3395 rms=0.9794 scale=1.0000 fcos=nan ign=0.0000 prn=nan nxp=0.000 mph=0.000 bytes=500196 pkts=500196 shard=0
step=0990750 (run 6750/8000) loss=5.64839 byte_ppl=283.835 atoms=33 merges=0 field=31.4207 rms=0.9819 scale=1.0000 fcos=nan ign=0.0000 prn=nan nxp=0.000 mph=0.000 bytes=500196 pkts=500196 shard=0
step=0990775 (run 6775/8000) loss=2.91362 byte_ppl=18.423 atoms=60 merges=0 field=31.3590 rms=0.9800 scale=1.0000 fcos=nan ign=0.0000 prn=nan nxp=0.000 mph=0.000 bytes=500196 pkts=500196 shard=0
step=0990800 (run 6800/8000) loss=3.14948 byte_ppl=23.324 atoms=18 merges=0 field=31.3789 rms=0.9806 scale=1.0000 fcos=nan ign=0.0000 prn=nan nxp=0.000 mph=0.000 bytes=500196 pkts=500196 shard=0
step=0990825 (run 6825/8000) loss=0.00001 byte_ppl=1.000 atoms=45 merges=0 field=31.4925 rms=0.9841 scale=1.0000 fcos=nan ign=0.0000 prn=nan nxp=0.000 mph=0.000 bytes=500196 pkts=500196 shard=0
step=0990850 (run 6850/8000) loss=0.05725 byte_ppl=1.059 atoms=3 merges=0 field=31.5712 rms=0.9866 scale=1.0000 fcos=nan ign=0.0000 prn=nan nxp=0.000 mph=0.000 bytes=500196 pkts=500196 shard=0
step=0990875 (run 6875/8000) loss=0.00508 byte_ppl=1.005 atoms=30 merges=0 field=31.5532 rms=0.9860 scale=1.0000 fcos=nan ign=0.0000 prn=nan nxp=0.000 mph=0.000 bytes=500196 pkts=500196 shard=0
step=0990900 (run 6900/8000) loss=0.15296 byte_ppl=1.165 atoms=58 merges=0 field=31.5646 rms=0.9864 scale=1.0000 fcos=nan ign=0.0000 prn=nan nxp=0.000 mph=0.000 bytes=500196 pkts=500196 shard=0
step=0990925 (run 6925/8000) loss=0.45832 byte_ppl=1.581 atoms=14 merges=0 field=31.5408 rms=0.9857 scale=1.0000 fcos=nan ign=0.0000 prn=nan nxp=0.000 mph=0.000 bytes=500196 pkts=500196 shard=0
step=0990950 (run 6950/8000) loss=0.02709 byte_ppl=1.027 atoms=42 merges=0 field=31.6305 rms=0.9885 scale=1.0000 fcos=nan ign=0.0000 prn=nan nxp=0.000 mph=0.000 bytes=500196 pkts=500196 shard=0
step=0990975 (run 6975/8000) loss=0.00021 byte_ppl=1.000 atoms=69 merges=0 field=31.5821 rms=0.9869 scale=1.0000 fcos=nan ign=0.0000 prn=nan nxp=0.000 mph=0.000 bytes=500196 pkts=500196 shard=0
step=0991000 (run 7000/8000) loss=0.00305 byte_ppl=1.003 atoms=27 merges=0 field=31.5803 rms=0.9869 scale=1.0000 fcos=nan ign=0.0000 prn=nan nxp=0.000 mph=0.000 bytes=500196 pkts=500196 shard=0
step=0991025 (run 7025/8000) loss=2.98533 byte_ppl=19.793 atoms=54 merges=0 field=31.5841 rms=0.9870 scale=1.0000 fcos=nan ign=0.0000 prn=nan nxp=0.000 mph=0.000 bytes=500196 pkts=500196 shard=0
step=0991050 (run 7050/8000) loss=0.04388 byte_ppl=1.045 atoms=11 merges=0 field=31.6332 rms=0.9885 scale=1.0000 fcos=nan ign=0.0000 prn=nan nxp=0.000 mph=0.000 bytes=500196 pkts=500196 shard=0
step=0991075 (run 7075/8000) loss=0.70712 byte_ppl=2.028 atoms=38 merges=0 field=31.6471 rms=0.9890 scale=1.0000 fcos=nan ign=0.0000 prn=nan nxp=0.000 mph=0.000 bytes=500196 pkts=500196 shard=0
step=0991100 (run 7100/8000) loss=6.83358 byte_ppl=928.510 atoms=66 merges=0 field=31.6591 rms=0.9893 scale=1.0000 fcos=nan ign=0.0000 prn=nan nxp=0.000 mph=0.000 bytes=500196 pkts=500196 shard=0
step=0991125 (run 7125/8000) loss=0.03667 byte_ppl=1.037 atoms=23 merges=0 field=31.7594 rms=0.9925 scale=1.0000 fcos=nan ign=0.0000 prn=nan nxp=0.000 mph=0.000 bytes=500196 pkts=500196 shard=0
step=0991150 (run 7150/8000) loss=24.81068 byte_ppl=59585750493.517 atoms=51 merges=0 field=31.8093 rms=0.9940 scale=1.0000 fcos=nan ign=0.0000 prn=nan nxp=0.000 mph=0.000 bytes=500196 pkts=500196 shard=0
step=0991175 (run 7175/8000) loss=0.00094 byte_ppl=1.001 atoms=8 merges=0 field=31.8343 rms=0.9948 scale=1.0000 fcos=nan ign=0.0000 prn=nan nxp=0.000 mph=0.000 bytes=500196 pkts=500196 shard=0
step=0991200 (run 7200/8000) loss=10.12838 byte_ppl=25043.637 atoms=36 merges=0 field=31.8306 rms=0.9947 scale=1.0000 fcos=nan ign=0.0000 prn=nan nxp=0.000 mph=0.000 bytes=500196 pkts=500196 shard=0
step=0991225 (run 7225/8000) loss=0.00288 byte_ppl=1.003 atoms=63 merges=0 field=31.8784 rms=0.9962 scale=1.0000 fcos=nan ign=0.0000 prn=nan nxp=0.000 mph=0.000 bytes=500196 pkts=500196 shard=0
step=0991250 (run 7250/8000) loss=0.56844 byte_ppl=1.766 atoms=20 merges=0 field=31.8904 rms=0.9966 scale=1.0000 fcos=nan ign=0.0000 prn=nan nxp=0.000 mph=0.000 bytes=500196 pkts=500196 shard=0
step=0991275 (run 7275/8000) loss=2.53221 byte_ppl=12.581 atoms=47 merges=0 field=31.8879 rms=0.9965 scale=1.0000 fcos=nan ign=0.0000 prn=nan nxp=0.000 mph=0.000 bytes=500196 pkts=500196 shard=0
step=0991300 (run 7300/8000) loss=9.22876 byte_ppl=10185.940 atoms=5 merges=0 field=31.9463 rms=0.9983 scale=1.0000 fcos=nan ign=0.0000 prn=nan nxp=0.000 mph=0.000 bytes=500196 pkts=500196 shard=0
step=0991325 (run 7325/8000) loss=0.00047 byte_ppl=1.000 atoms=32 merges=0 field=31.9545 rms=0.9986 scale=1.0000 fcos=nan ign=0.0000 prn=nan nxp=0.000 mph=0.000 bytes=500196 pkts=500196 shard=0
step=0991350 (run 7350/8000) loss=1.60866 byte_ppl=4.996 atoms=60 merges=0 field=31.9549 rms=0.9986 scale=1.0000 fcos=nan ign=0.0000 prn=nan nxp=0.000 mph=0.000 bytes=500196 pkts=500196 shard=0
step=0991375 (run 7375/8000) loss=0.00193 byte_ppl=1.002 atoms=16 merges=0 field=32.0224 rms=1.0007 scale=1.0000 fcos=nan ign=0.0000 prn=nan nxp=0.000 mph=0.000 bytes=500196 pkts=500196 shard=0
step=0991400 (run 7400/8000) loss=0.00022 byte_ppl=1.000 atoms=44 merges=0 field=31.9728 rms=0.9991 scale=1.0000 fcos=nan ign=0.0000 prn=nan nxp=0.000 mph=0.000 bytes=500196 pkts=500196 shard=0
step=0991425 (run 7425/8000) loss=2.49860 byte_ppl=12.165 atoms=1 merges=0 field=31.9336 rms=0.9979 scale=1.0000 fcos=nan ign=0.0000 prn=nan nxp=0.000 mph=0.000 bytes=500196 pkts=500196 shard=0
step=0991450 (run 7450/8000) loss=3.03791 byte_ppl=20.862 atoms=29 merges=0 field=31.9388 rms=0.9981 scale=1.0000 fcos=nan ign=0.0000 prn=nan nxp=0.000 mph=0.000 bytes=500196 pkts=500196 shard=0
step=0991475 (run 7475/8000) loss=3.74097 byte_ppl=42.139 atoms=56 merges=0 field=32.0125 rms=1.0004 scale=1.0000 fcos=nan ign=0.0000 prn=nan nxp=0.000 mph=0.000 bytes=500196 pkts=500196 shard=0
step=0991500 (run 7500/8000) loss=0.00075 byte_ppl=1.001 atoms=14 merges=0 field=31.9763 rms=0.9993 scale=1.0000 fcos=nan ign=0.0000 prn=nan nxp=0.000 mph=0.000 bytes=500196 pkts=500196 shard=0
step=0991525 (run 7525/8000) loss=0.00689 byte_ppl=1.007 atoms=41 merges=0 field=32.0284 rms=1.0009 scale=1.0000 fcos=nan ign=0.0000 prn=nan nxp=0.000 mph=0.000 bytes=500196 pkts=500196 shard=0
step=0991550 (run 7550/8000) loss=5.48319 byte_ppl=240.614 atoms=69 merges=0 field=32.0742 rms=1.0023 scale=1.0000 fcos=nan ign=0.0000 prn=nan nxp=0.000 mph=0.000 bytes=500196 pkts=500196 shard=0
step=0991575 (run 7575/8000) loss=0.14089 byte_ppl=1.151 atoms=25 merges=0 field=32.0959 rms=1.0030 scale=1.0000 fcos=nan ign=0.0000 prn=nan nxp=0.000 mph=0.000 bytes=500196 pkts=500196 shard=0
step=0991600 (run 7600/8000) loss=5.01501 byte_ppl=150.657 atoms=53 merges=0 field=32.0814 rms=1.0025 scale=1.0000 fcos=nan ign=0.0000 prn=nan nxp=0.000 mph=0.000 bytes=500196 pkts=500196 shard=0
step=0991625 (run 7625/8000) loss=5.52295 byte_ppl=250.374 atoms=10 merges=0 field=32.1592 rms=1.0050 scale=1.0000 fcos=nan ign=0.0000 prn=nan nxp=0.000 mph=0.000 bytes=500196 pkts=500196 shard=0
step=0991650 (run 7650/8000) loss=3.90499 byte_ppl=49.650 atoms=38 merges=0 field=32.1823 rms=1.0057 scale=1.0000 fcos=nan ign=0.0000 prn=nan nxp=0.000 mph=0.000 bytes=500196 pkts=500196 shard=0
step=0991675 (run 7675/8000) loss=0.00028 byte_ppl=1.000 atoms=65 merges=0 field=32.1769 rms=1.0055 scale=1.0000 fcos=nan ign=0.0000 prn=nan nxp=0.000 mph=0.000 bytes=500196 pkts=500196 shard=0
step=0991700 (run 7700/8000) loss=0.56939 byte_ppl=1.767 atoms=22 merges=0 field=32.1452 rms=1.0045 scale=1.0000 fcos=nan ign=0.0000 prn=nan nxp=0.000 mph=0.000 bytes=500196 pkts=500196 shard=0
step=0991725 (run 7725/8000) loss=0.00084 byte_ppl=1.001 atoms=49 merges=0 field=32.1212 rms=1.0038 scale=1.0000 fcos=nan ign=0.0000 prn=nan nxp=0.000 mph=0.000 bytes=500196 pkts=500196 shard=0
step=0991750 (run 7750/8000) loss=3.53608 byte_ppl=34.332 atoms=7 merges=0 field=32.1716 rms=1.0054 scale=1.0000 fcos=nan ign=0.0000 prn=nan nxp=0.000 mph=0.000 bytes=500196 pkts=500196 shard=0
step=0991775 (run 7775/8000) loss=0.00162 byte_ppl=1.002 atoms=34 merges=0 field=32.1899 rms=1.0059 scale=1.0000 fcos=nan ign=0.0000 prn=nan nxp=0.000 mph=0.000 bytes=500196 pkts=500196 shard=0
step=0991800 (run 7800/8000) loss=0.57812 byte_ppl=1.783 atoms=62 merges=0 field=32.1882 rms=1.0059 scale=1.0000 fcos=nan ign=0.0000 prn=nan nxp=0.000 mph=0.000 bytes=500196 pkts=500196 shard=0
step=0991825 (run 7825/8000) loss=6.17428 byte_ppl=480.236 atoms=19 merges=0 field=32.2557 rms=1.0080 scale=1.0000 fcos=nan ign=0.0000 prn=nan nxp=0.000 mph=0.000 bytes=500196 pkts=500196 shard=0
step=0991850 (run 7850/8000) loss=9.23065 byte_ppl=10205.182 atoms=47 merges=0 field=32.3132 rms=1.0098 scale=1.0000 fcos=nan ign=0.0000 prn=nan nxp=0.000 mph=0.000 bytes=500196 pkts=500196 shard=0
step=0991875 (run 7875/8000) loss=0.34947 byte_ppl=1.418 atoms=3 merges=0 field=32.3131 rms=1.0098 scale=1.0000 fcos=nan ign=0.0000 prn=nan nxp=0.000 mph=0.000 bytes=500196 pkts=500196 shard=0
step=0991900 (run 7900/8000) loss=2.75437 byte_ppl=15.711 atoms=31 merges=0 field=32.2675 rms=1.0084 scale=1.0000 fcos=nan ign=0.0000 prn=nan nxp=0.000 mph=0.000 bytes=500196 pkts=500196 shard=0
step=0991925 (run 7925/8000) loss=0.00082 byte_ppl=1.001 atoms=58 merges=0 field=32.2861 rms=1.0089 scale=1.0000 fcos=nan ign=0.0000 prn=nan nxp=0.000 mph=0.000 bytes=500196 pkts=500196 shard=0
step=0991950 (run 7950/8000) loss=2.17863 byte_ppl=8.834 atoms=16 merges=0 field=32.2935 rms=1.0092 scale=1.0000 fcos=nan ign=0.0000 prn=nan nxp=0.000 mph=0.000 bytes=500196 pkts=500196 shard=0
step=0991975 (run 7975/8000) loss=2.33000 byte_ppl=10.278 atoms=43 merges=0 field=32.3503 rms=1.0109 scale=1.0000 fcos=nan ign=0.0000 prn=nan nxp=0.000 mph=0.000 bytes=500196 pkts=500196 shard=0
step=0992000 (run 8000/8000) loss=0.00067 byte_ppl=1.001 atoms=71 merges=0 field=32.3988 rms=1.0125 scale=1.0000 fcos=nan ign=0.0000 prn=nan nxp=0.000 mph=0.000 bytes=500196 pkts=500196 shard=0
{
  "stream": true,
  "data_path": null,
  "data_glob": "data/corpus_fr_medium*.txt",
  "shard_paths": [
    "/workspace/exports/atom-ai/data/corpus_fr_medium.txt",
    "/workspace/exports/atom-ai/data/corpus_fr_medium_s21.txt"
  ],
  "data_bytes": 1000453,
  "data_characters": null,
  "atomizer_version": "atomizer-v1-byte-span",
  "feature_dim": 320,
  "packet_count": null,
  "train_packet_count": null,
  "validation_packet_count": 2048,
  "mean_packet_bytes": null,
  "max_packet_bytes": null,
  "min_packet_bytes": null,
  "bytes_seen": 500196,
  "config": {
    "d_model": 32,
    "n_modes": 32,
    "n_atoms_max": 64,
    "max_span_bytes": 1,
    "episode_length": 8000,
    "episode_reset": true,
    "atom_flush_every": 64,
    "learning_rate": 5e-05,
    "surface_learning_rate": 0.00012,
    "steps": 8000,
    "start_step": 984000,
    "seed": 20260913,
    "surface_alphabet": 256,
    "field_max_rms": 3.0,
    "energy_decay_bounds": [
      0.3,
      0.95
    ],
    "stream": true,
    "chunk_bytes": 65536,
    "loop_shards": true,
    "stream_buffer": 2048,
    "stream_prefetch": true,
    "stream_skip_packets": 488000,
    "last_atom_readout": true,
    "efference_every": 10,
    "enable_merge": false,
    "payload_copy": false,
    "merge_coherence_threshold": 0.45,
    "merge_energy_floor": 0.08,
    "field_loss_weight": 0.05,
    "field_contrast_weight": 0.0,
    "field_ignorance_weight": 0.08,
    "field_ignorance_ablate_shared": false,
    "field_ignorance_prompt_bank": false,
    "field_obligatory_readout": true,
    "field_obligatory_hard": true,
    "printable_aux_weight": 0.0,
    "field_next_packet_weight": 0.0,
    "slow_every": 1
  },
  "packets_seen": 500196,
  "stream_epoch": 0,
  "train": {
    "steps": 8000,
    "efference_every": 10,
    "efference_steps": 800,
    "start_step": 984000,
    "total_steps": 992000,
    "episode_length": 8000,
    "episode_reset": true,
    "atom_flush_every": 64,
    "elapsed_seconds": 145.6726366970106,
    "transitions_per_second": 54.91765771110101,
    "first_loss": 0.00012957210128661245,
    "final_loss": 0.0006692553870379925,
    "final_total_perplexity": 1.000669479388393,
    "finite_losses": true,
    "finite_parameters": true,
    "nan_or_inf": false,
    "field_rms_before_max": 1.0124627351760864,
    "field_rms_after_max": 1.0124627351760864,
    "field_scale_min": 1.0,
    "field_norm_max": 32.39878845214844,
    "field_limited_steps": 0,
    "field_limited_fraction": 0.0,
    "final_dynamics": {
      "coupling_scale": 1.249102234840393,
      "energy_decay": 0.30140388011932373,
      "phase_sync": 0.1614995300769806,
      "energy_decay_before": 0.30140388011932373,
      "energy_decay_repaired": false,
      "energy_decay_bounds": [
        0.3,
        0.95
      ]
    },
    "final_atoms_before_validation": 58,
    "stream": true,
    "bytes_seen": 500196
  },
  "validation": {
    "transitions": 256,
    "loss": 1.297727128956467,
    "total_perplexity": 3.660966299985152,
    "byte_loss": 1.297727128956467,
    "byte_perplexity": 3.660966299985152,
    "source": "stream_ring"
  },
  "checkpoint": "checkpoints/byte_tick/atom_native_step_992000_d32_ms1M.pt",
  "reload": {
    "n_atoms": 0,
    "field_norm": 32.39878845214844,
    "time": 88.0003890991211,
    "finite": true
  },
  "generation": {
    "The future of AI is": {
      "temperature": 0.8,
      "top_k": 5,
      "max_length": 20,
      "bytes_hex": "506575742d202020",
      "text": "Peut-   ",
      "reload_text": "Peut-   ",
      "reload_match": true
    },
    "Bonjour, je m'appelle": {
      "temperature": 0.8,
      "top_k": 5,
      "max_length": 20,
      "bytes_hex": "506575742d202020",
      "text": "Peut-   ",
      "reload_text": "Peut-   ",
      "reload_match": true
    },
    "Valkyria Chronicles III is": {
      "temperature": 0.8,
      "top_k": 5,
      "max_length": 20,
      "bytes_hex": "506575742d202020",
      "text": "Peut-   ",
      "reload_text": "Peut-   ",
      "reload_match": true
    }
  }
}
