train lock acquired: /home/user/atom-ai/checkpoints/atom-ai-train.lock (pid=2154)
stream skip: advancing 168000 packet transitions...
stream skip done: packets_seen=196608
resumed weights from checkpoints/byte_tick/atom_native_step_168000_d32.pt (recorded step=168000, legacy_surface_migrated=False, span_head_migrated=False)
atomizer pack_mode=linguistic max_span_bytes=1
dynamics on load: energy_decay=0.5824078917503357 -> 0.5824078917503357 (repaired=False, bounds=(0.3, 0.95))
MERGE gates: enable=False coherence_thr=0.450 energy_floor=0.080
field_obligatory_hard=ON hard-v2+ (mix_floor=1.0, freeze bypass, logits=frozen+cap*(α_MLP+payload_prod))
payload_copy=False (train-time copy-bias branch)
last_atom_readout=True (byte-tick 2-gram + dentate)
efference_every=10 (0=off)
optimizer groups: field/other lr=5e-05 (13 tensors), surface lr=0.00012 (25 tensors); energy_decay_bounds=(0.3, 0.95); field_max_rms=3.0
stream mode: 1 shard(s), chunk_bytes=65536, loop_shards=True, stream_buffer=2048, stream_prefetch=True
optimizer restore skipped: surface LR param groups differ from checkpoint
step=0168001 (run 1/8000) loss=6.15082 byte_ppl=469.103 atoms=1 merges=0 field=0.0452 rms=0.0017 scale=1.0000 fcos=nan ign=0.0000 prn=nan nxp=0.000 mph=0.000 bytes=196608 pkts=196608 shard=0
step=0168025 (run 25/8000) loss=1.05308 byte_ppl=2.866 atoms=27 merges=0 field=0.5848 rms=0.0183 scale=1.0000 fcos=nan ign=0.0000 prn=nan nxp=0.000 mph=0.000 bytes=196608 pkts=196608 shard=0
step=0168050 (run 50/8000) loss=9.04962 byte_ppl=8515.323 atoms=55 merges=0 field=0.9707 rms=0.0304 scale=1.0000 fcos=nan ign=0.0000 prn=nan nxp=0.000 mph=0.000 bytes=196608 pkts=196608 shard=0
step=0168075 (run 75/8000) loss=7.28071 byte_ppl=1452.015 atoms=12 merges=0 field=1.3232 rms=0.0414 scale=1.0000 fcos=nan ign=0.0000 prn=nan nxp=0.000 mph=0.000 bytes=196608 pkts=196608 shard=0
step=0168100 (run 100/8000) loss=2.48550 byte_ppl=12.007 atoms=40 merges=0 field=1.5529 rms=0.0485 scale=1.0000 fcos=nan ign=0.0000 prn=nan nxp=0.000 mph=0.000 bytes=196608 pkts=196608 shard=0
step=0168125 (run 125/8000) loss=1.41167 byte_ppl=4.103 atoms=67 merges=0 field=1.7882 rms=0.0559 scale=1.0000 fcos=nan ign=0.0000 prn=nan nxp=0.000 mph=0.000 bytes=196608 pkts=196608 shard=0
step=0168150 (run 150/8000) loss=3.81400 byte_ppl=45.332 atoms=25 merges=0 field=2.0116 rms=0.0629 scale=1.0000 fcos=nan ign=0.0000 prn=nan nxp=0.000 mph=0.000 bytes=196608 pkts=196608 shard=0
step=0168175 (run 175/8000) loss=8.84729 byte_ppl=6955.547 atoms=52 merges=0 field=2.2593 rms=0.0706 scale=1.0000 fcos=nan ign=0.0000 prn=nan nxp=0.000 mph=0.000 bytes=196608 pkts=196608 shard=0
step=0168200 (run 200/8000) loss=3.27290 byte_ppl=26.388 atoms=9 merges=0 field=2.4009 rms=0.0750 scale=1.0000 fcos=nan ign=0.0000 prn=nan nxp=0.000 mph=0.000 bytes=196608 pkts=196608 shard=0
step=0168225 (run 225/8000) loss=0.17190 byte_ppl=1.188 atoms=36 merges=0 field=2.5851 rms=0.0808 scale=1.0000 fcos=nan ign=0.0000 prn=nan nxp=0.000 mph=0.000 bytes=196608 pkts=196608 shard=0
step=0168250 (run 250/8000) loss=0.68305 byte_ppl=1.980 atoms=64 merges=0 field=2.8391 rms=0.0887 scale=1.0000 fcos=nan ign=0.0000 prn=nan nxp=0.000 mph=0.000 bytes=196608 pkts=196608 shard=0
step=0168275 (run 275/8000) loss=2.64936 byte_ppl=14.145 atoms=21 merges=0 field=3.0304 rms=0.0947 scale=1.0000 fcos=nan ign=0.0000 prn=nan nxp=0.000 mph=0.000 bytes=196608 pkts=196608 shard=0
step=0168300 (run 300/8000) loss=2.22850 byte_ppl=9.286 atoms=49 merges=0 field=3.2633 rms=0.1020 scale=1.0000 fcos=nan ign=0.0000 prn=nan nxp=0.000 mph=0.000 bytes=196608 pkts=196608 shard=0
step=0168325 (run 325/8000) loss=0.00208 byte_ppl=1.002 atoms=5 merges=0 field=3.5086 rms=0.1096 scale=1.0000 fcos=nan ign=0.0000 prn=nan nxp=0.000 mph=0.000 bytes=196608 pkts=196608 shard=0
step=0168350 (run 350/8000) loss=0.00105 byte_ppl=1.001 atoms=33 merges=0 field=3.7486 rms=0.1171 scale=1.0000 fcos=nan ign=0.0000 prn=nan nxp=0.000 mph=0.000 bytes=196608 pkts=196608 shard=0
step=0168375 (run 375/8000) loss=2.67640 byte_ppl=14.533 atoms=60 merges=0 field=4.0062 rms=0.1252 scale=1.0000 fcos=nan ign=0.0000 prn=nan nxp=0.000 mph=0.000 bytes=196608 pkts=196608 shard=0
step=0168400 (run 400/8000) loss=0.52948 byte_ppl=1.698 atoms=18 merges=0 field=4.2824 rms=0.1338 scale=1.0000 fcos=nan ign=0.0000 prn=nan nxp=0.000 mph=0.000 bytes=196608 pkts=196608 shard=0
step=0168425 (run 425/8000) loss=0.00249 byte_ppl=1.002 atoms=45 merges=0 field=4.4617 rms=0.1394 scale=1.0000 fcos=nan ign=0.0000 prn=nan nxp=0.000 mph=0.000 bytes=196608 pkts=196608 shard=0
step=0168450 (run 450/8000) loss=8.70066 byte_ppl=6006.874 atoms=3 merges=0 field=4.7639 rms=0.1489 scale=1.0000 fcos=nan ign=0.0000 prn=nan nxp=0.000 mph=0.000 bytes=196608 pkts=196608 shard=0
step=0168475 (run 475/8000) loss=1.92982 byte_ppl=6.888 atoms=30 merges=0 field=4.9957 rms=0.1561 scale=1.0000 fcos=nan ign=0.0000 prn=nan nxp=0.000 mph=0.000 bytes=196608 pkts=196608 shard=0
step=0168500 (run 500/8000) loss=9.49261 byte_ppl=13261.337 atoms=58 merges=0 field=5.2686 rms=0.1646 scale=1.0000 fcos=nan ign=0.0000 prn=nan nxp=0.000 mph=0.000 bytes=196608 pkts=196608 shard=0
step=0168525 (run 525/8000) loss=0.00874 byte_ppl=1.009 atoms=14 merges=0 field=5.4937 rms=0.1717 scale=1.0000 fcos=nan ign=0.0000 prn=nan nxp=0.000 mph=0.000 bytes=196608 pkts=196608 shard=0
step=0168550 (run 550/8000) loss=6.49164 byte_ppl=659.606 atoms=42 merges=0 field=5.7613 rms=0.1800 scale=1.0000 fcos=nan ign=0.0000 prn=nan nxp=0.000 mph=0.000 bytes=196608 pkts=196608 shard=0
step=0168575 (run 575/8000) loss=0.00135 byte_ppl=1.001 atoms=69 merges=0 field=6.0659 rms=0.1896 scale=1.0000 fcos=nan ign=0.0000 prn=nan nxp=0.000 mph=0.000 bytes=196608 pkts=196608 shard=0
step=0168600 (run 600/8000) loss=4.73570 byte_ppl=113.943 atoms=27 merges=0 field=6.3650 rms=0.1989 scale=1.0000 fcos=nan ign=0.0000 prn=nan nxp=0.000 mph=0.000 bytes=196608 pkts=196608 shard=0
step=0168625 (run 625/8000) loss=0.00330 byte_ppl=1.003 atoms=54 merges=0 field=6.6522 rms=0.2079 scale=1.0000 fcos=nan ign=0.0000 prn=nan nxp=0.000 mph=0.000 bytes=196608 pkts=196608 shard=0
step=0168650 (run 650/8000) loss=1.61457 byte_ppl=5.026 atoms=11 merges=0 field=6.9606 rms=0.2175 scale=1.0000 fcos=nan ign=0.0000 prn=nan nxp=0.000 mph=0.000 bytes=196608 pkts=196608 shard=0
step=0168675 (run 675/8000) loss=5.07155 byte_ppl=159.421 atoms=38 merges=0 field=7.2302 rms=0.2259 scale=1.0000 fcos=nan ign=0.0000 prn=nan nxp=0.000 mph=0.000 bytes=196608 pkts=196608 shard=0
step=0168700 (run 700/8000) loss=1.71507 byte_ppl=5.557 atoms=66 merges=0 field=7.5433 rms=0.2357 scale=1.0000 fcos=nan ign=0.0000 prn=nan nxp=0.000 mph=0.000 bytes=196608 pkts=196608 shard=0
step=0168725 (run 725/8000) loss=0.82953 byte_ppl=2.292 atoms=23 merges=0 field=7.8592 rms=0.2456 scale=1.0000 fcos=nan ign=0.0000 prn=nan nxp=0.000 mph=0.000 bytes=196608 pkts=196608 shard=0
step=0168750 (run 750/8000) loss=7.01755 byte_ppl=1116.047 atoms=51 merges=0 field=8.1677 rms=0.2552 scale=1.0000 fcos=nan ign=0.0000 prn=nan nxp=0.000 mph=0.000 bytes=196608 pkts=196608 shard=0
step=0168775 (run 775/8000) loss=0.00398 byte_ppl=1.004 atoms=8 merges=0 field=8.4686 rms=0.2646 scale=1.0000 fcos=nan ign=0.0000 prn=nan nxp=0.000 mph=0.000 bytes=196608 pkts=196608 shard=0
step=0168800 (run 800/8000) loss=5.63010 byte_ppl=278.691 atoms=36 merges=0 field=8.7924 rms=0.2748 scale=1.0000 fcos=nan ign=0.0000 prn=nan nxp=0.000 mph=0.000 bytes=196608 pkts=196608 shard=0
step=0168825 (run 825/8000) loss=0.53017 byte_ppl=1.699 atoms=63 merges=0 field=9.0898 rms=0.2841 scale=1.0000 fcos=nan ign=0.0000 prn=nan nxp=0.000 mph=0.000 bytes=196608 pkts=196608 shard=0
step=0168850 (run 850/8000) loss=5.29568 byte_ppl=199.473 atoms=20 merges=0 field=9.4648 rms=0.2958 scale=1.0000 fcos=nan ign=0.0000 prn=nan nxp=0.000 mph=0.000 bytes=196608 pkts=196608 shard=0
step=0168875 (run 875/8000) loss=4.90289 byte_ppl=134.679 atoms=47 merges=0 field=9.8299 rms=0.3072 scale=1.0000 fcos=nan ign=0.0000 prn=nan nxp=0.000 mph=0.000 bytes=196608 pkts=196608 shard=0
step=0168900 (run 900/8000) loss=2.69341 byte_ppl=14.782 atoms=5 merges=0 field=10.1680 rms=0.3178 scale=1.0000 fcos=nan ign=0.0000 prn=nan nxp=0.000 mph=0.000 bytes=196608 pkts=196608 shard=0
step=0168925 (run 925/8000) loss=0.00956 byte_ppl=1.010 atoms=32 merges=0 field=10.5206 rms=0.3288 scale=1.0000 fcos=nan ign=0.0000 prn=nan nxp=0.000 mph=0.000 bytes=196608 pkts=196608 shard=0
step=0168950 (run 950/8000) loss=6.46475 byte_ppl=642.103 atoms=60 merges=0 field=10.8921 rms=0.3404 scale=1.0000 fcos=nan ign=0.0000 prn=nan nxp=0.000 mph=0.000 bytes=196608 pkts=196608 shard=0
step=0168975 (run 975/8000) loss=2.36361 byte_ppl=10.629 atoms=16 merges=0 field=11.2133 rms=0.3504 scale=1.0000 fcos=nan ign=0.0000 prn=nan nxp=0.000 mph=0.000 bytes=196608 pkts=196608 shard=0
step=0169000 (run 1000/8000) loss=3.15937 byte_ppl=23.556 atoms=44 merges=0 field=11.5867 rms=0.3621 scale=1.0000 fcos=nan ign=0.0000 prn=nan nxp=0.000 mph=0.000 bytes=196608 pkts=196608 shard=0
step=0169025 (run 1025/8000) loss=6.52164 byte_ppl=679.690 atoms=1 merges=0 field=11.9607 rms=0.3738 scale=1.0000 fcos=nan ign=0.0000 prn=nan nxp=0.000 mph=0.000 bytes=196608 pkts=196608 shard=0
step=0169050 (run 1050/8000) loss=1.12246 byte_ppl=3.072 atoms=29 merges=0 field=12.3456 rms=0.3858 scale=1.0000 fcos=nan ign=0.0000 prn=nan nxp=0.000 mph=0.000 bytes=196608 pkts=196608 shard=0
step=0169075 (run 1075/8000) loss=0.23845 byte_ppl=1.269 atoms=56 merges=0 field=12.7005 rms=0.3969 scale=1.0000 fcos=nan ign=0.0000 prn=nan nxp=0.000 mph=0.000 bytes=196608 pkts=196608 shard=0
step=0169100 (run 1100/8000) loss=6.19035 byte_ppl=488.016 atoms=14 merges=0 field=13.0929 rms=0.4092 scale=1.0000 fcos=nan ign=0.0000 prn=nan nxp=0.000 mph=0.000 bytes=196608 pkts=196608 shard=0
step=0169125 (run 1125/8000) loss=0.00620 byte_ppl=1.006 atoms=41 merges=0 field=13.4710 rms=0.4210 scale=1.0000 fcos=nan ign=0.0000 prn=nan nxp=0.000 mph=0.000 bytes=196608 pkts=196608 shard=0
step=0169150 (run 1150/8000) loss=4.61378 byte_ppl=100.864 atoms=69 merges=0 field=13.8528 rms=0.4329 scale=1.0000 fcos=nan ign=0.0000 prn=nan nxp=0.000 mph=0.000 bytes=196608 pkts=196608 shard=0
step=0169175 (run 1175/8000) loss=0.07508 byte_ppl=1.078 atoms=25 merges=0 field=14.2483 rms=0.4453 scale=1.0000 fcos=nan ign=0.0000 prn=nan nxp=0.000 mph=0.000 bytes=196608 pkts=196608 shard=0
step=0169200 (run 1200/8000) loss=1.95469 byte_ppl=7.062 atoms=53 merges=0 field=14.6310 rms=0.4572 scale=1.0000 fcos=nan ign=0.0000 prn=nan nxp=0.000 mph=0.000 bytes=196608 pkts=196608 shard=0
step=0169225 (run 1225/8000) loss=0.01347 byte_ppl=1.014 atoms=10 merges=0 field=15.0436 rms=0.4701 scale=1.0000 fcos=nan ign=0.0000 prn=nan nxp=0.000 mph=0.000 bytes=196608 pkts=196608 shard=0
step=0169250 (run 1250/8000) loss=6.74315 byte_ppl=848.227 atoms=38 merges=0 field=15.4424 rms=0.4826 scale=1.0000 fcos=nan ign=0.0000 prn=nan nxp=0.000 mph=0.000 bytes=196608 pkts=196608 shard=0
step=0169275 (run 1275/8000) loss=1.47932 byte_ppl=4.390 atoms=65 merges=0 field=15.8304 rms=0.4947 scale=1.0000 fcos=nan ign=0.0000 prn=nan nxp=0.000 mph=0.000 bytes=196608 pkts=196608 shard=0
step=0169300 (run 1300/8000) loss=1.47687 byte_ppl=4.379 atoms=22 merges=0 field=16.2705 rms=0.5085 scale=1.0000 fcos=nan ign=0.0000 prn=nan nxp=0.000 mph=0.000 bytes=196608 pkts=196608 shard=0
step=0169325 (run 1325/8000) loss=3.29185 byte_ppl=26.893 atoms=49 merges=0 field=16.6692 rms=0.5209 scale=1.0000 fcos=nan ign=0.0000 prn=nan nxp=0.000 mph=0.000 bytes=196608 pkts=196608 shard=0
step=0169350 (run 1350/8000) loss=4.40474 byte_ppl=81.838 atoms=7 merges=0 field=17.0896 rms=0.5341 scale=1.0000 fcos=nan ign=0.0000 prn=nan nxp=0.000 mph=0.000 bytes=196608 pkts=196608 shard=0
step=0169375 (run 1375/8000) loss=2.04516 byte_ppl=7.730 atoms=34 merges=0 field=17.5474 rms=0.5484 scale=1.0000 fcos=nan ign=0.0000 prn=nan nxp=0.000 mph=0.000 bytes=196608 pkts=196608 shard=0
step=0169400 (run 1400/8000) loss=4.03430 byte_ppl=56.503 atoms=62 merges=0 field=17.9983 rms=0.5624 scale=1.0000 fcos=nan ign=0.0000 prn=nan nxp=0.000 mph=0.000 bytes=196608 pkts=196608 shard=0
step=0169425 (run 1425/8000) loss=0.25642 byte_ppl=1.292 atoms=19 merges=0 field=18.4330 rms=0.5760 scale=1.0000 fcos=nan ign=0.0000 prn=nan nxp=0.000 mph=0.000 bytes=196608 pkts=196608 shard=0
step=0169450 (run 1450/8000) loss=3.10092 byte_ppl=22.218 atoms=47 merges=0 field=18.8804 rms=0.5900 scale=1.0000 fcos=nan ign=0.0000 prn=nan nxp=0.000 mph=0.000 bytes=196608 pkts=196608 shard=0
step=0169475 (run 1475/8000) loss=0.02400 byte_ppl=1.024 atoms=3 merges=0 field=19.3349 rms=0.6042 scale=1.0000 fcos=nan ign=0.0000 prn=nan nxp=0.000 mph=0.000 bytes=196608 pkts=196608 shard=0
step=0169500 (run 1500/8000) loss=5.69328 byte_ppl=296.865 atoms=31 merges=0 field=19.7951 rms=0.6186 scale=1.0000 fcos=nan ign=0.0000 prn=nan nxp=0.000 mph=0.000 bytes=196608 pkts=196608 shard=0
step=0169525 (run 1525/8000) loss=0.00168 byte_ppl=1.002 atoms=58 merges=0 field=20.2605 rms=0.6331 scale=1.0000 fcos=nan ign=0.0000 prn=nan nxp=0.000 mph=0.000 bytes=196608 pkts=196608 shard=0
step=0169550 (run 1550/8000) loss=8.04206 byte_ppl=3109.008 atoms=16 merges=0 field=20.7086 rms=0.6471 scale=1.0000 fcos=nan ign=0.0000 prn=nan nxp=0.000 mph=0.000 bytes=196608 pkts=196608 shard=0
step=0169575 (run 1575/8000) loss=0.00100 byte_ppl=1.001 atoms=43 merges=0 field=21.1716 rms=0.6616 scale=1.0000 fcos=nan ign=0.0000 prn=nan nxp=0.000 mph=0.000 bytes=196608 pkts=196608 shard=0
step=0169600 (run 1600/8000) loss=0.63669 byte_ppl=1.890 atoms=71 merges=0 field=21.6804 rms=0.6775 scale=1.0000 fcos=nan ign=0.0000 prn=nan nxp=0.000 mph=0.000 bytes=196608 pkts=196608 shard=0
step=0169625 (run 1625/8000) loss=1.49268 byte_ppl=4.449 atoms=27 merges=0 field=22.1659 rms=0.6927 scale=1.0000 fcos=nan ign=0.0000 prn=nan nxp=0.000 mph=0.000 bytes=196608 pkts=196608 shard=0
step=0169650 (run 1650/8000) loss=4.99535 byte_ppl=147.725 atoms=55 merges=0 field=22.6907 rms=0.7091 scale=1.0000 fcos=nan ign=0.0000 prn=nan nxp=0.000 mph=0.000 bytes=196608 pkts=196608 shard=0
step=0169675 (run 1675/8000) loss=0.01295 byte_ppl=1.013 atoms=12 merges=0 field=23.1978 rms=0.7249 scale=1.0000 fcos=nan ign=0.0000 prn=nan nxp=0.000 mph=0.000 bytes=196608 pkts=196608 shard=0
step=0169700 (run 1700/8000) loss=1.51924 byte_ppl=4.569 atoms=40 merges=0 field=23.7008 rms=0.7407 scale=1.0000 fcos=nan ign=0.0000 prn=nan nxp=0.000 mph=0.000 bytes=196608 pkts=196608 shard=0
step=0169725 (run 1725/8000) loss=0.01473 byte_ppl=1.015 atoms=67 merges=0 field=24.1799 rms=0.7556 scale=1.0000 fcos=nan ign=0.0000 prn=nan nxp=0.000 mph=0.000 bytes=196608 pkts=196608 shard=0
step=0169750 (run 1750/8000) loss=0.95993 byte_ppl=2.612 atoms=25 merges=0 field=24.7168 rms=0.7724 scale=1.0000 fcos=nan ign=0.0000 prn=nan nxp=0.000 mph=0.000 bytes=196608 pkts=196608 shard=0
step=0169775 (run 1775/8000) loss=0.16029 byte_ppl=1.174 atoms=52 merges=0 field=25.2317 rms=0.7885 scale=1.0000 fcos=nan ign=0.0000 prn=nan nxp=0.000 mph=0.000 bytes=196608 pkts=196608 shard=0
step=0169800 (run 1800/8000) loss=2.80471 byte_ppl=16.522 atoms=9 merges=0 field=25.7852 rms=0.8058 scale=1.0000 fcos=nan ign=0.0000 prn=nan nxp=0.000 mph=0.000 bytes=196608 pkts=196608 shard=0
step=0169825 (run 1825/8000) loss=0.00472 byte_ppl=1.005 atoms=36 merges=0 field=26.3472 rms=0.8234 scale=1.0000 fcos=nan ign=0.0000 prn=nan nxp=0.000 mph=0.000 bytes=196608 pkts=196608 shard=0
step=0169850 (run 1850/8000) loss=5.84923 byte_ppl=346.967 atoms=64 merges=0 field=26.9078 rms=0.8409 scale=1.0000 fcos=nan ign=0.0000 prn=nan nxp=0.000 mph=0.000 bytes=196608 pkts=196608 shard=0
step=0169875 (run 1875/8000) loss=0.00807 byte_ppl=1.008 atoms=21 merges=0 field=27.4676 rms=0.8584 scale=1.0000 fcos=nan ign=0.0000 prn=nan nxp=0.000 mph=0.000 bytes=196608 pkts=196608 shard=0
step=0169900 (run 1900/8000) loss=5.16859 byte_ppl=175.667 atoms=49 merges=0 field=28.0448 rms=0.8764 scale=1.0000 fcos=nan ign=0.0000 prn=nan nxp=0.000 mph=0.000 bytes=196608 pkts=196608 shard=0
step=0169925 (run 1925/8000) loss=0.27744 byte_ppl=1.320 atoms=5 merges=0 field=28.5804 rms=0.8931 scale=1.0000 fcos=nan ign=0.0000 prn=nan nxp=0.000 mph=0.000 bytes=196608 pkts=196608 shard=0
step=0169950 (run 1950/8000) loss=2.89362 byte_ppl=18.059 atoms=33 merges=0 field=29.1766 rms=0.9118 scale=1.0000 fcos=nan ign=0.0000 prn=nan nxp=0.000 mph=0.000 bytes=196608 pkts=196608 shard=0
step=0169975 (run 1975/8000) loss=0.00162 byte_ppl=1.002 atoms=60 merges=0 field=29.7507 rms=0.9297 scale=1.0000 fcos=nan ign=0.0000 prn=nan nxp=0.000 mph=0.000 bytes=196608 pkts=196608 shard=0
step=0170000 (run 2000/8000) loss=2.02439 byte_ppl=7.571 atoms=18 merges=0 field=30.3506 rms=0.9485 scale=1.0000 fcos=nan ign=0.0000 prn=nan nxp=0.000 mph=0.000 bytes=196608 pkts=196608 shard=0
step=0170025 (run 2025/8000) loss=0.00047 byte_ppl=1.000 atoms=45 merges=0 field=30.9615 rms=0.9675 scale=1.0000 fcos=nan ign=0.0000 prn=nan nxp=0.000 mph=0.000 bytes=196608 pkts=196608 shard=0
step=0170050 (run 2050/8000) loss=3.20329 byte_ppl=24.613 atoms=3 merges=0 field=31.5728 rms=0.9867 scale=1.0000 fcos=nan ign=0.0000 prn=nan nxp=0.000 mph=0.000 bytes=196608 pkts=196608 shard=0
step=0170075 (run 2075/8000) loss=0.00154 byte_ppl=1.002 atoms=30 merges=0 field=32.1740 rms=1.0054 scale=1.0000 fcos=nan ign=0.0000 prn=nan nxp=0.000 mph=0.000 bytes=196608 pkts=196608 shard=0
step=0170100 (run 2100/8000) loss=4.94948 byte_ppl=141.101 atoms=58 merges=0 field=32.7807 rms=1.0244 scale=1.0000 fcos=nan ign=0.0000 prn=nan nxp=0.000 mph=0.000 bytes=196608 pkts=196608 shard=0
step=0170125 (run 2125/8000) loss=0.00056 byte_ppl=1.001 atoms=14 merges=0 field=33.4011 rms=1.0438 scale=1.0000 fcos=nan ign=0.0000 prn=nan nxp=0.000 mph=0.000 bytes=196608 pkts=196608 shard=0
step=0170150 (run 2150/8000) loss=2.09224 byte_ppl=8.103 atoms=42 merges=0 field=34.0702 rms=1.0647 scale=1.0000 fcos=nan ign=0.0000 prn=nan nxp=0.000 mph=0.000 bytes=196608 pkts=196608 shard=0
step=0170175 (run 2175/8000) loss=3.31749 byte_ppl=27.591 atoms=69 merges=0 field=34.7047 rms=1.0845 scale=1.0000 fcos=nan ign=0.0000 prn=nan nxp=0.000 mph=0.000 bytes=196608 pkts=196608 shard=0
step=0170200 (run 2200/8000) loss=1.67233 byte_ppl=5.325 atoms=27 merges=0 field=35.3792 rms=1.1056 scale=1.0000 fcos=nan ign=0.0000 prn=nan nxp=0.000 mph=0.000 bytes=196608 pkts=196608 shard=0
step=0170225 (run 2225/8000) loss=0.02007 byte_ppl=1.020 atoms=54 merges=0 field=36.0344 rms=1.1261 scale=1.0000 fcos=nan ign=0.0000 prn=nan nxp=0.000 mph=0.000 bytes=196608 pkts=196608 shard=0
step=0170250 (run 2250/8000) loss=4.91952 byte_ppl=136.937 atoms=11 merges=0 field=36.6723 rms=1.1460 scale=1.0000 fcos=nan ign=0.0000 prn=nan nxp=0.000 mph=0.000 bytes=196608 pkts=196608 shard=0
step=0170275 (run 2275/8000) loss=0.33256 byte_ppl=1.395 atoms=38 merges=0 field=37.3312 rms=1.1666 scale=1.0000 fcos=nan ign=0.0000 prn=nan nxp=0.000 mph=0.000 bytes=196608 pkts=196608 shard=0
step=0170300 (run 2300/8000) loss=5.07085 byte_ppl=159.310 atoms=66 merges=0 field=37.9953 rms=1.1874 scale=1.0000 fcos=nan ign=0.0000 prn=nan nxp=0.000 mph=0.000 bytes=196608 pkts=196608 shard=0
step=0170325 (run 2325/8000) loss=0.02498 byte_ppl=1.025 atoms=23 merges=0 field=38.6796 rms=1.2087 scale=1.0000 fcos=nan ign=0.0000 prn=nan nxp=0.000 mph=0.000 bytes=196608 pkts=196608 shard=0
step=0170350 (run 2350/8000) loss=0.03806 byte_ppl=1.039 atoms=51 merges=0 field=39.3906 rms=1.2310 scale=1.0000 fcos=nan ign=0.0000 prn=nan nxp=0.000 mph=0.000 bytes=196608 pkts=196608 shard=0
step=0170375 (run 2375/8000) loss=1.58820 byte_ppl=4.895 atoms=8 merges=0 field=40.0590 rms=1.2518 scale=1.0000 fcos=nan ign=0.0000 prn=nan nxp=0.000 mph=0.000 bytes=196608 pkts=196608 shard=0
step=0170400 (run 2400/8000) loss=6.88811 byte_ppl=980.546 atoms=36 merges=0 field=40.7858 rms=1.2746 scale=1.0000 fcos=nan ign=0.0000 prn=nan nxp=0.000 mph=0.000 bytes=196608 pkts=196608 shard=0
step=0170425 (run 2425/8000) loss=0.07130 byte_ppl=1.074 atoms=63 merges=0 field=41.5131 rms=1.2973 scale=1.0000 fcos=nan ign=0.0000 prn=nan nxp=0.000 mph=0.000 bytes=196608 pkts=196608 shard=0
step=0170450 (run 2450/8000) loss=1.10893 byte_ppl=3.031 atoms=20 merges=0 field=42.2562 rms=1.3205 scale=1.0000 fcos=nan ign=0.0000 prn=nan nxp=0.000 mph=0.000 bytes=196608 pkts=196608 shard=0
step=0170475 (run 2475/8000) loss=0.01283 byte_ppl=1.013 atoms=47 merges=0 field=42.9875 rms=1.3434 scale=1.0000 fcos=nan ign=0.0000 prn=nan nxp=0.000 mph=0.000 bytes=196608 pkts=196608 shard=0
step=0170500 (run 2500/8000) loss=2.48960 byte_ppl=12.056 atoms=5 merges=0 field=43.7540 rms=1.3673 scale=1.0000 fcos=nan ign=0.0000 prn=nan nxp=0.000 mph=0.000 bytes=196608 pkts=196608 shard=0
step=0170525 (run 2525/8000) loss=0.87763 byte_ppl=2.405 atoms=32 merges=0 field=44.4882 rms=1.3903 scale=1.0000 fcos=nan ign=0.0000 prn=nan nxp=0.000 mph=0.000 bytes=196608 pkts=196608 shard=0
step=0170550 (run 2550/8000) loss=3.31253 byte_ppl=27.455 atoms=60 merges=0 field=45.2647 rms=1.4145 scale=1.0000 fcos=nan ign=0.0000 prn=nan nxp=0.000 mph=0.000 bytes=196608 pkts=196608 shard=0
step=0170575 (run 2575/8000) loss=2.38623 byte_ppl=10.872 atoms=16 merges=0 field=46.0361 rms=1.4386 scale=1.0000 fcos=nan ign=0.0000 prn=nan nxp=0.000 mph=0.000 bytes=196608 pkts=196608 shard=0
step=0170600 (run 2600/8000) loss=2.78100 byte_ppl=16.135 atoms=44 merges=0 field=46.8522 rms=1.4641 scale=1.0000 fcos=nan ign=0.0000 prn=nan nxp=0.000 mph=0.000 bytes=196608 pkts=196608 shard=0
step=0170625 (run 2625/8000) loss=0.00187 byte_ppl=1.002 atoms=1 merges=0 field=47.6467 rms=1.4890 scale=1.0000 fcos=nan ign=0.0000 prn=nan nxp=0.000 mph=0.000 bytes=196608 pkts=196608 shard=0
step=0170650 (run 2650/8000) loss=6.17266 byte_ppl=479.459 atoms=29 merges=0 field=48.4811 rms=1.5150 scale=1.0000 fcos=nan ign=0.0000 prn=nan nxp=0.000 mph=0.000 bytes=196608 pkts=196608 shard=0
step=0170675 (run 2675/8000) loss=0.01963 byte_ppl=1.020 atoms=56 merges=0 field=49.2681 rms=1.5396 scale=1.0000 fcos=nan ign=0.0000 prn=nan nxp=0.000 mph=0.000 bytes=196608 pkts=196608 shard=0
step=0170700 (run 2700/8000) loss=4.72666 byte_ppl=112.918 atoms=14 merges=0 field=50.1378 rms=1.5668 scale=1.0000 fcos=nan ign=0.0000 prn=nan nxp=0.000 mph=0.000 bytes=196608 pkts=196608 shard=0
step=0170725 (run 2725/8000) loss=2.34613 byte_ppl=10.445 atoms=41 merges=0 field=50.9553 rms=1.5924 scale=1.0000 fcos=nan ign=0.0000 prn=nan nxp=0.000 mph=0.000 bytes=196608 pkts=196608 shard=0
step=0170750 (run 2750/8000) loss=10.27814 byte_ppl=29089.663 atoms=69 merges=0 field=51.8491 rms=1.6203 scale=1.0000 fcos=nan ign=0.0000 prn=nan nxp=0.000 mph=0.000 bytes=196608 pkts=196608 shard=0
step=0170775 (run 2775/8000) loss=0.00341 byte_ppl=1.003 atoms=25 merges=0 field=52.6746 rms=1.6461 scale=1.0000 fcos=nan ign=0.0000 prn=nan nxp=0.000 mph=0.000 bytes=196608 pkts=196608 shard=0
step=0170800 (run 2800/8000) loss=4.79266 byte_ppl=120.622 atoms=53 merges=0 field=53.5539 rms=1.6736 scale=1.0000 fcos=nan ign=0.0000 prn=nan nxp=0.000 mph=0.000 bytes=196608 pkts=196608 shard=0
step=0170825 (run 2825/8000) loss=0.01277 byte_ppl=1.013 atoms=10 merges=0 field=54.4286 rms=1.7009 scale=1.0000 fcos=nan ign=0.0000 prn=nan nxp=0.000 mph=0.000 bytes=196608 pkts=196608 shard=0
step=0170850 (run 2850/8000) loss=2.87492 byte_ppl=17.724 atoms=38 merges=0 field=55.3333 rms=1.7292 scale=1.0000 fcos=nan ign=0.0000 prn=nan nxp=0.000 mph=0.000 bytes=196608 pkts=196608 shard=0
step=0170875 (run 2875/8000) loss=1.32010 byte_ppl=3.744 atoms=65 merges=0 field=56.2129 rms=1.7567 scale=1.0000 fcos=nan ign=0.0000 prn=nan nxp=0.000 mph=0.000 bytes=196608 pkts=196608 shard=0
step=0170900 (run 2900/8000) loss=5.06268 byte_ppl=158.014 atoms=22 merges=0 field=57.1658 rms=1.7864 scale=1.0000 fcos=nan ign=0.0000 prn=nan nxp=0.000 mph=0.000 bytes=196608 pkts=196608 shard=0
step=0170925 (run 2925/8000) loss=0.18188 byte_ppl=1.199 atoms=49 merges=0 field=58.0660 rms=1.8146 scale=1.0000 fcos=nan ign=0.0000 prn=nan nxp=0.000 mph=0.000 bytes=196608 pkts=196608 shard=0
step=0170950 (run 2950/8000) loss=5.72580 byte_ppl=306.677 atoms=7 merges=0 field=59.0294 rms=1.8447 scale=1.0000 fcos=nan ign=0.0000 prn=nan nxp=0.000 mph=0.000 bytes=196608 pkts=196608 shard=0
step=0170975 (run 2975/8000) loss=0.65053 byte_ppl=1.917 atoms=34 merges=0 field=59.9899 rms=1.8747 scale=1.0000 fcos=nan ign=0.0000 prn=nan nxp=0.000 mph=0.000 bytes=196608 pkts=196608 shard=0
step=0171000 (run 3000/8000) loss=2.45373 byte_ppl=11.632 atoms=62 merges=0 field=60.9842 rms=1.9058 scale=1.0000 fcos=nan ign=0.0000 prn=nan nxp=0.000 mph=0.000 bytes=196608 pkts=196608 shard=0
step=0171025 (run 3025/8000) loss=4.33288 byte_ppl=76.163 atoms=19 merges=0 field=61.9321 rms=1.9354 scale=1.0000 fcos=nan ign=0.0000 prn=nan nxp=0.000 mph=0.000 bytes=196608 pkts=196608 shard=0
step=0171050 (run 3050/8000) loss=4.10244 byte_ppl=60.487 atoms=47 merges=0 field=62.9264 rms=1.9664 scale=1.0000 fcos=nan ign=0.0000 prn=nan nxp=0.000 mph=0.000 bytes=196608 pkts=196608 shard=0
step=0171075 (run 3075/8000) loss=0.00191 byte_ppl=1.002 atoms=3 merges=0 field=63.9257 rms=1.9977 scale=1.0000 fcos=nan ign=0.0000 prn=nan nxp=0.000 mph=0.000 bytes=196608 pkts=196608 shard=0
step=0171100 (run 3100/8000) loss=4.96837 byte_ppl=143.792 atoms=31 merges=0 field=64.9671 rms=2.0302 scale=1.0000 fcos=nan ign=0.0000 prn=nan nxp=0.000 mph=0.000 bytes=196608 pkts=196608 shard=0
step=0171125 (run 3125/8000) loss=0.00870 byte_ppl=1.009 atoms=58 merges=0 field=65.9770 rms=2.0618 scale=1.0000 fcos=nan ign=0.0000 prn=nan nxp=0.000 mph=0.000 bytes=196608 pkts=196608 shard=0
step=0171150 (run 3150/8000) loss=8.61484 byte_ppl=5512.859 atoms=16 merges=0 field=67.0414 rms=2.0950 scale=1.0000 fcos=nan ign=0.0000 prn=nan nxp=0.000 mph=0.000 bytes=196608 pkts=196608 shard=0
step=0171175 (run 3175/8000) loss=0.00062 byte_ppl=1.001 atoms=43 merges=0 field=68.0770 rms=2.1274 scale=1.0000 fcos=nan ign=0.0000 prn=nan nxp=0.000 mph=0.000 bytes=196608 pkts=196608 shard=0
step=0171200 (run 3200/8000) loss=7.99969 byte_ppl=2980.026 atoms=71 merges=0 field=69.1737 rms=2.1617 scale=1.0000 fcos=nan ign=0.0000 prn=nan nxp=0.000 mph=0.000 bytes=196608 pkts=196608 shard=0
step=0171225 (run 3225/8000) loss=5.70427 byte_ppl=300.147 atoms=27 merges=0 field=70.2260 rms=2.1946 scale=1.0000 fcos=nan ign=0.0000 prn=nan nxp=0.000 mph=0.000 bytes=196608 pkts=196608 shard=0
step=0171250 (run 3250/8000) loss=0.39693 byte_ppl=1.487 atoms=55 merges=0 field=71.3611 rms=2.2300 scale=1.0000 fcos=nan ign=0.0000 prn=nan nxp=0.000 mph=0.000 bytes=196608 pkts=196608 shard=0
step=0171275 (run 3275/8000) loss=0.00056 byte_ppl=1.001 atoms=12 merges=0 field=72.4561 rms=2.2643 scale=1.0000 fcos=nan ign=0.0000 prn=nan nxp=0.000 mph=0.000 bytes=196608 pkts=196608 shard=0
step=0171300 (run 3300/8000) loss=2.38781 byte_ppl=10.890 atoms=40 merges=0 field=73.6270 rms=2.3008 scale=1.0000 fcos=nan ign=0.0000 prn=nan nxp=0.000 mph=0.000 bytes=196608 pkts=196608 shard=0
step=0171325 (run 3325/8000) loss=0.00462 byte_ppl=1.005 atoms=67 merges=0 field=74.7368 rms=2.3355 scale=1.0000 fcos=nan ign=0.0000 prn=nan nxp=0.000 mph=0.000 bytes=196608 pkts=196608 shard=0
step=0171350 (run 3350/8000) loss=2.76149 byte_ppl=15.823 atoms=25 merges=0 field=75.9044 rms=2.3720 scale=1.0000 fcos=nan ign=0.0000 prn=nan nxp=0.000 mph=0.000 bytes=196608 pkts=196608 shard=0
step=0171375 (run 3375/8000) loss=0.07125 byte_ppl=1.074 atoms=52 merges=0 field=77.0505 rms=2.4078 scale=1.0000 fcos=nan ign=0.0000 prn=nan nxp=0.000 mph=0.000 bytes=196608 pkts=196608 shard=0
step=0171400 (run 3400/8000) loss=0.36056 byte_ppl=1.434 atoms=9 merges=0 field=78.2640 rms=2.4458 scale=1.0000 fcos=nan ign=0.0000 prn=nan nxp=0.000 mph=0.000 bytes=196608 pkts=196608 shard=0
step=0171425 (run 3425/8000) loss=3.76141 byte_ppl=43.009 atoms=36 merges=0 field=79.4255 rms=2.4820 scale=1.0000 fcos=nan ign=0.0000 prn=nan nxp=0.000 mph=0.000 bytes=196608 pkts=196608 shard=0
step=0171450 (run 3450/8000) loss=15.38984 byte_ppl=4827490.209 atoms=64 merges=0 field=80.6658 rms=2.5208 scale=1.0000 fcos=nan ign=0.0000 prn=nan nxp=0.000 mph=0.000 bytes=196608 pkts=196608 shard=0
step=0171475 (run 3475/8000) loss=6.16484 byte_ppl=475.726 atoms=21 merges=0 field=81.8761 rms=2.5586 scale=1.0000 fcos=nan ign=0.0000 prn=nan nxp=0.000 mph=0.000 bytes=196608 pkts=196608 shard=0
step=0171500 (run 3500/8000) loss=2.25539 byte_ppl=9.539 atoms=49 merges=0 field=83.1252 rms=2.5977 scale=1.0000 fcos=nan ign=0.0000 prn=nan nxp=0.000 mph=0.000 bytes=196608 pkts=196608 shard=0
step=0171525 (run 3525/8000) loss=0.04361 byte_ppl=1.045 atoms=5 merges=0 field=84.3723 rms=2.6366 scale=1.0000 fcos=nan ign=0.0000 prn=nan nxp=0.000 mph=0.000 bytes=196608 pkts=196608 shard=0
step=0171550 (run 3550/8000) loss=0.57758 byte_ppl=1.782 atoms=33 merges=0 field=85.6728 rms=2.6773 scale=1.0000 fcos=nan ign=0.0000 prn=nan nxp=0.000 mph=0.000 bytes=196608 pkts=196608 shard=0
step=0171575 (run 3575/8000) loss=0.82527 byte_ppl=2.282 atoms=60 merges=0 field=86.9676 rms=2.7177 scale=1.0000 fcos=nan ign=0.0000 prn=nan nxp=0.000 mph=0.000 bytes=196608 pkts=196608 shard=0
step=0171600 (run 3600/8000) loss=7.62315 byte_ppl=2045.001 atoms=18 merges=0 field=88.2938 rms=2.7592 scale=1.0000 fcos=nan ign=0.0000 prn=nan nxp=0.000 mph=0.000 bytes=196608 pkts=196608 shard=0
step=0171625 (run 3625/8000) loss=8.56710 byte_ppl=5255.853 atoms=45 merges=0 field=89.6123 rms=2.8004 scale=1.0000 fcos=nan ign=0.0000 prn=nan nxp=0.000 mph=0.000 bytes=196608 pkts=196608 shard=0
step=0171650 (run 3650/8000) loss=4.39160 byte_ppl=80.769 atoms=3 merges=0 field=90.9826 rms=2.8432 scale=1.0000 fcos=nan ign=0.0000 prn=nan nxp=0.000 mph=0.000 bytes=196608 pkts=196608 shard=0
step=0171675 (run 3675/8000) loss=3.91059 byte_ppl=49.928 atoms=30 merges=0 field=92.3524 rms=2.8860 scale=1.0000 fcos=nan ign=0.0000 prn=nan nxp=0.000 mph=0.000 bytes=196608 pkts=196608 shard=0
step=0171700 (run 3700/8000) loss=2.31639 byte_ppl=10.139 atoms=58 merges=0 field=93.7786 rms=2.9306 scale=1.0000 fcos=nan ign=0.0000 prn=nan nxp=0.000 mph=0.000 bytes=196608 pkts=196608 shard=0
step=0171725 (run 3725/8000) loss=4.72291 byte_ppl=112.495 atoms=14 merges=0 field=95.1580 rms=2.9737 scale=1.0000 fcos=nan ign=0.0000 prn=nan nxp=0.000 mph=0.000 bytes=196608 pkts=196608 shard=0
step=0171750 (run 3750/8000) loss=3.54882 byte_ppl=34.772 atoms=42 merges=0 field=96.0000 rms=3.0000 scale=0.9994 fcos=nan ign=0.0000 prn=nan nxp=0.000 mph=0.000 bytes=196608 pkts=196608 shard=0
step=0171775 (run 3775/8000) loss=0.00366 byte_ppl=1.004 atoms=69 merges=0 field=96.0000 rms=3.0000 scale=0.9994 fcos=nan ign=0.0000 prn=nan nxp=0.000 mph=0.000 bytes=196608 pkts=196608 shard=0
step=0171800 (run 3800/8000) loss=6.37011 byte_ppl=584.120 atoms=27 merges=0 field=96.0000 rms=3.0000 scale=0.9994 fcos=nan ign=0.0000 prn=nan nxp=0.000 mph=0.000 bytes=196608 pkts=196608 shard=0
step=0171825 (run 3825/8000) loss=0.21301 byte_ppl=1.237 atoms=54 merges=0 field=96.0000 rms=3.0000 scale=0.9994 fcos=nan ign=0.0000 prn=nan nxp=0.000 mph=0.000 bytes=196608 pkts=196608 shard=0
step=0171850 (run 3850/8000) loss=6.43157 byte_ppl=621.145 atoms=11 merges=0 field=96.0000 rms=3.0000 scale=0.9995 fcos=nan ign=0.0000 prn=nan nxp=0.000 mph=0.000 bytes=196608 pkts=196608 shard=0
step=0171875 (run 3875/8000) loss=4.75058 byte_ppl=115.651 atoms=38 merges=0 field=96.0000 rms=3.0000 scale=0.9995 fcos=nan ign=0.0000 prn=nan nxp=0.000 mph=0.000 bytes=196608 pkts=196608 shard=0
step=0171900 (run 3900/8000) loss=9.57065 byte_ppl=14337.803 atoms=66 merges=0 field=96.0000 rms=3.0000 scale=0.9994 fcos=nan ign=0.0000 prn=nan nxp=0.000 mph=0.000 bytes=196608 pkts=196608 shard=0
step=0171925 (run 3925/8000) loss=0.28083 byte_ppl=1.324 atoms=23 merges=0 field=96.0000 rms=3.0000 scale=0.9994 fcos=nan ign=0.0000 prn=nan nxp=0.000 mph=0.000 bytes=196608 pkts=196608 shard=0
step=0171950 (run 3950/8000) loss=6.48804 byte_ppl=657.236 atoms=51 merges=0 field=96.0000 rms=3.0000 scale=0.9994 fcos=nan ign=0.0000 prn=nan nxp=0.000 mph=0.000 bytes=196608 pkts=196608 shard=0
step=0171975 (run 3975/8000) loss=0.00051 byte_ppl=1.001 atoms=8 merges=0 field=96.0000 rms=3.0000 scale=0.9995 fcos=nan ign=0.0000 prn=nan nxp=0.000 mph=0.000 bytes=196608 pkts=196608 shard=0
step=0172000 (run 4000/8000) loss=5.82887 byte_ppl=339.973 atoms=36 merges=0 field=96.0000 rms=3.0000 scale=0.9994 fcos=nan ign=0.0000 prn=nan nxp=0.000 mph=0.000 bytes=196608 pkts=196608 shard=0
step=0172025 (run 4025/8000) loss=1.79348 byte_ppl=6.010 atoms=63 merges=0 field=96.0000 rms=3.0000 scale=0.9995 fcos=nan ign=0.0000 prn=nan nxp=0.000 mph=0.000 bytes=196608 pkts=196608 shard=0
step=0172050 (run 4050/8000) loss=2.77836 byte_ppl=16.093 atoms=20 merges=0 field=96.0000 rms=3.0000 scale=0.9995 fcos=nan ign=0.0000 prn=nan nxp=0.000 mph=0.000 bytes=196608 pkts=196608 shard=0
step=0172075 (run 4075/8000) loss=2.62743 byte_ppl=13.838 atoms=47 merges=0 field=96.0000 rms=3.0000 scale=0.9995 fcos=nan ign=0.0000 prn=nan nxp=0.000 mph=0.000 bytes=196608 pkts=196608 shard=0
step=0172100 (run 4100/8000) loss=6.10955 byte_ppl=450.135 atoms=5 merges=0 field=96.0000 rms=3.0000 scale=0.9994 fcos=nan ign=0.0000 prn=nan nxp=0.000 mph=0.000 bytes=196608 pkts=196608 shard=0
step=0172125 (run 4125/8000) loss=0.00395 byte_ppl=1.004 atoms=32 merges=0 field=96.0000 rms=3.0000 scale=0.9995 fcos=nan ign=0.0000 prn=nan nxp=0.000 mph=0.000 bytes=196608 pkts=196608 shard=0
step=0172150 (run 4150/8000) loss=1.96236 byte_ppl=7.116 atoms=60 merges=0 field=96.0000 rms=3.0000 scale=0.9995 fcos=nan ign=0.0000 prn=nan nxp=0.000 mph=0.000 bytes=196608 pkts=196608 shard=0
step=0172175 (run 4175/8000) loss=3.50825 byte_ppl=33.390 atoms=16 merges=0 field=96.0000 rms=3.0000 scale=0.9995 fcos=nan ign=0.0000 prn=nan nxp=0.000 mph=0.000 bytes=196608 pkts=196608 shard=0
step=0172200 (run 4200/8000) loss=4.57385 byte_ppl=96.917 atoms=44 merges=0 field=96.0000 rms=3.0000 scale=0.9994 fcos=nan ign=0.0000 prn=nan nxp=0.000 mph=0.000 bytes=196608 pkts=196608 shard=0
step=0172225 (run 4225/8000) loss=1.91876 byte_ppl=6.813 atoms=1 merges=0 field=96.0000 rms=3.0000 scale=0.9994 fcos=nan ign=0.0000 prn=nan nxp=0.000 mph=0.000 bytes=196608 pkts=196608 shard=0
step=0172250 (run 4250/8000) loss=5.76719 byte_ppl=319.637 atoms=29 merges=0 field=96.0000 rms=3.0000 scale=0.9995 fcos=nan ign=0.0000 prn=nan nxp=0.000 mph=0.000 bytes=196608 pkts=196608 shard=0
step=0172275 (run 4275/8000) loss=0.00079 byte_ppl=1.001 atoms=56 merges=0 field=96.0000 rms=3.0000 scale=0.9995 fcos=nan ign=0.0000 prn=nan nxp=0.000 mph=0.000 bytes=196608 pkts=196608 shard=0
step=0172300 (run 4300/8000) loss=6.01890 byte_ppl=411.125 atoms=14 merges=0 field=96.0000 rms=3.0000 scale=0.9994 fcos=nan ign=0.0000 prn=nan nxp=0.000 mph=0.000 bytes=196608 pkts=196608 shard=0
step=0172325 (run 4325/8000) loss=7.07824 byte_ppl=1185.885 atoms=41 merges=0 field=96.0000 rms=3.0000 scale=0.9995 fcos=nan ign=0.0000 prn=nan nxp=0.000 mph=0.000 bytes=196608 pkts=196608 shard=0
step=0172350 (run 4350/8000) loss=3.01899 byte_ppl=20.471 atoms=69 merges=0 field=96.0000 rms=3.0000 scale=0.9995 fcos=nan ign=0.0000 prn=nan nxp=0.000 mph=0.000 bytes=196608 pkts=196608 shard=0
step=0172375 (run 4375/8000) loss=2.17667 byte_ppl=8.817 atoms=25 merges=0 field=96.0000 rms=3.0000 scale=0.9994 fcos=nan ign=0.0000 prn=nan nxp=0.000 mph=0.000 bytes=196608 pkts=196608 shard=0
step=0172400 (run 4400/8000) loss=1.90292 byte_ppl=6.705 atoms=53 merges=0 field=96.0000 rms=3.0000 scale=0.9995 fcos=nan ign=0.0000 prn=nan nxp=0.000 mph=0.000 bytes=196608 pkts=196608 shard=0
step=0172425 (run 4425/8000) loss=3.38624 byte_ppl=29.555 atoms=10 merges=0 field=96.0000 rms=3.0000 scale=0.9994 fcos=nan ign=0.0000 prn=nan nxp=0.000 mph=0.000 bytes=196608 pkts=196608 shard=0
step=0172450 (run 4450/8000) loss=10.89090 byte_ppl=53685.423 atoms=38 merges=0 field=96.0000 rms=3.0000 scale=0.9995 fcos=nan ign=0.0000 prn=nan nxp=0.000 mph=0.000 bytes=196608 pkts=196608 shard=0
step=0172475 (run 4475/8000) loss=0.00302 byte_ppl=1.003 atoms=65 merges=0 field=96.0000 rms=3.0000 scale=0.9995 fcos=nan ign=0.0000 prn=nan nxp=0.000 mph=0.000 bytes=196608 pkts=196608 shard=0
step=0172500 (run 4500/8000) loss=3.98865 byte_ppl=53.982 atoms=22 merges=0 field=96.0000 rms=3.0000 scale=0.9994 fcos=nan ign=0.0000 prn=nan nxp=0.000 mph=0.000 bytes=196608 pkts=196608 shard=0
step=0172525 (run 4525/8000) loss=0.05157 byte_ppl=1.053 atoms=49 merges=0 field=96.0000 rms=3.0000 scale=0.9995 fcos=nan ign=0.0000 prn=nan nxp=0.000 mph=0.000 bytes=196608 pkts=196608 shard=0
step=0172550 (run 4550/8000) loss=1.33228 byte_ppl=3.790 atoms=7 merges=0 field=96.0000 rms=3.0000 scale=0.9994 fcos=nan ign=0.0000 prn=nan nxp=0.000 mph=0.000 bytes=196608 pkts=196608 shard=0
step=0172575 (run 4575/8000) loss=1.48814 byte_ppl=4.429 atoms=34 merges=0 field=96.0000 rms=3.0000 scale=0.9995 fcos=nan ign=0.0000 prn=nan nxp=0.000 mph=0.000 bytes=196608 pkts=196608 shard=0
step=0172600 (run 4600/8000) loss=5.92950 byte_ppl=375.965 atoms=62 merges=0 field=96.0000 rms=3.0000 scale=0.9994 fcos=nan ign=0.0000 prn=nan nxp=0.000 mph=0.000 bytes=196608 pkts=196608 shard=0
step=0172625 (run 4625/8000) loss=4.17520 byte_ppl=65.053 atoms=19 merges=0 field=96.0000 rms=3.0000 scale=0.9995 fcos=nan ign=0.0000 prn=nan nxp=0.000 mph=0.000 bytes=196608 pkts=196608 shard=0
step=0172650 (run 4650/8000) loss=4.72327 byte_ppl=112.536 atoms=47 merges=0 field=96.0000 rms=3.0000 scale=0.9994 fcos=nan ign=0.0000 prn=nan nxp=0.000 mph=0.000 bytes=196608 pkts=196608 shard=0
step=0172675 (run 4675/8000) loss=0.00212 byte_ppl=1.002 atoms=3 merges=0 field=96.0000 rms=3.0000 scale=0.9995 fcos=nan ign=0.0000 prn=nan nxp=0.000 mph=0.000 bytes=196608 pkts=196608 shard=0
step=0172700 (run 4700/8000) loss=3.16425 byte_ppl=23.671 atoms=31 merges=0 field=96.0000 rms=3.0000 scale=0.9994 fcos=nan ign=0.0000 prn=nan nxp=0.000 mph=0.000 bytes=196608 pkts=196608 shard=0
step=0172725 (run 4725/8000) loss=0.34497 byte_ppl=1.412 atoms=58 merges=0 field=96.0000 rms=3.0000 scale=0.9994 fcos=nan ign=0.0000 prn=nan nxp=0.000 mph=0.000 bytes=196608 pkts=196608 shard=0
step=0172750 (run 4750/8000) loss=6.63641 byte_ppl=762.352 atoms=16 merges=0 field=96.0000 rms=3.0000 scale=0.9995 fcos=nan ign=0.0000 prn=nan nxp=0.000 mph=0.000 bytes=196608 pkts=196608 shard=0
step=0172775 (run 4775/8000) loss=0.01598 byte_ppl=1.016 atoms=43 merges=0 field=96.0000 rms=3.0000 scale=0.9994 fcos=nan ign=0.0000 prn=nan nxp=0.000 mph=0.000 bytes=196608 pkts=196608 shard=0
step=0172800 (run 4800/8000) loss=1.26042 byte_ppl=3.527 atoms=71 merges=0 field=96.0000 rms=3.0000 scale=0.9994 fcos=nan ign=0.0000 prn=nan nxp=0.000 mph=0.000 bytes=196608 pkts=196608 shard=0
step=0172825 (run 4825/8000) loss=0.43600 byte_ppl=1.547 atoms=27 merges=0 field=96.0000 rms=3.0000 scale=0.9994 fcos=nan ign=0.0000 prn=nan nxp=0.000 mph=0.000 bytes=196608 pkts=196608 shard=0
step=0172850 (run 4850/8000) loss=5.54550 byte_ppl=256.083 atoms=55 merges=0 field=96.0000 rms=3.0000 scale=0.9994 fcos=nan ign=0.0000 prn=nan nxp=0.000 mph=0.000 bytes=196608 pkts=196608 shard=0
step=0172875 (run 4875/8000) loss=0.00629 byte_ppl=1.006 atoms=12 merges=0 field=96.0000 rms=3.0000 scale=0.9995 fcos=nan ign=0.0000 prn=nan nxp=0.000 mph=0.000 bytes=196608 pkts=196608 shard=0
step=0172900 (run 4900/8000) loss=5.46799 byte_ppl=236.984 atoms=40 merges=0 field=96.0000 rms=3.0000 scale=0.9995 fcos=nan ign=0.0000 prn=nan nxp=0.000 mph=0.000 bytes=196608 pkts=196608 shard=0
step=0172925 (run 4925/8000) loss=0.22142 byte_ppl=1.248 atoms=67 merges=0 field=96.0000 rms=3.0000 scale=0.9994 fcos=nan ign=0.0000 prn=nan nxp=0.000 mph=0.000 bytes=196608 pkts=196608 shard=0
step=0172950 (run 4950/8000) loss=5.31787 byte_ppl=203.949 atoms=25 merges=0 field=96.0000 rms=3.0000 scale=0.9994 fcos=nan ign=0.0000 prn=nan nxp=0.000 mph=0.000 bytes=196608 pkts=196608 shard=0
step=0172975 (run 4975/8000) loss=5.98482 byte_ppl=397.352 atoms=52 merges=0 field=96.0000 rms=3.0000 scale=0.9994 fcos=nan ign=0.0000 prn=nan nxp=0.000 mph=0.000 bytes=196608 pkts=196608 shard=0
step=0173000 (run 5000/8000) loss=0.09700 byte_ppl=1.102 atoms=9 merges=0 field=96.0000 rms=3.0000 scale=0.9995 fcos=nan ign=0.0000 prn=nan nxp=0.000 mph=0.000 bytes=196608 pkts=196608 shard=0
step=0173025 (run 5025/8000) loss=0.02690 byte_ppl=1.027 atoms=36 merges=0 field=96.0000 rms=3.0000 scale=0.9995 fcos=nan ign=0.0000 prn=nan nxp=0.000 mph=0.000 bytes=196608 pkts=196608 shard=0
step=0173050 (run 5050/8000) loss=1.83579 byte_ppl=6.270 atoms=64 merges=0 field=96.0000 rms=3.0000 scale=0.9995 fcos=nan ign=0.0000 prn=nan nxp=0.000 mph=0.000 bytes=196608 pkts=196608 shard=0
step=0173075 (run 5075/8000) loss=0.00397 byte_ppl=1.004 atoms=21 merges=0 field=96.0000 rms=3.0000 scale=0.9994 fcos=nan ign=0.0000 prn=nan nxp=0.000 mph=0.000 bytes=196608 pkts=196608 shard=0
step=0173100 (run 5100/8000) loss=6.97326 byte_ppl=1067.697 atoms=49 merges=0 field=96.0000 rms=3.0000 scale=0.9994 fcos=nan ign=0.0000 prn=nan nxp=0.000 mph=0.000 bytes=196608 pkts=196608 shard=0
step=0173125 (run 5125/8000) loss=2.78167 byte_ppl=16.146 atoms=5 merges=0 field=96.0000 rms=3.0000 scale=0.9994 fcos=nan ign=0.0000 prn=nan nxp=0.000 mph=0.000 bytes=196608 pkts=196608 shard=0
step=0173150 (run 5150/8000) loss=6.91045 byte_ppl=1002.701 atoms=33 merges=0 field=96.0000 rms=3.0000 scale=0.9994 fcos=nan ign=0.0000 prn=nan nxp=0.000 mph=0.000 bytes=196608 pkts=196608 shard=0
step=0173175 (run 5175/8000) loss=3.92881 byte_ppl=50.846 atoms=60 merges=0 field=96.0000 rms=3.0000 scale=0.9995 fcos=nan ign=0.0000 prn=nan nxp=0.000 mph=0.000 bytes=196608 pkts=196608 shard=0
step=0173200 (run 5200/8000) loss=3.07764 byte_ppl=21.707 atoms=18 merges=0 field=96.0000 rms=3.0000 scale=0.9994 fcos=nan ign=0.0000 prn=nan nxp=0.000 mph=0.000 bytes=196608 pkts=196608 shard=0
step=0173225 (run 5225/8000) loss=0.09129 byte_ppl=1.096 atoms=45 merges=0 field=96.0000 rms=3.0000 scale=0.9994 fcos=nan ign=0.0000 prn=nan nxp=0.000 mph=0.000 bytes=196608 pkts=196608 shard=0
step=0173250 (run 5250/8000) loss=2.43666 byte_ppl=11.435 atoms=3 merges=0 field=96.0000 rms=3.0000 scale=0.9995 fcos=nan ign=0.0000 prn=nan nxp=0.000 mph=0.000 bytes=196608 pkts=196608 shard=0
step=0173275 (run 5275/8000) loss=0.00387 byte_ppl=1.004 atoms=30 merges=0 field=96.0000 rms=3.0000 scale=0.9995 fcos=nan ign=0.0000 prn=nan nxp=0.000 mph=0.000 bytes=196608 pkts=196608 shard=0
step=0173300 (run 5300/8000) loss=4.21397 byte_ppl=67.625 atoms=58 merges=0 field=96.0000 rms=3.0000 scale=0.9995 fcos=nan ign=0.0000 prn=nan nxp=0.000 mph=0.000 bytes=196608 pkts=196608 shard=0
step=0173325 (run 5325/8000) loss=0.01038 byte_ppl=1.010 atoms=14 merges=0 field=96.0000 rms=3.0000 scale=0.9994 fcos=nan ign=0.0000 prn=nan nxp=0.000 mph=0.000 bytes=196608 pkts=196608 shard=0
step=0173350 (run 5350/8000) loss=3.91383 byte_ppl=50.090 atoms=42 merges=0 field=96.0000 rms=3.0000 scale=0.9994 fcos=nan ign=0.0000 prn=nan nxp=0.000 mph=0.000 bytes=196608 pkts=196608 shard=0
step=0173375 (run 5375/8000) loss=0.00805 byte_ppl=1.008 atoms=69 merges=0 field=96.0000 rms=3.0000 scale=0.9994 fcos=nan ign=0.0000 prn=nan nxp=0.000 mph=0.000 bytes=196608 pkts=196608 shard=0
step=0173400 (run 5400/8000) loss=5.39626 byte_ppl=220.579 atoms=27 merges=0 field=96.0000 rms=3.0000 scale=0.9994 fcos=nan ign=0.0000 prn=nan nxp=0.000 mph=0.000 bytes=196608 pkts=196608 shard=0
step=0173425 (run 5425/8000) loss=0.00041 byte_ppl=1.000 atoms=54 merges=0 field=96.0000 rms=3.0000 scale=0.9994 fcos=nan ign=0.0000 prn=nan nxp=0.000 mph=0.000 bytes=196608 pkts=196608 shard=0
step=0173450 (run 5450/8000) loss=5.38051 byte_ppl=217.134 atoms=11 merges=0 field=96.0000 rms=3.0000 scale=0.9994 fcos=nan ign=0.0000 prn=nan nxp=0.000 mph=0.000 bytes=196608 pkts=196608 shard=0
step=0173475 (run 5475/8000) loss=1.80467 byte_ppl=6.078 atoms=38 merges=0 field=96.0000 rms=3.0000 scale=0.9994 fcos=nan ign=0.0000 prn=nan nxp=0.000 mph=0.000 bytes=196608 pkts=196608 shard=0
step=0173500 (run 5500/8000) loss=1.74809 byte_ppl=5.744 atoms=66 merges=0 field=96.0000 rms=3.0000 scale=0.9995 fcos=nan ign=0.0000 prn=nan nxp=0.000 mph=0.000 bytes=196608 pkts=196608 shard=0
step=0173525 (run 5525/8000) loss=7.04169 byte_ppl=1143.318 atoms=23 merges=0 field=96.0000 rms=3.0000 scale=0.9994 fcos=nan ign=0.0000 prn=nan nxp=0.000 mph=0.000 bytes=196608 pkts=196608 shard=0
step=0173550 (run 5550/8000) loss=3.72999 byte_ppl=41.679 atoms=51 merges=0 field=96.0000 rms=3.0000 scale=0.9994 fcos=nan ign=0.0000 prn=nan nxp=0.000 mph=0.000 bytes=196608 pkts=196608 shard=0
step=0173575 (run 5575/8000) loss=0.00213 byte_ppl=1.002 atoms=8 merges=0 field=96.0000 rms=3.0000 scale=0.9995 fcos=nan ign=0.0000 prn=nan nxp=0.000 mph=0.000 bytes=196608 pkts=196608 shard=0
step=0173600 (run 5600/8000) loss=4.08325 byte_ppl=59.338 atoms=36 merges=0 field=96.0000 rms=3.0000 scale=0.9994 fcos=nan ign=0.0000 prn=nan nxp=0.000 mph=0.000 bytes=196608 pkts=196608 shard=0
step=0173625 (run 5625/8000) loss=2.60225 byte_ppl=13.494 atoms=63 merges=0 field=96.0000 rms=3.0000 scale=0.9995 fcos=nan ign=0.0000 prn=nan nxp=0.000 mph=0.000 bytes=196608 pkts=196608 shard=0
step=0173650 (run 5650/8000) loss=1.29287 byte_ppl=3.643 atoms=20 merges=0 field=96.0000 rms=3.0000 scale=0.9995 fcos=nan ign=0.0000 prn=nan nxp=0.000 mph=0.000 bytes=196608 pkts=196608 shard=0
step=0173675 (run 5675/8000) loss=0.00686 byte_ppl=1.007 atoms=47 merges=0 field=96.0000 rms=3.0000 scale=0.9994 fcos=nan ign=0.0000 prn=nan nxp=0.000 mph=0.000 bytes=196608 pkts=196608 shard=0
step=0173700 (run 5700/8000) loss=4.63123 byte_ppl=102.640 atoms=5 merges=0 field=96.0000 rms=3.0000 scale=0.9994 fcos=nan ign=0.0000 prn=nan nxp=0.000 mph=0.000 bytes=196608 pkts=196608 shard=0
step=0173725 (run 5725/8000) loss=0.00598 byte_ppl=1.006 atoms=32 merges=0 field=96.0000 rms=3.0000 scale=0.9995 fcos=nan ign=0.0000 prn=nan nxp=0.000 mph=0.000 bytes=196608 pkts=196608 shard=0
step=0173750 (run 5750/8000) loss=10.01205 byte_ppl=22293.504 atoms=60 merges=0 field=96.0000 rms=3.0000 scale=0.9994 fcos=nan ign=0.0000 prn=nan nxp=0.000 mph=0.000 bytes=196608 pkts=196608 shard=0
step=0173775 (run 5775/8000) loss=1.72176 byte_ppl=5.594 atoms=16 merges=0 field=96.0000 rms=3.0000 scale=0.9995 fcos=nan ign=0.0000 prn=nan nxp=0.000 mph=0.000 bytes=196608 pkts=196608 shard=0
step=0173800 (run 5800/8000) loss=4.41581 byte_ppl=82.749 atoms=44 merges=0 field=96.0000 rms=3.0000 scale=0.9995 fcos=nan ign=0.0000 prn=nan nxp=0.000 mph=0.000 bytes=196608 pkts=196608 shard=0
step=0173825 (run 5825/8000) loss=0.00504 byte_ppl=1.005 atoms=1 merges=0 field=96.0000 rms=3.0000 scale=0.9995 fcos=nan ign=0.0000 prn=nan nxp=0.000 mph=0.000 bytes=196608 pkts=196608 shard=0
step=0173850 (run 5850/8000) loss=3.49498 byte_ppl=32.950 atoms=29 merges=0 field=96.0000 rms=3.0000 scale=0.9994 fcos=nan ign=0.0000 prn=nan nxp=0.000 mph=0.000 bytes=196608 pkts=196608 shard=0
step=0173875 (run 5875/8000) loss=1.69646 byte_ppl=5.455 atoms=56 merges=0 field=96.0000 rms=3.0000 scale=0.9995 fcos=nan ign=0.0000 prn=nan nxp=0.000 mph=0.000 bytes=196608 pkts=196608 shard=0
step=0173900 (run 5900/8000) loss=0.92939 byte_ppl=2.533 atoms=14 merges=0 field=96.0000 rms=3.0000 scale=0.9994 fcos=nan ign=0.0000 prn=nan nxp=0.000 mph=0.000 bytes=196608 pkts=196608 shard=0
step=0173925 (run 5925/8000) loss=0.76382 byte_ppl=2.146 atoms=41 merges=0 field=96.0000 rms=3.0000 scale=0.9995 fcos=nan ign=0.0000 prn=nan nxp=0.000 mph=0.000 bytes=196608 pkts=196608 shard=0
step=0173950 (run 5950/8000) loss=1.70770 byte_ppl=5.516 atoms=69 merges=0 field=96.0000 rms=3.0000 scale=0.9994 fcos=nan ign=0.0000 prn=nan nxp=0.000 mph=0.000 bytes=196608 pkts=196608 shard=0
step=0173975 (run 5975/8000) loss=0.02663 byte_ppl=1.027 atoms=25 merges=0 field=96.0000 rms=3.0000 scale=0.9994 fcos=nan ign=0.0000 prn=nan nxp=0.000 mph=0.000 bytes=196608 pkts=196608 shard=0
step=0174000 (run 6000/8000) loss=6.78108 byte_ppl=881.020 atoms=53 merges=0 field=96.0000 rms=3.0000 scale=0.9994 fcos=nan ign=0.0000 prn=nan nxp=0.000 mph=0.000 bytes=196608 pkts=196608 shard=0
step=0174025 (run 6025/8000) loss=2.61083 byte_ppl=13.610 atoms=10 merges=0 field=96.0000 rms=3.0000 scale=0.9994 fcos=nan ign=0.0000 prn=nan nxp=0.000 mph=0.000 bytes=196608 pkts=196608 shard=0
step=0174050 (run 6050/8000) loss=2.35895 byte_ppl=10.580 atoms=38 merges=0 field=96.0000 rms=3.0000 scale=0.9994 fcos=nan ign=0.0000 prn=nan nxp=0.000 mph=0.000 bytes=196608 pkts=196608 shard=0
step=0174075 (run 6075/8000) loss=6.56193 byte_ppl=707.639 atoms=65 merges=0 field=96.0000 rms=3.0000 scale=0.9995 fcos=nan ign=0.0000 prn=nan nxp=0.000 mph=0.000 bytes=196608 pkts=196608 shard=0
step=0174100 (run 6100/8000) loss=3.15519 byte_ppl=23.458 atoms=22 merges=0 field=96.0000 rms=3.0000 scale=0.9995 fcos=nan ign=0.0000 prn=nan nxp=0.000 mph=0.000 bytes=196608 pkts=196608 shard=0
step=0174125 (run 6125/8000) loss=0.00052 byte_ppl=1.001 atoms=49 merges=0 field=96.0000 rms=3.0000 scale=0.9995 fcos=nan ign=0.0000 prn=nan nxp=0.000 mph=0.000 bytes=196608 pkts=196608 shard=0
step=0174150 (run 6150/8000) loss=6.82704 byte_ppl=922.452 atoms=7 merges=0 field=96.0000 rms=3.0000 scale=0.9995 fcos=nan ign=0.0000 prn=nan nxp=0.000 mph=0.000 bytes=196608 pkts=196608 shard=0
step=0174175 (run 6175/8000) loss=0.25466 byte_ppl=1.290 atoms=34 merges=0 field=96.0000 rms=3.0000 scale=0.9995 fcos=nan ign=0.0000 prn=nan nxp=0.000 mph=0.000 bytes=196608 pkts=196608 shard=0
step=0174200 (run 6200/8000) loss=1.93848 byte_ppl=6.948 atoms=62 merges=0 field=96.0000 rms=3.0000 scale=0.9994 fcos=nan ign=0.0000 prn=nan nxp=0.000 mph=0.000 bytes=196608 pkts=196608 shard=0
step=0174225 (run 6225/8000) loss=2.01946 byte_ppl=7.534 atoms=19 merges=0 field=96.0000 rms=3.0000 scale=0.9995 fcos=nan ign=0.0000 prn=nan nxp=0.000 mph=0.000 bytes=196608 pkts=196608 shard=0
step=0174250 (run 6250/8000) loss=5.69412 byte_ppl=297.117 atoms=47 merges=0 field=96.0000 rms=3.0000 scale=0.9995 fcos=nan ign=0.0000 prn=nan nxp=0.000 mph=0.000 bytes=196608 pkts=196608 shard=0
step=0174275 (run 6275/8000) loss=0.21479 byte_ppl=1.240 atoms=3 merges=0 field=96.0000 rms=3.0000 scale=0.9994 fcos=nan ign=0.0000 prn=nan nxp=0.000 mph=0.000 bytes=196608 pkts=196608 shard=0
step=0174300 (run 6300/8000) loss=0.01173 byte_ppl=1.012 atoms=31 merges=0 field=96.0000 rms=3.0000 scale=0.9995 fcos=nan ign=0.0000 prn=nan nxp=0.000 mph=0.000 bytes=196608 pkts=196608 shard=0
step=0174325 (run 6325/8000) loss=0.05459 byte_ppl=1.056 atoms=58 merges=0 field=96.0000 rms=3.0000 scale=0.9995 fcos=nan ign=0.0000 prn=nan nxp=0.000 mph=0.000 bytes=196608 pkts=196608 shard=0
step=0174350 (run 6350/8000) loss=3.76129 byte_ppl=43.004 atoms=16 merges=0 field=96.0000 rms=3.0000 scale=0.9995 fcos=nan ign=0.0000 prn=nan nxp=0.000 mph=0.000 bytes=196608 pkts=196608 shard=0
step=0174375 (run 6375/8000) loss=0.00055 byte_ppl=1.001 atoms=43 merges=0 field=96.0000 rms=3.0000 scale=0.9995 fcos=nan ign=0.0000 prn=nan nxp=0.000 mph=0.000 bytes=196608 pkts=196608 shard=0
step=0174400 (run 6400/8000) loss=2.75107 byte_ppl=15.659 atoms=71 merges=0 field=96.0000 rms=3.0000 scale=0.9995 fcos=nan ign=0.0000 prn=nan nxp=0.000 mph=0.000 bytes=196608 pkts=196608 shard=0
step=0174425 (run 6425/8000) loss=0.15884 byte_ppl=1.172 atoms=27 merges=0 field=96.0000 rms=3.0000 scale=0.9994 fcos=nan ign=0.0000 prn=nan nxp=0.000 mph=0.000 bytes=196608 pkts=196608 shard=0
step=0174450 (run 6450/8000) loss=3.77201 byte_ppl=43.467 atoms=55 merges=0 field=96.0000 rms=3.0000 scale=0.9994 fcos=nan ign=0.0000 prn=nan nxp=0.000 mph=0.000 bytes=196608 pkts=196608 shard=0
step=0174475 (run 6475/8000) loss=0.96331 byte_ppl=2.620 atoms=12 merges=0 field=96.0000 rms=3.0000 scale=0.9994 fcos=nan ign=0.0000 prn=nan nxp=0.000 mph=0.000 bytes=196608 pkts=196608 shard=0
step=0174500 (run 6500/8000) loss=3.46834 byte_ppl=32.083 atoms=40 merges=0 field=96.0000 rms=3.0000 scale=0.9995 fcos=nan ign=0.0000 prn=nan nxp=0.000 mph=0.000 bytes=196608 pkts=196608 shard=0
step=0174525 (run 6525/8000) loss=0.01643 byte_ppl=1.017 atoms=67 merges=0 field=96.0000 rms=3.0000 scale=0.9995 fcos=nan ign=0.0000 prn=nan nxp=0.000 mph=0.000 bytes=196608 pkts=196608 shard=0
step=0174550 (run 6550/8000) loss=2.82261 byte_ppl=16.821 atoms=25 merges=0 field=96.0000 rms=3.0000 scale=0.9995 fcos=nan ign=0.0000 prn=nan nxp=0.000 mph=0.000 bytes=196608 pkts=196608 shard=0
step=0174575 (run 6575/8000) loss=0.00334 byte_ppl=1.003 atoms=52 merges=0 field=96.0000 rms=3.0000 scale=0.9995 fcos=nan ign=0.0000 prn=nan nxp=0.000 mph=0.000 bytes=196608 pkts=196608 shard=0
step=0174600 (run 6600/8000) loss=3.29738 byte_ppl=27.042 atoms=9 merges=0 field=96.0000 rms=3.0000 scale=0.9994 fcos=nan ign=0.0000 prn=nan nxp=0.000 mph=0.000 bytes=196608 pkts=196608 shard=0
step=0174625 (run 6625/8000) loss=0.00698 byte_ppl=1.007 atoms=36 merges=0 field=96.0000 rms=3.0000 scale=0.9995 fcos=nan ign=0.0000 prn=nan nxp=0.000 mph=0.000 bytes=196608 pkts=196608 shard=0
step=0174650 (run 6650/8000) loss=5.65409 byte_ppl=285.456 atoms=64 merges=0 field=96.0000 rms=3.0000 scale=0.9994 fcos=nan ign=0.0000 prn=nan nxp=0.000 mph=0.000 bytes=196608 pkts=196608 shard=0
step=0174675 (run 6675/8000) loss=0.00004 byte_ppl=1.000 atoms=21 merges=0 field=96.0000 rms=3.0000 scale=0.9995 fcos=nan ign=0.0000 prn=nan nxp=0.000 mph=0.000 bytes=196608 pkts=196608 shard=0
step=0174700 (run 6700/8000) loss=1.05564 byte_ppl=2.874 atoms=49 merges=0 field=96.0000 rms=3.0000 scale=0.9994 fcos=nan ign=0.0000 prn=nan nxp=0.000 mph=0.000 bytes=196608 pkts=196608 shard=0
step=0174725 (run 6725/8000) loss=0.00518 byte_ppl=1.005 atoms=5 merges=0 field=96.0000 rms=3.0000 scale=0.9995 fcos=nan ign=0.0000 prn=nan nxp=0.000 mph=0.000 bytes=196608 pkts=196608 shard=0
step=0174750 (run 6750/8000) loss=6.43198 byte_ppl=621.406 atoms=33 merges=0 field=96.0000 rms=3.0000 scale=0.9995 fcos=nan ign=0.0000 prn=nan nxp=0.000 mph=0.000 bytes=196608 pkts=196608 shard=0
step=0174775 (run 6775/8000) loss=4.81768 byte_ppl=123.678 atoms=60 merges=0 field=96.0000 rms=3.0000 scale=0.9994 fcos=nan ign=0.0000 prn=nan nxp=0.000 mph=0.000 bytes=196608 pkts=196608 shard=0
step=0174800 (run 6800/8000) loss=8.58676 byte_ppl=5360.237 atoms=18 merges=0 field=96.0000 rms=3.0000 scale=0.9995 fcos=nan ign=0.0000 prn=nan nxp=0.000 mph=0.000 bytes=196608 pkts=196608 shard=0
step=0174825 (run 6825/8000) loss=0.00645 byte_ppl=1.006 atoms=45 merges=0 field=96.0000 rms=3.0000 scale=0.9995 fcos=nan ign=0.0000 prn=nan nxp=0.000 mph=0.000 bytes=196608 pkts=196608 shard=0
step=0174850 (run 6850/8000) loss=0.02685 byte_ppl=1.027 atoms=3 merges=0 field=96.0000 rms=3.0000 scale=0.9994 fcos=nan ign=0.0000 prn=nan nxp=0.000 mph=0.000 bytes=196608 pkts=196608 shard=0
step=0174875 (run 6875/8000) loss=0.00643 byte_ppl=1.006 atoms=30 merges=0 field=96.0000 rms=3.0000 scale=0.9995 fcos=nan ign=0.0000 prn=nan nxp=0.000 mph=0.000 bytes=196608 pkts=196608 shard=0
step=0174900 (run 6900/8000) loss=6.64738 byte_ppl=770.760 atoms=58 merges=0 field=96.0000 rms=3.0000 scale=0.9995 fcos=nan ign=0.0000 prn=nan nxp=0.000 mph=0.000 bytes=196608 pkts=196608 shard=0
step=0174925 (run 6925/8000) loss=0.00062 byte_ppl=1.001 atoms=14 merges=0 field=96.0000 rms=3.0000 scale=0.9995 fcos=nan ign=0.0000 prn=nan nxp=0.000 mph=0.000 bytes=196608 pkts=196608 shard=0
step=0174950 (run 6950/8000) loss=3.52596 byte_ppl=33.986 atoms=42 merges=0 field=96.0000 rms=3.0000 scale=0.9995 fcos=nan ign=0.0000 prn=nan nxp=0.000 mph=0.000 bytes=196608 pkts=196608 shard=0
step=0174975 (run 6975/8000) loss=0.00543 byte_ppl=1.005 atoms=69 merges=0 field=96.0000 rms=3.0000 scale=0.9995 fcos=nan ign=0.0000 prn=nan nxp=0.000 mph=0.000 bytes=196608 pkts=196608 shard=0
step=0175000 (run 7000/8000) loss=10.87574 byte_ppl=52877.661 atoms=27 merges=0 field=96.0000 rms=3.0000 scale=0.9994 fcos=nan ign=0.0000 prn=nan nxp=0.000 mph=0.000 bytes=196608 pkts=196608 shard=0
step=0175025 (run 7025/8000) loss=4.94386 byte_ppl=140.311 atoms=54 merges=0 field=96.0000 rms=3.0000 scale=0.9995 fcos=nan ign=0.0000 prn=nan nxp=0.000 mph=0.000 bytes=196608 pkts=196608 shard=0
step=0175050 (run 7050/8000) loss=2.05961 byte_ppl=7.843 atoms=11 merges=0 field=96.0000 rms=3.0000 scale=0.9995 fcos=nan ign=0.0000 prn=nan nxp=0.000 mph=0.000 bytes=196608 pkts=196608 shard=0
step=0175075 (run 7075/8000) loss=2.43391 byte_ppl=11.403 atoms=38 merges=0 field=96.0000 rms=3.0000 scale=0.9994 fcos=nan ign=0.0000 prn=nan nxp=0.000 mph=0.000 bytes=196608 pkts=196608 shard=0
step=0175100 (run 7100/8000) loss=6.75600 byte_ppl=859.197 atoms=66 merges=0 field=96.0000 rms=3.0000 scale=0.9995 fcos=nan ign=0.0000 prn=nan nxp=0.000 mph=0.000 bytes=196608 pkts=196608 shard=0
step=0175125 (run 7125/8000) loss=3.31103 byte_ppl=27.413 atoms=23 merges=0 field=96.0000 rms=3.0000 scale=0.9995 fcos=nan ign=0.0000 prn=nan nxp=0.000 mph=0.000 bytes=196608 pkts=196608 shard=0
step=0175150 (run 7150/8000) loss=1.50592 byte_ppl=4.508 atoms=51 merges=0 field=96.0000 rms=3.0000 scale=0.9995 fcos=nan ign=0.0000 prn=nan nxp=0.000 mph=0.000 bytes=196608 pkts=196608 shard=0
step=0175175 (run 7175/8000) loss=0.00019 byte_ppl=1.000 atoms=8 merges=0 field=96.0000 rms=3.0000 scale=0.9995 fcos=nan ign=0.0000 prn=nan nxp=0.000 mph=0.000 bytes=196608 pkts=196608 shard=0
step=0175200 (run 7200/8000) loss=5.88704 byte_ppl=360.335 atoms=36 merges=0 field=96.0000 rms=3.0000 scale=0.9995 fcos=nan ign=0.0000 prn=nan nxp=0.000 mph=0.000 bytes=196608 pkts=196608 shard=0
step=0175225 (run 7225/8000) loss=0.00549 byte_ppl=1.006 atoms=63 merges=0 field=96.0000 rms=3.0000 scale=0.9995 fcos=nan ign=0.0000 prn=nan nxp=0.000 mph=0.000 bytes=196608 pkts=196608 shard=0
step=0175250 (run 7250/8000) loss=1.11378 byte_ppl=3.046 atoms=20 merges=0 field=96.0000 rms=3.0000 scale=0.9995 fcos=nan ign=0.0000 prn=nan nxp=0.000 mph=0.000 bytes=196608 pkts=196608 shard=0
step=0175275 (run 7275/8000) loss=1.38171 byte_ppl=3.982 atoms=47 merges=0 field=96.0000 rms=3.0000 scale=0.9994 fcos=nan ign=0.0000 prn=nan nxp=0.000 mph=0.000 bytes=196608 pkts=196608 shard=0
step=0175300 (run 7300/8000) loss=1.23156 byte_ppl=3.427 atoms=5 merges=0 field=96.0000 rms=3.0000 scale=0.9995 fcos=nan ign=0.0000 prn=nan nxp=0.000 mph=0.000 bytes=196608 pkts=196608 shard=0
step=0175325 (run 7325/8000) loss=0.00262 byte_ppl=1.003 atoms=32 merges=0 field=96.0000 rms=3.0000 scale=0.9995 fcos=nan ign=0.0000 prn=nan nxp=0.000 mph=0.000 bytes=196608 pkts=196608 shard=0
step=0175350 (run 7350/8000) loss=0.14319 byte_ppl=1.154 atoms=60 merges=0 field=96.0000 rms=3.0000 scale=0.9995 fcos=nan ign=0.0000 prn=nan nxp=0.000 mph=0.000 bytes=196608 pkts=196608 shard=0
step=0175375 (run 7375/8000) loss=0.42167 byte_ppl=1.524 atoms=16 merges=0 field=96.0000 rms=3.0000 scale=0.9995 fcos=nan ign=0.0000 prn=nan nxp=0.000 mph=0.000 bytes=196608 pkts=196608 shard=0
step=0175400 (run 7400/8000) loss=6.09008 byte_ppl=441.458 atoms=44 merges=0 field=96.0000 rms=3.0000 scale=0.9995 fcos=nan ign=0.0000 prn=nan nxp=0.000 mph=0.000 bytes=196608 pkts=196608 shard=0
step=0175425 (run 7425/8000) loss=0.00903 byte_ppl=1.009 atoms=1 merges=0 field=96.0000 rms=3.0000 scale=0.9995 fcos=nan ign=0.0000 prn=nan nxp=0.000 mph=0.000 bytes=196608 pkts=196608 shard=0
step=0175450 (run 7450/8000) loss=2.78826 byte_ppl=16.253 atoms=29 merges=0 field=96.0000 rms=3.0000 scale=0.9995 fcos=nan ign=0.0000 prn=nan nxp=0.000 mph=0.000 bytes=196608 pkts=196608 shard=0
step=0175475 (run 7475/8000) loss=0.83773 byte_ppl=2.311 atoms=56 merges=0 field=96.0000 rms=3.0000 scale=0.9994 fcos=nan ign=0.0000 prn=nan nxp=0.000 mph=0.000 bytes=196608 pkts=196608 shard=0
step=0175500 (run 7500/8000) loss=2.40549 byte_ppl=11.084 atoms=14 merges=0 field=96.0000 rms=3.0000 scale=0.9995 fcos=nan ign=0.0000 prn=nan nxp=0.000 mph=0.000 bytes=196608 pkts=196608 shard=0
step=0175525 (run 7525/8000) loss=3.05378 byte_ppl=21.195 atoms=41 merges=0 field=96.0000 rms=3.0000 scale=0.9995 fcos=nan ign=0.0000 prn=nan nxp=0.000 mph=0.000 bytes=196608 pkts=196608 shard=0
step=0175550 (run 7550/8000) loss=4.73318 byte_ppl=113.657 atoms=69 merges=0 field=96.0000 rms=3.0000 scale=0.9995 fcos=nan ign=0.0000 prn=nan nxp=0.000 mph=0.000 bytes=196608 pkts=196608 shard=0
step=0175575 (run 7575/8000) loss=0.07607 byte_ppl=1.079 atoms=25 merges=0 field=96.0000 rms=3.0000 scale=0.9995 fcos=nan ign=0.0000 prn=nan nxp=0.000 mph=0.000 bytes=196608 pkts=196608 shard=0
step=0175600 (run 7600/8000) loss=4.41932 byte_ppl=83.040 atoms=53 merges=0 field=96.0000 rms=3.0000 scale=0.9995 fcos=nan ign=0.0000 prn=nan nxp=0.000 mph=0.000 bytes=196608 pkts=196608 shard=0
step=0175625 (run 7625/8000) loss=0.00016 byte_ppl=1.000 atoms=10 merges=0 field=96.0000 rms=3.0000 scale=0.9995 fcos=nan ign=0.0000 prn=nan nxp=0.000 mph=0.000 bytes=196608 pkts=196608 shard=0
step=0175650 (run 7650/8000) loss=6.41899 byte_ppl=613.384 atoms=38 merges=0 field=96.0000 rms=3.0000 scale=0.9995 fcos=nan ign=0.0000 prn=nan nxp=0.000 mph=0.000 bytes=196608 pkts=196608 shard=0
step=0175675 (run 7675/8000) loss=0.02292 byte_ppl=1.023 atoms=65 merges=0 field=96.0000 rms=3.0000 scale=0.9995 fcos=nan ign=0.0000 prn=nan nxp=0.000 mph=0.000 bytes=196608 pkts=196608 shard=0
step=0175700 (run 7700/8000) loss=1.26342 byte_ppl=3.538 atoms=22 merges=0 field=96.0000 rms=3.0000 scale=0.9995 fcos=nan ign=0.0000 prn=nan nxp=0.000 mph=0.000 bytes=196608 pkts=196608 shard=0
step=0175725 (run 7725/8000) loss=3.99587 byte_ppl=54.373 atoms=49 merges=0 field=96.0000 rms=3.0000 scale=0.9995 fcos=nan ign=0.0000 prn=nan nxp=0.000 mph=0.000 bytes=196608 pkts=196608 shard=0
step=0175750 (run 7750/8000) loss=16.70478 byte_ppl=17980179.650 atoms=7 merges=0 field=96.0000 rms=3.0000 scale=0.9995 fcos=nan ign=0.0000 prn=nan nxp=0.000 mph=0.000 bytes=196608 pkts=196608 shard=0
step=0175775 (run 7775/8000) loss=5.02632 byte_ppl=152.371 atoms=34 merges=0 field=96.0000 rms=3.0000 scale=0.9995 fcos=nan ign=0.0000 prn=nan nxp=0.000 mph=0.000 bytes=196608 pkts=196608 shard=0
step=0175800 (run 7800/8000) loss=3.81935 byte_ppl=45.575 atoms=62 merges=0 field=96.0000 rms=3.0000 scale=0.9995 fcos=nan ign=0.0000 prn=nan nxp=0.000 mph=0.000 bytes=196608 pkts=196608 shard=0
step=0175825 (run 7825/8000) loss=0.00329 byte_ppl=1.003 atoms=19 merges=0 field=96.0000 rms=3.0000 scale=0.9995 fcos=nan ign=0.0000 prn=nan nxp=0.000 mph=0.000 bytes=196608 pkts=196608 shard=0
step=0175850 (run 7850/8000) loss=4.32510 byte_ppl=75.573 atoms=47 merges=0 field=95.9999 rms=3.0000 scale=0.9995 fcos=nan ign=0.0000 prn=nan nxp=0.000 mph=0.000 bytes=196608 pkts=196608 shard=0
step=0175875 (run 7875/8000) loss=0.01386 byte_ppl=1.014 atoms=3 merges=0 field=96.0000 rms=3.0000 scale=0.9994 fcos=nan ign=0.0000 prn=nan nxp=0.000 mph=0.000 bytes=196608 pkts=196608 shard=0
step=0175900 (run 7900/8000) loss=1.28173 byte_ppl=3.603 atoms=31 merges=0 field=96.0000 rms=3.0000 scale=0.9995 fcos=nan ign=0.0000 prn=nan nxp=0.000 mph=0.000 bytes=196608 pkts=196608 shard=0
step=0175925 (run 7925/8000) loss=3.79597 byte_ppl=44.522 atoms=58 merges=0 field=96.0000 rms=3.0000 scale=0.9995 fcos=nan ign=0.0000 prn=nan nxp=0.000 mph=0.000 bytes=196608 pkts=196608 shard=0
step=0175950 (run 7950/8000) loss=4.92325 byte_ppl=137.449 atoms=16 merges=0 field=96.0000 rms=3.0000 scale=0.9995 fcos=nan ign=0.0000 prn=nan nxp=0.000 mph=0.000 bytes=196608 pkts=196608 shard=0
step=0175975 (run 7975/8000) loss=0.11712 byte_ppl=1.124 atoms=43 merges=0 field=96.0000 rms=3.0000 scale=0.9995 fcos=nan ign=0.0000 prn=nan nxp=0.000 mph=0.000 bytes=196608 pkts=196608 shard=0
step=0176000 (run 8000/8000) loss=10.69653 byte_ppl=44202.391 atoms=71 merges=0 field=96.0000 rms=3.0000 scale=0.9995 fcos=nan ign=0.0000 prn=nan nxp=0.000 mph=0.000 bytes=196608 pkts=196608 shard=0
{
  "stream": true,
  "data_path": "data/corpus_fr_medium_s21.txt",
  "data_glob": null,
  "shard_paths": [
    "/home/user/atom-ai/data/corpus_fr_medium_s21.txt"
  ],
  "data_bytes": 500257,
  "data_characters": null,
  "atomizer_version": "atomizer-v1-byte-span",
  "feature_dim": 320,
  "packet_count": null,
  "train_packet_count": null,
  "validation_packet_count": 2048,
  "mean_packet_bytes": null,
  "max_packet_bytes": null,
  "min_packet_bytes": null,
  "bytes_seen": 196608,
  "config": {
    "d_model": 32,
    "n_modes": 32,
    "n_atoms_max": 64,
    "max_span_bytes": 1,
    "episode_length": 8000,
    "episode_reset": true,
    "atom_flush_every": 64,
    "learning_rate": 5e-05,
    "surface_learning_rate": 0.00012,
    "steps": 8000,
    "start_step": 168000,
    "seed": 20260913,
    "surface_alphabet": 256,
    "field_max_rms": 3.0,
    "energy_decay_bounds": [
      0.3,
      0.95
    ],
    "stream": true,
    "chunk_bytes": 65536,
    "loop_shards": true,
    "stream_buffer": 2048,
    "stream_prefetch": true,
    "stream_skip_packets": 168000,
    "last_atom_readout": true,
    "efference_every": 10,
    "enable_merge": false,
    "payload_copy": false,
    "merge_coherence_threshold": 0.45,
    "merge_energy_floor": 0.08,
    "field_loss_weight": 0.05,
    "field_contrast_weight": 0.0,
    "field_ignorance_weight": 0.08,
    "field_ignorance_ablate_shared": false,
    "field_ignorance_prompt_bank": false,
    "field_obligatory_readout": true,
    "field_obligatory_hard": true,
    "printable_aux_weight": 0.0,
    "field_next_packet_weight": 0.0,
    "slow_every": 1
  },
  "packets_seen": 196608,
  "stream_epoch": 0,
  "train": {
    "steps": 8000,
    "efference_every": 10,
    "efference_steps": 800,
    "start_step": 168000,
    "total_steps": 176000,
    "episode_length": 8000,
    "episode_reset": true,
    "atom_flush_every": 64,
    "elapsed_seconds": 121.77773217400045,
    "transitions_per_second": 65.69345525805416,
    "first_loss": 6.150822639465332,
    "final_loss": 10.696534156799316,
    "final_total_perplexity": 44202.39078667862,
    "finite_losses": true,
    "finite_parameters": true,
    "nan_or_inf": false,
    "field_rms_before_max": 3.001809597015381,
    "field_rms_after_max": 2.999999523162842,
    "field_scale_min": 0.9993968605995178,
    "field_norm_max": 95.99998474121094,
    "field_limited_steps": 4261,
    "field_limited_fraction": 0.532625,
    "final_dynamics": {
      "coupling_scale": 0.9061357975006104,
      "energy_decay": 0.5781335830688477,
      "phase_sync": 0.41047757863998413,
      "energy_decay_before": 0.5781335830688477,
      "energy_decay_repaired": false,
      "energy_decay_bounds": [
        0.3,
        0.95
      ]
    },
    "final_atoms_before_validation": 58,
    "stream": true,
    "bytes_seen": 196608
  },
  "validation": {
    "transitions": 256,
    "loss": 1.3831730247523808,
    "total_perplexity": 3.9875341197536285,
    "byte_loss": 1.3831730247523808,
    "byte_perplexity": 3.9875341197536285,
    "source": "stream_ring"
  },
  "checkpoint": "checkpoints/byte_tick/atom_native_step_176000_d32.pt",
  "reload": {
    "n_atoms": 0,
    "field_norm": 95.99996948242188,
    "time": 88.0003890991211,
    "finite": true
  },
  "generation": {
    "The future of AI is": {
      "temperature": 0.8,
      "top_k": 5,
      "max_length": 20,
      "bytes_hex": "506575723a202020",
      "text": "Peur:   ",
      "reload_text": "Peur:   ",
      "reload_match": true
    },
    "Bonjour, je m'appelle": {
      "temperature": 0.8,
      "top_k": 5,
      "max_length": 20,
      "bytes_hex": "506575723a202020",
      "text": "Peur:   ",
      "reload_text": "Peur:   ",
      "reload_match": true
    },
    "Valkyria Chronicles III is": {
      "temperature": 0.8,
      "top_k": 5,
      "max_length": 20,
      "bytes_hex": "506575723a202020",
      "text": "Peur:   ",
      "reload_text": "Peur:   ",
      "reload_match": true
    }
  }
}
