train lock skipped (--allow-parallel-train)
stream skip: advancing 576000 packet transitions...
stream skip done: packets_seen=631268
resumed weights from checkpoints/byte_tick/atom_native_step_1072000_d32_ms1M.pt (recorded step=1072000, legacy_surface_migrated=False, span_head_migrated=False)
atomizer pack_mode=linguistic max_span_bytes=1
dynamics on load: energy_decay=0.30020666122436523 -> 0.30020666122436523 (repaired=False, bounds=(0.3, 0.95))
MERGE gates: enable=False coherence_thr=0.450 energy_floor=0.080
field_obligatory_hard=ON hard-v2+ (mix_floor=1.0, freeze bypass, logits=frozen+cap*(α_MLP+payload_prod))
payload_copy=False (train-time copy-bias branch)
last_atom_readout=True (byte-tick 2-gram + dentate)
efference_every=10 (0=off)
optimizer groups: field/other lr=5e-05 (13 tensors), surface lr=0.00012 (25 tensors); energy_decay_bounds=(0.3, 0.95); field_max_rms=3.0
stream mode: 2 shard(s), chunk_bytes=65536, loop_shards=True, stream_buffer=2048, stream_prefetch=True
optimizer restore skipped: surface LR param groups differ from checkpoint
step=1072001 (run 1/8000) loss=0.00170 byte_ppl=1.002 atoms=1 merges=0 field=0.0508 rms=0.0019 scale=1.0000 fcos=nan ign=0.0000 prn=nan nxp=0.000 mph=0.000 bytes=631268 pkts=631268 shard=1
step=1072025 (run 25/8000) loss=0.00149 byte_ppl=1.001 atoms=27 merges=0 field=0.7853 rms=0.0246 scale=1.0000 fcos=nan ign=0.0000 prn=nan nxp=0.000 mph=0.000 bytes=631268 pkts=631268 shard=1
step=1072050 (run 50/8000) loss=4.02666 byte_ppl=56.074 atoms=55 merges=0 field=1.3277 rms=0.0415 scale=1.0000 fcos=nan ign=0.0000 prn=nan nxp=0.000 mph=0.000 bytes=631268 pkts=631268 shard=1
step=1072075 (run 75/8000) loss=1.96500 byte_ppl=7.135 atoms=12 merges=0 field=1.8352 rms=0.0574 scale=1.0000 fcos=nan ign=0.0000 prn=nan nxp=0.000 mph=0.000 bytes=631268 pkts=631268 shard=1
step=1072100 (run 100/8000) loss=10.86900 byte_ppl=52522.584 atoms=40 merges=0 field=2.3114 rms=0.0722 scale=1.0000 fcos=nan ign=0.0000 prn=nan nxp=0.000 mph=0.000 bytes=631268 pkts=631268 shard=1
step=1072125 (run 125/8000) loss=0.00475 byte_ppl=1.005 atoms=67 merges=0 field=2.5813 rms=0.0807 scale=1.0000 fcos=nan ign=0.0000 prn=nan nxp=0.000 mph=0.000 bytes=631268 pkts=631268 shard=1
step=1072150 (run 150/8000) loss=0.00014 byte_ppl=1.000 atoms=25 merges=0 field=2.9957 rms=0.0936 scale=1.0000 fcos=nan ign=0.0000 prn=nan nxp=0.000 mph=0.000 bytes=631268 pkts=631268 shard=1
step=1072175 (run 175/8000) loss=0.03932 byte_ppl=1.040 atoms=52 merges=0 field=3.4319 rms=0.1073 scale=1.0000 fcos=nan ign=0.0000 prn=nan nxp=0.000 mph=0.000 bytes=631268 pkts=631268 shard=1
step=1072200 (run 200/8000) loss=0.81503 byte_ppl=2.259 atoms=9 merges=0 field=3.7097 rms=0.1159 scale=1.0000 fcos=nan ign=0.0000 prn=nan nxp=0.000 mph=0.000 bytes=631268 pkts=631268 shard=1
step=1072225 (run 225/8000) loss=0.00205 byte_ppl=1.002 atoms=36 merges=0 field=4.1303 rms=0.1291 scale=1.0000 fcos=nan ign=0.0000 prn=nan nxp=0.000 mph=0.000 bytes=631268 pkts=631268 shard=1
step=1072250 (run 250/8000) loss=8.66302 byte_ppl=5784.952 atoms=64 merges=0 field=4.4854 rms=0.1402 scale=1.0000 fcos=nan ign=0.0000 prn=nan nxp=0.000 mph=0.000 bytes=631268 pkts=631268 shard=1
step=1072275 (run 275/8000) loss=2.90739 byte_ppl=18.309 atoms=21 merges=0 field=4.8006 rms=0.1500 scale=1.0000 fcos=nan ign=0.0000 prn=nan nxp=0.000 mph=0.000 bytes=631268 pkts=631268 shard=1
step=1072300 (run 300/8000) loss=0.31257 byte_ppl=1.367 atoms=49 merges=0 field=5.1892 rms=0.1622 scale=1.0000 fcos=nan ign=0.0000 prn=nan nxp=0.000 mph=0.000 bytes=631268 pkts=631268 shard=1
step=1072325 (run 325/8000) loss=0.00607 byte_ppl=1.006 atoms=5 merges=0 field=5.5655 rms=0.1739 scale=1.0000 fcos=nan ign=0.0000 prn=nan nxp=0.000 mph=0.000 bytes=631268 pkts=631268 shard=1
step=1072350 (run 350/8000) loss=0.19167 byte_ppl=1.211 atoms=33 merges=0 field=5.9231 rms=0.1851 scale=1.0000 fcos=nan ign=0.0000 prn=nan nxp=0.000 mph=0.000 bytes=631268 pkts=631268 shard=1
step=1072375 (run 375/8000) loss=0.91534 byte_ppl=2.498 atoms=60 merges=0 field=6.2447 rms=0.1951 scale=1.0000 fcos=nan ign=0.0000 prn=nan nxp=0.000 mph=0.000 bytes=631268 pkts=631268 shard=1
step=1072400 (run 400/8000) loss=0.00038 byte_ppl=1.000 atoms=18 merges=0 field=6.6610 rms=0.2082 scale=1.0000 fcos=nan ign=0.0000 prn=nan nxp=0.000 mph=0.000 bytes=631268 pkts=631268 shard=1
step=1072425 (run 425/8000) loss=0.00579 byte_ppl=1.006 atoms=45 merges=0 field=6.9620 rms=0.2176 scale=1.0000 fcos=nan ign=0.0000 prn=nan nxp=0.000 mph=0.000 bytes=631268 pkts=631268 shard=1
step=1072450 (run 450/8000) loss=2.01732 byte_ppl=7.518 atoms=3 merges=0 field=7.3260 rms=0.2289 scale=1.0000 fcos=nan ign=0.0000 prn=nan nxp=0.000 mph=0.000 bytes=631268 pkts=631268 shard=1
step=1072475 (run 475/8000) loss=5.97081 byte_ppl=391.824 atoms=30 merges=0 field=7.6688 rms=0.2397 scale=1.0000 fcos=nan ign=0.0000 prn=nan nxp=0.000 mph=0.000 bytes=631268 pkts=631268 shard=1
step=1072500 (run 500/8000) loss=0.06719 byte_ppl=1.070 atoms=58 merges=0 field=7.9683 rms=0.2490 scale=1.0000 fcos=nan ign=0.0000 prn=nan nxp=0.000 mph=0.000 bytes=631268 pkts=631268 shard=1
step=1072525 (run 525/8000) loss=0.02262 byte_ppl=1.023 atoms=14 merges=0 field=8.2882 rms=0.2590 scale=1.0000 fcos=nan ign=0.0000 prn=nan nxp=0.000 mph=0.000 bytes=631268 pkts=631268 shard=1
step=1072550 (run 550/8000) loss=0.00133 byte_ppl=1.001 atoms=42 merges=0 field=8.6950 rms=0.2717 scale=1.0000 fcos=nan ign=0.0000 prn=nan nxp=0.000 mph=0.000 bytes=631268 pkts=631268 shard=1
step=1072575 (run 575/8000) loss=0.02427 byte_ppl=1.025 atoms=69 merges=0 field=9.0227 rms=0.2820 scale=1.0000 fcos=nan ign=0.0000 prn=nan nxp=0.000 mph=0.000 bytes=631268 pkts=631268 shard=1
step=1072600 (run 600/8000) loss=5.85075 byte_ppl=347.495 atoms=27 merges=0 field=9.3031 rms=0.2907 scale=1.0000 fcos=nan ign=0.0000 prn=nan nxp=0.000 mph=0.000 bytes=631268 pkts=631268 shard=1
step=1072625 (run 625/8000) loss=0.02112 byte_ppl=1.021 atoms=54 merges=0 field=9.6370 rms=0.3012 scale=1.0000 fcos=nan ign=0.0000 prn=nan nxp=0.000 mph=0.000 bytes=631268 pkts=631268 shard=1
step=1072650 (run 650/8000) loss=0.06358 byte_ppl=1.066 atoms=11 merges=0 field=9.9918 rms=0.3122 scale=1.0000 fcos=nan ign=0.0000 prn=nan nxp=0.000 mph=0.000 bytes=631268 pkts=631268 shard=1
step=1072675 (run 675/8000) loss=0.07156 byte_ppl=1.074 atoms=38 merges=0 field=10.3493 rms=0.3234 scale=1.0000 fcos=nan ign=0.0000 prn=nan nxp=0.000 mph=0.000 bytes=631268 pkts=631268 shard=1
step=1072700 (run 700/8000) loss=0.09126 byte_ppl=1.096 atoms=66 merges=0 field=10.6667 rms=0.3333 scale=1.0000 fcos=nan ign=0.0000 prn=nan nxp=0.000 mph=0.000 bytes=631268 pkts=631268 shard=1
step=1072725 (run 725/8000) loss=0.00630 byte_ppl=1.006 atoms=23 merges=0 field=11.0548 rms=0.3455 scale=1.0000 fcos=nan ign=0.0000 prn=nan nxp=0.000 mph=0.000 bytes=631268 pkts=631268 shard=1
step=1072750 (run 750/8000) loss=8.52782 byte_ppl=5053.401 atoms=51 merges=0 field=11.3930 rms=0.3560 scale=1.0000 fcos=nan ign=0.0000 prn=nan nxp=0.000 mph=0.000 bytes=631268 pkts=631268 shard=1
step=1072775 (run 775/8000) loss=0.00204 byte_ppl=1.002 atoms=8 merges=0 field=11.6243 rms=0.3633 scale=1.0000 fcos=nan ign=0.0000 prn=nan nxp=0.000 mph=0.000 bytes=631268 pkts=631268 shard=1
step=1072800 (run 800/8000) loss=0.04376 byte_ppl=1.045 atoms=36 merges=0 field=11.9445 rms=0.3733 scale=1.0000 fcos=nan ign=0.0000 prn=nan nxp=0.000 mph=0.000 bytes=631268 pkts=631268 shard=1
step=1072825 (run 825/8000) loss=0.01021 byte_ppl=1.010 atoms=63 merges=0 field=12.2958 rms=0.3842 scale=1.0000 fcos=nan ign=0.0000 prn=nan nxp=0.000 mph=0.000 bytes=631268 pkts=631268 shard=1
step=1072850 (run 850/8000) loss=6.86608 byte_ppl=959.182 atoms=20 merges=0 field=12.6343 rms=0.3948 scale=1.0000 fcos=nan ign=0.0000 prn=nan nxp=0.000 mph=0.000 bytes=631268 pkts=631268 shard=1
step=1072875 (run 875/8000) loss=0.06002 byte_ppl=1.062 atoms=47 merges=0 field=12.9788 rms=0.4056 scale=1.0000 fcos=nan ign=0.0000 prn=nan nxp=0.000 mph=0.000 bytes=631268 pkts=631268 shard=1
step=1072900 (run 900/8000) loss=0.71226 byte_ppl=2.039 atoms=5 merges=0 field=13.2493 rms=0.4140 scale=1.0000 fcos=nan ign=0.0000 prn=nan nxp=0.000 mph=0.000 bytes=631268 pkts=631268 shard=1
step=1072925 (run 925/8000) loss=0.00006 byte_ppl=1.000 atoms=32 merges=0 field=13.4684 rms=0.4209 scale=1.0000 fcos=nan ign=0.0000 prn=nan nxp=0.000 mph=0.000 bytes=631268 pkts=631268 shard=1
step=1072950 (run 950/8000) loss=0.00039 byte_ppl=1.000 atoms=60 merges=0 field=13.7846 rms=0.4308 scale=1.0000 fcos=nan ign=0.0000 prn=nan nxp=0.000 mph=0.000 bytes=631268 pkts=631268 shard=1
step=1072975 (run 975/8000) loss=0.36399 byte_ppl=1.439 atoms=16 merges=0 field=14.1070 rms=0.4408 scale=1.0000 fcos=nan ign=0.0000 prn=nan nxp=0.000 mph=0.000 bytes=631268 pkts=631268 shard=1
step=1073000 (run 1000/8000) loss=9.84131 byte_ppl=18794.240 atoms=44 merges=0 field=14.4063 rms=0.4502 scale=1.0000 fcos=nan ign=0.0000 prn=nan nxp=0.000 mph=0.000 bytes=631268 pkts=631268 shard=1
step=1073025 (run 1025/8000) loss=1.14247 byte_ppl=3.134 atoms=1 merges=0 field=14.6391 rms=0.4575 scale=1.0000 fcos=nan ign=0.0000 prn=nan nxp=0.000 mph=0.000 bytes=631268 pkts=631268 shard=1
step=1073050 (run 1050/8000) loss=3.99949 byte_ppl=54.571 atoms=29 merges=0 field=14.9166 rms=0.4661 scale=1.0000 fcos=nan ign=0.0000 prn=nan nxp=0.000 mph=0.000 bytes=631268 pkts=631268 shard=1
step=1073075 (run 1075/8000) loss=0.00785 byte_ppl=1.008 atoms=56 merges=0 field=15.2638 rms=0.4770 scale=1.0000 fcos=nan ign=0.0000 prn=nan nxp=0.000 mph=0.000 bytes=631268 pkts=631268 shard=1
step=1073100 (run 1100/8000) loss=0.00049 byte_ppl=1.000 atoms=14 merges=0 field=15.4923 rms=0.4841 scale=1.0000 fcos=nan ign=0.0000 prn=nan nxp=0.000 mph=0.000 bytes=631268 pkts=631268 shard=1
step=1073125 (run 1125/8000) loss=0.00077 byte_ppl=1.001 atoms=41 merges=0 field=15.7684 rms=0.4928 scale=1.0000 fcos=nan ign=0.0000 prn=nan nxp=0.000 mph=0.000 bytes=631268 pkts=631268 shard=1
step=1073150 (run 1150/8000) loss=6.02792 byte_ppl=414.851 atoms=69 merges=0 field=15.9774 rms=0.4993 scale=1.0000 fcos=nan ign=0.0000 prn=nan nxp=0.000 mph=0.000 bytes=631268 pkts=631268 shard=1
step=1073175 (run 1175/8000) loss=0.00132 byte_ppl=1.001 atoms=25 merges=0 field=16.2707 rms=0.5085 scale=1.0000 fcos=nan ign=0.0000 prn=nan nxp=0.000 mph=0.000 bytes=631268 pkts=631268 shard=1
step=1073200 (run 1200/8000) loss=4.74365 byte_ppl=114.853 atoms=53 merges=0 field=16.5258 rms=0.5164 scale=1.0000 fcos=nan ign=0.0000 prn=nan nxp=0.000 mph=0.000 bytes=631268 pkts=631268 shard=1
step=1073225 (run 1225/8000) loss=0.00035 byte_ppl=1.000 atoms=10 merges=0 field=16.8212 rms=0.5257 scale=1.0000 fcos=nan ign=0.0000 prn=nan nxp=0.000 mph=0.000 bytes=631268 pkts=631268 shard=1
step=1073250 (run 1250/8000) loss=0.76772 byte_ppl=2.155 atoms=38 merges=0 field=17.0364 rms=0.5324 scale=1.0000 fcos=nan ign=0.0000 prn=nan nxp=0.000 mph=0.000 bytes=631268 pkts=631268 shard=1
step=1073275 (run 1275/8000) loss=0.10537 byte_ppl=1.111 atoms=65 merges=0 field=17.2769 rms=0.5399 scale=1.0000 fcos=nan ign=0.0000 prn=nan nxp=0.000 mph=0.000 bytes=631268 pkts=631268 shard=1
step=1073300 (run 1300/8000) loss=4.15771 byte_ppl=63.925 atoms=22 merges=0 field=17.4792 rms=0.5462 scale=1.0000 fcos=nan ign=0.0000 prn=nan nxp=0.000 mph=0.000 bytes=631268 pkts=631268 shard=1
step=1073325 (run 1325/8000) loss=2.54750 byte_ppl=12.775 atoms=49 merges=0 field=17.7080 rms=0.5534 scale=1.0000 fcos=nan ign=0.0000 prn=nan nxp=0.000 mph=0.000 bytes=631268 pkts=631268 shard=1
step=1073350 (run 1350/8000) loss=0.00038 byte_ppl=1.000 atoms=7 merges=0 field=17.9142 rms=0.5598 scale=1.0000 fcos=nan ign=0.0000 prn=nan nxp=0.000 mph=0.000 bytes=631268 pkts=631268 shard=1
step=1073375 (run 1375/8000) loss=2.38500 byte_ppl=10.859 atoms=34 merges=0 field=18.1913 rms=0.5685 scale=1.0000 fcos=nan ign=0.0000 prn=nan nxp=0.000 mph=0.000 bytes=631268 pkts=631268 shard=1
step=1073400 (run 1400/8000) loss=0.04482 byte_ppl=1.046 atoms=62 merges=0 field=18.3875 rms=0.5746 scale=1.0000 fcos=nan ign=0.0000 prn=nan nxp=0.000 mph=0.000 bytes=631268 pkts=631268 shard=1
step=1073425 (run 1425/8000) loss=0.00559 byte_ppl=1.006 atoms=19 merges=0 field=18.6302 rms=0.5822 scale=1.0000 fcos=nan ign=0.0000 prn=nan nxp=0.000 mph=0.000 bytes=631268 pkts=631268 shard=1
step=1073450 (run 1450/8000) loss=0.00124 byte_ppl=1.001 atoms=47 merges=0 field=18.7960 rms=0.5874 scale=1.0000 fcos=nan ign=0.0000 prn=nan nxp=0.000 mph=0.000 bytes=631268 pkts=631268 shard=1
step=1073475 (run 1475/8000) loss=0.02373 byte_ppl=1.024 atoms=3 merges=0 field=19.0488 rms=0.5953 scale=1.0000 fcos=nan ign=0.0000 prn=nan nxp=0.000 mph=0.000 bytes=631268 pkts=631268 shard=1
step=1073500 (run 1500/8000) loss=3.74110 byte_ppl=42.144 atoms=31 merges=0 field=19.3501 rms=0.6047 scale=1.0000 fcos=nan ign=0.0000 prn=nan nxp=0.000 mph=0.000 bytes=631268 pkts=631268 shard=1
step=1073525 (run 1525/8000) loss=0.01381 byte_ppl=1.014 atoms=58 merges=0 field=19.5378 rms=0.6106 scale=1.0000 fcos=nan ign=0.0000 prn=nan nxp=0.000 mph=0.000 bytes=631268 pkts=631268 shard=1
step=1073550 (run 1550/8000) loss=0.00037 byte_ppl=1.000 atoms=16 merges=0 field=19.7597 rms=0.6175 scale=1.0000 fcos=nan ign=0.0000 prn=nan nxp=0.000 mph=0.000 bytes=631268 pkts=631268 shard=1
step=1073575 (run 1575/8000) loss=0.00017 byte_ppl=1.000 atoms=43 merges=0 field=20.0079 rms=0.6252 scale=1.0000 fcos=nan ign=0.0000 prn=nan nxp=0.000 mph=0.000 bytes=631268 pkts=631268 shard=1
step=1073600 (run 1600/8000) loss=0.99930 byte_ppl=2.716 atoms=71 merges=0 field=20.2380 rms=0.6324 scale=1.0000 fcos=nan ign=0.0000 prn=nan nxp=0.000 mph=0.000 bytes=631268 pkts=631268 shard=1
step=1073625 (run 1625/8000) loss=0.00138 byte_ppl=1.001 atoms=27 merges=0 field=20.4137 rms=0.6379 scale=1.0000 fcos=nan ign=0.0000 prn=nan nxp=0.000 mph=0.000 bytes=631268 pkts=631268 shard=1
step=1073650 (run 1650/8000) loss=0.25784 byte_ppl=1.294 atoms=55 merges=0 field=20.6183 rms=0.6443 scale=1.0000 fcos=nan ign=0.0000 prn=nan nxp=0.000 mph=0.000 bytes=631268 pkts=631268 shard=1
step=1073675 (run 1675/8000) loss=3.14171 byte_ppl=23.143 atoms=12 merges=0 field=20.8229 rms=0.6507 scale=1.0000 fcos=nan ign=0.0000 prn=nan nxp=0.000 mph=0.000 bytes=631268 pkts=631268 shard=1
step=1073700 (run 1700/8000) loss=0.31350 byte_ppl=1.368 atoms=40 merges=0 field=21.0295 rms=0.6572 scale=1.0000 fcos=nan ign=0.0000 prn=nan nxp=0.000 mph=0.000 bytes=631268 pkts=631268 shard=1
step=1073725 (run 1725/8000) loss=0.00409 byte_ppl=1.004 atoms=67 merges=0 field=21.2566 rms=0.6643 scale=1.0000 fcos=nan ign=0.0000 prn=nan nxp=0.000 mph=0.000 bytes=631268 pkts=631268 shard=1
step=1073750 (run 1750/8000) loss=2.50644 byte_ppl=12.261 atoms=25 merges=0 field=21.4984 rms=0.6718 scale=1.0000 fcos=nan ign=0.0000 prn=nan nxp=0.000 mph=0.000 bytes=631268 pkts=631268 shard=1
step=1073775 (run 1775/8000) loss=0.01094 byte_ppl=1.011 atoms=52 merges=0 field=21.6795 rms=0.6775 scale=1.0000 fcos=nan ign=0.0000 prn=nan nxp=0.000 mph=0.000 bytes=631268 pkts=631268 shard=1
step=1073800 (run 1800/8000) loss=7.15178 byte_ppl=1276.378 atoms=9 merges=0 field=21.8119 rms=0.6816 scale=1.0000 fcos=nan ign=0.0000 prn=nan nxp=0.000 mph=0.000 bytes=631268 pkts=631268 shard=1
step=1073825 (run 1825/8000) loss=0.00195 byte_ppl=1.002 atoms=36 merges=0 field=22.0435 rms=0.6889 scale=1.0000 fcos=nan ign=0.0000 prn=nan nxp=0.000 mph=0.000 bytes=631268 pkts=631268 shard=1
step=1073850 (run 1850/8000) loss=5.85517 byte_ppl=349.035 atoms=64 merges=0 field=22.2464 rms=0.6952 scale=1.0000 fcos=nan ign=0.0000 prn=nan nxp=0.000 mph=0.000 bytes=631268 pkts=631268 shard=1
step=1073875 (run 1875/8000) loss=0.00247 byte_ppl=1.002 atoms=21 merges=0 field=22.4334 rms=0.7010 scale=1.0000 fcos=nan ign=0.0000 prn=nan nxp=0.000 mph=0.000 bytes=631268 pkts=631268 shard=1
step=1073900 (run 1900/8000) loss=5.01413 byte_ppl=150.525 atoms=49 merges=0 field=22.6241 rms=0.7070 scale=1.0000 fcos=nan ign=0.0000 prn=nan nxp=0.000 mph=0.000 bytes=631268 pkts=631268 shard=1
step=1073925 (run 1925/8000) loss=0.00089 byte_ppl=1.001 atoms=5 merges=0 field=22.8241 rms=0.7133 scale=1.0000 fcos=nan ign=0.0000 prn=nan nxp=0.000 mph=0.000 bytes=631268 pkts=631268 shard=1
step=1073950 (run 1950/8000) loss=12.70737 byte_ppl=330173.207 atoms=33 merges=0 field=23.0081 rms=0.7190 scale=1.0000 fcos=nan ign=0.0000 prn=nan nxp=0.000 mph=0.000 bytes=631268 pkts=631268 shard=1
step=1073975 (run 1975/8000) loss=1.96430 byte_ppl=7.130 atoms=60 merges=0 field=23.2167 rms=0.7255 scale=1.0000 fcos=nan ign=0.0000 prn=nan nxp=0.000 mph=0.000 bytes=631268 pkts=631268 shard=1
step=1074000 (run 2000/8000) loss=3.78370 byte_ppl=43.979 atoms=18 merges=0 field=23.4098 rms=0.7316 scale=1.0000 fcos=nan ign=0.0000 prn=nan nxp=0.000 mph=0.000 bytes=631268 pkts=631268 shard=1
step=1074025 (run 2025/8000) loss=0.00042 byte_ppl=1.000 atoms=45 merges=0 field=23.6456 rms=0.7389 scale=1.0000 fcos=nan ign=0.0000 prn=nan nxp=0.000 mph=0.000 bytes=631268 pkts=631268 shard=1
step=1074050 (run 2050/8000) loss=0.00170 byte_ppl=1.002 atoms=3 merges=0 field=23.8551 rms=0.7455 scale=1.0000 fcos=nan ign=0.0000 prn=nan nxp=0.000 mph=0.000 bytes=631268 pkts=631268 shard=1
step=1074075 (run 2075/8000) loss=0.00061 byte_ppl=1.001 atoms=30 merges=0 field=24.0722 rms=0.7523 scale=1.0000 fcos=nan ign=0.0000 prn=nan nxp=0.000 mph=0.000 bytes=631268 pkts=631268 shard=1
step=1074100 (run 2100/8000) loss=3.56284 byte_ppl=35.263 atoms=58 merges=0 field=24.2870 rms=0.7590 scale=1.0000 fcos=nan ign=0.0000 prn=nan nxp=0.000 mph=0.000 bytes=631268 pkts=631268 shard=1
step=1074125 (run 2125/8000) loss=0.00319 byte_ppl=1.003 atoms=14 merges=0 field=24.4098 rms=0.7628 scale=1.0000 fcos=nan ign=0.0000 prn=nan nxp=0.000 mph=0.000 bytes=631268 pkts=631268 shard=1
step=1074150 (run 2150/8000) loss=10.59863 byte_ppl=40079.812 atoms=42 merges=0 field=24.6159 rms=0.7692 scale=1.0000 fcos=nan ign=0.0000 prn=nan nxp=0.000 mph=0.000 bytes=631268 pkts=631268 shard=1
step=1074175 (run 2175/8000) loss=4.02194 byte_ppl=55.809 atoms=69 merges=0 field=24.7395 rms=0.7731 scale=1.0000 fcos=nan ign=0.0000 prn=nan nxp=0.000 mph=0.000 bytes=631268 pkts=631268 shard=1
step=1074200 (run 2200/8000) loss=0.01324 byte_ppl=1.013 atoms=27 merges=0 field=24.8848 rms=0.7777 scale=1.0000 fcos=nan ign=0.0000 prn=nan nxp=0.000 mph=0.000 bytes=631268 pkts=631268 shard=1
step=1074225 (run 2225/8000) loss=3.65937 byte_ppl=38.837 atoms=54 merges=0 field=25.1327 rms=0.7854 scale=1.0000 fcos=nan ign=0.0000 prn=nan nxp=0.000 mph=0.000 bytes=631268 pkts=631268 shard=1
step=1074250 (run 2250/8000) loss=7.51606 byte_ppl=1837.320 atoms=11 merges=0 field=25.2806 rms=0.7900 scale=1.0000 fcos=nan ign=0.0000 prn=nan nxp=0.000 mph=0.000 bytes=631268 pkts=631268 shard=1
step=1074275 (run 2275/8000) loss=1.05020 byte_ppl=2.858 atoms=38 merges=0 field=25.4217 rms=0.7944 scale=1.0000 fcos=nan ign=0.0000 prn=nan nxp=0.000 mph=0.000 bytes=631268 pkts=631268 shard=1
step=1074300 (run 2300/8000) loss=0.00749 byte_ppl=1.008 atoms=66 merges=0 field=25.5580 rms=0.7987 scale=1.0000 fcos=nan ign=0.0000 prn=nan nxp=0.000 mph=0.000 bytes=631268 pkts=631268 shard=1
step=1074325 (run 2325/8000) loss=0.00173 byte_ppl=1.002 atoms=23 merges=0 field=25.7187 rms=0.8037 scale=1.0000 fcos=nan ign=0.0000 prn=nan nxp=0.000 mph=0.000 bytes=631268 pkts=631268 shard=1
step=1074350 (run 2350/8000) loss=0.07433 byte_ppl=1.077 atoms=51 merges=0 field=25.8779 rms=0.8087 scale=1.0000 fcos=nan ign=0.0000 prn=nan nxp=0.000 mph=0.000 bytes=631268 pkts=631268 shard=1
step=1074375 (run 2375/8000) loss=0.00022 byte_ppl=1.000 atoms=8 merges=0 field=26.0735 rms=0.8148 scale=1.0000 fcos=nan ign=0.0000 prn=nan nxp=0.000 mph=0.000 bytes=631268 pkts=631268 shard=1
step=1074400 (run 2400/8000) loss=3.17265 byte_ppl=23.871 atoms=36 merges=0 field=26.2721 rms=0.8210 scale=1.0000 fcos=nan ign=0.0000 prn=nan nxp=0.000 mph=0.000 bytes=631268 pkts=631268 shard=1
step=1074425 (run 2425/8000) loss=0.00590 byte_ppl=1.006 atoms=63 merges=0 field=26.5184 rms=0.8287 scale=1.0000 fcos=nan ign=0.0000 prn=nan nxp=0.000 mph=0.000 bytes=631268 pkts=631268 shard=1
step=1074450 (run 2450/8000) loss=3.61995 byte_ppl=37.336 atoms=20 merges=0 field=26.6982 rms=0.8343 scale=1.0000 fcos=nan ign=0.0000 prn=nan nxp=0.000 mph=0.000 bytes=631268 pkts=631268 shard=1
step=1074475 (run 2475/8000) loss=0.00037 byte_ppl=1.000 atoms=47 merges=0 field=26.8387 rms=0.8387 scale=1.0000 fcos=nan ign=0.0000 prn=nan nxp=0.000 mph=0.000 bytes=631268 pkts=631268 shard=1
step=1074500 (run 2500/8000) loss=9.19037 byte_ppl=9802.236 atoms=5 merges=0 field=26.9754 rms=0.8430 scale=1.0000 fcos=nan ign=0.0000 prn=nan nxp=0.000 mph=0.000 bytes=631268 pkts=631268 shard=1
step=1074525 (run 2525/8000) loss=0.06860 byte_ppl=1.071 atoms=32 merges=0 field=27.0963 rms=0.8468 scale=1.0000 fcos=nan ign=0.0000 prn=nan nxp=0.000 mph=0.000 bytes=631268 pkts=631268 shard=1
step=1074550 (run 2550/8000) loss=0.00236 byte_ppl=1.002 atoms=60 merges=0 field=27.2155 rms=0.8505 scale=1.0000 fcos=nan ign=0.0000 prn=nan nxp=0.000 mph=0.000 bytes=631268 pkts=631268 shard=1
step=1074575 (run 2575/8000) loss=0.01321 byte_ppl=1.013 atoms=16 merges=0 field=27.3465 rms=0.8546 scale=1.0000 fcos=nan ign=0.0000 prn=nan nxp=0.000 mph=0.000 bytes=631268 pkts=631268 shard=1
step=1074600 (run 2600/8000) loss=8.86852 byte_ppl=7104.770 atoms=44 merges=0 field=27.4360 rms=0.8574 scale=1.0000 fcos=nan ign=0.0000 prn=nan nxp=0.000 mph=0.000 bytes=631268 pkts=631268 shard=1
step=1074625 (run 2625/8000) loss=0.18084 byte_ppl=1.198 atoms=1 merges=0 field=27.5743 rms=0.8617 scale=1.0000 fcos=nan ign=0.0000 prn=nan nxp=0.000 mph=0.000 bytes=631268 pkts=631268 shard=1
step=1074650 (run 2650/8000) loss=5.95150 byte_ppl=384.330 atoms=29 merges=0 field=27.7042 rms=0.8658 scale=1.0000 fcos=nan ign=0.0000 prn=nan nxp=0.000 mph=0.000 bytes=631268 pkts=631268 shard=1
step=1074675 (run 2675/8000) loss=3.41070 byte_ppl=30.287 atoms=56 merges=0 field=27.8718 rms=0.8710 scale=1.0000 fcos=nan ign=0.0000 prn=nan nxp=0.000 mph=0.000 bytes=631268 pkts=631268 shard=1
step=1074700 (run 2700/8000) loss=6.91652 byte_ppl=1008.804 atoms=14 merges=0 field=27.9793 rms=0.8744 scale=1.0000 fcos=nan ign=0.0000 prn=nan nxp=0.000 mph=0.000 bytes=631268 pkts=631268 shard=1
step=1074725 (run 2725/8000) loss=11.71749 byte_ppl=122698.620 atoms=41 merges=0 field=28.1482 rms=0.8796 scale=1.0000 fcos=nan ign=0.0000 prn=nan nxp=0.000 mph=0.000 bytes=631268 pkts=631268 shard=1
step=1074750 (run 2750/8000) loss=0.07676 byte_ppl=1.080 atoms=69 merges=0 field=28.2802 rms=0.8838 scale=1.0000 fcos=nan ign=0.0000 prn=nan nxp=0.000 mph=0.000 bytes=631268 pkts=631268 shard=1
step=1074775 (run 2775/8000) loss=4.03406 byte_ppl=56.490 atoms=25 merges=0 field=28.4480 rms=0.8890 scale=1.0000 fcos=nan ign=0.0000 prn=nan nxp=0.000 mph=0.000 bytes=631268 pkts=631268 shard=1
step=1074800 (run 2800/8000) loss=4.37245 byte_ppl=79.238 atoms=53 merges=0 field=28.5653 rms=0.8927 scale=1.0000 fcos=nan ign=0.0000 prn=nan nxp=0.000 mph=0.000 bytes=631268 pkts=631268 shard=1
step=1074825 (run 2825/8000) loss=0.00975 byte_ppl=1.010 atoms=10 merges=0 field=28.6825 rms=0.8963 scale=1.0000 fcos=nan ign=0.0000 prn=nan nxp=0.000 mph=0.000 bytes=631268 pkts=631268 shard=1
step=1074850 (run 2850/8000) loss=4.56173 byte_ppl=95.749 atoms=38 merges=0 field=28.7458 rms=0.8983 scale=1.0000 fcos=nan ign=0.0000 prn=nan nxp=0.000 mph=0.000 bytes=631268 pkts=631268 shard=1
step=1074875 (run 2875/8000) loss=5.47257 byte_ppl=238.072 atoms=65 merges=0 field=28.8869 rms=0.9027 scale=1.0000 fcos=nan ign=0.0000 prn=nan nxp=0.000 mph=0.000 bytes=631268 pkts=631268 shard=1
step=1074900 (run 2900/8000) loss=0.01332 byte_ppl=1.013 atoms=22 merges=0 field=28.9853 rms=0.9058 scale=1.0000 fcos=nan ign=0.0000 prn=nan nxp=0.000 mph=0.000 bytes=631268 pkts=631268 shard=1
step=1074925 (run 2925/8000) loss=0.00331 byte_ppl=1.003 atoms=49 merges=0 field=29.1350 rms=0.9105 scale=1.0000 fcos=nan ign=0.0000 prn=nan nxp=0.000 mph=0.000 bytes=631268 pkts=631268 shard=1
step=1074950 (run 2950/8000) loss=3.77752 byte_ppl=43.708 atoms=7 merges=0 field=29.3030 rms=0.9157 scale=1.0000 fcos=nan ign=0.0000 prn=nan nxp=0.000 mph=0.000 bytes=631268 pkts=631268 shard=1
step=1074975 (run 2975/8000) loss=5.98661 byte_ppl=398.063 atoms=34 merges=0 field=29.4183 rms=0.9193 scale=1.0000 fcos=nan ign=0.0000 prn=nan nxp=0.000 mph=0.000 bytes=631268 pkts=631268 shard=1
step=1075000 (run 3000/8000) loss=13.65502 byte_ppl=851725.661 atoms=62 merges=0 field=29.5543 rms=0.9236 scale=1.0000 fcos=nan ign=0.0000 prn=nan nxp=0.000 mph=0.000 bytes=631268 pkts=631268 shard=1
step=1075025 (run 3025/8000) loss=0.00040 byte_ppl=1.000 atoms=19 merges=0 field=29.7576 rms=0.9299 scale=1.0000 fcos=nan ign=0.0000 prn=nan nxp=0.000 mph=0.000 bytes=631268 pkts=631268 shard=1
step=1075050 (run 3050/8000) loss=0.21832 byte_ppl=1.244 atoms=47 merges=0 field=29.8928 rms=0.9342 scale=1.0000 fcos=nan ign=0.0000 prn=nan nxp=0.000 mph=0.000 bytes=631268 pkts=631268 shard=1
step=1075075 (run 3075/8000) loss=0.00027 byte_ppl=1.000 atoms=3 merges=0 field=30.0048 rms=0.9377 scale=1.0000 fcos=nan ign=0.0000 prn=nan nxp=0.000 mph=0.000 bytes=631268 pkts=631268 shard=1
step=1075100 (run 3100/8000) loss=0.02251 byte_ppl=1.023 atoms=31 merges=0 field=30.2299 rms=0.9447 scale=1.0000 fcos=nan ign=0.0000 prn=nan nxp=0.000 mph=0.000 bytes=631268 pkts=631268 shard=1
step=1075125 (run 3125/8000) loss=3.64563 byte_ppl=38.307 atoms=58 merges=0 field=30.3379 rms=0.9481 scale=1.0000 fcos=nan ign=0.0000 prn=nan nxp=0.000 mph=0.000 bytes=631268 pkts=631268 shard=1
step=1075150 (run 3150/8000) loss=1.14522 byte_ppl=3.143 atoms=16 merges=0 field=30.4840 rms=0.9526 scale=1.0000 fcos=nan ign=0.0000 prn=nan nxp=0.000 mph=0.000 bytes=631268 pkts=631268 shard=1
step=1075175 (run 3175/8000) loss=0.02881 byte_ppl=1.029 atoms=43 merges=0 field=30.6510 rms=0.9578 scale=1.0000 fcos=nan ign=0.0000 prn=nan nxp=0.000 mph=0.000 bytes=631268 pkts=631268 shard=1
step=1075200 (run 3200/8000) loss=6.37041 byte_ppl=584.296 atoms=71 merges=0 field=30.7959 rms=0.9624 scale=1.0000 fcos=nan ign=0.0000 prn=nan nxp=0.000 mph=0.000 bytes=631268 pkts=631268 shard=1
step=1075225 (run 3225/8000) loss=0.00049 byte_ppl=1.000 atoms=27 merges=0 field=30.9974 rms=0.9687 scale=1.0000 fcos=nan ign=0.0000 prn=nan nxp=0.000 mph=0.000 bytes=631268 pkts=631268 shard=1
step=1075250 (run 3250/8000) loss=0.25337 byte_ppl=1.288 atoms=55 merges=0 field=31.1235 rms=0.9726 scale=1.0000 fcos=nan ign=0.0000 prn=nan nxp=0.000 mph=0.000 bytes=631268 pkts=631268 shard=1
step=1075275 (run 3275/8000) loss=2.38292 byte_ppl=10.836 atoms=12 merges=0 field=31.2647 rms=0.9770 scale=1.0000 fcos=nan ign=0.0000 prn=nan nxp=0.000 mph=0.000 bytes=631268 pkts=631268 shard=1
step=1075300 (run 3300/8000) loss=8.15387 byte_ppl=3476.804 atoms=40 merges=0 field=31.4238 rms=0.9820 scale=1.0000 fcos=nan ign=0.0000 prn=nan nxp=0.000 mph=0.000 bytes=631268 pkts=631268 shard=1
step=1075325 (run 3325/8000) loss=2.70155 byte_ppl=14.903 atoms=67 merges=0 field=31.5293 rms=0.9853 scale=1.0000 fcos=nan ign=0.0000 prn=nan nxp=0.000 mph=0.000 bytes=631268 pkts=631268 shard=1
step=1075350 (run 3350/8000) loss=5.24315 byte_ppl=189.265 atoms=25 merges=0 field=31.6202 rms=0.9881 scale=1.0000 fcos=nan ign=0.0000 prn=nan nxp=0.000 mph=0.000 bytes=631268 pkts=631268 shard=1
step=1075375 (run 3375/8000) loss=0.00395 byte_ppl=1.004 atoms=52 merges=0 field=31.7136 rms=0.9911 scale=1.0000 fcos=nan ign=0.0000 prn=nan nxp=0.000 mph=0.000 bytes=631268 pkts=631268 shard=1
step=1075400 (run 3400/8000) loss=5.66710 byte_ppl=289.195 atoms=9 merges=0 field=31.8531 rms=0.9954 scale=1.0000 fcos=nan ign=0.0000 prn=nan nxp=0.000 mph=0.000 bytes=631268 pkts=631268 shard=1
step=1075425 (run 3425/8000) loss=0.00329 byte_ppl=1.003 atoms=36 merges=0 field=31.9922 rms=0.9998 scale=1.0000 fcos=nan ign=0.0000 prn=nan nxp=0.000 mph=0.000 bytes=631268 pkts=631268 shard=1
step=1075450 (run 3450/8000) loss=9.23650 byte_ppl=10265.036 atoms=64 merges=0 field=32.2155 rms=1.0067 scale=1.0000 fcos=nan ign=0.0000 prn=nan nxp=0.000 mph=0.000 bytes=631268 pkts=631268 shard=1
step=1075475 (run 3475/8000) loss=0.00034 byte_ppl=1.000 atoms=21 merges=0 field=32.3749 rms=1.0117 scale=1.0000 fcos=nan ign=0.0000 prn=nan nxp=0.000 mph=0.000 bytes=631268 pkts=631268 shard=1
step=1075500 (run 3500/8000) loss=6.22769 byte_ppl=506.583 atoms=49 merges=0 field=32.4743 rms=1.0148 scale=1.0000 fcos=nan ign=0.0000 prn=nan nxp=0.000 mph=0.000 bytes=631268 pkts=631268 shard=1
step=1075525 (run 3525/8000) loss=0.00291 byte_ppl=1.003 atoms=5 merges=0 field=32.5333 rms=1.0167 scale=1.0000 fcos=nan ign=0.0000 prn=nan nxp=0.000 mph=0.000 bytes=631268 pkts=631268 shard=1
step=1075550 (run 3550/8000) loss=6.71129 byte_ppl=821.633 atoms=33 merges=0 field=32.6063 rms=1.0189 scale=1.0000 fcos=nan ign=0.0000 prn=nan nxp=0.000 mph=0.000 bytes=631268 pkts=631268 shard=1
step=1075575 (run 3575/8000) loss=2.60792 byte_ppl=13.571 atoms=60 merges=0 field=32.6756 rms=1.0211 scale=1.0000 fcos=nan ign=0.0000 prn=nan nxp=0.000 mph=0.000 bytes=631268 pkts=631268 shard=1
step=1075600 (run 3600/8000) loss=0.00023 byte_ppl=1.000 atoms=18 merges=0 field=32.7452 rms=1.0233 scale=1.0000 fcos=nan ign=0.0000 prn=nan nxp=0.000 mph=0.000 bytes=631268 pkts=631268 shard=1
step=1075625 (run 3625/8000) loss=0.00049 byte_ppl=1.000 atoms=45 merges=0 field=32.8629 rms=1.0270 scale=1.0000 fcos=nan ign=0.0000 prn=nan nxp=0.000 mph=0.000 bytes=631268 pkts=631268 shard=1
step=1075650 (run 3650/8000) loss=8.61892 byte_ppl=5535.396 atoms=3 merges=0 field=32.9953 rms=1.0311 scale=1.0000 fcos=nan ign=0.0000 prn=nan nxp=0.000 mph=0.000 bytes=631268 pkts=631268 shard=1
step=1075675 (run 3675/8000) loss=0.00745 byte_ppl=1.007 atoms=30 merges=0 field=33.1265 rms=1.0352 scale=1.0000 fcos=nan ign=0.0000 prn=nan nxp=0.000 mph=0.000 bytes=631268 pkts=631268 shard=1
step=1075700 (run 3700/8000) loss=0.16514 byte_ppl=1.180 atoms=58 merges=0 field=33.2193 rms=1.0381 scale=1.0000 fcos=nan ign=0.0000 prn=nan nxp=0.000 mph=0.000 bytes=631268 pkts=631268 shard=1
step=1075725 (run 3725/8000) loss=0.03665 byte_ppl=1.037 atoms=14 merges=0 field=33.2489 rms=1.0390 scale=1.0000 fcos=nan ign=0.0000 prn=nan nxp=0.000 mph=0.000 bytes=631268 pkts=631268 shard=1
step=1075750 (run 3750/8000) loss=1.72678 byte_ppl=5.623 atoms=42 merges=0 field=33.3344 rms=1.0417 scale=1.0000 fcos=nan ign=0.0000 prn=nan nxp=0.000 mph=0.000 bytes=631268 pkts=631268 shard=1
step=1075775 (run 3775/8000) loss=0.00062 byte_ppl=1.001 atoms=69 merges=0 field=33.4697 rms=1.0459 scale=1.0000 fcos=nan ign=0.0000 prn=nan nxp=0.000 mph=0.000 bytes=631268 pkts=631268 shard=1
step=1075800 (run 3800/8000) loss=0.87306 byte_ppl=2.394 atoms=27 merges=0 field=33.5422 rms=1.0482 scale=1.0000 fcos=nan ign=0.0000 prn=nan nxp=0.000 mph=0.000 bytes=631268 pkts=631268 shard=1
step=1075825 (run 3825/8000) loss=4.88368 byte_ppl=132.116 atoms=54 merges=0 field=33.6210 rms=1.0507 scale=1.0000 fcos=nan ign=0.0000 prn=nan nxp=0.000 mph=0.000 bytes=631268 pkts=631268 shard=1
step=1075850 (run 3850/8000) loss=0.31295 byte_ppl=1.367 atoms=11 merges=0 field=33.7142 rms=1.0536 scale=1.0000 fcos=nan ign=0.0000 prn=nan nxp=0.000 mph=0.000 bytes=631268 pkts=631268 shard=1
step=1075875 (run 3875/8000) loss=0.00006 byte_ppl=1.000 atoms=38 merges=0 field=33.8617 rms=1.0582 scale=1.0000 fcos=nan ign=0.0000 prn=nan nxp=0.000 mph=0.000 bytes=631268 pkts=631268 shard=1
step=1075900 (run 3900/8000) loss=9.95658 byte_ppl=21090.466 atoms=66 merges=0 field=33.9521 rms=1.0610 scale=1.0000 fcos=nan ign=0.0000 prn=nan nxp=0.000 mph=0.000 bytes=631268 pkts=631268 shard=1
step=1075925 (run 3925/8000) loss=2.63636 byte_ppl=13.962 atoms=23 merges=0 field=34.0384 rms=1.0637 scale=1.0000 fcos=nan ign=0.0000 prn=nan nxp=0.000 mph=0.000 bytes=631268 pkts=631268 shard=1
step=1075950 (run 3950/8000) loss=9.63201 byte_ppl=15245.026 atoms=51 merges=0 field=34.1396 rms=1.0669 scale=1.0000 fcos=nan ign=0.0000 prn=nan nxp=0.000 mph=0.000 bytes=631268 pkts=631268 shard=1
step=1075975 (run 3975/8000) loss=0.00051 byte_ppl=1.001 atoms=8 merges=0 field=34.2271 rms=1.0696 scale=1.0000 fcos=nan ign=0.0000 prn=nan nxp=0.000 mph=0.000 bytes=631268 pkts=631268 shard=1
step=1076000 (run 4000/8000) loss=0.00047 byte_ppl=1.000 atoms=36 merges=0 field=34.3373 rms=1.0730 scale=1.0000 fcos=nan ign=0.0000 prn=nan nxp=0.000 mph=0.000 bytes=631268 pkts=631268 shard=1
step=1076025 (run 4025/8000) loss=0.01223 byte_ppl=1.012 atoms=63 merges=0 field=34.4794 rms=1.0775 scale=1.0000 fcos=nan ign=0.0000 prn=nan nxp=0.000 mph=0.000 bytes=631268 pkts=631268 shard=1
step=1076050 (run 4050/8000) loss=3.31270 byte_ppl=27.459 atoms=20 merges=0 field=34.5994 rms=1.0812 scale=1.0000 fcos=nan ign=0.0000 prn=nan nxp=0.000 mph=0.000 bytes=631268 pkts=631268 shard=1
step=1076075 (run 4075/8000) loss=0.00125 byte_ppl=1.001 atoms=47 merges=0 field=34.6592 rms=1.0831 scale=1.0000 fcos=nan ign=0.0000 prn=nan nxp=0.000 mph=0.000 bytes=631268 pkts=631268 shard=1
step=1076100 (run 4100/8000) loss=0.00179 byte_ppl=1.002 atoms=5 merges=0 field=34.7215 rms=1.0850 scale=1.0000 fcos=nan ign=0.0000 prn=nan nxp=0.000 mph=0.000 bytes=631268 pkts=631268 shard=1
step=1076125 (run 4125/8000) loss=0.01153 byte_ppl=1.012 atoms=32 merges=0 field=34.8116 rms=1.0879 scale=1.0000 fcos=nan ign=0.0000 prn=nan nxp=0.000 mph=0.000 bytes=631268 pkts=631268 shard=1
step=1076150 (run 4150/8000) loss=8.74072 byte_ppl=6252.424 atoms=60 merges=0 field=34.8094 rms=1.0878 scale=1.0000 fcos=nan ign=0.0000 prn=nan nxp=0.000 mph=0.000 bytes=631268 pkts=631268 shard=1
step=1076175 (run 4175/8000) loss=0.86677 byte_ppl=2.379 atoms=16 merges=0 field=34.9504 rms=1.0922 scale=1.0000 fcos=nan ign=0.0000 prn=nan nxp=0.000 mph=0.000 bytes=631268 pkts=631268 shard=1
step=1076200 (run 4200/8000) loss=10.96673 byte_ppl=57915.129 atoms=44 merges=0 field=35.0247 rms=1.0945 scale=1.0000 fcos=nan ign=0.0000 prn=nan nxp=0.000 mph=0.000 bytes=631268 pkts=631268 shard=1
step=1076225 (run 4225/8000) loss=0.02886 byte_ppl=1.029 atoms=1 merges=0 field=35.0903 rms=1.0966 scale=1.0000 fcos=nan ign=0.0000 prn=nan nxp=0.000 mph=0.000 bytes=631268 pkts=631268 shard=1
step=1076250 (run 4250/8000) loss=0.00004 byte_ppl=1.000 atoms=29 merges=0 field=35.1132 rms=1.0973 scale=1.0000 fcos=nan ign=0.0000 prn=nan nxp=0.000 mph=0.000 bytes=631268 pkts=631268 shard=1
step=1076275 (run 4275/8000) loss=0.02670 byte_ppl=1.027 atoms=56 merges=0 field=35.1546 rms=1.0986 scale=1.0000 fcos=nan ign=0.0000 prn=nan nxp=0.000 mph=0.000 bytes=631268 pkts=631268 shard=1
step=1076300 (run 4300/8000) loss=2.36724 byte_ppl=10.668 atoms=14 merges=0 field=35.3143 rms=1.1036 scale=1.0000 fcos=nan ign=0.0000 prn=nan nxp=0.000 mph=0.000 bytes=631268 pkts=631268 shard=1
step=1076325 (run 4325/8000) loss=0.00659 byte_ppl=1.007 atoms=41 merges=0 field=35.3481 rms=1.1046 scale=1.0000 fcos=nan ign=0.0000 prn=nan nxp=0.000 mph=0.000 bytes=631268 pkts=631268 shard=1
step=1076350 (run 4350/8000) loss=2.95135 byte_ppl=19.132 atoms=69 merges=0 field=35.4391 rms=1.1075 scale=1.0000 fcos=nan ign=0.0000 prn=nan nxp=0.000 mph=0.000 bytes=631268 pkts=631268 shard=1
step=1076375 (run 4375/8000) loss=0.00027 byte_ppl=1.000 atoms=25 merges=0 field=35.4604 rms=1.1081 scale=1.0000 fcos=nan ign=0.0000 prn=nan nxp=0.000 mph=0.000 bytes=631268 pkts=631268 shard=1
step=1076400 (run 4400/8000) loss=0.70878 byte_ppl=2.032 atoms=53 merges=0 field=35.4692 rms=1.1084 scale=1.0000 fcos=nan ign=0.0000 prn=nan nxp=0.000 mph=0.000 bytes=631268 pkts=631268 shard=1
step=1076425 (run 4425/8000) loss=7.08937 byte_ppl=1199.151 atoms=10 merges=0 field=35.5796 rms=1.1119 scale=1.0000 fcos=nan ign=0.0000 prn=nan nxp=0.000 mph=0.000 bytes=631268 pkts=631268 shard=1
step=1076450 (run 4450/8000) loss=6.13828 byte_ppl=463.254 atoms=38 merges=0 field=35.6388 rms=1.1137 scale=1.0000 fcos=nan ign=0.0000 prn=nan nxp=0.000 mph=0.000 bytes=631268 pkts=631268 shard=1
step=1076475 (run 4475/8000) loss=5.00076 byte_ppl=148.526 atoms=65 merges=0 field=35.7407 rms=1.1169 scale=1.0000 fcos=nan ign=0.0000 prn=nan nxp=0.000 mph=0.000 bytes=631268 pkts=631268 shard=1
step=1076500 (run 4500/8000) loss=6.48704 byte_ppl=656.579 atoms=22 merges=0 field=35.8760 rms=1.1211 scale=1.0000 fcos=nan ign=0.0000 prn=nan nxp=0.000 mph=0.000 bytes=631268 pkts=631268 shard=1
step=1076525 (run 4525/8000) loss=0.01677 byte_ppl=1.017 atoms=49 merges=0 field=35.9581 rms=1.1237 scale=1.0000 fcos=nan ign=0.0000 prn=nan nxp=0.000 mph=0.000 bytes=631268 pkts=631268 shard=1
step=1076550 (run 4550/8000) loss=0.19252 byte_ppl=1.212 atoms=7 merges=0 field=36.0572 rms=1.1268 scale=1.0000 fcos=nan ign=0.0000 prn=nan nxp=0.000 mph=0.000 bytes=631268 pkts=631268 shard=1
step=1076575 (run 4575/8000) loss=0.00110 byte_ppl=1.001 atoms=34 merges=0 field=36.0981 rms=1.1281 scale=1.0000 fcos=nan ign=0.0000 prn=nan nxp=0.000 mph=0.000 bytes=631268 pkts=631268 shard=1
step=1076600 (run 4600/8000) loss=0.00005 byte_ppl=1.000 atoms=62 merges=0 field=36.1965 rms=1.1311 scale=1.0000 fcos=nan ign=0.0000 prn=nan nxp=0.000 mph=0.000 bytes=631268 pkts=631268 shard=1
step=1076625 (run 4625/8000) loss=3.23937 byte_ppl=25.518 atoms=19 merges=0 field=36.3221 rms=1.1351 scale=1.0000 fcos=nan ign=0.0000 prn=nan nxp=0.000 mph=0.000 bytes=631268 pkts=631268 shard=1
step=1076650 (run 4650/8000) loss=2.61445 byte_ppl=13.660 atoms=47 merges=0 field=36.4342 rms=1.1386 scale=1.0000 fcos=nan ign=0.0000 prn=nan nxp=0.000 mph=0.000 bytes=631268 pkts=631268 shard=1
step=1076675 (run 4675/8000) loss=4.09533 byte_ppl=60.059 atoms=3 merges=0 field=36.4502 rms=1.1391 scale=1.0000 fcos=nan ign=0.0000 prn=nan nxp=0.000 mph=0.000 bytes=631268 pkts=631268 shard=1
step=1076700 (run 4700/8000) loss=1.14318 byte_ppl=3.137 atoms=31 merges=0 field=36.5463 rms=1.1421 scale=1.0000 fcos=nan ign=0.0000 prn=nan nxp=0.000 mph=0.000 bytes=631268 pkts=631268 shard=1
step=1076725 (run 4725/8000) loss=0.00036 byte_ppl=1.000 atoms=58 merges=0 field=36.6686 rms=1.1459 scale=1.0000 fcos=nan ign=0.0000 prn=nan nxp=0.000 mph=0.000 bytes=631268 pkts=631268 shard=1
step=1076750 (run 4750/8000) loss=1.71531 byte_ppl=5.558 atoms=16 merges=0 field=36.7274 rms=1.1477 scale=1.0000 fcos=nan ign=0.0000 prn=nan nxp=0.000 mph=0.000 bytes=631268 pkts=631268 shard=1
step=1076775 (run 4775/8000) loss=0.00123 byte_ppl=1.001 atoms=43 merges=0 field=36.8442 rms=1.1514 scale=1.0000 fcos=nan ign=0.0000 prn=nan nxp=0.000 mph=0.000 bytes=631268 pkts=631268 shard=1
step=1076800 (run 4800/8000) loss=0.00687 byte_ppl=1.007 atoms=71 merges=0 field=36.9213 rms=1.1538 scale=1.0000 fcos=nan ign=0.0000 prn=nan nxp=0.000 mph=0.000 bytes=631268 pkts=631268 shard=1
step=1076825 (run 4825/8000) loss=0.00195 byte_ppl=1.002 atoms=27 merges=0 field=36.9880 rms=1.1559 scale=1.0000 fcos=nan ign=0.0000 prn=nan nxp=0.000 mph=0.000 bytes=631268 pkts=631268 shard=1
step=1076850 (run 4850/8000) loss=0.22187 byte_ppl=1.248 atoms=55 merges=0 field=37.1122 rms=1.1598 scale=1.0000 fcos=nan ign=0.0000 prn=nan nxp=0.000 mph=0.000 bytes=631268 pkts=631268 shard=1
step=1076875 (run 4875/8000) loss=0.00121 byte_ppl=1.001 atoms=12 merges=0 field=37.1658 rms=1.1614 scale=1.0000 fcos=nan ign=0.0000 prn=nan nxp=0.000 mph=0.000 bytes=631268 pkts=631268 shard=1
step=1076900 (run 4900/8000) loss=4.86865 byte_ppl=130.145 atoms=40 merges=0 field=37.2146 rms=1.1630 scale=1.0000 fcos=nan ign=0.0000 prn=nan nxp=0.000 mph=0.000 bytes=631268 pkts=631268 shard=1
step=1076925 (run 4925/8000) loss=0.68469 byte_ppl=1.983 atoms=67 merges=0 field=37.3104 rms=1.1660 scale=1.0000 fcos=nan ign=0.0000 prn=nan nxp=0.000 mph=0.000 bytes=631268 pkts=631268 shard=1
step=1076950 (run 4950/8000) loss=2.44812 byte_ppl=11.567 atoms=25 merges=0 field=37.3466 rms=1.1671 scale=1.0000 fcos=nan ign=0.0000 prn=nan nxp=0.000 mph=0.000 bytes=631268 pkts=631268 shard=1
step=1076975 (run 4975/8000) loss=0.01353 byte_ppl=1.014 atoms=52 merges=0 field=37.3615 rms=1.1675 scale=1.0000 fcos=nan ign=0.0000 prn=nan nxp=0.000 mph=0.000 bytes=631268 pkts=631268 shard=1
step=1077000 (run 5000/8000) loss=6.52244 byte_ppl=680.238 atoms=9 merges=0 field=37.4644 rms=1.1708 scale=1.0000 fcos=nan ign=0.0000 prn=nan nxp=0.000 mph=0.000 bytes=631268 pkts=631268 shard=1
step=1077025 (run 5025/8000) loss=0.00018 byte_ppl=1.000 atoms=36 merges=0 field=37.5445 rms=1.1733 scale=1.0000 fcos=nan ign=0.0000 prn=nan nxp=0.000 mph=0.000 bytes=631268 pkts=631268 shard=1
step=1077050 (run 5050/8000) loss=0.08242 byte_ppl=1.086 atoms=64 merges=0 field=37.6193 rms=1.1756 scale=1.0000 fcos=nan ign=0.0000 prn=nan nxp=0.000 mph=0.000 bytes=631268 pkts=631268 shard=1
step=1077075 (run 5075/8000) loss=0.46593 byte_ppl=1.593 atoms=21 merges=0 field=37.7587 rms=1.1800 scale=1.0000 fcos=nan ign=0.0000 prn=nan nxp=0.000 mph=0.000 bytes=631268 pkts=631268 shard=1
step=1077100 (run 5100/8000) loss=0.00375 byte_ppl=1.004 atoms=49 merges=0 field=37.7566 rms=1.1799 scale=1.0000 fcos=nan ign=0.0000 prn=nan nxp=0.000 mph=0.000 bytes=631268 pkts=631268 shard=1
step=1077125 (run 5125/8000) loss=0.00069 byte_ppl=1.001 atoms=5 merges=0 field=37.8482 rms=1.1828 scale=1.0000 fcos=nan ign=0.0000 prn=nan nxp=0.000 mph=0.000 bytes=631268 pkts=631268 shard=1
step=1077150 (run 5150/8000) loss=0.00078 byte_ppl=1.001 atoms=33 merges=0 field=37.8911 rms=1.1841 scale=1.0000 fcos=nan ign=0.0000 prn=nan nxp=0.000 mph=0.000 bytes=631268 pkts=631268 shard=1
step=1077175 (run 5175/8000) loss=0.00537 byte_ppl=1.005 atoms=60 merges=0 field=37.9248 rms=1.1851 scale=1.0000 fcos=nan ign=0.0000 prn=nan nxp=0.000 mph=0.000 bytes=631268 pkts=631268 shard=1
step=1077200 (run 5200/8000) loss=0.00524 byte_ppl=1.005 atoms=18 merges=0 field=38.0391 rms=1.1887 scale=1.0000 fcos=nan ign=0.0000 prn=nan nxp=0.000 mph=0.000 bytes=631268 pkts=631268 shard=1
step=1077225 (run 5225/8000) loss=0.00042 byte_ppl=1.000 atoms=45 merges=0 field=38.1220 rms=1.1913 scale=1.0000 fcos=nan ign=0.0000 prn=nan nxp=0.000 mph=0.000 bytes=631268 pkts=631268 shard=1
step=1077250 (run 5250/8000) loss=5.30683 byte_ppl=201.711 atoms=3 merges=0 field=38.1767 rms=1.1930 scale=1.0000 fcos=nan ign=0.0000 prn=nan nxp=0.000 mph=0.000 bytes=631268 pkts=631268 shard=1
step=1077275 (run 5275/8000) loss=0.00627 byte_ppl=1.006 atoms=30 merges=0 field=38.2840 rms=1.1964 scale=1.0000 fcos=nan ign=0.0000 prn=nan nxp=0.000 mph=0.000 bytes=631268 pkts=631268 shard=1
step=1077300 (run 5300/8000) loss=7.06055 byte_ppl=1165.082 atoms=58 merges=0 field=38.3122 rms=1.1973 scale=1.0000 fcos=nan ign=0.0000 prn=nan nxp=0.000 mph=0.000 bytes=631268 pkts=631268 shard=1
step=1077325 (run 5325/8000) loss=4.22202 byte_ppl=68.171 atoms=14 merges=0 field=38.3718 rms=1.1991 scale=1.0000 fcos=nan ign=0.0000 prn=nan nxp=0.000 mph=0.000 bytes=631268 pkts=631268 shard=1
step=1077350 (run 5350/8000) loss=7.42742 byte_ppl=1681.461 atoms=42 merges=0 field=38.5082 rms=1.2034 scale=1.0000 fcos=nan ign=0.0000 prn=nan nxp=0.000 mph=0.000 bytes=631268 pkts=631268 shard=1
step=1077375 (run 5375/8000) loss=0.01152 byte_ppl=1.012 atoms=69 merges=0 field=38.5842 rms=1.2058 scale=1.0000 fcos=nan ign=0.0000 prn=nan nxp=0.000 mph=0.000 bytes=631268 pkts=631268 shard=1
step=1077400 (run 5400/8000) loss=3.50482 byte_ppl=33.275 atoms=27 merges=0 field=38.6042 rms=1.2064 scale=1.0000 fcos=nan ign=0.0000 prn=nan nxp=0.000 mph=0.000 bytes=631268 pkts=631268 shard=1
step=1077425 (run 5425/8000) loss=8.31150 byte_ppl=4070.420 atoms=54 merges=0 field=38.7464 rms=1.2108 scale=1.0000 fcos=nan ign=0.0000 prn=nan nxp=0.000 mph=0.000 bytes=631268 pkts=631268 shard=1
step=1077450 (run 5450/8000) loss=6.53943 byte_ppl=691.895 atoms=11 merges=0 field=38.8508 rms=1.2141 scale=1.0000 fcos=nan ign=0.0000 prn=nan nxp=0.000 mph=0.000 bytes=631268 pkts=631268 shard=1
step=1077475 (run 5475/8000) loss=0.00109 byte_ppl=1.001 atoms=38 merges=0 field=38.9005 rms=1.2156 scale=1.0000 fcos=nan ign=0.0000 prn=nan nxp=0.000 mph=0.000 bytes=631268 pkts=631268 shard=1
step=1077500 (run 5500/8000) loss=5.22930 byte_ppl=186.662 atoms=66 merges=0 field=38.9683 rms=1.2178 scale=1.0000 fcos=nan ign=0.0000 prn=nan nxp=0.000 mph=0.000 bytes=631268 pkts=631268 shard=1
step=1077525 (run 5525/8000) loss=0.08545 byte_ppl=1.089 atoms=23 merges=0 field=38.9891 rms=1.2184 scale=1.0000 fcos=nan ign=0.0000 prn=nan nxp=0.000 mph=0.000 bytes=631268 pkts=631268 shard=1
step=1077550 (run 5550/8000) loss=3.53858 byte_ppl=34.418 atoms=51 merges=0 field=39.0676 rms=1.2209 scale=1.0000 fcos=nan ign=0.0000 prn=nan nxp=0.000 mph=0.000 bytes=631268 pkts=631268 shard=1
step=1077575 (run 5575/8000) loss=0.00147 byte_ppl=1.001 atoms=8 merges=0 field=39.1673 rms=1.2240 scale=1.0000 fcos=nan ign=0.0000 prn=nan nxp=0.000 mph=0.000 bytes=631268 pkts=631268 shard=1
step=1077600 (run 5600/8000) loss=0.18664 byte_ppl=1.205 atoms=36 merges=0 field=39.2394 rms=1.2262 scale=1.0000 fcos=nan ign=0.0000 prn=nan nxp=0.000 mph=0.000 bytes=631268 pkts=631268 shard=1
step=1077625 (run 5625/8000) loss=0.00057 byte_ppl=1.001 atoms=63 merges=0 field=39.3160 rms=1.2286 scale=1.0000 fcos=nan ign=0.0000 prn=nan nxp=0.000 mph=0.000 bytes=631268 pkts=631268 shard=1
step=1077650 (run 5650/8000) loss=2.66159 byte_ppl=14.319 atoms=20 merges=0 field=39.3989 rms=1.2312 scale=1.0000 fcos=nan ign=0.0000 prn=nan nxp=0.000 mph=0.000 bytes=631268 pkts=631268 shard=1
step=1077675 (run 5675/8000) loss=0.00100 byte_ppl=1.001 atoms=47 merges=0 field=39.3967 rms=1.2311 scale=1.0000 fcos=nan ign=0.0000 prn=nan nxp=0.000 mph=0.000 bytes=631268 pkts=631268 shard=1
step=1077700 (run 5700/8000) loss=37.66466 byte_ppl=10686474581524.463 atoms=5 merges=0 field=39.4342 rms=1.2323 scale=1.0000 fcos=nan ign=0.0000 prn=nan nxp=0.000 mph=0.000 bytes=631268 pkts=631268 shard=1
step=1077725 (run 5725/8000) loss=0.02325 byte_ppl=1.024 atoms=32 merges=0 field=39.4775 rms=1.2337 scale=1.0000 fcos=nan ign=0.0000 prn=nan nxp=0.000 mph=0.000 bytes=631268 pkts=631268 shard=1
step=1077750 (run 5750/8000) loss=6.83210 byte_ppl=927.131 atoms=60 merges=0 field=39.4912 rms=1.2341 scale=1.0000 fcos=nan ign=0.0000 prn=nan nxp=0.000 mph=0.000 bytes=631268 pkts=631268 shard=1
step=1077775 (run 5775/8000) loss=0.01646 byte_ppl=1.017 atoms=16 merges=0 field=39.5878 rms=1.2371 scale=1.0000 fcos=nan ign=0.0000 prn=nan nxp=0.000 mph=0.000 bytes=631268 pkts=631268 shard=1
step=1077800 (run 5800/8000) loss=1.85458 byte_ppl=6.389 atoms=44 merges=0 field=39.5813 rms=1.2369 scale=1.0000 fcos=nan ign=0.0000 prn=nan nxp=0.000 mph=0.000 bytes=631268 pkts=631268 shard=1
step=1077825 (run 5825/8000) loss=0.10007 byte_ppl=1.105 atoms=1 merges=0 field=39.6294 rms=1.2384 scale=1.0000 fcos=nan ign=0.0000 prn=nan nxp=0.000 mph=0.000 bytes=631268 pkts=631268 shard=1
step=1077850 (run 5850/8000) loss=9.35556 byte_ppl=11562.961 atoms=29 merges=0 field=39.6846 rms=1.2401 scale=1.0000 fcos=nan ign=0.0000 prn=nan nxp=0.000 mph=0.000 bytes=631268 pkts=631268 shard=1
step=1077875 (run 5875/8000) loss=4.58317 byte_ppl=97.824 atoms=56 merges=0 field=39.7253 rms=1.2414 scale=1.0000 fcos=nan ign=0.0000 prn=nan nxp=0.000 mph=0.000 bytes=631268 pkts=631268 shard=1
step=1077900 (run 5900/8000) loss=0.00473 byte_ppl=1.005 atoms=14 merges=0 field=39.8104 rms=1.2441 scale=1.0000 fcos=nan ign=0.0000 prn=nan nxp=0.000 mph=0.000 bytes=631268 pkts=631268 shard=1
step=1077925 (run 5925/8000) loss=3.87807 byte_ppl=48.331 atoms=41 merges=0 field=39.8131 rms=1.2442 scale=1.0000 fcos=nan ign=0.0000 prn=nan nxp=0.000 mph=0.000 bytes=631268 pkts=631268 shard=1
step=1077950 (run 5950/8000) loss=0.00431 byte_ppl=1.004 atoms=69 merges=0 field=39.8527 rms=1.2454 scale=1.0000 fcos=nan ign=0.0000 prn=nan nxp=0.000 mph=0.000 bytes=631268 pkts=631268 shard=1
step=1077975 (run 5975/8000) loss=0.00080 byte_ppl=1.001 atoms=25 merges=0 field=39.9742 rms=1.2492 scale=1.0000 fcos=nan ign=0.0000 prn=nan nxp=0.000 mph=0.000 bytes=631268 pkts=631268 shard=1
step=1078000 (run 6000/8000) loss=1.98714 byte_ppl=7.295 atoms=53 merges=0 field=40.0924 rms=1.2529 scale=1.0000 fcos=nan ign=0.0000 prn=nan nxp=0.000 mph=0.000 bytes=631268 pkts=631268 shard=1
step=1078025 (run 6025/8000) loss=0.00028 byte_ppl=1.000 atoms=10 merges=0 field=40.1242 rms=1.2539 scale=1.0000 fcos=nan ign=0.0000 prn=nan nxp=0.000 mph=0.000 bytes=631268 pkts=631268 shard=1
step=1078050 (run 6050/8000) loss=0.00018 byte_ppl=1.000 atoms=38 merges=0 field=40.1679 rms=1.2552 scale=1.0000 fcos=nan ign=0.0000 prn=nan nxp=0.000 mph=0.000 bytes=631268 pkts=631268 shard=1
step=1078075 (run 6075/8000) loss=3.13444 byte_ppl=22.976 atoms=65 merges=0 field=40.1870 rms=1.2558 scale=1.0000 fcos=nan ign=0.0000 prn=nan nxp=0.000 mph=0.000 bytes=631268 pkts=631268 shard=1
step=1078100 (run 6100/8000) loss=0.00032 byte_ppl=1.000 atoms=22 merges=0 field=40.2447 rms=1.2576 scale=1.0000 fcos=nan ign=0.0000 prn=nan nxp=0.000 mph=0.000 bytes=631268 pkts=631268 shard=1
step=1078125 (run 6125/8000) loss=0.30020 byte_ppl=1.350 atoms=49 merges=0 field=40.2532 rms=1.2579 scale=1.0000 fcos=nan ign=0.0000 prn=nan nxp=0.000 mph=0.000 bytes=631268 pkts=631268 shard=1
step=1078150 (run 6150/8000) loss=13.48591 byte_ppl=719211.258 atoms=7 merges=0 field=40.2725 rms=1.2585 scale=1.0000 fcos=nan ign=0.0000 prn=nan nxp=0.000 mph=0.000 bytes=631268 pkts=631268 shard=1
step=1078175 (run 6175/8000) loss=0.00005 byte_ppl=1.000 atoms=34 merges=0 field=40.3263 rms=1.2602 scale=1.0000 fcos=nan ign=0.0000 prn=nan nxp=0.000 mph=0.000 bytes=631268 pkts=631268 shard=1
step=1078200 (run 6200/8000) loss=0.03922 byte_ppl=1.040 atoms=62 merges=0 field=40.3820 rms=1.2619 scale=1.0000 fcos=nan ign=0.0000 prn=nan nxp=0.000 mph=0.000 bytes=631268 pkts=631268 shard=1
step=1078225 (run 6225/8000) loss=0.00101 byte_ppl=1.001 atoms=19 merges=0 field=40.4403 rms=1.2638 scale=1.0000 fcos=nan ign=0.0000 prn=nan nxp=0.000 mph=0.000 bytes=631268 pkts=631268 shard=1
step=1078250 (run 6250/8000) loss=2.35755 byte_ppl=10.565 atoms=47 merges=0 field=40.4584 rms=1.2643 scale=1.0000 fcos=nan ign=0.0000 prn=nan nxp=0.000 mph=0.000 bytes=631268 pkts=631268 shard=1
step=1078275 (run 6275/8000) loss=0.00058 byte_ppl=1.001 atoms=3 merges=0 field=40.5596 rms=1.2675 scale=1.0000 fcos=nan ign=0.0000 prn=nan nxp=0.000 mph=0.000 bytes=631268 pkts=631268 shard=1
step=1078300 (run 6300/8000) loss=2.22640 byte_ppl=9.266 atoms=31 merges=0 field=40.6375 rms=1.2699 scale=1.0000 fcos=nan ign=0.0000 prn=nan nxp=0.000 mph=0.000 bytes=631268 pkts=631268 shard=1
step=1078325 (run 6325/8000) loss=0.00255 byte_ppl=1.003 atoms=58 merges=0 field=40.6831 rms=1.2713 scale=1.0000 fcos=nan ign=0.0000 prn=nan nxp=0.000 mph=0.000 bytes=631268 pkts=631268 shard=1
step=1078350 (run 6350/8000) loss=3.68902 byte_ppl=40.006 atoms=16 merges=0 field=40.7803 rms=1.2744 scale=1.0000 fcos=nan ign=0.0000 prn=nan nxp=0.000 mph=0.000 bytes=631268 pkts=631268 shard=1
step=1078375 (run 6375/8000) loss=0.01040 byte_ppl=1.010 atoms=43 merges=0 field=40.7955 rms=1.2749 scale=1.0000 fcos=nan ign=0.0000 prn=nan nxp=0.000 mph=0.000 bytes=631268 pkts=631268 shard=1
step=1078400 (run 6400/8000) loss=5.40008 byte_ppl=221.424 atoms=71 merges=0 field=40.8035 rms=1.2751 scale=1.0000 fcos=nan ign=0.0000 prn=nan nxp=0.000 mph=0.000 bytes=631268 pkts=631268 shard=1
step=1078425 (run 6425/8000) loss=5.92499 byte_ppl=374.274 atoms=27 merges=0 field=40.8992 rms=1.2781 scale=1.0000 fcos=nan ign=0.0000 prn=nan nxp=0.000 mph=0.000 bytes=631268 pkts=631268 shard=1
step=1078450 (run 6450/8000) loss=2.56000 byte_ppl=12.936 atoms=55 merges=0 field=40.9578 rms=1.2799 scale=1.0000 fcos=nan ign=0.0000 prn=nan nxp=0.000 mph=0.000 bytes=631268 pkts=631268 shard=1
step=1078475 (run 6475/8000) loss=1.87902 byte_ppl=6.547 atoms=12 merges=0 field=40.9867 rms=1.2808 scale=1.0000 fcos=nan ign=0.0000 prn=nan nxp=0.000 mph=0.000 bytes=631268 pkts=631268 shard=1
step=1078500 (run 6500/8000) loss=0.01562 byte_ppl=1.016 atoms=40 merges=0 field=41.0181 rms=1.2818 scale=1.0000 fcos=nan ign=0.0000 prn=nan nxp=0.000 mph=0.000 bytes=631268 pkts=631268 shard=1
step=1078525 (run 6525/8000) loss=0.04592 byte_ppl=1.047 atoms=67 merges=0 field=41.1197 rms=1.2850 scale=1.0000 fcos=nan ign=0.0000 prn=nan nxp=0.000 mph=0.000 bytes=631268 pkts=631268 shard=1
step=1078550 (run 6550/8000) loss=0.65371 byte_ppl=1.923 atoms=25 merges=0 field=41.1139 rms=1.2848 scale=1.0000 fcos=nan ign=0.0000 prn=nan nxp=0.000 mph=0.000 bytes=631268 pkts=631268 shard=1
step=1078575 (run 6575/8000) loss=2.44797 byte_ppl=11.565 atoms=52 merges=0 field=41.1940 rms=1.2873 scale=1.0000 fcos=nan ign=0.0000 prn=nan nxp=0.000 mph=0.000 bytes=631268 pkts=631268 shard=1
step=1078600 (run 6600/8000) loss=11.25406 byte_ppl=77192.744 atoms=9 merges=0 field=41.2253 rms=1.2883 scale=1.0000 fcos=nan ign=0.0000 prn=nan nxp=0.000 mph=0.000 bytes=631268 pkts=631268 shard=1
step=1078625 (run 6625/8000) loss=2.70543 byte_ppl=14.961 atoms=36 merges=0 field=41.2013 rms=1.2875 scale=1.0000 fcos=nan ign=0.0000 prn=nan nxp=0.000 mph=0.000 bytes=631268 pkts=631268 shard=1
step=1078650 (run 6650/8000) loss=0.07184 byte_ppl=1.074 atoms=64 merges=0 field=41.2537 rms=1.2892 scale=1.0000 fcos=nan ign=0.0000 prn=nan nxp=0.000 mph=0.000 bytes=631268 pkts=631268 shard=1
step=1078675 (run 6675/8000) loss=0.25402 byte_ppl=1.289 atoms=21 merges=0 field=41.2692 rms=1.2897 scale=1.0000 fcos=nan ign=0.0000 prn=nan nxp=0.000 mph=0.000 bytes=631268 pkts=631268 shard=1
step=1078700 (run 6700/8000) loss=10.48264 byte_ppl=35690.414 atoms=49 merges=0 field=41.4229 rms=1.2945 scale=1.0000 fcos=nan ign=0.0000 prn=nan nxp=0.000 mph=0.000 bytes=631268 pkts=631268 shard=1
step=1078725 (run 6725/8000) loss=3.75852 byte_ppl=42.885 atoms=5 merges=0 field=41.4251 rms=1.2945 scale=1.0000 fcos=nan ign=0.0000 prn=nan nxp=0.000 mph=0.000 bytes=631268 pkts=631268 shard=1
step=1078750 (run 6750/8000) loss=5.17515 byte_ppl=176.822 atoms=33 merges=0 field=41.5280 rms=1.2977 scale=1.0000 fcos=nan ign=0.0000 prn=nan nxp=0.000 mph=0.000 bytes=631268 pkts=631268 shard=1
step=1078775 (run 6775/8000) loss=0.00219 byte_ppl=1.002 atoms=60 merges=0 field=41.6481 rms=1.3015 scale=1.0000 fcos=nan ign=0.0000 prn=nan nxp=0.000 mph=0.000 bytes=631268 pkts=631268 shard=1
step=1078800 (run 6800/8000) loss=0.12059 byte_ppl=1.128 atoms=18 merges=0 field=41.6766 rms=1.3024 scale=1.0000 fcos=nan ign=0.0000 prn=nan nxp=0.000 mph=0.000 bytes=631268 pkts=631268 shard=1
step=1078825 (run 6825/8000) loss=0.00002 byte_ppl=1.000 atoms=45 merges=0 field=41.7277 rms=1.3040 scale=1.0000 fcos=nan ign=0.0000 prn=nan nxp=0.000 mph=0.000 bytes=631268 pkts=631268 shard=1
step=1078850 (run 6850/8000) loss=4.91601 byte_ppl=136.458 atoms=3 merges=0 field=41.8029 rms=1.3063 scale=1.0000 fcos=nan ign=0.0000 prn=nan nxp=0.000 mph=0.000 bytes=631268 pkts=631268 shard=1
step=1078875 (run 6875/8000) loss=0.13720 byte_ppl=1.147 atoms=30 merges=0 field=41.8136 rms=1.3067 scale=1.0000 fcos=nan ign=0.0000 prn=nan nxp=0.000 mph=0.000 bytes=631268 pkts=631268 shard=1
step=1078900 (run 6900/8000) loss=0.00794 byte_ppl=1.008 atoms=58 merges=0 field=41.7898 rms=1.3059 scale=1.0000 fcos=nan ign=0.0000 prn=nan nxp=0.000 mph=0.000 bytes=631268 pkts=631268 shard=1
step=1078925 (run 6925/8000) loss=0.00299 byte_ppl=1.003 atoms=14 merges=0 field=41.8716 rms=1.3085 scale=1.0000 fcos=nan ign=0.0000 prn=nan nxp=0.000 mph=0.000 bytes=631268 pkts=631268 shard=1
step=1078950 (run 6950/8000) loss=7.40247 byte_ppl=1640.031 atoms=42 merges=0 field=41.9448 rms=1.3108 scale=1.0000 fcos=nan ign=0.0000 prn=nan nxp=0.000 mph=0.000 bytes=631268 pkts=631268 shard=1
step=1078975 (run 6975/8000) loss=0.22185 byte_ppl=1.248 atoms=69 merges=0 field=41.9276 rms=1.3102 scale=1.0000 fcos=nan ign=0.0000 prn=nan nxp=0.000 mph=0.000 bytes=631268 pkts=631268 shard=1
step=1079000 (run 7000/8000) loss=0.00018 byte_ppl=1.000 atoms=27 merges=0 field=42.0466 rms=1.3140 scale=1.0000 fcos=nan ign=0.0000 prn=nan nxp=0.000 mph=0.000 bytes=631268 pkts=631268 shard=1
step=1079025 (run 7025/8000) loss=0.03616 byte_ppl=1.037 atoms=54 merges=0 field=42.0679 rms=1.3146 scale=1.0000 fcos=nan ign=0.0000 prn=nan nxp=0.000 mph=0.000 bytes=631268 pkts=631268 shard=1
step=1079050 (run 7050/8000) loss=0.20273 byte_ppl=1.225 atoms=11 merges=0 field=42.1077 rms=1.3159 scale=1.0000 fcos=nan ign=0.0000 prn=nan nxp=0.000 mph=0.000 bytes=631268 pkts=631268 shard=1
step=1079075 (run 7075/8000) loss=0.01248 byte_ppl=1.013 atoms=38 merges=0 field=42.1978 rms=1.3187 scale=1.0000 fcos=nan ign=0.0000 prn=nan nxp=0.000 mph=0.000 bytes=631268 pkts=631268 shard=1
step=1079100 (run 7100/8000) loss=0.30213 byte_ppl=1.353 atoms=66 merges=0 field=42.2794 rms=1.3212 scale=1.0000 fcos=nan ign=0.0000 prn=nan nxp=0.000 mph=0.000 bytes=631268 pkts=631268 shard=1
step=1079125 (run 7125/8000) loss=0.00138 byte_ppl=1.001 atoms=23 merges=0 field=42.3365 rms=1.3230 scale=1.0000 fcos=nan ign=0.0000 prn=nan nxp=0.000 mph=0.000 bytes=631268 pkts=631268 shard=1
step=1079150 (run 7150/8000) loss=2.76604 byte_ppl=15.895 atoms=51 merges=0 field=42.3820 rms=1.3244 scale=1.0000 fcos=nan ign=0.0000 prn=nan nxp=0.000 mph=0.000 bytes=631268 pkts=631268 shard=1
step=1079175 (run 7175/8000) loss=0.23995 byte_ppl=1.271 atoms=8 merges=0 field=42.4608 rms=1.3269 scale=1.0000 fcos=nan ign=0.0000 prn=nan nxp=0.000 mph=0.000 bytes=631268 pkts=631268 shard=1
step=1079200 (run 7200/8000) loss=4.21985 byte_ppl=68.023 atoms=36 merges=0 field=42.5066 rms=1.3283 scale=1.0000 fcos=nan ign=0.0000 prn=nan nxp=0.000 mph=0.000 bytes=631268 pkts=631268 shard=1
step=1079225 (run 7225/8000) loss=4.38252 byte_ppl=80.039 atoms=63 merges=0 field=42.4750 rms=1.3273 scale=1.0000 fcos=nan ign=0.0000 prn=nan nxp=0.000 mph=0.000 bytes=631268 pkts=631268 shard=1
step=1079250 (run 7250/8000) loss=5.97159 byte_ppl=392.129 atoms=20 merges=0 field=42.5873 rms=1.3309 scale=1.0000 fcos=nan ign=0.0000 prn=nan nxp=0.000 mph=0.000 bytes=631268 pkts=631268 shard=1
step=1079275 (run 7275/8000) loss=0.00272 byte_ppl=1.003 atoms=47 merges=0 field=42.6230 rms=1.3320 scale=1.0000 fcos=nan ign=0.0000 prn=nan nxp=0.000 mph=0.000 bytes=631268 pkts=631268 shard=1
step=1079300 (run 7300/8000) loss=0.00330 byte_ppl=1.003 atoms=5 merges=0 field=42.5932 rms=1.3310 scale=1.0000 fcos=nan ign=0.0000 prn=nan nxp=0.000 mph=0.000 bytes=631268 pkts=631268 shard=1
step=1079325 (run 7325/8000) loss=0.00002 byte_ppl=1.000 atoms=32 merges=0 field=42.6670 rms=1.3333 scale=1.0000 fcos=nan ign=0.0000 prn=nan nxp=0.000 mph=0.000 bytes=631268 pkts=631268 shard=1
step=1079350 (run 7350/8000) loss=0.01170 byte_ppl=1.012 atoms=60 merges=0 field=42.6454 rms=1.3327 scale=1.0000 fcos=nan ign=0.0000 prn=nan nxp=0.000 mph=0.000 bytes=631268 pkts=631268 shard=1
step=1079375 (run 7375/8000) loss=6.37976 byte_ppl=589.784 atoms=16 merges=0 field=42.6470 rms=1.3327 scale=1.0000 fcos=nan ign=0.0000 prn=nan nxp=0.000 mph=0.000 bytes=631268 pkts=631268 shard=1
step=1079400 (run 7400/8000) loss=12.00826 byte_ppl=164104.050 atoms=44 merges=0 field=42.7506 rms=1.3360 scale=1.0000 fcos=nan ign=0.0000 prn=nan nxp=0.000 mph=0.000 bytes=631268 pkts=631268 shard=1
step=1079425 (run 7425/8000) loss=1.93042 byte_ppl=6.892 atoms=1 merges=0 field=42.8311 rms=1.3385 scale=1.0000 fcos=nan ign=0.0000 prn=nan nxp=0.000 mph=0.000 bytes=631268 pkts=631268 shard=1
step=1079450 (run 7450/8000) loss=0.00621 byte_ppl=1.006 atoms=29 merges=0 field=42.8606 rms=1.3394 scale=1.0000 fcos=nan ign=0.0000 prn=nan nxp=0.000 mph=0.000 bytes=631268 pkts=631268 shard=1
step=1079475 (run 7475/8000) loss=0.03780 byte_ppl=1.039 atoms=56 merges=0 field=42.9630 rms=1.3426 scale=1.0000 fcos=nan ign=0.0000 prn=nan nxp=0.000 mph=0.000 bytes=631268 pkts=631268 shard=1
step=1079500 (run 7500/8000) loss=2.94667 byte_ppl=19.042 atoms=14 merges=0 field=43.0370 rms=1.3449 scale=1.0000 fcos=nan ign=0.0000 prn=nan nxp=0.000 mph=0.000 bytes=631268 pkts=631268 shard=1
step=1079525 (run 7525/8000) loss=0.00249 byte_ppl=1.002 atoms=41 merges=0 field=43.1331 rms=1.3479 scale=1.0000 fcos=nan ign=0.0000 prn=nan nxp=0.000 mph=0.000 bytes=631268 pkts=631268 shard=1
step=1079550 (run 7550/8000) loss=2.11713 byte_ppl=8.307 atoms=69 merges=0 field=43.0897 rms=1.3466 scale=1.0000 fcos=nan ign=0.0000 prn=nan nxp=0.000 mph=0.000 bytes=631268 pkts=631268 shard=1
step=1079575 (run 7575/8000) loss=5.17840 byte_ppl=177.399 atoms=25 merges=0 field=43.1721 rms=1.3491 scale=1.0000 fcos=nan ign=0.0000 prn=nan nxp=0.000 mph=0.000 bytes=631268 pkts=631268 shard=1
step=1079600 (run 7600/8000) loss=0.04278 byte_ppl=1.044 atoms=53 merges=0 field=43.1643 rms=1.3489 scale=1.0000 fcos=nan ign=0.0000 prn=nan nxp=0.000 mph=0.000 bytes=631268 pkts=631268 shard=1
step=1079625 (run 7625/8000) loss=0.00069 byte_ppl=1.001 atoms=10 merges=0 field=43.2747 rms=1.3523 scale=1.0000 fcos=nan ign=0.0000 prn=nan nxp=0.000 mph=0.000 bytes=631268 pkts=631268 shard=1
step=1079650 (run 7650/8000) loss=2.66691 byte_ppl=14.395 atoms=38 merges=0 field=43.3911 rms=1.3560 scale=1.0000 fcos=nan ign=0.0000 prn=nan nxp=0.000 mph=0.000 bytes=631268 pkts=631268 shard=1
step=1079675 (run 7675/8000) loss=0.01209 byte_ppl=1.012 atoms=65 merges=0 field=43.3994 rms=1.3562 scale=1.0000 fcos=nan ign=0.0000 prn=nan nxp=0.000 mph=0.000 bytes=631268 pkts=631268 shard=1
step=1079700 (run 7700/8000) loss=3.62985 byte_ppl=37.707 atoms=22 merges=0 field=43.4747 rms=1.3586 scale=1.0000 fcos=nan ign=0.0000 prn=nan nxp=0.000 mph=0.000 bytes=631268 pkts=631268 shard=1
step=1079725 (run 7725/8000) loss=0.00078 byte_ppl=1.001 atoms=49 merges=0 field=43.4809 rms=1.3588 scale=1.0000 fcos=nan ign=0.0000 prn=nan nxp=0.000 mph=0.000 bytes=631268 pkts=631268 shard=1
step=1079750 (run 7750/8000) loss=0.01169 byte_ppl=1.012 atoms=7 merges=0 field=43.4837 rms=1.3589 scale=1.0000 fcos=nan ign=0.0000 prn=nan nxp=0.000 mph=0.000 bytes=631268 pkts=631268 shard=1
step=1079775 (run 7775/8000) loss=4.20033 byte_ppl=66.709 atoms=34 merges=0 field=43.5459 rms=1.3608 scale=1.0000 fcos=nan ign=0.0000 prn=nan nxp=0.000 mph=0.000 bytes=631268 pkts=631268 shard=1
step=1079800 (run 7800/8000) loss=7.25373 byte_ppl=1413.371 atoms=62 merges=0 field=43.5974 rms=1.3624 scale=1.0000 fcos=nan ign=0.0000 prn=nan nxp=0.000 mph=0.000 bytes=631268 pkts=631268 shard=1
step=1079825 (run 7825/8000) loss=1.38633 byte_ppl=4.000 atoms=19 merges=0 field=43.6675 rms=1.3646 scale=1.0000 fcos=nan ign=0.0000 prn=nan nxp=0.000 mph=0.000 bytes=631268 pkts=631268 shard=1
step=1079850 (run 7850/8000) loss=5.99170 byte_ppl=400.095 atoms=47 merges=0 field=43.7199 rms=1.3662 scale=1.0000 fcos=nan ign=0.0000 prn=nan nxp=0.000 mph=0.000 bytes=631268 pkts=631268 shard=1
step=1079875 (run 7875/8000) loss=0.04174 byte_ppl=1.043 atoms=3 merges=0 field=43.7108 rms=1.3660 scale=1.0000 fcos=nan ign=0.0000 prn=nan nxp=0.000 mph=0.000 bytes=631268 pkts=631268 shard=1
step=1079900 (run 7900/8000) loss=10.56832 byte_ppl=38883.268 atoms=31 merges=0 field=43.8139 rms=1.3692 scale=1.0000 fcos=nan ign=0.0000 prn=nan nxp=0.000 mph=0.000 bytes=631268 pkts=631268 shard=1
step=1079925 (run 7925/8000) loss=0.00071 byte_ppl=1.001 atoms=58 merges=0 field=43.9058 rms=1.3721 scale=1.0000 fcos=nan ign=0.0000 prn=nan nxp=0.000 mph=0.000 bytes=631268 pkts=631268 shard=1
step=1079950 (run 7950/8000) loss=0.03141 byte_ppl=1.032 atoms=16 merges=0 field=43.8931 rms=1.3717 scale=1.0000 fcos=nan ign=0.0000 prn=nan nxp=0.000 mph=0.000 bytes=631268 pkts=631268 shard=1
step=1079975 (run 7975/8000) loss=0.00330 byte_ppl=1.003 atoms=43 merges=0 field=43.9719 rms=1.3741 scale=1.0000 fcos=nan ign=0.0000 prn=nan nxp=0.000 mph=0.000 bytes=631268 pkts=631268 shard=1
step=1080000 (run 8000/8000) loss=0.00081 byte_ppl=1.001 atoms=71 merges=0 field=44.0341 rms=1.3761 scale=1.0000 fcos=nan ign=0.0000 prn=nan nxp=0.000 mph=0.000 bytes=631268 pkts=631268 shard=1
{
  "stream": true,
  "data_path": null,
  "data_glob": "data/corpus_fr_medium*.txt",
  "shard_paths": [
    "/workspace/exports/atom-ai/data/corpus_fr_medium.txt",
    "/workspace/exports/atom-ai/data/corpus_fr_medium_s21.txt"
  ],
  "data_bytes": 1000453,
  "data_characters": null,
  "atomizer_version": "atomizer-v1-byte-span",
  "feature_dim": 320,
  "packet_count": null,
  "train_packet_count": null,
  "validation_packet_count": 2048,
  "mean_packet_bytes": null,
  "max_packet_bytes": null,
  "min_packet_bytes": null,
  "bytes_seen": 631268,
  "config": {
    "d_model": 32,
    "n_modes": 32,
    "n_atoms_max": 64,
    "max_span_bytes": 1,
    "episode_length": 8000,
    "episode_reset": true,
    "atom_flush_every": 64,
    "learning_rate": 5e-05,
    "surface_learning_rate": 0.00012,
    "steps": 8000,
    "start_step": 1072000,
    "seed": 20260913,
    "surface_alphabet": 256,
    "field_max_rms": 3.0,
    "energy_decay_bounds": [
      0.3,
      0.95
    ],
    "stream": true,
    "chunk_bytes": 65536,
    "loop_shards": true,
    "stream_buffer": 2048,
    "stream_prefetch": true,
    "stream_skip_packets": 576000,
    "last_atom_readout": true,
    "efference_every": 10,
    "enable_merge": false,
    "payload_copy": false,
    "merge_coherence_threshold": 0.45,
    "merge_energy_floor": 0.08,
    "field_loss_weight": 0.05,
    "field_contrast_weight": 0.0,
    "field_ignorance_weight": 0.08,
    "field_ignorance_ablate_shared": false,
    "field_ignorance_prompt_bank": false,
    "field_obligatory_readout": true,
    "field_obligatory_hard": true,
    "printable_aux_weight": 0.0,
    "field_next_packet_weight": 0.0,
    "slow_every": 1
  },
  "packets_seen": 631268,
  "stream_epoch": 0,
  "train": {
    "steps": 8000,
    "efference_every": 10,
    "efference_steps": 800,
    "start_step": 1072000,
    "total_steps": 1080000,
    "episode_length": 8000,
    "episode_reset": true,
    "atom_flush_every": 64,
    "elapsed_seconds": 151.11362577800173,
    "transitions_per_second": 52.94029548171026,
    "first_loss": 0.0016962201334536076,
    "final_loss": 0.0008100565755739808,
    "final_total_perplexity": 1.0008103847600118,
    "finite_losses": true,
    "finite_parameters": true,
    "nan_or_inf": false,
    "field_rms_before_max": 1.3760656118392944,
    "field_rms_after_max": 1.3760656118392944,
    "field_scale_min": 1.0,
    "field_norm_max": 44.034088134765625,
    "field_limited_steps": 0,
    "field_limited_fraction": 0.0,
    "final_dynamics": {
      "coupling_scale": 1.2525177001953125,
      "energy_decay": 0.30029699206352234,
      "phase_sync": 0.1468696892261505,
      "energy_decay_before": 0.30029699206352234,
      "energy_decay_repaired": false,
      "energy_decay_bounds": [
        0.3,
        0.95
      ]
    },
    "final_atoms_before_validation": 61,
    "stream": true,
    "bytes_seen": 631268
  },
  "validation": {
    "transitions": 256,
    "loss": 1.1642923754465215,
    "total_perplexity": 3.203655095919713,
    "byte_loss": 1.1642923754465215,
    "byte_perplexity": 3.203655095919713,
    "source": "stream_ring"
  },
  "checkpoint": "checkpoints/byte_tick/atom_native_step_1080000_d32_ms1M.pt",
  "reload": {
    "n_atoms": 0,
    "field_norm": 44.034088134765625,
    "time": 88.0003890991211,
    "finite": true
  },
  "generation": {
    "The future of AI is": {
      "temperature": 0.8,
      "top_k": 5,
      "max_length": 20,
      "bytes_hex": "506575742d617563",
      "text": "Peut-auc",
      "reload_text": "Peut-auc",
      "reload_match": true
    },
    "Bonjour, je m'appelle": {
      "temperature": 0.8,
      "top_k": 5,
      "max_length": 20,
      "bytes_hex": "5065757820202020",
      "text": "Peux    ",
      "reload_text": "Peux    ",
      "reload_match": true
    },
    "Valkyria Chronicles III is": {
      "temperature": 0.8,
      "top_k": 5,
      "max_length": 20,
      "bytes_hex": "4a65202020202020",
      "text": "Je      ",
      "reload_text": "Je      ",
      "reload_match": true
    }
  }
}
