train lock acquired: /home/user/atom-ai/checkpoints/atom-ai-train.lock (pid=1800)
stream skip: advancing 464000 packet transitions...
stream skip done: packets_seen=500257
resumed weights from checkpoints/byte_tick/atom_native_step_464000_d32.pt (recorded step=464000, legacy_surface_migrated=False, span_head_migrated=False)
atomizer pack_mode=linguistic max_span_bytes=1
dynamics on load: energy_decay=0.3001314401626587 -> 0.3001314401626587 (repaired=False, bounds=(0.3, 0.95))
MERGE gates: enable=False coherence_thr=0.450 energy_floor=0.080
field_obligatory_hard=ON hard-v2+ (mix_floor=1.0, freeze bypass, logits=frozen+cap*(α_MLP+payload_prod))
payload_copy=False (train-time copy-bias branch)
last_atom_readout=True (byte-tick 2-gram + dentate)
efference_every=10 (0=off)
optimizer groups: field/other lr=5e-05 (13 tensors), surface lr=0.00012 (25 tensors); energy_decay_bounds=(0.3, 0.95); field_max_rms=3.0
stream mode: 1 shard(s), chunk_bytes=65536, loop_shards=True, stream_buffer=2048, stream_prefetch=True
optimizer restore skipped: surface LR param groups differ from checkpoint
step=0464001 (run 1/8000) loss=8.41679 byte_ppl=4522.350 atoms=1 merges=0 field=0.0437 rms=0.0017 scale=1.0000 fcos=nan ign=0.0000 prn=nan nxp=0.000 mph=0.000 bytes=500257 pkts=500257 shard=0
step=0464025 (run 25/8000) loss=0.00451 byte_ppl=1.005 atoms=27 merges=0 field=0.5916 rms=0.0185 scale=1.0000 fcos=nan ign=0.0000 prn=nan nxp=0.000 mph=0.000 bytes=500257 pkts=500257 shard=0
step=0464050 (run 50/8000) loss=7.56855 byte_ppl=1936.323 atoms=55 merges=0 field=1.1132 rms=0.0348 scale=1.0000 fcos=nan ign=0.0000 prn=nan nxp=0.000 mph=0.000 bytes=500257 pkts=500257 shard=0
step=0464075 (run 75/8000) loss=0.87352 byte_ppl=2.395 atoms=12 merges=0 field=1.3958 rms=0.0436 scale=1.0000 fcos=nan ign=0.0000 prn=nan nxp=0.000 mph=0.000 bytes=500257 pkts=500257 shard=0
step=0464100 (run 100/8000) loss=0.00031 byte_ppl=1.000 atoms=40 merges=0 field=1.6602 rms=0.0519 scale=1.0000 fcos=nan ign=0.0000 prn=nan nxp=0.000 mph=0.000 bytes=500257 pkts=500257 shard=0
step=0464125 (run 125/8000) loss=1.61145 byte_ppl=5.010 atoms=67 merges=0 field=1.9187 rms=0.0600 scale=1.0000 fcos=nan ign=0.0000 prn=nan nxp=0.000 mph=0.000 bytes=500257 pkts=500257 shard=0
step=0464150 (run 150/8000) loss=6.63773 byte_ppl=763.358 atoms=25 merges=0 field=2.1542 rms=0.0673 scale=1.0000 fcos=nan ign=0.0000 prn=nan nxp=0.000 mph=0.000 bytes=500257 pkts=500257 shard=0
step=0464175 (run 175/8000) loss=0.01627 byte_ppl=1.016 atoms=52 merges=0 field=2.3422 rms=0.0732 scale=1.0000 fcos=nan ign=0.0000 prn=nan nxp=0.000 mph=0.000 bytes=500257 pkts=500257 shard=0
step=0464200 (run 200/8000) loss=1.73428 byte_ppl=5.665 atoms=9 merges=0 field=2.5136 rms=0.0786 scale=1.0000 fcos=nan ign=0.0000 prn=nan nxp=0.000 mph=0.000 bytes=500257 pkts=500257 shard=0
step=0464225 (run 225/8000) loss=0.00547 byte_ppl=1.005 atoms=36 merges=0 field=2.6760 rms=0.0836 scale=1.0000 fcos=nan ign=0.0000 prn=nan nxp=0.000 mph=0.000 bytes=500257 pkts=500257 shard=0
step=0464250 (run 250/8000) loss=2.57012 byte_ppl=13.067 atoms=64 merges=0 field=2.8412 rms=0.0888 scale=1.0000 fcos=nan ign=0.0000 prn=nan nxp=0.000 mph=0.000 bytes=500257 pkts=500257 shard=0
step=0464275 (run 275/8000) loss=0.02245 byte_ppl=1.023 atoms=21 merges=0 field=2.9837 rms=0.0932 scale=1.0000 fcos=nan ign=0.0000 prn=nan nxp=0.000 mph=0.000 bytes=500257 pkts=500257 shard=0
step=0464300 (run 300/8000) loss=3.13891 byte_ppl=23.079 atoms=49 merges=0 field=3.1835 rms=0.0995 scale=1.0000 fcos=nan ign=0.0000 prn=nan nxp=0.000 mph=0.000 bytes=500257 pkts=500257 shard=0
step=0464325 (run 325/8000) loss=0.00674 byte_ppl=1.007 atoms=5 merges=0 field=3.3544 rms=0.1048 scale=1.0000 fcos=nan ign=0.0000 prn=nan nxp=0.000 mph=0.000 bytes=500257 pkts=500257 shard=0
step=0464350 (run 350/8000) loss=0.02296 byte_ppl=1.023 atoms=33 merges=0 field=3.4933 rms=0.1092 scale=1.0000 fcos=nan ign=0.0000 prn=nan nxp=0.000 mph=0.000 bytes=500257 pkts=500257 shard=0
step=0464375 (run 375/8000) loss=0.00018 byte_ppl=1.000 atoms=60 merges=0 field=3.6344 rms=0.1136 scale=1.0000 fcos=nan ign=0.0000 prn=nan nxp=0.000 mph=0.000 bytes=500257 pkts=500257 shard=0
step=0464400 (run 400/8000) loss=0.21473 byte_ppl=1.240 atoms=18 merges=0 field=3.7676 rms=0.1177 scale=1.0000 fcos=nan ign=0.0000 prn=nan nxp=0.000 mph=0.000 bytes=500257 pkts=500257 shard=0
step=0464425 (run 425/8000) loss=0.01853 byte_ppl=1.019 atoms=45 merges=0 field=3.8827 rms=0.1213 scale=1.0000 fcos=nan ign=0.0000 prn=nan nxp=0.000 mph=0.000 bytes=500257 pkts=500257 shard=0
step=0464450 (run 450/8000) loss=8.01575 byte_ppl=3028.274 atoms=3 merges=0 field=4.0271 rms=0.1259 scale=1.0000 fcos=nan ign=0.0000 prn=nan nxp=0.000 mph=0.000 bytes=500257 pkts=500257 shard=0
step=0464475 (run 475/8000) loss=1.35015 byte_ppl=3.858 atoms=30 merges=0 field=4.0879 rms=0.1277 scale=1.0000 fcos=nan ign=0.0000 prn=nan nxp=0.000 mph=0.000 bytes=500257 pkts=500257 shard=0
step=0464500 (run 500/8000) loss=3.22950 byte_ppl=25.267 atoms=58 merges=0 field=4.1764 rms=0.1305 scale=1.0000 fcos=nan ign=0.0000 prn=nan nxp=0.000 mph=0.000 bytes=500257 pkts=500257 shard=0
step=0464525 (run 525/8000) loss=0.11516 byte_ppl=1.122 atoms=14 merges=0 field=4.3178 rms=0.1349 scale=1.0000 fcos=nan ign=0.0000 prn=nan nxp=0.000 mph=0.000 bytes=500257 pkts=500257 shard=0
step=0464550 (run 550/8000) loss=4.38887 byte_ppl=80.549 atoms=42 merges=0 field=4.4229 rms=0.1382 scale=1.0000 fcos=nan ign=0.0000 prn=nan nxp=0.000 mph=0.000 bytes=500257 pkts=500257 shard=0
step=0464575 (run 575/8000) loss=0.00070 byte_ppl=1.001 atoms=69 merges=0 field=4.5203 rms=0.1413 scale=1.0000 fcos=nan ign=0.0000 prn=nan nxp=0.000 mph=0.000 bytes=500257 pkts=500257 shard=0
step=0464600 (run 600/8000) loss=6.42756 byte_ppl=618.662 atoms=27 merges=0 field=4.6281 rms=0.1446 scale=1.0000 fcos=nan ign=0.0000 prn=nan nxp=0.000 mph=0.000 bytes=500257 pkts=500257 shard=0
step=0464625 (run 625/8000) loss=0.56260 byte_ppl=1.755 atoms=54 merges=0 field=4.7276 rms=0.1477 scale=1.0000 fcos=nan ign=0.0000 prn=nan nxp=0.000 mph=0.000 bytes=500257 pkts=500257 shard=0
step=0464650 (run 650/8000) loss=0.00010 byte_ppl=1.000 atoms=11 merges=0 field=4.8539 rms=0.1517 scale=1.0000 fcos=nan ign=0.0000 prn=nan nxp=0.000 mph=0.000 bytes=500257 pkts=500257 shard=0
step=0464675 (run 675/8000) loss=0.00049 byte_ppl=1.000 atoms=38 merges=0 field=4.9504 rms=0.1547 scale=1.0000 fcos=nan ign=0.0000 prn=nan nxp=0.000 mph=0.000 bytes=500257 pkts=500257 shard=0
step=0464700 (run 700/8000) loss=7.83289 byte_ppl=2522.211 atoms=66 merges=0 field=5.0065 rms=0.1565 scale=1.0000 fcos=nan ign=0.0000 prn=nan nxp=0.000 mph=0.000 bytes=500257 pkts=500257 shard=0
step=0464725 (run 725/8000) loss=0.00028 byte_ppl=1.000 atoms=23 merges=0 field=5.1119 rms=0.1597 scale=1.0000 fcos=nan ign=0.0000 prn=nan nxp=0.000 mph=0.000 bytes=500257 pkts=500257 shard=0
step=0464750 (run 750/8000) loss=0.01335 byte_ppl=1.013 atoms=51 merges=0 field=5.1567 rms=0.1611 scale=1.0000 fcos=nan ign=0.0000 prn=nan nxp=0.000 mph=0.000 bytes=500257 pkts=500257 shard=0
step=0464775 (run 775/8000) loss=0.00026 byte_ppl=1.000 atoms=8 merges=0 field=5.2041 rms=0.1626 scale=1.0000 fcos=nan ign=0.0000 prn=nan nxp=0.000 mph=0.000 bytes=500257 pkts=500257 shard=0
step=0464800 (run 800/8000) loss=1.44328 byte_ppl=4.235 atoms=36 merges=0 field=5.2530 rms=0.1642 scale=1.0000 fcos=nan ign=0.0000 prn=nan nxp=0.000 mph=0.000 bytes=500257 pkts=500257 shard=0
step=0464825 (run 825/8000) loss=6.03109 byte_ppl=416.168 atoms=63 merges=0 field=5.2983 rms=0.1656 scale=1.0000 fcos=nan ign=0.0000 prn=nan nxp=0.000 mph=0.000 bytes=500257 pkts=500257 shard=0
step=0464850 (run 850/8000) loss=0.00044 byte_ppl=1.000 atoms=20 merges=0 field=5.3692 rms=0.1678 scale=1.0000 fcos=nan ign=0.0000 prn=nan nxp=0.000 mph=0.000 bytes=500257 pkts=500257 shard=0
step=0464875 (run 875/8000) loss=0.00003 byte_ppl=1.000 atoms=47 merges=0 field=5.4492 rms=0.1703 scale=1.0000 fcos=nan ign=0.0000 prn=nan nxp=0.000 mph=0.000 bytes=500257 pkts=500257 shard=0
step=0464900 (run 900/8000) loss=10.09990 byte_ppl=24340.651 atoms=5 merges=0 field=5.5058 rms=0.1721 scale=1.0000 fcos=nan ign=0.0000 prn=nan nxp=0.000 mph=0.000 bytes=500257 pkts=500257 shard=0
step=0464925 (run 925/8000) loss=0.00029 byte_ppl=1.000 atoms=32 merges=0 field=5.5450 rms=0.1733 scale=1.0000 fcos=nan ign=0.0000 prn=nan nxp=0.000 mph=0.000 bytes=500257 pkts=500257 shard=0
step=0464950 (run 950/8000) loss=2.64263 byte_ppl=14.050 atoms=60 merges=0 field=5.5807 rms=0.1744 scale=1.0000 fcos=nan ign=0.0000 prn=nan nxp=0.000 mph=0.000 bytes=500257 pkts=500257 shard=0
step=0464975 (run 975/8000) loss=0.14026 byte_ppl=1.151 atoms=16 merges=0 field=5.6522 rms=0.1766 scale=1.0000 fcos=nan ign=0.0000 prn=nan nxp=0.000 mph=0.000 bytes=500257 pkts=500257 shard=0
step=0465000 (run 1000/8000) loss=1.22011 byte_ppl=3.388 atoms=44 merges=0 field=5.7044 rms=0.1783 scale=1.0000 fcos=nan ign=0.0000 prn=nan nxp=0.000 mph=0.000 bytes=500257 pkts=500257 shard=0
step=0465025 (run 1025/8000) loss=1.63567 byte_ppl=5.133 atoms=1 merges=0 field=5.7618 rms=0.1801 scale=1.0000 fcos=nan ign=0.0000 prn=nan nxp=0.000 mph=0.000 bytes=500257 pkts=500257 shard=0
step=0465050 (run 1050/8000) loss=6.63302 byte_ppl=759.773 atoms=29 merges=0 field=5.8259 rms=0.1821 scale=1.0000 fcos=nan ign=0.0000 prn=nan nxp=0.000 mph=0.000 bytes=500257 pkts=500257 shard=0
step=0465075 (run 1075/8000) loss=0.19237 byte_ppl=1.212 atoms=56 merges=0 field=5.9118 rms=0.1847 scale=1.0000 fcos=nan ign=0.0000 prn=nan nxp=0.000 mph=0.000 bytes=500257 pkts=500257 shard=0
step=0465100 (run 1100/8000) loss=12.59907 byte_ppl=296282.774 atoms=14 merges=0 field=5.9291 rms=0.1853 scale=1.0000 fcos=nan ign=0.0000 prn=nan nxp=0.000 mph=0.000 bytes=500257 pkts=500257 shard=0
step=0465125 (run 1125/8000) loss=0.49249 byte_ppl=1.636 atoms=41 merges=0 field=5.9525 rms=0.1860 scale=1.0000 fcos=nan ign=0.0000 prn=nan nxp=0.000 mph=0.000 bytes=500257 pkts=500257 shard=0
step=0465150 (run 1150/8000) loss=6.90207 byte_ppl=994.333 atoms=69 merges=0 field=5.9798 rms=0.1869 scale=1.0000 fcos=nan ign=0.0000 prn=nan nxp=0.000 mph=0.000 bytes=500257 pkts=500257 shard=0
step=0465175 (run 1175/8000) loss=2.84177 byte_ppl=17.146 atoms=25 merges=0 field=6.0088 rms=0.1878 scale=1.0000 fcos=nan ign=0.0000 prn=nan nxp=0.000 mph=0.000 bytes=500257 pkts=500257 shard=0
step=0465200 (run 1200/8000) loss=8.25697 byte_ppl=3854.384 atoms=53 merges=0 field=6.0376 rms=0.1887 scale=1.0000 fcos=nan ign=0.0000 prn=nan nxp=0.000 mph=0.000 bytes=500257 pkts=500257 shard=0
step=0465225 (run 1225/8000) loss=0.00029 byte_ppl=1.000 atoms=10 merges=0 field=6.0111 rms=0.1879 scale=1.0000 fcos=nan ign=0.0000 prn=nan nxp=0.000 mph=0.000 bytes=500257 pkts=500257 shard=0
step=0465250 (run 1250/8000) loss=0.00010 byte_ppl=1.000 atoms=38 merges=0 field=6.0215 rms=0.1882 scale=1.0000 fcos=nan ign=0.0000 prn=nan nxp=0.000 mph=0.000 bytes=500257 pkts=500257 shard=0
step=0465275 (run 1275/8000) loss=0.00094 byte_ppl=1.001 atoms=65 merges=0 field=6.0521 rms=0.1891 scale=1.0000 fcos=nan ign=0.0000 prn=nan nxp=0.000 mph=0.000 bytes=500257 pkts=500257 shard=0
step=0465300 (run 1300/8000) loss=8.30625 byte_ppl=4049.095 atoms=22 merges=0 field=6.0677 rms=0.1896 scale=1.0000 fcos=nan ign=0.0000 prn=nan nxp=0.000 mph=0.000 bytes=500257 pkts=500257 shard=0
step=0465325 (run 1325/8000) loss=0.00388 byte_ppl=1.004 atoms=49 merges=0 field=6.1218 rms=0.1913 scale=1.0000 fcos=nan ign=0.0000 prn=nan nxp=0.000 mph=0.000 bytes=500257 pkts=500257 shard=0
step=0465350 (run 1350/8000) loss=0.00470 byte_ppl=1.005 atoms=7 merges=0 field=6.1573 rms=0.1924 scale=1.0000 fcos=nan ign=0.0000 prn=nan nxp=0.000 mph=0.000 bytes=500257 pkts=500257 shard=0
step=0465375 (run 1375/8000) loss=2.90201 byte_ppl=18.211 atoms=34 merges=0 field=6.1986 rms=0.1937 scale=1.0000 fcos=nan ign=0.0000 prn=nan nxp=0.000 mph=0.000 bytes=500257 pkts=500257 shard=0
step=0465400 (run 1400/8000) loss=3.38282 byte_ppl=29.454 atoms=62 merges=0 field=6.2174 rms=0.1943 scale=1.0000 fcos=nan ign=0.0000 prn=nan nxp=0.000 mph=0.000 bytes=500257 pkts=500257 shard=0
step=0465425 (run 1425/8000) loss=0.00212 byte_ppl=1.002 atoms=19 merges=0 field=6.2879 rms=0.1965 scale=1.0000 fcos=nan ign=0.0000 prn=nan nxp=0.000 mph=0.000 bytes=500257 pkts=500257 shard=0
step=0465450 (run 1450/8000) loss=10.34574 byte_ppl=31124.062 atoms=47 merges=0 field=6.2427 rms=0.1951 scale=1.0000 fcos=nan ign=0.0000 prn=nan nxp=0.000 mph=0.000 bytes=500257 pkts=500257 shard=0
step=0465475 (run 1475/8000) loss=0.14708 byte_ppl=1.158 atoms=3 merges=0 field=6.2730 rms=0.1960 scale=1.0000 fcos=nan ign=0.0000 prn=nan nxp=0.000 mph=0.000 bytes=500257 pkts=500257 shard=0
step=0465500 (run 1500/8000) loss=4.79794 byte_ppl=121.260 atoms=31 merges=0 field=6.2735 rms=0.1960 scale=1.0000 fcos=nan ign=0.0000 prn=nan nxp=0.000 mph=0.000 bytes=500257 pkts=500257 shard=0
step=0465525 (run 1525/8000) loss=0.02465 byte_ppl=1.025 atoms=58 merges=0 field=6.2944 rms=0.1967 scale=1.0000 fcos=nan ign=0.0000 prn=nan nxp=0.000 mph=0.000 bytes=500257 pkts=500257 shard=0
step=0465550 (run 1550/8000) loss=2.69838 byte_ppl=14.856 atoms=16 merges=0 field=6.3127 rms=0.1973 scale=1.0000 fcos=nan ign=0.0000 prn=nan nxp=0.000 mph=0.000 bytes=500257 pkts=500257 shard=0
step=0465575 (run 1575/8000) loss=0.00033 byte_ppl=1.000 atoms=43 merges=0 field=6.3683 rms=0.1990 scale=1.0000 fcos=nan ign=0.0000 prn=nan nxp=0.000 mph=0.000 bytes=500257 pkts=500257 shard=0
step=0465600 (run 1600/8000) loss=6.81889 byte_ppl=914.965 atoms=71 merges=0 field=6.3960 rms=0.1999 scale=1.0000 fcos=nan ign=0.0000 prn=nan nxp=0.000 mph=0.000 bytes=500257 pkts=500257 shard=0
step=0465625 (run 1625/8000) loss=1.86467 byte_ppl=6.454 atoms=27 merges=0 field=6.4073 rms=0.2002 scale=1.0000 fcos=nan ign=0.0000 prn=nan nxp=0.000 mph=0.000 bytes=500257 pkts=500257 shard=0
step=0465650 (run 1650/8000) loss=3.72741 byte_ppl=41.571 atoms=55 merges=0 field=6.4201 rms=0.2006 scale=1.0000 fcos=nan ign=0.0000 prn=nan nxp=0.000 mph=0.000 bytes=500257 pkts=500257 shard=0
step=0465675 (run 1675/8000) loss=0.01664 byte_ppl=1.017 atoms=12 merges=0 field=6.3814 rms=0.1994 scale=1.0000 fcos=nan ign=0.0000 prn=nan nxp=0.000 mph=0.000 bytes=500257 pkts=500257 shard=0
step=0465700 (run 1700/8000) loss=9.01803 byte_ppl=8250.501 atoms=40 merges=0 field=6.3994 rms=0.2000 scale=1.0000 fcos=nan ign=0.0000 prn=nan nxp=0.000 mph=0.000 bytes=500257 pkts=500257 shard=0
step=0465725 (run 1725/8000) loss=0.00080 byte_ppl=1.001 atoms=67 merges=0 field=6.4167 rms=0.2005 scale=1.0000 fcos=nan ign=0.0000 prn=nan nxp=0.000 mph=0.000 bytes=500257 pkts=500257 shard=0
step=0465750 (run 1750/8000) loss=5.83754 byte_ppl=342.934 atoms=25 merges=0 field=6.4404 rms=0.2013 scale=1.0000 fcos=nan ign=0.0000 prn=nan nxp=0.000 mph=0.000 bytes=500257 pkts=500257 shard=0
step=0465775 (run 1775/8000) loss=0.01507 byte_ppl=1.015 atoms=52 merges=0 field=6.4752 rms=0.2024 scale=1.0000 fcos=nan ign=0.0000 prn=nan nxp=0.000 mph=0.000 bytes=500257 pkts=500257 shard=0
step=0465800 (run 1800/8000) loss=1.78193 byte_ppl=5.941 atoms=9 merges=0 field=6.4212 rms=0.2007 scale=1.0000 fcos=nan ign=0.0000 prn=nan nxp=0.000 mph=0.000 bytes=500257 pkts=500257 shard=0
step=0465825 (run 1825/8000) loss=0.00574 byte_ppl=1.006 atoms=36 merges=0 field=6.4589 rms=0.2018 scale=1.0000 fcos=nan ign=0.0000 prn=nan nxp=0.000 mph=0.000 bytes=500257 pkts=500257 shard=0
step=0465850 (run 1850/8000) loss=0.00975 byte_ppl=1.010 atoms=64 merges=0 field=6.4867 rms=0.2027 scale=1.0000 fcos=nan ign=0.0000 prn=nan nxp=0.000 mph=0.000 bytes=500257 pkts=500257 shard=0
step=0465875 (run 1875/8000) loss=0.02152 byte_ppl=1.022 atoms=21 merges=0 field=6.5338 rms=0.2042 scale=1.0000 fcos=nan ign=0.0000 prn=nan nxp=0.000 mph=0.000 bytes=500257 pkts=500257 shard=0
step=0465900 (run 1900/8000) loss=9.16843 byte_ppl=9589.560 atoms=49 merges=0 field=6.5391 rms=0.2043 scale=1.0000 fcos=nan ign=0.0000 prn=nan nxp=0.000 mph=0.000 bytes=500257 pkts=500257 shard=0
step=0465925 (run 1925/8000) loss=0.00230 byte_ppl=1.002 atoms=5 merges=0 field=6.5615 rms=0.2050 scale=1.0000 fcos=nan ign=0.0000 prn=nan nxp=0.000 mph=0.000 bytes=500257 pkts=500257 shard=0
step=0465950 (run 1950/8000) loss=8.80008 byte_ppl=6634.789 atoms=33 merges=0 field=6.5580 rms=0.2049 scale=1.0000 fcos=nan ign=0.0000 prn=nan nxp=0.000 mph=0.000 bytes=500257 pkts=500257 shard=0
step=0465975 (run 1975/8000) loss=0.00480 byte_ppl=1.005 atoms=60 merges=0 field=6.5584 rms=0.2050 scale=1.0000 fcos=nan ign=0.0000 prn=nan nxp=0.000 mph=0.000 bytes=500257 pkts=500257 shard=0
step=0466000 (run 2000/8000) loss=2.13192 byte_ppl=8.431 atoms=18 merges=0 field=6.5794 rms=0.2056 scale=1.0000 fcos=nan ign=0.0000 prn=nan nxp=0.000 mph=0.000 bytes=500257 pkts=500257 shard=0
step=0466025 (run 2025/8000) loss=4.39648 byte_ppl=81.165 atoms=45 merges=0 field=6.5961 rms=0.2061 scale=1.0000 fcos=nan ign=0.0000 prn=nan nxp=0.000 mph=0.000 bytes=500257 pkts=500257 shard=0
step=0466050 (run 2050/8000) loss=2.02837 byte_ppl=7.602 atoms=3 merges=0 field=6.6198 rms=0.2069 scale=1.0000 fcos=nan ign=0.0000 prn=nan nxp=0.000 mph=0.000 bytes=500257 pkts=500257 shard=0
step=0466075 (run 2075/8000) loss=0.09106 byte_ppl=1.095 atoms=30 merges=0 field=6.6447 rms=0.2076 scale=1.0000 fcos=nan ign=0.0000 prn=nan nxp=0.000 mph=0.000 bytes=500257 pkts=500257 shard=0
step=0466100 (run 2100/8000) loss=6.73445 byte_ppl=840.878 atoms=58 merges=0 field=6.6614 rms=0.2082 scale=1.0000 fcos=nan ign=0.0000 prn=nan nxp=0.000 mph=0.000 bytes=500257 pkts=500257 shard=0
step=0466125 (run 2125/8000) loss=0.00064 byte_ppl=1.001 atoms=14 merges=0 field=6.6815 rms=0.2088 scale=1.0000 fcos=nan ign=0.0000 prn=nan nxp=0.000 mph=0.000 bytes=500257 pkts=500257 shard=0
step=0466150 (run 2150/8000) loss=5.59287 byte_ppl=268.505 atoms=42 merges=0 field=6.6842 rms=0.2089 scale=1.0000 fcos=nan ign=0.0000 prn=nan nxp=0.000 mph=0.000 bytes=500257 pkts=500257 shard=0
step=0466175 (run 2175/8000) loss=2.31979 byte_ppl=10.174 atoms=69 merges=0 field=6.7075 rms=0.2096 scale=1.0000 fcos=nan ign=0.0000 prn=nan nxp=0.000 mph=0.000 bytes=500257 pkts=500257 shard=0
step=0466200 (run 2200/8000) loss=1.99360 byte_ppl=7.342 atoms=27 merges=0 field=6.6738 rms=0.2086 scale=1.0000 fcos=nan ign=0.0000 prn=nan nxp=0.000 mph=0.000 bytes=500257 pkts=500257 shard=0
step=0466225 (run 2225/8000) loss=0.88861 byte_ppl=2.432 atoms=54 merges=0 field=6.6986 rms=0.2093 scale=1.0000 fcos=nan ign=0.0000 prn=nan nxp=0.000 mph=0.000 bytes=500257 pkts=500257 shard=0
step=0466250 (run 2250/8000) loss=8.23013 byte_ppl=3752.319 atoms=11 merges=0 field=6.7319 rms=0.2104 scale=1.0000 fcos=nan ign=0.0000 prn=nan nxp=0.000 mph=0.000 bytes=500257 pkts=500257 shard=0
step=0466275 (run 2275/8000) loss=0.00178 byte_ppl=1.002 atoms=38 merges=0 field=6.6803 rms=0.2088 scale=1.0000 fcos=nan ign=0.0000 prn=nan nxp=0.000 mph=0.000 bytes=500257 pkts=500257 shard=0
step=0466300 (run 2300/8000) loss=1.77313 byte_ppl=5.889 atoms=66 merges=0 field=6.6510 rms=0.2078 scale=1.0000 fcos=nan ign=0.0000 prn=nan nxp=0.000 mph=0.000 bytes=500257 pkts=500257 shard=0
step=0466325 (run 2325/8000) loss=5.56456 byte_ppl=261.011 atoms=23 merges=0 field=6.6493 rms=0.2078 scale=1.0000 fcos=nan ign=0.0000 prn=nan nxp=0.000 mph=0.000 bytes=500257 pkts=500257 shard=0
step=0466350 (run 2350/8000) loss=6.63243 byte_ppl=759.325 atoms=51 merges=0 field=6.6560 rms=0.2080 scale=1.0000 fcos=nan ign=0.0000 prn=nan nxp=0.000 mph=0.000 bytes=500257 pkts=500257 shard=0
step=0466375 (run 2375/8000) loss=0.72231 byte_ppl=2.059 atoms=8 merges=0 field=6.6499 rms=0.2078 scale=1.0000 fcos=nan ign=0.0000 prn=nan nxp=0.000 mph=0.000 bytes=500257 pkts=500257 shard=0
step=0466400 (run 2400/8000) loss=0.00005 byte_ppl=1.000 atoms=36 merges=0 field=6.6826 rms=0.2088 scale=1.0000 fcos=nan ign=0.0000 prn=nan nxp=0.000 mph=0.000 bytes=500257 pkts=500257 shard=0
step=0466425 (run 2425/8000) loss=0.00713 byte_ppl=1.007 atoms=63 merges=0 field=6.6690 rms=0.2084 scale=1.0000 fcos=nan ign=0.0000 prn=nan nxp=0.000 mph=0.000 bytes=500257 pkts=500257 shard=0
step=0466450 (run 2450/8000) loss=6.89509 byte_ppl=987.418 atoms=20 merges=0 field=6.6392 rms=0.2075 scale=1.0000 fcos=nan ign=0.0000 prn=nan nxp=0.000 mph=0.000 bytes=500257 pkts=500257 shard=0
step=0466475 (run 2475/8000) loss=0.09281 byte_ppl=1.097 atoms=47 merges=0 field=6.6063 rms=0.2064 scale=1.0000 fcos=nan ign=0.0000 prn=nan nxp=0.000 mph=0.000 bytes=500257 pkts=500257 shard=0
step=0466500 (run 2500/8000) loss=0.02511 byte_ppl=1.025 atoms=5 merges=0 field=6.5997 rms=0.2062 scale=1.0000 fcos=nan ign=0.0000 prn=nan nxp=0.000 mph=0.000 bytes=500257 pkts=500257 shard=0
step=0466525 (run 2525/8000) loss=0.00059 byte_ppl=1.001 atoms=32 merges=0 field=6.6103 rms=0.2066 scale=1.0000 fcos=nan ign=0.0000 prn=nan nxp=0.000 mph=0.000 bytes=500257 pkts=500257 shard=0
step=0466550 (run 2550/8000) loss=3.15817 byte_ppl=23.527 atoms=60 merges=0 field=6.5683 rms=0.2053 scale=1.0000 fcos=nan ign=0.0000 prn=nan nxp=0.000 mph=0.000 bytes=500257 pkts=500257 shard=0
step=0466575 (run 2575/8000) loss=0.00749 byte_ppl=1.008 atoms=16 merges=0 field=6.5799 rms=0.2056 scale=1.0000 fcos=nan ign=0.0000 prn=nan nxp=0.000 mph=0.000 bytes=500257 pkts=500257 shard=0
step=0466600 (run 2600/8000) loss=7.84441 byte_ppl=2551.435 atoms=44 merges=0 field=6.5641 rms=0.2051 scale=1.0000 fcos=nan ign=0.0000 prn=nan nxp=0.000 mph=0.000 bytes=500257 pkts=500257 shard=0
step=0466625 (run 2625/8000) loss=5.95737 byte_ppl=386.591 atoms=1 merges=0 field=6.5442 rms=0.2045 scale=1.0000 fcos=nan ign=0.0000 prn=nan nxp=0.000 mph=0.000 bytes=500257 pkts=500257 shard=0
step=0466650 (run 2650/8000) loss=0.67252 byte_ppl=1.959 atoms=29 merges=0 field=6.5690 rms=0.2053 scale=1.0000 fcos=nan ign=0.0000 prn=nan nxp=0.000 mph=0.000 bytes=500257 pkts=500257 shard=0
step=0466675 (run 2675/8000) loss=0.31184 byte_ppl=1.366 atoms=56 merges=0 field=6.5999 rms=0.2062 scale=1.0000 fcos=nan ign=0.0000 prn=nan nxp=0.000 mph=0.000 bytes=500257 pkts=500257 shard=0
step=0466700 (run 2700/8000) loss=5.46475 byte_ppl=236.218 atoms=14 merges=0 field=6.5889 rms=0.2059 scale=1.0000 fcos=nan ign=0.0000 prn=nan nxp=0.000 mph=0.000 bytes=500257 pkts=500257 shard=0
step=0466725 (run 2725/8000) loss=2.48157 byte_ppl=11.960 atoms=41 merges=0 field=6.5459 rms=0.2046 scale=1.0000 fcos=nan ign=0.0000 prn=nan nxp=0.000 mph=0.000 bytes=500257 pkts=500257 shard=0
step=0466750 (run 2750/8000) loss=10.94623 byte_ppl=56739.946 atoms=69 merges=0 field=6.5151 rms=0.2036 scale=1.0000 fcos=nan ign=0.0000 prn=nan nxp=0.000 mph=0.000 bytes=500257 pkts=500257 shard=0
step=0466775 (run 2775/8000) loss=0.00031 byte_ppl=1.000 atoms=25 merges=0 field=6.5049 rms=0.2033 scale=1.0000 fcos=nan ign=0.0000 prn=nan nxp=0.000 mph=0.000 bytes=500257 pkts=500257 shard=0
step=0466800 (run 2800/8000) loss=4.61251 byte_ppl=100.737 atoms=53 merges=0 field=6.4849 rms=0.2027 scale=1.0000 fcos=nan ign=0.0000 prn=nan nxp=0.000 mph=0.000 bytes=500257 pkts=500257 shard=0
step=0466825 (run 2825/8000) loss=0.00974 byte_ppl=1.010 atoms=10 merges=0 field=6.4952 rms=0.2030 scale=1.0000 fcos=nan ign=0.0000 prn=nan nxp=0.000 mph=0.000 bytes=500257 pkts=500257 shard=0
step=0466850 (run 2850/8000) loss=5.10686 byte_ppl=165.151 atoms=38 merges=0 field=6.4969 rms=0.2030 scale=1.0000 fcos=nan ign=0.0000 prn=nan nxp=0.000 mph=0.000 bytes=500257 pkts=500257 shard=0
step=0466875 (run 2875/8000) loss=0.00044 byte_ppl=1.000 atoms=65 merges=0 field=6.5163 rms=0.2036 scale=1.0000 fcos=nan ign=0.0000 prn=nan nxp=0.000 mph=0.000 bytes=500257 pkts=500257 shard=0
step=0466900 (run 2900/8000) loss=3.13947 byte_ppl=23.092 atoms=22 merges=0 field=6.5281 rms=0.2040 scale=1.0000 fcos=nan ign=0.0000 prn=nan nxp=0.000 mph=0.000 bytes=500257 pkts=500257 shard=0
step=0466925 (run 2925/8000) loss=0.00918 byte_ppl=1.009 atoms=49 merges=0 field=6.5447 rms=0.2045 scale=1.0000 fcos=nan ign=0.0000 prn=nan nxp=0.000 mph=0.000 bytes=500257 pkts=500257 shard=0
step=0466950 (run 2950/8000) loss=12.86044 byte_ppl=384785.826 atoms=7 merges=0 field=6.5580 rms=0.2049 scale=1.0000 fcos=nan ign=0.0000 prn=nan nxp=0.000 mph=0.000 bytes=500257 pkts=500257 shard=0
step=0466975 (run 2975/8000) loss=0.47191 byte_ppl=1.603 atoms=34 merges=0 field=6.4892 rms=0.2028 scale=1.0000 fcos=nan ign=0.0000 prn=nan nxp=0.000 mph=0.000 bytes=500257 pkts=500257 shard=0
step=0467000 (run 3000/8000) loss=11.72148 byte_ppl=123189.891 atoms=62 merges=0 field=6.4859 rms=0.2027 scale=1.0000 fcos=nan ign=0.0000 prn=nan nxp=0.000 mph=0.000 bytes=500257 pkts=500257 shard=0
step=0467025 (run 3025/8000) loss=0.00682 byte_ppl=1.007 atoms=19 merges=0 field=6.4999 rms=0.2031 scale=1.0000 fcos=nan ign=0.0000 prn=nan nxp=0.000 mph=0.000 bytes=500257 pkts=500257 shard=0
step=0467050 (run 3050/8000) loss=3.44432 byte_ppl=31.322 atoms=47 merges=0 field=6.4759 rms=0.2024 scale=1.0000 fcos=nan ign=0.0000 prn=nan nxp=0.000 mph=0.000 bytes=500257 pkts=500257 shard=0
step=0467075 (run 3075/8000) loss=2.49759 byte_ppl=12.153 atoms=3 merges=0 field=6.5046 rms=0.2033 scale=1.0000 fcos=nan ign=0.0000 prn=nan nxp=0.000 mph=0.000 bytes=500257 pkts=500257 shard=0
step=0467100 (run 3100/8000) loss=4.80227 byte_ppl=121.787 atoms=31 merges=0 field=6.4911 rms=0.2028 scale=1.0000 fcos=nan ign=0.0000 prn=nan nxp=0.000 mph=0.000 bytes=500257 pkts=500257 shard=0
step=0467125 (run 3125/8000) loss=0.00179 byte_ppl=1.002 atoms=58 merges=0 field=6.5136 rms=0.2036 scale=1.0000 fcos=nan ign=0.0000 prn=nan nxp=0.000 mph=0.000 bytes=500257 pkts=500257 shard=0
step=0467150 (run 3150/8000) loss=4.01893 byte_ppl=55.642 atoms=16 merges=0 field=6.5301 rms=0.2041 scale=1.0000 fcos=nan ign=0.0000 prn=nan nxp=0.000 mph=0.000 bytes=500257 pkts=500257 shard=0
step=0467175 (run 3175/8000) loss=3.05387 byte_ppl=21.197 atoms=43 merges=0 field=6.5325 rms=0.2041 scale=1.0000 fcos=nan ign=0.0000 prn=nan nxp=0.000 mph=0.000 bytes=500257 pkts=500257 shard=0
step=0467200 (run 3200/8000) loss=5.47067 byte_ppl=237.619 atoms=71 merges=0 field=6.5559 rms=0.2049 scale=1.0000 fcos=nan ign=0.0000 prn=nan nxp=0.000 mph=0.000 bytes=500257 pkts=500257 shard=0
step=0467225 (run 3225/8000) loss=9.56305 byte_ppl=14229.196 atoms=27 merges=0 field=6.5585 rms=0.2050 scale=1.0000 fcos=nan ign=0.0000 prn=nan nxp=0.000 mph=0.000 bytes=500257 pkts=500257 shard=0
step=0467250 (run 3250/8000) loss=4.51060 byte_ppl=90.976 atoms=55 merges=0 field=6.5401 rms=0.2044 scale=1.0000 fcos=nan ign=0.0000 prn=nan nxp=0.000 mph=0.000 bytes=500257 pkts=500257 shard=0
step=0467275 (run 3275/8000) loss=0.00032 byte_ppl=1.000 atoms=12 merges=0 field=6.5257 rms=0.2039 scale=1.0000 fcos=nan ign=0.0000 prn=nan nxp=0.000 mph=0.000 bytes=500257 pkts=500257 shard=0
step=0467300 (run 3300/8000) loss=6.17160 byte_ppl=478.951 atoms=40 merges=0 field=6.5025 rms=0.2032 scale=1.0000 fcos=nan ign=0.0000 prn=nan nxp=0.000 mph=0.000 bytes=500257 pkts=500257 shard=0
step=0467325 (run 3325/8000) loss=0.00094 byte_ppl=1.001 atoms=67 merges=0 field=6.4835 rms=0.2026 scale=1.0000 fcos=nan ign=0.0000 prn=nan nxp=0.000 mph=0.000 bytes=500257 pkts=500257 shard=0
step=0467350 (run 3350/8000) loss=0.03702 byte_ppl=1.038 atoms=25 merges=0 field=6.5328 rms=0.2042 scale=1.0000 fcos=nan ign=0.0000 prn=nan nxp=0.000 mph=0.000 bytes=500257 pkts=500257 shard=0
step=0467375 (run 3375/8000) loss=0.00164 byte_ppl=1.002 atoms=52 merges=0 field=6.5628 rms=0.2051 scale=1.0000 fcos=nan ign=0.0000 prn=nan nxp=0.000 mph=0.000 bytes=500257 pkts=500257 shard=0
step=0467400 (run 3400/8000) loss=8.43738 byte_ppl=4616.465 atoms=9 merges=0 field=6.5391 rms=0.2043 scale=1.0000 fcos=nan ign=0.0000 prn=nan nxp=0.000 mph=0.000 bytes=500257 pkts=500257 shard=0
step=0467425 (run 3425/8000) loss=0.01413 byte_ppl=1.014 atoms=36 merges=0 field=6.5807 rms=0.2056 scale=1.0000 fcos=nan ign=0.0000 prn=nan nxp=0.000 mph=0.000 bytes=500257 pkts=500257 shard=0
step=0467450 (run 3450/8000) loss=4.54311 byte_ppl=93.983 atoms=64 merges=0 field=6.5778 rms=0.2056 scale=1.0000 fcos=nan ign=0.0000 prn=nan nxp=0.000 mph=0.000 bytes=500257 pkts=500257 shard=0
step=0467475 (run 3475/8000) loss=0.00686 byte_ppl=1.007 atoms=21 merges=0 field=6.5946 rms=0.2061 scale=1.0000 fcos=nan ign=0.0000 prn=nan nxp=0.000 mph=0.000 bytes=500257 pkts=500257 shard=0
step=0467500 (run 3500/8000) loss=17.76788 byte_ppl=52058643.121 atoms=49 merges=0 field=6.6023 rms=0.2063 scale=1.0000 fcos=nan ign=0.0000 prn=nan nxp=0.000 mph=0.000 bytes=500257 pkts=500257 shard=0
step=0467525 (run 3525/8000) loss=0.00028 byte_ppl=1.000 atoms=5 merges=0 field=6.5796 rms=0.2056 scale=1.0000 fcos=nan ign=0.0000 prn=nan nxp=0.000 mph=0.000 bytes=500257 pkts=500257 shard=0
step=0467550 (run 3550/8000) loss=1.51699 byte_ppl=4.559 atoms=33 merges=0 field=6.5812 rms=0.2057 scale=1.0000 fcos=nan ign=0.0000 prn=nan nxp=0.000 mph=0.000 bytes=500257 pkts=500257 shard=0
step=0467575 (run 3575/8000) loss=0.00365 byte_ppl=1.004 atoms=60 merges=0 field=6.5536 rms=0.2048 scale=1.0000 fcos=nan ign=0.0000 prn=nan nxp=0.000 mph=0.000 bytes=500257 pkts=500257 shard=0
step=0467600 (run 3600/8000) loss=2.50631 byte_ppl=12.260 atoms=18 merges=0 field=6.5562 rms=0.2049 scale=1.0000 fcos=nan ign=0.0000 prn=nan nxp=0.000 mph=0.000 bytes=500257 pkts=500257 shard=0
step=0467625 (run 3625/8000) loss=5.24317 byte_ppl=189.269 atoms=45 merges=0 field=6.5877 rms=0.2059 scale=1.0000 fcos=nan ign=0.0000 prn=nan nxp=0.000 mph=0.000 bytes=500257 pkts=500257 shard=0
step=0467650 (run 3650/8000) loss=0.02583 byte_ppl=1.026 atoms=3 merges=0 field=6.5848 rms=0.2058 scale=1.0000 fcos=nan ign=0.0000 prn=nan nxp=0.000 mph=0.000 bytes=500257 pkts=500257 shard=0
step=0467675 (run 3675/8000) loss=0.66148 byte_ppl=1.938 atoms=30 merges=0 field=6.6081 rms=0.2065 scale=1.0000 fcos=nan ign=0.0000 prn=nan nxp=0.000 mph=0.000 bytes=500257 pkts=500257 shard=0
step=0467700 (run 3700/8000) loss=0.00422 byte_ppl=1.004 atoms=58 merges=0 field=6.6200 rms=0.2069 scale=1.0000 fcos=nan ign=0.0000 prn=nan nxp=0.000 mph=0.000 bytes=500257 pkts=500257 shard=0
step=0467725 (run 3725/8000) loss=0.00641 byte_ppl=1.006 atoms=14 merges=0 field=6.5924 rms=0.2060 scale=1.0000 fcos=nan ign=0.0000 prn=nan nxp=0.000 mph=0.000 bytes=500257 pkts=500257 shard=0
step=0467750 (run 3750/8000) loss=8.67455 byte_ppl=5852.061 atoms=42 merges=0 field=6.6056 rms=0.2064 scale=1.0000 fcos=nan ign=0.0000 prn=nan nxp=0.000 mph=0.000 bytes=500257 pkts=500257 shard=0
step=0467775 (run 3775/8000) loss=0.04279 byte_ppl=1.044 atoms=69 merges=0 field=6.6286 rms=0.2071 scale=1.0000 fcos=nan ign=0.0000 prn=nan nxp=0.000 mph=0.000 bytes=500257 pkts=500257 shard=0
step=0467800 (run 3800/8000) loss=4.49575 byte_ppl=89.636 atoms=27 merges=0 field=6.6089 rms=0.2065 scale=1.0000 fcos=nan ign=0.0000 prn=nan nxp=0.000 mph=0.000 bytes=500257 pkts=500257 shard=0
step=0467825 (run 3825/8000) loss=0.53522 byte_ppl=1.708 atoms=54 merges=0 field=6.6087 rms=0.2065 scale=1.0000 fcos=nan ign=0.0000 prn=nan nxp=0.000 mph=0.000 bytes=500257 pkts=500257 shard=0
step=0467850 (run 3850/8000) loss=3.35876 byte_ppl=28.754 atoms=11 merges=0 field=6.6188 rms=0.2068 scale=1.0000 fcos=nan ign=0.0000 prn=nan nxp=0.000 mph=0.000 bytes=500257 pkts=500257 shard=0
step=0467875 (run 3875/8000) loss=1.14828 byte_ppl=3.153 atoms=38 merges=0 field=6.5962 rms=0.2061 scale=1.0000 fcos=nan ign=0.0000 prn=nan nxp=0.000 mph=0.000 bytes=500257 pkts=500257 shard=0
step=0467900 (run 3900/8000) loss=0.03568 byte_ppl=1.036 atoms=66 merges=0 field=6.5945 rms=0.2061 scale=1.0000 fcos=nan ign=0.0000 prn=nan nxp=0.000 mph=0.000 bytes=500257 pkts=500257 shard=0
step=0467925 (run 3925/8000) loss=0.19953 byte_ppl=1.221 atoms=23 merges=0 field=6.5835 rms=0.2057 scale=1.0000 fcos=nan ign=0.0000 prn=nan nxp=0.000 mph=0.000 bytes=500257 pkts=500257 shard=0
step=0467950 (run 3950/8000) loss=4.52768 byte_ppl=92.544 atoms=51 merges=0 field=6.5988 rms=0.2062 scale=1.0000 fcos=nan ign=0.0000 prn=nan nxp=0.000 mph=0.000 bytes=500257 pkts=500257 shard=0
step=0467975 (run 3975/8000) loss=0.00195 byte_ppl=1.002 atoms=8 merges=0 field=6.6089 rms=0.2065 scale=1.0000 fcos=nan ign=0.0000 prn=nan nxp=0.000 mph=0.000 bytes=500257 pkts=500257 shard=0
step=0468000 (run 4000/8000) loss=1.03717 byte_ppl=2.821 atoms=36 merges=0 field=6.5704 rms=0.2053 scale=1.0000 fcos=nan ign=0.0000 prn=nan nxp=0.000 mph=0.000 bytes=500257 pkts=500257 shard=0
step=0468025 (run 4025/8000) loss=0.14707 byte_ppl=1.158 atoms=63 merges=0 field=6.5779 rms=0.2056 scale=1.0000 fcos=nan ign=0.0000 prn=nan nxp=0.000 mph=0.000 bytes=500257 pkts=500257 shard=0
step=0468050 (run 4050/8000) loss=0.11705 byte_ppl=1.124 atoms=20 merges=0 field=6.5692 rms=0.2053 scale=1.0000 fcos=nan ign=0.0000 prn=nan nxp=0.000 mph=0.000 bytes=500257 pkts=500257 shard=0
step=0468075 (run 4075/8000) loss=0.00136 byte_ppl=1.001 atoms=47 merges=0 field=6.5760 rms=0.2055 scale=1.0000 fcos=nan ign=0.0000 prn=nan nxp=0.000 mph=0.000 bytes=500257 pkts=500257 shard=0
step=0468100 (run 4100/8000) loss=11.82127 byte_ppl=136116.597 atoms=5 merges=0 field=6.5437 rms=0.2045 scale=1.0000 fcos=nan ign=0.0000 prn=nan nxp=0.000 mph=0.000 bytes=500257 pkts=500257 shard=0
step=0468125 (run 4125/8000) loss=0.00204 byte_ppl=1.002 atoms=32 merges=0 field=6.5442 rms=0.2045 scale=1.0000 fcos=nan ign=0.0000 prn=nan nxp=0.000 mph=0.000 bytes=500257 pkts=500257 shard=0
step=0468150 (run 4150/8000) loss=5.72198 byte_ppl=305.508 atoms=60 merges=0 field=6.5609 rms=0.2050 scale=1.0000 fcos=nan ign=0.0000 prn=nan nxp=0.000 mph=0.000 bytes=500257 pkts=500257 shard=0
step=0468175 (run 4175/8000) loss=1.50622 byte_ppl=4.510 atoms=16 merges=0 field=6.5571 rms=0.2049 scale=1.0000 fcos=nan ign=0.0000 prn=nan nxp=0.000 mph=0.000 bytes=500257 pkts=500257 shard=0
step=0468200 (run 4200/8000) loss=0.19860 byte_ppl=1.220 atoms=44 merges=0 field=6.5852 rms=0.2058 scale=1.0000 fcos=nan ign=0.0000 prn=nan nxp=0.000 mph=0.000 bytes=500257 pkts=500257 shard=0
step=0468225 (run 4225/8000) loss=2.42432 byte_ppl=11.295 atoms=1 merges=0 field=6.5976 rms=0.2062 scale=1.0000 fcos=nan ign=0.0000 prn=nan nxp=0.000 mph=0.000 bytes=500257 pkts=500257 shard=0
step=0468250 (run 4250/8000) loss=4.47207 byte_ppl=87.538 atoms=29 merges=0 field=6.6207 rms=0.2069 scale=1.0000 fcos=nan ign=0.0000 prn=nan nxp=0.000 mph=0.000 bytes=500257 pkts=500257 shard=0
step=0468275 (run 4275/8000) loss=3.33865 byte_ppl=28.181 atoms=56 merges=0 field=6.6308 rms=0.2072 scale=1.0000 fcos=nan ign=0.0000 prn=nan nxp=0.000 mph=0.000 bytes=500257 pkts=500257 shard=0
step=0468300 (run 4300/8000) loss=3.36871 byte_ppl=29.041 atoms=14 merges=0 field=6.6423 rms=0.2076 scale=1.0000 fcos=nan ign=0.0000 prn=nan nxp=0.000 mph=0.000 bytes=500257 pkts=500257 shard=0
step=0468325 (run 4325/8000) loss=3.74647 byte_ppl=42.371 atoms=41 merges=0 field=6.6513 rms=0.2079 scale=1.0000 fcos=nan ign=0.0000 prn=nan nxp=0.000 mph=0.000 bytes=500257 pkts=500257 shard=0
step=0468350 (run 4350/8000) loss=2.39835 byte_ppl=11.005 atoms=69 merges=0 field=6.6502 rms=0.2078 scale=1.0000 fcos=nan ign=0.0000 prn=nan nxp=0.000 mph=0.000 bytes=500257 pkts=500257 shard=0
step=0468375 (run 4375/8000) loss=0.00022 byte_ppl=1.000 atoms=25 merges=0 field=6.6369 rms=0.2074 scale=1.0000 fcos=nan ign=0.0000 prn=nan nxp=0.000 mph=0.000 bytes=500257 pkts=500257 shard=0
step=0468400 (run 4400/8000) loss=7.83168 byte_ppl=2519.164 atoms=53 merges=0 field=6.6321 rms=0.2073 scale=1.0000 fcos=nan ign=0.0000 prn=nan nxp=0.000 mph=0.000 bytes=500257 pkts=500257 shard=0
step=0468425 (run 4425/8000) loss=0.00528 byte_ppl=1.005 atoms=10 merges=0 field=6.6539 rms=0.2079 scale=1.0000 fcos=nan ign=0.0000 prn=nan nxp=0.000 mph=0.000 bytes=500257 pkts=500257 shard=0
step=0468450 (run 4450/8000) loss=7.14057 byte_ppl=1262.150 atoms=38 merges=0 field=6.6842 rms=0.2089 scale=1.0000 fcos=nan ign=0.0000 prn=nan nxp=0.000 mph=0.000 bytes=500257 pkts=500257 shard=0
step=0468475 (run 4475/8000) loss=0.00009 byte_ppl=1.000 atoms=65 merges=0 field=6.6967 rms=0.2093 scale=1.0000 fcos=nan ign=0.0000 prn=nan nxp=0.000 mph=0.000 bytes=500257 pkts=500257 shard=0
step=0468500 (run 4500/8000) loss=0.00113 byte_ppl=1.001 atoms=22 merges=0 field=6.7153 rms=0.2099 scale=1.0000 fcos=nan ign=0.0000 prn=nan nxp=0.000 mph=0.000 bytes=500257 pkts=500257 shard=0
step=0468525 (run 4525/8000) loss=1.72506 byte_ppl=5.613 atoms=49 merges=0 field=6.7290 rms=0.2103 scale=1.0000 fcos=nan ign=0.0000 prn=nan nxp=0.000 mph=0.000 bytes=500257 pkts=500257 shard=0
step=0468550 (run 4550/8000) loss=5.70423 byte_ppl=300.135 atoms=7 merges=0 field=6.6940 rms=0.2092 scale=1.0000 fcos=nan ign=0.0000 prn=nan nxp=0.000 mph=0.000 bytes=500257 pkts=500257 shard=0
step=0468575 (run 4575/8000) loss=0.04439 byte_ppl=1.045 atoms=34 merges=0 field=6.7327 rms=0.2104 scale=1.0000 fcos=nan ign=0.0000 prn=nan nxp=0.000 mph=0.000 bytes=500257 pkts=500257 shard=0
step=0468600 (run 4600/8000) loss=5.84819 byte_ppl=346.607 atoms=62 merges=0 field=6.6998 rms=0.2094 scale=1.0000 fcos=nan ign=0.0000 prn=nan nxp=0.000 mph=0.000 bytes=500257 pkts=500257 shard=0
step=0468625 (run 4625/8000) loss=3.84490 byte_ppl=46.754 atoms=19 merges=0 field=6.6749 rms=0.2086 scale=1.0000 fcos=nan ign=0.0000 prn=nan nxp=0.000 mph=0.000 bytes=500257 pkts=500257 shard=0
step=0468650 (run 4650/8000) loss=0.02282 byte_ppl=1.023 atoms=47 merges=0 field=6.6994 rms=0.2094 scale=1.0000 fcos=nan ign=0.0000 prn=nan nxp=0.000 mph=0.000 bytes=500257 pkts=500257 shard=0
step=0468675 (run 4675/8000) loss=0.00211 byte_ppl=1.002 atoms=3 merges=0 field=6.6537 rms=0.2079 scale=1.0000 fcos=nan ign=0.0000 prn=nan nxp=0.000 mph=0.000 bytes=500257 pkts=500257 shard=0
step=0468700 (run 4700/8000) loss=2.65361 byte_ppl=14.205 atoms=31 merges=0 field=6.6480 rms=0.2078 scale=1.0000 fcos=nan ign=0.0000 prn=nan nxp=0.000 mph=0.000 bytes=500257 pkts=500257 shard=0
step=0468725 (run 4725/8000) loss=0.00658 byte_ppl=1.007 atoms=58 merges=0 field=6.6716 rms=0.2085 scale=1.0000 fcos=nan ign=0.0000 prn=nan nxp=0.000 mph=0.000 bytes=500257 pkts=500257 shard=0
step=0468750 (run 4750/8000) loss=4.52820 byte_ppl=92.591 atoms=16 merges=0 field=6.6721 rms=0.2085 scale=1.0000 fcos=nan ign=0.0000 prn=nan nxp=0.000 mph=0.000 bytes=500257 pkts=500257 shard=0
step=0468775 (run 4775/8000) loss=0.03117 byte_ppl=1.032 atoms=43 merges=0 field=6.6857 rms=0.2089 scale=1.0000 fcos=nan ign=0.0000 prn=nan nxp=0.000 mph=0.000 bytes=500257 pkts=500257 shard=0
step=0468800 (run 4800/8000) loss=18.39725 byte_ppl=97683900.117 atoms=71 merges=0 field=6.6988 rms=0.2093 scale=1.0000 fcos=nan ign=0.0000 prn=nan nxp=0.000 mph=0.000 bytes=500257 pkts=500257 shard=0
step=0468825 (run 4825/8000) loss=5.43700 byte_ppl=229.751 atoms=27 merges=0 field=6.7120 rms=0.2098 scale=1.0000 fcos=nan ign=0.0000 prn=nan nxp=0.000 mph=0.000 bytes=500257 pkts=500257 shard=0
step=0468850 (run 4850/8000) loss=0.01978 byte_ppl=1.020 atoms=55 merges=0 field=6.7059 rms=0.2096 scale=1.0000 fcos=nan ign=0.0000 prn=nan nxp=0.000 mph=0.000 bytes=500257 pkts=500257 shard=0
step=0468875 (run 4875/8000) loss=0.00306 byte_ppl=1.003 atoms=12 merges=0 field=6.7173 rms=0.2099 scale=1.0000 fcos=nan ign=0.0000 prn=nan nxp=0.000 mph=0.000 bytes=500257 pkts=500257 shard=0
step=0468900 (run 4900/8000) loss=0.38244 byte_ppl=1.466 atoms=40 merges=0 field=6.7373 rms=0.2105 scale=1.0000 fcos=nan ign=0.0000 prn=nan nxp=0.000 mph=0.000 bytes=500257 pkts=500257 shard=0
step=0468925 (run 4925/8000) loss=0.00990 byte_ppl=1.010 atoms=67 merges=0 field=6.7528 rms=0.2110 scale=1.0000 fcos=nan ign=0.0000 prn=nan nxp=0.000 mph=0.000 bytes=500257 pkts=500257 shard=0
step=0468950 (run 4950/8000) loss=7.23506 byte_ppl=1387.228 atoms=25 merges=0 field=6.7554 rms=0.2111 scale=1.0000 fcos=nan ign=0.0000 prn=nan nxp=0.000 mph=0.000 bytes=500257 pkts=500257 shard=0
step=0468975 (run 4975/8000) loss=0.00080 byte_ppl=1.001 atoms=52 merges=0 field=6.7098 rms=0.2097 scale=1.0000 fcos=nan ign=0.0000 prn=nan nxp=0.000 mph=0.000 bytes=500257 pkts=500257 shard=0
step=0469000 (run 5000/8000) loss=8.23188 byte_ppl=3758.895 atoms=9 merges=0 field=6.7462 rms=0.2108 scale=1.0000 fcos=nan ign=0.0000 prn=nan nxp=0.000 mph=0.000 bytes=500257 pkts=500257 shard=0
step=0469025 (run 5025/8000) loss=0.00706 byte_ppl=1.007 atoms=36 merges=0 field=6.7076 rms=0.2096 scale=1.0000 fcos=nan ign=0.0000 prn=nan nxp=0.000 mph=0.000 bytes=500257 pkts=500257 shard=0
step=0469050 (run 5050/8000) loss=0.08911 byte_ppl=1.093 atoms=64 merges=0 field=6.7311 rms=0.2104 scale=1.0000 fcos=nan ign=0.0000 prn=nan nxp=0.000 mph=0.000 bytes=500257 pkts=500257 shard=0
step=0469075 (run 5075/8000) loss=2.37783 byte_ppl=10.782 atoms=21 merges=0 field=6.7212 rms=0.2100 scale=1.0000 fcos=nan ign=0.0000 prn=nan nxp=0.000 mph=0.000 bytes=500257 pkts=500257 shard=0
step=0469100 (run 5100/8000) loss=1.23469 byte_ppl=3.437 atoms=49 merges=0 field=6.7053 rms=0.2095 scale=1.0000 fcos=nan ign=0.0000 prn=nan nxp=0.000 mph=0.000 bytes=500257 pkts=500257 shard=0
step=0469125 (run 5125/8000) loss=0.02975 byte_ppl=1.030 atoms=5 merges=0 field=6.6954 rms=0.2092 scale=1.0000 fcos=nan ign=0.0000 prn=nan nxp=0.000 mph=0.000 bytes=500257 pkts=500257 shard=0
step=0469150 (run 5150/8000) loss=0.00036 byte_ppl=1.000 atoms=33 merges=0 field=6.7117 rms=0.2097 scale=1.0000 fcos=nan ign=0.0000 prn=nan nxp=0.000 mph=0.000 bytes=500257 pkts=500257 shard=0
step=0469175 (run 5175/8000) loss=1.83711 byte_ppl=6.278 atoms=60 merges=0 field=6.7414 rms=0.2107 scale=1.0000 fcos=nan ign=0.0000 prn=nan nxp=0.000 mph=0.000 bytes=500257 pkts=500257 shard=0
step=0469200 (run 5200/8000) loss=10.70265 byte_ppl=44473.727 atoms=18 merges=0 field=6.7505 rms=0.2110 scale=1.0000 fcos=nan ign=0.0000 prn=nan nxp=0.000 mph=0.000 bytes=500257 pkts=500257 shard=0
step=0469225 (run 5225/8000) loss=2.05294 byte_ppl=7.791 atoms=45 merges=0 field=6.7479 rms=0.2109 scale=1.0000 fcos=nan ign=0.0000 prn=nan nxp=0.000 mph=0.000 bytes=500257 pkts=500257 shard=0
step=0469250 (run 5250/8000) loss=2.43871 byte_ppl=11.458 atoms=3 merges=0 field=6.7384 rms=0.2106 scale=1.0000 fcos=nan ign=0.0000 prn=nan nxp=0.000 mph=0.000 bytes=500257 pkts=500257 shard=0
step=0469275 (run 5275/8000) loss=3.73055 byte_ppl=41.702 atoms=30 merges=0 field=6.7683 rms=0.2115 scale=1.0000 fcos=nan ign=0.0000 prn=nan nxp=0.000 mph=0.000 bytes=500257 pkts=500257 shard=0
step=0469300 (run 5300/8000) loss=5.83181 byte_ppl=340.974 atoms=58 merges=0 field=6.7438 rms=0.2107 scale=1.0000 fcos=nan ign=0.0000 prn=nan nxp=0.000 mph=0.000 bytes=500257 pkts=500257 shard=0
step=0469325 (run 5325/8000) loss=0.00183 byte_ppl=1.002 atoms=14 merges=0 field=6.7466 rms=0.2108 scale=1.0000 fcos=nan ign=0.0000 prn=nan nxp=0.000 mph=0.000 bytes=500257 pkts=500257 shard=0
step=0469350 (run 5350/8000) loss=0.00595 byte_ppl=1.006 atoms=42 merges=0 field=6.7542 rms=0.2111 scale=1.0000 fcos=nan ign=0.0000 prn=nan nxp=0.000 mph=0.000 bytes=500257 pkts=500257 shard=0
step=0469375 (run 5375/8000) loss=0.00258 byte_ppl=1.003 atoms=69 merges=0 field=6.7458 rms=0.2108 scale=1.0000 fcos=nan ign=0.0000 prn=nan nxp=0.000 mph=0.000 bytes=500257 pkts=500257 shard=0
step=0469400 (run 5400/8000) loss=4.71520 byte_ppl=111.632 atoms=27 merges=0 field=6.7280 rms=0.2103 scale=1.0000 fcos=nan ign=0.0000 prn=nan nxp=0.000 mph=0.000 bytes=500257 pkts=500257 shard=0
step=0469425 (run 5425/8000) loss=0.02321 byte_ppl=1.023 atoms=54 merges=0 field=6.7817 rms=0.2119 scale=1.0000 fcos=nan ign=0.0000 prn=nan nxp=0.000 mph=0.000 bytes=500257 pkts=500257 shard=0
step=0469450 (run 5450/8000) loss=5.36166 byte_ppl=213.078 atoms=11 merges=0 field=6.7840 rms=0.2120 scale=1.0000 fcos=nan ign=0.0000 prn=nan nxp=0.000 mph=0.000 bytes=500257 pkts=500257 shard=0
step=0469475 (run 5475/8000) loss=0.00203 byte_ppl=1.002 atoms=38 merges=0 field=6.8046 rms=0.2126 scale=1.0000 fcos=nan ign=0.0000 prn=nan nxp=0.000 mph=0.000 bytes=500257 pkts=500257 shard=0
step=0469500 (run 5500/8000) loss=5.70237 byte_ppl=299.575 atoms=66 merges=0 field=6.7739 rms=0.2117 scale=1.0000 fcos=nan ign=0.0000 prn=nan nxp=0.000 mph=0.000 bytes=500257 pkts=500257 shard=0
step=0469525 (run 5525/8000) loss=0.00217 byte_ppl=1.002 atoms=23 merges=0 field=6.7956 rms=0.2124 scale=1.0000 fcos=nan ign=0.0000 prn=nan nxp=0.000 mph=0.000 bytes=500257 pkts=500257 shard=0
step=0469550 (run 5550/8000) loss=8.74710 byte_ppl=6292.425 atoms=51 merges=0 field=6.7823 rms=0.2119 scale=1.0000 fcos=nan ign=0.0000 prn=nan nxp=0.000 mph=0.000 bytes=500257 pkts=500257 shard=0
step=0469575 (run 5575/8000) loss=3.68780 byte_ppl=39.957 atoms=8 merges=0 field=6.7962 rms=0.2124 scale=1.0000 fcos=nan ign=0.0000 prn=nan nxp=0.000 mph=0.000 bytes=500257 pkts=500257 shard=0
step=0469600 (run 5600/8000) loss=5.36163 byte_ppl=213.072 atoms=36 merges=0 field=6.7798 rms=0.2119 scale=1.0000 fcos=nan ign=0.0000 prn=nan nxp=0.000 mph=0.000 bytes=500257 pkts=500257 shard=0
step=0469625 (run 5625/8000) loss=5.14347 byte_ppl=171.310 atoms=63 merges=0 field=6.7846 rms=0.2120 scale=1.0000 fcos=nan ign=0.0000 prn=nan nxp=0.000 mph=0.000 bytes=500257 pkts=500257 shard=0
step=0469650 (run 5650/8000) loss=0.00835 byte_ppl=1.008 atoms=20 merges=0 field=6.7933 rms=0.2123 scale=1.0000 fcos=nan ign=0.0000 prn=nan nxp=0.000 mph=0.000 bytes=500257 pkts=500257 shard=0
step=0469675 (run 5675/8000) loss=0.00048 byte_ppl=1.000 atoms=47 merges=0 field=6.7978 rms=0.2124 scale=1.0000 fcos=nan ign=0.0000 prn=nan nxp=0.000 mph=0.000 bytes=500257 pkts=500257 shard=0
step=0469700 (run 5700/8000) loss=3.77238 byte_ppl=43.483 atoms=5 merges=0 field=6.7886 rms=0.2121 scale=1.0000 fcos=nan ign=0.0000 prn=nan nxp=0.000 mph=0.000 bytes=500257 pkts=500257 shard=0
step=0469725 (run 5725/8000) loss=0.33064 byte_ppl=1.392 atoms=32 merges=0 field=6.8015 rms=0.2125 scale=1.0000 fcos=nan ign=0.0000 prn=nan nxp=0.000 mph=0.000 bytes=500257 pkts=500257 shard=0
step=0469750 (run 5750/8000) loss=0.00027 byte_ppl=1.000 atoms=60 merges=0 field=6.7934 rms=0.2123 scale=1.0000 fcos=nan ign=0.0000 prn=nan nxp=0.000 mph=0.000 bytes=500257 pkts=500257 shard=0
step=0469775 (run 5775/8000) loss=1.57629 byte_ppl=4.837 atoms=16 merges=0 field=6.8140 rms=0.2129 scale=1.0000 fcos=nan ign=0.0000 prn=nan nxp=0.000 mph=0.000 bytes=500257 pkts=500257 shard=0
step=0469800 (run 5800/8000) loss=2.29384 byte_ppl=9.913 atoms=44 merges=0 field=6.8195 rms=0.2131 scale=1.0000 fcos=nan ign=0.0000 prn=nan nxp=0.000 mph=0.000 bytes=500257 pkts=500257 shard=0
step=0469825 (run 5825/8000) loss=3.76320 byte_ppl=43.086 atoms=1 merges=0 field=6.7974 rms=0.2124 scale=1.0000 fcos=nan ign=0.0000 prn=nan nxp=0.000 mph=0.000 bytes=500257 pkts=500257 shard=0
step=0469850 (run 5850/8000) loss=0.00295 byte_ppl=1.003 atoms=29 merges=0 field=6.7844 rms=0.2120 scale=1.0000 fcos=nan ign=0.0000 prn=nan nxp=0.000 mph=0.000 bytes=500257 pkts=500257 shard=0
step=0469875 (run 5875/8000) loss=5.43252 byte_ppl=228.726 atoms=56 merges=0 field=6.7936 rms=0.2123 scale=1.0000 fcos=nan ign=0.0000 prn=nan nxp=0.000 mph=0.000 bytes=500257 pkts=500257 shard=0
step=0469900 (run 5900/8000) loss=2.23110 byte_ppl=9.310 atoms=14 merges=0 field=6.7834 rms=0.2120 scale=1.0000 fcos=nan ign=0.0000 prn=nan nxp=0.000 mph=0.000 bytes=500257 pkts=500257 shard=0
step=0469925 (run 5925/8000) loss=0.00680 byte_ppl=1.007 atoms=41 merges=0 field=6.7887 rms=0.2122 scale=1.0000 fcos=nan ign=0.0000 prn=nan nxp=0.000 mph=0.000 bytes=500257 pkts=500257 shard=0
step=0469950 (run 5950/8000) loss=9.71718 byte_ppl=16600.370 atoms=69 merges=0 field=6.7915 rms=0.2122 scale=1.0000 fcos=nan ign=0.0000 prn=nan nxp=0.000 mph=0.000 bytes=500257 pkts=500257 shard=0
step=0469975 (run 5975/8000) loss=0.00004 byte_ppl=1.000 atoms=25 merges=0 field=6.7952 rms=0.2124 scale=1.0000 fcos=nan ign=0.0000 prn=nan nxp=0.000 mph=0.000 bytes=500257 pkts=500257 shard=0
step=0470000 (run 6000/8000) loss=0.28398 byte_ppl=1.328 atoms=53 merges=0 field=6.8079 rms=0.2127 scale=1.0000 fcos=nan ign=0.0000 prn=nan nxp=0.000 mph=0.000 bytes=500257 pkts=500257 shard=0
step=0470025 (run 6025/8000) loss=0.00063 byte_ppl=1.001 atoms=10 merges=0 field=6.7787 rms=0.2118 scale=1.0000 fcos=nan ign=0.0000 prn=nan nxp=0.000 mph=0.000 bytes=500257 pkts=500257 shard=0
step=0470050 (run 6050/8000) loss=0.69712 byte_ppl=2.008 atoms=38 merges=0 field=6.7642 rms=0.2114 scale=1.0000 fcos=nan ign=0.0000 prn=nan nxp=0.000 mph=0.000 bytes=500257 pkts=500257 shard=0
step=0470075 (run 6075/8000) loss=1.47014 byte_ppl=4.350 atoms=65 merges=0 field=6.7841 rms=0.2120 scale=1.0000 fcos=nan ign=0.0000 prn=nan nxp=0.000 mph=0.000 bytes=500257 pkts=500257 shard=0
step=0470100 (run 6100/8000) loss=1.59770 byte_ppl=4.942 atoms=22 merges=0 field=6.7689 rms=0.2115 scale=1.0000 fcos=nan ign=0.0000 prn=nan nxp=0.000 mph=0.000 bytes=500257 pkts=500257 shard=0
step=0470125 (run 6125/8000) loss=7.05381 byte_ppl=1157.256 atoms=49 merges=0 field=6.7574 rms=0.2112 scale=1.0000 fcos=nan ign=0.0000 prn=nan nxp=0.000 mph=0.000 bytes=500257 pkts=500257 shard=0
step=0470150 (run 6150/8000) loss=7.66784 byte_ppl=2138.459 atoms=7 merges=0 field=6.7555 rms=0.2111 scale=1.0000 fcos=nan ign=0.0000 prn=nan nxp=0.000 mph=0.000 bytes=500257 pkts=500257 shard=0
step=0470175 (run 6175/8000) loss=2.41849 byte_ppl=11.229 atoms=34 merges=0 field=6.7700 rms=0.2116 scale=1.0000 fcos=nan ign=0.0000 prn=nan nxp=0.000 mph=0.000 bytes=500257 pkts=500257 shard=0
step=0470200 (run 6200/8000) loss=0.04768 byte_ppl=1.049 atoms=62 merges=0 field=6.7868 rms=0.2121 scale=1.0000 fcos=nan ign=0.0000 prn=nan nxp=0.000 mph=0.000 bytes=500257 pkts=500257 shard=0
step=0470225 (run 6225/8000) loss=0.00789 byte_ppl=1.008 atoms=19 merges=0 field=6.8122 rms=0.2129 scale=1.0000 fcos=nan ign=0.0000 prn=nan nxp=0.000 mph=0.000 bytes=500257 pkts=500257 shard=0
step=0470250 (run 6250/8000) loss=0.13328 byte_ppl=1.143 atoms=47 merges=0 field=6.8071 rms=0.2127 scale=1.0000 fcos=nan ign=0.0000 prn=nan nxp=0.000 mph=0.000 bytes=500257 pkts=500257 shard=0
step=0470275 (run 6275/8000) loss=0.00570 byte_ppl=1.006 atoms=3 merges=0 field=6.8021 rms=0.2126 scale=1.0000 fcos=nan ign=0.0000 prn=nan nxp=0.000 mph=0.000 bytes=500257 pkts=500257 shard=0
step=0470300 (run 6300/8000) loss=0.00046 byte_ppl=1.000 atoms=31 merges=0 field=6.7612 rms=0.2113 scale=1.0000 fcos=nan ign=0.0000 prn=nan nxp=0.000 mph=0.000 bytes=500257 pkts=500257 shard=0
step=0470325 (run 6325/8000) loss=0.06610 byte_ppl=1.068 atoms=58 merges=0 field=6.7760 rms=0.2118 scale=1.0000 fcos=nan ign=0.0000 prn=nan nxp=0.000 mph=0.000 bytes=500257 pkts=500257 shard=0
step=0470350 (run 6350/8000) loss=0.03506 byte_ppl=1.036 atoms=16 merges=0 field=6.7652 rms=0.2114 scale=1.0000 fcos=nan ign=0.0000 prn=nan nxp=0.000 mph=0.000 bytes=500257 pkts=500257 shard=0
step=0470375 (run 6375/8000) loss=0.00076 byte_ppl=1.001 atoms=43 merges=0 field=6.7686 rms=0.2115 scale=1.0000 fcos=nan ign=0.0000 prn=nan nxp=0.000 mph=0.000 bytes=500257 pkts=500257 shard=0
step=0470400 (run 6400/8000) loss=10.50931 byte_ppl=36655.065 atoms=71 merges=0 field=6.7381 rms=0.2106 scale=1.0000 fcos=nan ign=0.0000 prn=nan nxp=0.000 mph=0.000 bytes=500257 pkts=500257 shard=0
step=0470425 (run 6425/8000) loss=0.00253 byte_ppl=1.003 atoms=27 merges=0 field=6.7492 rms=0.2109 scale=1.0000 fcos=nan ign=0.0000 prn=nan nxp=0.000 mph=0.000 bytes=500257 pkts=500257 shard=0
step=0470450 (run 6450/8000) loss=12.06956 byte_ppl=174479.566 atoms=55 merges=0 field=6.7762 rms=0.2118 scale=1.0000 fcos=nan ign=0.0000 prn=nan nxp=0.000 mph=0.000 bytes=500257 pkts=500257 shard=0
step=0470475 (run 6475/8000) loss=0.05316 byte_ppl=1.055 atoms=12 merges=0 field=6.7740 rms=0.2117 scale=1.0000 fcos=nan ign=0.0000 prn=nan nxp=0.000 mph=0.000 bytes=500257 pkts=500257 shard=0
step=0470500 (run 6500/8000) loss=4.93149 byte_ppl=138.585 atoms=40 merges=0 field=6.7740 rms=0.2117 scale=1.0000 fcos=nan ign=0.0000 prn=nan nxp=0.000 mph=0.000 bytes=500257 pkts=500257 shard=0
step=0470525 (run 6525/8000) loss=4.62392 byte_ppl=101.893 atoms=67 merges=0 field=6.7884 rms=0.2121 scale=1.0000 fcos=nan ign=0.0000 prn=nan nxp=0.000 mph=0.000 bytes=500257 pkts=500257 shard=0
step=0470550 (run 6550/8000) loss=3.61330 byte_ppl=37.088 atoms=25 merges=0 field=6.7759 rms=0.2117 scale=1.0000 fcos=nan ign=0.0000 prn=nan nxp=0.000 mph=0.000 bytes=500257 pkts=500257 shard=0
step=0470575 (run 6575/8000) loss=0.15948 byte_ppl=1.173 atoms=52 merges=0 field=6.7871 rms=0.2121 scale=1.0000 fcos=nan ign=0.0000 prn=nan nxp=0.000 mph=0.000 bytes=500257 pkts=500257 shard=0
step=0470600 (run 6600/8000) loss=0.02154 byte_ppl=1.022 atoms=9 merges=0 field=6.8008 rms=0.2125 scale=1.0000 fcos=nan ign=0.0000 prn=nan nxp=0.000 mph=0.000 bytes=500257 pkts=500257 shard=0
step=0470625 (run 6625/8000) loss=0.00050 byte_ppl=1.001 atoms=36 merges=0 field=6.7877 rms=0.2121 scale=1.0000 fcos=nan ign=0.0000 prn=nan nxp=0.000 mph=0.000 bytes=500257 pkts=500257 shard=0
step=0470650 (run 6650/8000) loss=5.06309 byte_ppl=158.079 atoms=64 merges=0 field=6.7905 rms=0.2122 scale=1.0000 fcos=nan ign=0.0000 prn=nan nxp=0.000 mph=0.000 bytes=500257 pkts=500257 shard=0
step=0470675 (run 6675/8000) loss=0.00034 byte_ppl=1.000 atoms=21 merges=0 field=6.7814 rms=0.2119 scale=1.0000 fcos=nan ign=0.0000 prn=nan nxp=0.000 mph=0.000 bytes=500257 pkts=500257 shard=0
step=0470700 (run 6700/8000) loss=4.08856 byte_ppl=59.654 atoms=49 merges=0 field=6.7818 rms=0.2119 scale=1.0000 fcos=nan ign=0.0000 prn=nan nxp=0.000 mph=0.000 bytes=500257 pkts=500257 shard=0
step=0470725 (run 6725/8000) loss=0.00155 byte_ppl=1.002 atoms=5 merges=0 field=6.8004 rms=0.2125 scale=1.0000 fcos=nan ign=0.0000 prn=nan nxp=0.000 mph=0.000 bytes=500257 pkts=500257 shard=0
step=0470750 (run 6750/8000) loss=5.36717 byte_ppl=214.256 atoms=33 merges=0 field=6.7905 rms=0.2122 scale=1.0000 fcos=nan ign=0.0000 prn=nan nxp=0.000 mph=0.000 bytes=500257 pkts=500257 shard=0
step=0470775 (run 6775/8000) loss=0.00030 byte_ppl=1.000 atoms=60 merges=0 field=6.8228 rms=0.2132 scale=1.0000 fcos=nan ign=0.0000 prn=nan nxp=0.000 mph=0.000 bytes=500257 pkts=500257 shard=0
step=0470800 (run 6800/8000) loss=5.29136 byte_ppl=198.612 atoms=18 merges=0 field=6.8036 rms=0.2126 scale=1.0000 fcos=nan ign=0.0000 prn=nan nxp=0.000 mph=0.000 bytes=500257 pkts=500257 shard=0
step=0470825 (run 6825/8000) loss=3.43161 byte_ppl=30.926 atoms=45 merges=0 field=6.8078 rms=0.2127 scale=1.0000 fcos=nan ign=0.0000 prn=nan nxp=0.000 mph=0.000 bytes=500257 pkts=500257 shard=0
step=0470850 (run 6850/8000) loss=10.36094 byte_ppl=31600.721 atoms=3 merges=0 field=6.8545 rms=0.2142 scale=1.0000 fcos=nan ign=0.0000 prn=nan nxp=0.000 mph=0.000 bytes=500257 pkts=500257 shard=0
step=0470875 (run 6875/8000) loss=2.42993 byte_ppl=11.358 atoms=30 merges=0 field=6.8933 rms=0.2154 scale=1.0000 fcos=nan ign=0.0000 prn=nan nxp=0.000 mph=0.000 bytes=500257 pkts=500257 shard=0
step=0470900 (run 6900/8000) loss=0.08212 byte_ppl=1.086 atoms=58 merges=0 field=6.8921 rms=0.2154 scale=1.0000 fcos=nan ign=0.0000 prn=nan nxp=0.000 mph=0.000 bytes=500257 pkts=500257 shard=0
step=0470925 (run 6925/8000) loss=0.00040 byte_ppl=1.000 atoms=14 merges=0 field=6.9126 rms=0.2160 scale=1.0000 fcos=nan ign=0.0000 prn=nan nxp=0.000 mph=0.000 bytes=500257 pkts=500257 shard=0
step=0470950 (run 6950/8000) loss=4.80808 byte_ppl=122.497 atoms=42 merges=0 field=6.8886 rms=0.2153 scale=1.0000 fcos=nan ign=0.0000 prn=nan nxp=0.000 mph=0.000 bytes=500257 pkts=500257 shard=0
step=0470975 (run 6975/8000) loss=0.00284 byte_ppl=1.003 atoms=69 merges=0 field=6.8922 rms=0.2154 scale=1.0000 fcos=nan ign=0.0000 prn=nan nxp=0.000 mph=0.000 bytes=500257 pkts=500257 shard=0
step=0471000 (run 7000/8000) loss=31.73890 byte_ppl=10686474581524.463 atoms=27 merges=0 field=6.9136 rms=0.2161 scale=1.0000 fcos=nan ign=0.0000 prn=nan nxp=0.000 mph=0.000 bytes=500257 pkts=500257 shard=0
step=0471025 (run 7025/8000) loss=2.81490 byte_ppl=16.692 atoms=54 merges=0 field=6.9031 rms=0.2157 scale=1.0000 fcos=nan ign=0.0000 prn=nan nxp=0.000 mph=0.000 bytes=500257 pkts=500257 shard=0
step=0471050 (run 7050/8000) loss=3.28143 byte_ppl=26.614 atoms=11 merges=0 field=6.9118 rms=0.2160 scale=1.0000 fcos=nan ign=0.0000 prn=nan nxp=0.000 mph=0.000 bytes=500257 pkts=500257 shard=0
step=0471075 (run 7075/8000) loss=0.00235 byte_ppl=1.002 atoms=38 merges=0 field=6.9727 rms=0.2179 scale=1.0000 fcos=nan ign=0.0000 prn=nan nxp=0.000 mph=0.000 bytes=500257 pkts=500257 shard=0
step=0471100 (run 7100/8000) loss=7.87115 byte_ppl=2620.589 atoms=66 merges=0 field=6.9739 rms=0.2179 scale=1.0000 fcos=nan ign=0.0000 prn=nan nxp=0.000 mph=0.000 bytes=500257 pkts=500257 shard=0
step=0471125 (run 7125/8000) loss=0.01293 byte_ppl=1.013 atoms=23 merges=0 field=6.9728 rms=0.2179 scale=1.0000 fcos=nan ign=0.0000 prn=nan nxp=0.000 mph=0.000 bytes=500257 pkts=500257 shard=0
step=0471150 (run 7150/8000) loss=6.21450 byte_ppl=499.947 atoms=51 merges=0 field=7.0065 rms=0.2190 scale=1.0000 fcos=nan ign=0.0000 prn=nan nxp=0.000 mph=0.000 bytes=500257 pkts=500257 shard=0
step=0471175 (run 7175/8000) loss=0.00236 byte_ppl=1.002 atoms=8 merges=0 field=6.9634 rms=0.2176 scale=1.0000 fcos=nan ign=0.0000 prn=nan nxp=0.000 mph=0.000 bytes=500257 pkts=500257 shard=0
step=0471200 (run 7200/8000) loss=3.30775 byte_ppl=27.323 atoms=36 merges=0 field=6.9914 rms=0.2185 scale=1.0000 fcos=nan ign=0.0000 prn=nan nxp=0.000 mph=0.000 bytes=500257 pkts=500257 shard=0
step=0471225 (run 7225/8000) loss=1.15128 byte_ppl=3.162 atoms=63 merges=0 field=6.9941 rms=0.2186 scale=1.0000 fcos=nan ign=0.0000 prn=nan nxp=0.000 mph=0.000 bytes=500257 pkts=500257 shard=0
step=0471250 (run 7250/8000) loss=2.43919 byte_ppl=11.464 atoms=20 merges=0 field=6.9945 rms=0.2186 scale=1.0000 fcos=nan ign=0.0000 prn=nan nxp=0.000 mph=0.000 bytes=500257 pkts=500257 shard=0
step=0471275 (run 7275/8000) loss=6.18812 byte_ppl=486.932 atoms=47 merges=0 field=6.9895 rms=0.2184 scale=1.0000 fcos=nan ign=0.0000 prn=nan nxp=0.000 mph=0.000 bytes=500257 pkts=500257 shard=0
step=0471300 (run 7300/8000) loss=6.07489 byte_ppl=434.800 atoms=5 merges=0 field=7.0122 rms=0.2191 scale=1.0000 fcos=nan ign=0.0000 prn=nan nxp=0.000 mph=0.000 bytes=500257 pkts=500257 shard=0
step=0471325 (run 7325/8000) loss=7.48119 byte_ppl=1774.348 atoms=32 merges=0 field=6.9606 rms=0.2175 scale=1.0000 fcos=nan ign=0.0000 prn=nan nxp=0.000 mph=0.000 bytes=500257 pkts=500257 shard=0
step=0471350 (run 7350/8000) loss=0.20809 byte_ppl=1.231 atoms=60 merges=0 field=6.9332 rms=0.2167 scale=1.0000 fcos=nan ign=0.0000 prn=nan nxp=0.000 mph=0.000 bytes=500257 pkts=500257 shard=0
step=0471375 (run 7375/8000) loss=1.93115 byte_ppl=6.897 atoms=16 merges=0 field=6.9528 rms=0.2173 scale=1.0000 fcos=nan ign=0.0000 prn=nan nxp=0.000 mph=0.000 bytes=500257 pkts=500257 shard=0
step=0471400 (run 7400/8000) loss=0.35268 byte_ppl=1.423 atoms=44 merges=0 field=6.9442 rms=0.2170 scale=1.0000 fcos=nan ign=0.0000 prn=nan nxp=0.000 mph=0.000 bytes=500257 pkts=500257 shard=0
step=0471425 (run 7425/8000) loss=0.00207 byte_ppl=1.002 atoms=1 merges=0 field=6.9094 rms=0.2159 scale=1.0000 fcos=nan ign=0.0000 prn=nan nxp=0.000 mph=0.000 bytes=500257 pkts=500257 shard=0
step=0471450 (run 7450/8000) loss=0.02849 byte_ppl=1.029 atoms=29 merges=0 field=6.9166 rms=0.2161 scale=1.0000 fcos=nan ign=0.0000 prn=nan nxp=0.000 mph=0.000 bytes=500257 pkts=500257 shard=0
step=0471475 (run 7475/8000) loss=0.00096 byte_ppl=1.001 atoms=56 merges=0 field=6.8896 rms=0.2153 scale=1.0000 fcos=nan ign=0.0000 prn=nan nxp=0.000 mph=0.000 bytes=500257 pkts=500257 shard=0
step=0471500 (run 7500/8000) loss=0.00077 byte_ppl=1.001 atoms=14 merges=0 field=6.9315 rms=0.2166 scale=1.0000 fcos=nan ign=0.0000 prn=nan nxp=0.000 mph=0.000 bytes=500257 pkts=500257 shard=0
step=0471525 (run 7525/8000) loss=0.00176 byte_ppl=1.002 atoms=41 merges=0 field=6.9307 rms=0.2166 scale=1.0000 fcos=nan ign=0.0000 prn=nan nxp=0.000 mph=0.000 bytes=500257 pkts=500257 shard=0
step=0471550 (run 7550/8000) loss=6.94843 byte_ppl=1041.512 atoms=69 merges=0 field=6.9107 rms=0.2160 scale=1.0000 fcos=nan ign=0.0000 prn=nan nxp=0.000 mph=0.000 bytes=500257 pkts=500257 shard=0
step=0471575 (run 7575/8000) loss=4.07894 byte_ppl=59.083 atoms=25 merges=0 field=6.9315 rms=0.2166 scale=1.0000 fcos=nan ign=0.0000 prn=nan nxp=0.000 mph=0.000 bytes=500257 pkts=500257 shard=0
step=0471600 (run 7600/8000) loss=0.00052 byte_ppl=1.001 atoms=53 merges=0 field=6.8944 rms=0.2155 scale=1.0000 fcos=nan ign=0.0000 prn=nan nxp=0.000 mph=0.000 bytes=500257 pkts=500257 shard=0
step=0471625 (run 7625/8000) loss=1.00735 byte_ppl=2.738 atoms=10 merges=0 field=6.8866 rms=0.2152 scale=1.0000 fcos=nan ign=0.0000 prn=nan nxp=0.000 mph=0.000 bytes=500257 pkts=500257 shard=0
step=0471650 (run 7650/8000) loss=7.70467 byte_ppl=2218.680 atoms=38 merges=0 field=6.9057 rms=0.2158 scale=1.0000 fcos=nan ign=0.0000 prn=nan nxp=0.000 mph=0.000 bytes=500257 pkts=500257 shard=0
step=0471675 (run 7675/8000) loss=0.77859 byte_ppl=2.178 atoms=65 merges=0 field=6.9145 rms=0.2161 scale=1.0000 fcos=nan ign=0.0000 prn=nan nxp=0.000 mph=0.000 bytes=500257 pkts=500257 shard=0
step=0471700 (run 7700/8000) loss=8.50672 byte_ppl=4947.910 atoms=22 merges=0 field=6.8968 rms=0.2155 scale=1.0000 fcos=nan ign=0.0000 prn=nan nxp=0.000 mph=0.000 bytes=500257 pkts=500257 shard=0
step=0471725 (run 7725/8000) loss=0.00404 byte_ppl=1.004 atoms=49 merges=0 field=6.9101 rms=0.2159 scale=1.0000 fcos=nan ign=0.0000 prn=nan nxp=0.000 mph=0.000 bytes=500257 pkts=500257 shard=0
step=0471750 (run 7750/8000) loss=2.19358 byte_ppl=8.967 atoms=7 merges=0 field=6.8905 rms=0.2153 scale=1.0000 fcos=nan ign=0.0000 prn=nan nxp=0.000 mph=0.000 bytes=500257 pkts=500257 shard=0
step=0471775 (run 7775/8000) loss=0.58391 byte_ppl=1.793 atoms=34 merges=0 field=6.9165 rms=0.2161 scale=1.0000 fcos=nan ign=0.0000 prn=nan nxp=0.000 mph=0.000 bytes=500257 pkts=500257 shard=0
step=0471800 (run 7800/8000) loss=0.01755 byte_ppl=1.018 atoms=62 merges=0 field=6.9190 rms=0.2162 scale=1.0000 fcos=nan ign=0.0000 prn=nan nxp=0.000 mph=0.000 bytes=500257 pkts=500257 shard=0
step=0471825 (run 7825/8000) loss=15.13658 byte_ppl=3747428.642 atoms=19 merges=0 field=6.9130 rms=0.2160 scale=1.0000 fcos=nan ign=0.0000 prn=nan nxp=0.000 mph=0.000 bytes=500257 pkts=500257 shard=0
step=0471850 (run 7850/8000) loss=3.41904 byte_ppl=30.540 atoms=47 merges=0 field=6.9147 rms=0.2161 scale=1.0000 fcos=nan ign=0.0000 prn=nan nxp=0.000 mph=0.000 bytes=500257 pkts=500257 shard=0
step=0471875 (run 7875/8000) loss=0.00098 byte_ppl=1.001 atoms=3 merges=0 field=6.9223 rms=0.2163 scale=1.0000 fcos=nan ign=0.0000 prn=nan nxp=0.000 mph=0.000 bytes=500257 pkts=500257 shard=0
step=0471900 (run 7900/8000) loss=0.00253 byte_ppl=1.003 atoms=31 merges=0 field=6.8474 rms=0.2140 scale=1.0000 fcos=nan ign=0.0000 prn=nan nxp=0.000 mph=0.000 bytes=500257 pkts=500257 shard=0
step=0471925 (run 7925/8000) loss=0.00088 byte_ppl=1.001 atoms=58 merges=0 field=6.8748 rms=0.2148 scale=1.0000 fcos=nan ign=0.0000 prn=nan nxp=0.000 mph=0.000 bytes=500257 pkts=500257 shard=0
step=0471950 (run 7950/8000) loss=11.21972 byte_ppl=74586.950 atoms=16 merges=0 field=6.8434 rms=0.2139 scale=1.0000 fcos=nan ign=0.0000 prn=nan nxp=0.000 mph=0.000 bytes=500257 pkts=500257 shard=0
step=0471975 (run 7975/8000) loss=0.00005 byte_ppl=1.000 atoms=43 merges=0 field=6.8807 rms=0.2150 scale=1.0000 fcos=nan ign=0.0000 prn=nan nxp=0.000 mph=0.000 bytes=500257 pkts=500257 shard=0
step=0472000 (run 8000/8000) loss=2.68300 byte_ppl=14.629 atoms=71 merges=0 field=6.8777 rms=0.2149 scale=1.0000 fcos=nan ign=0.0000 prn=nan nxp=0.000 mph=0.000 bytes=500257 pkts=500257 shard=0
{
  "stream": true,
  "data_path": "data/corpus_fr_medium_s21.txt",
  "data_glob": null,
  "shard_paths": [
    "/home/user/atom-ai/data/corpus_fr_medium_s21.txt"
  ],
  "data_bytes": 500257,
  "data_characters": null,
  "atomizer_version": "atomizer-v1-byte-span",
  "feature_dim": 320,
  "packet_count": null,
  "train_packet_count": null,
  "validation_packet_count": 2048,
  "mean_packet_bytes": null,
  "max_packet_bytes": null,
  "min_packet_bytes": null,
  "bytes_seen": 500257,
  "config": {
    "d_model": 32,
    "n_modes": 32,
    "n_atoms_max": 64,
    "max_span_bytes": 1,
    "episode_length": 8000,
    "episode_reset": true,
    "atom_flush_every": 64,
    "learning_rate": 5e-05,
    "surface_learning_rate": 0.00012,
    "steps": 8000,
    "start_step": 464000,
    "seed": 20260913,
    "surface_alphabet": 256,
    "field_max_rms": 3.0,
    "energy_decay_bounds": [
      0.3,
      0.95
    ],
    "stream": true,
    "chunk_bytes": 65536,
    "loop_shards": true,
    "stream_buffer": 2048,
    "stream_prefetch": true,
    "stream_skip_packets": 464000,
    "last_atom_readout": true,
    "efference_every": 10,
    "enable_merge": false,
    "payload_copy": false,
    "merge_coherence_threshold": 0.45,
    "merge_energy_floor": 0.08,
    "field_loss_weight": 0.05,
    "field_contrast_weight": 0.0,
    "field_ignorance_weight": 0.08,
    "field_ignorance_ablate_shared": false,
    "field_ignorance_prompt_bank": false,
    "field_obligatory_readout": true,
    "field_obligatory_hard": true,
    "printable_aux_weight": 0.0,
    "field_next_packet_weight": 0.0,
    "slow_every": 1
  },
  "packets_seen": 500257,
  "stream_epoch": 0,
  "train": {
    "steps": 8000,
    "efference_every": 10,
    "efference_steps": 800,
    "start_step": 464000,
    "total_steps": 472000,
    "episode_length": 8000,
    "episode_reset": true,
    "atom_flush_every": 64,
    "elapsed_seconds": 130.4342539850004,
    "transitions_per_second": 61.33358190494944,
    "first_loss": 8.416787147521973,
    "final_loss": 2.6830015182495117,
    "final_total_perplexity": 14.628936484729252,
    "finite_losses": true,
    "finite_parameters": true,
    "nan_or_inf": false,
    "field_rms_before_max": 0.2198076844215393,
    "field_rms_after_max": 0.2198076844215393,
    "field_scale_min": 1.0,
    "field_norm_max": 7.033773422241211,
    "field_limited_steps": 0,
    "field_limited_fraction": 0.0,
    "final_dynamics": {
      "coupling_scale": 1.0519572496414185,
      "energy_decay": 0.30038025975227356,
      "phase_sync": 0.28870275616645813,
      "energy_decay_before": 0.30038025975227356,
      "energy_decay_repaired": false,
      "energy_decay_bounds": [
        0.3,
        0.95
      ]
    },
    "final_atoms_before_validation": 58,
    "stream": true,
    "bytes_seen": 500257
  },
  "validation": {
    "transitions": 256,
    "loss": 0.7473946639745748,
    "total_perplexity": 2.1114916988287176,
    "byte_loss": 0.7473946639745748,
    "byte_perplexity": 2.1114916988287176,
    "source": "stream_ring"
  },
  "checkpoint": "checkpoints/byte_tick/atom_native_step_472000_d32.pt",
  "reload": {
    "n_atoms": 0,
    "field_norm": 6.877722263336182,
    "time": 88.0003890991211,
    "finite": true
  },
  "generation": {
    "The future of AI is": {
      "temperature": 0.8,
      "top_k": 5,
      "max_length": 20,
      "bytes_hex": "5065757272c3a963",
      "text": "Peurr\u00e9c",
      "reload_text": "Peurr\u00e9c",
      "reload_match": true
    },
    "Bonjour, je m'appelle": {
      "temperature": 0.8,
      "top_k": 5,
      "max_length": 20,
      "bytes_hex": "50657572722e0a0a",
      "text": "Peurr.\n\n",
      "reload_text": "Peurr.\n\n",
      "reload_match": true
    },
    "Valkyria Chronicles III is": {
      "temperature": 0.8,
      "top_k": 5,
      "max_length": 20,
      "bytes_hex": "50657572722e0a0a",
      "text": "Peurr.\n\n",
      "reload_text": "Peurr.\n\n",
      "reload_match": true
    }
  }
}
