train lock acquired: /home/user/atom-ai/checkpoints/atom-ai-train.lock (pid=1704)
stream skip: advancing 424000 packet transitions...
stream skip done: packets_seen=458752
resumed weights from checkpoints/byte_tick/atom_native_step_424000_d32.pt (recorded step=424000, legacy_surface_migrated=False, span_head_migrated=False)
atomizer pack_mode=linguistic max_span_bytes=1
dynamics on load: energy_decay=0.32778704166412354 -> 0.32778704166412354 (repaired=False, bounds=(0.3, 0.95))
MERGE gates: enable=False coherence_thr=0.450 energy_floor=0.080
field_obligatory_hard=ON hard-v2+ (mix_floor=1.0, freeze bypass, logits=frozen+cap*(α_MLP+payload_prod))
payload_copy=False (train-time copy-bias branch)
last_atom_readout=True (byte-tick 2-gram + dentate)
efference_every=10 (0=off)
optimizer groups: field/other lr=5e-05 (13 tensors), surface lr=0.00012 (25 tensors); energy_decay_bounds=(0.3, 0.95); field_max_rms=3.0
stream mode: 1 shard(s), chunk_bytes=65536, loop_shards=True, stream_buffer=2048, stream_prefetch=True
optimizer restore skipped: surface LR param groups differ from checkpoint
step=0424001 (run 1/8000) loss=20.54245 byte_ppl=834589004.259 atoms=1 merges=0 field=0.0409 rms=0.0016 scale=1.0000 fcos=nan ign=0.0000 prn=nan nxp=0.000 mph=0.000 bytes=458752 pkts=458752 shard=0
step=0424025 (run 25/8000) loss=0.00067 byte_ppl=1.001 atoms=27 merges=0 field=0.5172 rms=0.0162 scale=1.0000 fcos=nan ign=0.0000 prn=nan nxp=0.000 mph=0.000 bytes=458752 pkts=458752 shard=0
step=0424050 (run 50/8000) loss=0.05130 byte_ppl=1.053 atoms=55 merges=0 field=0.9281 rms=0.0290 scale=1.0000 fcos=nan ign=0.0000 prn=nan nxp=0.000 mph=0.000 bytes=458752 pkts=458752 shard=0
step=0424075 (run 75/8000) loss=0.28027 byte_ppl=1.323 atoms=12 merges=0 field=1.2578 rms=0.0393 scale=1.0000 fcos=nan ign=0.0000 prn=nan nxp=0.000 mph=0.000 bytes=458752 pkts=458752 shard=0
step=0424100 (run 100/8000) loss=0.12612 byte_ppl=1.134 atoms=40 merges=0 field=1.5287 rms=0.0478 scale=1.0000 fcos=nan ign=0.0000 prn=nan nxp=0.000 mph=0.000 bytes=458752 pkts=458752 shard=0
step=0424125 (run 125/8000) loss=0.00024 byte_ppl=1.000 atoms=67 merges=0 field=1.7343 rms=0.0542 scale=1.0000 fcos=nan ign=0.0000 prn=nan nxp=0.000 mph=0.000 bytes=458752 pkts=458752 shard=0
step=0424150 (run 150/8000) loss=4.78287 byte_ppl=119.446 atoms=25 merges=0 field=1.9373 rms=0.0605 scale=1.0000 fcos=nan ign=0.0000 prn=nan nxp=0.000 mph=0.000 bytes=458752 pkts=458752 shard=0
step=0424175 (run 175/8000) loss=0.00017 byte_ppl=1.000 atoms=52 merges=0 field=2.0766 rms=0.0649 scale=1.0000 fcos=nan ign=0.0000 prn=nan nxp=0.000 mph=0.000 bytes=458752 pkts=458752 shard=0
step=0424200 (run 200/8000) loss=7.43740 byte_ppl=1698.323 atoms=9 merges=0 field=2.2691 rms=0.0709 scale=1.0000 fcos=nan ign=0.0000 prn=nan nxp=0.000 mph=0.000 bytes=458752 pkts=458752 shard=0
step=0424225 (run 225/8000) loss=0.00077 byte_ppl=1.001 atoms=36 merges=0 field=2.4026 rms=0.0751 scale=1.0000 fcos=nan ign=0.0000 prn=nan nxp=0.000 mph=0.000 bytes=458752 pkts=458752 shard=0
step=0424250 (run 250/8000) loss=0.00264 byte_ppl=1.003 atoms=64 merges=0 field=2.5386 rms=0.0793 scale=1.0000 fcos=nan ign=0.0000 prn=nan nxp=0.000 mph=0.000 bytes=458752 pkts=458752 shard=0
step=0424275 (run 275/8000) loss=0.57972 byte_ppl=1.786 atoms=21 merges=0 field=2.6478 rms=0.0828 scale=1.0000 fcos=nan ign=0.0000 prn=nan nxp=0.000 mph=0.000 bytes=458752 pkts=458752 shard=0
step=0424300 (run 300/8000) loss=4.77326 byte_ppl=118.304 atoms=49 merges=0 field=2.8171 rms=0.0880 scale=1.0000 fcos=nan ign=0.0000 prn=nan nxp=0.000 mph=0.000 bytes=458752 pkts=458752 shard=0
step=0424325 (run 325/8000) loss=0.00062 byte_ppl=1.001 atoms=5 merges=0 field=2.9376 rms=0.0918 scale=1.0000 fcos=nan ign=0.0000 prn=nan nxp=0.000 mph=0.000 bytes=458752 pkts=458752 shard=0
step=0424350 (run 350/8000) loss=0.45723 byte_ppl=1.580 atoms=33 merges=0 field=3.0455 rms=0.0952 scale=1.0000 fcos=nan ign=0.0000 prn=nan nxp=0.000 mph=0.000 bytes=458752 pkts=458752 shard=0
step=0424375 (run 375/8000) loss=0.00118 byte_ppl=1.001 atoms=60 merges=0 field=3.1818 rms=0.0994 scale=1.0000 fcos=nan ign=0.0000 prn=nan nxp=0.000 mph=0.000 bytes=458752 pkts=458752 shard=0
step=0424400 (run 400/8000) loss=0.00327 byte_ppl=1.003 atoms=18 merges=0 field=3.3161 rms=0.1036 scale=1.0000 fcos=nan ign=0.0000 prn=nan nxp=0.000 mph=0.000 bytes=458752 pkts=458752 shard=0
step=0424425 (run 425/8000) loss=5.01912 byte_ppl=151.279 atoms=45 merges=0 field=3.4497 rms=0.1078 scale=1.0000 fcos=nan ign=0.0000 prn=nan nxp=0.000 mph=0.000 bytes=458752 pkts=458752 shard=0
step=0424450 (run 450/8000) loss=3.23756 byte_ppl=25.472 atoms=3 merges=0 field=3.5297 rms=0.1103 scale=1.0000 fcos=nan ign=0.0000 prn=nan nxp=0.000 mph=0.000 bytes=458752 pkts=458752 shard=0
step=0424475 (run 475/8000) loss=0.00600 byte_ppl=1.006 atoms=30 merges=0 field=3.6513 rms=0.1141 scale=1.0000 fcos=nan ign=0.0000 prn=nan nxp=0.000 mph=0.000 bytes=458752 pkts=458752 shard=0
step=0424500 (run 500/8000) loss=13.80493 byte_ppl=989476.843 atoms=58 merges=0 field=3.7463 rms=0.1171 scale=1.0000 fcos=nan ign=0.0000 prn=nan nxp=0.000 mph=0.000 bytes=458752 pkts=458752 shard=0
step=0424525 (run 525/8000) loss=0.56012 byte_ppl=1.751 atoms=14 merges=0 field=3.8195 rms=0.1194 scale=1.0000 fcos=nan ign=0.0000 prn=nan nxp=0.000 mph=0.000 bytes=458752 pkts=458752 shard=0
step=0424550 (run 550/8000) loss=0.06581 byte_ppl=1.068 atoms=42 merges=0 field=3.9293 rms=0.1228 scale=1.0000 fcos=nan ign=0.0000 prn=nan nxp=0.000 mph=0.000 bytes=458752 pkts=458752 shard=0
step=0424575 (run 575/8000) loss=0.03841 byte_ppl=1.039 atoms=69 merges=0 field=4.0253 rms=0.1258 scale=1.0000 fcos=nan ign=0.0000 prn=nan nxp=0.000 mph=0.000 bytes=458752 pkts=458752 shard=0
step=0424600 (run 600/8000) loss=11.76422 byte_ppl=128568.411 atoms=27 merges=0 field=4.1073 rms=0.1284 scale=1.0000 fcos=nan ign=0.0000 prn=nan nxp=0.000 mph=0.000 bytes=458752 pkts=458752 shard=0
step=0424625 (run 625/8000) loss=3.67769 byte_ppl=39.555 atoms=54 merges=0 field=4.2124 rms=0.1316 scale=1.0000 fcos=nan ign=0.0000 prn=nan nxp=0.000 mph=0.000 bytes=458752 pkts=458752 shard=0
step=0424650 (run 650/8000) loss=3.75925 byte_ppl=42.916 atoms=11 merges=0 field=4.3040 rms=0.1345 scale=1.0000 fcos=nan ign=0.0000 prn=nan nxp=0.000 mph=0.000 bytes=458752 pkts=458752 shard=0
step=0424675 (run 675/8000) loss=0.00791 byte_ppl=1.008 atoms=38 merges=0 field=4.3611 rms=0.1363 scale=1.0000 fcos=nan ign=0.0000 prn=nan nxp=0.000 mph=0.000 bytes=458752 pkts=458752 shard=0
step=0424700 (run 700/8000) loss=8.11537 byte_ppl=3345.485 atoms=66 merges=0 field=4.4730 rms=0.1398 scale=1.0000 fcos=nan ign=0.0000 prn=nan nxp=0.000 mph=0.000 bytes=458752 pkts=458752 shard=0
step=0424725 (run 725/8000) loss=3.15896 byte_ppl=23.546 atoms=23 merges=0 field=4.5253 rms=0.1414 scale=1.0000 fcos=nan ign=0.0000 prn=nan nxp=0.000 mph=0.000 bytes=458752 pkts=458752 shard=0
step=0424750 (run 750/8000) loss=0.13424 byte_ppl=1.144 atoms=51 merges=0 field=4.5314 rms=0.1416 scale=1.0000 fcos=nan ign=0.0000 prn=nan nxp=0.000 mph=0.000 bytes=458752 pkts=458752 shard=0
step=0424775 (run 775/8000) loss=0.00280 byte_ppl=1.003 atoms=8 merges=0 field=4.6121 rms=0.1441 scale=1.0000 fcos=nan ign=0.0000 prn=nan nxp=0.000 mph=0.000 bytes=458752 pkts=458752 shard=0
step=0424800 (run 800/8000) loss=1.17612 byte_ppl=3.242 atoms=36 merges=0 field=4.7067 rms=0.1471 scale=1.0000 fcos=nan ign=0.0000 prn=nan nxp=0.000 mph=0.000 bytes=458752 pkts=458752 shard=0
step=0424825 (run 825/8000) loss=0.12909 byte_ppl=1.138 atoms=63 merges=0 field=4.7644 rms=0.1489 scale=1.0000 fcos=nan ign=0.0000 prn=nan nxp=0.000 mph=0.000 bytes=458752 pkts=458752 shard=0
step=0424850 (run 850/8000) loss=0.16016 byte_ppl=1.174 atoms=20 merges=0 field=4.8109 rms=0.1503 scale=1.0000 fcos=nan ign=0.0000 prn=nan nxp=0.000 mph=0.000 bytes=458752 pkts=458752 shard=0
step=0424875 (run 875/8000) loss=0.00420 byte_ppl=1.004 atoms=47 merges=0 field=4.8675 rms=0.1521 scale=1.0000 fcos=nan ign=0.0000 prn=nan nxp=0.000 mph=0.000 bytes=458752 pkts=458752 shard=0
step=0424900 (run 900/8000) loss=4.79856 byte_ppl=121.336 atoms=5 merges=0 field=4.9275 rms=0.1540 scale=1.0000 fcos=nan ign=0.0000 prn=nan nxp=0.000 mph=0.000 bytes=458752 pkts=458752 shard=0
step=0424925 (run 925/8000) loss=0.75426 byte_ppl=2.126 atoms=32 merges=0 field=4.9664 rms=0.1552 scale=1.0000 fcos=nan ign=0.0000 prn=nan nxp=0.000 mph=0.000 bytes=458752 pkts=458752 shard=0
step=0424950 (run 950/8000) loss=0.00254 byte_ppl=1.003 atoms=60 merges=0 field=5.0161 rms=0.1568 scale=1.0000 fcos=nan ign=0.0000 prn=nan nxp=0.000 mph=0.000 bytes=458752 pkts=458752 shard=0
step=0424975 (run 975/8000) loss=0.67956 byte_ppl=1.973 atoms=16 merges=0 field=5.0742 rms=0.1586 scale=1.0000 fcos=nan ign=0.0000 prn=nan nxp=0.000 mph=0.000 bytes=458752 pkts=458752 shard=0
step=0425000 (run 1000/8000) loss=2.28566 byte_ppl=9.832 atoms=44 merges=0 field=5.1306 rms=0.1603 scale=1.0000 fcos=nan ign=0.0000 prn=nan nxp=0.000 mph=0.000 bytes=458752 pkts=458752 shard=0
step=0425025 (run 1025/8000) loss=0.00477 byte_ppl=1.005 atoms=1 merges=0 field=5.2035 rms=0.1626 scale=1.0000 fcos=nan ign=0.0000 prn=nan nxp=0.000 mph=0.000 bytes=458752 pkts=458752 shard=0
step=0425050 (run 1050/8000) loss=3.70534 byte_ppl=40.664 atoms=29 merges=0 field=5.2397 rms=0.1637 scale=1.0000 fcos=nan ign=0.0000 prn=nan nxp=0.000 mph=0.000 bytes=458752 pkts=458752 shard=0
step=0425075 (run 1075/8000) loss=0.00597 byte_ppl=1.006 atoms=56 merges=0 field=5.2801 rms=0.1650 scale=1.0000 fcos=nan ign=0.0000 prn=nan nxp=0.000 mph=0.000 bytes=458752 pkts=458752 shard=0
step=0425100 (run 1100/8000) loss=0.02671 byte_ppl=1.027 atoms=14 merges=0 field=5.3421 rms=0.1669 scale=1.0000 fcos=nan ign=0.0000 prn=nan nxp=0.000 mph=0.000 bytes=458752 pkts=458752 shard=0
step=0425125 (run 1125/8000) loss=0.00020 byte_ppl=1.000 atoms=41 merges=0 field=5.3327 rms=0.1667 scale=1.0000 fcos=nan ign=0.0000 prn=nan nxp=0.000 mph=0.000 bytes=458752 pkts=458752 shard=0
step=0425150 (run 1150/8000) loss=3.69651 byte_ppl=40.306 atoms=69 merges=0 field=5.4119 rms=0.1691 scale=1.0000 fcos=nan ign=0.0000 prn=nan nxp=0.000 mph=0.000 bytes=458752 pkts=458752 shard=0
step=0425175 (run 1175/8000) loss=5.04289 byte_ppl=154.917 atoms=25 merges=0 field=5.4506 rms=0.1703 scale=1.0000 fcos=nan ign=0.0000 prn=nan nxp=0.000 mph=0.000 bytes=458752 pkts=458752 shard=0
step=0425200 (run 1200/8000) loss=6.16276 byte_ppl=474.738 atoms=53 merges=0 field=5.4961 rms=0.1718 scale=1.0000 fcos=nan ign=0.0000 prn=nan nxp=0.000 mph=0.000 bytes=458752 pkts=458752 shard=0
step=0425225 (run 1225/8000) loss=0.00431 byte_ppl=1.004 atoms=10 merges=0 field=5.5183 rms=0.1724 scale=1.0000 fcos=nan ign=0.0000 prn=nan nxp=0.000 mph=0.000 bytes=458752 pkts=458752 shard=0
step=0425250 (run 1250/8000) loss=5.78490 byte_ppl=325.349 atoms=38 merges=0 field=5.5497 rms=0.1734 scale=1.0000 fcos=nan ign=0.0000 prn=nan nxp=0.000 mph=0.000 bytes=458752 pkts=458752 shard=0
step=0425275 (run 1275/8000) loss=0.00289 byte_ppl=1.003 atoms=65 merges=0 field=5.5736 rms=0.1742 scale=1.0000 fcos=nan ign=0.0000 prn=nan nxp=0.000 mph=0.000 bytes=458752 pkts=458752 shard=0
step=0425300 (run 1300/8000) loss=4.52397 byte_ppl=92.201 atoms=22 merges=0 field=5.6016 rms=0.1751 scale=1.0000 fcos=nan ign=0.0000 prn=nan nxp=0.000 mph=0.000 bytes=458752 pkts=458752 shard=0
step=0425325 (run 1325/8000) loss=2.53132 byte_ppl=12.570 atoms=49 merges=0 field=5.6069 rms=0.1752 scale=1.0000 fcos=nan ign=0.0000 prn=nan nxp=0.000 mph=0.000 bytes=458752 pkts=458752 shard=0
step=0425350 (run 1350/8000) loss=11.08702 byte_ppl=65317.928 atoms=7 merges=0 field=5.6180 rms=0.1756 scale=1.0000 fcos=nan ign=0.0000 prn=nan nxp=0.000 mph=0.000 bytes=458752 pkts=458752 shard=0
step=0425375 (run 1375/8000) loss=0.00489 byte_ppl=1.005 atoms=34 merges=0 field=5.6453 rms=0.1764 scale=1.0000 fcos=nan ign=0.0000 prn=nan nxp=0.000 mph=0.000 bytes=458752 pkts=458752 shard=0
step=0425400 (run 1400/8000) loss=0.00534 byte_ppl=1.005 atoms=62 merges=0 field=5.6845 rms=0.1776 scale=1.0000 fcos=nan ign=0.0000 prn=nan nxp=0.000 mph=0.000 bytes=458752 pkts=458752 shard=0
step=0425425 (run 1425/8000) loss=1.72274 byte_ppl=5.600 atoms=19 merges=0 field=5.7165 rms=0.1786 scale=1.0000 fcos=nan ign=0.0000 prn=nan nxp=0.000 mph=0.000 bytes=458752 pkts=458752 shard=0
step=0425450 (run 1450/8000) loss=3.80627 byte_ppl=44.983 atoms=47 merges=0 field=5.7775 rms=0.1806 scale=1.0000 fcos=nan ign=0.0000 prn=nan nxp=0.000 mph=0.000 bytes=458752 pkts=458752 shard=0
step=0425475 (run 1475/8000) loss=0.00011 byte_ppl=1.000 atoms=3 merges=0 field=5.7736 rms=0.1804 scale=1.0000 fcos=nan ign=0.0000 prn=nan nxp=0.000 mph=0.000 bytes=458752 pkts=458752 shard=0
step=0425500 (run 1500/8000) loss=0.21024 byte_ppl=1.234 atoms=31 merges=0 field=5.8342 rms=0.1823 scale=1.0000 fcos=nan ign=0.0000 prn=nan nxp=0.000 mph=0.000 bytes=458752 pkts=458752 shard=0
step=0425525 (run 1525/8000) loss=8.50643 byte_ppl=4946.476 atoms=58 merges=0 field=5.8424 rms=0.1826 scale=1.0000 fcos=nan ign=0.0000 prn=nan nxp=0.000 mph=0.000 bytes=458752 pkts=458752 shard=0
step=0425550 (run 1550/8000) loss=9.07294 byte_ppl=8716.236 atoms=16 merges=0 field=5.8573 rms=0.1830 scale=1.0000 fcos=nan ign=0.0000 prn=nan nxp=0.000 mph=0.000 bytes=458752 pkts=458752 shard=0
step=0425575 (run 1575/8000) loss=0.27225 byte_ppl=1.313 atoms=43 merges=0 field=5.8281 rms=0.1821 scale=1.0000 fcos=nan ign=0.0000 prn=nan nxp=0.000 mph=0.000 bytes=458752 pkts=458752 shard=0
step=0425600 (run 1600/8000) loss=4.81785 byte_ppl=123.699 atoms=71 merges=0 field=5.8373 rms=0.1824 scale=1.0000 fcos=nan ign=0.0000 prn=nan nxp=0.000 mph=0.000 bytes=458752 pkts=458752 shard=0
step=0425625 (run 1625/8000) loss=0.00028 byte_ppl=1.000 atoms=27 merges=0 field=5.8579 rms=0.1831 scale=1.0000 fcos=nan ign=0.0000 prn=nan nxp=0.000 mph=0.000 bytes=458752 pkts=458752 shard=0
step=0425650 (run 1650/8000) loss=0.03155 byte_ppl=1.032 atoms=55 merges=0 field=5.8599 rms=0.1831 scale=1.0000 fcos=nan ign=0.0000 prn=nan nxp=0.000 mph=0.000 bytes=458752 pkts=458752 shard=0
step=0425675 (run 1675/8000) loss=2.32018 byte_ppl=10.177 atoms=12 merges=0 field=5.9091 rms=0.1847 scale=1.0000 fcos=nan ign=0.0000 prn=nan nxp=0.000 mph=0.000 bytes=458752 pkts=458752 shard=0
step=0425700 (run 1700/8000) loss=7.92491 byte_ppl=2765.310 atoms=40 merges=0 field=5.9184 rms=0.1850 scale=1.0000 fcos=nan ign=0.0000 prn=nan nxp=0.000 mph=0.000 bytes=458752 pkts=458752 shard=0
step=0425725 (run 1725/8000) loss=0.00038 byte_ppl=1.000 atoms=67 merges=0 field=5.9503 rms=0.1859 scale=1.0000 fcos=nan ign=0.0000 prn=nan nxp=0.000 mph=0.000 bytes=458752 pkts=458752 shard=0
step=0425750 (run 1750/8000) loss=3.21594 byte_ppl=24.927 atoms=25 merges=0 field=5.9345 rms=0.1855 scale=1.0000 fcos=nan ign=0.0000 prn=nan nxp=0.000 mph=0.000 bytes=458752 pkts=458752 shard=0
step=0425775 (run 1775/8000) loss=0.00740 byte_ppl=1.007 atoms=52 merges=0 field=5.9270 rms=0.1852 scale=1.0000 fcos=nan ign=0.0000 prn=nan nxp=0.000 mph=0.000 bytes=458752 pkts=458752 shard=0
step=0425800 (run 1800/8000) loss=5.82881 byte_ppl=339.954 atoms=9 merges=0 field=5.9485 rms=0.1859 scale=1.0000 fcos=nan ign=0.0000 prn=nan nxp=0.000 mph=0.000 bytes=458752 pkts=458752 shard=0
step=0425825 (run 1825/8000) loss=0.02902 byte_ppl=1.029 atoms=36 merges=0 field=5.9800 rms=0.1869 scale=1.0000 fcos=nan ign=0.0000 prn=nan nxp=0.000 mph=0.000 bytes=458752 pkts=458752 shard=0
step=0425850 (run 1850/8000) loss=7.63036 byte_ppl=2059.790 atoms=64 merges=0 field=5.9763 rms=0.1868 scale=1.0000 fcos=nan ign=0.0000 prn=nan nxp=0.000 mph=0.000 bytes=458752 pkts=458752 shard=0
step=0425875 (run 1875/8000) loss=0.13502 byte_ppl=1.145 atoms=21 merges=0 field=6.0131 rms=0.1879 scale=1.0000 fcos=nan ign=0.0000 prn=nan nxp=0.000 mph=0.000 bytes=458752 pkts=458752 shard=0
step=0425900 (run 1900/8000) loss=10.57993 byte_ppl=39337.298 atoms=49 merges=0 field=6.0259 rms=0.1883 scale=1.0000 fcos=nan ign=0.0000 prn=nan nxp=0.000 mph=0.000 bytes=458752 pkts=458752 shard=0
step=0425925 (run 1925/8000) loss=6.27666 byte_ppl=532.007 atoms=5 merges=0 field=6.0249 rms=0.1883 scale=1.0000 fcos=nan ign=0.0000 prn=nan nxp=0.000 mph=0.000 bytes=458752 pkts=458752 shard=0
step=0425950 (run 1950/8000) loss=0.15999 byte_ppl=1.173 atoms=33 merges=0 field=6.0504 rms=0.1891 scale=1.0000 fcos=nan ign=0.0000 prn=nan nxp=0.000 mph=0.000 bytes=458752 pkts=458752 shard=0
step=0425975 (run 1975/8000) loss=4.11241 byte_ppl=61.094 atoms=60 merges=0 field=6.0493 rms=0.1890 scale=1.0000 fcos=nan ign=0.0000 prn=nan nxp=0.000 mph=0.000 bytes=458752 pkts=458752 shard=0
step=0426000 (run 2000/8000) loss=3.82764 byte_ppl=45.954 atoms=18 merges=0 field=6.0472 rms=0.1890 scale=1.0000 fcos=nan ign=0.0000 prn=nan nxp=0.000 mph=0.000 bytes=458752 pkts=458752 shard=0
step=0426025 (run 2025/8000) loss=0.00013 byte_ppl=1.000 atoms=45 merges=0 field=6.0721 rms=0.1898 scale=1.0000 fcos=nan ign=0.0000 prn=nan nxp=0.000 mph=0.000 bytes=458752 pkts=458752 shard=0
step=0426050 (run 2050/8000) loss=0.38760 byte_ppl=1.473 atoms=3 merges=0 field=6.0609 rms=0.1894 scale=1.0000 fcos=nan ign=0.0000 prn=nan nxp=0.000 mph=0.000 bytes=458752 pkts=458752 shard=0
step=0426075 (run 2075/8000) loss=0.01313 byte_ppl=1.013 atoms=30 merges=0 field=6.0776 rms=0.1899 scale=1.0000 fcos=nan ign=0.0000 prn=nan nxp=0.000 mph=0.000 bytes=458752 pkts=458752 shard=0
step=0426100 (run 2100/8000) loss=24.63590 byte_ppl=50030592108.053 atoms=58 merges=0 field=6.0768 rms=0.1899 scale=1.0000 fcos=nan ign=0.0000 prn=nan nxp=0.000 mph=0.000 bytes=458752 pkts=458752 shard=0
step=0426125 (run 2125/8000) loss=0.72247 byte_ppl=2.060 atoms=14 merges=0 field=6.1040 rms=0.1908 scale=1.0000 fcos=nan ign=0.0000 prn=nan nxp=0.000 mph=0.000 bytes=458752 pkts=458752 shard=0
step=0426150 (run 2150/8000) loss=6.45588 byte_ppl=636.431 atoms=42 merges=0 field=6.1081 rms=0.1909 scale=1.0000 fcos=nan ign=0.0000 prn=nan nxp=0.000 mph=0.000 bytes=458752 pkts=458752 shard=0
step=0426175 (run 2175/8000) loss=0.00130 byte_ppl=1.001 atoms=69 merges=0 field=6.1057 rms=0.1908 scale=1.0000 fcos=nan ign=0.0000 prn=nan nxp=0.000 mph=0.000 bytes=458752 pkts=458752 shard=0
step=0426200 (run 2200/8000) loss=17.83026 byte_ppl=55409161.519 atoms=27 merges=0 field=6.0989 rms=0.1906 scale=1.0000 fcos=nan ign=0.0000 prn=nan nxp=0.000 mph=0.000 bytes=458752 pkts=458752 shard=0
step=0426225 (run 2225/8000) loss=0.00060 byte_ppl=1.001 atoms=54 merges=0 field=6.0878 rms=0.1902 scale=1.0000 fcos=nan ign=0.0000 prn=nan nxp=0.000 mph=0.000 bytes=458752 pkts=458752 shard=0
step=0426250 (run 2250/8000) loss=1.15739 byte_ppl=3.182 atoms=11 merges=0 field=6.0758 rms=0.1899 scale=1.0000 fcos=nan ign=0.0000 prn=nan nxp=0.000 mph=0.000 bytes=458752 pkts=458752 shard=0
step=0426275 (run 2275/8000) loss=0.00190 byte_ppl=1.002 atoms=38 merges=0 field=6.0679 rms=0.1896 scale=1.0000 fcos=nan ign=0.0000 prn=nan nxp=0.000 mph=0.000 bytes=458752 pkts=458752 shard=0
step=0426300 (run 2300/8000) loss=0.10064 byte_ppl=1.106 atoms=66 merges=0 field=6.0721 rms=0.1898 scale=1.0000 fcos=nan ign=0.0000 prn=nan nxp=0.000 mph=0.000 bytes=458752 pkts=458752 shard=0
step=0426325 (run 2325/8000) loss=0.01192 byte_ppl=1.012 atoms=23 merges=0 field=6.0655 rms=0.1896 scale=1.0000 fcos=nan ign=0.0000 prn=nan nxp=0.000 mph=0.000 bytes=458752 pkts=458752 shard=0
step=0426350 (run 2350/8000) loss=8.51211 byte_ppl=4974.652 atoms=51 merges=0 field=6.0928 rms=0.1904 scale=1.0000 fcos=nan ign=0.0000 prn=nan nxp=0.000 mph=0.000 bytes=458752 pkts=458752 shard=0
step=0426375 (run 2375/8000) loss=1.67315 byte_ppl=5.329 atoms=8 merges=0 field=6.0957 rms=0.1905 scale=1.0000 fcos=nan ign=0.0000 prn=nan nxp=0.000 mph=0.000 bytes=458752 pkts=458752 shard=0
step=0426400 (run 2400/8000) loss=0.45925 byte_ppl=1.583 atoms=36 merges=0 field=6.1200 rms=0.1913 scale=1.0000 fcos=nan ign=0.0000 prn=nan nxp=0.000 mph=0.000 bytes=458752 pkts=458752 shard=0
step=0426425 (run 2425/8000) loss=0.00001 byte_ppl=1.000 atoms=63 merges=0 field=6.1171 rms=0.1912 scale=1.0000 fcos=nan ign=0.0000 prn=nan nxp=0.000 mph=0.000 bytes=458752 pkts=458752 shard=0
step=0426450 (run 2450/8000) loss=4.27427 byte_ppl=71.828 atoms=20 merges=0 field=6.1371 rms=0.1918 scale=1.0000 fcos=nan ign=0.0000 prn=nan nxp=0.000 mph=0.000 bytes=458752 pkts=458752 shard=0
step=0426475 (run 2475/8000) loss=4.85488 byte_ppl=128.366 atoms=47 merges=0 field=6.1524 rms=0.1923 scale=1.0000 fcos=nan ign=0.0000 prn=nan nxp=0.000 mph=0.000 bytes=458752 pkts=458752 shard=0
step=0426500 (run 2500/8000) loss=10.76292 byte_ppl=47236.460 atoms=5 merges=0 field=6.1563 rms=0.1924 scale=1.0000 fcos=nan ign=0.0000 prn=nan nxp=0.000 mph=0.000 bytes=458752 pkts=458752 shard=0
step=0426525 (run 2525/8000) loss=2.85166 byte_ppl=17.316 atoms=32 merges=0 field=6.1615 rms=0.1925 scale=1.0000 fcos=nan ign=0.0000 prn=nan nxp=0.000 mph=0.000 bytes=458752 pkts=458752 shard=0
step=0426550 (run 2550/8000) loss=0.03766 byte_ppl=1.038 atoms=60 merges=0 field=6.1585 rms=0.1925 scale=1.0000 fcos=nan ign=0.0000 prn=nan nxp=0.000 mph=0.000 bytes=458752 pkts=458752 shard=0
step=0426575 (run 2575/8000) loss=0.00335 byte_ppl=1.003 atoms=16 merges=0 field=6.1838 rms=0.1932 scale=1.0000 fcos=nan ign=0.0000 prn=nan nxp=0.000 mph=0.000 bytes=458752 pkts=458752 shard=0
step=0426600 (run 2600/8000) loss=7.05537 byte_ppl=1159.067 atoms=44 merges=0 field=6.1689 rms=0.1928 scale=1.0000 fcos=nan ign=0.0000 prn=nan nxp=0.000 mph=0.000 bytes=458752 pkts=458752 shard=0
step=0426625 (run 2625/8000) loss=0.01294 byte_ppl=1.013 atoms=1 merges=0 field=6.1964 rms=0.1936 scale=1.0000 fcos=nan ign=0.0000 prn=nan nxp=0.000 mph=0.000 bytes=458752 pkts=458752 shard=0
step=0426650 (run 2650/8000) loss=8.96269 byte_ppl=7806.309 atoms=29 merges=0 field=6.2062 rms=0.1939 scale=1.0000 fcos=nan ign=0.0000 prn=nan nxp=0.000 mph=0.000 bytes=458752 pkts=458752 shard=0
step=0426675 (run 2675/8000) loss=0.00171 byte_ppl=1.002 atoms=56 merges=0 field=6.2068 rms=0.1940 scale=1.0000 fcos=nan ign=0.0000 prn=nan nxp=0.000 mph=0.000 bytes=458752 pkts=458752 shard=0
step=0426700 (run 2700/8000) loss=0.04307 byte_ppl=1.044 atoms=14 merges=0 field=6.2078 rms=0.1940 scale=1.0000 fcos=nan ign=0.0000 prn=nan nxp=0.000 mph=0.000 bytes=458752 pkts=458752 shard=0
step=0426725 (run 2725/8000) loss=0.00091 byte_ppl=1.001 atoms=41 merges=0 field=6.2156 rms=0.1942 scale=1.0000 fcos=nan ign=0.0000 prn=nan nxp=0.000 mph=0.000 bytes=458752 pkts=458752 shard=0
step=0426750 (run 2750/8000) loss=0.01732 byte_ppl=1.017 atoms=69 merges=0 field=6.1851 rms=0.1933 scale=1.0000 fcos=nan ign=0.0000 prn=nan nxp=0.000 mph=0.000 bytes=458752 pkts=458752 shard=0
step=0426775 (run 2775/8000) loss=0.00072 byte_ppl=1.001 atoms=25 merges=0 field=6.1575 rms=0.1924 scale=1.0000 fcos=nan ign=0.0000 prn=nan nxp=0.000 mph=0.000 bytes=458752 pkts=458752 shard=0
step=0426800 (run 2800/8000) loss=4.64731 byte_ppl=104.304 atoms=53 merges=0 field=6.1604 rms=0.1925 scale=1.0000 fcos=nan ign=0.0000 prn=nan nxp=0.000 mph=0.000 bytes=458752 pkts=458752 shard=0
step=0426825 (run 2825/8000) loss=0.00611 byte_ppl=1.006 atoms=10 merges=0 field=6.1675 rms=0.1927 scale=1.0000 fcos=nan ign=0.0000 prn=nan nxp=0.000 mph=0.000 bytes=458752 pkts=458752 shard=0
step=0426850 (run 2850/8000) loss=3.92219 byte_ppl=50.511 atoms=38 merges=0 field=6.1599 rms=0.1925 scale=1.0000 fcos=nan ign=0.0000 prn=nan nxp=0.000 mph=0.000 bytes=458752 pkts=458752 shard=0
step=0426875 (run 2875/8000) loss=0.00501 byte_ppl=1.005 atoms=65 merges=0 field=6.1896 rms=0.1934 scale=1.0000 fcos=nan ign=0.0000 prn=nan nxp=0.000 mph=0.000 bytes=458752 pkts=458752 shard=0
step=0426900 (run 2900/8000) loss=1.48071 byte_ppl=4.396 atoms=22 merges=0 field=6.1869 rms=0.1933 scale=1.0000 fcos=nan ign=0.0000 prn=nan nxp=0.000 mph=0.000 bytes=458752 pkts=458752 shard=0
step=0426925 (run 2925/8000) loss=0.01018 byte_ppl=1.010 atoms=49 merges=0 field=6.1477 rms=0.1921 scale=1.0000 fcos=nan ign=0.0000 prn=nan nxp=0.000 mph=0.000 bytes=458752 pkts=458752 shard=0
step=0426950 (run 2950/8000) loss=2.34060 byte_ppl=10.387 atoms=7 merges=0 field=6.1334 rms=0.1917 scale=1.0000 fcos=nan ign=0.0000 prn=nan nxp=0.000 mph=0.000 bytes=458752 pkts=458752 shard=0
step=0426975 (run 2975/8000) loss=0.00017 byte_ppl=1.000 atoms=34 merges=0 field=6.1575 rms=0.1924 scale=1.0000 fcos=nan ign=0.0000 prn=nan nxp=0.000 mph=0.000 bytes=458752 pkts=458752 shard=0
step=0427000 (run 3000/8000) loss=2.86850 byte_ppl=17.611 atoms=62 merges=0 field=6.1107 rms=0.1910 scale=1.0000 fcos=nan ign=0.0000 prn=nan nxp=0.000 mph=0.000 bytes=458752 pkts=458752 shard=0
step=0427025 (run 3025/8000) loss=0.00025 byte_ppl=1.000 atoms=19 merges=0 field=6.1182 rms=0.1912 scale=1.0000 fcos=nan ign=0.0000 prn=nan nxp=0.000 mph=0.000 bytes=458752 pkts=458752 shard=0
step=0427050 (run 3050/8000) loss=10.68653 byte_ppl=43762.393 atoms=47 merges=0 field=6.1645 rms=0.1926 scale=1.0000 fcos=nan ign=0.0000 prn=nan nxp=0.000 mph=0.000 bytes=458752 pkts=458752 shard=0
step=0427075 (run 3075/8000) loss=4.98919 byte_ppl=146.817 atoms=3 merges=0 field=6.1677 rms=0.1927 scale=1.0000 fcos=nan ign=0.0000 prn=nan nxp=0.000 mph=0.000 bytes=458752 pkts=458752 shard=0
step=0427100 (run 3100/8000) loss=8.80353 byte_ppl=6657.734 atoms=31 merges=0 field=6.1663 rms=0.1927 scale=1.0000 fcos=nan ign=0.0000 prn=nan nxp=0.000 mph=0.000 bytes=458752 pkts=458752 shard=0
step=0427125 (run 3125/8000) loss=0.00105 byte_ppl=1.001 atoms=58 merges=0 field=6.2095 rms=0.1941 scale=1.0000 fcos=nan ign=0.0000 prn=nan nxp=0.000 mph=0.000 bytes=458752 pkts=458752 shard=0
step=0427150 (run 3150/8000) loss=0.07456 byte_ppl=1.077 atoms=16 merges=0 field=6.2104 rms=0.1941 scale=1.0000 fcos=nan ign=0.0000 prn=nan nxp=0.000 mph=0.000 bytes=458752 pkts=458752 shard=0
step=0427175 (run 3175/8000) loss=0.00612 byte_ppl=1.006 atoms=43 merges=0 field=6.2042 rms=0.1939 scale=1.0000 fcos=nan ign=0.0000 prn=nan nxp=0.000 mph=0.000 bytes=458752 pkts=458752 shard=0
step=0427200 (run 3200/8000) loss=6.20341 byte_ppl=494.433 atoms=71 merges=0 field=6.1917 rms=0.1935 scale=1.0000 fcos=nan ign=0.0000 prn=nan nxp=0.000 mph=0.000 bytes=458752 pkts=458752 shard=0
step=0427225 (run 3225/8000) loss=0.00327 byte_ppl=1.003 atoms=27 merges=0 field=6.1769 rms=0.1930 scale=1.0000 fcos=nan ign=0.0000 prn=nan nxp=0.000 mph=0.000 bytes=458752 pkts=458752 shard=0
step=0427250 (run 3250/8000) loss=2.39442 byte_ppl=10.962 atoms=55 merges=0 field=6.1796 rms=0.1931 scale=1.0000 fcos=nan ign=0.0000 prn=nan nxp=0.000 mph=0.000 bytes=458752 pkts=458752 shard=0
step=0427275 (run 3275/8000) loss=0.08075 byte_ppl=1.084 atoms=12 merges=0 field=6.1762 rms=0.1930 scale=1.0000 fcos=nan ign=0.0000 prn=nan nxp=0.000 mph=0.000 bytes=458752 pkts=458752 shard=0
step=0427300 (run 3300/8000) loss=5.74466 byte_ppl=312.519 atoms=40 merges=0 field=6.1381 rms=0.1918 scale=1.0000 fcos=nan ign=0.0000 prn=nan nxp=0.000 mph=0.000 bytes=458752 pkts=458752 shard=0
step=0427325 (run 3325/8000) loss=1.10914 byte_ppl=3.032 atoms=67 merges=0 field=6.1669 rms=0.1927 scale=1.0000 fcos=nan ign=0.0000 prn=nan nxp=0.000 mph=0.000 bytes=458752 pkts=458752 shard=0
step=0427350 (run 3350/8000) loss=2.07953 byte_ppl=8.001 atoms=25 merges=0 field=6.1783 rms=0.1931 scale=1.0000 fcos=nan ign=0.0000 prn=nan nxp=0.000 mph=0.000 bytes=458752 pkts=458752 shard=0
step=0427375 (run 3375/8000) loss=0.00126 byte_ppl=1.001 atoms=52 merges=0 field=6.1673 rms=0.1927 scale=1.0000 fcos=nan ign=0.0000 prn=nan nxp=0.000 mph=0.000 bytes=458752 pkts=458752 shard=0
step=0427400 (run 3400/8000) loss=4.53404 byte_ppl=93.135 atoms=9 merges=0 field=6.2108 rms=0.1941 scale=1.0000 fcos=nan ign=0.0000 prn=nan nxp=0.000 mph=0.000 bytes=458752 pkts=458752 shard=0
step=0427425 (run 3425/8000) loss=3.69662 byte_ppl=40.311 atoms=36 merges=0 field=6.2553 rms=0.1955 scale=1.0000 fcos=nan ign=0.0000 prn=nan nxp=0.000 mph=0.000 bytes=458752 pkts=458752 shard=0
step=0427450 (run 3450/8000) loss=3.40287 byte_ppl=30.050 atoms=64 merges=0 field=6.2595 rms=0.1956 scale=1.0000 fcos=nan ign=0.0000 prn=nan nxp=0.000 mph=0.000 bytes=458752 pkts=458752 shard=0
step=0427475 (run 3475/8000) loss=0.00558 byte_ppl=1.006 atoms=21 merges=0 field=6.2782 rms=0.1962 scale=1.0000 fcos=nan ign=0.0000 prn=nan nxp=0.000 mph=0.000 bytes=458752 pkts=458752 shard=0
step=0427500 (run 3500/8000) loss=5.59595 byte_ppl=269.332 atoms=49 merges=0 field=6.2687 rms=0.1959 scale=1.0000 fcos=nan ign=0.0000 prn=nan nxp=0.000 mph=0.000 bytes=458752 pkts=458752 shard=0
step=0427525 (run 3525/8000) loss=0.00541 byte_ppl=1.005 atoms=5 merges=0 field=6.2484 rms=0.1953 scale=1.0000 fcos=nan ign=0.0000 prn=nan nxp=0.000 mph=0.000 bytes=458752 pkts=458752 shard=0
step=0427550 (run 3550/8000) loss=7.43209 byte_ppl=1689.326 atoms=33 merges=0 field=6.2909 rms=0.1966 scale=1.0000 fcos=nan ign=0.0000 prn=nan nxp=0.000 mph=0.000 bytes=458752 pkts=458752 shard=0
step=0427575 (run 3575/8000) loss=2.43694 byte_ppl=11.438 atoms=60 merges=0 field=6.3048 rms=0.1970 scale=1.0000 fcos=nan ign=0.0000 prn=nan nxp=0.000 mph=0.000 bytes=458752 pkts=458752 shard=0
step=0427600 (run 3600/8000) loss=7.62072 byte_ppl=2040.029 atoms=18 merges=0 field=6.3041 rms=0.1970 scale=1.0000 fcos=nan ign=0.0000 prn=nan nxp=0.000 mph=0.000 bytes=458752 pkts=458752 shard=0
step=0427625 (run 3625/8000) loss=0.59854 byte_ppl=1.819 atoms=45 merges=0 field=6.3143 rms=0.1973 scale=1.0000 fcos=nan ign=0.0000 prn=nan nxp=0.000 mph=0.000 bytes=458752 pkts=458752 shard=0
step=0427650 (run 3650/8000) loss=4.37964 byte_ppl=79.810 atoms=3 merges=0 field=6.2876 rms=0.1965 scale=1.0000 fcos=nan ign=0.0000 prn=nan nxp=0.000 mph=0.000 bytes=458752 pkts=458752 shard=0
step=0427675 (run 3675/8000) loss=2.00839 byte_ppl=7.451 atoms=30 merges=0 field=6.3180 rms=0.1974 scale=1.0000 fcos=nan ign=0.0000 prn=nan nxp=0.000 mph=0.000 bytes=458752 pkts=458752 shard=0
step=0427700 (run 3700/8000) loss=6.59336 byte_ppl=730.228 atoms=58 merges=0 field=6.3549 rms=0.1986 scale=1.0000 fcos=nan ign=0.0000 prn=nan nxp=0.000 mph=0.000 bytes=458752 pkts=458752 shard=0
step=0427725 (run 3725/8000) loss=0.00061 byte_ppl=1.001 atoms=14 merges=0 field=6.3170 rms=0.1974 scale=1.0000 fcos=nan ign=0.0000 prn=nan nxp=0.000 mph=0.000 bytes=458752 pkts=458752 shard=0
step=0427750 (run 3750/8000) loss=3.07805 byte_ppl=21.716 atoms=42 merges=0 field=6.3258 rms=0.1977 scale=1.0000 fcos=nan ign=0.0000 prn=nan nxp=0.000 mph=0.000 bytes=458752 pkts=458752 shard=0
step=0427775 (run 3775/8000) loss=3.75327 byte_ppl=42.660 atoms=69 merges=0 field=6.3194 rms=0.1975 scale=1.0000 fcos=nan ign=0.0000 prn=nan nxp=0.000 mph=0.000 bytes=458752 pkts=458752 shard=0
step=0427800 (run 3800/8000) loss=2.65306 byte_ppl=14.197 atoms=27 merges=0 field=6.2910 rms=0.1966 scale=1.0000 fcos=nan ign=0.0000 prn=nan nxp=0.000 mph=0.000 bytes=458752 pkts=458752 shard=0
step=0427825 (run 3825/8000) loss=0.00593 byte_ppl=1.006 atoms=54 merges=0 field=6.2897 rms=0.1966 scale=1.0000 fcos=nan ign=0.0000 prn=nan nxp=0.000 mph=0.000 bytes=458752 pkts=458752 shard=0
step=0427850 (run 3850/8000) loss=1.06001 byte_ppl=2.886 atoms=11 merges=0 field=6.2917 rms=0.1966 scale=1.0000 fcos=nan ign=0.0000 prn=nan nxp=0.000 mph=0.000 bytes=458752 pkts=458752 shard=0
step=0427875 (run 3875/8000) loss=0.00164 byte_ppl=1.002 atoms=38 merges=0 field=6.2839 rms=0.1964 scale=1.0000 fcos=nan ign=0.0000 prn=nan nxp=0.000 mph=0.000 bytes=458752 pkts=458752 shard=0
step=0427900 (run 3900/8000) loss=5.66934 byte_ppl=289.843 atoms=66 merges=0 field=6.3120 rms=0.1973 scale=1.0000 fcos=nan ign=0.0000 prn=nan nxp=0.000 mph=0.000 bytes=458752 pkts=458752 shard=0
step=0427925 (run 3925/8000) loss=0.00574 byte_ppl=1.006 atoms=23 merges=0 field=6.3470 rms=0.1983 scale=1.0000 fcos=nan ign=0.0000 prn=nan nxp=0.000 mph=0.000 bytes=458752 pkts=458752 shard=0
step=0427950 (run 3950/8000) loss=11.48966 byte_ppl=97699.962 atoms=51 merges=0 field=6.3619 rms=0.1988 scale=1.0000 fcos=nan ign=0.0000 prn=nan nxp=0.000 mph=0.000 bytes=458752 pkts=458752 shard=0
step=0427975 (run 3975/8000) loss=0.04081 byte_ppl=1.042 atoms=8 merges=0 field=6.3825 rms=0.1995 scale=1.0000 fcos=nan ign=0.0000 prn=nan nxp=0.000 mph=0.000 bytes=458752 pkts=458752 shard=0
step=0428000 (run 4000/8000) loss=22.09773 byte_ppl=3952968070.500 atoms=36 merges=0 field=6.3899 rms=0.1997 scale=1.0000 fcos=nan ign=0.0000 prn=nan nxp=0.000 mph=0.000 bytes=458752 pkts=458752 shard=0
step=0428025 (run 4025/8000) loss=0.00094 byte_ppl=1.001 atoms=63 merges=0 field=6.3711 rms=0.1991 scale=1.0000 fcos=nan ign=0.0000 prn=nan nxp=0.000 mph=0.000 bytes=458752 pkts=458752 shard=0
step=0428050 (run 4050/8000) loss=9.08210 byte_ppl=8796.393 atoms=20 merges=0 field=6.3532 rms=0.1985 scale=1.0000 fcos=nan ign=0.0000 prn=nan nxp=0.000 mph=0.000 bytes=458752 pkts=458752 shard=0
step=0428075 (run 4075/8000) loss=3.21940 byte_ppl=25.013 atoms=47 merges=0 field=6.3812 rms=0.1994 scale=1.0000 fcos=nan ign=0.0000 prn=nan nxp=0.000 mph=0.000 bytes=458752 pkts=458752 shard=0
step=0428100 (run 4100/8000) loss=0.01015 byte_ppl=1.010 atoms=5 merges=0 field=6.3782 rms=0.1993 scale=1.0000 fcos=nan ign=0.0000 prn=nan nxp=0.000 mph=0.000 bytes=458752 pkts=458752 shard=0
step=0428125 (run 4125/8000) loss=0.00931 byte_ppl=1.009 atoms=32 merges=0 field=6.4069 rms=0.2002 scale=1.0000 fcos=nan ign=0.0000 prn=nan nxp=0.000 mph=0.000 bytes=458752 pkts=458752 shard=0
step=0428150 (run 4150/8000) loss=5.33426 byte_ppl=207.318 atoms=60 merges=0 field=6.4178 rms=0.2006 scale=1.0000 fcos=nan ign=0.0000 prn=nan nxp=0.000 mph=0.000 bytes=458752 pkts=458752 shard=0
step=0428175 (run 4175/8000) loss=3.43802 byte_ppl=31.125 atoms=16 merges=0 field=6.4294 rms=0.2009 scale=1.0000 fcos=nan ign=0.0000 prn=nan nxp=0.000 mph=0.000 bytes=458752 pkts=458752 shard=0
step=0428200 (run 4200/8000) loss=1.32371 byte_ppl=3.757 atoms=44 merges=0 field=6.4254 rms=0.2008 scale=1.0000 fcos=nan ign=0.0000 prn=nan nxp=0.000 mph=0.000 bytes=458752 pkts=458752 shard=0
step=0428225 (run 4225/8000) loss=4.19435 byte_ppl=66.311 atoms=1 merges=0 field=6.4205 rms=0.2006 scale=1.0000 fcos=nan ign=0.0000 prn=nan nxp=0.000 mph=0.000 bytes=458752 pkts=458752 shard=0
step=0428250 (run 4250/8000) loss=0.35692 byte_ppl=1.429 atoms=29 merges=0 field=6.4400 rms=0.2013 scale=1.0000 fcos=nan ign=0.0000 prn=nan nxp=0.000 mph=0.000 bytes=458752 pkts=458752 shard=0
step=0428275 (run 4275/8000) loss=0.00352 byte_ppl=1.004 atoms=56 merges=0 field=6.4416 rms=0.2013 scale=1.0000 fcos=nan ign=0.0000 prn=nan nxp=0.000 mph=0.000 bytes=458752 pkts=458752 shard=0
step=0428300 (run 4300/8000) loss=0.69964 byte_ppl=2.013 atoms=14 merges=0 field=6.4704 rms=0.2022 scale=1.0000 fcos=nan ign=0.0000 prn=nan nxp=0.000 mph=0.000 bytes=458752 pkts=458752 shard=0
step=0428325 (run 4325/8000) loss=0.00031 byte_ppl=1.000 atoms=41 merges=0 field=6.4525 rms=0.2016 scale=1.0000 fcos=nan ign=0.0000 prn=nan nxp=0.000 mph=0.000 bytes=458752 pkts=458752 shard=0
step=0428350 (run 4350/8000) loss=0.16889 byte_ppl=1.184 atoms=69 merges=0 field=6.4498 rms=0.2016 scale=1.0000 fcos=nan ign=0.0000 prn=nan nxp=0.000 mph=0.000 bytes=458752 pkts=458752 shard=0
step=0428375 (run 4375/8000) loss=0.00113 byte_ppl=1.001 atoms=25 merges=0 field=6.4620 rms=0.2019 scale=1.0000 fcos=nan ign=0.0000 prn=nan nxp=0.000 mph=0.000 bytes=458752 pkts=458752 shard=0
step=0428400 (run 4400/8000) loss=7.18986 byte_ppl=1325.921 atoms=53 merges=0 field=6.4617 rms=0.2019 scale=1.0000 fcos=nan ign=0.0000 prn=nan nxp=0.000 mph=0.000 bytes=458752 pkts=458752 shard=0
step=0428425 (run 4425/8000) loss=1.92283 byte_ppl=6.840 atoms=10 merges=0 field=6.4880 rms=0.2028 scale=1.0000 fcos=nan ign=0.0000 prn=nan nxp=0.000 mph=0.000 bytes=458752 pkts=458752 shard=0
step=0428450 (run 4450/8000) loss=3.48620 byte_ppl=32.662 atoms=38 merges=0 field=6.4885 rms=0.2028 scale=1.0000 fcos=nan ign=0.0000 prn=nan nxp=0.000 mph=0.000 bytes=458752 pkts=458752 shard=0
step=0428475 (run 4475/8000) loss=0.06430 byte_ppl=1.066 atoms=65 merges=0 field=6.4973 rms=0.2030 scale=1.0000 fcos=nan ign=0.0000 prn=nan nxp=0.000 mph=0.000 bytes=458752 pkts=458752 shard=0
step=0428500 (run 4500/8000) loss=1.04218 byte_ppl=2.835 atoms=22 merges=0 field=6.4812 rms=0.2025 scale=1.0000 fcos=nan ign=0.0000 prn=nan nxp=0.000 mph=0.000 bytes=458752 pkts=458752 shard=0
step=0428525 (run 4525/8000) loss=0.00114 byte_ppl=1.001 atoms=49 merges=0 field=6.4786 rms=0.2025 scale=1.0000 fcos=nan ign=0.0000 prn=nan nxp=0.000 mph=0.000 bytes=458752 pkts=458752 shard=0
step=0428550 (run 4550/8000) loss=4.59076 byte_ppl=98.570 atoms=7 merges=0 field=6.4747 rms=0.2023 scale=1.0000 fcos=nan ign=0.0000 prn=nan nxp=0.000 mph=0.000 bytes=458752 pkts=458752 shard=0
step=0428575 (run 4575/8000) loss=0.73668 byte_ppl=2.089 atoms=34 merges=0 field=6.4445 rms=0.2014 scale=1.0000 fcos=nan ign=0.0000 prn=nan nxp=0.000 mph=0.000 bytes=458752 pkts=458752 shard=0
step=0428600 (run 4600/8000) loss=0.01073 byte_ppl=1.011 atoms=62 merges=0 field=6.4411 rms=0.2013 scale=1.0000 fcos=nan ign=0.0000 prn=nan nxp=0.000 mph=0.000 bytes=458752 pkts=458752 shard=0
step=0428625 (run 4625/8000) loss=0.00090 byte_ppl=1.001 atoms=19 merges=0 field=6.4114 rms=0.2004 scale=1.0000 fcos=nan ign=0.0000 prn=nan nxp=0.000 mph=0.000 bytes=458752 pkts=458752 shard=0
step=0428650 (run 4650/8000) loss=2.77150 byte_ppl=15.983 atoms=47 merges=0 field=6.4037 rms=0.2001 scale=1.0000 fcos=nan ign=0.0000 prn=nan nxp=0.000 mph=0.000 bytes=458752 pkts=458752 shard=0
step=0428675 (run 4675/8000) loss=0.00517 byte_ppl=1.005 atoms=3 merges=0 field=6.4142 rms=0.2004 scale=1.0000 fcos=nan ign=0.0000 prn=nan nxp=0.000 mph=0.000 bytes=458752 pkts=458752 shard=0
step=0428700 (run 4700/8000) loss=1.07452 byte_ppl=2.929 atoms=31 merges=0 field=6.4241 rms=0.2008 scale=1.0000 fcos=nan ign=0.0000 prn=nan nxp=0.000 mph=0.000 bytes=458752 pkts=458752 shard=0
step=0428725 (run 4725/8000) loss=0.32045 byte_ppl=1.378 atoms=58 merges=0 field=6.3945 rms=0.1998 scale=1.0000 fcos=nan ign=0.0000 prn=nan nxp=0.000 mph=0.000 bytes=458752 pkts=458752 shard=0
step=0428750 (run 4750/8000) loss=4.85119 byte_ppl=127.893 atoms=16 merges=0 field=6.4219 rms=0.2007 scale=1.0000 fcos=nan ign=0.0000 prn=nan nxp=0.000 mph=0.000 bytes=458752 pkts=458752 shard=0
step=0428775 (run 4775/8000) loss=0.02173 byte_ppl=1.022 atoms=43 merges=0 field=6.4634 rms=0.2020 scale=1.0000 fcos=nan ign=0.0000 prn=nan nxp=0.000 mph=0.000 bytes=458752 pkts=458752 shard=0
step=0428800 (run 4800/8000) loss=0.01207 byte_ppl=1.012 atoms=71 merges=0 field=6.4104 rms=0.2003 scale=1.0000 fcos=nan ign=0.0000 prn=nan nxp=0.000 mph=0.000 bytes=458752 pkts=458752 shard=0
step=0428825 (run 4825/8000) loss=1.33814 byte_ppl=3.812 atoms=27 merges=0 field=6.3974 rms=0.1999 scale=1.0000 fcos=nan ign=0.0000 prn=nan nxp=0.000 mph=0.000 bytes=458752 pkts=458752 shard=0
step=0428850 (run 4850/8000) loss=0.00047 byte_ppl=1.000 atoms=55 merges=0 field=6.3684 rms=0.1990 scale=1.0000 fcos=nan ign=0.0000 prn=nan nxp=0.000 mph=0.000 bytes=458752 pkts=458752 shard=0
step=0428875 (run 4875/8000) loss=2.73500 byte_ppl=15.410 atoms=12 merges=0 field=6.3735 rms=0.1992 scale=1.0000 fcos=nan ign=0.0000 prn=nan nxp=0.000 mph=0.000 bytes=458752 pkts=458752 shard=0
step=0428900 (run 4900/8000) loss=7.88927 byte_ppl=2668.490 atoms=40 merges=0 field=6.3735 rms=0.1992 scale=1.0000 fcos=nan ign=0.0000 prn=nan nxp=0.000 mph=0.000 bytes=458752 pkts=458752 shard=0
step=0428925 (run 4925/8000) loss=0.00057 byte_ppl=1.001 atoms=67 merges=0 field=6.3882 rms=0.1996 scale=1.0000 fcos=nan ign=0.0000 prn=nan nxp=0.000 mph=0.000 bytes=458752 pkts=458752 shard=0
step=0428950 (run 4950/8000) loss=0.00339 byte_ppl=1.003 atoms=25 merges=0 field=6.3769 rms=0.1993 scale=1.0000 fcos=nan ign=0.0000 prn=nan nxp=0.000 mph=0.000 bytes=458752 pkts=458752 shard=0
step=0428975 (run 4975/8000) loss=2.31611 byte_ppl=10.136 atoms=52 merges=0 field=6.3612 rms=0.1988 scale=1.0000 fcos=nan ign=0.0000 prn=nan nxp=0.000 mph=0.000 bytes=458752 pkts=458752 shard=0
step=0429000 (run 5000/8000) loss=1.26602 byte_ppl=3.547 atoms=9 merges=0 field=6.3944 rms=0.1998 scale=1.0000 fcos=nan ign=0.0000 prn=nan nxp=0.000 mph=0.000 bytes=458752 pkts=458752 shard=0
step=0429025 (run 5025/8000) loss=0.01129 byte_ppl=1.011 atoms=36 merges=0 field=6.3971 rms=0.1999 scale=1.0000 fcos=nan ign=0.0000 prn=nan nxp=0.000 mph=0.000 bytes=458752 pkts=458752 shard=0
step=0429050 (run 5050/8000) loss=11.15697 byte_ppl=70050.116 atoms=64 merges=0 field=6.4044 rms=0.2001 scale=1.0000 fcos=nan ign=0.0000 prn=nan nxp=0.000 mph=0.000 bytes=458752 pkts=458752 shard=0
step=0429075 (run 5075/8000) loss=0.00245 byte_ppl=1.002 atoms=21 merges=0 field=6.4016 rms=0.2001 scale=1.0000 fcos=nan ign=0.0000 prn=nan nxp=0.000 mph=0.000 bytes=458752 pkts=458752 shard=0
step=0429100 (run 5100/8000) loss=0.02962 byte_ppl=1.030 atoms=49 merges=0 field=6.4222 rms=0.2007 scale=1.0000 fcos=nan ign=0.0000 prn=nan nxp=0.000 mph=0.000 bytes=458752 pkts=458752 shard=0
step=0429125 (run 5125/8000) loss=4.30713 byte_ppl=74.227 atoms=5 merges=0 field=6.4654 rms=0.2020 scale=1.0000 fcos=nan ign=0.0000 prn=nan nxp=0.000 mph=0.000 bytes=458752 pkts=458752 shard=0
step=0429150 (run 5150/8000) loss=8.15917 byte_ppl=3495.292 atoms=33 merges=0 field=6.4271 rms=0.2008 scale=1.0000 fcos=nan ign=0.0000 prn=nan nxp=0.000 mph=0.000 bytes=458752 pkts=458752 shard=0
step=0429175 (run 5175/8000) loss=0.00857 byte_ppl=1.009 atoms=60 merges=0 field=6.4301 rms=0.2009 scale=1.0000 fcos=nan ign=0.0000 prn=nan nxp=0.000 mph=0.000 bytes=458752 pkts=458752 shard=0
step=0429200 (run 5200/8000) loss=3.52422 byte_ppl=33.927 atoms=18 merges=0 field=6.4456 rms=0.2014 scale=1.0000 fcos=nan ign=0.0000 prn=nan nxp=0.000 mph=0.000 bytes=458752 pkts=458752 shard=0
step=0429225 (run 5225/8000) loss=0.00199 byte_ppl=1.002 atoms=45 merges=0 field=6.4236 rms=0.2007 scale=1.0000 fcos=nan ign=0.0000 prn=nan nxp=0.000 mph=0.000 bytes=458752 pkts=458752 shard=0
step=0429250 (run 5250/8000) loss=7.74677 byte_ppl=2314.091 atoms=3 merges=0 field=6.4422 rms=0.2013 scale=1.0000 fcos=nan ign=0.0000 prn=nan nxp=0.000 mph=0.000 bytes=458752 pkts=458752 shard=0
step=0429275 (run 5275/8000) loss=3.46062 byte_ppl=31.837 atoms=30 merges=0 field=6.4625 rms=0.2020 scale=1.0000 fcos=nan ign=0.0000 prn=nan nxp=0.000 mph=0.000 bytes=458752 pkts=458752 shard=0
step=0429300 (run 5300/8000) loss=5.30950 byte_ppl=202.249 atoms=58 merges=0 field=6.4664 rms=0.2021 scale=1.0000 fcos=nan ign=0.0000 prn=nan nxp=0.000 mph=0.000 bytes=458752 pkts=458752 shard=0
step=0429325 (run 5325/8000) loss=0.00212 byte_ppl=1.002 atoms=14 merges=0 field=6.4641 rms=0.2020 scale=1.0000 fcos=nan ign=0.0000 prn=nan nxp=0.000 mph=0.000 bytes=458752 pkts=458752 shard=0
step=0429350 (run 5350/8000) loss=9.34784 byte_ppl=11473.984 atoms=42 merges=0 field=6.4204 rms=0.2006 scale=1.0000 fcos=nan ign=0.0000 prn=nan nxp=0.000 mph=0.000 bytes=458752 pkts=458752 shard=0
step=0429375 (run 5375/8000) loss=0.00034 byte_ppl=1.000 atoms=69 merges=0 field=6.4263 rms=0.2008 scale=1.0000 fcos=nan ign=0.0000 prn=nan nxp=0.000 mph=0.000 bytes=458752 pkts=458752 shard=0
step=0429400 (run 5400/8000) loss=6.50178 byte_ppl=666.324 atoms=27 merges=0 field=6.3852 rms=0.1995 scale=1.0000 fcos=nan ign=0.0000 prn=nan nxp=0.000 mph=0.000 bytes=458752 pkts=458752 shard=0
step=0429425 (run 5425/8000) loss=6.87026 byte_ppl=963.195 atoms=54 merges=0 field=6.4020 rms=0.2001 scale=1.0000 fcos=nan ign=0.0000 prn=nan nxp=0.000 mph=0.000 bytes=458752 pkts=458752 shard=0
step=0429450 (run 5450/8000) loss=0.36938 byte_ppl=1.447 atoms=11 merges=0 field=6.3533 rms=0.1985 scale=1.0000 fcos=nan ign=0.0000 prn=nan nxp=0.000 mph=0.000 bytes=458752 pkts=458752 shard=0
step=0429475 (run 5475/8000) loss=0.87093 byte_ppl=2.389 atoms=38 merges=0 field=6.3741 rms=0.1992 scale=1.0000 fcos=nan ign=0.0000 prn=nan nxp=0.000 mph=0.000 bytes=458752 pkts=458752 shard=0
step=0429500 (run 5500/8000) loss=12.82610 byte_ppl=371794.845 atoms=66 merges=0 field=6.3627 rms=0.1988 scale=1.0000 fcos=nan ign=0.0000 prn=nan nxp=0.000 mph=0.000 bytes=458752 pkts=458752 shard=0
step=0429525 (run 5525/8000) loss=0.00100 byte_ppl=1.001 atoms=23 merges=0 field=6.3474 rms=0.1984 scale=1.0000 fcos=nan ign=0.0000 prn=nan nxp=0.000 mph=0.000 bytes=458752 pkts=458752 shard=0
step=0429550 (run 5550/8000) loss=0.05303 byte_ppl=1.054 atoms=51 merges=0 field=6.3363 rms=0.1980 scale=1.0000 fcos=nan ign=0.0000 prn=nan nxp=0.000 mph=0.000 bytes=458752 pkts=458752 shard=0
step=0429575 (run 5575/8000) loss=0.01542 byte_ppl=1.016 atoms=8 merges=0 field=6.3210 rms=0.1975 scale=1.0000 fcos=nan ign=0.0000 prn=nan nxp=0.000 mph=0.000 bytes=458752 pkts=458752 shard=0
step=0429600 (run 5600/8000) loss=6.92004 byte_ppl=1012.359 atoms=36 merges=0 field=6.2986 rms=0.1968 scale=1.0000 fcos=nan ign=0.0000 prn=nan nxp=0.000 mph=0.000 bytes=458752 pkts=458752 shard=0
step=0429625 (run 5625/8000) loss=0.00018 byte_ppl=1.000 atoms=63 merges=0 field=6.3168 rms=0.1974 scale=1.0000 fcos=nan ign=0.0000 prn=nan nxp=0.000 mph=0.000 bytes=458752 pkts=458752 shard=0
step=0429650 (run 5650/8000) loss=3.75952 byte_ppl=42.928 atoms=20 merges=0 field=6.2969 rms=0.1968 scale=1.0000 fcos=nan ign=0.0000 prn=nan nxp=0.000 mph=0.000 bytes=458752 pkts=458752 shard=0
step=0429675 (run 5675/8000) loss=0.00015 byte_ppl=1.000 atoms=47 merges=0 field=6.3034 rms=0.1970 scale=1.0000 fcos=nan ign=0.0000 prn=nan nxp=0.000 mph=0.000 bytes=458752 pkts=458752 shard=0
step=0429700 (run 5700/8000) loss=4.32466 byte_ppl=75.540 atoms=5 merges=0 field=6.3345 rms=0.1980 scale=1.0000 fcos=nan ign=0.0000 prn=nan nxp=0.000 mph=0.000 bytes=458752 pkts=458752 shard=0
step=0429725 (run 5725/8000) loss=0.35905 byte_ppl=1.432 atoms=32 merges=0 field=6.3791 rms=0.1994 scale=1.0000 fcos=nan ign=0.0000 prn=nan nxp=0.000 mph=0.000 bytes=458752 pkts=458752 shard=0
step=0429750 (run 5750/8000) loss=0.00023 byte_ppl=1.000 atoms=60 merges=0 field=6.3444 rms=0.1983 scale=1.0000 fcos=nan ign=0.0000 prn=nan nxp=0.000 mph=0.000 bytes=458752 pkts=458752 shard=0
step=0429775 (run 5775/8000) loss=0.02855 byte_ppl=1.029 atoms=16 merges=0 field=6.3571 rms=0.1987 scale=1.0000 fcos=nan ign=0.0000 prn=nan nxp=0.000 mph=0.000 bytes=458752 pkts=458752 shard=0
step=0429800 (run 5800/8000) loss=5.00608 byte_ppl=149.318 atoms=44 merges=0 field=6.3653 rms=0.1989 scale=1.0000 fcos=nan ign=0.0000 prn=nan nxp=0.000 mph=0.000 bytes=458752 pkts=458752 shard=0
step=0429825 (run 5825/8000) loss=11.35355 byte_ppl=85267.693 atoms=1 merges=0 field=6.3471 rms=0.1983 scale=1.0000 fcos=nan ign=0.0000 prn=nan nxp=0.000 mph=0.000 bytes=458752 pkts=458752 shard=0
step=0429850 (run 5850/8000) loss=6.65336 byte_ppl=775.384 atoms=29 merges=0 field=6.3139 rms=0.1973 scale=1.0000 fcos=nan ign=0.0000 prn=nan nxp=0.000 mph=0.000 bytes=458752 pkts=458752 shard=0
step=0429875 (run 5875/8000) loss=0.00327 byte_ppl=1.003 atoms=56 merges=0 field=6.2912 rms=0.1966 scale=1.0000 fcos=nan ign=0.0000 prn=nan nxp=0.000 mph=0.000 bytes=458752 pkts=458752 shard=0
step=0429900 (run 5900/8000) loss=3.16629 byte_ppl=23.719 atoms=14 merges=0 field=6.2732 rms=0.1960 scale=1.0000 fcos=nan ign=0.0000 prn=nan nxp=0.000 mph=0.000 bytes=458752 pkts=458752 shard=0
step=0429925 (run 5925/8000) loss=5.36645 byte_ppl=214.102 atoms=41 merges=0 field=6.2863 rms=0.1964 scale=1.0000 fcos=nan ign=0.0000 prn=nan nxp=0.000 mph=0.000 bytes=458752 pkts=458752 shard=0
step=0429950 (run 5950/8000) loss=4.68833 byte_ppl=108.672 atoms=69 merges=0 field=6.2675 rms=0.1959 scale=1.0000 fcos=nan ign=0.0000 prn=nan nxp=0.000 mph=0.000 bytes=458752 pkts=458752 shard=0
step=0429975 (run 5975/8000) loss=0.00101 byte_ppl=1.001 atoms=25 merges=0 field=6.2569 rms=0.1955 scale=1.0000 fcos=nan ign=0.0000 prn=nan nxp=0.000 mph=0.000 bytes=458752 pkts=458752 shard=0
step=0430000 (run 6000/8000) loss=7.61278 byte_ppl=2023.894 atoms=53 merges=0 field=6.2822 rms=0.1963 scale=1.0000 fcos=nan ign=0.0000 prn=nan nxp=0.000 mph=0.000 bytes=458752 pkts=458752 shard=0
step=0430025 (run 6025/8000) loss=0.00155 byte_ppl=1.002 atoms=10 merges=0 field=6.2696 rms=0.1959 scale=1.0000 fcos=nan ign=0.0000 prn=nan nxp=0.000 mph=0.000 bytes=458752 pkts=458752 shard=0
step=0430050 (run 6050/8000) loss=5.83429 byte_ppl=341.822 atoms=38 merges=0 field=6.2926 rms=0.1966 scale=1.0000 fcos=nan ign=0.0000 prn=nan nxp=0.000 mph=0.000 bytes=458752 pkts=458752 shard=0
step=0430075 (run 6075/8000) loss=0.85063 byte_ppl=2.341 atoms=65 merges=0 field=6.2914 rms=0.1966 scale=1.0000 fcos=nan ign=0.0000 prn=nan nxp=0.000 mph=0.000 bytes=458752 pkts=458752 shard=0
step=0430100 (run 6100/8000) loss=7.07504 byte_ppl=1182.091 atoms=22 merges=0 field=6.2612 rms=0.1957 scale=1.0000 fcos=nan ign=0.0000 prn=nan nxp=0.000 mph=0.000 bytes=458752 pkts=458752 shard=0
step=0430125 (run 6125/8000) loss=0.00727 byte_ppl=1.007 atoms=49 merges=0 field=6.2834 rms=0.1964 scale=1.0000 fcos=nan ign=0.0000 prn=nan nxp=0.000 mph=0.000 bytes=458752 pkts=458752 shard=0
step=0430150 (run 6150/8000) loss=8.03654 byte_ppl=3091.912 atoms=7 merges=0 field=6.2372 rms=0.1949 scale=1.0000 fcos=nan ign=0.0000 prn=nan nxp=0.000 mph=0.000 bytes=458752 pkts=458752 shard=0
step=0430175 (run 6175/8000) loss=0.06734 byte_ppl=1.070 atoms=34 merges=0 field=6.2419 rms=0.1951 scale=1.0000 fcos=nan ign=0.0000 prn=nan nxp=0.000 mph=0.000 bytes=458752 pkts=458752 shard=0
step=0430200 (run 6200/8000) loss=6.55566 byte_ppl=703.212 atoms=62 merges=0 field=6.2651 rms=0.1958 scale=1.0000 fcos=nan ign=0.0000 prn=nan nxp=0.000 mph=0.000 bytes=458752 pkts=458752 shard=0
step=0430225 (run 6225/8000) loss=0.00324 byte_ppl=1.003 atoms=19 merges=0 field=6.2989 rms=0.1968 scale=1.0000 fcos=nan ign=0.0000 prn=nan nxp=0.000 mph=0.000 bytes=458752 pkts=458752 shard=0
step=0430250 (run 6250/8000) loss=0.02076 byte_ppl=1.021 atoms=47 merges=0 field=6.2762 rms=0.1961 scale=1.0000 fcos=nan ign=0.0000 prn=nan nxp=0.000 mph=0.000 bytes=458752 pkts=458752 shard=0
step=0430275 (run 6275/8000) loss=0.00011 byte_ppl=1.000 atoms=3 merges=0 field=6.2990 rms=0.1968 scale=1.0000 fcos=nan ign=0.0000 prn=nan nxp=0.000 mph=0.000 bytes=458752 pkts=458752 shard=0
step=0430300 (run 6300/8000) loss=17.87996 byte_ppl=58232676.038 atoms=31 merges=0 field=6.3087 rms=0.1972 scale=1.0000 fcos=nan ign=0.0000 prn=nan nxp=0.000 mph=0.000 bytes=458752 pkts=458752 shard=0
step=0430325 (run 6325/8000) loss=0.00221 byte_ppl=1.002 atoms=58 merges=0 field=6.3054 rms=0.1970 scale=1.0000 fcos=nan ign=0.0000 prn=nan nxp=0.000 mph=0.000 bytes=458752 pkts=458752 shard=0
step=0430350 (run 6350/8000) loss=0.00011 byte_ppl=1.000 atoms=16 merges=0 field=6.2939 rms=0.1967 scale=1.0000 fcos=nan ign=0.0000 prn=nan nxp=0.000 mph=0.000 bytes=458752 pkts=458752 shard=0
step=0430375 (run 6375/8000) loss=0.00610 byte_ppl=1.006 atoms=43 merges=0 field=6.2871 rms=0.1965 scale=1.0000 fcos=nan ign=0.0000 prn=nan nxp=0.000 mph=0.000 bytes=458752 pkts=458752 shard=0
step=0430400 (run 6400/8000) loss=0.46051 byte_ppl=1.585 atoms=71 merges=0 field=6.2833 rms=0.1964 scale=1.0000 fcos=nan ign=0.0000 prn=nan nxp=0.000 mph=0.000 bytes=458752 pkts=458752 shard=0
step=0430425 (run 6425/8000) loss=0.00210 byte_ppl=1.002 atoms=27 merges=0 field=6.2798 rms=0.1962 scale=1.0000 fcos=nan ign=0.0000 prn=nan nxp=0.000 mph=0.000 bytes=458752 pkts=458752 shard=0
step=0430450 (run 6450/8000) loss=3.83687 byte_ppl=46.380 atoms=55 merges=0 field=6.2495 rms=0.1953 scale=1.0000 fcos=nan ign=0.0000 prn=nan nxp=0.000 mph=0.000 bytes=458752 pkts=458752 shard=0
step=0430475 (run 6475/8000) loss=0.73218 byte_ppl=2.080 atoms=12 merges=0 field=6.2590 rms=0.1956 scale=1.0000 fcos=nan ign=0.0000 prn=nan nxp=0.000 mph=0.000 bytes=458752 pkts=458752 shard=0
step=0430500 (run 6500/8000) loss=6.00910 byte_ppl=407.116 atoms=40 merges=0 field=6.2997 rms=0.1969 scale=1.0000 fcos=nan ign=0.0000 prn=nan nxp=0.000 mph=0.000 bytes=458752 pkts=458752 shard=0
step=0430525 (run 6525/8000) loss=0.02684 byte_ppl=1.027 atoms=67 merges=0 field=6.2837 rms=0.1964 scale=1.0000 fcos=nan ign=0.0000 prn=nan nxp=0.000 mph=0.000 bytes=458752 pkts=458752 shard=0
step=0430550 (run 6550/8000) loss=2.32435 byte_ppl=10.220 atoms=25 merges=0 field=6.2881 rms=0.1965 scale=1.0000 fcos=nan ign=0.0000 prn=nan nxp=0.000 mph=0.000 bytes=458752 pkts=458752 shard=0
step=0430575 (run 6575/8000) loss=0.77189 byte_ppl=2.164 atoms=52 merges=0 field=6.3169 rms=0.1974 scale=1.0000 fcos=nan ign=0.0000 prn=nan nxp=0.000 mph=0.000 bytes=458752 pkts=458752 shard=0
step=0430600 (run 6600/8000) loss=5.76777 byte_ppl=319.823 atoms=9 merges=0 field=6.3250 rms=0.1977 scale=1.0000 fcos=nan ign=0.0000 prn=nan nxp=0.000 mph=0.000 bytes=458752 pkts=458752 shard=0
step=0430625 (run 6625/8000) loss=0.00189 byte_ppl=1.002 atoms=36 merges=0 field=6.3015 rms=0.1969 scale=1.0000 fcos=nan ign=0.0000 prn=nan nxp=0.000 mph=0.000 bytes=458752 pkts=458752 shard=0
step=0430650 (run 6650/8000) loss=0.19811 byte_ppl=1.219 atoms=64 merges=0 field=6.3079 rms=0.1971 scale=1.0000 fcos=nan ign=0.0000 prn=nan nxp=0.000 mph=0.000 bytes=458752 pkts=458752 shard=0
step=0430675 (run 6675/8000) loss=0.01012 byte_ppl=1.010 atoms=21 merges=0 field=6.3160 rms=0.1974 scale=1.0000 fcos=nan ign=0.0000 prn=nan nxp=0.000 mph=0.000 bytes=458752 pkts=458752 shard=0
step=0430700 (run 6700/8000) loss=0.04848 byte_ppl=1.050 atoms=49 merges=0 field=6.3193 rms=0.1975 scale=1.0000 fcos=nan ign=0.0000 prn=nan nxp=0.000 mph=0.000 bytes=458752 pkts=458752 shard=0
step=0430725 (run 6725/8000) loss=0.00024 byte_ppl=1.000 atoms=5 merges=0 field=6.3647 rms=0.1989 scale=1.0000 fcos=nan ign=0.0000 prn=nan nxp=0.000 mph=0.000 bytes=458752 pkts=458752 shard=0
step=0430750 (run 6750/8000) loss=2.24747 byte_ppl=9.464 atoms=33 merges=0 field=6.3858 rms=0.1996 scale=1.0000 fcos=nan ign=0.0000 prn=nan nxp=0.000 mph=0.000 bytes=458752 pkts=458752 shard=0
step=0430775 (run 6775/8000) loss=0.01504 byte_ppl=1.015 atoms=60 merges=0 field=6.3827 rms=0.1995 scale=1.0000 fcos=nan ign=0.0000 prn=nan nxp=0.000 mph=0.000 bytes=458752 pkts=458752 shard=0
step=0430800 (run 6800/8000) loss=0.31347 byte_ppl=1.368 atoms=18 merges=0 field=6.4286 rms=0.2009 scale=1.0000 fcos=nan ign=0.0000 prn=nan nxp=0.000 mph=0.000 bytes=458752 pkts=458752 shard=0
step=0430825 (run 6825/8000) loss=3.65456 byte_ppl=38.651 atoms=45 merges=0 field=6.4335 rms=0.2010 scale=1.0000 fcos=nan ign=0.0000 prn=nan nxp=0.000 mph=0.000 bytes=458752 pkts=458752 shard=0
step=0430850 (run 6850/8000) loss=4.49350 byte_ppl=89.434 atoms=3 merges=0 field=6.4274 rms=0.2009 scale=1.0000 fcos=nan ign=0.0000 prn=nan nxp=0.000 mph=0.000 bytes=458752 pkts=458752 shard=0
step=0430875 (run 6875/8000) loss=0.82611 byte_ppl=2.284 atoms=30 merges=0 field=6.3969 rms=0.1999 scale=1.0000 fcos=nan ign=0.0000 prn=nan nxp=0.000 mph=0.000 bytes=458752 pkts=458752 shard=0
step=0430900 (run 6900/8000) loss=0.00105 byte_ppl=1.001 atoms=58 merges=0 field=6.4100 rms=0.2003 scale=1.0000 fcos=nan ign=0.0000 prn=nan nxp=0.000 mph=0.000 bytes=458752 pkts=458752 shard=0
step=0430925 (run 6925/8000) loss=0.00065 byte_ppl=1.001 atoms=14 merges=0 field=6.3852 rms=0.1995 scale=1.0000 fcos=nan ign=0.0000 prn=nan nxp=0.000 mph=0.000 bytes=458752 pkts=458752 shard=0
step=0430950 (run 6950/8000) loss=0.71698 byte_ppl=2.048 atoms=42 merges=0 field=6.3785 rms=0.1993 scale=1.0000 fcos=nan ign=0.0000 prn=nan nxp=0.000 mph=0.000 bytes=458752 pkts=458752 shard=0
step=0430975 (run 6975/8000) loss=4.27469 byte_ppl=71.858 atoms=69 merges=0 field=6.3812 rms=0.1994 scale=1.0000 fcos=nan ign=0.0000 prn=nan nxp=0.000 mph=0.000 bytes=458752 pkts=458752 shard=0
step=0431000 (run 7000/8000) loss=1.64776 byte_ppl=5.195 atoms=27 merges=0 field=6.4143 rms=0.2004 scale=1.0000 fcos=nan ign=0.0000 prn=nan nxp=0.000 mph=0.000 bytes=458752 pkts=458752 shard=0
step=0431025 (run 7025/8000) loss=0.00281 byte_ppl=1.003 atoms=54 merges=0 field=6.4341 rms=0.2011 scale=1.0000 fcos=nan ign=0.0000 prn=nan nxp=0.000 mph=0.000 bytes=458752 pkts=458752 shard=0
step=0431050 (run 7050/8000) loss=3.27290 byte_ppl=26.388 atoms=11 merges=0 field=6.4209 rms=0.2007 scale=1.0000 fcos=nan ign=0.0000 prn=nan nxp=0.000 mph=0.000 bytes=458752 pkts=458752 shard=0
step=0431075 (run 7075/8000) loss=0.00342 byte_ppl=1.003 atoms=38 merges=0 field=6.4141 rms=0.2004 scale=1.0000 fcos=nan ign=0.0000 prn=nan nxp=0.000 mph=0.000 bytes=458752 pkts=458752 shard=0
step=0431100 (run 7100/8000) loss=4.59268 byte_ppl=98.758 atoms=66 merges=0 field=6.4115 rms=0.2004 scale=1.0000 fcos=nan ign=0.0000 prn=nan nxp=0.000 mph=0.000 bytes=458752 pkts=458752 shard=0
step=0431125 (run 7125/8000) loss=0.35237 byte_ppl=1.422 atoms=23 merges=0 field=6.4196 rms=0.2006 scale=1.0000 fcos=nan ign=0.0000 prn=nan nxp=0.000 mph=0.000 bytes=458752 pkts=458752 shard=0
step=0431150 (run 7150/8000) loss=1.25456 byte_ppl=3.506 atoms=51 merges=0 field=6.4036 rms=0.2001 scale=1.0000 fcos=nan ign=0.0000 prn=nan nxp=0.000 mph=0.000 bytes=458752 pkts=458752 shard=0
step=0431175 (run 7175/8000) loss=0.00314 byte_ppl=1.003 atoms=8 merges=0 field=6.3410 rms=0.1982 scale=1.0000 fcos=nan ign=0.0000 prn=nan nxp=0.000 mph=0.000 bytes=458752 pkts=458752 shard=0
step=0431200 (run 7200/8000) loss=4.90778 byte_ppl=135.338 atoms=36 merges=0 field=6.3682 rms=0.1990 scale=1.0000 fcos=nan ign=0.0000 prn=nan nxp=0.000 mph=0.000 bytes=458752 pkts=458752 shard=0
step=0431225 (run 7225/8000) loss=0.30383 byte_ppl=1.355 atoms=63 merges=0 field=6.3912 rms=0.1997 scale=1.0000 fcos=nan ign=0.0000 prn=nan nxp=0.000 mph=0.000 bytes=458752 pkts=458752 shard=0
step=0431250 (run 7250/8000) loss=0.85124 byte_ppl=2.343 atoms=20 merges=0 field=6.3899 rms=0.1997 scale=1.0000 fcos=nan ign=0.0000 prn=nan nxp=0.000 mph=0.000 bytes=458752 pkts=458752 shard=0
step=0431275 (run 7275/8000) loss=0.00771 byte_ppl=1.008 atoms=47 merges=0 field=6.4027 rms=0.2001 scale=1.0000 fcos=nan ign=0.0000 prn=nan nxp=0.000 mph=0.000 bytes=458752 pkts=458752 shard=0
step=0431300 (run 7300/8000) loss=1.56826 byte_ppl=4.798 atoms=5 merges=0 field=6.4133 rms=0.2004 scale=1.0000 fcos=nan ign=0.0000 prn=nan nxp=0.000 mph=0.000 bytes=458752 pkts=458752 shard=0
step=0431325 (run 7325/8000) loss=0.00047 byte_ppl=1.000 atoms=32 merges=0 field=6.3916 rms=0.1997 scale=1.0000 fcos=nan ign=0.0000 prn=nan nxp=0.000 mph=0.000 bytes=458752 pkts=458752 shard=0
step=0431350 (run 7350/8000) loss=0.88668 byte_ppl=2.427 atoms=60 merges=0 field=6.4149 rms=0.2005 scale=1.0000 fcos=nan ign=0.0000 prn=nan nxp=0.000 mph=0.000 bytes=458752 pkts=458752 shard=0
step=0431375 (run 7375/8000) loss=2.78340 byte_ppl=16.174 atoms=16 merges=0 field=6.4098 rms=0.2003 scale=1.0000 fcos=nan ign=0.0000 prn=nan nxp=0.000 mph=0.000 bytes=458752 pkts=458752 shard=0
step=0431400 (run 7400/8000) loss=0.94174 byte_ppl=2.564 atoms=44 merges=0 field=6.3848 rms=0.1995 scale=1.0000 fcos=nan ign=0.0000 prn=nan nxp=0.000 mph=0.000 bytes=458752 pkts=458752 shard=0
step=0431425 (run 7425/8000) loss=2.48003 byte_ppl=11.942 atoms=1 merges=0 field=6.4043 rms=0.2001 scale=1.0000 fcos=nan ign=0.0000 prn=nan nxp=0.000 mph=0.000 bytes=458752 pkts=458752 shard=0
step=0431450 (run 7450/8000) loss=25.99200 byte_ppl=194170872520.093 atoms=29 merges=0 field=6.4263 rms=0.2008 scale=1.0000 fcos=nan ign=0.0000 prn=nan nxp=0.000 mph=0.000 bytes=458752 pkts=458752 shard=0
step=0431475 (run 7475/8000) loss=0.02689 byte_ppl=1.027 atoms=56 merges=0 field=6.4162 rms=0.2005 scale=1.0000 fcos=nan ign=0.0000 prn=nan nxp=0.000 mph=0.000 bytes=458752 pkts=458752 shard=0
step=0431500 (run 7500/8000) loss=0.37015 byte_ppl=1.448 atoms=14 merges=0 field=6.4254 rms=0.2008 scale=1.0000 fcos=nan ign=0.0000 prn=nan nxp=0.000 mph=0.000 bytes=458752 pkts=458752 shard=0
step=0431525 (run 7525/8000) loss=0.01791 byte_ppl=1.018 atoms=41 merges=0 field=6.4635 rms=0.2020 scale=1.0000 fcos=nan ign=0.0000 prn=nan nxp=0.000 mph=0.000 bytes=458752 pkts=458752 shard=0
step=0431550 (run 7550/8000) loss=6.86942 byte_ppl=962.388 atoms=69 merges=0 field=6.4875 rms=0.2027 scale=1.0000 fcos=nan ign=0.0000 prn=nan nxp=0.000 mph=0.000 bytes=458752 pkts=458752 shard=0
step=0431575 (run 7575/8000) loss=0.00197 byte_ppl=1.002 atoms=25 merges=0 field=6.4789 rms=0.2025 scale=1.0000 fcos=nan ign=0.0000 prn=nan nxp=0.000 mph=0.000 bytes=458752 pkts=458752 shard=0
step=0431600 (run 7600/8000) loss=0.03548 byte_ppl=1.036 atoms=53 merges=0 field=6.4578 rms=0.2018 scale=1.0000 fcos=nan ign=0.0000 prn=nan nxp=0.000 mph=0.000 bytes=458752 pkts=458752 shard=0
step=0431625 (run 7625/8000) loss=0.08779 byte_ppl=1.092 atoms=10 merges=0 field=6.4229 rms=0.2007 scale=1.0000 fcos=nan ign=0.0000 prn=nan nxp=0.000 mph=0.000 bytes=458752 pkts=458752 shard=0
step=0431650 (run 7650/8000) loss=5.89015 byte_ppl=361.459 atoms=38 merges=0 field=6.4107 rms=0.2003 scale=1.0000 fcos=nan ign=0.0000 prn=nan nxp=0.000 mph=0.000 bytes=458752 pkts=458752 shard=0
step=0431675 (run 7675/8000) loss=1.05174 byte_ppl=2.863 atoms=65 merges=0 field=6.3977 rms=0.1999 scale=1.0000 fcos=nan ign=0.0000 prn=nan nxp=0.000 mph=0.000 bytes=458752 pkts=458752 shard=0
step=0431700 (run 7700/8000) loss=8.11443 byte_ppl=3342.337 atoms=22 merges=0 field=6.4370 rms=0.2012 scale=1.0000 fcos=nan ign=0.0000 prn=nan nxp=0.000 mph=0.000 bytes=458752 pkts=458752 shard=0
step=0431725 (run 7725/8000) loss=0.00019 byte_ppl=1.000 atoms=49 merges=0 field=6.4101 rms=0.2003 scale=1.0000 fcos=nan ign=0.0000 prn=nan nxp=0.000 mph=0.000 bytes=458752 pkts=458752 shard=0
step=0431750 (run 7750/8000) loss=11.46394 byte_ppl=95219.374 atoms=7 merges=0 field=6.4412 rms=0.2013 scale=1.0000 fcos=nan ign=0.0000 prn=nan nxp=0.000 mph=0.000 bytes=458752 pkts=458752 shard=0
step=0431775 (run 7775/8000) loss=3.29607 byte_ppl=27.006 atoms=34 merges=0 field=6.4674 rms=0.2021 scale=1.0000 fcos=nan ign=0.0000 prn=nan nxp=0.000 mph=0.000 bytes=458752 pkts=458752 shard=0
step=0431800 (run 7800/8000) loss=7.71332 byte_ppl=2237.957 atoms=62 merges=0 field=6.4543 rms=0.2017 scale=1.0000 fcos=nan ign=0.0000 prn=nan nxp=0.000 mph=0.000 bytes=458752 pkts=458752 shard=0
step=0431825 (run 7825/8000) loss=1.32129 byte_ppl=3.748 atoms=19 merges=0 field=6.4557 rms=0.2017 scale=1.0000 fcos=nan ign=0.0000 prn=nan nxp=0.000 mph=0.000 bytes=458752 pkts=458752 shard=0
step=0431850 (run 7850/8000) loss=0.00060 byte_ppl=1.001 atoms=47 merges=0 field=6.4645 rms=0.2020 scale=1.0000 fcos=nan ign=0.0000 prn=nan nxp=0.000 mph=0.000 bytes=458752 pkts=458752 shard=0
step=0431875 (run 7875/8000) loss=0.00043 byte_ppl=1.000 atoms=3 merges=0 field=6.4417 rms=0.2013 scale=1.0000 fcos=nan ign=0.0000 prn=nan nxp=0.000 mph=0.000 bytes=458752 pkts=458752 shard=0
step=0431900 (run 7900/8000) loss=4.08148 byte_ppl=59.233 atoms=31 merges=0 field=6.4229 rms=0.2007 scale=1.0000 fcos=nan ign=0.0000 prn=nan nxp=0.000 mph=0.000 bytes=458752 pkts=458752 shard=0
step=0431925 (run 7925/8000) loss=0.00671 byte_ppl=1.007 atoms=58 merges=0 field=6.4015 rms=0.2001 scale=1.0000 fcos=nan ign=0.0000 prn=nan nxp=0.000 mph=0.000 bytes=458752 pkts=458752 shard=0
step=0431950 (run 7950/8000) loss=1.10746 byte_ppl=3.027 atoms=16 merges=0 field=6.4053 rms=0.2002 scale=1.0000 fcos=nan ign=0.0000 prn=nan nxp=0.000 mph=0.000 bytes=458752 pkts=458752 shard=0
step=0431975 (run 7975/8000) loss=5.67954 byte_ppl=292.815 atoms=43 merges=0 field=6.4384 rms=0.2012 scale=1.0000 fcos=nan ign=0.0000 prn=nan nxp=0.000 mph=0.000 bytes=458752 pkts=458752 shard=0
step=0432000 (run 8000/8000) loss=3.12153 byte_ppl=22.681 atoms=71 merges=0 field=6.4469 rms=0.2015 scale=1.0000 fcos=nan ign=0.0000 prn=nan nxp=0.000 mph=0.000 bytes=458752 pkts=458752 shard=0
{
  "stream": true,
  "data_path": "data/corpus_fr_medium_s21.txt",
  "data_glob": null,
  "shard_paths": [
    "/home/user/atom-ai/data/corpus_fr_medium_s21.txt"
  ],
  "data_bytes": 500257,
  "data_characters": null,
  "atomizer_version": "atomizer-v1-byte-span",
  "feature_dim": 320,
  "packet_count": null,
  "train_packet_count": null,
  "validation_packet_count": 2048,
  "mean_packet_bytes": null,
  "max_packet_bytes": null,
  "min_packet_bytes": null,
  "bytes_seen": 458752,
  "config": {
    "d_model": 32,
    "n_modes": 32,
    "n_atoms_max": 64,
    "max_span_bytes": 1,
    "episode_length": 8000,
    "episode_reset": true,
    "atom_flush_every": 64,
    "learning_rate": 5e-05,
    "surface_learning_rate": 0.00012,
    "steps": 8000,
    "start_step": 424000,
    "seed": 20260913,
    "surface_alphabet": 256,
    "field_max_rms": 3.0,
    "energy_decay_bounds": [
      0.3,
      0.95
    ],
    "stream": true,
    "chunk_bytes": 65536,
    "loop_shards": true,
    "stream_buffer": 2048,
    "stream_prefetch": true,
    "stream_skip_packets": 424000,
    "last_atom_readout": true,
    "efference_every": 10,
    "enable_merge": false,
    "payload_copy": false,
    "merge_coherence_threshold": 0.45,
    "merge_energy_floor": 0.08,
    "field_loss_weight": 0.05,
    "field_contrast_weight": 0.0,
    "field_ignorance_weight": 0.08,
    "field_ignorance_ablate_shared": false,
    "field_ignorance_prompt_bank": false,
    "field_obligatory_readout": true,
    "field_obligatory_hard": true,
    "printable_aux_weight": 0.0,
    "field_next_packet_weight": 0.0,
    "slow_every": 1
  },
  "packets_seen": 458752,
  "stream_epoch": 0,
  "train": {
    "steps": 8000,
    "efference_every": 10,
    "efference_steps": 800,
    "start_step": 424000,
    "total_steps": 432000,
    "episode_length": 8000,
    "episode_reset": true,
    "atom_flush_every": 64,
    "elapsed_seconds": 126.6872519919998,
    "transitions_per_second": 63.1476322535214,
    "first_loss": 20.542449951171875,
    "final_loss": 3.121530771255493,
    "final_total_perplexity": 22.681072616903073,
    "finite_losses": true,
    "finite_parameters": true,
    "nan_or_inf": false,
    "field_rms_before_max": 0.2032748907804489,
    "field_rms_after_max": 0.2032748907804489,
    "field_scale_min": 1.0,
    "field_norm_max": 6.504717826843262,
    "field_limited_steps": 0,
    "field_limited_fraction": 0.0,
    "final_dynamics": {
      "coupling_scale": 1.0148390531539917,
      "energy_decay": 0.3151527941226959,
      "phase_sync": 0.30536672472953796,
      "energy_decay_before": 0.3151527941226959,
      "energy_decay_repaired": false,
      "energy_decay_bounds": [
        0.3,
        0.95
      ]
    },
    "final_atoms_before_validation": 61,
    "stream": true,
    "bytes_seen": 458752
  },
  "validation": {
    "transitions": 256,
    "loss": 1.427327937364879,
    "total_perplexity": 4.167548350457188,
    "byte_loss": 1.427327937364879,
    "byte_perplexity": 4.167548350457188,
    "source": "stream_ring"
  },
  "checkpoint": "checkpoints/byte_tick/atom_native_step_432000_d32.pt",
  "reload": {
    "n_atoms": 0,
    "field_norm": 6.446913719177246,
    "time": 88.0003890991211,
    "finite": true
  },
  "generation": {
    "The future of AI is": {
      "temperature": 0.8,
      "top_k": 5,
      "max_length": 20,
      "bytes_hex": "426f6e6e65202020",
      "text": "Bonne   ",
      "reload_text": "Bonne   ",
      "reload_match": true
    },
    "Bonjour, je m'appelle": {
      "temperature": 0.8,
      "top_k": 5,
      "max_length": 20,
      "bytes_hex": "426f6e6e65202020",
      "text": "Bonne   ",
      "reload_text": "Bonne   ",
      "reload_match": true
    },
    "Valkyria Chronicles III is": {
      "temperature": 0.8,
      "top_k": 5,
      "max_length": 20,
      "bytes_hex": "4a65202020202020",
      "text": "Je      ",
      "reload_text": "Je      ",
      "reload_match": true
    }
  }
}
