train lock acquired: /home/user/atom-ai/checkpoints/atom-ai-train.lock (pid=1480)
stream skip: advancing 128000 packet transitions...
stream skip done: packets_seen=131072
resumed weights from checkpoints/byte_tick/atom_native_step_624000_d32_ms1M.pt (recorded step=624000, legacy_surface_migrated=False, span_head_migrated=False)
atomizer pack_mode=linguistic max_span_bytes=1
dynamics on load: energy_decay=0.30016666650772095 -> 0.30016666650772095 (repaired=False, bounds=(0.3, 0.95))
MERGE gates: enable=False coherence_thr=0.450 energy_floor=0.080
field_obligatory_hard=ON hard-v2+ (mix_floor=1.0, freeze bypass, logits=frozen+cap*(α_MLP+payload_prod))
payload_copy=False (train-time copy-bias branch)
last_atom_readout=True (byte-tick 2-gram + dentate)
efference_every=10 (0=off)
optimizer groups: field/other lr=5e-05 (13 tensors), surface lr=0.00012 (25 tensors); energy_decay_bounds=(0.3, 0.95); field_max_rms=3.0
stream mode: 2 shard(s), chunk_bytes=65536, loop_shards=True, stream_buffer=2048, stream_prefetch=True
optimizer restore skipped: surface LR param groups differ from checkpoint
step=0624001 (run 1/8000) loss=5.72632 byte_ppl=306.838 atoms=1 merges=0 field=0.0478 rms=0.0018 scale=1.0000 fcos=nan ign=0.0000 prn=nan nxp=0.000 mph=0.000 bytes=131072 pkts=131072 shard=0
step=0624025 (run 25/8000) loss=0.57211 byte_ppl=1.772 atoms=27 merges=0 field=0.6412 rms=0.0201 scale=1.0000 fcos=nan ign=0.0000 prn=nan nxp=0.000 mph=0.000 bytes=131072 pkts=131072 shard=0
step=0624050 (run 50/8000) loss=3.05233 byte_ppl=21.165 atoms=55 merges=0 field=1.0579 rms=0.0331 scale=1.0000 fcos=nan ign=0.0000 prn=nan nxp=0.000 mph=0.000 bytes=131072 pkts=131072 shard=0
step=0624075 (run 75/8000) loss=0.00066 byte_ppl=1.001 atoms=12 merges=0 field=1.4580 rms=0.0456 scale=1.0000 fcos=nan ign=0.0000 prn=nan nxp=0.000 mph=0.000 bytes=131072 pkts=131072 shard=0
step=0624100 (run 100/8000) loss=0.10424 byte_ppl=1.110 atoms=40 merges=0 field=1.7440 rms=0.0545 scale=1.0000 fcos=nan ign=0.0000 prn=nan nxp=0.000 mph=0.000 bytes=131072 pkts=131072 shard=0
step=0624125 (run 125/8000) loss=0.11212 byte_ppl=1.119 atoms=67 merges=0 field=2.0391 rms=0.0637 scale=1.0000 fcos=nan ign=0.0000 prn=nan nxp=0.000 mph=0.000 bytes=131072 pkts=131072 shard=0
step=0624150 (run 150/8000) loss=8.50269 byte_ppl=4928.014 atoms=25 merges=0 field=2.3250 rms=0.0727 scale=1.0000 fcos=nan ign=0.0000 prn=nan nxp=0.000 mph=0.000 bytes=131072 pkts=131072 shard=0
step=0624175 (run 175/8000) loss=0.00159 byte_ppl=1.002 atoms=52 merges=0 field=2.5862 rms=0.0808 scale=1.0000 fcos=nan ign=0.0000 prn=nan nxp=0.000 mph=0.000 bytes=131072 pkts=131072 shard=0
step=0624200 (run 200/8000) loss=9.87084 byte_ppl=19357.649 atoms=9 merges=0 field=2.7942 rms=0.0873 scale=1.0000 fcos=nan ign=0.0000 prn=nan nxp=0.000 mph=0.000 bytes=131072 pkts=131072 shard=0
step=0624225 (run 225/8000) loss=0.00008 byte_ppl=1.000 atoms=36 merges=0 field=3.0243 rms=0.0945 scale=1.0000 fcos=nan ign=0.0000 prn=nan nxp=0.000 mph=0.000 bytes=131072 pkts=131072 shard=0
step=0624250 (run 250/8000) loss=1.70018 byte_ppl=5.475 atoms=64 merges=0 field=3.2690 rms=0.1022 scale=1.0000 fcos=nan ign=0.0000 prn=nan nxp=0.000 mph=0.000 bytes=131072 pkts=131072 shard=0
step=0624275 (run 275/8000) loss=0.02351 byte_ppl=1.024 atoms=21 merges=0 field=3.4732 rms=0.1085 scale=1.0000 fcos=nan ign=0.0000 prn=nan nxp=0.000 mph=0.000 bytes=131072 pkts=131072 shard=0
step=0624300 (run 300/8000) loss=14.47264 byte_ppl=1929240.917 atoms=49 merges=0 field=3.6963 rms=0.1155 scale=1.0000 fcos=nan ign=0.0000 prn=nan nxp=0.000 mph=0.000 bytes=131072 pkts=131072 shard=0
step=0624325 (run 325/8000) loss=0.00063 byte_ppl=1.001 atoms=5 merges=0 field=3.9257 rms=0.1227 scale=1.0000 fcos=nan ign=0.0000 prn=nan nxp=0.000 mph=0.000 bytes=131072 pkts=131072 shard=0
step=0624350 (run 350/8000) loss=6.42683 byte_ppl=618.208 atoms=33 merges=0 field=4.1232 rms=0.1289 scale=1.0000 fcos=nan ign=0.0000 prn=nan nxp=0.000 mph=0.000 bytes=131072 pkts=131072 shard=0
step=0624375 (run 375/8000) loss=4.20757 byte_ppl=67.193 atoms=60 merges=0 field=4.2906 rms=0.1341 scale=1.0000 fcos=nan ign=0.0000 prn=nan nxp=0.000 mph=0.000 bytes=131072 pkts=131072 shard=0
step=0624400 (run 400/8000) loss=0.04274 byte_ppl=1.044 atoms=18 merges=0 field=4.4924 rms=0.1404 scale=1.0000 fcos=nan ign=0.0000 prn=nan nxp=0.000 mph=0.000 bytes=131072 pkts=131072 shard=0
step=0624425 (run 425/8000) loss=0.13175 byte_ppl=1.141 atoms=45 merges=0 field=4.6144 rms=0.1442 scale=1.0000 fcos=nan ign=0.0000 prn=nan nxp=0.000 mph=0.000 bytes=131072 pkts=131072 shard=0
step=0624450 (run 450/8000) loss=16.19503 byte_ppl=10799672.826 atoms=3 merges=0 field=4.7736 rms=0.1492 scale=1.0000 fcos=nan ign=0.0000 prn=nan nxp=0.000 mph=0.000 bytes=131072 pkts=131072 shard=0
step=0624475 (run 475/8000) loss=2.85372 byte_ppl=17.352 atoms=30 merges=0 field=4.8879 rms=0.1527 scale=1.0000 fcos=nan ign=0.0000 prn=nan nxp=0.000 mph=0.000 bytes=131072 pkts=131072 shard=0
step=0624500 (run 500/8000) loss=0.61700 byte_ppl=1.853 atoms=58 merges=0 field=5.0520 rms=0.1579 scale=1.0000 fcos=nan ign=0.0000 prn=nan nxp=0.000 mph=0.000 bytes=131072 pkts=131072 shard=0
step=0624525 (run 525/8000) loss=0.00094 byte_ppl=1.001 atoms=14 merges=0 field=5.2076 rms=0.1627 scale=1.0000 fcos=nan ign=0.0000 prn=nan nxp=0.000 mph=0.000 bytes=131072 pkts=131072 shard=0
step=0624550 (run 550/8000) loss=0.51184 byte_ppl=1.668 atoms=42 merges=0 field=5.3953 rms=0.1686 scale=1.0000 fcos=nan ign=0.0000 prn=nan nxp=0.000 mph=0.000 bytes=131072 pkts=131072 shard=0
step=0624575 (run 575/8000) loss=0.00019 byte_ppl=1.000 atoms=69 merges=0 field=5.5372 rms=0.1730 scale=1.0000 fcos=nan ign=0.0000 prn=nan nxp=0.000 mph=0.000 bytes=131072 pkts=131072 shard=0
step=0624600 (run 600/8000) loss=6.20665 byte_ppl=496.039 atoms=27 merges=0 field=5.7272 rms=0.1790 scale=1.0000 fcos=nan ign=0.0000 prn=nan nxp=0.000 mph=0.000 bytes=131072 pkts=131072 shard=0
step=0624625 (run 625/8000) loss=2.80573 byte_ppl=16.539 atoms=54 merges=0 field=5.8669 rms=0.1833 scale=1.0000 fcos=nan ign=0.0000 prn=nan nxp=0.000 mph=0.000 bytes=131072 pkts=131072 shard=0
step=0624650 (run 650/8000) loss=0.49043 byte_ppl=1.633 atoms=11 merges=0 field=6.0015 rms=0.1875 scale=1.0000 fcos=nan ign=0.0000 prn=nan nxp=0.000 mph=0.000 bytes=131072 pkts=131072 shard=0
step=0624675 (run 675/8000) loss=2.43354 byte_ppl=11.399 atoms=38 merges=0 field=6.1756 rms=0.1930 scale=1.0000 fcos=nan ign=0.0000 prn=nan nxp=0.000 mph=0.000 bytes=131072 pkts=131072 shard=0
step=0624700 (run 700/8000) loss=0.70236 byte_ppl=2.019 atoms=66 merges=0 field=6.2887 rms=0.1965 scale=1.0000 fcos=nan ign=0.0000 prn=nan nxp=0.000 mph=0.000 bytes=131072 pkts=131072 shard=0
step=0624725 (run 725/8000) loss=0.00059 byte_ppl=1.001 atoms=23 merges=0 field=6.3539 rms=0.1986 scale=1.0000 fcos=nan ign=0.0000 prn=nan nxp=0.000 mph=0.000 bytes=131072 pkts=131072 shard=0
step=0624750 (run 750/8000) loss=2.99035 byte_ppl=19.893 atoms=51 merges=0 field=6.4768 rms=0.2024 scale=1.0000 fcos=nan ign=0.0000 prn=nan nxp=0.000 mph=0.000 bytes=131072 pkts=131072 shard=0
step=0624775 (run 775/8000) loss=1.23166 byte_ppl=3.427 atoms=8 merges=0 field=6.6112 rms=0.2066 scale=1.0000 fcos=nan ign=0.0000 prn=nan nxp=0.000 mph=0.000 bytes=131072 pkts=131072 shard=0
step=0624800 (run 800/8000) loss=3.88366 byte_ppl=48.602 atoms=36 merges=0 field=6.7109 rms=0.2097 scale=1.0000 fcos=nan ign=0.0000 prn=nan nxp=0.000 mph=0.000 bytes=131072 pkts=131072 shard=0
step=0624825 (run 825/8000) loss=0.00017 byte_ppl=1.000 atoms=63 merges=0 field=6.7922 rms=0.2123 scale=1.0000 fcos=nan ign=0.0000 prn=nan nxp=0.000 mph=0.000 bytes=131072 pkts=131072 shard=0
step=0624850 (run 850/8000) loss=6.37733 byte_ppl=588.355 atoms=20 merges=0 field=6.8882 rms=0.2153 scale=1.0000 fcos=nan ign=0.0000 prn=nan nxp=0.000 mph=0.000 bytes=131072 pkts=131072 shard=0
step=0624875 (run 875/8000) loss=0.00065 byte_ppl=1.001 atoms=47 merges=0 field=7.0116 rms=0.2191 scale=1.0000 fcos=nan ign=0.0000 prn=nan nxp=0.000 mph=0.000 bytes=131072 pkts=131072 shard=0
step=0624900 (run 900/8000) loss=0.00295 byte_ppl=1.003 atoms=5 merges=0 field=7.0909 rms=0.2216 scale=1.0000 fcos=nan ign=0.0000 prn=nan nxp=0.000 mph=0.000 bytes=131072 pkts=131072 shard=0
step=0624925 (run 925/8000) loss=2.49442 byte_ppl=12.115 atoms=32 merges=0 field=7.1842 rms=0.2245 scale=1.0000 fcos=nan ign=0.0000 prn=nan nxp=0.000 mph=0.000 bytes=131072 pkts=131072 shard=0
step=0624950 (run 950/8000) loss=7.96442 byte_ppl=2876.767 atoms=60 merges=0 field=7.2885 rms=0.2278 scale=1.0000 fcos=nan ign=0.0000 prn=nan nxp=0.000 mph=0.000 bytes=131072 pkts=131072 shard=0
step=0624975 (run 975/8000) loss=0.06151 byte_ppl=1.063 atoms=16 merges=0 field=7.3888 rms=0.2309 scale=1.0000 fcos=nan ign=0.0000 prn=nan nxp=0.000 mph=0.000 bytes=131072 pkts=131072 shard=0
step=0625000 (run 1000/8000) loss=0.02574 byte_ppl=1.026 atoms=44 merges=0 field=7.4715 rms=0.2335 scale=1.0000 fcos=nan ign=0.0000 prn=nan nxp=0.000 mph=0.000 bytes=131072 pkts=131072 shard=0
step=0625025 (run 1025/8000) loss=1.87115 byte_ppl=6.496 atoms=1 merges=0 field=7.5620 rms=0.2363 scale=1.0000 fcos=nan ign=0.0000 prn=nan nxp=0.000 mph=0.000 bytes=131072 pkts=131072 shard=0
step=0625050 (run 1050/8000) loss=0.18174 byte_ppl=1.199 atoms=29 merges=0 field=7.6484 rms=0.2390 scale=1.0000 fcos=nan ign=0.0000 prn=nan nxp=0.000 mph=0.000 bytes=131072 pkts=131072 shard=0
step=0625075 (run 1075/8000) loss=0.00757 byte_ppl=1.008 atoms=56 merges=0 field=7.7148 rms=0.2411 scale=1.0000 fcos=nan ign=0.0000 prn=nan nxp=0.000 mph=0.000 bytes=131072 pkts=131072 shard=0
step=0625100 (run 1100/8000) loss=4.09836 byte_ppl=60.241 atoms=14 merges=0 field=7.8245 rms=0.2445 scale=1.0000 fcos=nan ign=0.0000 prn=nan nxp=0.000 mph=0.000 bytes=131072 pkts=131072 shard=0
step=0625125 (run 1125/8000) loss=2.89585 byte_ppl=18.099 atoms=41 merges=0 field=7.8988 rms=0.2468 scale=1.0000 fcos=nan ign=0.0000 prn=nan nxp=0.000 mph=0.000 bytes=131072 pkts=131072 shard=0
step=0625150 (run 1150/8000) loss=6.14322 byte_ppl=465.552 atoms=69 merges=0 field=7.9811 rms=0.2494 scale=1.0000 fcos=nan ign=0.0000 prn=nan nxp=0.000 mph=0.000 bytes=131072 pkts=131072 shard=0
step=0625175 (run 1175/8000) loss=0.03598 byte_ppl=1.037 atoms=25 merges=0 field=8.0363 rms=0.2511 scale=1.0000 fcos=nan ign=0.0000 prn=nan nxp=0.000 mph=0.000 bytes=131072 pkts=131072 shard=0
step=0625200 (run 1200/8000) loss=0.00026 byte_ppl=1.000 atoms=53 merges=0 field=8.1222 rms=0.2538 scale=1.0000 fcos=nan ign=0.0000 prn=nan nxp=0.000 mph=0.000 bytes=131072 pkts=131072 shard=0
step=0625225 (run 1225/8000) loss=0.00876 byte_ppl=1.009 atoms=10 merges=0 field=8.2049 rms=0.2564 scale=1.0000 fcos=nan ign=0.0000 prn=nan nxp=0.000 mph=0.000 bytes=131072 pkts=131072 shard=0
step=0625250 (run 1250/8000) loss=6.68234 byte_ppl=798.188 atoms=38 merges=0 field=8.2836 rms=0.2589 scale=1.0000 fcos=nan ign=0.0000 prn=nan nxp=0.000 mph=0.000 bytes=131072 pkts=131072 shard=0
step=0625275 (run 1275/8000) loss=0.00649 byte_ppl=1.007 atoms=65 merges=0 field=8.3789 rms=0.2618 scale=1.0000 fcos=nan ign=0.0000 prn=nan nxp=0.000 mph=0.000 bytes=131072 pkts=131072 shard=0
step=0625300 (run 1300/8000) loss=8.11863 byte_ppl=3356.417 atoms=22 merges=0 field=8.3943 rms=0.2623 scale=1.0000 fcos=nan ign=0.0000 prn=nan nxp=0.000 mph=0.000 bytes=131072 pkts=131072 shard=0
step=0625325 (run 1325/8000) loss=0.00039 byte_ppl=1.000 atoms=49 merges=0 field=8.4809 rms=0.2650 scale=1.0000 fcos=nan ign=0.0000 prn=nan nxp=0.000 mph=0.000 bytes=131072 pkts=131072 shard=0
step=0625350 (run 1350/8000) loss=0.79747 byte_ppl=2.220 atoms=7 merges=0 field=8.5392 rms=0.2669 scale=1.0000 fcos=nan ign=0.0000 prn=nan nxp=0.000 mph=0.000 bytes=131072 pkts=131072 shard=0
step=0625375 (run 1375/8000) loss=4.65031 byte_ppl=104.617 atoms=34 merges=0 field=8.5641 rms=0.2676 scale=1.0000 fcos=nan ign=0.0000 prn=nan nxp=0.000 mph=0.000 bytes=131072 pkts=131072 shard=0
step=0625400 (run 1400/8000) loss=9.22072 byte_ppl=10104.359 atoms=62 merges=0 field=8.5833 rms=0.2682 scale=1.0000 fcos=nan ign=0.0000 prn=nan nxp=0.000 mph=0.000 bytes=131072 pkts=131072 shard=0
step=0625425 (run 1425/8000) loss=0.00599 byte_ppl=1.006 atoms=19 merges=0 field=8.6614 rms=0.2707 scale=1.0000 fcos=nan ign=0.0000 prn=nan nxp=0.000 mph=0.000 bytes=131072 pkts=131072 shard=0
step=0625450 (run 1450/8000) loss=6.07817 byte_ppl=436.229 atoms=47 merges=0 field=8.7055 rms=0.2721 scale=1.0000 fcos=nan ign=0.0000 prn=nan nxp=0.000 mph=0.000 bytes=131072 pkts=131072 shard=0
step=0625475 (run 1475/8000) loss=0.00012 byte_ppl=1.000 atoms=3 merges=0 field=8.7407 rms=0.2731 scale=1.0000 fcos=nan ign=0.0000 prn=nan nxp=0.000 mph=0.000 bytes=131072 pkts=131072 shard=0
step=0625500 (run 1500/8000) loss=3.75835 byte_ppl=42.877 atoms=31 merges=0 field=8.8158 rms=0.2755 scale=1.0000 fcos=nan ign=0.0000 prn=nan nxp=0.000 mph=0.000 bytes=131072 pkts=131072 shard=0
step=0625525 (run 1525/8000) loss=0.02490 byte_ppl=1.025 atoms=58 merges=0 field=8.8836 rms=0.2776 scale=1.0000 fcos=nan ign=0.0000 prn=nan nxp=0.000 mph=0.000 bytes=131072 pkts=131072 shard=0
step=0625550 (run 1550/8000) loss=3.75054 byte_ppl=42.544 atoms=16 merges=0 field=8.8886 rms=0.2778 scale=1.0000 fcos=nan ign=0.0000 prn=nan nxp=0.000 mph=0.000 bytes=131072 pkts=131072 shard=0
step=0625575 (run 1575/8000) loss=0.00069 byte_ppl=1.001 atoms=43 merges=0 field=8.9734 rms=0.2804 scale=1.0000 fcos=nan ign=0.0000 prn=nan nxp=0.000 mph=0.000 bytes=131072 pkts=131072 shard=0
step=0625600 (run 1600/8000) loss=0.01272 byte_ppl=1.013 atoms=71 merges=0 field=8.9944 rms=0.2811 scale=1.0000 fcos=nan ign=0.0000 prn=nan nxp=0.000 mph=0.000 bytes=131072 pkts=131072 shard=0
step=0625625 (run 1625/8000) loss=0.00119 byte_ppl=1.001 atoms=27 merges=0 field=9.0337 rms=0.2823 scale=1.0000 fcos=nan ign=0.0000 prn=nan nxp=0.000 mph=0.000 bytes=131072 pkts=131072 shard=0
step=0625650 (run 1650/8000) loss=0.28342 byte_ppl=1.328 atoms=55 merges=0 field=9.1153 rms=0.2849 scale=1.0000 fcos=nan ign=0.0000 prn=nan nxp=0.000 mph=0.000 bytes=131072 pkts=131072 shard=0
step=0625675 (run 1675/8000) loss=1.38875 byte_ppl=4.010 atoms=12 merges=0 field=9.1245 rms=0.2851 scale=1.0000 fcos=nan ign=0.0000 prn=nan nxp=0.000 mph=0.000 bytes=131072 pkts=131072 shard=0
step=0625700 (run 1700/8000) loss=0.35733 byte_ppl=1.430 atoms=40 merges=0 field=9.1688 rms=0.2865 scale=1.0000 fcos=nan ign=0.0000 prn=nan nxp=0.000 mph=0.000 bytes=131072 pkts=131072 shard=0
step=0625725 (run 1725/8000) loss=0.00060 byte_ppl=1.001 atoms=67 merges=0 field=9.2572 rms=0.2893 scale=1.0000 fcos=nan ign=0.0000 prn=nan nxp=0.000 mph=0.000 bytes=131072 pkts=131072 shard=0
step=0625750 (run 1750/8000) loss=7.64236 byte_ppl=2084.651 atoms=25 merges=0 field=9.2572 rms=0.2893 scale=1.0000 fcos=nan ign=0.0000 prn=nan nxp=0.000 mph=0.000 bytes=131072 pkts=131072 shard=0
step=0625775 (run 1775/8000) loss=1.17191 byte_ppl=3.228 atoms=52 merges=0 field=9.2906 rms=0.2903 scale=1.0000 fcos=nan ign=0.0000 prn=nan nxp=0.000 mph=0.000 bytes=131072 pkts=131072 shard=0
step=0625800 (run 1800/8000) loss=0.00808 byte_ppl=1.008 atoms=9 merges=0 field=9.3233 rms=0.2914 scale=1.0000 fcos=nan ign=0.0000 prn=nan nxp=0.000 mph=0.000 bytes=131072 pkts=131072 shard=0
step=0625825 (run 1825/8000) loss=2.70478 byte_ppl=14.951 atoms=36 merges=0 field=9.2691 rms=0.2897 scale=1.0000 fcos=nan ign=0.0000 prn=nan nxp=0.000 mph=0.000 bytes=131072 pkts=131072 shard=0
step=0625850 (run 1850/8000) loss=3.31648 byte_ppl=27.563 atoms=64 merges=0 field=9.3088 rms=0.2909 scale=1.0000 fcos=nan ign=0.0000 prn=nan nxp=0.000 mph=0.000 bytes=131072 pkts=131072 shard=0
step=0625875 (run 1875/8000) loss=0.00667 byte_ppl=1.007 atoms=21 merges=0 field=9.3589 rms=0.2925 scale=1.0000 fcos=nan ign=0.0000 prn=nan nxp=0.000 mph=0.000 bytes=131072 pkts=131072 shard=0
step=0625900 (run 1900/8000) loss=4.18055 byte_ppl=65.402 atoms=49 merges=0 field=9.4175 rms=0.2943 scale=1.0000 fcos=nan ign=0.0000 prn=nan nxp=0.000 mph=0.000 bytes=131072 pkts=131072 shard=0
step=0625925 (run 1925/8000) loss=1.32416 byte_ppl=3.759 atoms=5 merges=0 field=9.4648 rms=0.2958 scale=1.0000 fcos=nan ign=0.0000 prn=nan nxp=0.000 mph=0.000 bytes=131072 pkts=131072 shard=0
step=0625950 (run 1950/8000) loss=3.67681 byte_ppl=39.520 atoms=33 merges=0 field=9.5005 rms=0.2969 scale=1.0000 fcos=nan ign=0.0000 prn=nan nxp=0.000 mph=0.000 bytes=131072 pkts=131072 shard=0
step=0625975 (run 1975/8000) loss=0.00363 byte_ppl=1.004 atoms=60 merges=0 field=9.5466 rms=0.2983 scale=1.0000 fcos=nan ign=0.0000 prn=nan nxp=0.000 mph=0.000 bytes=131072 pkts=131072 shard=0
step=0626000 (run 2000/8000) loss=15.59504 byte_ppl=5927085.596 atoms=18 merges=0 field=9.5708 rms=0.2991 scale=1.0000 fcos=nan ign=0.0000 prn=nan nxp=0.000 mph=0.000 bytes=131072 pkts=131072 shard=0
step=0626025 (run 2025/8000) loss=0.01593 byte_ppl=1.016 atoms=45 merges=0 field=9.6054 rms=0.3002 scale=1.0000 fcos=nan ign=0.0000 prn=nan nxp=0.000 mph=0.000 bytes=131072 pkts=131072 shard=0
step=0626050 (run 2050/8000) loss=4.54179 byte_ppl=93.859 atoms=3 merges=0 field=9.6879 rms=0.3027 scale=1.0000 fcos=nan ign=0.0000 prn=nan nxp=0.000 mph=0.000 bytes=131072 pkts=131072 shard=0
step=0626075 (run 2075/8000) loss=0.00713 byte_ppl=1.007 atoms=30 merges=0 field=9.7193 rms=0.3037 scale=1.0000 fcos=nan ign=0.0000 prn=nan nxp=0.000 mph=0.000 bytes=131072 pkts=131072 shard=0
step=0626100 (run 2100/8000) loss=4.10827 byte_ppl=60.841 atoms=58 merges=0 field=9.7241 rms=0.3039 scale=1.0000 fcos=nan ign=0.0000 prn=nan nxp=0.000 mph=0.000 bytes=131072 pkts=131072 shard=0
step=0626125 (run 2125/8000) loss=0.00119 byte_ppl=1.001 atoms=14 merges=0 field=9.7709 rms=0.3053 scale=1.0000 fcos=nan ign=0.0000 prn=nan nxp=0.000 mph=0.000 bytes=131072 pkts=131072 shard=0
step=0626150 (run 2150/8000) loss=2.81858 byte_ppl=16.753 atoms=42 merges=0 field=9.7856 rms=0.3058 scale=1.0000 fcos=nan ign=0.0000 prn=nan nxp=0.000 mph=0.000 bytes=131072 pkts=131072 shard=0
step=0626175 (run 2175/8000) loss=0.00136 byte_ppl=1.001 atoms=69 merges=0 field=9.8088 rms=0.3065 scale=1.0000 fcos=nan ign=0.0000 prn=nan nxp=0.000 mph=0.000 bytes=131072 pkts=131072 shard=0
step=0626200 (run 2200/8000) loss=4.79912 byte_ppl=121.403 atoms=27 merges=0 field=9.8277 rms=0.3071 scale=1.0000 fcos=nan ign=0.0000 prn=nan nxp=0.000 mph=0.000 bytes=131072 pkts=131072 shard=0
step=0626225 (run 2225/8000) loss=0.01977 byte_ppl=1.020 atoms=54 merges=0 field=9.8392 rms=0.3075 scale=1.0000 fcos=nan ign=0.0000 prn=nan nxp=0.000 mph=0.000 bytes=131072 pkts=131072 shard=0
step=0626250 (run 2250/8000) loss=4.76708 byte_ppl=117.575 atoms=11 merges=0 field=9.8230 rms=0.3070 scale=1.0000 fcos=nan ign=0.0000 prn=nan nxp=0.000 mph=0.000 bytes=131072 pkts=131072 shard=0
step=0626275 (run 2275/8000) loss=4.02686 byte_ppl=56.085 atoms=38 merges=0 field=9.8484 rms=0.3078 scale=1.0000 fcos=nan ign=0.0000 prn=nan nxp=0.000 mph=0.000 bytes=131072 pkts=131072 shard=0
step=0626300 (run 2300/8000) loss=4.66974 byte_ppl=106.670 atoms=66 merges=0 field=9.8739 rms=0.3086 scale=1.0000 fcos=nan ign=0.0000 prn=nan nxp=0.000 mph=0.000 bytes=131072 pkts=131072 shard=0
step=0626325 (run 2325/8000) loss=0.00134 byte_ppl=1.001 atoms=23 merges=0 field=9.9588 rms=0.3112 scale=1.0000 fcos=nan ign=0.0000 prn=nan nxp=0.000 mph=0.000 bytes=131072 pkts=131072 shard=0
step=0626350 (run 2350/8000) loss=22.29902 byte_ppl=4834362205.555 atoms=51 merges=0 field=9.9895 rms=0.3122 scale=1.0000 fcos=nan ign=0.0000 prn=nan nxp=0.000 mph=0.000 bytes=131072 pkts=131072 shard=0
step=0626375 (run 2375/8000) loss=0.00124 byte_ppl=1.001 atoms=8 merges=0 field=9.9812 rms=0.3119 scale=1.0000 fcos=nan ign=0.0000 prn=nan nxp=0.000 mph=0.000 bytes=131072 pkts=131072 shard=0
step=0626400 (run 2400/8000) loss=0.03800 byte_ppl=1.039 atoms=36 merges=0 field=10.0602 rms=0.3144 scale=1.0000 fcos=nan ign=0.0000 prn=nan nxp=0.000 mph=0.000 bytes=131072 pkts=131072 shard=0
step=0626425 (run 2425/8000) loss=0.01101 byte_ppl=1.011 atoms=63 merges=0 field=10.0841 rms=0.3151 scale=1.0000 fcos=nan ign=0.0000 prn=nan nxp=0.000 mph=0.000 bytes=131072 pkts=131072 shard=0
step=0626450 (run 2450/8000) loss=0.12522 byte_ppl=1.133 atoms=20 merges=0 field=10.0944 rms=0.3155 scale=1.0000 fcos=nan ign=0.0000 prn=nan nxp=0.000 mph=0.000 bytes=131072 pkts=131072 shard=0
step=0626475 (run 2475/8000) loss=0.00044 byte_ppl=1.000 atoms=47 merges=0 field=10.1001 rms=0.3156 scale=1.0000 fcos=nan ign=0.0000 prn=nan nxp=0.000 mph=0.000 bytes=131072 pkts=131072 shard=0
step=0626500 (run 2500/8000) loss=1.22585 byte_ppl=3.407 atoms=5 merges=0 field=10.1185 rms=0.3162 scale=1.0000 fcos=nan ign=0.0000 prn=nan nxp=0.000 mph=0.000 bytes=131072 pkts=131072 shard=0
step=0626525 (run 2525/8000) loss=2.99812 byte_ppl=20.048 atoms=32 merges=0 field=10.1345 rms=0.3167 scale=1.0000 fcos=nan ign=0.0000 prn=nan nxp=0.000 mph=0.000 bytes=131072 pkts=131072 shard=0
step=0626550 (run 2550/8000) loss=6.18482 byte_ppl=485.326 atoms=60 merges=0 field=10.1921 rms=0.3185 scale=1.0000 fcos=nan ign=0.0000 prn=nan nxp=0.000 mph=0.000 bytes=131072 pkts=131072 shard=0
step=0626575 (run 2575/8000) loss=0.00278 byte_ppl=1.003 atoms=16 merges=0 field=10.1942 rms=0.3186 scale=1.0000 fcos=nan ign=0.0000 prn=nan nxp=0.000 mph=0.000 bytes=131072 pkts=131072 shard=0
step=0626600 (run 2600/8000) loss=7.67025 byte_ppl=2143.610 atoms=44 merges=0 field=10.1942 rms=0.3186 scale=1.0000 fcos=nan ign=0.0000 prn=nan nxp=0.000 mph=0.000 bytes=131072 pkts=131072 shard=0
step=0626625 (run 2625/8000) loss=0.07085 byte_ppl=1.073 atoms=1 merges=0 field=10.2172 rms=0.3193 scale=1.0000 fcos=nan ign=0.0000 prn=nan nxp=0.000 mph=0.000 bytes=131072 pkts=131072 shard=0
step=0626650 (run 2650/8000) loss=2.65064 byte_ppl=14.163 atoms=29 merges=0 field=10.2525 rms=0.3204 scale=1.0000 fcos=nan ign=0.0000 prn=nan nxp=0.000 mph=0.000 bytes=131072 pkts=131072 shard=0
step=0626675 (run 2675/8000) loss=3.56981 byte_ppl=35.510 atoms=56 merges=0 field=10.2637 rms=0.3207 scale=1.0000 fcos=nan ign=0.0000 prn=nan nxp=0.000 mph=0.000 bytes=131072 pkts=131072 shard=0
step=0626700 (run 2700/8000) loss=11.74364 byte_ppl=125950.198 atoms=14 merges=0 field=10.2902 rms=0.3216 scale=1.0000 fcos=nan ign=0.0000 prn=nan nxp=0.000 mph=0.000 bytes=131072 pkts=131072 shard=0
step=0626725 (run 2725/8000) loss=0.00028 byte_ppl=1.000 atoms=41 merges=0 field=10.3480 rms=0.3234 scale=1.0000 fcos=nan ign=0.0000 prn=nan nxp=0.000 mph=0.000 bytes=131072 pkts=131072 shard=0
step=0626750 (run 2750/8000) loss=0.01432 byte_ppl=1.014 atoms=69 merges=0 field=10.3200 rms=0.3225 scale=1.0000 fcos=nan ign=0.0000 prn=nan nxp=0.000 mph=0.000 bytes=131072 pkts=131072 shard=0
step=0626775 (run 2775/8000) loss=0.00057 byte_ppl=1.001 atoms=25 merges=0 field=10.3474 rms=0.3234 scale=1.0000 fcos=nan ign=0.0000 prn=nan nxp=0.000 mph=0.000 bytes=131072 pkts=131072 shard=0
step=0626800 (run 2800/8000) loss=3.92671 byte_ppl=50.740 atoms=53 merges=0 field=10.3893 rms=0.3247 scale=1.0000 fcos=nan ign=0.0000 prn=nan nxp=0.000 mph=0.000 bytes=131072 pkts=131072 shard=0
step=0626825 (run 2825/8000) loss=1.61322 byte_ppl=5.019 atoms=10 merges=0 field=10.3788 rms=0.3243 scale=1.0000 fcos=nan ign=0.0000 prn=nan nxp=0.000 mph=0.000 bytes=131072 pkts=131072 shard=0
step=0626850 (run 2850/8000) loss=15.61953 byte_ppl=6074028.308 atoms=38 merges=0 field=10.3791 rms=0.3243 scale=1.0000 fcos=nan ign=0.0000 prn=nan nxp=0.000 mph=0.000 bytes=131072 pkts=131072 shard=0
step=0626875 (run 2875/8000) loss=0.00019 byte_ppl=1.000 atoms=65 merges=0 field=10.3663 rms=0.3239 scale=1.0000 fcos=nan ign=0.0000 prn=nan nxp=0.000 mph=0.000 bytes=131072 pkts=131072 shard=0
step=0626900 (run 2900/8000) loss=1.97822 byte_ppl=7.230 atoms=22 merges=0 field=10.3428 rms=0.3232 scale=1.0000 fcos=nan ign=0.0000 prn=nan nxp=0.000 mph=0.000 bytes=131072 pkts=131072 shard=0
step=0626925 (run 2925/8000) loss=3.91918 byte_ppl=50.359 atoms=49 merges=0 field=10.3179 rms=0.3224 scale=1.0000 fcos=nan ign=0.0000 prn=nan nxp=0.000 mph=0.000 bytes=131072 pkts=131072 shard=0
step=0626950 (run 2950/8000) loss=2.27035 byte_ppl=9.683 atoms=7 merges=0 field=10.3493 rms=0.3234 scale=1.0000 fcos=nan ign=0.0000 prn=nan nxp=0.000 mph=0.000 bytes=131072 pkts=131072 shard=0
step=0626975 (run 2975/8000) loss=0.00050 byte_ppl=1.000 atoms=34 merges=0 field=10.3525 rms=0.3235 scale=1.0000 fcos=nan ign=0.0000 prn=nan nxp=0.000 mph=0.000 bytes=131072 pkts=131072 shard=0
step=0627000 (run 3000/8000) loss=1.36738 byte_ppl=3.925 atoms=62 merges=0 field=10.3516 rms=0.3235 scale=1.0000 fcos=nan ign=0.0000 prn=nan nxp=0.000 mph=0.000 bytes=131072 pkts=131072 shard=0
step=0627025 (run 3025/8000) loss=0.01578 byte_ppl=1.016 atoms=19 merges=0 field=10.3836 rms=0.3245 scale=1.0000 fcos=nan ign=0.0000 prn=nan nxp=0.000 mph=0.000 bytes=131072 pkts=131072 shard=0
step=0627050 (run 3050/8000) loss=0.08589 byte_ppl=1.090 atoms=47 merges=0 field=10.3872 rms=0.3246 scale=1.0000 fcos=nan ign=0.0000 prn=nan nxp=0.000 mph=0.000 bytes=131072 pkts=131072 shard=0
step=0627075 (run 3075/8000) loss=0.00078 byte_ppl=1.001 atoms=3 merges=0 field=10.3953 rms=0.3249 scale=1.0000 fcos=nan ign=0.0000 prn=nan nxp=0.000 mph=0.000 bytes=196608 pkts=196608 shard=0
step=0627100 (run 3100/8000) loss=8.28456 byte_ppl=3962.237 atoms=31 merges=0 field=10.3425 rms=0.3232 scale=1.0000 fcos=nan ign=0.0000 prn=nan nxp=0.000 mph=0.000 bytes=196608 pkts=196608 shard=0
step=0627125 (run 3125/8000) loss=0.00020 byte_ppl=1.000 atoms=58 merges=0 field=10.3486 rms=0.3234 scale=1.0000 fcos=nan ign=0.0000 prn=nan nxp=0.000 mph=0.000 bytes=196608 pkts=196608 shard=0
step=0627150 (run 3150/8000) loss=6.13865 byte_ppl=463.429 atoms=16 merges=0 field=10.4004 rms=0.3250 scale=1.0000 fcos=nan ign=0.0000 prn=nan nxp=0.000 mph=0.000 bytes=196608 pkts=196608 shard=0
step=0627175 (run 3175/8000) loss=0.05274 byte_ppl=1.054 atoms=43 merges=0 field=10.4626 rms=0.3270 scale=1.0000 fcos=nan ign=0.0000 prn=nan nxp=0.000 mph=0.000 bytes=196608 pkts=196608 shard=0
step=0627200 (run 3200/8000) loss=3.83855 byte_ppl=46.458 atoms=71 merges=0 field=10.4005 rms=0.3250 scale=1.0000 fcos=nan ign=0.0000 prn=nan nxp=0.000 mph=0.000 bytes=196608 pkts=196608 shard=0
step=0627225 (run 3225/8000) loss=0.00687 byte_ppl=1.007 atoms=27 merges=0 field=10.3963 rms=0.3249 scale=1.0000 fcos=nan ign=0.0000 prn=nan nxp=0.000 mph=0.000 bytes=196608 pkts=196608 shard=0
step=0627250 (run 3250/8000) loss=6.75510 byte_ppl=858.429 atoms=55 merges=0 field=10.4270 rms=0.3258 scale=1.0000 fcos=nan ign=0.0000 prn=nan nxp=0.000 mph=0.000 bytes=196608 pkts=196608 shard=0
step=0627275 (run 3275/8000) loss=0.02281 byte_ppl=1.023 atoms=12 merges=0 field=10.4178 rms=0.3256 scale=1.0000 fcos=nan ign=0.0000 prn=nan nxp=0.000 mph=0.000 bytes=196608 pkts=196608 shard=0
step=0627300 (run 3300/8000) loss=2.53822 byte_ppl=12.657 atoms=40 merges=0 field=10.4562 rms=0.3268 scale=1.0000 fcos=nan ign=0.0000 prn=nan nxp=0.000 mph=0.000 bytes=196608 pkts=196608 shard=0
step=0627325 (run 3325/8000) loss=14.97923 byte_ppl=3201810.747 atoms=67 merges=0 field=10.4112 rms=0.3254 scale=1.0000 fcos=nan ign=0.0000 prn=nan nxp=0.000 mph=0.000 bytes=196608 pkts=196608 shard=0
step=0627350 (run 3350/8000) loss=7.31593 byte_ppl=1504.065 atoms=25 merges=0 field=10.3976 rms=0.3249 scale=1.0000 fcos=nan ign=0.0000 prn=nan nxp=0.000 mph=0.000 bytes=196608 pkts=196608 shard=0
step=0627375 (run 3375/8000) loss=0.90498 byte_ppl=2.472 atoms=52 merges=0 field=10.4109 rms=0.3253 scale=1.0000 fcos=nan ign=0.0000 prn=nan nxp=0.000 mph=0.000 bytes=196608 pkts=196608 shard=0
step=0627400 (run 3400/8000) loss=6.57625 byte_ppl=717.845 atoms=9 merges=0 field=10.3882 rms=0.3246 scale=1.0000 fcos=nan ign=0.0000 prn=nan nxp=0.000 mph=0.000 bytes=196608 pkts=196608 shard=0
step=0627425 (run 3425/8000) loss=0.00218 byte_ppl=1.002 atoms=36 merges=0 field=10.3946 rms=0.3248 scale=1.0000 fcos=nan ign=0.0000 prn=nan nxp=0.000 mph=0.000 bytes=196608 pkts=196608 shard=0
step=0627450 (run 3450/8000) loss=0.00014 byte_ppl=1.000 atoms=64 merges=0 field=10.3882 rms=0.3246 scale=1.0000 fcos=nan ign=0.0000 prn=nan nxp=0.000 mph=0.000 bytes=196608 pkts=196608 shard=0
step=0627475 (run 3475/8000) loss=0.00788 byte_ppl=1.008 atoms=21 merges=0 field=10.4095 rms=0.3253 scale=1.0000 fcos=nan ign=0.0000 prn=nan nxp=0.000 mph=0.000 bytes=196608 pkts=196608 shard=0
step=0627500 (run 3500/8000) loss=5.59241 byte_ppl=268.381 atoms=49 merges=0 field=10.4224 rms=0.3257 scale=1.0000 fcos=nan ign=0.0000 prn=nan nxp=0.000 mph=0.000 bytes=196608 pkts=196608 shard=0
step=0627525 (run 3525/8000) loss=2.07556 byte_ppl=7.969 atoms=5 merges=0 field=10.3837 rms=0.3245 scale=1.0000 fcos=nan ign=0.0000 prn=nan nxp=0.000 mph=0.000 bytes=196608 pkts=196608 shard=0
step=0627550 (run 3550/8000) loss=0.05126 byte_ppl=1.053 atoms=33 merges=0 field=10.3880 rms=0.3246 scale=1.0000 fcos=nan ign=0.0000 prn=nan nxp=0.000 mph=0.000 bytes=196608 pkts=196608 shard=0
step=0627575 (run 3575/8000) loss=0.00334 byte_ppl=1.003 atoms=60 merges=0 field=10.4230 rms=0.3257 scale=1.0000 fcos=nan ign=0.0000 prn=nan nxp=0.000 mph=0.000 bytes=196608 pkts=196608 shard=0
step=0627600 (run 3600/8000) loss=7.42677 byte_ppl=1680.375 atoms=18 merges=0 field=10.4293 rms=0.3259 scale=1.0000 fcos=nan ign=0.0000 prn=nan nxp=0.000 mph=0.000 bytes=196608 pkts=196608 shard=0
step=0627625 (run 3625/8000) loss=11.50625 byte_ppl=99334.620 atoms=45 merges=0 field=10.4031 rms=0.3251 scale=1.0000 fcos=nan ign=0.0000 prn=nan nxp=0.000 mph=0.000 bytes=196608 pkts=196608 shard=0
step=0627650 (run 3650/8000) loss=5.05451 byte_ppl=156.728 atoms=3 merges=0 field=10.3888 rms=0.3247 scale=1.0000 fcos=nan ign=0.0000 prn=nan nxp=0.000 mph=0.000 bytes=196608 pkts=196608 shard=0
step=0627675 (run 3675/8000) loss=0.00080 byte_ppl=1.001 atoms=30 merges=0 field=10.4339 rms=0.3261 scale=1.0000 fcos=nan ign=0.0000 prn=nan nxp=0.000 mph=0.000 bytes=196608 pkts=196608 shard=0
step=0627700 (run 3700/8000) loss=2.17786 byte_ppl=8.827 atoms=58 merges=0 field=10.4782 rms=0.3274 scale=1.0000 fcos=nan ign=0.0000 prn=nan nxp=0.000 mph=0.000 bytes=196608 pkts=196608 shard=0
step=0627725 (run 3725/8000) loss=0.00514 byte_ppl=1.005 atoms=14 merges=0 field=10.4308 rms=0.3260 scale=1.0000 fcos=nan ign=0.0000 prn=nan nxp=0.000 mph=0.000 bytes=196608 pkts=196608 shard=0
step=0627750 (run 3750/8000) loss=5.57475 byte_ppl=263.685 atoms=42 merges=0 field=10.4509 rms=0.3266 scale=1.0000 fcos=nan ign=0.0000 prn=nan nxp=0.000 mph=0.000 bytes=196608 pkts=196608 shard=0
step=0627775 (run 3775/8000) loss=8.25307 byte_ppl=3839.413 atoms=69 merges=0 field=10.4687 rms=0.3271 scale=1.0000 fcos=nan ign=0.0000 prn=nan nxp=0.000 mph=0.000 bytes=196608 pkts=196608 shard=0
step=0627800 (run 3800/8000) loss=0.00326 byte_ppl=1.003 atoms=27 merges=0 field=10.4787 rms=0.3275 scale=1.0000 fcos=nan ign=0.0000 prn=nan nxp=0.000 mph=0.000 bytes=196608 pkts=196608 shard=0
step=0627825 (run 3825/8000) loss=2.63966 byte_ppl=14.008 atoms=54 merges=0 field=10.5028 rms=0.3282 scale=1.0000 fcos=nan ign=0.0000 prn=nan nxp=0.000 mph=0.000 bytes=196608 pkts=196608 shard=0
step=0627850 (run 3850/8000) loss=9.71275 byte_ppl=16526.964 atoms=11 merges=0 field=10.4826 rms=0.3276 scale=1.0000 fcos=nan ign=0.0000 prn=nan nxp=0.000 mph=0.000 bytes=196608 pkts=196608 shard=0
step=0627875 (run 3875/8000) loss=0.10740 byte_ppl=1.113 atoms=38 merges=0 field=10.4722 rms=0.3273 scale=1.0000 fcos=nan ign=0.0000 prn=nan nxp=0.000 mph=0.000 bytes=196608 pkts=196608 shard=0
step=0627900 (run 3900/8000) loss=3.47636 byte_ppl=32.342 atoms=66 merges=0 field=10.4800 rms=0.3275 scale=1.0000 fcos=nan ign=0.0000 prn=nan nxp=0.000 mph=0.000 bytes=196608 pkts=196608 shard=0
step=0627925 (run 3925/8000) loss=0.00224 byte_ppl=1.002 atoms=23 merges=0 field=10.5225 rms=0.3288 scale=1.0000 fcos=nan ign=0.0000 prn=nan nxp=0.000 mph=0.000 bytes=196608 pkts=196608 shard=0
step=0627950 (run 3950/8000) loss=0.08613 byte_ppl=1.090 atoms=51 merges=0 field=10.4924 rms=0.3279 scale=1.0000 fcos=nan ign=0.0000 prn=nan nxp=0.000 mph=0.000 bytes=196608 pkts=196608 shard=0
step=0627975 (run 3975/8000) loss=0.00109 byte_ppl=1.001 atoms=8 merges=0 field=10.5375 rms=0.3293 scale=1.0000 fcos=nan ign=0.0000 prn=nan nxp=0.000 mph=0.000 bytes=196608 pkts=196608 shard=0
step=0628000 (run 4000/8000) loss=0.06013 byte_ppl=1.062 atoms=36 merges=0 field=10.5620 rms=0.3301 scale=1.0000 fcos=nan ign=0.0000 prn=nan nxp=0.000 mph=0.000 bytes=196608 pkts=196608 shard=0
step=0628025 (run 4025/8000) loss=0.00684 byte_ppl=1.007 atoms=63 merges=0 field=10.5457 rms=0.3296 scale=1.0000 fcos=nan ign=0.0000 prn=nan nxp=0.000 mph=0.000 bytes=196608 pkts=196608 shard=0
step=0628050 (run 4050/8000) loss=0.02808 byte_ppl=1.028 atoms=20 merges=0 field=10.5723 rms=0.3304 scale=1.0000 fcos=nan ign=0.0000 prn=nan nxp=0.000 mph=0.000 bytes=196608 pkts=196608 shard=0
step=0628075 (run 4075/8000) loss=0.00130 byte_ppl=1.001 atoms=47 merges=0 field=10.5693 rms=0.3303 scale=1.0000 fcos=nan ign=0.0000 prn=nan nxp=0.000 mph=0.000 bytes=196608 pkts=196608 shard=0
step=0628100 (run 4100/8000) loss=1.39275 byte_ppl=4.026 atoms=5 merges=0 field=10.5272 rms=0.3290 scale=1.0000 fcos=nan ign=0.0000 prn=nan nxp=0.000 mph=0.000 bytes=196608 pkts=196608 shard=0
step=0628125 (run 4125/8000) loss=0.00016 byte_ppl=1.000 atoms=32 merges=0 field=10.5678 rms=0.3302 scale=1.0000 fcos=nan ign=0.0000 prn=nan nxp=0.000 mph=0.000 bytes=196608 pkts=196608 shard=0
step=0628150 (run 4150/8000) loss=4.29930 byte_ppl=73.648 atoms=60 merges=0 field=10.6092 rms=0.3315 scale=1.0000 fcos=nan ign=0.0000 prn=nan nxp=0.000 mph=0.000 bytes=196608 pkts=196608 shard=0
step=0628175 (run 4175/8000) loss=6.11165 byte_ppl=451.082 atoms=16 merges=0 field=10.5320 rms=0.3291 scale=1.0000 fcos=nan ign=0.0000 prn=nan nxp=0.000 mph=0.000 bytes=196608 pkts=196608 shard=0
step=0628200 (run 4200/8000) loss=0.66514 byte_ppl=1.945 atoms=44 merges=0 field=10.5294 rms=0.3290 scale=1.0000 fcos=nan ign=0.0000 prn=nan nxp=0.000 mph=0.000 bytes=196608 pkts=196608 shard=0
step=0628225 (run 4225/8000) loss=0.03210 byte_ppl=1.033 atoms=1 merges=0 field=10.5284 rms=0.3290 scale=1.0000 fcos=nan ign=0.0000 prn=nan nxp=0.000 mph=0.000 bytes=196608 pkts=196608 shard=0
step=0628250 (run 4250/8000) loss=0.02838 byte_ppl=1.029 atoms=29 merges=0 field=10.4943 rms=0.3279 scale=1.0000 fcos=nan ign=0.0000 prn=nan nxp=0.000 mph=0.000 bytes=196608 pkts=196608 shard=0
step=0628275 (run 4275/8000) loss=0.00059 byte_ppl=1.001 atoms=56 merges=0 field=10.5385 rms=0.3293 scale=1.0000 fcos=nan ign=0.0000 prn=nan nxp=0.000 mph=0.000 bytes=196608 pkts=196608 shard=0
step=0628300 (run 4300/8000) loss=6.95567 byte_ppl=1049.084 atoms=14 merges=0 field=10.5356 rms=0.3292 scale=1.0000 fcos=nan ign=0.0000 prn=nan nxp=0.000 mph=0.000 bytes=196608 pkts=196608 shard=0
step=0628325 (run 4325/8000) loss=0.00231 byte_ppl=1.002 atoms=41 merges=0 field=10.4928 rms=0.3279 scale=1.0000 fcos=nan ign=0.0000 prn=nan nxp=0.000 mph=0.000 bytes=196608 pkts=196608 shard=0
step=0628350 (run 4350/8000) loss=2.65725 byte_ppl=14.257 atoms=69 merges=0 field=10.5354 rms=0.3292 scale=1.0000 fcos=nan ign=0.0000 prn=nan nxp=0.000 mph=0.000 bytes=196608 pkts=196608 shard=0
step=0628375 (run 4375/8000) loss=4.56330 byte_ppl=95.899 atoms=25 merges=0 field=10.5274 rms=0.3290 scale=1.0000 fcos=nan ign=0.0000 prn=nan nxp=0.000 mph=0.000 bytes=196608 pkts=196608 shard=0
step=0628400 (run 4400/8000) loss=0.00002 byte_ppl=1.000 atoms=53 merges=0 field=10.5560 rms=0.3299 scale=1.0000 fcos=nan ign=0.0000 prn=nan nxp=0.000 mph=0.000 bytes=196608 pkts=196608 shard=0
step=0628425 (run 4425/8000) loss=2.00654 byte_ppl=7.438 atoms=10 merges=0 field=10.6187 rms=0.3318 scale=1.0000 fcos=nan ign=0.0000 prn=nan nxp=0.000 mph=0.000 bytes=196608 pkts=196608 shard=0
step=0628450 (run 4450/8000) loss=0.08158 byte_ppl=1.085 atoms=38 merges=0 field=10.6141 rms=0.3317 scale=1.0000 fcos=nan ign=0.0000 prn=nan nxp=0.000 mph=0.000 bytes=196608 pkts=196608 shard=0
step=0628475 (run 4475/8000) loss=0.01042 byte_ppl=1.010 atoms=65 merges=0 field=10.6401 rms=0.3325 scale=1.0000 fcos=nan ign=0.0000 prn=nan nxp=0.000 mph=0.000 bytes=196608 pkts=196608 shard=0
step=0628500 (run 4500/8000) loss=0.05888 byte_ppl=1.061 atoms=22 merges=0 field=10.6941 rms=0.3342 scale=1.0000 fcos=nan ign=0.0000 prn=nan nxp=0.000 mph=0.000 bytes=196608 pkts=196608 shard=0
step=0628525 (run 4525/8000) loss=0.00006 byte_ppl=1.000 atoms=49 merges=0 field=10.6544 rms=0.3330 scale=1.0000 fcos=nan ign=0.0000 prn=nan nxp=0.000 mph=0.000 bytes=196608 pkts=196608 shard=0
step=0628550 (run 4550/8000) loss=5.51715 byte_ppl=248.924 atoms=7 merges=0 field=10.6564 rms=0.3330 scale=1.0000 fcos=nan ign=0.0000 prn=nan nxp=0.000 mph=0.000 bytes=196608 pkts=196608 shard=0
step=0628575 (run 4575/8000) loss=0.00028 byte_ppl=1.000 atoms=34 merges=0 field=10.6683 rms=0.3334 scale=1.0000 fcos=nan ign=0.0000 prn=nan nxp=0.000 mph=0.000 bytes=196608 pkts=196608 shard=0
step=0628600 (run 4600/8000) loss=5.02265 byte_ppl=151.813 atoms=62 merges=0 field=10.6438 rms=0.3326 scale=1.0000 fcos=nan ign=0.0000 prn=nan nxp=0.000 mph=0.000 bytes=196608 pkts=196608 shard=0
step=0628625 (run 4625/8000) loss=0.00062 byte_ppl=1.001 atoms=19 merges=0 field=10.6371 rms=0.3324 scale=1.0000 fcos=nan ign=0.0000 prn=nan nxp=0.000 mph=0.000 bytes=196608 pkts=196608 shard=0
step=0628650 (run 4650/8000) loss=0.00009 byte_ppl=1.000 atoms=47 merges=0 field=10.6375 rms=0.3324 scale=1.0000 fcos=nan ign=0.0000 prn=nan nxp=0.000 mph=0.000 bytes=196608 pkts=196608 shard=0
step=0628675 (run 4675/8000) loss=0.01448 byte_ppl=1.015 atoms=3 merges=0 field=10.6651 rms=0.3333 scale=1.0000 fcos=nan ign=0.0000 prn=nan nxp=0.000 mph=0.000 bytes=196608 pkts=196608 shard=0
step=0628700 (run 4700/8000) loss=0.00010 byte_ppl=1.000 atoms=31 merges=0 field=10.6324 rms=0.3323 scale=1.0000 fcos=nan ign=0.0000 prn=nan nxp=0.000 mph=0.000 bytes=196608 pkts=196608 shard=0
step=0628725 (run 4725/8000) loss=0.00045 byte_ppl=1.000 atoms=58 merges=0 field=10.6174 rms=0.3318 scale=1.0000 fcos=nan ign=0.0000 prn=nan nxp=0.000 mph=0.000 bytes=196608 pkts=196608 shard=0
step=0628750 (run 4750/8000) loss=8.51352 byte_ppl=4981.683 atoms=16 merges=0 field=10.5917 rms=0.3310 scale=1.0000 fcos=nan ign=0.0000 prn=nan nxp=0.000 mph=0.000 bytes=196608 pkts=196608 shard=0
step=0628775 (run 4775/8000) loss=0.00116 byte_ppl=1.001 atoms=43 merges=0 field=10.5592 rms=0.3300 scale=1.0000 fcos=nan ign=0.0000 prn=nan nxp=0.000 mph=0.000 bytes=196608 pkts=196608 shard=0
step=0628800 (run 4800/8000) loss=6.98499 byte_ppl=1080.294 atoms=71 merges=0 field=10.5437 rms=0.3295 scale=1.0000 fcos=nan ign=0.0000 prn=nan nxp=0.000 mph=0.000 bytes=196608 pkts=196608 shard=0
step=0628825 (run 4825/8000) loss=0.05032 byte_ppl=1.052 atoms=27 merges=0 field=10.5773 rms=0.3305 scale=1.0000 fcos=nan ign=0.0000 prn=nan nxp=0.000 mph=0.000 bytes=196608 pkts=196608 shard=0
step=0628850 (run 4850/8000) loss=1.29649 byte_ppl=3.656 atoms=55 merges=0 field=10.6044 rms=0.3314 scale=1.0000 fcos=nan ign=0.0000 prn=nan nxp=0.000 mph=0.000 bytes=196608 pkts=196608 shard=0
step=0628875 (run 4875/8000) loss=0.00010 byte_ppl=1.000 atoms=12 merges=0 field=10.6607 rms=0.3331 scale=1.0000 fcos=nan ign=0.0000 prn=nan nxp=0.000 mph=0.000 bytes=196608 pkts=196608 shard=0
step=0628900 (run 4900/8000) loss=5.61929 byte_ppl=275.695 atoms=40 merges=0 field=10.6831 rms=0.3338 scale=1.0000 fcos=nan ign=0.0000 prn=nan nxp=0.000 mph=0.000 bytes=196608 pkts=196608 shard=0
step=0628925 (run 4925/8000) loss=0.04638 byte_ppl=1.047 atoms=67 merges=0 field=10.7061 rms=0.3346 scale=1.0000 fcos=nan ign=0.0000 prn=nan nxp=0.000 mph=0.000 bytes=196608 pkts=196608 shard=0
step=0628950 (run 4950/8000) loss=4.29399 byte_ppl=73.259 atoms=25 merges=0 field=10.7118 rms=0.3347 scale=1.0000 fcos=nan ign=0.0000 prn=nan nxp=0.000 mph=0.000 bytes=196608 pkts=196608 shard=0
step=0628975 (run 4975/8000) loss=0.05058 byte_ppl=1.052 atoms=52 merges=0 field=10.6869 rms=0.3340 scale=1.0000 fcos=nan ign=0.0000 prn=nan nxp=0.000 mph=0.000 bytes=196608 pkts=196608 shard=0
step=0629000 (run 5000/8000) loss=3.76425 byte_ppl=43.131 atoms=9 merges=0 field=10.6932 rms=0.3342 scale=1.0000 fcos=nan ign=0.0000 prn=nan nxp=0.000 mph=0.000 bytes=196608 pkts=196608 shard=0
step=0629025 (run 5025/8000) loss=11.25879 byte_ppl=77559.044 atoms=36 merges=0 field=10.7058 rms=0.3346 scale=1.0000 fcos=nan ign=0.0000 prn=nan nxp=0.000 mph=0.000 bytes=196608 pkts=196608 shard=0
step=0629050 (run 5050/8000) loss=5.53848 byte_ppl=254.292 atoms=64 merges=0 field=10.6983 rms=0.3343 scale=1.0000 fcos=nan ign=0.0000 prn=nan nxp=0.000 mph=0.000 bytes=196608 pkts=196608 shard=0
step=0629075 (run 5075/8000) loss=0.00158 byte_ppl=1.002 atoms=21 merges=0 field=10.7039 rms=0.3345 scale=1.0000 fcos=nan ign=0.0000 prn=nan nxp=0.000 mph=0.000 bytes=196608 pkts=196608 shard=0
step=0629100 (run 5100/8000) loss=8.69324 byte_ppl=5962.442 atoms=49 merges=0 field=10.7555 rms=0.3361 scale=1.0000 fcos=nan ign=0.0000 prn=nan nxp=0.000 mph=0.000 bytes=196608 pkts=196608 shard=0
step=0629125 (run 5125/8000) loss=0.00387 byte_ppl=1.004 atoms=5 merges=0 field=10.7496 rms=0.3359 scale=1.0000 fcos=nan ign=0.0000 prn=nan nxp=0.000 mph=0.000 bytes=196608 pkts=196608 shard=0
step=0629150 (run 5150/8000) loss=5.34077 byte_ppl=208.673 atoms=33 merges=0 field=10.7649 rms=0.3364 scale=1.0000 fcos=nan ign=0.0000 prn=nan nxp=0.000 mph=0.000 bytes=196608 pkts=196608 shard=0
step=0629175 (run 5175/8000) loss=0.00051 byte_ppl=1.001 atoms=60 merges=0 field=10.7456 rms=0.3358 scale=1.0000 fcos=nan ign=0.0000 prn=nan nxp=0.000 mph=0.000 bytes=196608 pkts=196608 shard=0
step=0629200 (run 5200/8000) loss=4.75742 byte_ppl=116.445 atoms=18 merges=0 field=10.6734 rms=0.3335 scale=1.0000 fcos=nan ign=0.0000 prn=nan nxp=0.000 mph=0.000 bytes=196608 pkts=196608 shard=0
step=0629225 (run 5225/8000) loss=0.00220 byte_ppl=1.002 atoms=45 merges=0 field=10.6439 rms=0.3326 scale=1.0000 fcos=nan ign=0.0000 prn=nan nxp=0.000 mph=0.000 bytes=196608 pkts=196608 shard=0
step=0629250 (run 5250/8000) loss=0.76674 byte_ppl=2.153 atoms=3 merges=0 field=10.5585 rms=0.3300 scale=1.0000 fcos=nan ign=0.0000 prn=nan nxp=0.000 mph=0.000 bytes=196608 pkts=196608 shard=0
step=0629275 (run 5275/8000) loss=0.00085 byte_ppl=1.001 atoms=30 merges=0 field=10.5589 rms=0.3300 scale=1.0000 fcos=nan ign=0.0000 prn=nan nxp=0.000 mph=0.000 bytes=196608 pkts=196608 shard=0
step=0629300 (run 5300/8000) loss=0.68502 byte_ppl=1.984 atoms=58 merges=0 field=10.5608 rms=0.3300 scale=1.0000 fcos=nan ign=0.0000 prn=nan nxp=0.000 mph=0.000 bytes=196608 pkts=196608 shard=0
step=0629325 (run 5325/8000) loss=6.51919 byte_ppl=678.029 atoms=14 merges=0 field=10.5846 rms=0.3308 scale=1.0000 fcos=nan ign=0.0000 prn=nan nxp=0.000 mph=0.000 bytes=196608 pkts=196608 shard=0
step=0629350 (run 5350/8000) loss=5.54291 byte_ppl=255.420 atoms=42 merges=0 field=10.5654 rms=0.3302 scale=1.0000 fcos=nan ign=0.0000 prn=nan nxp=0.000 mph=0.000 bytes=196608 pkts=196608 shard=0
step=0629375 (run 5375/8000) loss=0.99592 byte_ppl=2.707 atoms=69 merges=0 field=10.5978 rms=0.3312 scale=1.0000 fcos=nan ign=0.0000 prn=nan nxp=0.000 mph=0.000 bytes=196608 pkts=196608 shard=0
step=0629400 (run 5400/8000) loss=0.00037 byte_ppl=1.000 atoms=27 merges=0 field=10.6053 rms=0.3314 scale=1.0000 fcos=nan ign=0.0000 prn=nan nxp=0.000 mph=0.000 bytes=196608 pkts=196608 shard=0
step=0629425 (run 5425/8000) loss=0.00042 byte_ppl=1.000 atoms=54 merges=0 field=10.5712 rms=0.3304 scale=1.0000 fcos=nan ign=0.0000 prn=nan nxp=0.000 mph=0.000 bytes=196608 pkts=196608 shard=0
step=0629450 (run 5450/8000) loss=7.55602 byte_ppl=1912.220 atoms=11 merges=0 field=10.6163 rms=0.3318 scale=1.0000 fcos=nan ign=0.0000 prn=nan nxp=0.000 mph=0.000 bytes=196608 pkts=196608 shard=0
step=0629475 (run 5475/8000) loss=0.00028 byte_ppl=1.000 atoms=38 merges=0 field=10.6703 rms=0.3334 scale=1.0000 fcos=nan ign=0.0000 prn=nan nxp=0.000 mph=0.000 bytes=196608 pkts=196608 shard=0
step=0629500 (run 5500/8000) loss=2.60005 byte_ppl=13.464 atoms=66 merges=0 field=10.6446 rms=0.3326 scale=1.0000 fcos=nan ign=0.0000 prn=nan nxp=0.000 mph=0.000 bytes=196608 pkts=196608 shard=0
step=0629525 (run 5525/8000) loss=0.01945 byte_ppl=1.020 atoms=23 merges=0 field=10.6549 rms=0.3330 scale=1.0000 fcos=nan ign=0.0000 prn=nan nxp=0.000 mph=0.000 bytes=196608 pkts=196608 shard=0
step=0629550 (run 5550/8000) loss=5.95762 byte_ppl=386.689 atoms=51 merges=0 field=10.6586 rms=0.3331 scale=1.0000 fcos=nan ign=0.0000 prn=nan nxp=0.000 mph=0.000 bytes=196608 pkts=196608 shard=0
step=0629575 (run 5575/8000) loss=0.01150 byte_ppl=1.012 atoms=8 merges=0 field=10.5966 rms=0.3311 scale=1.0000 fcos=nan ign=0.0000 prn=nan nxp=0.000 mph=0.000 bytes=196608 pkts=196608 shard=0
step=0629600 (run 5600/8000) loss=0.04875 byte_ppl=1.050 atoms=36 merges=0 field=10.6533 rms=0.3329 scale=1.0000 fcos=nan ign=0.0000 prn=nan nxp=0.000 mph=0.000 bytes=196608 pkts=196608 shard=0
step=0629625 (run 5625/8000) loss=3.91012 byte_ppl=49.905 atoms=63 merges=0 field=10.6472 rms=0.3327 scale=1.0000 fcos=nan ign=0.0000 prn=nan nxp=0.000 mph=0.000 bytes=196608 pkts=196608 shard=0
step=0629650 (run 5650/8000) loss=11.35829 byte_ppl=85673.045 atoms=20 merges=0 field=10.6347 rms=0.3323 scale=1.0000 fcos=nan ign=0.0000 prn=nan nxp=0.000 mph=0.000 bytes=196608 pkts=196608 shard=0
step=0629675 (run 5675/8000) loss=4.03322 byte_ppl=56.443 atoms=47 merges=0 field=10.6335 rms=0.3323 scale=1.0000 fcos=nan ign=0.0000 prn=nan nxp=0.000 mph=0.000 bytes=196608 pkts=196608 shard=0
step=0629700 (run 5700/8000) loss=0.01454 byte_ppl=1.015 atoms=5 merges=0 field=10.5758 rms=0.3305 scale=1.0000 fcos=nan ign=0.0000 prn=nan nxp=0.000 mph=0.000 bytes=196608 pkts=196608 shard=0
step=0629725 (run 5725/8000) loss=0.00817 byte_ppl=1.008 atoms=32 merges=0 field=10.5757 rms=0.3305 scale=1.0000 fcos=nan ign=0.0000 prn=nan nxp=0.000 mph=0.000 bytes=196608 pkts=196608 shard=0
step=0629750 (run 5750/8000) loss=6.28030 byte_ppl=533.948 atoms=60 merges=0 field=10.5773 rms=0.3305 scale=1.0000 fcos=nan ign=0.0000 prn=nan nxp=0.000 mph=0.000 bytes=196608 pkts=196608 shard=0
step=0629775 (run 5775/8000) loss=0.00498 byte_ppl=1.005 atoms=16 merges=0 field=10.5621 rms=0.3301 scale=1.0000 fcos=nan ign=0.0000 prn=nan nxp=0.000 mph=0.000 bytes=196608 pkts=196608 shard=0
step=0629800 (run 5800/8000) loss=4.38827 byte_ppl=80.501 atoms=44 merges=0 field=10.6102 rms=0.3316 scale=1.0000 fcos=nan ign=0.0000 prn=nan nxp=0.000 mph=0.000 bytes=196608 pkts=196608 shard=0
step=0629825 (run 5825/8000) loss=4.06360 byte_ppl=58.184 atoms=1 merges=0 field=10.6364 rms=0.3324 scale=1.0000 fcos=nan ign=0.0000 prn=nan nxp=0.000 mph=0.000 bytes=196608 pkts=196608 shard=0
step=0629850 (run 5850/8000) loss=9.41516 byte_ppl=12273.039 atoms=29 merges=0 field=10.6493 rms=0.3328 scale=1.0000 fcos=nan ign=0.0000 prn=nan nxp=0.000 mph=0.000 bytes=196608 pkts=196608 shard=0
step=0629875 (run 5875/8000) loss=0.00148 byte_ppl=1.001 atoms=56 merges=0 field=10.6251 rms=0.3320 scale=1.0000 fcos=nan ign=0.0000 prn=nan nxp=0.000 mph=0.000 bytes=196608 pkts=196608 shard=0
step=0629900 (run 5900/8000) loss=0.00009 byte_ppl=1.000 atoms=14 merges=0 field=10.6465 rms=0.3327 scale=1.0000 fcos=nan ign=0.0000 prn=nan nxp=0.000 mph=0.000 bytes=196608 pkts=196608 shard=0
step=0629925 (run 5925/8000) loss=0.00064 byte_ppl=1.001 atoms=41 merges=0 field=10.6727 rms=0.3335 scale=1.0000 fcos=nan ign=0.0000 prn=nan nxp=0.000 mph=0.000 bytes=196608 pkts=196608 shard=0
step=0629950 (run 5950/8000) loss=0.35322 byte_ppl=1.424 atoms=69 merges=0 field=10.7070 rms=0.3346 scale=1.0000 fcos=nan ign=0.0000 prn=nan nxp=0.000 mph=0.000 bytes=196608 pkts=196608 shard=0
step=0629975 (run 5975/8000) loss=0.00000 byte_ppl=1.000 atoms=25 merges=0 field=10.7342 rms=0.3354 scale=1.0000 fcos=nan ign=0.0000 prn=nan nxp=0.000 mph=0.000 bytes=196608 pkts=196608 shard=0
step=0630000 (run 6000/8000) loss=3.94350 byte_ppl=51.599 atoms=53 merges=0 field=10.7311 rms=0.3353 scale=1.0000 fcos=nan ign=0.0000 prn=nan nxp=0.000 mph=0.000 bytes=196608 pkts=196608 shard=0
step=0630025 (run 6025/8000) loss=0.03074 byte_ppl=1.031 atoms=10 merges=0 field=10.7050 rms=0.3345 scale=1.0000 fcos=nan ign=0.0000 prn=nan nxp=0.000 mph=0.000 bytes=196608 pkts=196608 shard=0
step=0630050 (run 6050/8000) loss=8.80641 byte_ppl=6676.892 atoms=38 merges=0 field=10.6834 rms=0.3339 scale=1.0000 fcos=nan ign=0.0000 prn=nan nxp=0.000 mph=0.000 bytes=196608 pkts=196608 shard=0
step=0630075 (run 6075/8000) loss=0.04311 byte_ppl=1.044 atoms=65 merges=0 field=10.6798 rms=0.3337 scale=1.0000 fcos=nan ign=0.0000 prn=nan nxp=0.000 mph=0.000 bytes=196608 pkts=196608 shard=0
step=0630100 (run 6100/8000) loss=3.28616 byte_ppl=26.740 atoms=22 merges=0 field=10.7146 rms=0.3348 scale=1.0000 fcos=nan ign=0.0000 prn=nan nxp=0.000 mph=0.000 bytes=196608 pkts=196608 shard=0
step=0630125 (run 6125/8000) loss=0.00045 byte_ppl=1.000 atoms=49 merges=0 field=10.7650 rms=0.3364 scale=1.0000 fcos=nan ign=0.0000 prn=nan nxp=0.000 mph=0.000 bytes=196608 pkts=196608 shard=0
step=0630150 (run 6150/8000) loss=3.82760 byte_ppl=45.952 atoms=7 merges=0 field=10.8140 rms=0.3379 scale=1.0000 fcos=nan ign=0.0000 prn=nan nxp=0.000 mph=0.000 bytes=196608 pkts=196608 shard=0
step=0630175 (run 6175/8000) loss=0.00088 byte_ppl=1.001 atoms=34 merges=0 field=10.8146 rms=0.3380 scale=1.0000 fcos=nan ign=0.0000 prn=nan nxp=0.000 mph=0.000 bytes=196608 pkts=196608 shard=0
step=0630200 (run 6200/8000) loss=0.12855 byte_ppl=1.137 atoms=62 merges=0 field=10.7568 rms=0.3362 scale=1.0000 fcos=nan ign=0.0000 prn=nan nxp=0.000 mph=0.000 bytes=196608 pkts=196608 shard=0
step=0630225 (run 6225/8000) loss=0.00068 byte_ppl=1.001 atoms=19 merges=0 field=10.7767 rms=0.3368 scale=1.0000 fcos=nan ign=0.0000 prn=nan nxp=0.000 mph=0.000 bytes=196608 pkts=196608 shard=0
step=0630250 (run 6250/8000) loss=0.02410 byte_ppl=1.024 atoms=47 merges=0 field=10.7119 rms=0.3347 scale=1.0000 fcos=nan ign=0.0000 prn=nan nxp=0.000 mph=0.000 bytes=196608 pkts=196608 shard=0
step=0630275 (run 6275/8000) loss=0.01698 byte_ppl=1.017 atoms=3 merges=0 field=10.6851 rms=0.3339 scale=1.0000 fcos=nan ign=0.0000 prn=nan nxp=0.000 mph=0.000 bytes=196608 pkts=196608 shard=0
step=0630300 (run 6300/8000) loss=0.27641 byte_ppl=1.318 atoms=31 merges=0 field=10.7296 rms=0.3353 scale=1.0000 fcos=nan ign=0.0000 prn=nan nxp=0.000 mph=0.000 bytes=196608 pkts=196608 shard=0
step=0630325 (run 6325/8000) loss=0.00162 byte_ppl=1.002 atoms=58 merges=0 field=10.7486 rms=0.3359 scale=1.0000 fcos=nan ign=0.0000 prn=nan nxp=0.000 mph=0.000 bytes=196608 pkts=196608 shard=0
step=0630350 (run 6350/8000) loss=5.47690 byte_ppl=239.105 atoms=16 merges=0 field=10.7902 rms=0.3372 scale=1.0000 fcos=nan ign=0.0000 prn=nan nxp=0.000 mph=0.000 bytes=196608 pkts=196608 shard=0
step=0630375 (run 6375/8000) loss=0.01056 byte_ppl=1.011 atoms=43 merges=0 field=10.7931 rms=0.3373 scale=1.0000 fcos=nan ign=0.0000 prn=nan nxp=0.000 mph=0.000 bytes=196608 pkts=196608 shard=0
step=0630400 (run 6400/8000) loss=2.26748 byte_ppl=9.655 atoms=71 merges=0 field=10.8014 rms=0.3375 scale=1.0000 fcos=nan ign=0.0000 prn=nan nxp=0.000 mph=0.000 bytes=196608 pkts=196608 shard=0
step=0630425 (run 6425/8000) loss=1.25771 byte_ppl=3.517 atoms=27 merges=0 field=10.7934 rms=0.3373 scale=1.0000 fcos=nan ign=0.0000 prn=nan nxp=0.000 mph=0.000 bytes=196608 pkts=196608 shard=0
step=0630450 (run 6450/8000) loss=5.11836 byte_ppl=167.062 atoms=55 merges=0 field=10.8263 rms=0.3383 scale=1.0000 fcos=nan ign=0.0000 prn=nan nxp=0.000 mph=0.000 bytes=196608 pkts=196608 shard=0
step=0630475 (run 6475/8000) loss=0.01631 byte_ppl=1.016 atoms=12 merges=0 field=10.8499 rms=0.3391 scale=1.0000 fcos=nan ign=0.0000 prn=nan nxp=0.000 mph=0.000 bytes=196608 pkts=196608 shard=0
step=0630500 (run 6500/8000) loss=5.60099 byte_ppl=270.695 atoms=40 merges=0 field=10.8279 rms=0.3384 scale=1.0000 fcos=nan ign=0.0000 prn=nan nxp=0.000 mph=0.000 bytes=196608 pkts=196608 shard=0
step=0630525 (run 6525/8000) loss=0.00319 byte_ppl=1.003 atoms=67 merges=0 field=10.8561 rms=0.3393 scale=1.0000 fcos=nan ign=0.0000 prn=nan nxp=0.000 mph=0.000 bytes=196608 pkts=196608 shard=0
step=0630550 (run 6550/8000) loss=8.81751 byte_ppl=6751.450 atoms=25 merges=0 field=10.8190 rms=0.3381 scale=1.0000 fcos=nan ign=0.0000 prn=nan nxp=0.000 mph=0.000 bytes=196608 pkts=196608 shard=0
step=0630575 (run 6575/8000) loss=0.03274 byte_ppl=1.033 atoms=52 merges=0 field=10.8260 rms=0.3383 scale=1.0000 fcos=nan ign=0.0000 prn=nan nxp=0.000 mph=0.000 bytes=196608 pkts=196608 shard=0
step=0630600 (run 6600/8000) loss=3.58962 byte_ppl=36.220 atoms=9 merges=0 field=10.8806 rms=0.3400 scale=1.0000 fcos=nan ign=0.0000 prn=nan nxp=0.000 mph=0.000 bytes=196608 pkts=196608 shard=0
step=0630625 (run 6625/8000) loss=0.01915 byte_ppl=1.019 atoms=36 merges=0 field=10.8892 rms=0.3403 scale=1.0000 fcos=nan ign=0.0000 prn=nan nxp=0.000 mph=0.000 bytes=196608 pkts=196608 shard=0
step=0630650 (run 6650/8000) loss=4.29758 byte_ppl=73.521 atoms=64 merges=0 field=10.8846 rms=0.3401 scale=1.0000 fcos=nan ign=0.0000 prn=nan nxp=0.000 mph=0.000 bytes=196608 pkts=196608 shard=0
step=0630675 (run 6675/8000) loss=0.00814 byte_ppl=1.008 atoms=21 merges=0 field=10.8391 rms=0.3387 scale=1.0000 fcos=nan ign=0.0000 prn=nan nxp=0.000 mph=0.000 bytes=196608 pkts=196608 shard=0
step=0630700 (run 6700/8000) loss=1.11849 byte_ppl=3.060 atoms=49 merges=0 field=10.8575 rms=0.3393 scale=1.0000 fcos=nan ign=0.0000 prn=nan nxp=0.000 mph=0.000 bytes=196608 pkts=196608 shard=0
step=0630725 (run 6725/8000) loss=0.00053 byte_ppl=1.001 atoms=5 merges=0 field=10.8888 rms=0.3403 scale=1.0000 fcos=nan ign=0.0000 prn=nan nxp=0.000 mph=0.000 bytes=196608 pkts=196608 shard=0
step=0630750 (run 6750/8000) loss=0.62636 byte_ppl=1.871 atoms=33 merges=0 field=10.8628 rms=0.3395 scale=1.0000 fcos=nan ign=0.0000 prn=nan nxp=0.000 mph=0.000 bytes=196608 pkts=196608 shard=0
step=0630775 (run 6775/8000) loss=0.02594 byte_ppl=1.026 atoms=60 merges=0 field=10.8468 rms=0.3390 scale=1.0000 fcos=nan ign=0.0000 prn=nan nxp=0.000 mph=0.000 bytes=196608 pkts=196608 shard=0
step=0630800 (run 6800/8000) loss=0.10537 byte_ppl=1.111 atoms=18 merges=0 field=10.8050 rms=0.3377 scale=1.0000 fcos=nan ign=0.0000 prn=nan nxp=0.000 mph=0.000 bytes=196608 pkts=196608 shard=0
step=0630825 (run 6825/8000) loss=4.34018 byte_ppl=76.721 atoms=45 merges=0 field=10.8044 rms=0.3376 scale=1.0000 fcos=nan ign=0.0000 prn=nan nxp=0.000 mph=0.000 bytes=196608 pkts=196608 shard=0
step=0630850 (run 6850/8000) loss=8.99084 byte_ppl=8029.206 atoms=3 merges=0 field=10.8099 rms=0.3378 scale=1.0000 fcos=nan ign=0.0000 prn=nan nxp=0.000 mph=0.000 bytes=196608 pkts=196608 shard=0
step=0630875 (run 6875/8000) loss=0.00176 byte_ppl=1.002 atoms=30 merges=0 field=10.8225 rms=0.3382 scale=1.0000 fcos=nan ign=0.0000 prn=nan nxp=0.000 mph=0.000 bytes=196608 pkts=196608 shard=0
step=0630900 (run 6900/8000) loss=0.20741 byte_ppl=1.230 atoms=58 merges=0 field=10.8244 rms=0.3383 scale=1.0000 fcos=nan ign=0.0000 prn=nan nxp=0.000 mph=0.000 bytes=196608 pkts=196608 shard=0
step=0630925 (run 6925/8000) loss=0.00201 byte_ppl=1.002 atoms=14 merges=0 field=10.8382 rms=0.3387 scale=1.0000 fcos=nan ign=0.0000 prn=nan nxp=0.000 mph=0.000 bytes=196608 pkts=196608 shard=0
step=0630950 (run 6950/8000) loss=26.95440 byte_ppl=508331234717.509 atoms=42 merges=0 field=10.8065 rms=0.3377 scale=1.0000 fcos=nan ign=0.0000 prn=nan nxp=0.000 mph=0.000 bytes=196608 pkts=196608 shard=0
step=0630975 (run 6975/8000) loss=0.00193 byte_ppl=1.002 atoms=69 merges=0 field=10.7677 rms=0.3365 scale=1.0000 fcos=nan ign=0.0000 prn=nan nxp=0.000 mph=0.000 bytes=196608 pkts=196608 shard=0
step=0631000 (run 7000/8000) loss=0.00003 byte_ppl=1.000 atoms=27 merges=0 field=10.7083 rms=0.3346 scale=1.0000 fcos=nan ign=0.0000 prn=nan nxp=0.000 mph=0.000 bytes=196608 pkts=196608 shard=0
step=0631025 (run 7025/8000) loss=0.00491 byte_ppl=1.005 atoms=54 merges=0 field=10.7523 rms=0.3360 scale=1.0000 fcos=nan ign=0.0000 prn=nan nxp=0.000 mph=0.000 bytes=196608 pkts=196608 shard=0
step=0631050 (run 7050/8000) loss=4.52843 byte_ppl=92.613 atoms=11 merges=0 field=10.7884 rms=0.3371 scale=1.0000 fcos=nan ign=0.0000 prn=nan nxp=0.000 mph=0.000 bytes=196608 pkts=196608 shard=0
step=0631075 (run 7075/8000) loss=0.84153 byte_ppl=2.320 atoms=38 merges=0 field=10.7754 rms=0.3367 scale=1.0000 fcos=nan ign=0.0000 prn=nan nxp=0.000 mph=0.000 bytes=196608 pkts=196608 shard=0
step=0631100 (run 7100/8000) loss=0.00926 byte_ppl=1.009 atoms=66 merges=0 field=10.7475 rms=0.3359 scale=1.0000 fcos=nan ign=0.0000 prn=nan nxp=0.000 mph=0.000 bytes=196608 pkts=196608 shard=0
step=0631125 (run 7125/8000) loss=0.00574 byte_ppl=1.006 atoms=23 merges=0 field=10.7196 rms=0.3350 scale=1.0000 fcos=nan ign=0.0000 prn=nan nxp=0.000 mph=0.000 bytes=196608 pkts=196608 shard=0
step=0631150 (run 7150/8000) loss=3.16068 byte_ppl=23.587 atoms=51 merges=0 field=10.6858 rms=0.3339 scale=1.0000 fcos=nan ign=0.0000 prn=nan nxp=0.000 mph=0.000 bytes=196608 pkts=196608 shard=0
step=0631175 (run 7175/8000) loss=0.00163 byte_ppl=1.002 atoms=8 merges=0 field=10.7000 rms=0.3344 scale=1.0000 fcos=nan ign=0.0000 prn=nan nxp=0.000 mph=0.000 bytes=196608 pkts=196608 shard=0
step=0631200 (run 7200/8000) loss=1.70576 byte_ppl=5.506 atoms=36 merges=0 field=10.6588 rms=0.3331 scale=1.0000 fcos=nan ign=0.0000 prn=nan nxp=0.000 mph=0.000 bytes=196608 pkts=196608 shard=0
step=0631225 (run 7225/8000) loss=0.00942 byte_ppl=1.009 atoms=63 merges=0 field=10.6581 rms=0.3331 scale=1.0000 fcos=nan ign=0.0000 prn=nan nxp=0.000 mph=0.000 bytes=196608 pkts=196608 shard=0
step=0631250 (run 7250/8000) loss=6.52625 byte_ppl=682.836 atoms=20 merges=0 field=10.6770 rms=0.3337 scale=1.0000 fcos=nan ign=0.0000 prn=nan nxp=0.000 mph=0.000 bytes=196608 pkts=196608 shard=0
step=0631275 (run 7275/8000) loss=0.03571 byte_ppl=1.036 atoms=47 merges=0 field=10.6924 rms=0.3341 scale=1.0000 fcos=nan ign=0.0000 prn=nan nxp=0.000 mph=0.000 bytes=196608 pkts=196608 shard=0
step=0631300 (run 7300/8000) loss=4.29063 byte_ppl=73.013 atoms=5 merges=0 field=10.6628 rms=0.3332 scale=1.0000 fcos=nan ign=0.0000 prn=nan nxp=0.000 mph=0.000 bytes=196608 pkts=196608 shard=0
step=0631325 (run 7325/8000) loss=0.07649 byte_ppl=1.079 atoms=32 merges=0 field=10.7229 rms=0.3351 scale=1.0000 fcos=nan ign=0.0000 prn=nan nxp=0.000 mph=0.000 bytes=196608 pkts=196608 shard=0
step=0631350 (run 7350/8000) loss=15.71774 byte_ppl=6700817.279 atoms=60 merges=0 field=10.7512 rms=0.3360 scale=1.0000 fcos=nan ign=0.0000 prn=nan nxp=0.000 mph=0.000 bytes=196608 pkts=196608 shard=0
step=0631375 (run 7375/8000) loss=0.00153 byte_ppl=1.002 atoms=16 merges=0 field=10.7361 rms=0.3355 scale=1.0000 fcos=nan ign=0.0000 prn=nan nxp=0.000 mph=0.000 bytes=196608 pkts=196608 shard=0
step=0631400 (run 7400/8000) loss=7.82585 byte_ppl=2504.507 atoms=44 merges=0 field=10.7930 rms=0.3373 scale=1.0000 fcos=nan ign=0.0000 prn=nan nxp=0.000 mph=0.000 bytes=196608 pkts=196608 shard=0
step=0631425 (run 7425/8000) loss=14.92642 byte_ppl=3037108.280 atoms=1 merges=0 field=10.8099 rms=0.3378 scale=1.0000 fcos=nan ign=0.0000 prn=nan nxp=0.000 mph=0.000 bytes=196608 pkts=196608 shard=0
step=0631450 (run 7450/8000) loss=0.00272 byte_ppl=1.003 atoms=29 merges=0 field=10.7822 rms=0.3369 scale=1.0000 fcos=nan ign=0.0000 prn=nan nxp=0.000 mph=0.000 bytes=196608 pkts=196608 shard=0
step=0631475 (run 7475/8000) loss=0.18509 byte_ppl=1.203 atoms=56 merges=0 field=10.7721 rms=0.3366 scale=1.0000 fcos=nan ign=0.0000 prn=nan nxp=0.000 mph=0.000 bytes=196608 pkts=196608 shard=0
step=0631500 (run 7500/8000) loss=0.82192 byte_ppl=2.275 atoms=14 merges=0 field=10.7653 rms=0.3364 scale=1.0000 fcos=nan ign=0.0000 prn=nan nxp=0.000 mph=0.000 bytes=196608 pkts=196608 shard=0
step=0631525 (run 7525/8000) loss=1.92714 byte_ppl=6.870 atoms=41 merges=0 field=10.7693 rms=0.3365 scale=1.0000 fcos=nan ign=0.0000 prn=nan nxp=0.000 mph=0.000 bytes=196608 pkts=196608 shard=0
step=0631550 (run 7550/8000) loss=0.00203 byte_ppl=1.002 atoms=69 merges=0 field=10.8346 rms=0.3386 scale=1.0000 fcos=nan ign=0.0000 prn=nan nxp=0.000 mph=0.000 bytes=196608 pkts=196608 shard=0
step=0631575 (run 7575/8000) loss=0.01774 byte_ppl=1.018 atoms=25 merges=0 field=10.8699 rms=0.3397 scale=1.0000 fcos=nan ign=0.0000 prn=nan nxp=0.000 mph=0.000 bytes=196608 pkts=196608 shard=0
step=0631600 (run 7600/8000) loss=0.08970 byte_ppl=1.094 atoms=53 merges=0 field=10.8757 rms=0.3399 scale=1.0000 fcos=nan ign=0.0000 prn=nan nxp=0.000 mph=0.000 bytes=196608 pkts=196608 shard=0
step=0631625 (run 7625/8000) loss=0.00199 byte_ppl=1.002 atoms=10 merges=0 field=10.9145 rms=0.3411 scale=1.0000 fcos=nan ign=0.0000 prn=nan nxp=0.000 mph=0.000 bytes=196608 pkts=196608 shard=0
step=0631650 (run 7650/8000) loss=7.70163 byte_ppl=2211.959 atoms=38 merges=0 field=10.9411 rms=0.3419 scale=1.0000 fcos=nan ign=0.0000 prn=nan nxp=0.000 mph=0.000 bytes=196608 pkts=196608 shard=0
step=0631675 (run 7675/8000) loss=1.41338 byte_ppl=4.110 atoms=65 merges=0 field=10.9021 rms=0.3407 scale=1.0000 fcos=nan ign=0.0000 prn=nan nxp=0.000 mph=0.000 bytes=196608 pkts=196608 shard=0
step=0631700 (run 7700/8000) loss=6.24714 byte_ppl=516.534 atoms=22 merges=0 field=10.9012 rms=0.3407 scale=1.0000 fcos=nan ign=0.0000 prn=nan nxp=0.000 mph=0.000 bytes=196608 pkts=196608 shard=0
step=0631725 (run 7725/8000) loss=0.00097 byte_ppl=1.001 atoms=49 merges=0 field=10.9006 rms=0.3406 scale=1.0000 fcos=nan ign=0.0000 prn=nan nxp=0.000 mph=0.000 bytes=196608 pkts=196608 shard=0
step=0631750 (run 7750/8000) loss=0.51681 byte_ppl=1.677 atoms=7 merges=0 field=10.8892 rms=0.3403 scale=1.0000 fcos=nan ign=0.0000 prn=nan nxp=0.000 mph=0.000 bytes=196608 pkts=196608 shard=0
step=0631775 (run 7775/8000) loss=0.00413 byte_ppl=1.004 atoms=34 merges=0 field=10.8967 rms=0.3405 scale=1.0000 fcos=nan ign=0.0000 prn=nan nxp=0.000 mph=0.000 bytes=196608 pkts=196608 shard=0
step=0631800 (run 7800/8000) loss=6.91572 byte_ppl=1008.001 atoms=62 merges=0 field=10.9542 rms=0.3423 scale=1.0000 fcos=nan ign=0.0000 prn=nan nxp=0.000 mph=0.000 bytes=196608 pkts=196608 shard=0
step=0631825 (run 7825/8000) loss=0.00034 byte_ppl=1.000 atoms=19 merges=0 field=10.9637 rms=0.3426 scale=1.0000 fcos=nan ign=0.0000 prn=nan nxp=0.000 mph=0.000 bytes=196608 pkts=196608 shard=0
step=0631850 (run 7850/8000) loss=0.01954 byte_ppl=1.020 atoms=47 merges=0 field=10.9187 rms=0.3412 scale=1.0000 fcos=nan ign=0.0000 prn=nan nxp=0.000 mph=0.000 bytes=196608 pkts=196608 shard=0
step=0631875 (run 7875/8000) loss=0.01195 byte_ppl=1.012 atoms=3 merges=0 field=10.8947 rms=0.3405 scale=1.0000 fcos=nan ign=0.0000 prn=nan nxp=0.000 mph=0.000 bytes=196608 pkts=196608 shard=0
step=0631900 (run 7900/8000) loss=2.43451 byte_ppl=11.410 atoms=31 merges=0 field=10.8502 rms=0.3391 scale=1.0000 fcos=nan ign=0.0000 prn=nan nxp=0.000 mph=0.000 bytes=196608 pkts=196608 shard=0
step=0631925 (run 7925/8000) loss=3.32940 byte_ppl=27.922 atoms=58 merges=0 field=10.7867 rms=0.3371 scale=1.0000 fcos=nan ign=0.0000 prn=nan nxp=0.000 mph=0.000 bytes=196608 pkts=196608 shard=0
step=0631950 (run 7950/8000) loss=0.04607 byte_ppl=1.047 atoms=16 merges=0 field=10.8324 rms=0.3385 scale=1.0000 fcos=nan ign=0.0000 prn=nan nxp=0.000 mph=0.000 bytes=196608 pkts=196608 shard=0
step=0631975 (run 7975/8000) loss=0.00243 byte_ppl=1.002 atoms=43 merges=0 field=10.8693 rms=0.3397 scale=1.0000 fcos=nan ign=0.0000 prn=nan nxp=0.000 mph=0.000 bytes=196608 pkts=196608 shard=0
step=0632000 (run 8000/8000) loss=0.70467 byte_ppl=2.023 atoms=71 merges=0 field=10.8579 rms=0.3393 scale=1.0000 fcos=nan ign=0.0000 prn=nan nxp=0.000 mph=0.000 bytes=196608 pkts=196608 shard=0
{
  "stream": true,
  "data_path": null,
  "data_glob": "data/corpus_fr_medium*.txt",
  "shard_paths": [
    "/home/user/atom-ai/data/corpus_fr_medium.txt",
    "/home/user/atom-ai/data/corpus_fr_medium_s21.txt"
  ],
  "data_bytes": 1000453,
  "data_characters": null,
  "atomizer_version": "atomizer-v1-byte-span",
  "feature_dim": 320,
  "packet_count": null,
  "train_packet_count": null,
  "validation_packet_count": 2048,
  "mean_packet_bytes": null,
  "max_packet_bytes": null,
  "min_packet_bytes": null,
  "bytes_seen": 196608,
  "config": {
    "d_model": 32,
    "n_modes": 32,
    "n_atoms_max": 64,
    "max_span_bytes": 1,
    "episode_length": 8000,
    "episode_reset": true,
    "atom_flush_every": 64,
    "learning_rate": 5e-05,
    "surface_learning_rate": 0.00012,
    "steps": 8000,
    "start_step": 624000,
    "seed": 20260913,
    "surface_alphabet": 256,
    "field_max_rms": 3.0,
    "energy_decay_bounds": [
      0.3,
      0.95
    ],
    "stream": true,
    "chunk_bytes": 65536,
    "loop_shards": true,
    "stream_buffer": 2048,
    "stream_prefetch": true,
    "stream_skip_packets": 128000,
    "last_atom_readout": true,
    "efference_every": 10,
    "enable_merge": false,
    "payload_copy": false,
    "merge_coherence_threshold": 0.45,
    "merge_energy_floor": 0.08,
    "field_loss_weight": 0.05,
    "field_contrast_weight": 0.0,
    "field_ignorance_weight": 0.08,
    "field_ignorance_ablate_shared": false,
    "field_ignorance_prompt_bank": false,
    "field_obligatory_readout": true,
    "field_obligatory_hard": true,
    "printable_aux_weight": 0.0,
    "field_next_packet_weight": 0.0,
    "slow_every": 1
  },
  "packets_seen": 196608,
  "stream_epoch": 0,
  "train": {
    "steps": 8000,
    "efference_every": 10,
    "efference_steps": 800,
    "start_step": 624000,
    "total_steps": 632000,
    "episode_length": 8000,
    "episode_reset": true,
    "atom_flush_every": 64,
    "elapsed_seconds": 138.9784612100001,
    "transitions_per_second": 57.56287650869721,
    "first_loss": 5.726320266723633,
    "final_loss": 0.7046739459037781,
    "final_total_perplexity": 2.0231869089877716,
    "finite_losses": true,
    "finite_parameters": true,
    "nan_or_inf": false,
    "field_rms_before_max": 0.34296637773513794,
    "field_rms_after_max": 0.34296637773513794,
    "field_scale_min": 1.0,
    "field_norm_max": 10.974876403808594,
    "field_limited_steps": 0,
    "field_limited_fraction": 0.0,
    "final_dynamics": {
      "coupling_scale": 1.1456533670425415,
      "energy_decay": 0.3003690838813782,
      "phase_sync": 0.23734158277511597,
      "energy_decay_before": 0.3003690838813782,
      "energy_decay_repaired": false,
      "energy_decay_bounds": [
        0.3,
        0.95
      ]
    },
    "final_atoms_before_validation": 58,
    "stream": true,
    "bytes_seen": 196608
  },
  "validation": {
    "transitions": 256,
    "loss": 1.645641386522307,
    "total_perplexity": 5.184334002775938,
    "byte_loss": 1.645641386522307,
    "byte_perplexity": 5.184334002775938,
    "source": "stream_ring"
  },
  "checkpoint": "checkpoints/byte_tick/atom_native_step_632000_d32_ms1M.pt",
  "reload": {
    "n_atoms": 0,
    "field_norm": 10.857927322387695,
    "time": 88.0003890991211,
    "finite": true
  },
  "generation": {
    "The future of AI is": {
      "temperature": 0.8,
      "top_k": 5,
      "max_length": 20,
      "bytes_hex": "426f6e6e65202020",
      "text": "Bonne   ",
      "reload_text": "Bonne   ",
      "reload_match": true
    },
    "Bonjour, je m'appelle": {
      "temperature": 0.8,
      "top_k": 5,
      "max_length": 20,
      "bytes_hex": "4f75692c20202020",
      "text": "Oui,    ",
      "reload_text": "Oui,    ",
      "reload_match": true
    },
    "Valkyria Chronicles III is": {
      "temperature": 0.8,
      "top_k": 5,
      "max_length": 20,
      "bytes_hex": "426f6e6e65202020",
      "text": "Bonne   ",
      "reload_text": "Bonne   ",
      "reload_match": true
    }
  }
}
