train lock skipped (--allow-parallel-train)
stream skip: advancing 376000 packet transitions...
stream skip done: packets_seen=393216
resumed weights from checkpoints/byte_tick/atom_native_step_872000_d32_ms1M.pt (recorded step=872000, legacy_surface_migrated=False, span_head_migrated=False)
atomizer pack_mode=linguistic max_span_bytes=1
dynamics on load: energy_decay=0.30007436871528625 -> 0.30007436871528625 (repaired=False, bounds=(0.3, 0.95))
MERGE gates: enable=False coherence_thr=0.450 energy_floor=0.080
field_obligatory_hard=ON hard-v2+ (mix_floor=1.0, freeze bypass, logits=frozen+cap*(α_MLP+payload_prod))
payload_copy=False (train-time copy-bias branch)
last_atom_readout=True (byte-tick 2-gram + dentate)
efference_every=10 (0=off)
optimizer groups: field/other lr=5e-05 (13 tensors), surface lr=0.00012 (25 tensors); energy_decay_bounds=(0.3, 0.95); field_max_rms=3.0
stream mode: 2 shard(s), chunk_bytes=65536, loop_shards=True, stream_buffer=2048, stream_prefetch=True
optimizer restore skipped: surface LR param groups differ from checkpoint
step=0872001 (run 1/8000) loss=0.04219 byte_ppl=1.043 atoms=1 merges=0 field=0.0572 rms=0.0020 scale=1.0000 fcos=nan ign=0.0000 prn=nan nxp=0.000 mph=0.000 bytes=393216 pkts=393216 shard=0
step=0872025 (run 25/8000) loss=1.57688 byte_ppl=4.840 atoms=27 merges=0 field=0.7424 rms=0.0232 scale=1.0000 fcos=nan ign=0.0000 prn=nan nxp=0.000 mph=0.000 bytes=393216 pkts=393216 shard=0
step=0872050 (run 50/8000) loss=7.80207 byte_ppl=2445.655 atoms=55 merges=0 field=1.3908 rms=0.0435 scale=1.0000 fcos=nan ign=0.0000 prn=nan nxp=0.000 mph=0.000 bytes=393216 pkts=393216 shard=0
step=0872075 (run 75/8000) loss=0.00203 byte_ppl=1.002 atoms=12 merges=0 field=1.8909 rms=0.0591 scale=1.0000 fcos=nan ign=0.0000 prn=nan nxp=0.000 mph=0.000 bytes=393216 pkts=393216 shard=0
step=0872100 (run 100/8000) loss=1.87205 byte_ppl=6.502 atoms=40 merges=0 field=2.4271 rms=0.0759 scale=1.0000 fcos=nan ign=0.0000 prn=nan nxp=0.000 mph=0.000 bytes=393216 pkts=393216 shard=0
step=0872125 (run 125/8000) loss=0.10893 byte_ppl=1.115 atoms=67 merges=0 field=2.8963 rms=0.0905 scale=1.0000 fcos=nan ign=0.0000 prn=nan nxp=0.000 mph=0.000 bytes=393216 pkts=393216 shard=0
step=0872150 (run 150/8000) loss=0.07193 byte_ppl=1.075 atoms=25 merges=0 field=3.1241 rms=0.0976 scale=1.0000 fcos=nan ign=0.0000 prn=nan nxp=0.000 mph=0.000 bytes=393216 pkts=393216 shard=0
step=0872175 (run 175/8000) loss=0.02864 byte_ppl=1.029 atoms=52 merges=0 field=3.5031 rms=0.1095 scale=1.0000 fcos=nan ign=0.0000 prn=nan nxp=0.000 mph=0.000 bytes=393216 pkts=393216 shard=0
step=0872200 (run 200/8000) loss=2.43538 byte_ppl=11.420 atoms=9 merges=0 field=3.9416 rms=0.1232 scale=1.0000 fcos=nan ign=0.0000 prn=nan nxp=0.000 mph=0.000 bytes=393216 pkts=393216 shard=0
step=0872225 (run 225/8000) loss=0.00025 byte_ppl=1.000 atoms=36 merges=0 field=4.1807 rms=0.1307 scale=1.0000 fcos=nan ign=0.0000 prn=nan nxp=0.000 mph=0.000 bytes=393216 pkts=393216 shard=0
step=0872250 (run 250/8000) loss=0.00261 byte_ppl=1.003 atoms=64 merges=0 field=4.5111 rms=0.1410 scale=1.0000 fcos=nan ign=0.0000 prn=nan nxp=0.000 mph=0.000 bytes=393216 pkts=393216 shard=0
step=0872275 (run 275/8000) loss=6.20790 byte_ppl=496.659 atoms=21 merges=0 field=4.8064 rms=0.1502 scale=1.0000 fcos=nan ign=0.0000 prn=nan nxp=0.000 mph=0.000 bytes=393216 pkts=393216 shard=0
step=0872300 (run 300/8000) loss=6.36428 byte_ppl=580.726 atoms=49 merges=0 field=5.1127 rms=0.1598 scale=1.0000 fcos=nan ign=0.0000 prn=nan nxp=0.000 mph=0.000 bytes=393216 pkts=393216 shard=0
step=0872325 (run 325/8000) loss=0.02708 byte_ppl=1.027 atoms=5 merges=0 field=5.4076 rms=0.1690 scale=1.0000 fcos=nan ign=0.0000 prn=nan nxp=0.000 mph=0.000 bytes=393216 pkts=393216 shard=0
step=0872350 (run 350/8000) loss=0.00109 byte_ppl=1.001 atoms=33 merges=0 field=5.7742 rms=0.1804 scale=1.0000 fcos=nan ign=0.0000 prn=nan nxp=0.000 mph=0.000 bytes=393216 pkts=393216 shard=0
step=0872375 (run 375/8000) loss=0.00617 byte_ppl=1.006 atoms=60 merges=0 field=6.1560 rms=0.1924 scale=1.0000 fcos=nan ign=0.0000 prn=nan nxp=0.000 mph=0.000 bytes=393216 pkts=393216 shard=0
step=0872400 (run 400/8000) loss=0.00088 byte_ppl=1.001 atoms=18 merges=0 field=6.4198 rms=0.2006 scale=1.0000 fcos=nan ign=0.0000 prn=nan nxp=0.000 mph=0.000 bytes=393216 pkts=393216 shard=0
step=0872425 (run 425/8000) loss=0.00040 byte_ppl=1.000 atoms=45 merges=0 field=6.8071 rms=0.2127 scale=1.0000 fcos=nan ign=0.0000 prn=nan nxp=0.000 mph=0.000 bytes=393216 pkts=393216 shard=0
step=0872450 (run 450/8000) loss=5.24080 byte_ppl=188.822 atoms=3 merges=0 field=7.1607 rms=0.2238 scale=1.0000 fcos=nan ign=0.0000 prn=nan nxp=0.000 mph=0.000 bytes=393216 pkts=393216 shard=0
step=0872475 (run 475/8000) loss=1.39256 byte_ppl=4.025 atoms=30 merges=0 field=7.3560 rms=0.2299 scale=1.0000 fcos=nan ign=0.0000 prn=nan nxp=0.000 mph=0.000 bytes=393216 pkts=393216 shard=0
step=0872500 (run 500/8000) loss=3.54952 byte_ppl=34.797 atoms=58 merges=0 field=7.7230 rms=0.2413 scale=1.0000 fcos=nan ign=0.0000 prn=nan nxp=0.000 mph=0.000 bytes=393216 pkts=393216 shard=0
step=0872525 (run 525/8000) loss=0.38631 byte_ppl=1.472 atoms=14 merges=0 field=7.9592 rms=0.2487 scale=1.0000 fcos=nan ign=0.0000 prn=nan nxp=0.000 mph=0.000 bytes=393216 pkts=393216 shard=0
step=0872550 (run 550/8000) loss=6.98055 byte_ppl=1075.506 atoms=42 merges=0 field=8.1561 rms=0.2549 scale=1.0000 fcos=nan ign=0.0000 prn=nan nxp=0.000 mph=0.000 bytes=393216 pkts=393216 shard=0
step=0872575 (run 575/8000) loss=1.60254 byte_ppl=4.966 atoms=69 merges=0 field=8.4279 rms=0.2634 scale=1.0000 fcos=nan ign=0.0000 prn=nan nxp=0.000 mph=0.000 bytes=393216 pkts=393216 shard=0
step=0872600 (run 600/8000) loss=12.25039 byte_ppl=209063.417 atoms=27 merges=0 field=8.7594 rms=0.2737 scale=1.0000 fcos=nan ign=0.0000 prn=nan nxp=0.000 mph=0.000 bytes=393216 pkts=393216 shard=0
step=0872625 (run 625/8000) loss=0.00478 byte_ppl=1.005 atoms=54 merges=0 field=8.9331 rms=0.2792 scale=1.0000 fcos=nan ign=0.0000 prn=nan nxp=0.000 mph=0.000 bytes=393216 pkts=393216 shard=0
step=0872650 (run 650/8000) loss=7.26983 byte_ppl=1436.305 atoms=11 merges=0 field=9.1891 rms=0.2872 scale=1.0000 fcos=nan ign=0.0000 prn=nan nxp=0.000 mph=0.000 bytes=393216 pkts=393216 shard=0
step=0872675 (run 675/8000) loss=0.16747 byte_ppl=1.182 atoms=38 merges=0 field=9.4376 rms=0.2949 scale=1.0000 fcos=nan ign=0.0000 prn=nan nxp=0.000 mph=0.000 bytes=393216 pkts=393216 shard=0
step=0872700 (run 700/8000) loss=4.48327 byte_ppl=88.524 atoms=66 merges=0 field=9.6575 rms=0.3018 scale=1.0000 fcos=nan ign=0.0000 prn=nan nxp=0.000 mph=0.000 bytes=393216 pkts=393216 shard=0
step=0872725 (run 725/8000) loss=1.54435 byte_ppl=4.685 atoms=23 merges=0 field=9.9094 rms=0.3097 scale=1.0000 fcos=nan ign=0.0000 prn=nan nxp=0.000 mph=0.000 bytes=393216 pkts=393216 shard=0
step=0872750 (run 750/8000) loss=0.00214 byte_ppl=1.002 atoms=51 merges=0 field=10.0662 rms=0.3146 scale=1.0000 fcos=nan ign=0.0000 prn=nan nxp=0.000 mph=0.000 bytes=393216 pkts=393216 shard=0
step=0872775 (run 775/8000) loss=0.05405 byte_ppl=1.056 atoms=8 merges=0 field=10.2332 rms=0.3198 scale=1.0000 fcos=nan ign=0.0000 prn=nan nxp=0.000 mph=0.000 bytes=393216 pkts=393216 shard=0
step=0872800 (run 800/8000) loss=3.87823 byte_ppl=48.338 atoms=36 merges=0 field=10.4889 rms=0.3278 scale=1.0000 fcos=nan ign=0.0000 prn=nan nxp=0.000 mph=0.000 bytes=393216 pkts=393216 shard=0
step=0872825 (run 825/8000) loss=0.00160 byte_ppl=1.002 atoms=63 merges=0 field=10.7141 rms=0.3348 scale=1.0000 fcos=nan ign=0.0000 prn=nan nxp=0.000 mph=0.000 bytes=393216 pkts=393216 shard=0
step=0872850 (run 850/8000) loss=0.00227 byte_ppl=1.002 atoms=20 merges=0 field=10.8568 rms=0.3393 scale=1.0000 fcos=nan ign=0.0000 prn=nan nxp=0.000 mph=0.000 bytes=393216 pkts=393216 shard=0
step=0872875 (run 875/8000) loss=1.69284 byte_ppl=5.435 atoms=47 merges=0 field=11.0621 rms=0.3457 scale=1.0000 fcos=nan ign=0.0000 prn=nan nxp=0.000 mph=0.000 bytes=393216 pkts=393216 shard=0
step=0872900 (run 900/8000) loss=5.98342 byte_ppl=396.793 atoms=5 merges=0 field=11.2654 rms=0.3520 scale=1.0000 fcos=nan ign=0.0000 prn=nan nxp=0.000 mph=0.000 bytes=393216 pkts=393216 shard=0
step=0872925 (run 925/8000) loss=0.00024 byte_ppl=1.000 atoms=32 merges=0 field=11.4621 rms=0.3582 scale=1.0000 fcos=nan ign=0.0000 prn=nan nxp=0.000 mph=0.000 bytes=393216 pkts=393216 shard=0
step=0872950 (run 950/8000) loss=6.71744 byte_ppl=826.696 atoms=60 merges=0 field=11.6603 rms=0.3644 scale=1.0000 fcos=nan ign=0.0000 prn=nan nxp=0.000 mph=0.000 bytes=393216 pkts=393216 shard=0
step=0872975 (run 975/8000) loss=0.13075 byte_ppl=1.140 atoms=16 merges=0 field=11.8398 rms=0.3700 scale=1.0000 fcos=nan ign=0.0000 prn=nan nxp=0.000 mph=0.000 bytes=393216 pkts=393216 shard=0
step=0873000 (run 1000/8000) loss=0.01107 byte_ppl=1.011 atoms=44 merges=0 field=12.0810 rms=0.3775 scale=1.0000 fcos=nan ign=0.0000 prn=nan nxp=0.000 mph=0.000 bytes=393216 pkts=393216 shard=0
step=0873025 (run 1025/8000) loss=11.05272 byte_ppl=63115.159 atoms=1 merges=0 field=12.2487 rms=0.3828 scale=1.0000 fcos=nan ign=0.0000 prn=nan nxp=0.000 mph=0.000 bytes=393216 pkts=393216 shard=0
step=0873050 (run 1050/8000) loss=6.46688 byte_ppl=643.474 atoms=29 merges=0 field=12.4728 rms=0.3898 scale=1.0000 fcos=nan ign=0.0000 prn=nan nxp=0.000 mph=0.000 bytes=393216 pkts=393216 shard=0
step=0873075 (run 1075/8000) loss=0.00527 byte_ppl=1.005 atoms=56 merges=0 field=12.5939 rms=0.3936 scale=1.0000 fcos=nan ign=0.0000 prn=nan nxp=0.000 mph=0.000 bytes=393216 pkts=393216 shard=0
step=0873100 (run 1100/8000) loss=10.36669 byte_ppl=31783.090 atoms=14 merges=0 field=12.8486 rms=0.4015 scale=1.0000 fcos=nan ign=0.0000 prn=nan nxp=0.000 mph=0.000 bytes=393216 pkts=393216 shard=0
step=0873125 (run 1125/8000) loss=0.00270 byte_ppl=1.003 atoms=41 merges=0 field=13.0836 rms=0.4089 scale=1.0000 fcos=nan ign=0.0000 prn=nan nxp=0.000 mph=0.000 bytes=393216 pkts=393216 shard=0
step=0873150 (run 1150/8000) loss=0.00027 byte_ppl=1.000 atoms=69 merges=0 field=13.2215 rms=0.4132 scale=1.0000 fcos=nan ign=0.0000 prn=nan nxp=0.000 mph=0.000 bytes=393216 pkts=393216 shard=0
step=0873175 (run 1175/8000) loss=0.00265 byte_ppl=1.003 atoms=25 merges=0 field=13.4798 rms=0.4212 scale=1.0000 fcos=nan ign=0.0000 prn=nan nxp=0.000 mph=0.000 bytes=393216 pkts=393216 shard=0
step=0873200 (run 1200/8000) loss=1.24430 byte_ppl=3.471 atoms=53 merges=0 field=13.7091 rms=0.4284 scale=1.0000 fcos=nan ign=0.0000 prn=nan nxp=0.000 mph=0.000 bytes=393216 pkts=393216 shard=0
step=0873225 (run 1225/8000) loss=0.00020 byte_ppl=1.000 atoms=10 merges=0 field=13.7530 rms=0.4298 scale=1.0000 fcos=nan ign=0.0000 prn=nan nxp=0.000 mph=0.000 bytes=393216 pkts=393216 shard=0
step=0873250 (run 1250/8000) loss=2.96344 byte_ppl=19.364 atoms=38 merges=0 field=13.8971 rms=0.4343 scale=1.0000 fcos=nan ign=0.0000 prn=nan nxp=0.000 mph=0.000 bytes=393216 pkts=393216 shard=0
step=0873275 (run 1275/8000) loss=0.00857 byte_ppl=1.009 atoms=65 merges=0 field=14.0300 rms=0.4384 scale=1.0000 fcos=nan ign=0.0000 prn=nan nxp=0.000 mph=0.000 bytes=393216 pkts=393216 shard=0
step=0873300 (run 1300/8000) loss=0.04371 byte_ppl=1.045 atoms=22 merges=0 field=14.0670 rms=0.4396 scale=1.0000 fcos=nan ign=0.0000 prn=nan nxp=0.000 mph=0.000 bytes=393216 pkts=393216 shard=0
step=0873325 (run 1325/8000) loss=0.00641 byte_ppl=1.006 atoms=49 merges=0 field=14.2212 rms=0.4444 scale=1.0000 fcos=nan ign=0.0000 prn=nan nxp=0.000 mph=0.000 bytes=393216 pkts=393216 shard=0
step=0873350 (run 1350/8000) loss=4.40835 byte_ppl=82.134 atoms=7 merges=0 field=14.3749 rms=0.4492 scale=1.0000 fcos=nan ign=0.0000 prn=nan nxp=0.000 mph=0.000 bytes=393216 pkts=393216 shard=0
step=0873375 (run 1375/8000) loss=0.00088 byte_ppl=1.001 atoms=34 merges=0 field=14.4548 rms=0.4517 scale=1.0000 fcos=nan ign=0.0000 prn=nan nxp=0.000 mph=0.000 bytes=393216 pkts=393216 shard=0
step=0873400 (run 1400/8000) loss=2.31893 byte_ppl=10.165 atoms=62 merges=0 field=14.5438 rms=0.4545 scale=1.0000 fcos=nan ign=0.0000 prn=nan nxp=0.000 mph=0.000 bytes=393216 pkts=393216 shard=0
step=0873425 (run 1425/8000) loss=3.16227 byte_ppl=23.624 atoms=19 merges=0 field=14.6971 rms=0.4593 scale=1.0000 fcos=nan ign=0.0000 prn=nan nxp=0.000 mph=0.000 bytes=393216 pkts=393216 shard=0
step=0873450 (run 1450/8000) loss=2.37398 byte_ppl=10.740 atoms=47 merges=0 field=14.8031 rms=0.4626 scale=1.0000 fcos=nan ign=0.0000 prn=nan nxp=0.000 mph=0.000 bytes=393216 pkts=393216 shard=0
step=0873475 (run 1475/8000) loss=0.00037 byte_ppl=1.000 atoms=3 merges=0 field=14.9569 rms=0.4674 scale=1.0000 fcos=nan ign=0.0000 prn=nan nxp=0.000 mph=0.000 bytes=393216 pkts=393216 shard=0
step=0873500 (run 1500/8000) loss=0.06159 byte_ppl=1.064 atoms=31 merges=0 field=14.9935 rms=0.4685 scale=1.0000 fcos=nan ign=0.0000 prn=nan nxp=0.000 mph=0.000 bytes=393216 pkts=393216 shard=0
step=0873525 (run 1525/8000) loss=0.00219 byte_ppl=1.002 atoms=58 merges=0 field=15.1156 rms=0.4724 scale=1.0000 fcos=nan ign=0.0000 prn=nan nxp=0.000 mph=0.000 bytes=393216 pkts=393216 shard=0
step=0873550 (run 1550/8000) loss=0.00495 byte_ppl=1.005 atoms=16 merges=0 field=15.2632 rms=0.4770 scale=1.0000 fcos=nan ign=0.0000 prn=nan nxp=0.000 mph=0.000 bytes=393216 pkts=393216 shard=0
step=0873575 (run 1575/8000) loss=0.00069 byte_ppl=1.001 atoms=43 merges=0 field=15.4550 rms=0.4830 scale=1.0000 fcos=nan ign=0.0000 prn=nan nxp=0.000 mph=0.000 bytes=393216 pkts=393216 shard=0
step=0873600 (run 1600/8000) loss=5.48954 byte_ppl=242.146 atoms=71 merges=0 field=15.5673 rms=0.4865 scale=1.0000 fcos=nan ign=0.0000 prn=nan nxp=0.000 mph=0.000 bytes=393216 pkts=393216 shard=0
step=0873625 (run 1625/8000) loss=0.00795 byte_ppl=1.008 atoms=27 merges=0 field=15.6316 rms=0.4885 scale=1.0000 fcos=nan ign=0.0000 prn=nan nxp=0.000 mph=0.000 bytes=393216 pkts=393216 shard=0
step=0873650 (run 1650/8000) loss=0.29166 byte_ppl=1.339 atoms=55 merges=0 field=15.7572 rms=0.4924 scale=1.0000 fcos=nan ign=0.0000 prn=nan nxp=0.000 mph=0.000 bytes=393216 pkts=393216 shard=0
step=0873675 (run 1675/8000) loss=0.04432 byte_ppl=1.045 atoms=12 merges=0 field=15.8330 rms=0.4948 scale=1.0000 fcos=nan ign=0.0000 prn=nan nxp=0.000 mph=0.000 bytes=393216 pkts=393216 shard=0
step=0873700 (run 1700/8000) loss=0.91714 byte_ppl=2.502 atoms=40 merges=0 field=15.9315 rms=0.4979 scale=1.0000 fcos=nan ign=0.0000 prn=nan nxp=0.000 mph=0.000 bytes=393216 pkts=393216 shard=0
step=0873725 (run 1725/8000) loss=0.00263 byte_ppl=1.003 atoms=67 merges=0 field=15.9976 rms=0.4999 scale=1.0000 fcos=nan ign=0.0000 prn=nan nxp=0.000 mph=0.000 bytes=393216 pkts=393216 shard=0
step=0873750 (run 1750/8000) loss=2.34779 byte_ppl=10.462 atoms=25 merges=0 field=16.0495 rms=0.5015 scale=1.0000 fcos=nan ign=0.0000 prn=nan nxp=0.000 mph=0.000 bytes=393216 pkts=393216 shard=0
step=0873775 (run 1775/8000) loss=0.24376 byte_ppl=1.276 atoms=52 merges=0 field=16.1522 rms=0.5048 scale=1.0000 fcos=nan ign=0.0000 prn=nan nxp=0.000 mph=0.000 bytes=393216 pkts=393216 shard=0
step=0873800 (run 1800/8000) loss=0.08161 byte_ppl=1.085 atoms=9 merges=0 field=16.3454 rms=0.5108 scale=1.0000 fcos=nan ign=0.0000 prn=nan nxp=0.000 mph=0.000 bytes=393216 pkts=393216 shard=0
step=0873825 (run 1825/8000) loss=0.63035 byte_ppl=1.878 atoms=36 merges=0 field=16.3854 rms=0.5120 scale=1.0000 fcos=nan ign=0.0000 prn=nan nxp=0.000 mph=0.000 bytes=393216 pkts=393216 shard=0
step=0873850 (run 1850/8000) loss=0.00008 byte_ppl=1.000 atoms=64 merges=0 field=16.5605 rms=0.5175 scale=1.0000 fcos=nan ign=0.0000 prn=nan nxp=0.000 mph=0.000 bytes=393216 pkts=393216 shard=0
step=0873875 (run 1875/8000) loss=0.00205 byte_ppl=1.002 atoms=21 merges=0 field=16.6581 rms=0.5206 scale=1.0000 fcos=nan ign=0.0000 prn=nan nxp=0.000 mph=0.000 bytes=393216 pkts=393216 shard=0
step=0873900 (run 1900/8000) loss=14.87037 byte_ppl=2871579.464 atoms=49 merges=0 field=16.7126 rms=0.5223 scale=1.0000 fcos=nan ign=0.0000 prn=nan nxp=0.000 mph=0.000 bytes=393216 pkts=393216 shard=0
step=0873925 (run 1925/8000) loss=6.23377 byte_ppl=509.675 atoms=5 merges=0 field=16.7751 rms=0.5242 scale=1.0000 fcos=nan ign=0.0000 prn=nan nxp=0.000 mph=0.000 bytes=393216 pkts=393216 shard=0
step=0873950 (run 1950/8000) loss=8.98188 byte_ppl=7957.557 atoms=33 merges=0 field=16.7681 rms=0.5240 scale=1.0000 fcos=nan ign=0.0000 prn=nan nxp=0.000 mph=0.000 bytes=393216 pkts=393216 shard=0
step=0873975 (run 1975/8000) loss=0.00051 byte_ppl=1.001 atoms=60 merges=0 field=16.8485 rms=0.5265 scale=1.0000 fcos=nan ign=0.0000 prn=nan nxp=0.000 mph=0.000 bytes=393216 pkts=393216 shard=0
step=0874000 (run 2000/8000) loss=0.00094 byte_ppl=1.001 atoms=18 merges=0 field=16.9570 rms=0.5299 scale=1.0000 fcos=nan ign=0.0000 prn=nan nxp=0.000 mph=0.000 bytes=393216 pkts=393216 shard=0
step=0874025 (run 2025/8000) loss=2.76214 byte_ppl=15.834 atoms=45 merges=0 field=17.0673 rms=0.5334 scale=1.0000 fcos=nan ign=0.0000 prn=nan nxp=0.000 mph=0.000 bytes=393216 pkts=393216 shard=0
step=0874050 (run 2050/8000) loss=0.40562 byte_ppl=1.500 atoms=3 merges=0 field=17.1490 rms=0.5359 scale=1.0000 fcos=nan ign=0.0000 prn=nan nxp=0.000 mph=0.000 bytes=393216 pkts=393216 shard=0
step=0874075 (run 2075/8000) loss=0.00185 byte_ppl=1.002 atoms=30 merges=0 field=17.1827 rms=0.5370 scale=1.0000 fcos=nan ign=0.0000 prn=nan nxp=0.000 mph=0.000 bytes=393216 pkts=393216 shard=0
step=0874100 (run 2100/8000) loss=3.30296 byte_ppl=27.193 atoms=58 merges=0 field=17.2423 rms=0.5388 scale=1.0000 fcos=nan ign=0.0000 prn=nan nxp=0.000 mph=0.000 bytes=393216 pkts=393216 shard=0
step=0874125 (run 2125/8000) loss=0.00492 byte_ppl=1.005 atoms=14 merges=0 field=17.3078 rms=0.5409 scale=1.0000 fcos=nan ign=0.0000 prn=nan nxp=0.000 mph=0.000 bytes=393216 pkts=393216 shard=0
step=0874150 (run 2150/8000) loss=0.01471 byte_ppl=1.015 atoms=42 merges=0 field=17.3999 rms=0.5437 scale=1.0000 fcos=nan ign=0.0000 prn=nan nxp=0.000 mph=0.000 bytes=393216 pkts=393216 shard=0
step=0874175 (run 2175/8000) loss=0.00011 byte_ppl=1.000 atoms=69 merges=0 field=17.4972 rms=0.5468 scale=1.0000 fcos=nan ign=0.0000 prn=nan nxp=0.000 mph=0.000 bytes=393216 pkts=393216 shard=0
step=0874200 (run 2200/8000) loss=0.00011 byte_ppl=1.000 atoms=27 merges=0 field=17.4870 rms=0.5465 scale=1.0000 fcos=nan ign=0.0000 prn=nan nxp=0.000 mph=0.000 bytes=393216 pkts=393216 shard=0
step=0874225 (run 2225/8000) loss=0.43234 byte_ppl=1.541 atoms=54 merges=0 field=17.5758 rms=0.5492 scale=1.0000 fcos=nan ign=0.0000 prn=nan nxp=0.000 mph=0.000 bytes=393216 pkts=393216 shard=0
step=0874250 (run 2250/8000) loss=11.30882 byte_ppl=81537.308 atoms=11 merges=0 field=17.6019 rms=0.5501 scale=1.0000 fcos=nan ign=0.0000 prn=nan nxp=0.000 mph=0.000 bytes=393216 pkts=393216 shard=0
step=0874275 (run 2275/8000) loss=0.00011 byte_ppl=1.000 atoms=38 merges=0 field=17.7199 rms=0.5537 scale=1.0000 fcos=nan ign=0.0000 prn=nan nxp=0.000 mph=0.000 bytes=393216 pkts=393216 shard=0
step=0874300 (run 2300/8000) loss=0.11075 byte_ppl=1.117 atoms=66 merges=0 field=17.7315 rms=0.5541 scale=1.0000 fcos=nan ign=0.0000 prn=nan nxp=0.000 mph=0.000 bytes=393216 pkts=393216 shard=0
step=0874325 (run 2325/8000) loss=0.00268 byte_ppl=1.003 atoms=23 merges=0 field=17.7969 rms=0.5562 scale=1.0000 fcos=nan ign=0.0000 prn=nan nxp=0.000 mph=0.000 bytes=393216 pkts=393216 shard=0
step=0874350 (run 2350/8000) loss=3.06554 byte_ppl=21.446 atoms=51 merges=0 field=17.9038 rms=0.5595 scale=1.0000 fcos=nan ign=0.0000 prn=nan nxp=0.000 mph=0.000 bytes=393216 pkts=393216 shard=0
step=0874375 (run 2375/8000) loss=0.00219 byte_ppl=1.002 atoms=8 merges=0 field=17.9380 rms=0.5606 scale=1.0000 fcos=nan ign=0.0000 prn=nan nxp=0.000 mph=0.000 bytes=393216 pkts=393216 shard=0
step=0874400 (run 2400/8000) loss=3.99560 byte_ppl=54.358 atoms=36 merges=0 field=17.9981 rms=0.5624 scale=1.0000 fcos=nan ign=0.0000 prn=nan nxp=0.000 mph=0.000 bytes=393216 pkts=393216 shard=0
step=0874425 (run 2425/8000) loss=3.90382 byte_ppl=49.592 atoms=63 merges=0 field=18.1156 rms=0.5661 scale=1.0000 fcos=nan ign=0.0000 prn=nan nxp=0.000 mph=0.000 bytes=393216 pkts=393216 shard=0
step=0874450 (run 2450/8000) loss=6.24335 byte_ppl=514.580 atoms=20 merges=0 field=18.1907 rms=0.5685 scale=1.0000 fcos=nan ign=0.0000 prn=nan nxp=0.000 mph=0.000 bytes=393216 pkts=393216 shard=0
step=0874475 (run 2475/8000) loss=0.00354 byte_ppl=1.004 atoms=47 merges=0 field=18.2407 rms=0.5700 scale=1.0000 fcos=nan ign=0.0000 prn=nan nxp=0.000 mph=0.000 bytes=393216 pkts=393216 shard=0
step=0874500 (run 2500/8000) loss=1.61183 byte_ppl=5.012 atoms=5 merges=0 field=18.3999 rms=0.5750 scale=1.0000 fcos=nan ign=0.0000 prn=nan nxp=0.000 mph=0.000 bytes=393216 pkts=393216 shard=0
step=0874525 (run 2525/8000) loss=0.01017 byte_ppl=1.010 atoms=32 merges=0 field=18.4443 rms=0.5764 scale=1.0000 fcos=nan ign=0.0000 prn=nan nxp=0.000 mph=0.000 bytes=393216 pkts=393216 shard=0
step=0874550 (run 2550/8000) loss=8.14425 byte_ppl=3443.521 atoms=60 merges=0 field=18.4724 rms=0.5773 scale=1.0000 fcos=nan ign=0.0000 prn=nan nxp=0.000 mph=0.000 bytes=393216 pkts=393216 shard=0
step=0874575 (run 2575/8000) loss=0.00040 byte_ppl=1.000 atoms=16 merges=0 field=18.5873 rms=0.5809 scale=1.0000 fcos=nan ign=0.0000 prn=nan nxp=0.000 mph=0.000 bytes=393216 pkts=393216 shard=0
step=0874600 (run 2600/8000) loss=0.00029 byte_ppl=1.000 atoms=44 merges=0 field=18.6745 rms=0.5836 scale=1.0000 fcos=nan ign=0.0000 prn=nan nxp=0.000 mph=0.000 bytes=393216 pkts=393216 shard=0
step=0874625 (run 2625/8000) loss=5.39418 byte_ppl=220.121 atoms=1 merges=0 field=18.6792 rms=0.5837 scale=1.0000 fcos=nan ign=0.0000 prn=nan nxp=0.000 mph=0.000 bytes=393216 pkts=393216 shard=0
step=0874650 (run 2650/8000) loss=0.24594 byte_ppl=1.279 atoms=29 merges=0 field=18.8012 rms=0.5875 scale=1.0000 fcos=nan ign=0.0000 prn=nan nxp=0.000 mph=0.000 bytes=393216 pkts=393216 shard=0
step=0874675 (run 2675/8000) loss=5.85000 byte_ppl=347.233 atoms=56 merges=0 field=18.8416 rms=0.5888 scale=1.0000 fcos=nan ign=0.0000 prn=nan nxp=0.000 mph=0.000 bytes=393216 pkts=393216 shard=0
step=0874700 (run 2700/8000) loss=0.00250 byte_ppl=1.003 atoms=14 merges=0 field=18.8352 rms=0.5886 scale=1.0000 fcos=nan ign=0.0000 prn=nan nxp=0.000 mph=0.000 bytes=393216 pkts=393216 shard=0
step=0874725 (run 2725/8000) loss=0.00638 byte_ppl=1.006 atoms=41 merges=0 field=18.9829 rms=0.5932 scale=1.0000 fcos=nan ign=0.0000 prn=nan nxp=0.000 mph=0.000 bytes=393216 pkts=393216 shard=0
step=0874750 (run 2750/8000) loss=6.13536 byte_ppl=461.904 atoms=69 merges=0 field=19.1066 rms=0.5971 scale=1.0000 fcos=nan ign=0.0000 prn=nan nxp=0.000 mph=0.000 bytes=393216 pkts=393216 shard=0
step=0874775 (run 2775/8000) loss=0.00013 byte_ppl=1.000 atoms=25 merges=0 field=19.0347 rms=0.5948 scale=1.0000 fcos=nan ign=0.0000 prn=nan nxp=0.000 mph=0.000 bytes=393216 pkts=393216 shard=0
step=0874800 (run 2800/8000) loss=9.12244 byte_ppl=9158.481 atoms=53 merges=0 field=19.0588 rms=0.5956 scale=1.0000 fcos=nan ign=0.0000 prn=nan nxp=0.000 mph=0.000 bytes=393216 pkts=393216 shard=0
step=0874825 (run 2825/8000) loss=0.50319 byte_ppl=1.654 atoms=10 merges=0 field=19.0887 rms=0.5965 scale=1.0000 fcos=nan ign=0.0000 prn=nan nxp=0.000 mph=0.000 bytes=393216 pkts=393216 shard=0
step=0874850 (run 2850/8000) loss=12.12898 byte_ppl=185160.227 atoms=38 merges=0 field=19.1467 rms=0.5983 scale=1.0000 fcos=nan ign=0.0000 prn=nan nxp=0.000 mph=0.000 bytes=393216 pkts=393216 shard=0
step=0874875 (run 2875/8000) loss=0.14318 byte_ppl=1.154 atoms=65 merges=0 field=19.1425 rms=0.5982 scale=1.0000 fcos=nan ign=0.0000 prn=nan nxp=0.000 mph=0.000 bytes=393216 pkts=393216 shard=0
step=0874900 (run 2900/8000) loss=0.00003 byte_ppl=1.000 atoms=22 merges=0 field=19.2026 rms=0.6001 scale=1.0000 fcos=nan ign=0.0000 prn=nan nxp=0.000 mph=0.000 bytes=393216 pkts=393216 shard=0
step=0874925 (run 2925/8000) loss=0.00076 byte_ppl=1.001 atoms=49 merges=0 field=19.2004 rms=0.6000 scale=1.0000 fcos=nan ign=0.0000 prn=nan nxp=0.000 mph=0.000 bytes=393216 pkts=393216 shard=0
step=0874950 (run 2950/8000) loss=0.25789 byte_ppl=1.294 atoms=7 merges=0 field=19.2424 rms=0.6013 scale=1.0000 fcos=nan ign=0.0000 prn=nan nxp=0.000 mph=0.000 bytes=393216 pkts=393216 shard=0
step=0874975 (run 2975/8000) loss=0.00022 byte_ppl=1.000 atoms=34 merges=0 field=19.3125 rms=0.6035 scale=1.0000 fcos=nan ign=0.0000 prn=nan nxp=0.000 mph=0.000 bytes=393216 pkts=393216 shard=0
step=0875000 (run 3000/8000) loss=0.00144 byte_ppl=1.001 atoms=62 merges=0 field=19.3493 rms=0.6047 scale=1.0000 fcos=nan ign=0.0000 prn=nan nxp=0.000 mph=0.000 bytes=393216 pkts=393216 shard=0
step=0875025 (run 3025/8000) loss=0.01829 byte_ppl=1.018 atoms=19 merges=0 field=19.4145 rms=0.6067 scale=1.0000 fcos=nan ign=0.0000 prn=nan nxp=0.000 mph=0.000 bytes=393216 pkts=393216 shard=0
step=0875050 (run 3050/8000) loss=5.93399 byte_ppl=377.659 atoms=47 merges=0 field=19.3407 rms=0.6044 scale=1.0000 fcos=nan ign=0.0000 prn=nan nxp=0.000 mph=0.000 bytes=393216 pkts=393216 shard=0
step=0875075 (run 3075/8000) loss=0.00021 byte_ppl=1.000 atoms=3 merges=0 field=19.4137 rms=0.6067 scale=1.0000 fcos=nan ign=0.0000 prn=nan nxp=0.000 mph=0.000 bytes=393216 pkts=393216 shard=0
step=0875100 (run 3100/8000) loss=3.00452 byte_ppl=20.177 atoms=31 merges=0 field=19.4730 rms=0.6085 scale=1.0000 fcos=nan ign=0.0000 prn=nan nxp=0.000 mph=0.000 bytes=393216 pkts=393216 shard=0
step=0875125 (run 3125/8000) loss=0.00476 byte_ppl=1.005 atoms=58 merges=0 field=19.4760 rms=0.6086 scale=1.0000 fcos=nan ign=0.0000 prn=nan nxp=0.000 mph=0.000 bytes=393216 pkts=393216 shard=0
step=0875150 (run 3150/8000) loss=0.07571 byte_ppl=1.079 atoms=16 merges=0 field=19.5999 rms=0.6125 scale=1.0000 fcos=nan ign=0.0000 prn=nan nxp=0.000 mph=0.000 bytes=393216 pkts=393216 shard=0
step=0875175 (run 3175/8000) loss=0.00350 byte_ppl=1.004 atoms=43 merges=0 field=19.6703 rms=0.6147 scale=1.0000 fcos=nan ign=0.0000 prn=nan nxp=0.000 mph=0.000 bytes=393216 pkts=393216 shard=0
step=0875200 (run 3200/8000) loss=0.14385 byte_ppl=1.155 atoms=71 merges=0 field=19.6489 rms=0.6140 scale=1.0000 fcos=nan ign=0.0000 prn=nan nxp=0.000 mph=0.000 bytes=393216 pkts=393216 shard=0
step=0875225 (run 3225/8000) loss=0.00050 byte_ppl=1.000 atoms=27 merges=0 field=19.6032 rms=0.6126 scale=1.0000 fcos=nan ign=0.0000 prn=nan nxp=0.000 mph=0.000 bytes=393216 pkts=393216 shard=0
step=0875250 (run 3250/8000) loss=2.97875 byte_ppl=19.663 atoms=55 merges=0 field=19.6689 rms=0.6147 scale=1.0000 fcos=nan ign=0.0000 prn=nan nxp=0.000 mph=0.000 bytes=393216 pkts=393216 shard=0
step=0875275 (run 3275/8000) loss=1.02059 byte_ppl=2.775 atoms=12 merges=0 field=19.7275 rms=0.6165 scale=1.0000 fcos=nan ign=0.0000 prn=nan nxp=0.000 mph=0.000 bytes=393216 pkts=393216 shard=0
step=0875300 (run 3300/8000) loss=0.06999 byte_ppl=1.073 atoms=40 merges=0 field=19.7181 rms=0.6162 scale=1.0000 fcos=nan ign=0.0000 prn=nan nxp=0.000 mph=0.000 bytes=393216 pkts=393216 shard=0
step=0875325 (run 3325/8000) loss=0.00043 byte_ppl=1.000 atoms=67 merges=0 field=19.7629 rms=0.6176 scale=1.0000 fcos=nan ign=0.0000 prn=nan nxp=0.000 mph=0.000 bytes=393216 pkts=393216 shard=0
step=0875350 (run 3350/8000) loss=0.00668 byte_ppl=1.007 atoms=25 merges=0 field=19.8321 rms=0.6198 scale=1.0000 fcos=nan ign=0.0000 prn=nan nxp=0.000 mph=0.000 bytes=393216 pkts=393216 shard=0
step=0875375 (run 3375/8000) loss=0.00513 byte_ppl=1.005 atoms=52 merges=0 field=19.8266 rms=0.6196 scale=1.0000 fcos=nan ign=0.0000 prn=nan nxp=0.000 mph=0.000 bytes=393216 pkts=393216 shard=0
step=0875400 (run 3400/8000) loss=11.94555 byte_ppl=154129.735 atoms=9 merges=0 field=19.8809 rms=0.6213 scale=1.0000 fcos=nan ign=0.0000 prn=nan nxp=0.000 mph=0.000 bytes=393216 pkts=393216 shard=0
step=0875425 (run 3425/8000) loss=0.34308 byte_ppl=1.409 atoms=36 merges=0 field=19.8550 rms=0.6205 scale=1.0000 fcos=nan ign=0.0000 prn=nan nxp=0.000 mph=0.000 bytes=393216 pkts=393216 shard=0
step=0875450 (run 3450/8000) loss=0.65409 byte_ppl=1.923 atoms=64 merges=0 field=19.8142 rms=0.6192 scale=1.0000 fcos=nan ign=0.0000 prn=nan nxp=0.000 mph=0.000 bytes=393216 pkts=393216 shard=0
step=0875475 (run 3475/8000) loss=4.33157 byte_ppl=76.064 atoms=21 merges=0 field=19.8865 rms=0.6215 scale=1.0000 fcos=nan ign=0.0000 prn=nan nxp=0.000 mph=0.000 bytes=393216 pkts=393216 shard=0
step=0875500 (run 3500/8000) loss=5.69942 byte_ppl=298.695 atoms=49 merges=0 field=19.8160 rms=0.6193 scale=1.0000 fcos=nan ign=0.0000 prn=nan nxp=0.000 mph=0.000 bytes=393216 pkts=393216 shard=0
step=0875525 (run 3525/8000) loss=0.00052 byte_ppl=1.001 atoms=5 merges=0 field=19.8634 rms=0.6207 scale=1.0000 fcos=nan ign=0.0000 prn=nan nxp=0.000 mph=0.000 bytes=393216 pkts=393216 shard=0
step=0875550 (run 3550/8000) loss=0.04571 byte_ppl=1.047 atoms=33 merges=0 field=19.9033 rms=0.6220 scale=1.0000 fcos=nan ign=0.0000 prn=nan nxp=0.000 mph=0.000 bytes=393216 pkts=393216 shard=0
step=0875575 (run 3575/8000) loss=0.00136 byte_ppl=1.001 atoms=60 merges=0 field=19.8168 rms=0.6193 scale=1.0000 fcos=nan ign=0.0000 prn=nan nxp=0.000 mph=0.000 bytes=393216 pkts=393216 shard=0
step=0875600 (run 3600/8000) loss=0.05499 byte_ppl=1.057 atoms=18 merges=0 field=19.8465 rms=0.6202 scale=1.0000 fcos=nan ign=0.0000 prn=nan nxp=0.000 mph=0.000 bytes=393216 pkts=393216 shard=0
step=0875625 (run 3625/8000) loss=9.52926 byte_ppl=13756.364 atoms=45 merges=0 field=19.8676 rms=0.6209 scale=1.0000 fcos=nan ign=0.0000 prn=nan nxp=0.000 mph=0.000 bytes=393216 pkts=393216 shard=0
step=0875650 (run 3650/8000) loss=0.20080 byte_ppl=1.222 atoms=3 merges=0 field=19.8819 rms=0.6213 scale=1.0000 fcos=nan ign=0.0000 prn=nan nxp=0.000 mph=0.000 bytes=393216 pkts=393216 shard=0
step=0875675 (run 3675/8000) loss=0.00987 byte_ppl=1.010 atoms=30 merges=0 field=19.8469 rms=0.6202 scale=1.0000 fcos=nan ign=0.0000 prn=nan nxp=0.000 mph=0.000 bytes=393216 pkts=393216 shard=0
step=0875700 (run 3700/8000) loss=0.00192 byte_ppl=1.002 atoms=58 merges=0 field=19.8535 rms=0.6204 scale=1.0000 fcos=nan ign=0.0000 prn=nan nxp=0.000 mph=0.000 bytes=393216 pkts=393216 shard=0
step=0875725 (run 3725/8000) loss=5.83797 byte_ppl=343.083 atoms=14 merges=0 field=19.8653 rms=0.6208 scale=1.0000 fcos=nan ign=0.0000 prn=nan nxp=0.000 mph=0.000 bytes=393216 pkts=393216 shard=0
step=0875750 (run 3750/8000) loss=6.06566 byte_ppl=430.808 atoms=42 merges=0 field=19.8900 rms=0.6216 scale=1.0000 fcos=nan ign=0.0000 prn=nan nxp=0.000 mph=0.000 bytes=393216 pkts=393216 shard=0
step=0875775 (run 3775/8000) loss=0.00064 byte_ppl=1.001 atoms=69 merges=0 field=19.8676 rms=0.6209 scale=1.0000 fcos=nan ign=0.0000 prn=nan nxp=0.000 mph=0.000 bytes=393216 pkts=393216 shard=0
step=0875800 (run 3800/8000) loss=4.51290 byte_ppl=91.186 atoms=27 merges=0 field=19.9933 rms=0.6248 scale=1.0000 fcos=nan ign=0.0000 prn=nan nxp=0.000 mph=0.000 bytes=393216 pkts=393216 shard=0
step=0875825 (run 3825/8000) loss=0.35950 byte_ppl=1.433 atoms=54 merges=0 field=20.0340 rms=0.6261 scale=1.0000 fcos=nan ign=0.0000 prn=nan nxp=0.000 mph=0.000 bytes=393216 pkts=393216 shard=0
step=0875850 (run 3850/8000) loss=7.76631 byte_ppl=2359.739 atoms=11 merges=0 field=19.9789 rms=0.6243 scale=1.0000 fcos=nan ign=0.0000 prn=nan nxp=0.000 mph=0.000 bytes=393216 pkts=393216 shard=0
step=0875875 (run 3875/8000) loss=1.41198 byte_ppl=4.104 atoms=38 merges=0 field=19.9681 rms=0.6240 scale=1.0000 fcos=nan ign=0.0000 prn=nan nxp=0.000 mph=0.000 bytes=393216 pkts=393216 shard=0
step=0875900 (run 3900/8000) loss=3.55070 byte_ppl=34.838 atoms=66 merges=0 field=19.9016 rms=0.6219 scale=1.0000 fcos=nan ign=0.0000 prn=nan nxp=0.000 mph=0.000 bytes=393216 pkts=393216 shard=0
step=0875925 (run 3925/8000) loss=0.00158 byte_ppl=1.002 atoms=23 merges=0 field=19.9410 rms=0.6232 scale=1.0000 fcos=nan ign=0.0000 prn=nan nxp=0.000 mph=0.000 bytes=393216 pkts=393216 shard=0
step=0875950 (run 3950/8000) loss=14.81765 byte_ppl=2724092.836 atoms=51 merges=0 field=20.0376 rms=0.6262 scale=1.0000 fcos=nan ign=0.0000 prn=nan nxp=0.000 mph=0.000 bytes=393216 pkts=393216 shard=0
step=0875975 (run 3975/8000) loss=1.91920 byte_ppl=6.816 atoms=8 merges=0 field=20.0798 rms=0.6275 scale=1.0000 fcos=nan ign=0.0000 prn=nan nxp=0.000 mph=0.000 bytes=393216 pkts=393216 shard=0
step=0876000 (run 4000/8000) loss=5.87984 byte_ppl=357.752 atoms=36 merges=0 field=20.0361 rms=0.6261 scale=1.0000 fcos=nan ign=0.0000 prn=nan nxp=0.000 mph=0.000 bytes=393216 pkts=393216 shard=0
step=0876025 (run 4025/8000) loss=0.00147 byte_ppl=1.001 atoms=63 merges=0 field=20.0920 rms=0.6279 scale=1.0000 fcos=nan ign=0.0000 prn=nan nxp=0.000 mph=0.000 bytes=393216 pkts=393216 shard=0
step=0876050 (run 4050/8000) loss=3.58235 byte_ppl=35.958 atoms=20 merges=0 field=20.1325 rms=0.6291 scale=1.0000 fcos=nan ign=0.0000 prn=nan nxp=0.000 mph=0.000 bytes=393216 pkts=393216 shard=0
step=0876075 (run 4075/8000) loss=0.00046 byte_ppl=1.000 atoms=47 merges=0 field=20.1007 rms=0.6281 scale=1.0000 fcos=nan ign=0.0000 prn=nan nxp=0.000 mph=0.000 bytes=393216 pkts=393216 shard=0
step=0876100 (run 4100/8000) loss=0.00454 byte_ppl=1.005 atoms=5 merges=0 field=20.1231 rms=0.6288 scale=1.0000 fcos=nan ign=0.0000 prn=nan nxp=0.000 mph=0.000 bytes=393216 pkts=393216 shard=0
step=0876125 (run 4125/8000) loss=0.59379 byte_ppl=1.811 atoms=32 merges=0 field=20.1251 rms=0.6289 scale=1.0000 fcos=nan ign=0.0000 prn=nan nxp=0.000 mph=0.000 bytes=393216 pkts=393216 shard=0
step=0876150 (run 4150/8000) loss=0.96648 byte_ppl=2.629 atoms=60 merges=0 field=20.0442 rms=0.6264 scale=1.0000 fcos=nan ign=0.0000 prn=nan nxp=0.000 mph=0.000 bytes=393216 pkts=393216 shard=0
step=0876175 (run 4175/8000) loss=0.04180 byte_ppl=1.043 atoms=16 merges=0 field=20.0650 rms=0.6270 scale=1.0000 fcos=nan ign=0.0000 prn=nan nxp=0.000 mph=0.000 bytes=393216 pkts=393216 shard=0
step=0876200 (run 4200/8000) loss=0.00313 byte_ppl=1.003 atoms=44 merges=0 field=20.1030 rms=0.6282 scale=1.0000 fcos=nan ign=0.0000 prn=nan nxp=0.000 mph=0.000 bytes=393216 pkts=393216 shard=0
step=0876225 (run 4225/8000) loss=0.15612 byte_ppl=1.169 atoms=1 merges=0 field=20.0759 rms=0.6274 scale=1.0000 fcos=nan ign=0.0000 prn=nan nxp=0.000 mph=0.000 bytes=393216 pkts=393216 shard=0
step=0876250 (run 4250/8000) loss=5.78518 byte_ppl=325.440 atoms=29 merges=0 field=20.1113 rms=0.6285 scale=1.0000 fcos=nan ign=0.0000 prn=nan nxp=0.000 mph=0.000 bytes=393216 pkts=393216 shard=0
step=0876275 (run 4275/8000) loss=0.00439 byte_ppl=1.004 atoms=56 merges=0 field=20.2027 rms=0.6313 scale=1.0000 fcos=nan ign=0.0000 prn=nan nxp=0.000 mph=0.000 bytes=393216 pkts=393216 shard=0
step=0876300 (run 4300/8000) loss=6.16397 byte_ppl=475.310 atoms=14 merges=0 field=20.2746 rms=0.6336 scale=1.0000 fcos=nan ign=0.0000 prn=nan nxp=0.000 mph=0.000 bytes=393216 pkts=393216 shard=0
step=0876325 (run 4325/8000) loss=0.05451 byte_ppl=1.056 atoms=41 merges=0 field=20.2551 rms=0.6330 scale=1.0000 fcos=nan ign=0.0000 prn=nan nxp=0.000 mph=0.000 bytes=393216 pkts=393216 shard=0
step=0876350 (run 4350/8000) loss=0.03568 byte_ppl=1.036 atoms=69 merges=0 field=20.3293 rms=0.6353 scale=1.0000 fcos=nan ign=0.0000 prn=nan nxp=0.000 mph=0.000 bytes=393216 pkts=393216 shard=0
step=0876375 (run 4375/8000) loss=0.00072 byte_ppl=1.001 atoms=25 merges=0 field=20.3588 rms=0.6362 scale=1.0000 fcos=nan ign=0.0000 prn=nan nxp=0.000 mph=0.000 bytes=393216 pkts=393216 shard=0
step=0876400 (run 4400/8000) loss=3.92725 byte_ppl=50.767 atoms=53 merges=0 field=20.3659 rms=0.6364 scale=1.0000 fcos=nan ign=0.0000 prn=nan nxp=0.000 mph=0.000 bytes=393216 pkts=393216 shard=0
step=0876425 (run 4425/8000) loss=0.00061 byte_ppl=1.001 atoms=10 merges=0 field=20.4448 rms=0.6389 scale=1.0000 fcos=nan ign=0.0000 prn=nan nxp=0.000 mph=0.000 bytes=393216 pkts=393216 shard=0
step=0876450 (run 4450/8000) loss=0.00024 byte_ppl=1.000 atoms=38 merges=0 field=20.4109 rms=0.6378 scale=1.0000 fcos=nan ign=0.0000 prn=nan nxp=0.000 mph=0.000 bytes=393216 pkts=393216 shard=0
step=0876475 (run 4475/8000) loss=0.00016 byte_ppl=1.000 atoms=65 merges=0 field=20.4686 rms=0.6396 scale=1.0000 fcos=nan ign=0.0000 prn=nan nxp=0.000 mph=0.000 bytes=393216 pkts=393216 shard=0
step=0876500 (run 4500/8000) loss=9.18387 byte_ppl=9738.781 atoms=22 merges=0 field=20.4826 rms=0.6401 scale=1.0000 fcos=nan ign=0.0000 prn=nan nxp=0.000 mph=0.000 bytes=393216 pkts=393216 shard=0
step=0876525 (run 4525/8000) loss=0.00028 byte_ppl=1.000 atoms=49 merges=0 field=20.4637 rms=0.6395 scale=1.0000 fcos=nan ign=0.0000 prn=nan nxp=0.000 mph=0.000 bytes=393216 pkts=393216 shard=0
step=0876550 (run 4550/8000) loss=0.12136 byte_ppl=1.129 atoms=7 merges=0 field=20.4754 rms=0.6399 scale=1.0000 fcos=nan ign=0.0000 prn=nan nxp=0.000 mph=0.000 bytes=393216 pkts=393216 shard=0
step=0876575 (run 4575/8000) loss=0.10828 byte_ppl=1.114 atoms=34 merges=0 field=20.5136 rms=0.6411 scale=1.0000 fcos=nan ign=0.0000 prn=nan nxp=0.000 mph=0.000 bytes=393216 pkts=393216 shard=0
step=0876600 (run 4600/8000) loss=0.94178 byte_ppl=2.565 atoms=62 merges=0 field=20.4998 rms=0.6406 scale=1.0000 fcos=nan ign=0.0000 prn=nan nxp=0.000 mph=0.000 bytes=393216 pkts=393216 shard=0
step=0876625 (run 4625/8000) loss=0.01033 byte_ppl=1.010 atoms=19 merges=0 field=20.5947 rms=0.6436 scale=1.0000 fcos=nan ign=0.0000 prn=nan nxp=0.000 mph=0.000 bytes=393216 pkts=393216 shard=0
step=0876650 (run 4650/8000) loss=1.53176 byte_ppl=4.626 atoms=47 merges=0 field=20.6639 rms=0.6457 scale=1.0000 fcos=nan ign=0.0000 prn=nan nxp=0.000 mph=0.000 bytes=393216 pkts=393216 shard=0
step=0876675 (run 4675/8000) loss=0.00053 byte_ppl=1.001 atoms=3 merges=0 field=20.7027 rms=0.6470 scale=1.0000 fcos=nan ign=0.0000 prn=nan nxp=0.000 mph=0.000 bytes=393216 pkts=393216 shard=0
step=0876700 (run 4700/8000) loss=0.01220 byte_ppl=1.012 atoms=31 merges=0 field=20.6619 rms=0.6457 scale=1.0000 fcos=nan ign=0.0000 prn=nan nxp=0.000 mph=0.000 bytes=393216 pkts=393216 shard=0
step=0876725 (run 4725/8000) loss=5.52090 byte_ppl=249.859 atoms=58 merges=0 field=20.7062 rms=0.6471 scale=1.0000 fcos=nan ign=0.0000 prn=nan nxp=0.000 mph=0.000 bytes=393216 pkts=393216 shard=0
step=0876750 (run 4750/8000) loss=3.76327 byte_ppl=43.089 atoms=16 merges=0 field=20.7239 rms=0.6476 scale=1.0000 fcos=nan ign=0.0000 prn=nan nxp=0.000 mph=0.000 bytes=393216 pkts=393216 shard=0
step=0876775 (run 4775/8000) loss=1.41921 byte_ppl=4.134 atoms=43 merges=0 field=20.7567 rms=0.6486 scale=1.0000 fcos=nan ign=0.0000 prn=nan nxp=0.000 mph=0.000 bytes=393216 pkts=393216 shard=0
step=0876800 (run 4800/8000) loss=11.96136 byte_ppl=156586.341 atoms=71 merges=0 field=20.7378 rms=0.6481 scale=1.0000 fcos=nan ign=0.0000 prn=nan nxp=0.000 mph=0.000 bytes=393216 pkts=393216 shard=0
step=0876825 (run 4825/8000) loss=0.00028 byte_ppl=1.000 atoms=27 merges=0 field=20.7659 rms=0.6489 scale=1.0000 fcos=nan ign=0.0000 prn=nan nxp=0.000 mph=0.000 bytes=393216 pkts=393216 shard=0
step=0876850 (run 4850/8000) loss=3.32894 byte_ppl=27.909 atoms=55 merges=0 field=20.8046 rms=0.6501 scale=1.0000 fcos=nan ign=0.0000 prn=nan nxp=0.000 mph=0.000 bytes=393216 pkts=393216 shard=0
step=0876875 (run 4875/8000) loss=0.00032 byte_ppl=1.000 atoms=12 merges=0 field=20.8078 rms=0.6502 scale=1.0000 fcos=nan ign=0.0000 prn=nan nxp=0.000 mph=0.000 bytes=393216 pkts=393216 shard=0
step=0876900 (run 4900/8000) loss=0.54137 byte_ppl=1.718 atoms=40 merges=0 field=20.8234 rms=0.6507 scale=1.0000 fcos=nan ign=0.0000 prn=nan nxp=0.000 mph=0.000 bytes=393216 pkts=393216 shard=0
step=0876925 (run 4925/8000) loss=0.00318 byte_ppl=1.003 atoms=67 merges=0 field=20.8271 rms=0.6508 scale=1.0000 fcos=nan ign=0.0000 prn=nan nxp=0.000 mph=0.000 bytes=393216 pkts=393216 shard=0
step=0876950 (run 4950/8000) loss=5.01774 byte_ppl=151.069 atoms=25 merges=0 field=20.8405 rms=0.6513 scale=1.0000 fcos=nan ign=0.0000 prn=nan nxp=0.000 mph=0.000 bytes=393216 pkts=393216 shard=0
step=0876975 (run 4975/8000) loss=0.00442 byte_ppl=1.004 atoms=52 merges=0 field=20.9099 rms=0.6534 scale=1.0000 fcos=nan ign=0.0000 prn=nan nxp=0.000 mph=0.000 bytes=393216 pkts=393216 shard=0
step=0877000 (run 5000/8000) loss=6.87116 byte_ppl=964.066 atoms=9 merges=0 field=20.9312 rms=0.6541 scale=1.0000 fcos=nan ign=0.0000 prn=nan nxp=0.000 mph=0.000 bytes=393216 pkts=393216 shard=0
step=0877025 (run 5025/8000) loss=0.01534 byte_ppl=1.015 atoms=36 merges=0 field=20.9289 rms=0.6540 scale=1.0000 fcos=nan ign=0.0000 prn=nan nxp=0.000 mph=0.000 bytes=393216 pkts=393216 shard=0
step=0877050 (run 5050/8000) loss=9.76076 byte_ppl=17339.744 atoms=64 merges=0 field=20.9456 rms=0.6546 scale=1.0000 fcos=nan ign=0.0000 prn=nan nxp=0.000 mph=0.000 bytes=393216 pkts=393216 shard=0
step=0877075 (run 5075/8000) loss=2.29300 byte_ppl=9.905 atoms=21 merges=0 field=20.9646 rms=0.6551 scale=1.0000 fcos=nan ign=0.0000 prn=nan nxp=0.000 mph=0.000 bytes=393216 pkts=393216 shard=0
step=0877100 (run 5100/8000) loss=1.28128 byte_ppl=3.601 atoms=49 merges=0 field=20.9147 rms=0.6536 scale=1.0000 fcos=nan ign=0.0000 prn=nan nxp=0.000 mph=0.000 bytes=393216 pkts=393216 shard=0
step=0877125 (run 5125/8000) loss=0.00842 byte_ppl=1.008 atoms=5 merges=0 field=20.9346 rms=0.6542 scale=1.0000 fcos=nan ign=0.0000 prn=nan nxp=0.000 mph=0.000 bytes=393216 pkts=393216 shard=0
step=0877150 (run 5150/8000) loss=0.00007 byte_ppl=1.000 atoms=33 merges=0 field=20.9028 rms=0.6532 scale=1.0000 fcos=nan ign=0.0000 prn=nan nxp=0.000 mph=0.000 bytes=393216 pkts=393216 shard=0
step=0877175 (run 5175/8000) loss=0.01171 byte_ppl=1.012 atoms=60 merges=0 field=20.9363 rms=0.6543 scale=1.0000 fcos=nan ign=0.0000 prn=nan nxp=0.000 mph=0.000 bytes=393216 pkts=393216 shard=0
step=0877200 (run 5200/8000) loss=2.21491 byte_ppl=9.161 atoms=18 merges=0 field=20.9971 rms=0.6562 scale=1.0000 fcos=nan ign=0.0000 prn=nan nxp=0.000 mph=0.000 bytes=393216 pkts=393216 shard=0
step=0877225 (run 5225/8000) loss=1.16060 byte_ppl=3.192 atoms=45 merges=0 field=20.9270 rms=0.6540 scale=1.0000 fcos=nan ign=0.0000 prn=nan nxp=0.000 mph=0.000 bytes=393216 pkts=393216 shard=0
step=0877250 (run 5250/8000) loss=0.01679 byte_ppl=1.017 atoms=3 merges=0 field=20.9692 rms=0.6553 scale=1.0000 fcos=nan ign=0.0000 prn=nan nxp=0.000 mph=0.000 bytes=393216 pkts=393216 shard=0
step=0877275 (run 5275/8000) loss=0.00054 byte_ppl=1.001 atoms=30 merges=0 field=20.9306 rms=0.6541 scale=1.0000 fcos=nan ign=0.0000 prn=nan nxp=0.000 mph=0.000 bytes=393216 pkts=393216 shard=0
step=0877300 (run 5300/8000) loss=0.00068 byte_ppl=1.001 atoms=58 merges=0 field=20.9718 rms=0.6554 scale=1.0000 fcos=nan ign=0.0000 prn=nan nxp=0.000 mph=0.000 bytes=393216 pkts=393216 shard=0
step=0877325 (run 5325/8000) loss=0.00727 byte_ppl=1.007 atoms=14 merges=0 field=21.0302 rms=0.6572 scale=1.0000 fcos=nan ign=0.0000 prn=nan nxp=0.000 mph=0.000 bytes=393216 pkts=393216 shard=0
step=0877350 (run 5350/8000) loss=0.04469 byte_ppl=1.046 atoms=42 merges=0 field=21.0402 rms=0.6575 scale=1.0000 fcos=nan ign=0.0000 prn=nan nxp=0.000 mph=0.000 bytes=393216 pkts=393216 shard=0
step=0877375 (run 5375/8000) loss=0.00011 byte_ppl=1.000 atoms=69 merges=0 field=21.0465 rms=0.6577 scale=1.0000 fcos=nan ign=0.0000 prn=nan nxp=0.000 mph=0.000 bytes=393216 pkts=393216 shard=0
step=0877400 (run 5400/8000) loss=5.24279 byte_ppl=189.197 atoms=27 merges=0 field=21.0425 rms=0.6576 scale=1.0000 fcos=nan ign=0.0000 prn=nan nxp=0.000 mph=0.000 bytes=393216 pkts=393216 shard=0
step=0877425 (run 5425/8000) loss=0.00012 byte_ppl=1.000 atoms=54 merges=0 field=20.9693 rms=0.6553 scale=1.0000 fcos=nan ign=0.0000 prn=nan nxp=0.000 mph=0.000 bytes=393216 pkts=393216 shard=0
step=0877450 (run 5450/8000) loss=0.03258 byte_ppl=1.033 atoms=11 merges=0 field=20.9650 rms=0.6552 scale=1.0000 fcos=nan ign=0.0000 prn=nan nxp=0.000 mph=0.000 bytes=393216 pkts=393216 shard=0
step=0877475 (run 5475/8000) loss=10.28484 byte_ppl=29285.345 atoms=38 merges=0 field=21.0147 rms=0.6567 scale=1.0000 fcos=nan ign=0.0000 prn=nan nxp=0.000 mph=0.000 bytes=393216 pkts=393216 shard=0
step=0877500 (run 5500/8000) loss=9.97469 byte_ppl=21476.022 atoms=66 merges=0 field=21.0238 rms=0.6570 scale=1.0000 fcos=nan ign=0.0000 prn=nan nxp=0.000 mph=0.000 bytes=393216 pkts=393216 shard=0
step=0877525 (run 5525/8000) loss=0.00398 byte_ppl=1.004 atoms=23 merges=0 field=21.0024 rms=0.6563 scale=1.0000 fcos=nan ign=0.0000 prn=nan nxp=0.000 mph=0.000 bytes=393216 pkts=393216 shard=0
step=0877550 (run 5550/8000) loss=0.32140 byte_ppl=1.379 atoms=51 merges=0 field=21.0625 rms=0.6582 scale=1.0000 fcos=nan ign=0.0000 prn=nan nxp=0.000 mph=0.000 bytes=393216 pkts=393216 shard=0
step=0877575 (run 5575/8000) loss=1.55422 byte_ppl=4.731 atoms=8 merges=0 field=21.0518 rms=0.6579 scale=1.0000 fcos=nan ign=0.0000 prn=nan nxp=0.000 mph=0.000 bytes=393216 pkts=393216 shard=0
step=0877600 (run 5600/8000) loss=0.09879 byte_ppl=1.104 atoms=36 merges=0 field=21.0279 rms=0.6571 scale=1.0000 fcos=nan ign=0.0000 prn=nan nxp=0.000 mph=0.000 bytes=393216 pkts=393216 shard=0
step=0877625 (run 5625/8000) loss=0.00029 byte_ppl=1.000 atoms=63 merges=0 field=21.0659 rms=0.6583 scale=1.0000 fcos=nan ign=0.0000 prn=nan nxp=0.000 mph=0.000 bytes=393216 pkts=393216 shard=0
step=0877650 (run 5650/8000) loss=1.63184 byte_ppl=5.113 atoms=20 merges=0 field=21.0693 rms=0.6584 scale=1.0000 fcos=nan ign=0.0000 prn=nan nxp=0.000 mph=0.000 bytes=393216 pkts=393216 shard=0
step=0877675 (run 5675/8000) loss=0.00015 byte_ppl=1.000 atoms=47 merges=0 field=21.1250 rms=0.6602 scale=1.0000 fcos=nan ign=0.0000 prn=nan nxp=0.000 mph=0.000 bytes=393216 pkts=393216 shard=0
step=0877700 (run 5700/8000) loss=12.23399 byte_ppl=205662.669 atoms=5 merges=0 field=21.1548 rms=0.6611 scale=1.0000 fcos=nan ign=0.0000 prn=nan nxp=0.000 mph=0.000 bytes=393216 pkts=393216 shard=0
step=0877725 (run 5725/8000) loss=0.02020 byte_ppl=1.020 atoms=32 merges=0 field=21.1754 rms=0.6617 scale=1.0000 fcos=nan ign=0.0000 prn=nan nxp=0.000 mph=0.000 bytes=393216 pkts=393216 shard=0
step=0877750 (run 5750/8000) loss=0.00138 byte_ppl=1.001 atoms=60 merges=0 field=21.2254 rms=0.6633 scale=1.0000 fcos=nan ign=0.0000 prn=nan nxp=0.000 mph=0.000 bytes=393216 pkts=393216 shard=0
step=0877775 (run 5775/8000) loss=0.00103 byte_ppl=1.001 atoms=16 merges=0 field=21.2389 rms=0.6637 scale=1.0000 fcos=nan ign=0.0000 prn=nan nxp=0.000 mph=0.000 bytes=393216 pkts=393216 shard=0
step=0877800 (run 5800/8000) loss=5.35677 byte_ppl=212.039 atoms=44 merges=0 field=21.2932 rms=0.6654 scale=1.0000 fcos=nan ign=0.0000 prn=nan nxp=0.000 mph=0.000 bytes=393216 pkts=393216 shard=0
step=0877825 (run 5825/8000) loss=0.05349 byte_ppl=1.055 atoms=1 merges=0 field=21.3039 rms=0.6657 scale=1.0000 fcos=nan ign=0.0000 prn=nan nxp=0.000 mph=0.000 bytes=393216 pkts=393216 shard=0
step=0877850 (run 5850/8000) loss=5.89914 byte_ppl=364.725 atoms=29 merges=0 field=21.2869 rms=0.6652 scale=1.0000 fcos=nan ign=0.0000 prn=nan nxp=0.000 mph=0.000 bytes=393216 pkts=393216 shard=0
step=0877875 (run 5875/8000) loss=0.00328 byte_ppl=1.003 atoms=56 merges=0 field=21.3786 rms=0.6681 scale=1.0000 fcos=nan ign=0.0000 prn=nan nxp=0.000 mph=0.000 bytes=393216 pkts=393216 shard=0
step=0877900 (run 5900/8000) loss=5.75273 byte_ppl=315.051 atoms=14 merges=0 field=21.3276 rms=0.6665 scale=1.0000 fcos=nan ign=0.0000 prn=nan nxp=0.000 mph=0.000 bytes=393216 pkts=393216 shard=0
step=0877925 (run 5925/8000) loss=0.00278 byte_ppl=1.003 atoms=41 merges=0 field=21.3125 rms=0.6660 scale=1.0000 fcos=nan ign=0.0000 prn=nan nxp=0.000 mph=0.000 bytes=393216 pkts=393216 shard=0
step=0877950 (run 5950/8000) loss=3.99361 byte_ppl=54.250 atoms=69 merges=0 field=21.3590 rms=0.6675 scale=1.0000 fcos=nan ign=0.0000 prn=nan nxp=0.000 mph=0.000 bytes=393216 pkts=393216 shard=0
step=0877975 (run 5975/8000) loss=0.00290 byte_ppl=1.003 atoms=25 merges=0 field=21.2976 rms=0.6655 scale=1.0000 fcos=nan ign=0.0000 prn=nan nxp=0.000 mph=0.000 bytes=393216 pkts=393216 shard=0
step=0878000 (run 6000/8000) loss=3.03917 byte_ppl=20.888 atoms=53 merges=0 field=21.3347 rms=0.6667 scale=1.0000 fcos=nan ign=0.0000 prn=nan nxp=0.000 mph=0.000 bytes=393216 pkts=393216 shard=0
step=0878025 (run 6025/8000) loss=0.00420 byte_ppl=1.004 atoms=10 merges=0 field=21.3649 rms=0.6677 scale=1.0000 fcos=nan ign=0.0000 prn=nan nxp=0.000 mph=0.000 bytes=393216 pkts=393216 shard=0
step=0878050 (run 6050/8000) loss=1.73705 byte_ppl=5.681 atoms=38 merges=0 field=21.2551 rms=0.6642 scale=1.0000 fcos=nan ign=0.0000 prn=nan nxp=0.000 mph=0.000 bytes=393216 pkts=393216 shard=0
step=0878075 (run 6075/8000) loss=0.00166 byte_ppl=1.002 atoms=65 merges=0 field=21.2087 rms=0.6628 scale=1.0000 fcos=nan ign=0.0000 prn=nan nxp=0.000 mph=0.000 bytes=393216 pkts=393216 shard=0
step=0878100 (run 6100/8000) loss=9.60977 byte_ppl=14909.752 atoms=22 merges=0 field=21.2133 rms=0.6629 scale=1.0000 fcos=nan ign=0.0000 prn=nan nxp=0.000 mph=0.000 bytes=393216 pkts=393216 shard=0
step=0878125 (run 6125/8000) loss=0.00743 byte_ppl=1.007 atoms=49 merges=0 field=21.2022 rms=0.6626 scale=1.0000 fcos=nan ign=0.0000 prn=nan nxp=0.000 mph=0.000 bytes=393216 pkts=393216 shard=0
step=0878150 (run 6150/8000) loss=0.00396 byte_ppl=1.004 atoms=7 merges=0 field=21.1613 rms=0.6613 scale=1.0000 fcos=nan ign=0.0000 prn=nan nxp=0.000 mph=0.000 bytes=393216 pkts=393216 shard=0
step=0878175 (run 6175/8000) loss=0.01344 byte_ppl=1.014 atoms=34 merges=0 field=21.2205 rms=0.6631 scale=1.0000 fcos=nan ign=0.0000 prn=nan nxp=0.000 mph=0.000 bytes=393216 pkts=393216 shard=0
step=0878200 (run 6200/8000) loss=4.65356 byte_ppl=104.958 atoms=62 merges=0 field=21.1535 rms=0.6610 scale=1.0000 fcos=nan ign=0.0000 prn=nan nxp=0.000 mph=0.000 bytes=393216 pkts=393216 shard=0
step=0878225 (run 6225/8000) loss=0.00003 byte_ppl=1.000 atoms=19 merges=0 field=21.2105 rms=0.6628 scale=1.0000 fcos=nan ign=0.0000 prn=nan nxp=0.000 mph=0.000 bytes=393216 pkts=393216 shard=0
step=0878250 (run 6250/8000) loss=2.21077 byte_ppl=9.123 atoms=47 merges=0 field=21.1660 rms=0.6614 scale=1.0000 fcos=nan ign=0.0000 prn=nan nxp=0.000 mph=0.000 bytes=393216 pkts=393216 shard=0
step=0878275 (run 6275/8000) loss=0.01240 byte_ppl=1.012 atoms=3 merges=0 field=21.0631 rms=0.6582 scale=1.0000 fcos=nan ign=0.0000 prn=nan nxp=0.000 mph=0.000 bytes=393216 pkts=393216 shard=0
step=0878300 (run 6300/8000) loss=3.95597 byte_ppl=52.246 atoms=31 merges=0 field=21.0393 rms=0.6575 scale=1.0000 fcos=nan ign=0.0000 prn=nan nxp=0.000 mph=0.000 bytes=393216 pkts=393216 shard=0
step=0878325 (run 6325/8000) loss=0.12636 byte_ppl=1.135 atoms=58 merges=0 field=21.0090 rms=0.6565 scale=1.0000 fcos=nan ign=0.0000 prn=nan nxp=0.000 mph=0.000 bytes=393216 pkts=393216 shard=0
step=0878350 (run 6350/8000) loss=0.00523 byte_ppl=1.005 atoms=16 merges=0 field=21.0056 rms=0.6564 scale=1.0000 fcos=nan ign=0.0000 prn=nan nxp=0.000 mph=0.000 bytes=393216 pkts=393216 shard=0
step=0878375 (run 6375/8000) loss=0.00057 byte_ppl=1.001 atoms=43 merges=0 field=20.9424 rms=0.6545 scale=1.0000 fcos=nan ign=0.0000 prn=nan nxp=0.000 mph=0.000 bytes=393216 pkts=393216 shard=0
step=0878400 (run 6400/8000) loss=8.75563 byte_ppl=6346.333 atoms=71 merges=0 field=20.9265 rms=0.6540 scale=1.0000 fcos=nan ign=0.0000 prn=nan nxp=0.000 mph=0.000 bytes=393216 pkts=393216 shard=0
step=0878425 (run 6425/8000) loss=0.33891 byte_ppl=1.403 atoms=27 merges=0 field=20.8867 rms=0.6527 scale=1.0000 fcos=nan ign=0.0000 prn=nan nxp=0.000 mph=0.000 bytes=393216 pkts=393216 shard=0
step=0878450 (run 6450/8000) loss=2.17783 byte_ppl=8.827 atoms=55 merges=0 field=20.8971 rms=0.6530 scale=1.0000 fcos=nan ign=0.0000 prn=nan nxp=0.000 mph=0.000 bytes=393216 pkts=393216 shard=0
step=0878475 (run 6475/8000) loss=0.00095 byte_ppl=1.001 atoms=12 merges=0 field=20.9108 rms=0.6535 scale=1.0000 fcos=nan ign=0.0000 prn=nan nxp=0.000 mph=0.000 bytes=393216 pkts=393216 shard=0
step=0878500 (run 6500/8000) loss=3.53601 byte_ppl=34.330 atoms=40 merges=0 field=20.8750 rms=0.6523 scale=1.0000 fcos=nan ign=0.0000 prn=nan nxp=0.000 mph=0.000 bytes=393216 pkts=393216 shard=0
step=0878525 (run 6525/8000) loss=0.00066 byte_ppl=1.001 atoms=67 merges=0 field=20.8385 rms=0.6512 scale=1.0000 fcos=nan ign=0.0000 prn=nan nxp=0.000 mph=0.000 bytes=393216 pkts=393216 shard=0
step=0878550 (run 6550/8000) loss=0.02904 byte_ppl=1.029 atoms=25 merges=0 field=20.8775 rms=0.6524 scale=1.0000 fcos=nan ign=0.0000 prn=nan nxp=0.000 mph=0.000 bytes=393216 pkts=393216 shard=0
step=0878575 (run 6575/8000) loss=0.00893 byte_ppl=1.009 atoms=52 merges=0 field=20.8679 rms=0.6521 scale=1.0000 fcos=nan ign=0.0000 prn=nan nxp=0.000 mph=0.000 bytes=393216 pkts=393216 shard=0
step=0878600 (run 6600/8000) loss=0.00006 byte_ppl=1.000 atoms=9 merges=0 field=20.9108 rms=0.6535 scale=1.0000 fcos=nan ign=0.0000 prn=nan nxp=0.000 mph=0.000 bytes=393216 pkts=393216 shard=0
step=0878625 (run 6625/8000) loss=0.00032 byte_ppl=1.000 atoms=36 merges=0 field=20.9288 rms=0.6540 scale=1.0000 fcos=nan ign=0.0000 prn=nan nxp=0.000 mph=0.000 bytes=393216 pkts=393216 shard=0
step=0878650 (run 6650/8000) loss=0.03766 byte_ppl=1.038 atoms=64 merges=0 field=20.9510 rms=0.6547 scale=1.0000 fcos=nan ign=0.0000 prn=nan nxp=0.000 mph=0.000 bytes=393216 pkts=393216 shard=0
step=0878675 (run 6675/8000) loss=0.00061 byte_ppl=1.001 atoms=21 merges=0 field=21.0062 rms=0.6564 scale=1.0000 fcos=nan ign=0.0000 prn=nan nxp=0.000 mph=0.000 bytes=393216 pkts=393216 shard=0
step=0878700 (run 6700/8000) loss=7.71830 byte_ppl=2249.139 atoms=49 merges=0 field=21.0271 rms=0.6571 scale=1.0000 fcos=nan ign=0.0000 prn=nan nxp=0.000 mph=0.000 bytes=393216 pkts=393216 shard=0
step=0878725 (run 6725/8000) loss=5.38296 byte_ppl=217.666 atoms=5 merges=0 field=20.9995 rms=0.6562 scale=1.0000 fcos=nan ign=0.0000 prn=nan nxp=0.000 mph=0.000 bytes=393216 pkts=393216 shard=0
step=0878750 (run 6750/8000) loss=6.64180 byte_ppl=766.471 atoms=33 merges=0 field=21.0025 rms=0.6563 scale=1.0000 fcos=nan ign=0.0000 prn=nan nxp=0.000 mph=0.000 bytes=393216 pkts=393216 shard=0
step=0878775 (run 6775/8000) loss=0.00020 byte_ppl=1.000 atoms=60 merges=0 field=21.0471 rms=0.6577 scale=1.0000 fcos=nan ign=0.0000 prn=nan nxp=0.000 mph=0.000 bytes=393216 pkts=393216 shard=0
step=0878800 (run 6800/8000) loss=1.39308 byte_ppl=4.027 atoms=18 merges=0 field=20.9988 rms=0.6562 scale=1.0000 fcos=nan ign=0.0000 prn=nan nxp=0.000 mph=0.000 bytes=393216 pkts=393216 shard=0
step=0878825 (run 6825/8000) loss=0.00493 byte_ppl=1.005 atoms=45 merges=0 field=21.0861 rms=0.6589 scale=1.0000 fcos=nan ign=0.0000 prn=nan nxp=0.000 mph=0.000 bytes=393216 pkts=393216 shard=0
step=0878850 (run 6850/8000) loss=0.05475 byte_ppl=1.056 atoms=3 merges=0 field=21.1426 rms=0.6607 scale=1.0000 fcos=nan ign=0.0000 prn=nan nxp=0.000 mph=0.000 bytes=393216 pkts=393216 shard=0
step=0878875 (run 6875/8000) loss=0.00063 byte_ppl=1.001 atoms=30 merges=0 field=21.1447 rms=0.6608 scale=1.0000 fcos=nan ign=0.0000 prn=nan nxp=0.000 mph=0.000 bytes=393216 pkts=393216 shard=0
step=0878900 (run 6900/8000) loss=7.31910 byte_ppl=1508.839 atoms=58 merges=0 field=21.2229 rms=0.6632 scale=1.0000 fcos=nan ign=0.0000 prn=nan nxp=0.000 mph=0.000 bytes=393216 pkts=393216 shard=0
step=0878925 (run 6925/8000) loss=0.08857 byte_ppl=1.093 atoms=14 merges=0 field=21.1831 rms=0.6620 scale=1.0000 fcos=nan ign=0.0000 prn=nan nxp=0.000 mph=0.000 bytes=393216 pkts=393216 shard=0
step=0878950 (run 6950/8000) loss=0.00243 byte_ppl=1.002 atoms=42 merges=0 field=21.1396 rms=0.6606 scale=1.0000 fcos=nan ign=0.0000 prn=nan nxp=0.000 mph=0.000 bytes=393216 pkts=393216 shard=0
step=0878975 (run 6975/8000) loss=0.00036 byte_ppl=1.000 atoms=69 merges=0 field=21.1896 rms=0.6622 scale=1.0000 fcos=nan ign=0.0000 prn=nan nxp=0.000 mph=0.000 bytes=393216 pkts=393216 shard=0
step=0879000 (run 7000/8000) loss=4.92225 byte_ppl=137.311 atoms=27 merges=0 field=21.2492 rms=0.6640 scale=1.0000 fcos=nan ign=0.0000 prn=nan nxp=0.000 mph=0.000 bytes=393216 pkts=393216 shard=0
step=0879025 (run 7025/8000) loss=0.02807 byte_ppl=1.028 atoms=54 merges=0 field=21.1938 rms=0.6623 scale=1.0000 fcos=nan ign=0.0000 prn=nan nxp=0.000 mph=0.000 bytes=393216 pkts=393216 shard=0
step=0879050 (run 7050/8000) loss=12.65559 byte_ppl=313512.300 atoms=11 merges=0 field=21.1794 rms=0.6619 scale=1.0000 fcos=nan ign=0.0000 prn=nan nxp=0.000 mph=0.000 bytes=393216 pkts=393216 shard=0
step=0879075 (run 7075/8000) loss=0.01152 byte_ppl=1.012 atoms=38 merges=0 field=21.1750 rms=0.6617 scale=1.0000 fcos=nan ign=0.0000 prn=nan nxp=0.000 mph=0.000 bytes=393216 pkts=393216 shard=0
step=0879100 (run 7100/8000) loss=12.13083 byte_ppl=185503.291 atoms=66 merges=0 field=21.2075 rms=0.6627 scale=1.0000 fcos=nan ign=0.0000 prn=nan nxp=0.000 mph=0.000 bytes=393216 pkts=393216 shard=0
step=0879125 (run 7125/8000) loss=0.10204 byte_ppl=1.107 atoms=23 merges=0 field=21.2645 rms=0.6645 scale=1.0000 fcos=nan ign=0.0000 prn=nan nxp=0.000 mph=0.000 bytes=393216 pkts=393216 shard=0
step=0879150 (run 7150/8000) loss=0.11977 byte_ppl=1.127 atoms=51 merges=0 field=21.1584 rms=0.6612 scale=1.0000 fcos=nan ign=0.0000 prn=nan nxp=0.000 mph=0.000 bytes=393216 pkts=393216 shard=0
step=0879175 (run 7175/8000) loss=0.00003 byte_ppl=1.000 atoms=8 merges=0 field=21.0737 rms=0.6586 scale=1.0000 fcos=nan ign=0.0000 prn=nan nxp=0.000 mph=0.000 bytes=393216 pkts=393216 shard=0
step=0879200 (run 7200/8000) loss=3.90865 byte_ppl=49.831 atoms=36 merges=0 field=21.1161 rms=0.6599 scale=1.0000 fcos=nan ign=0.0000 prn=nan nxp=0.000 mph=0.000 bytes=393216 pkts=393216 shard=0
step=0879225 (run 7225/8000) loss=0.00394 byte_ppl=1.004 atoms=63 merges=0 field=21.1479 rms=0.6609 scale=1.0000 fcos=nan ign=0.0000 prn=nan nxp=0.000 mph=0.000 bytes=393216 pkts=393216 shard=0
step=0879250 (run 7250/8000) loss=8.88788 byte_ppl=7243.642 atoms=20 merges=0 field=21.2110 rms=0.6628 scale=1.0000 fcos=nan ign=0.0000 prn=nan nxp=0.000 mph=0.000 bytes=393216 pkts=393216 shard=0
step=0879275 (run 7275/8000) loss=0.75090 byte_ppl=2.119 atoms=47 merges=0 field=21.2263 rms=0.6633 scale=1.0000 fcos=nan ign=0.0000 prn=nan nxp=0.000 mph=0.000 bytes=393216 pkts=393216 shard=0
step=0879300 (run 7300/8000) loss=0.05832 byte_ppl=1.060 atoms=5 merges=0 field=21.1466 rms=0.6608 scale=1.0000 fcos=nan ign=0.0000 prn=nan nxp=0.000 mph=0.000 bytes=393216 pkts=393216 shard=0
step=0879325 (run 7325/8000) loss=0.00762 byte_ppl=1.008 atoms=32 merges=0 field=21.1738 rms=0.6617 scale=1.0000 fcos=nan ign=0.0000 prn=nan nxp=0.000 mph=0.000 bytes=393216 pkts=393216 shard=0
step=0879350 (run 7350/8000) loss=5.64210 byte_ppl=282.055 atoms=60 merges=0 field=21.1515 rms=0.6610 scale=1.0000 fcos=nan ign=0.0000 prn=nan nxp=0.000 mph=0.000 bytes=393216 pkts=393216 shard=0
step=0879375 (run 7375/8000) loss=0.21026 byte_ppl=1.234 atoms=16 merges=0 field=21.1488 rms=0.6609 scale=1.0000 fcos=nan ign=0.0000 prn=nan nxp=0.000 mph=0.000 bytes=393216 pkts=393216 shard=0
step=0879400 (run 7400/8000) loss=3.24962 byte_ppl=25.781 atoms=44 merges=0 field=21.2399 rms=0.6637 scale=1.0000 fcos=nan ign=0.0000 prn=nan nxp=0.000 mph=0.000 bytes=393216 pkts=393216 shard=0
step=0879425 (run 7425/8000) loss=0.05306 byte_ppl=1.054 atoms=1 merges=0 field=21.3132 rms=0.6660 scale=1.0000 fcos=nan ign=0.0000 prn=nan nxp=0.000 mph=0.000 bytes=393216 pkts=393216 shard=0
step=0879450 (run 7450/8000) loss=2.61655 byte_ppl=13.688 atoms=29 merges=0 field=21.3073 rms=0.6659 scale=1.0000 fcos=nan ign=0.0000 prn=nan nxp=0.000 mph=0.000 bytes=393216 pkts=393216 shard=0
step=0879475 (run 7475/8000) loss=0.00383 byte_ppl=1.004 atoms=56 merges=0 field=21.3875 rms=0.6684 scale=1.0000 fcos=nan ign=0.0000 prn=nan nxp=0.000 mph=0.000 bytes=393216 pkts=393216 shard=0
step=0879500 (run 7500/8000) loss=4.59562 byte_ppl=99.050 atoms=14 merges=0 field=21.4233 rms=0.6695 scale=1.0000 fcos=nan ign=0.0000 prn=nan nxp=0.000 mph=0.000 bytes=393216 pkts=393216 shard=0
step=0879525 (run 7525/8000) loss=0.00988 byte_ppl=1.010 atoms=41 merges=0 field=21.4029 rms=0.6688 scale=1.0000 fcos=nan ign=0.0000 prn=nan nxp=0.000 mph=0.000 bytes=393216 pkts=393216 shard=0
step=0879550 (run 7550/8000) loss=2.75957 byte_ppl=15.793 atoms=69 merges=0 field=21.3968 rms=0.6687 scale=1.0000 fcos=nan ign=0.0000 prn=nan nxp=0.000 mph=0.000 bytes=393216 pkts=393216 shard=0
step=0879575 (run 7575/8000) loss=0.00080 byte_ppl=1.001 atoms=25 merges=0 field=21.3569 rms=0.6674 scale=1.0000 fcos=nan ign=0.0000 prn=nan nxp=0.000 mph=0.000 bytes=393216 pkts=393216 shard=0
step=0879600 (run 7600/8000) loss=0.00317 byte_ppl=1.003 atoms=53 merges=0 field=21.3633 rms=0.6676 scale=1.0000 fcos=nan ign=0.0000 prn=nan nxp=0.000 mph=0.000 bytes=393216 pkts=393216 shard=0
step=0879625 (run 7625/8000) loss=0.47414 byte_ppl=1.607 atoms=10 merges=0 field=21.2982 rms=0.6656 scale=1.0000 fcos=nan ign=0.0000 prn=nan nxp=0.000 mph=0.000 bytes=393216 pkts=393216 shard=0
step=0879650 (run 7650/8000) loss=0.00388 byte_ppl=1.004 atoms=38 merges=0 field=21.3387 rms=0.6668 scale=1.0000 fcos=nan ign=0.0000 prn=nan nxp=0.000 mph=0.000 bytes=393216 pkts=393216 shard=0
step=0879675 (run 7675/8000) loss=0.03341 byte_ppl=1.034 atoms=65 merges=0 field=21.2895 rms=0.6653 scale=1.0000 fcos=nan ign=0.0000 prn=nan nxp=0.000 mph=0.000 bytes=393216 pkts=393216 shard=0
step=0879700 (run 7700/8000) loss=3.31313 byte_ppl=27.471 atoms=22 merges=0 field=21.2389 rms=0.6637 scale=1.0000 fcos=nan ign=0.0000 prn=nan nxp=0.000 mph=0.000 bytes=393216 pkts=393216 shard=0
step=0879725 (run 7725/8000) loss=0.00136 byte_ppl=1.001 atoms=49 merges=0 field=21.2667 rms=0.6646 scale=1.0000 fcos=nan ign=0.0000 prn=nan nxp=0.000 mph=0.000 bytes=393216 pkts=393216 shard=0
step=0879750 (run 7750/8000) loss=0.00009 byte_ppl=1.000 atoms=7 merges=0 field=21.2754 rms=0.6649 scale=1.0000 fcos=nan ign=0.0000 prn=nan nxp=0.000 mph=0.000 bytes=393216 pkts=393216 shard=0
step=0879775 (run 7775/8000) loss=0.00087 byte_ppl=1.001 atoms=34 merges=0 field=21.2674 rms=0.6646 scale=1.0000 fcos=nan ign=0.0000 prn=nan nxp=0.000 mph=0.000 bytes=393216 pkts=393216 shard=0
step=0879800 (run 7800/8000) loss=11.84573 byte_ppl=139487.704 atoms=62 merges=0 field=21.2513 rms=0.6641 scale=1.0000 fcos=nan ign=0.0000 prn=nan nxp=0.000 mph=0.000 bytes=393216 pkts=393216 shard=0
step=0879825 (run 7825/8000) loss=4.05034 byte_ppl=57.417 atoms=19 merges=0 field=21.2220 rms=0.6632 scale=1.0000 fcos=nan ign=0.0000 prn=nan nxp=0.000 mph=0.000 bytes=393216 pkts=393216 shard=0
step=0879850 (run 7850/8000) loss=3.66854 byte_ppl=39.195 atoms=47 merges=0 field=21.1682 rms=0.6615 scale=1.0000 fcos=nan ign=0.0000 prn=nan nxp=0.000 mph=0.000 bytes=393216 pkts=393216 shard=0
step=0879875 (run 7875/8000) loss=0.01589 byte_ppl=1.016 atoms=3 merges=0 field=21.1478 rms=0.6609 scale=1.0000 fcos=nan ign=0.0000 prn=nan nxp=0.000 mph=0.000 bytes=393216 pkts=393216 shard=0
step=0879900 (run 7900/8000) loss=5.00207 byte_ppl=148.721 atoms=31 merges=0 field=21.1771 rms=0.6618 scale=1.0000 fcos=nan ign=0.0000 prn=nan nxp=0.000 mph=0.000 bytes=393216 pkts=393216 shard=0
step=0879925 (run 7925/8000) loss=0.00150 byte_ppl=1.001 atoms=58 merges=0 field=21.1524 rms=0.6610 scale=1.0000 fcos=nan ign=0.0000 prn=nan nxp=0.000 mph=0.000 bytes=393216 pkts=393216 shard=0
step=0879950 (run 7950/8000) loss=0.03618 byte_ppl=1.037 atoms=16 merges=0 field=21.1946 rms=0.6623 scale=1.0000 fcos=nan ign=0.0000 prn=nan nxp=0.000 mph=0.000 bytes=393216 pkts=393216 shard=0
step=0879975 (run 7975/8000) loss=0.18313 byte_ppl=1.201 atoms=43 merges=0 field=21.1961 rms=0.6624 scale=1.0000 fcos=nan ign=0.0000 prn=nan nxp=0.000 mph=0.000 bytes=393216 pkts=393216 shard=0
step=0880000 (run 8000/8000) loss=0.06399 byte_ppl=1.066 atoms=71 merges=0 field=21.1697 rms=0.6616 scale=1.0000 fcos=nan ign=0.0000 prn=nan nxp=0.000 mph=0.000 bytes=393216 pkts=393216 shard=0
{
  "stream": true,
  "data_path": null,
  "data_glob": "data/corpus_fr_medium*.txt",
  "shard_paths": [
    "/workspace/exports/atom-ai/data/corpus_fr_medium.txt",
    "/workspace/exports/atom-ai/data/corpus_fr_medium_s21.txt"
  ],
  "data_bytes": 1000453,
  "data_characters": null,
  "atomizer_version": "atomizer-v1-byte-span",
  "feature_dim": 320,
  "packet_count": null,
  "train_packet_count": null,
  "validation_packet_count": 2048,
  "mean_packet_bytes": null,
  "max_packet_bytes": null,
  "min_packet_bytes": null,
  "bytes_seen": 393216,
  "config": {
    "d_model": 32,
    "n_modes": 32,
    "n_atoms_max": 64,
    "max_span_bytes": 1,
    "episode_length": 8000,
    "episode_reset": true,
    "atom_flush_every": 64,
    "learning_rate": 5e-05,
    "surface_learning_rate": 0.00012,
    "steps": 8000,
    "start_step": 872000,
    "seed": 20260913,
    "surface_alphabet": 256,
    "field_max_rms": 3.0,
    "energy_decay_bounds": [
      0.3,
      0.95
    ],
    "stream": true,
    "chunk_bytes": 65536,
    "loop_shards": true,
    "stream_buffer": 2048,
    "stream_prefetch": true,
    "stream_skip_packets": 376000,
    "last_atom_readout": true,
    "efference_every": 10,
    "enable_merge": false,
    "payload_copy": false,
    "merge_coherence_threshold": 0.45,
    "merge_energy_floor": 0.08,
    "field_loss_weight": 0.05,
    "field_contrast_weight": 0.0,
    "field_ignorance_weight": 0.08,
    "field_ignorance_ablate_shared": false,
    "field_ignorance_prompt_bank": false,
    "field_obligatory_readout": true,
    "field_obligatory_hard": true,
    "printable_aux_weight": 0.0,
    "field_next_packet_weight": 0.0,
    "slow_every": 1
  },
  "packets_seen": 393216,
  "stream_epoch": 0,
  "train": {
    "steps": 8000,
    "efference_every": 10,
    "efference_steps": 800,
    "start_step": 872000,
    "total_steps": 880000,
    "episode_length": 8000,
    "episode_reset": true,
    "atom_flush_every": 64,
    "elapsed_seconds": 159.91714324901113,
    "transitions_per_second": 50.02590615030555,
    "first_loss": 0.0421881340444088,
    "final_loss": 0.06399472057819366,
    "final_total_perplexity": 1.0660867704249049,
    "finite_losses": true,
    "finite_parameters": true,
    "nan_or_inf": false,
    "field_rms_before_max": 0.6705673336982727,
    "field_rms_after_max": 0.6705673336982727,
    "field_scale_min": 1.0,
    "field_norm_max": 21.458131790161133,
    "field_limited_steps": 0,
    "field_limited_fraction": 0.0,
    "final_dynamics": {
      "coupling_scale": 1.2472944259643555,
      "energy_decay": 0.300229012966156,
      "phase_sync": 0.18689066171646118,
      "energy_decay_before": 0.300229012966156,
      "energy_decay_repaired": false,
      "energy_decay_bounds": [
        0.3,
        0.95
      ]
    },
    "final_atoms_before_validation": 58,
    "stream": true,
    "bytes_seen": 393216
  },
  "validation": {
    "transitions": 256,
    "loss": 0.6195250741742271,
    "total_perplexity": 1.8580453985226608,
    "byte_loss": 0.6195250741742271,
    "byte_perplexity": 1.8580453985226608,
    "source": "stream_ring"
  },
  "checkpoint": "checkpoints/byte_tick/atom_native_step_880000_d32_ms1M.pt",
  "reload": {
    "n_atoms": 0,
    "field_norm": 21.169673919677734,
    "time": 88.0003890991211,
    "finite": true
  },
  "generation": {
    "The future of AI is": {
      "temperature": 0.8,
      "top_k": 5,
      "max_length": 20,
      "bytes_hex": "4f75692c20202020",
      "text": "Oui,    ",
      "reload_text": "Oui,    ",
      "reload_match": true
    },
    "Bonjour, je m'appelle": {
      "temperature": 0.8,
      "top_k": 5,
      "max_length": 20,
      "bytes_hex": "4f75692c20202020",
      "text": "Oui,    ",
      "reload_text": "Oui,    ",
      "reload_match": true
    },
    "Valkyria Chronicles III is": {
      "temperature": 0.8,
      "top_k": 5,
      "max_length": 20,
      "bytes_hex": "426f6e6e65202020",
      "text": "Bonne   ",
      "reload_text": "Bonne   ",
      "reload_match": true
    }
  }
}
