train lock acquired: /home/user/atom-ai/checkpoints/atom-ai-train.lock (pid=2215)
stream skip: advancing 536000 packet transitions...
stream skip done: packets_seen=565793
resumed weights from checkpoints/byte_tick/atom_native_step_536000_d32.pt (recorded step=536000, legacy_surface_migrated=False, span_head_migrated=False)
atomizer pack_mode=linguistic max_span_bytes=1
dynamics on load: energy_decay=0.3006078004837036 -> 0.3006078004837036 (repaired=False, bounds=(0.3, 0.95))
MERGE gates: enable=False coherence_thr=0.450 energy_floor=0.080
field_obligatory_hard=ON hard-v2+ (mix_floor=1.0, freeze bypass, logits=frozen+cap*(α_MLP+payload_prod))
payload_copy=False (train-time copy-bias branch)
last_atom_readout=True (byte-tick 2-gram + dentate)
efference_every=10 (0=off)
optimizer groups: field/other lr=5e-05 (13 tensors), surface lr=0.00012 (25 tensors); energy_decay_bounds=(0.3, 0.95); field_max_rms=3.0
stream mode: 1 shard(s), chunk_bytes=65536, loop_shards=True, stream_buffer=2048, stream_prefetch=True
optimizer restore skipped: surface LR param groups differ from checkpoint
step=0536001 (run 1/8000) loss=0.08711 byte_ppl=1.091 atoms=1 merges=0 field=0.0442 rms=0.0017 scale=1.0000 fcos=nan ign=0.0000 prn=nan nxp=0.000 mph=0.000 bytes=565793 pkts=565793 shard=0
step=0536025 (run 25/8000) loss=2.99236 byte_ppl=19.933 atoms=27 merges=0 field=0.6043 rms=0.0189 scale=1.0000 fcos=nan ign=0.0000 prn=nan nxp=0.000 mph=0.000 bytes=565793 pkts=565793 shard=0
step=0536050 (run 50/8000) loss=0.68523 byte_ppl=1.984 atoms=55 merges=0 field=1.0392 rms=0.0325 scale=1.0000 fcos=nan ign=0.0000 prn=nan nxp=0.000 mph=0.000 bytes=565793 pkts=565793 shard=0
step=0536075 (run 75/8000) loss=0.55569 byte_ppl=1.743 atoms=12 merges=0 field=1.3287 rms=0.0415 scale=1.0000 fcos=nan ign=0.0000 prn=nan nxp=0.000 mph=0.000 bytes=565793 pkts=565793 shard=0
step=0536100 (run 100/8000) loss=6.56731 byte_ppl=711.451 atoms=40 merges=0 field=1.5960 rms=0.0499 scale=1.0000 fcos=nan ign=0.0000 prn=nan nxp=0.000 mph=0.000 bytes=565793 pkts=565793 shard=0
step=0536125 (run 125/8000) loss=0.00039 byte_ppl=1.000 atoms=67 merges=0 field=1.9170 rms=0.0599 scale=1.0000 fcos=nan ign=0.0000 prn=nan nxp=0.000 mph=0.000 bytes=565793 pkts=565793 shard=0
step=0536150 (run 150/8000) loss=1.41966 byte_ppl=4.136 atoms=25 merges=0 field=2.1026 rms=0.0657 scale=1.0000 fcos=nan ign=0.0000 prn=nan nxp=0.000 mph=0.000 bytes=565793 pkts=565793 shard=0
step=0536175 (run 175/8000) loss=0.30392 byte_ppl=1.355 atoms=52 merges=0 field=2.3267 rms=0.0727 scale=1.0000 fcos=nan ign=0.0000 prn=nan nxp=0.000 mph=0.000 bytes=565793 pkts=565793 shard=0
step=0536200 (run 200/8000) loss=1.79551 byte_ppl=6.023 atoms=9 merges=0 field=2.5959 rms=0.0811 scale=1.0000 fcos=nan ign=0.0000 prn=nan nxp=0.000 mph=0.000 bytes=565793 pkts=565793 shard=0
step=0536225 (run 225/8000) loss=0.17778 byte_ppl=1.195 atoms=36 merges=0 field=2.7756 rms=0.0867 scale=1.0000 fcos=nan ign=0.0000 prn=nan nxp=0.000 mph=0.000 bytes=565793 pkts=565793 shard=0
step=0536250 (run 250/8000) loss=6.84597 byte_ppl=940.085 atoms=64 merges=0 field=3.0149 rms=0.0942 scale=1.0000 fcos=nan ign=0.0000 prn=nan nxp=0.000 mph=0.000 bytes=565793 pkts=565793 shard=0
step=0536275 (run 275/8000) loss=1.68891 byte_ppl=5.414 atoms=21 merges=0 field=3.2624 rms=0.1020 scale=1.0000 fcos=nan ign=0.0000 prn=nan nxp=0.000 mph=0.000 bytes=565793 pkts=565793 shard=0
step=0536300 (run 300/8000) loss=7.44737 byte_ppl=1715.351 atoms=49 merges=0 field=3.4019 rms=0.1063 scale=1.0000 fcos=nan ign=0.0000 prn=nan nxp=0.000 mph=0.000 bytes=565793 pkts=565793 shard=0
step=0536325 (run 325/8000) loss=0.97298 byte_ppl=2.646 atoms=5 merges=0 field=3.6040 rms=0.1126 scale=1.0000 fcos=nan ign=0.0000 prn=nan nxp=0.000 mph=0.000 bytes=565793 pkts=565793 shard=0
step=0536350 (run 350/8000) loss=0.16800 byte_ppl=1.183 atoms=33 merges=0 field=3.8206 rms=0.1194 scale=1.0000 fcos=nan ign=0.0000 prn=nan nxp=0.000 mph=0.000 bytes=565793 pkts=565793 shard=0
step=0536375 (run 375/8000) loss=1.32380 byte_ppl=3.758 atoms=60 merges=0 field=4.0305 rms=0.1260 scale=1.0000 fcos=nan ign=0.0000 prn=nan nxp=0.000 mph=0.000 bytes=565793 pkts=565793 shard=0
step=0536400 (run 400/8000) loss=0.00004 byte_ppl=1.000 atoms=18 merges=0 field=4.1781 rms=0.1306 scale=1.0000 fcos=nan ign=0.0000 prn=nan nxp=0.000 mph=0.000 bytes=565793 pkts=565793 shard=0
step=0536425 (run 425/8000) loss=0.00006 byte_ppl=1.000 atoms=45 merges=0 field=4.3219 rms=0.1351 scale=1.0000 fcos=nan ign=0.0000 prn=nan nxp=0.000 mph=0.000 bytes=565793 pkts=565793 shard=0
step=0536450 (run 450/8000) loss=8.87384 byte_ppl=7142.631 atoms=3 merges=0 field=4.4472 rms=0.1390 scale=1.0000 fcos=nan ign=0.0000 prn=nan nxp=0.000 mph=0.000 bytes=565793 pkts=565793 shard=0
step=0536475 (run 475/8000) loss=0.00121 byte_ppl=1.001 atoms=30 merges=0 field=4.5689 rms=0.1428 scale=1.0000 fcos=nan ign=0.0000 prn=nan nxp=0.000 mph=0.000 bytes=565793 pkts=565793 shard=0
step=0536500 (run 500/8000) loss=1.67166 byte_ppl=5.321 atoms=58 merges=0 field=4.7697 rms=0.1491 scale=1.0000 fcos=nan ign=0.0000 prn=nan nxp=0.000 mph=0.000 bytes=565793 pkts=565793 shard=0
step=0536525 (run 525/8000) loss=0.01392 byte_ppl=1.014 atoms=14 merges=0 field=4.9326 rms=0.1541 scale=1.0000 fcos=nan ign=0.0000 prn=nan nxp=0.000 mph=0.000 bytes=565793 pkts=565793 shard=0
step=0536550 (run 550/8000) loss=6.59282 byte_ppl=729.835 atoms=42 merges=0 field=5.0663 rms=0.1583 scale=1.0000 fcos=nan ign=0.0000 prn=nan nxp=0.000 mph=0.000 bytes=565793 pkts=565793 shard=0
step=0536575 (run 575/8000) loss=0.00183 byte_ppl=1.002 atoms=69 merges=0 field=5.2468 rms=0.1640 scale=1.0000 fcos=nan ign=0.0000 prn=nan nxp=0.000 mph=0.000 bytes=565793 pkts=565793 shard=0
step=0536600 (run 600/8000) loss=10.28159 byte_ppl=29190.235 atoms=27 merges=0 field=5.3256 rms=0.1664 scale=1.0000 fcos=nan ign=0.0000 prn=nan nxp=0.000 mph=0.000 bytes=565793 pkts=565793 shard=0
step=0536625 (run 625/8000) loss=0.10009 byte_ppl=1.105 atoms=54 merges=0 field=5.4402 rms=0.1700 scale=1.0000 fcos=nan ign=0.0000 prn=nan nxp=0.000 mph=0.000 bytes=565793 pkts=565793 shard=0
step=0536650 (run 650/8000) loss=0.02714 byte_ppl=1.028 atoms=11 merges=0 field=5.5256 rms=0.1727 scale=1.0000 fcos=nan ign=0.0000 prn=nan nxp=0.000 mph=0.000 bytes=565793 pkts=565793 shard=0
step=0536675 (run 675/8000) loss=0.23783 byte_ppl=1.268 atoms=38 merges=0 field=5.6310 rms=0.1760 scale=1.0000 fcos=nan ign=0.0000 prn=nan nxp=0.000 mph=0.000 bytes=565793 pkts=565793 shard=0
step=0536700 (run 700/8000) loss=4.74163 byte_ppl=114.621 atoms=66 merges=0 field=5.7515 rms=0.1797 scale=1.0000 fcos=nan ign=0.0000 prn=nan nxp=0.000 mph=0.000 bytes=565793 pkts=565793 shard=0
step=0536725 (run 725/8000) loss=0.01249 byte_ppl=1.013 atoms=23 merges=0 field=5.8525 rms=0.1829 scale=1.0000 fcos=nan ign=0.0000 prn=nan nxp=0.000 mph=0.000 bytes=565793 pkts=565793 shard=0
step=0536750 (run 750/8000) loss=3.58989 byte_ppl=36.230 atoms=51 merges=0 field=5.9081 rms=0.1846 scale=1.0000 fcos=nan ign=0.0000 prn=nan nxp=0.000 mph=0.000 bytes=565793 pkts=565793 shard=0
step=0536775 (run 775/8000) loss=0.00076 byte_ppl=1.001 atoms=8 merges=0 field=5.9689 rms=0.1865 scale=1.0000 fcos=nan ign=0.0000 prn=nan nxp=0.000 mph=0.000 bytes=565793 pkts=565793 shard=0
step=0536800 (run 800/8000) loss=4.27041 byte_ppl=71.551 atoms=36 merges=0 field=6.1144 rms=0.1911 scale=1.0000 fcos=nan ign=0.0000 prn=nan nxp=0.000 mph=0.000 bytes=565793 pkts=565793 shard=0
step=0536825 (run 825/8000) loss=4.95074 byte_ppl=141.280 atoms=63 merges=0 field=6.1645 rms=0.1926 scale=1.0000 fcos=nan ign=0.0000 prn=nan nxp=0.000 mph=0.000 bytes=565793 pkts=565793 shard=0
step=0536850 (run 850/8000) loss=3.41106 byte_ppl=30.297 atoms=20 merges=0 field=6.2926 rms=0.1966 scale=1.0000 fcos=nan ign=0.0000 prn=nan nxp=0.000 mph=0.000 bytes=565793 pkts=565793 shard=0
step=0536875 (run 875/8000) loss=0.00643 byte_ppl=1.006 atoms=47 merges=0 field=6.3834 rms=0.1995 scale=1.0000 fcos=nan ign=0.0000 prn=nan nxp=0.000 mph=0.000 bytes=565793 pkts=565793 shard=0
step=0536900 (run 900/8000) loss=2.18837 byte_ppl=8.921 atoms=5 merges=0 field=6.4909 rms=0.2028 scale=1.0000 fcos=nan ign=0.0000 prn=nan nxp=0.000 mph=0.000 bytes=565793 pkts=565793 shard=0
step=0536925 (run 925/8000) loss=0.00639 byte_ppl=1.006 atoms=32 merges=0 field=6.5263 rms=0.2039 scale=1.0000 fcos=nan ign=0.0000 prn=nan nxp=0.000 mph=0.000 bytes=565793 pkts=565793 shard=0
step=0536950 (run 950/8000) loss=0.00124 byte_ppl=1.001 atoms=60 merges=0 field=6.5699 rms=0.2053 scale=1.0000 fcos=nan ign=0.0000 prn=nan nxp=0.000 mph=0.000 bytes=565793 pkts=565793 shard=0
step=0536975 (run 975/8000) loss=0.66707 byte_ppl=1.949 atoms=16 merges=0 field=6.6248 rms=0.2070 scale=1.0000 fcos=nan ign=0.0000 prn=nan nxp=0.000 mph=0.000 bytes=565793 pkts=565793 shard=0
step=0537000 (run 1000/8000) loss=1.81896 byte_ppl=6.165 atoms=44 merges=0 field=6.7297 rms=0.2103 scale=1.0000 fcos=nan ign=0.0000 prn=nan nxp=0.000 mph=0.000 bytes=565793 pkts=565793 shard=0
step=0537025 (run 1025/8000) loss=0.00163 byte_ppl=1.002 atoms=1 merges=0 field=6.7499 rms=0.2109 scale=1.0000 fcos=nan ign=0.0000 prn=nan nxp=0.000 mph=0.000 bytes=565793 pkts=565793 shard=0
step=0537050 (run 1050/8000) loss=8.40251 byte_ppl=4458.242 atoms=29 merges=0 field=6.7968 rms=0.2124 scale=1.0000 fcos=nan ign=0.0000 prn=nan nxp=0.000 mph=0.000 bytes=565793 pkts=565793 shard=0
step=0537075 (run 1075/8000) loss=0.00678 byte_ppl=1.007 atoms=56 merges=0 field=6.9083 rms=0.2159 scale=1.0000 fcos=nan ign=0.0000 prn=nan nxp=0.000 mph=0.000 bytes=565793 pkts=565793 shard=0
step=0537100 (run 1100/8000) loss=6.76001 byte_ppl=862.648 atoms=14 merges=0 field=6.9458 rms=0.2171 scale=1.0000 fcos=nan ign=0.0000 prn=nan nxp=0.000 mph=0.000 bytes=565793 pkts=565793 shard=0
step=0537125 (run 1125/8000) loss=0.92869 byte_ppl=2.531 atoms=41 merges=0 field=7.0091 rms=0.2190 scale=1.0000 fcos=nan ign=0.0000 prn=nan nxp=0.000 mph=0.000 bytes=565793 pkts=565793 shard=0
step=0537150 (run 1150/8000) loss=4.37457 byte_ppl=79.406 atoms=69 merges=0 field=7.0088 rms=0.2190 scale=1.0000 fcos=nan ign=0.0000 prn=nan nxp=0.000 mph=0.000 bytes=565793 pkts=565793 shard=0
step=0537175 (run 1175/8000) loss=0.00795 byte_ppl=1.008 atoms=25 merges=0 field=7.0852 rms=0.2214 scale=1.0000 fcos=nan ign=0.0000 prn=nan nxp=0.000 mph=0.000 bytes=565793 pkts=565793 shard=0
step=0537200 (run 1200/8000) loss=0.17507 byte_ppl=1.191 atoms=53 merges=0 field=7.1637 rms=0.2239 scale=1.0000 fcos=nan ign=0.0000 prn=nan nxp=0.000 mph=0.000 bytes=565793 pkts=565793 shard=0
step=0537225 (run 1225/8000) loss=5.62029 byte_ppl=275.968 atoms=10 merges=0 field=7.2094 rms=0.2253 scale=1.0000 fcos=nan ign=0.0000 prn=nan nxp=0.000 mph=0.000 bytes=565793 pkts=565793 shard=0
step=0537250 (run 1250/8000) loss=0.04225 byte_ppl=1.043 atoms=38 merges=0 field=7.2545 rms=0.2267 scale=1.0000 fcos=nan ign=0.0000 prn=nan nxp=0.000 mph=0.000 bytes=565793 pkts=565793 shard=0
step=0537275 (run 1275/8000) loss=0.11490 byte_ppl=1.122 atoms=65 merges=0 field=7.2703 rms=0.2272 scale=1.0000 fcos=nan ign=0.0000 prn=nan nxp=0.000 mph=0.000 bytes=565793 pkts=565793 shard=0
step=0537300 (run 1300/8000) loss=0.00756 byte_ppl=1.008 atoms=22 merges=0 field=7.3177 rms=0.2287 scale=1.0000 fcos=nan ign=0.0000 prn=nan nxp=0.000 mph=0.000 bytes=565793 pkts=565793 shard=0
step=0537325 (run 1325/8000) loss=4.54534 byte_ppl=94.192 atoms=49 merges=0 field=7.3739 rms=0.2304 scale=1.0000 fcos=nan ign=0.0000 prn=nan nxp=0.000 mph=0.000 bytes=565793 pkts=565793 shard=0
step=0537350 (run 1350/8000) loss=1.43964 byte_ppl=4.219 atoms=7 merges=0 field=7.4367 rms=0.2324 scale=1.0000 fcos=nan ign=0.0000 prn=nan nxp=0.000 mph=0.000 bytes=565793 pkts=565793 shard=0
step=0537375 (run 1375/8000) loss=1.25697 byte_ppl=3.515 atoms=34 merges=0 field=7.4523 rms=0.2329 scale=1.0000 fcos=nan ign=0.0000 prn=nan nxp=0.000 mph=0.000 bytes=565793 pkts=565793 shard=0
step=0537400 (run 1400/8000) loss=6.68138 byte_ppl=797.418 atoms=62 merges=0 field=7.4748 rms=0.2336 scale=1.0000 fcos=nan ign=0.0000 prn=nan nxp=0.000 mph=0.000 bytes=565793 pkts=565793 shard=0
step=0537425 (run 1425/8000) loss=4.16592 byte_ppl=64.452 atoms=19 merges=0 field=7.4761 rms=0.2336 scale=1.0000 fcos=nan ign=0.0000 prn=nan nxp=0.000 mph=0.000 bytes=565793 pkts=565793 shard=0
step=0537450 (run 1450/8000) loss=0.00749 byte_ppl=1.008 atoms=47 merges=0 field=7.5005 rms=0.2344 scale=1.0000 fcos=nan ign=0.0000 prn=nan nxp=0.000 mph=0.000 bytes=565793 pkts=565793 shard=0
step=0537475 (run 1475/8000) loss=0.00873 byte_ppl=1.009 atoms=3 merges=0 field=7.5316 rms=0.2354 scale=1.0000 fcos=nan ign=0.0000 prn=nan nxp=0.000 mph=0.000 bytes=565793 pkts=565793 shard=0
step=0537500 (run 1500/8000) loss=0.10633 byte_ppl=1.112 atoms=31 merges=0 field=7.6032 rms=0.2376 scale=1.0000 fcos=nan ign=0.0000 prn=nan nxp=0.000 mph=0.000 bytes=565793 pkts=565793 shard=0
step=0537525 (run 1525/8000) loss=0.01845 byte_ppl=1.019 atoms=58 merges=0 field=7.6275 rms=0.2384 scale=1.0000 fcos=nan ign=0.0000 prn=nan nxp=0.000 mph=0.000 bytes=565793 pkts=565793 shard=0
step=0537550 (run 1550/8000) loss=5.46621 byte_ppl=236.561 atoms=16 merges=0 field=7.6691 rms=0.2397 scale=1.0000 fcos=nan ign=0.0000 prn=nan nxp=0.000 mph=0.000 bytes=565793 pkts=565793 shard=0
step=0537575 (run 1575/8000) loss=0.00160 byte_ppl=1.002 atoms=43 merges=0 field=7.7402 rms=0.2419 scale=1.0000 fcos=nan ign=0.0000 prn=nan nxp=0.000 mph=0.000 bytes=565793 pkts=565793 shard=0
step=0537600 (run 1600/8000) loss=6.48576 byte_ppl=655.738 atoms=71 merges=0 field=7.7370 rms=0.2418 scale=1.0000 fcos=nan ign=0.0000 prn=nan nxp=0.000 mph=0.000 bytes=565793 pkts=565793 shard=0
step=0537625 (run 1625/8000) loss=2.62272 byte_ppl=13.773 atoms=27 merges=0 field=7.8044 rms=0.2439 scale=1.0000 fcos=nan ign=0.0000 prn=nan nxp=0.000 mph=0.000 bytes=565793 pkts=565793 shard=0
step=0537650 (run 1650/8000) loss=8.20302 byte_ppl=3651.952 atoms=55 merges=0 field=7.7906 rms=0.2435 scale=1.0000 fcos=nan ign=0.0000 prn=nan nxp=0.000 mph=0.000 bytes=565793 pkts=565793 shard=0
step=0537675 (run 1675/8000) loss=0.00106 byte_ppl=1.001 atoms=12 merges=0 field=7.7660 rms=0.2427 scale=1.0000 fcos=nan ign=0.0000 prn=nan nxp=0.000 mph=0.000 bytes=565793 pkts=565793 shard=0
step=0537700 (run 1700/8000) loss=3.10743 byte_ppl=22.364 atoms=40 merges=0 field=7.8018 rms=0.2438 scale=1.0000 fcos=nan ign=0.0000 prn=nan nxp=0.000 mph=0.000 bytes=565793 pkts=565793 shard=0
step=0537725 (run 1725/8000) loss=2.67773 byte_ppl=14.552 atoms=67 merges=0 field=7.7927 rms=0.2435 scale=1.0000 fcos=nan ign=0.0000 prn=nan nxp=0.000 mph=0.000 bytes=565793 pkts=565793 shard=0
step=0537750 (run 1750/8000) loss=6.40797 byte_ppl=606.659 atoms=25 merges=0 field=7.8226 rms=0.2445 scale=1.0000 fcos=nan ign=0.0000 prn=nan nxp=0.000 mph=0.000 bytes=565793 pkts=565793 shard=0
step=0537775 (run 1775/8000) loss=0.00659 byte_ppl=1.007 atoms=52 merges=0 field=7.8532 rms=0.2454 scale=1.0000 fcos=nan ign=0.0000 prn=nan nxp=0.000 mph=0.000 bytes=565793 pkts=565793 shard=0
step=0537800 (run 1800/8000) loss=0.15468 byte_ppl=1.167 atoms=9 merges=0 field=7.8926 rms=0.2466 scale=1.0000 fcos=nan ign=0.0000 prn=nan nxp=0.000 mph=0.000 bytes=565793 pkts=565793 shard=0
step=0537825 (run 1825/8000) loss=0.01425 byte_ppl=1.014 atoms=36 merges=0 field=7.9176 rms=0.2474 scale=1.0000 fcos=nan ign=0.0000 prn=nan nxp=0.000 mph=0.000 bytes=565793 pkts=565793 shard=0
step=0537850 (run 1850/8000) loss=4.12145 byte_ppl=61.649 atoms=64 merges=0 field=7.9522 rms=0.2485 scale=1.0000 fcos=nan ign=0.0000 prn=nan nxp=0.000 mph=0.000 bytes=565793 pkts=565793 shard=0
step=0537875 (run 1875/8000) loss=0.18565 byte_ppl=1.204 atoms=21 merges=0 field=7.9241 rms=0.2476 scale=1.0000 fcos=nan ign=0.0000 prn=nan nxp=0.000 mph=0.000 bytes=565793 pkts=565793 shard=0
step=0537900 (run 1900/8000) loss=0.01887 byte_ppl=1.019 atoms=49 merges=0 field=7.9651 rms=0.2489 scale=1.0000 fcos=nan ign=0.0000 prn=nan nxp=0.000 mph=0.000 bytes=565793 pkts=565793 shard=0
step=0537925 (run 1925/8000) loss=1.44163 byte_ppl=4.228 atoms=5 merges=0 field=7.9357 rms=0.2480 scale=1.0000 fcos=nan ign=0.0000 prn=nan nxp=0.000 mph=0.000 bytes=565793 pkts=565793 shard=0
step=0537950 (run 1950/8000) loss=1.88211 byte_ppl=6.567 atoms=33 merges=0 field=7.9586 rms=0.2487 scale=1.0000 fcos=nan ign=0.0000 prn=nan nxp=0.000 mph=0.000 bytes=565793 pkts=565793 shard=0
step=0537975 (run 1975/8000) loss=0.00167 byte_ppl=1.002 atoms=60 merges=0 field=7.9550 rms=0.2486 scale=1.0000 fcos=nan ign=0.0000 prn=nan nxp=0.000 mph=0.000 bytes=565793 pkts=565793 shard=0
step=0538000 (run 2000/8000) loss=4.90546 byte_ppl=135.025 atoms=18 merges=0 field=7.9449 rms=0.2483 scale=1.0000 fcos=nan ign=0.0000 prn=nan nxp=0.000 mph=0.000 bytes=565793 pkts=565793 shard=0
step=0538025 (run 2025/8000) loss=0.00292 byte_ppl=1.003 atoms=45 merges=0 field=8.0045 rms=0.2501 scale=1.0000 fcos=nan ign=0.0000 prn=nan nxp=0.000 mph=0.000 bytes=565793 pkts=565793 shard=0
step=0538050 (run 2050/8000) loss=7.18743 byte_ppl=1322.701 atoms=3 merges=0 field=8.0039 rms=0.2501 scale=1.0000 fcos=nan ign=0.0000 prn=nan nxp=0.000 mph=0.000 bytes=565793 pkts=565793 shard=0
step=0538075 (run 2075/8000) loss=0.00160 byte_ppl=1.002 atoms=30 merges=0 field=7.9871 rms=0.2496 scale=1.0000 fcos=nan ign=0.0000 prn=nan nxp=0.000 mph=0.000 bytes=565793 pkts=565793 shard=0
step=0538100 (run 2100/8000) loss=1.76779 byte_ppl=5.858 atoms=58 merges=0 field=8.0221 rms=0.2507 scale=1.0000 fcos=nan ign=0.0000 prn=nan nxp=0.000 mph=0.000 bytes=565793 pkts=565793 shard=0
step=0538125 (run 2125/8000) loss=0.00425 byte_ppl=1.004 atoms=14 merges=0 field=8.0611 rms=0.2519 scale=1.0000 fcos=nan ign=0.0000 prn=nan nxp=0.000 mph=0.000 bytes=565793 pkts=565793 shard=0
step=0538150 (run 2150/8000) loss=16.88600 byte_ppl=21552482.970 atoms=42 merges=0 field=8.0415 rms=0.2513 scale=1.0000 fcos=nan ign=0.0000 prn=nan nxp=0.000 mph=0.000 bytes=565793 pkts=565793 shard=0
step=0538175 (run 2175/8000) loss=0.00046 byte_ppl=1.000 atoms=69 merges=0 field=8.0257 rms=0.2508 scale=1.0000 fcos=nan ign=0.0000 prn=nan nxp=0.000 mph=0.000 bytes=565793 pkts=565793 shard=0
step=0538200 (run 2200/8000) loss=1.02020 byte_ppl=2.774 atoms=27 merges=0 field=8.0505 rms=0.2516 scale=1.0000 fcos=nan ign=0.0000 prn=nan nxp=0.000 mph=0.000 bytes=565793 pkts=565793 shard=0
step=0538225 (run 2225/8000) loss=0.00382 byte_ppl=1.004 atoms=54 merges=0 field=8.0777 rms=0.2524 scale=1.0000 fcos=nan ign=0.0000 prn=nan nxp=0.000 mph=0.000 bytes=565793 pkts=565793 shard=0
step=0538250 (run 2250/8000) loss=1.39077 byte_ppl=4.018 atoms=11 merges=0 field=8.1127 rms=0.2535 scale=1.0000 fcos=nan ign=0.0000 prn=nan nxp=0.000 mph=0.000 bytes=565793 pkts=565793 shard=0
step=0538275 (run 2275/8000) loss=0.53217 byte_ppl=1.703 atoms=38 merges=0 field=8.1526 rms=0.2548 scale=1.0000 fcos=nan ign=0.0000 prn=nan nxp=0.000 mph=0.000 bytes=565793 pkts=565793 shard=0
step=0538300 (run 2300/8000) loss=1.33599 byte_ppl=3.804 atoms=66 merges=0 field=8.1998 rms=0.2562 scale=1.0000 fcos=nan ign=0.0000 prn=nan nxp=0.000 mph=0.000 bytes=565793 pkts=565793 shard=0
step=0538325 (run 2325/8000) loss=0.00072 byte_ppl=1.001 atoms=23 merges=0 field=8.2148 rms=0.2567 scale=1.0000 fcos=nan ign=0.0000 prn=nan nxp=0.000 mph=0.000 bytes=565793 pkts=565793 shard=0
step=0538350 (run 2350/8000) loss=7.13658 byte_ppl=1257.120 atoms=51 merges=0 field=8.2273 rms=0.2571 scale=1.0000 fcos=nan ign=0.0000 prn=nan nxp=0.000 mph=0.000 bytes=565793 pkts=565793 shard=0
step=0538375 (run 2375/8000) loss=0.78984 byte_ppl=2.203 atoms=8 merges=0 field=8.2281 rms=0.2571 scale=1.0000 fcos=nan ign=0.0000 prn=nan nxp=0.000 mph=0.000 bytes=565793 pkts=565793 shard=0
step=0538400 (run 2400/8000) loss=0.19950 byte_ppl=1.221 atoms=36 merges=0 field=8.2707 rms=0.2585 scale=1.0000 fcos=nan ign=0.0000 prn=nan nxp=0.000 mph=0.000 bytes=565793 pkts=565793 shard=0
step=0538425 (run 2425/8000) loss=1.31210 byte_ppl=3.714 atoms=63 merges=0 field=8.2681 rms=0.2584 scale=1.0000 fcos=nan ign=0.0000 prn=nan nxp=0.000 mph=0.000 bytes=565793 pkts=565793 shard=0
step=0538450 (run 2450/8000) loss=0.00027 byte_ppl=1.000 atoms=20 merges=0 field=8.3105 rms=0.2597 scale=1.0000 fcos=nan ign=0.0000 prn=nan nxp=0.000 mph=0.000 bytes=565793 pkts=565793 shard=0
step=0538475 (run 2475/8000) loss=3.90547 byte_ppl=49.674 atoms=47 merges=0 field=8.2901 rms=0.2591 scale=1.0000 fcos=nan ign=0.0000 prn=nan nxp=0.000 mph=0.000 bytes=565793 pkts=565793 shard=0
step=0538500 (run 2500/8000) loss=8.73828 byte_ppl=6237.154 atoms=5 merges=0 field=8.3326 rms=0.2604 scale=1.0000 fcos=nan ign=0.0000 prn=nan nxp=0.000 mph=0.000 bytes=565793 pkts=565793 shard=0
step=0538525 (run 2525/8000) loss=0.00266 byte_ppl=1.003 atoms=32 merges=0 field=8.4055 rms=0.2627 scale=1.0000 fcos=nan ign=0.0000 prn=nan nxp=0.000 mph=0.000 bytes=565793 pkts=565793 shard=0
step=0538550 (run 2550/8000) loss=3.13626 byte_ppl=23.018 atoms=60 merges=0 field=8.3981 rms=0.2624 scale=1.0000 fcos=nan ign=0.0000 prn=nan nxp=0.000 mph=0.000 bytes=565793 pkts=565793 shard=0
step=0538575 (run 2575/8000) loss=0.44303 byte_ppl=1.557 atoms=16 merges=0 field=8.4231 rms=0.2632 scale=1.0000 fcos=nan ign=0.0000 prn=nan nxp=0.000 mph=0.000 bytes=565793 pkts=565793 shard=0
step=0538600 (run 2600/8000) loss=8.29157 byte_ppl=3990.100 atoms=44 merges=0 field=8.4530 rms=0.2642 scale=1.0000 fcos=nan ign=0.0000 prn=nan nxp=0.000 mph=0.000 bytes=565793 pkts=565793 shard=0
step=0538625 (run 2625/8000) loss=4.27323 byte_ppl=71.753 atoms=1 merges=0 field=8.4747 rms=0.2648 scale=1.0000 fcos=nan ign=0.0000 prn=nan nxp=0.000 mph=0.000 bytes=565793 pkts=565793 shard=0
step=0538650 (run 2650/8000) loss=0.17403 byte_ppl=1.190 atoms=29 merges=0 field=8.4499 rms=0.2641 scale=1.0000 fcos=nan ign=0.0000 prn=nan nxp=0.000 mph=0.000 bytes=565793 pkts=565793 shard=0
step=0538675 (run 2675/8000) loss=0.00007 byte_ppl=1.000 atoms=56 merges=0 field=8.5001 rms=0.2656 scale=1.0000 fcos=nan ign=0.0000 prn=nan nxp=0.000 mph=0.000 bytes=565793 pkts=565793 shard=0
step=0538700 (run 2700/8000) loss=4.88569 byte_ppl=132.382 atoms=14 merges=0 field=8.4131 rms=0.2629 scale=1.0000 fcos=nan ign=0.0000 prn=nan nxp=0.000 mph=0.000 bytes=565793 pkts=565793 shard=0
step=0538725 (run 2725/8000) loss=0.01447 byte_ppl=1.015 atoms=41 merges=0 field=8.3985 rms=0.2625 scale=1.0000 fcos=nan ign=0.0000 prn=nan nxp=0.000 mph=0.000 bytes=565793 pkts=565793 shard=0
step=0538750 (run 2750/8000) loss=1.37356 byte_ppl=3.949 atoms=69 merges=0 field=8.4060 rms=0.2627 scale=1.0000 fcos=nan ign=0.0000 prn=nan nxp=0.000 mph=0.000 bytes=565793 pkts=565793 shard=0
step=0538775 (run 2775/8000) loss=0.00131 byte_ppl=1.001 atoms=25 merges=0 field=8.3754 rms=0.2617 scale=1.0000 fcos=nan ign=0.0000 prn=nan nxp=0.000 mph=0.000 bytes=565793 pkts=565793 shard=0
step=0538800 (run 2800/8000) loss=7.18194 byte_ppl=1315.464 atoms=53 merges=0 field=8.4071 rms=0.2627 scale=1.0000 fcos=nan ign=0.0000 prn=nan nxp=0.000 mph=0.000 bytes=565793 pkts=565793 shard=0
step=0538825 (run 2825/8000) loss=0.00055 byte_ppl=1.001 atoms=10 merges=0 field=8.4521 rms=0.2641 scale=1.0000 fcos=nan ign=0.0000 prn=nan nxp=0.000 mph=0.000 bytes=565793 pkts=565793 shard=0
step=0538850 (run 2850/8000) loss=3.98637 byte_ppl=53.859 atoms=38 merges=0 field=8.4604 rms=0.2644 scale=1.0000 fcos=nan ign=0.0000 prn=nan nxp=0.000 mph=0.000 bytes=565793 pkts=565793 shard=0
step=0538875 (run 2875/8000) loss=1.78543 byte_ppl=5.962 atoms=65 merges=0 field=8.4983 rms=0.2656 scale=1.0000 fcos=nan ign=0.0000 prn=nan nxp=0.000 mph=0.000 bytes=565793 pkts=565793 shard=0
step=0538900 (run 2900/8000) loss=0.00147 byte_ppl=1.001 atoms=22 merges=0 field=8.4679 rms=0.2646 scale=1.0000 fcos=nan ign=0.0000 prn=nan nxp=0.000 mph=0.000 bytes=565793 pkts=565793 shard=0
step=0538925 (run 2925/8000) loss=0.64028 byte_ppl=1.897 atoms=49 merges=0 field=8.4044 rms=0.2626 scale=1.0000 fcos=nan ign=0.0000 prn=nan nxp=0.000 mph=0.000 bytes=565793 pkts=565793 shard=0
step=0538950 (run 2950/8000) loss=0.02263 byte_ppl=1.023 atoms=7 merges=0 field=8.3476 rms=0.2609 scale=1.0000 fcos=nan ign=0.0000 prn=nan nxp=0.000 mph=0.000 bytes=565793 pkts=565793 shard=0
step=0538975 (run 2975/8000) loss=1.52676 byte_ppl=4.603 atoms=34 merges=0 field=8.3780 rms=0.2618 scale=1.0000 fcos=nan ign=0.0000 prn=nan nxp=0.000 mph=0.000 bytes=565793 pkts=565793 shard=0
step=0539000 (run 3000/8000) loss=0.00369 byte_ppl=1.004 atoms=62 merges=0 field=8.4105 rms=0.2628 scale=1.0000 fcos=nan ign=0.0000 prn=nan nxp=0.000 mph=0.000 bytes=565793 pkts=565793 shard=0
step=0539025 (run 3025/8000) loss=0.00255 byte_ppl=1.003 atoms=19 merges=0 field=8.4145 rms=0.2630 scale=1.0000 fcos=nan ign=0.0000 prn=nan nxp=0.000 mph=0.000 bytes=565793 pkts=565793 shard=0
step=0539050 (run 3050/8000) loss=9.02625 byte_ppl=8318.645 atoms=47 merges=0 field=8.4473 rms=0.2640 scale=1.0000 fcos=nan ign=0.0000 prn=nan nxp=0.000 mph=0.000 bytes=565793 pkts=565793 shard=0
step=0539075 (run 3075/8000) loss=0.01422 byte_ppl=1.014 atoms=3 merges=0 field=8.4790 rms=0.2650 scale=1.0000 fcos=nan ign=0.0000 prn=nan nxp=0.000 mph=0.000 bytes=565793 pkts=565793 shard=0
step=0539100 (run 3100/8000) loss=8.93365 byte_ppl=7582.871 atoms=31 merges=0 field=8.4545 rms=0.2642 scale=1.0000 fcos=nan ign=0.0000 prn=nan nxp=0.000 mph=0.000 bytes=565793 pkts=565793 shard=0
step=0539125 (run 3125/8000) loss=0.00019 byte_ppl=1.000 atoms=58 merges=0 field=8.4452 rms=0.2639 scale=1.0000 fcos=nan ign=0.0000 prn=nan nxp=0.000 mph=0.000 bytes=565793 pkts=565793 shard=0
step=0539150 (run 3150/8000) loss=0.03006 byte_ppl=1.031 atoms=16 merges=0 field=8.4342 rms=0.2636 scale=1.0000 fcos=nan ign=0.0000 prn=nan nxp=0.000 mph=0.000 bytes=565793 pkts=565793 shard=0
step=0539175 (run 3175/8000) loss=0.84001 byte_ppl=2.316 atoms=43 merges=0 field=8.3916 rms=0.2622 scale=1.0000 fcos=nan ign=0.0000 prn=nan nxp=0.000 mph=0.000 bytes=565793 pkts=565793 shard=0
step=0539200 (run 3200/8000) loss=11.81274 byte_ppl=134961.407 atoms=71 merges=0 field=8.3415 rms=0.2607 scale=1.0000 fcos=nan ign=0.0000 prn=nan nxp=0.000 mph=0.000 bytes=565793 pkts=565793 shard=0
step=0539225 (run 3225/8000) loss=0.00223 byte_ppl=1.002 atoms=27 merges=0 field=8.3296 rms=0.2603 scale=1.0000 fcos=nan ign=0.0000 prn=nan nxp=0.000 mph=0.000 bytes=565793 pkts=565793 shard=0
step=0539250 (run 3250/8000) loss=0.27292 byte_ppl=1.314 atoms=55 merges=0 field=8.2665 rms=0.2583 scale=1.0000 fcos=nan ign=0.0000 prn=nan nxp=0.000 mph=0.000 bytes=565793 pkts=565793 shard=0
step=0539275 (run 3275/8000) loss=0.02991 byte_ppl=1.030 atoms=12 merges=0 field=8.2471 rms=0.2577 scale=1.0000 fcos=nan ign=0.0000 prn=nan nxp=0.000 mph=0.000 bytes=565793 pkts=565793 shard=0
step=0539300 (run 3300/8000) loss=6.84387 byte_ppl=938.111 atoms=40 merges=0 field=8.2604 rms=0.2581 scale=1.0000 fcos=nan ign=0.0000 prn=nan nxp=0.000 mph=0.000 bytes=565793 pkts=565793 shard=0
step=0539325 (run 3325/8000) loss=0.00367 byte_ppl=1.004 atoms=67 merges=0 field=8.2477 rms=0.2577 scale=1.0000 fcos=nan ign=0.0000 prn=nan nxp=0.000 mph=0.000 bytes=565793 pkts=565793 shard=0
step=0539350 (run 3350/8000) loss=18.89499 byte_ppl=160690227.000 atoms=25 merges=0 field=8.2460 rms=0.2577 scale=1.0000 fcos=nan ign=0.0000 prn=nan nxp=0.000 mph=0.000 bytes=565793 pkts=565793 shard=0
step=0539375 (run 3375/8000) loss=2.38643 byte_ppl=10.875 atoms=52 merges=0 field=8.2887 rms=0.2590 scale=1.0000 fcos=nan ign=0.0000 prn=nan nxp=0.000 mph=0.000 bytes=565793 pkts=565793 shard=0
step=0539400 (run 3400/8000) loss=8.87817 byte_ppl=7173.678 atoms=9 merges=0 field=8.2675 rms=0.2584 scale=1.0000 fcos=nan ign=0.0000 prn=nan nxp=0.000 mph=0.000 bytes=565793 pkts=565793 shard=0
step=0539425 (run 3425/8000) loss=0.00475 byte_ppl=1.005 atoms=36 merges=0 field=8.2456 rms=0.2577 scale=1.0000 fcos=nan ign=0.0000 prn=nan nxp=0.000 mph=0.000 bytes=565793 pkts=565793 shard=0
step=0539450 (run 3450/8000) loss=0.46087 byte_ppl=1.585 atoms=64 merges=0 field=8.2038 rms=0.2564 scale=1.0000 fcos=nan ign=0.0000 prn=nan nxp=0.000 mph=0.000 bytes=565793 pkts=565793 shard=0
step=0539475 (run 3475/8000) loss=0.78048 byte_ppl=2.183 atoms=21 merges=0 field=8.1814 rms=0.2557 scale=1.0000 fcos=nan ign=0.0000 prn=nan nxp=0.000 mph=0.000 bytes=565793 pkts=565793 shard=0
step=0539500 (run 3500/8000) loss=0.00016 byte_ppl=1.000 atoms=49 merges=0 field=8.2091 rms=0.2565 scale=1.0000 fcos=nan ign=0.0000 prn=nan nxp=0.000 mph=0.000 bytes=565793 pkts=565793 shard=0
step=0539525 (run 3525/8000) loss=0.00108 byte_ppl=1.001 atoms=5 merges=0 field=8.2449 rms=0.2577 scale=1.0000 fcos=nan ign=0.0000 prn=nan nxp=0.000 mph=0.000 bytes=565793 pkts=565793 shard=0
step=0539550 (run 3550/8000) loss=9.72258 byte_ppl=16690.186 atoms=33 merges=0 field=8.2491 rms=0.2578 scale=1.0000 fcos=nan ign=0.0000 prn=nan nxp=0.000 mph=0.000 bytes=565793 pkts=565793 shard=0
step=0539575 (run 3575/8000) loss=0.00071 byte_ppl=1.001 atoms=60 merges=0 field=8.2574 rms=0.2580 scale=1.0000 fcos=nan ign=0.0000 prn=nan nxp=0.000 mph=0.000 bytes=565793 pkts=565793 shard=0
step=0539600 (run 3600/8000) loss=0.00071 byte_ppl=1.001 atoms=18 merges=0 field=8.2603 rms=0.2581 scale=1.0000 fcos=nan ign=0.0000 prn=nan nxp=0.000 mph=0.000 bytes=565793 pkts=565793 shard=0
step=0539625 (run 3625/8000) loss=1.95178 byte_ppl=7.041 atoms=45 merges=0 field=8.2907 rms=0.2591 scale=1.0000 fcos=nan ign=0.0000 prn=nan nxp=0.000 mph=0.000 bytes=565793 pkts=565793 shard=0
step=0539650 (run 3650/8000) loss=4.19706 byte_ppl=66.490 atoms=3 merges=0 field=8.2961 rms=0.2593 scale=1.0000 fcos=nan ign=0.0000 prn=nan nxp=0.000 mph=0.000 bytes=565793 pkts=565793 shard=0
step=0539675 (run 3675/8000) loss=0.00018 byte_ppl=1.000 atoms=30 merges=0 field=8.3266 rms=0.2602 scale=1.0000 fcos=nan ign=0.0000 prn=nan nxp=0.000 mph=0.000 bytes=565793 pkts=565793 shard=0
step=0539700 (run 3700/8000) loss=5.28138 byte_ppl=196.640 atoms=58 merges=0 field=8.3219 rms=0.2601 scale=1.0000 fcos=nan ign=0.0000 prn=nan nxp=0.000 mph=0.000 bytes=565793 pkts=565793 shard=0
step=0539725 (run 3725/8000) loss=2.59263 byte_ppl=13.365 atoms=14 merges=0 field=8.3229 rms=0.2601 scale=1.0000 fcos=nan ign=0.0000 prn=nan nxp=0.000 mph=0.000 bytes=565793 pkts=565793 shard=0
step=0539750 (run 3750/8000) loss=4.02135 byte_ppl=55.776 atoms=42 merges=0 field=8.3591 rms=0.2612 scale=1.0000 fcos=nan ign=0.0000 prn=nan nxp=0.000 mph=0.000 bytes=565793 pkts=565793 shard=0
step=0539775 (run 3775/8000) loss=3.85143 byte_ppl=47.060 atoms=69 merges=0 field=8.3688 rms=0.2615 scale=1.0000 fcos=nan ign=0.0000 prn=nan nxp=0.000 mph=0.000 bytes=565793 pkts=565793 shard=0
step=0539800 (run 3800/8000) loss=0.00049 byte_ppl=1.000 atoms=27 merges=0 field=8.3779 rms=0.2618 scale=1.0000 fcos=nan ign=0.0000 prn=nan nxp=0.000 mph=0.000 bytes=565793 pkts=565793 shard=0
step=0539825 (run 3825/8000) loss=1.47185 byte_ppl=4.357 atoms=54 merges=0 field=8.3666 rms=0.2615 scale=1.0000 fcos=nan ign=0.0000 prn=nan nxp=0.000 mph=0.000 bytes=565793 pkts=565793 shard=0
step=0539850 (run 3850/8000) loss=0.88679 byte_ppl=2.427 atoms=11 merges=0 field=8.3560 rms=0.2611 scale=1.0000 fcos=nan ign=0.0000 prn=nan nxp=0.000 mph=0.000 bytes=565793 pkts=565793 shard=0
step=0539875 (run 3875/8000) loss=1.12206 byte_ppl=3.071 atoms=38 merges=0 field=8.3769 rms=0.2618 scale=1.0000 fcos=nan ign=0.0000 prn=nan nxp=0.000 mph=0.000 bytes=565793 pkts=565793 shard=0
step=0539900 (run 3900/8000) loss=1.43446 byte_ppl=4.197 atoms=66 merges=0 field=8.4113 rms=0.2629 scale=1.0000 fcos=nan ign=0.0000 prn=nan nxp=0.000 mph=0.000 bytes=565793 pkts=565793 shard=0
step=0539925 (run 3925/8000) loss=0.00572 byte_ppl=1.006 atoms=23 merges=0 field=8.4368 rms=0.2637 scale=1.0000 fcos=nan ign=0.0000 prn=nan nxp=0.000 mph=0.000 bytes=565793 pkts=565793 shard=0
step=0539950 (run 3950/8000) loss=2.73631 byte_ppl=15.430 atoms=51 merges=0 field=8.4672 rms=0.2646 scale=1.0000 fcos=nan ign=0.0000 prn=nan nxp=0.000 mph=0.000 bytes=565793 pkts=565793 shard=0
step=0539975 (run 3975/8000) loss=2.27310 byte_ppl=9.709 atoms=8 merges=0 field=8.4820 rms=0.2651 scale=1.0000 fcos=nan ign=0.0000 prn=nan nxp=0.000 mph=0.000 bytes=565793 pkts=565793 shard=0
step=0540000 (run 4000/8000) loss=0.01380 byte_ppl=1.014 atoms=36 merges=0 field=8.4549 rms=0.2642 scale=1.0000 fcos=nan ign=0.0000 prn=nan nxp=0.000 mph=0.000 bytes=565793 pkts=565793 shard=0
step=0540025 (run 4025/8000) loss=6.05926 byte_ppl=428.056 atoms=63 merges=0 field=8.4389 rms=0.2637 scale=1.0000 fcos=nan ign=0.0000 prn=nan nxp=0.000 mph=0.000 bytes=565793 pkts=565793 shard=0
step=0540050 (run 4050/8000) loss=2.71891 byte_ppl=15.164 atoms=20 merges=0 field=8.4577 rms=0.2643 scale=1.0000 fcos=nan ign=0.0000 prn=nan nxp=0.000 mph=0.000 bytes=565793 pkts=565793 shard=0
step=0540075 (run 4075/8000) loss=0.00078 byte_ppl=1.001 atoms=47 merges=0 field=8.4313 rms=0.2635 scale=1.0000 fcos=nan ign=0.0000 prn=nan nxp=0.000 mph=0.000 bytes=565793 pkts=565793 shard=0
step=0540100 (run 4100/8000) loss=1.62560 byte_ppl=5.081 atoms=5 merges=0 field=8.4163 rms=0.2630 scale=1.0000 fcos=nan ign=0.0000 prn=nan nxp=0.000 mph=0.000 bytes=565793 pkts=565793 shard=0
step=0540125 (run 4125/8000) loss=1.77482 byte_ppl=5.899 atoms=32 merges=0 field=8.4429 rms=0.2638 scale=1.0000 fcos=nan ign=0.0000 prn=nan nxp=0.000 mph=0.000 bytes=565793 pkts=565793 shard=0
step=0540150 (run 4150/8000) loss=4.13051 byte_ppl=62.210 atoms=60 merges=0 field=8.4380 rms=0.2637 scale=1.0000 fcos=nan ign=0.0000 prn=nan nxp=0.000 mph=0.000 bytes=565793 pkts=565793 shard=0
step=0540175 (run 4175/8000) loss=12.90701 byte_ppl=403127.501 atoms=16 merges=0 field=8.4495 rms=0.2640 scale=1.0000 fcos=nan ign=0.0000 prn=nan nxp=0.000 mph=0.000 bytes=565793 pkts=565793 shard=0
step=0540200 (run 4200/8000) loss=3.35664 byte_ppl=28.693 atoms=44 merges=0 field=8.4424 rms=0.2638 scale=1.0000 fcos=nan ign=0.0000 prn=nan nxp=0.000 mph=0.000 bytes=565793 pkts=565793 shard=0
step=0540225 (run 4225/8000) loss=3.61722 byte_ppl=37.234 atoms=1 merges=0 field=8.4082 rms=0.2628 scale=1.0000 fcos=nan ign=0.0000 prn=nan nxp=0.000 mph=0.000 bytes=565793 pkts=565793 shard=0
step=0540250 (run 4250/8000) loss=0.18655 byte_ppl=1.205 atoms=29 merges=0 field=8.4365 rms=0.2636 scale=1.0000 fcos=nan ign=0.0000 prn=nan nxp=0.000 mph=0.000 bytes=565793 pkts=565793 shard=0
step=0540275 (run 4275/8000) loss=0.06210 byte_ppl=1.064 atoms=56 merges=0 field=8.3899 rms=0.2622 scale=1.0000 fcos=nan ign=0.0000 prn=nan nxp=0.000 mph=0.000 bytes=565793 pkts=565793 shard=0
step=0540300 (run 4300/8000) loss=2.34642 byte_ppl=10.448 atoms=14 merges=0 field=8.3676 rms=0.2615 scale=1.0000 fcos=nan ign=0.0000 prn=nan nxp=0.000 mph=0.000 bytes=565793 pkts=565793 shard=0
step=0540325 (run 4325/8000) loss=0.70749 byte_ppl=2.029 atoms=41 merges=0 field=8.3848 rms=0.2620 scale=1.0000 fcos=nan ign=0.0000 prn=nan nxp=0.000 mph=0.000 bytes=565793 pkts=565793 shard=0
step=0540350 (run 4350/8000) loss=0.00927 byte_ppl=1.009 atoms=69 merges=0 field=8.4156 rms=0.2630 scale=1.0000 fcos=nan ign=0.0000 prn=nan nxp=0.000 mph=0.000 bytes=565793 pkts=565793 shard=0
step=0540375 (run 4375/8000) loss=8.99874 byte_ppl=8092.843 atoms=25 merges=0 field=8.3960 rms=0.2624 scale=1.0000 fcos=nan ign=0.0000 prn=nan nxp=0.000 mph=0.000 bytes=565793 pkts=565793 shard=0
step=0540400 (run 4400/8000) loss=0.02136 byte_ppl=1.022 atoms=53 merges=0 field=8.4127 rms=0.2629 scale=1.0000 fcos=nan ign=0.0000 prn=nan nxp=0.000 mph=0.000 bytes=565793 pkts=565793 shard=0
step=0540425 (run 4425/8000) loss=0.00072 byte_ppl=1.001 atoms=10 merges=0 field=8.4631 rms=0.2645 scale=1.0000 fcos=nan ign=0.0000 prn=nan nxp=0.000 mph=0.000 bytes=565793 pkts=565793 shard=0
step=0540450 (run 4450/8000) loss=4.87115 byte_ppl=130.470 atoms=38 merges=0 field=8.4742 rms=0.2648 scale=1.0000 fcos=nan ign=0.0000 prn=nan nxp=0.000 mph=0.000 bytes=565793 pkts=565793 shard=0
step=0540475 (run 4475/8000) loss=0.82359 byte_ppl=2.279 atoms=65 merges=0 field=8.4916 rms=0.2654 scale=1.0000 fcos=nan ign=0.0000 prn=nan nxp=0.000 mph=0.000 bytes=565793 pkts=565793 shard=0
step=0540500 (run 4500/8000) loss=0.00663 byte_ppl=1.007 atoms=22 merges=0 field=8.4851 rms=0.2652 scale=1.0000 fcos=nan ign=0.0000 prn=nan nxp=0.000 mph=0.000 bytes=565793 pkts=565793 shard=0
step=0540525 (run 4525/8000) loss=0.01534 byte_ppl=1.015 atoms=49 merges=0 field=8.4712 rms=0.2647 scale=1.0000 fcos=nan ign=0.0000 prn=nan nxp=0.000 mph=0.000 bytes=565793 pkts=565793 shard=0
step=0540550 (run 4550/8000) loss=11.41046 byte_ppl=90260.889 atoms=7 merges=0 field=8.4413 rms=0.2638 scale=1.0000 fcos=nan ign=0.0000 prn=nan nxp=0.000 mph=0.000 bytes=565793 pkts=565793 shard=0
step=0540575 (run 4575/8000) loss=0.01011 byte_ppl=1.010 atoms=34 merges=0 field=8.4529 rms=0.2642 scale=1.0000 fcos=nan ign=0.0000 prn=nan nxp=0.000 mph=0.000 bytes=565793 pkts=565793 shard=0
step=0540600 (run 4600/8000) loss=1.73657 byte_ppl=5.678 atoms=62 merges=0 field=8.5004 rms=0.2656 scale=1.0000 fcos=nan ign=0.0000 prn=nan nxp=0.000 mph=0.000 bytes=565793 pkts=565793 shard=0
step=0540625 (run 4625/8000) loss=0.66846 byte_ppl=1.951 atoms=19 merges=0 field=8.5023 rms=0.2657 scale=1.0000 fcos=nan ign=0.0000 prn=nan nxp=0.000 mph=0.000 bytes=565793 pkts=565793 shard=0
step=0540650 (run 4650/8000) loss=11.64119 byte_ppl=113685.105 atoms=47 merges=0 field=8.5234 rms=0.2664 scale=1.0000 fcos=nan ign=0.0000 prn=nan nxp=0.000 mph=0.000 bytes=565793 pkts=565793 shard=0
step=0540675 (run 4675/8000) loss=5.18835 byte_ppl=179.172 atoms=3 merges=0 field=8.5134 rms=0.2660 scale=1.0000 fcos=nan ign=0.0000 prn=nan nxp=0.000 mph=0.000 bytes=565793 pkts=565793 shard=0
step=0540700 (run 4700/8000) loss=1.13779 byte_ppl=3.120 atoms=31 merges=0 field=8.4994 rms=0.2656 scale=1.0000 fcos=nan ign=0.0000 prn=nan nxp=0.000 mph=0.000 bytes=565793 pkts=565793 shard=0
step=0540725 (run 4725/8000) loss=0.18180 byte_ppl=1.199 atoms=58 merges=0 field=8.4739 rms=0.2648 scale=1.0000 fcos=nan ign=0.0000 prn=nan nxp=0.000 mph=0.000 bytes=565793 pkts=565793 shard=0
step=0540750 (run 4750/8000) loss=4.65678 byte_ppl=105.297 atoms=16 merges=0 field=8.4630 rms=0.2645 scale=1.0000 fcos=nan ign=0.0000 prn=nan nxp=0.000 mph=0.000 bytes=565793 pkts=565793 shard=0
step=0540775 (run 4775/8000) loss=0.00549 byte_ppl=1.006 atoms=43 merges=0 field=8.4010 rms=0.2625 scale=1.0000 fcos=nan ign=0.0000 prn=nan nxp=0.000 mph=0.000 bytes=565793 pkts=565793 shard=0
step=0540800 (run 4800/8000) loss=4.62253 byte_ppl=101.751 atoms=71 merges=0 field=8.4057 rms=0.2627 scale=1.0000 fcos=nan ign=0.0000 prn=nan nxp=0.000 mph=0.000 bytes=565793 pkts=565793 shard=0
step=0540825 (run 4825/8000) loss=0.00131 byte_ppl=1.001 atoms=27 merges=0 field=8.3993 rms=0.2625 scale=1.0000 fcos=nan ign=0.0000 prn=nan nxp=0.000 mph=0.000 bytes=565793 pkts=565793 shard=0
step=0540850 (run 4850/8000) loss=5.45647 byte_ppl=234.269 atoms=55 merges=0 field=8.3806 rms=0.2619 scale=1.0000 fcos=nan ign=0.0000 prn=nan nxp=0.000 mph=0.000 bytes=565793 pkts=565793 shard=0
step=0540875 (run 4875/8000) loss=0.12906 byte_ppl=1.138 atoms=12 merges=0 field=8.3490 rms=0.2609 scale=1.0000 fcos=nan ign=0.0000 prn=nan nxp=0.000 mph=0.000 bytes=565793 pkts=565793 shard=0
step=0540900 (run 4900/8000) loss=10.46630 byte_ppl=35111.962 atoms=40 merges=0 field=8.3965 rms=0.2624 scale=1.0000 fcos=nan ign=0.0000 prn=nan nxp=0.000 mph=0.000 bytes=565793 pkts=565793 shard=0
step=0540925 (run 4925/8000) loss=0.77311 byte_ppl=2.166 atoms=67 merges=0 field=8.4286 rms=0.2634 scale=1.0000 fcos=nan ign=0.0000 prn=nan nxp=0.000 mph=0.000 bytes=565793 pkts=565793 shard=0
step=0540950 (run 4950/8000) loss=5.06956 byte_ppl=159.105 atoms=25 merges=0 field=8.3608 rms=0.2613 scale=1.0000 fcos=nan ign=0.0000 prn=nan nxp=0.000 mph=0.000 bytes=565793 pkts=565793 shard=0
step=0540975 (run 4975/8000) loss=0.04767 byte_ppl=1.049 atoms=52 merges=0 field=8.3446 rms=0.2608 scale=1.0000 fcos=nan ign=0.0000 prn=nan nxp=0.000 mph=0.000 bytes=565793 pkts=565793 shard=0
step=0541000 (run 5000/8000) loss=0.12108 byte_ppl=1.129 atoms=9 merges=0 field=8.3877 rms=0.2621 scale=1.0000 fcos=nan ign=0.0000 prn=nan nxp=0.000 mph=0.000 bytes=565793 pkts=565793 shard=0
step=0541025 (run 5025/8000) loss=0.00515 byte_ppl=1.005 atoms=36 merges=0 field=8.3940 rms=0.2623 scale=1.0000 fcos=nan ign=0.0000 prn=nan nxp=0.000 mph=0.000 bytes=565793 pkts=565793 shard=0
step=0541050 (run 5050/8000) loss=0.00027 byte_ppl=1.000 atoms=64 merges=0 field=8.3995 rms=0.2625 scale=1.0000 fcos=nan ign=0.0000 prn=nan nxp=0.000 mph=0.000 bytes=565793 pkts=565793 shard=0
step=0541075 (run 5075/8000) loss=5.46145 byte_ppl=235.438 atoms=21 merges=0 field=8.4239 rms=0.2632 scale=1.0000 fcos=nan ign=0.0000 prn=nan nxp=0.000 mph=0.000 bytes=565793 pkts=565793 shard=0
step=0541100 (run 5100/8000) loss=0.68173 byte_ppl=1.977 atoms=49 merges=0 field=8.4350 rms=0.2636 scale=1.0000 fcos=nan ign=0.0000 prn=nan nxp=0.000 mph=0.000 bytes=565793 pkts=565793 shard=0
step=0541125 (run 5125/8000) loss=0.00124 byte_ppl=1.001 atoms=5 merges=0 field=8.4849 rms=0.2652 scale=1.0000 fcos=nan ign=0.0000 prn=nan nxp=0.000 mph=0.000 bytes=565793 pkts=565793 shard=0
step=0541150 (run 5150/8000) loss=5.33654 byte_ppl=207.792 atoms=33 merges=0 field=8.4766 rms=0.2649 scale=1.0000 fcos=nan ign=0.0000 prn=nan nxp=0.000 mph=0.000 bytes=565793 pkts=565793 shard=0
step=0541175 (run 5175/8000) loss=0.00203 byte_ppl=1.002 atoms=60 merges=0 field=8.4716 rms=0.2647 scale=1.0000 fcos=nan ign=0.0000 prn=nan nxp=0.000 mph=0.000 bytes=565793 pkts=565793 shard=0
step=0541200 (run 5200/8000) loss=14.31004 byte_ppl=1639733.503 atoms=18 merges=0 field=8.4705 rms=0.2647 scale=1.0000 fcos=nan ign=0.0000 prn=nan nxp=0.000 mph=0.000 bytes=565793 pkts=565793 shard=0
step=0541225 (run 5225/8000) loss=1.24005 byte_ppl=3.456 atoms=45 merges=0 field=8.4672 rms=0.2646 scale=1.0000 fcos=nan ign=0.0000 prn=nan nxp=0.000 mph=0.000 bytes=565793 pkts=565793 shard=0
step=0541250 (run 5250/8000) loss=3.16552 byte_ppl=23.701 atoms=3 merges=0 field=8.4411 rms=0.2638 scale=1.0000 fcos=nan ign=0.0000 prn=nan nxp=0.000 mph=0.000 bytes=565793 pkts=565793 shard=0
step=0541275 (run 5275/8000) loss=0.00526 byte_ppl=1.005 atoms=30 merges=0 field=8.4842 rms=0.2651 scale=1.0000 fcos=nan ign=0.0000 prn=nan nxp=0.000 mph=0.000 bytes=565793 pkts=565793 shard=0
step=0541300 (run 5300/8000) loss=8.36343 byte_ppl=4287.363 atoms=58 merges=0 field=8.4797 rms=0.2650 scale=1.0000 fcos=nan ign=0.0000 prn=nan nxp=0.000 mph=0.000 bytes=565793 pkts=565793 shard=0
step=0541325 (run 5325/8000) loss=0.00074 byte_ppl=1.001 atoms=14 merges=0 field=8.4981 rms=0.2656 scale=1.0000 fcos=nan ign=0.0000 prn=nan nxp=0.000 mph=0.000 bytes=565793 pkts=565793 shard=0
step=0541350 (run 5350/8000) loss=0.00037 byte_ppl=1.000 atoms=42 merges=0 field=8.5047 rms=0.2658 scale=1.0000 fcos=nan ign=0.0000 prn=nan nxp=0.000 mph=0.000 bytes=565793 pkts=565793 shard=0
step=0541375 (run 5375/8000) loss=1.50729 byte_ppl=4.514 atoms=69 merges=0 field=8.5305 rms=0.2666 scale=1.0000 fcos=nan ign=0.0000 prn=nan nxp=0.000 mph=0.000 bytes=565793 pkts=565793 shard=0
step=0541400 (run 5400/8000) loss=0.00703 byte_ppl=1.007 atoms=27 merges=0 field=8.5518 rms=0.2672 scale=1.0000 fcos=nan ign=0.0000 prn=nan nxp=0.000 mph=0.000 bytes=565793 pkts=565793 shard=0
step=0541425 (run 5425/8000) loss=0.00111 byte_ppl=1.001 atoms=54 merges=0 field=8.5622 rms=0.2676 scale=1.0000 fcos=nan ign=0.0000 prn=nan nxp=0.000 mph=0.000 bytes=565793 pkts=565793 shard=0
step=0541450 (run 5450/8000) loss=4.82483 byte_ppl=124.565 atoms=11 merges=0 field=8.5261 rms=0.2664 scale=1.0000 fcos=nan ign=0.0000 prn=nan nxp=0.000 mph=0.000 bytes=565793 pkts=565793 shard=0
step=0541475 (run 5475/8000) loss=0.00083 byte_ppl=1.001 atoms=38 merges=0 field=8.5747 rms=0.2680 scale=1.0000 fcos=nan ign=0.0000 prn=nan nxp=0.000 mph=0.000 bytes=565793 pkts=565793 shard=0
step=0541500 (run 5500/8000) loss=3.43691 byte_ppl=31.091 atoms=66 merges=0 field=8.5347 rms=0.2667 scale=1.0000 fcos=nan ign=0.0000 prn=nan nxp=0.000 mph=0.000 bytes=565793 pkts=565793 shard=0
step=0541525 (run 5525/8000) loss=0.04636 byte_ppl=1.047 atoms=23 merges=0 field=8.5990 rms=0.2687 scale=1.0000 fcos=nan ign=0.0000 prn=nan nxp=0.000 mph=0.000 bytes=565793 pkts=565793 shard=0
step=0541550 (run 5550/8000) loss=0.48352 byte_ppl=1.622 atoms=51 merges=0 field=8.5905 rms=0.2685 scale=1.0000 fcos=nan ign=0.0000 prn=nan nxp=0.000 mph=0.000 bytes=565793 pkts=565793 shard=0
step=0541575 (run 5575/8000) loss=7.37751 byte_ppl=1599.597 atoms=8 merges=0 field=8.6245 rms=0.2695 scale=1.0000 fcos=nan ign=0.0000 prn=nan nxp=0.000 mph=0.000 bytes=565793 pkts=565793 shard=0
step=0541600 (run 5600/8000) loss=1.97738 byte_ppl=7.224 atoms=36 merges=0 field=8.6567 rms=0.2705 scale=1.0000 fcos=nan ign=0.0000 prn=nan nxp=0.000 mph=0.000 bytes=565793 pkts=565793 shard=0
step=0541625 (run 5625/8000) loss=0.08070 byte_ppl=1.084 atoms=63 merges=0 field=8.6178 rms=0.2693 scale=1.0000 fcos=nan ign=0.0000 prn=nan nxp=0.000 mph=0.000 bytes=565793 pkts=565793 shard=0
step=0541650 (run 5650/8000) loss=2.01185 byte_ppl=7.477 atoms=20 merges=0 field=8.6216 rms=0.2694 scale=1.0000 fcos=nan ign=0.0000 prn=nan nxp=0.000 mph=0.000 bytes=565793 pkts=565793 shard=0
step=0541675 (run 5675/8000) loss=0.00719 byte_ppl=1.007 atoms=47 merges=0 field=8.6364 rms=0.2699 scale=1.0000 fcos=nan ign=0.0000 prn=nan nxp=0.000 mph=0.000 bytes=565793 pkts=565793 shard=0
step=0541700 (run 5700/8000) loss=4.23968 byte_ppl=69.386 atoms=5 merges=0 field=8.6762 rms=0.2711 scale=1.0000 fcos=nan ign=0.0000 prn=nan nxp=0.000 mph=0.000 bytes=565793 pkts=565793 shard=0
step=0541725 (run 5725/8000) loss=0.00135 byte_ppl=1.001 atoms=32 merges=0 field=8.6682 rms=0.2709 scale=1.0000 fcos=nan ign=0.0000 prn=nan nxp=0.000 mph=0.000 bytes=565793 pkts=565793 shard=0
step=0541750 (run 5750/8000) loss=0.00013 byte_ppl=1.000 atoms=60 merges=0 field=8.6689 rms=0.2709 scale=1.0000 fcos=nan ign=0.0000 prn=nan nxp=0.000 mph=0.000 bytes=565793 pkts=565793 shard=0
step=0541775 (run 5775/8000) loss=0.00202 byte_ppl=1.002 atoms=16 merges=0 field=8.6832 rms=0.2714 scale=1.0000 fcos=nan ign=0.0000 prn=nan nxp=0.000 mph=0.000 bytes=565793 pkts=565793 shard=0
step=0541800 (run 5800/8000) loss=0.90663 byte_ppl=2.476 atoms=44 merges=0 field=8.6949 rms=0.2717 scale=1.0000 fcos=nan ign=0.0000 prn=nan nxp=0.000 mph=0.000 bytes=565793 pkts=565793 shard=0
step=0541825 (run 5825/8000) loss=1.02285 byte_ppl=2.781 atoms=1 merges=0 field=8.6990 rms=0.2718 scale=1.0000 fcos=nan ign=0.0000 prn=nan nxp=0.000 mph=0.000 bytes=565793 pkts=565793 shard=0
step=0541850 (run 5850/8000) loss=4.78826 byte_ppl=120.093 atoms=29 merges=0 field=8.6618 rms=0.2707 scale=1.0000 fcos=nan ign=0.0000 prn=nan nxp=0.000 mph=0.000 bytes=565793 pkts=565793 shard=0
step=0541875 (run 5875/8000) loss=0.00554 byte_ppl=1.006 atoms=56 merges=0 field=8.6703 rms=0.2709 scale=1.0000 fcos=nan ign=0.0000 prn=nan nxp=0.000 mph=0.000 bytes=565793 pkts=565793 shard=0
step=0541900 (run 5900/8000) loss=2.47097 byte_ppl=11.834 atoms=14 merges=0 field=8.6493 rms=0.2703 scale=1.0000 fcos=nan ign=0.0000 prn=nan nxp=0.000 mph=0.000 bytes=565793 pkts=565793 shard=0
step=0541925 (run 5925/8000) loss=1.80530 byte_ppl=6.082 atoms=41 merges=0 field=8.6730 rms=0.2710 scale=1.0000 fcos=nan ign=0.0000 prn=nan nxp=0.000 mph=0.000 bytes=565793 pkts=565793 shard=0
step=0541950 (run 5950/8000) loss=0.01398 byte_ppl=1.014 atoms=69 merges=0 field=8.6518 rms=0.2704 scale=1.0000 fcos=nan ign=0.0000 prn=nan nxp=0.000 mph=0.000 bytes=565793 pkts=565793 shard=0
step=0541975 (run 5975/8000) loss=5.44005 byte_ppl=230.454 atoms=25 merges=0 field=8.6411 rms=0.2700 scale=1.0000 fcos=nan ign=0.0000 prn=nan nxp=0.000 mph=0.000 bytes=565793 pkts=565793 shard=0
step=0542000 (run 6000/8000) loss=10.66586 byte_ppl=42866.907 atoms=53 merges=0 field=8.6145 rms=0.2692 scale=1.0000 fcos=nan ign=0.0000 prn=nan nxp=0.000 mph=0.000 bytes=565793 pkts=565793 shard=0
step=0542025 (run 6025/8000) loss=6.06782 byte_ppl=431.738 atoms=10 merges=0 field=8.6096 rms=0.2691 scale=1.0000 fcos=nan ign=0.0000 prn=nan nxp=0.000 mph=0.000 bytes=565793 pkts=565793 shard=0
step=0542050 (run 6050/8000) loss=0.06353 byte_ppl=1.066 atoms=38 merges=0 field=8.6097 rms=0.2691 scale=1.0000 fcos=nan ign=0.0000 prn=nan nxp=0.000 mph=0.000 bytes=565793 pkts=565793 shard=0
step=0542075 (run 6075/8000) loss=0.00150 byte_ppl=1.002 atoms=65 merges=0 field=8.6426 rms=0.2701 scale=1.0000 fcos=nan ign=0.0000 prn=nan nxp=0.000 mph=0.000 bytes=565793 pkts=565793 shard=0
step=0542100 (run 6100/8000) loss=2.11866 byte_ppl=8.320 atoms=22 merges=0 field=8.6724 rms=0.2710 scale=1.0000 fcos=nan ign=0.0000 prn=nan nxp=0.000 mph=0.000 bytes=565793 pkts=565793 shard=0
step=0542125 (run 6125/8000) loss=0.00198 byte_ppl=1.002 atoms=49 merges=0 field=8.6943 rms=0.2717 scale=1.0000 fcos=nan ign=0.0000 prn=nan nxp=0.000 mph=0.000 bytes=565793 pkts=565793 shard=0
step=0542150 (run 6150/8000) loss=4.02786 byte_ppl=56.141 atoms=7 merges=0 field=8.7151 rms=0.2723 scale=1.0000 fcos=nan ign=0.0000 prn=nan nxp=0.000 mph=0.000 bytes=565793 pkts=565793 shard=0
step=0542175 (run 6175/8000) loss=0.07947 byte_ppl=1.083 atoms=34 merges=0 field=8.7038 rms=0.2720 scale=1.0000 fcos=nan ign=0.0000 prn=nan nxp=0.000 mph=0.000 bytes=565793 pkts=565793 shard=0
step=0542200 (run 6200/8000) loss=7.47799 byte_ppl=1768.677 atoms=62 merges=0 field=8.7226 rms=0.2726 scale=1.0000 fcos=nan ign=0.0000 prn=nan nxp=0.000 mph=0.000 bytes=565793 pkts=565793 shard=0
step=0542225 (run 6225/8000) loss=0.00554 byte_ppl=1.006 atoms=19 merges=0 field=8.7360 rms=0.2730 scale=1.0000 fcos=nan ign=0.0000 prn=nan nxp=0.000 mph=0.000 bytes=565793 pkts=565793 shard=0
step=0542250 (run 6250/8000) loss=5.25456 byte_ppl=191.437 atoms=47 merges=0 field=8.7293 rms=0.2728 scale=1.0000 fcos=nan ign=0.0000 prn=nan nxp=0.000 mph=0.000 bytes=565793 pkts=565793 shard=0
step=0542275 (run 6275/8000) loss=0.04690 byte_ppl=1.048 atoms=3 merges=0 field=8.7367 rms=0.2730 scale=1.0000 fcos=nan ign=0.0000 prn=nan nxp=0.000 mph=0.000 bytes=565793 pkts=565793 shard=0
step=0542300 (run 6300/8000) loss=2.87053 byte_ppl=17.646 atoms=31 merges=0 field=8.7668 rms=0.2740 scale=1.0000 fcos=nan ign=0.0000 prn=nan nxp=0.000 mph=0.000 bytes=565793 pkts=565793 shard=0
step=0542325 (run 6325/8000) loss=0.00760 byte_ppl=1.008 atoms=58 merges=0 field=8.7516 rms=0.2735 scale=1.0000 fcos=nan ign=0.0000 prn=nan nxp=0.000 mph=0.000 bytes=565793 pkts=565793 shard=0
step=0542350 (run 6350/8000) loss=0.05656 byte_ppl=1.058 atoms=16 merges=0 field=8.7496 rms=0.2734 scale=1.0000 fcos=nan ign=0.0000 prn=nan nxp=0.000 mph=0.000 bytes=565793 pkts=565793 shard=0
step=0542375 (run 6375/8000) loss=5.48999 byte_ppl=242.255 atoms=43 merges=0 field=8.7765 rms=0.2743 scale=1.0000 fcos=nan ign=0.0000 prn=nan nxp=0.000 mph=0.000 bytes=565793 pkts=565793 shard=0
step=0542400 (run 6400/8000) loss=4.47188 byte_ppl=87.521 atoms=71 merges=0 field=8.8014 rms=0.2750 scale=1.0000 fcos=nan ign=0.0000 prn=nan nxp=0.000 mph=0.000 bytes=565793 pkts=565793 shard=0
step=0542425 (run 6425/8000) loss=7.70826 byte_ppl=2226.672 atoms=27 merges=0 field=8.8040 rms=0.2751 scale=1.0000 fcos=nan ign=0.0000 prn=nan nxp=0.000 mph=0.000 bytes=565793 pkts=565793 shard=0
step=0542450 (run 6450/8000) loss=11.00665 byte_ppl=60273.342 atoms=55 merges=0 field=8.8114 rms=0.2754 scale=1.0000 fcos=nan ign=0.0000 prn=nan nxp=0.000 mph=0.000 bytes=565793 pkts=565793 shard=0
step=0542475 (run 6475/8000) loss=1.17624 byte_ppl=3.242 atoms=12 merges=0 field=8.8053 rms=0.2752 scale=1.0000 fcos=nan ign=0.0000 prn=nan nxp=0.000 mph=0.000 bytes=565793 pkts=565793 shard=0
step=0542500 (run 6500/8000) loss=5.22300 byte_ppl=185.489 atoms=40 merges=0 field=8.7814 rms=0.2744 scale=1.0000 fcos=nan ign=0.0000 prn=nan nxp=0.000 mph=0.000 bytes=565793 pkts=565793 shard=0
step=0542525 (run 6525/8000) loss=0.94088 byte_ppl=2.562 atoms=67 merges=0 field=8.8181 rms=0.2756 scale=1.0000 fcos=nan ign=0.0000 prn=nan nxp=0.000 mph=0.000 bytes=565793 pkts=565793 shard=0
step=0542550 (run 6550/8000) loss=0.00429 byte_ppl=1.004 atoms=25 merges=0 field=8.7813 rms=0.2744 scale=1.0000 fcos=nan ign=0.0000 prn=nan nxp=0.000 mph=0.000 bytes=565793 pkts=565793 shard=0
step=0542575 (run 6575/8000) loss=0.79503 byte_ppl=2.215 atoms=52 merges=0 field=8.7843 rms=0.2745 scale=1.0000 fcos=nan ign=0.0000 prn=nan nxp=0.000 mph=0.000 bytes=565793 pkts=565793 shard=0
step=0542600 (run 6600/8000) loss=0.00309 byte_ppl=1.003 atoms=9 merges=0 field=8.8233 rms=0.2757 scale=1.0000 fcos=nan ign=0.0000 prn=nan nxp=0.000 mph=0.000 bytes=565793 pkts=565793 shard=0
step=0542625 (run 6625/8000) loss=0.00358 byte_ppl=1.004 atoms=36 merges=0 field=8.8108 rms=0.2753 scale=1.0000 fcos=nan ign=0.0000 prn=nan nxp=0.000 mph=0.000 bytes=565793 pkts=565793 shard=0
step=0542650 (run 6650/8000) loss=0.08520 byte_ppl=1.089 atoms=64 merges=0 field=8.8107 rms=0.2753 scale=1.0000 fcos=nan ign=0.0000 prn=nan nxp=0.000 mph=0.000 bytes=565793 pkts=565793 shard=0
step=0542675 (run 6675/8000) loss=0.00924 byte_ppl=1.009 atoms=21 merges=0 field=8.8209 rms=0.2757 scale=1.0000 fcos=nan ign=0.0000 prn=nan nxp=0.000 mph=0.000 bytes=565793 pkts=565793 shard=0
step=0542700 (run 6700/8000) loss=0.80730 byte_ppl=2.242 atoms=49 merges=0 field=8.8114 rms=0.2754 scale=1.0000 fcos=nan ign=0.0000 prn=nan nxp=0.000 mph=0.000 bytes=565793 pkts=565793 shard=0
step=0542725 (run 6725/8000) loss=0.15889 byte_ppl=1.172 atoms=5 merges=0 field=8.8052 rms=0.2752 scale=1.0000 fcos=nan ign=0.0000 prn=nan nxp=0.000 mph=0.000 bytes=565793 pkts=565793 shard=0
step=0542750 (run 6750/8000) loss=1.69319 byte_ppl=5.437 atoms=33 merges=0 field=8.8147 rms=0.2755 scale=1.0000 fcos=nan ign=0.0000 prn=nan nxp=0.000 mph=0.000 bytes=565793 pkts=565793 shard=0
step=0542775 (run 6775/8000) loss=0.00063 byte_ppl=1.001 atoms=60 merges=0 field=8.8009 rms=0.2750 scale=1.0000 fcos=nan ign=0.0000 prn=nan nxp=0.000 mph=0.000 bytes=565793 pkts=565793 shard=0
step=0542800 (run 6800/8000) loss=0.04936 byte_ppl=1.051 atoms=18 merges=0 field=8.8429 rms=0.2763 scale=1.0000 fcos=nan ign=0.0000 prn=nan nxp=0.000 mph=0.000 bytes=565793 pkts=565793 shard=0
step=0542825 (run 6825/8000) loss=6.21699 byte_ppl=501.194 atoms=45 merges=0 field=8.7847 rms=0.2745 scale=1.0000 fcos=nan ign=0.0000 prn=nan nxp=0.000 mph=0.000 bytes=565793 pkts=565793 shard=0
step=0542850 (run 6850/8000) loss=2.30372 byte_ppl=10.011 atoms=3 merges=0 field=8.7952 rms=0.2749 scale=1.0000 fcos=nan ign=0.0000 prn=nan nxp=0.000 mph=0.000 bytes=565793 pkts=565793 shard=0
step=0542875 (run 6875/8000) loss=0.08682 byte_ppl=1.091 atoms=30 merges=0 field=8.8114 rms=0.2754 scale=1.0000 fcos=nan ign=0.0000 prn=nan nxp=0.000 mph=0.000 bytes=565793 pkts=565793 shard=0
step=0542900 (run 6900/8000) loss=0.05584 byte_ppl=1.057 atoms=58 merges=0 field=8.7788 rms=0.2743 scale=1.0000 fcos=nan ign=0.0000 prn=nan nxp=0.000 mph=0.000 bytes=565793 pkts=565793 shard=0
step=0542925 (run 6925/8000) loss=0.00204 byte_ppl=1.002 atoms=14 merges=0 field=8.8000 rms=0.2750 scale=1.0000 fcos=nan ign=0.0000 prn=nan nxp=0.000 mph=0.000 bytes=565793 pkts=565793 shard=0
step=0542950 (run 6950/8000) loss=0.03359 byte_ppl=1.034 atoms=42 merges=0 field=8.8208 rms=0.2757 scale=1.0000 fcos=nan ign=0.0000 prn=nan nxp=0.000 mph=0.000 bytes=565793 pkts=565793 shard=0
step=0542975 (run 6975/8000) loss=1.54197 byte_ppl=4.674 atoms=69 merges=0 field=8.7964 rms=0.2749 scale=1.0000 fcos=nan ign=0.0000 prn=nan nxp=0.000 mph=0.000 bytes=565793 pkts=565793 shard=0
step=0543000 (run 7000/8000) loss=3.01616 byte_ppl=20.413 atoms=27 merges=0 field=8.7884 rms=0.2746 scale=1.0000 fcos=nan ign=0.0000 prn=nan nxp=0.000 mph=0.000 bytes=565793 pkts=565793 shard=0
step=0543025 (run 7025/8000) loss=0.02055 byte_ppl=1.021 atoms=54 merges=0 field=8.8036 rms=0.2751 scale=1.0000 fcos=nan ign=0.0000 prn=nan nxp=0.000 mph=0.000 bytes=565793 pkts=565793 shard=0
step=0543050 (run 7050/8000) loss=1.14655 byte_ppl=3.147 atoms=11 merges=0 field=8.7855 rms=0.2745 scale=1.0000 fcos=nan ign=0.0000 prn=nan nxp=0.000 mph=0.000 bytes=565793 pkts=565793 shard=0
step=0543075 (run 7075/8000) loss=2.43404 byte_ppl=11.405 atoms=38 merges=0 field=8.8071 rms=0.2752 scale=1.0000 fcos=nan ign=0.0000 prn=nan nxp=0.000 mph=0.000 bytes=565793 pkts=565793 shard=0
step=0543100 (run 7100/8000) loss=0.00799 byte_ppl=1.008 atoms=66 merges=0 field=8.8068 rms=0.2752 scale=1.0000 fcos=nan ign=0.0000 prn=nan nxp=0.000 mph=0.000 bytes=565793 pkts=565793 shard=0
step=0543125 (run 7125/8000) loss=1.08950 byte_ppl=2.973 atoms=23 merges=0 field=8.7923 rms=0.2748 scale=1.0000 fcos=nan ign=0.0000 prn=nan nxp=0.000 mph=0.000 bytes=565793 pkts=565793 shard=0
step=0543150 (run 7150/8000) loss=10.22445 byte_ppl=27569.106 atoms=51 merges=0 field=8.8202 rms=0.2756 scale=1.0000 fcos=nan ign=0.0000 prn=nan nxp=0.000 mph=0.000 bytes=565793 pkts=565793 shard=0
step=0543175 (run 7175/8000) loss=3.84814 byte_ppl=46.906 atoms=8 merges=0 field=8.8443 rms=0.2764 scale=1.0000 fcos=nan ign=0.0000 prn=nan nxp=0.000 mph=0.000 bytes=565793 pkts=565793 shard=0
step=0543200 (run 7200/8000) loss=0.04679 byte_ppl=1.048 atoms=36 merges=0 field=8.8485 rms=0.2765 scale=1.0000 fcos=nan ign=0.0000 prn=nan nxp=0.000 mph=0.000 bytes=565793 pkts=565793 shard=0
step=0543225 (run 7225/8000) loss=3.99854 byte_ppl=54.519 atoms=63 merges=0 field=8.8252 rms=0.2758 scale=1.0000 fcos=nan ign=0.0000 prn=nan nxp=0.000 mph=0.000 bytes=565793 pkts=565793 shard=0
step=0543250 (run 7250/8000) loss=7.95097 byte_ppl=2838.315 atoms=20 merges=0 field=8.7804 rms=0.2744 scale=1.0000 fcos=nan ign=0.0000 prn=nan nxp=0.000 mph=0.000 bytes=565793 pkts=565793 shard=0
step=0543275 (run 7275/8000) loss=0.04668 byte_ppl=1.048 atoms=47 merges=0 field=8.7966 rms=0.2749 scale=1.0000 fcos=nan ign=0.0000 prn=nan nxp=0.000 mph=0.000 bytes=565793 pkts=565793 shard=0
step=0543300 (run 7300/8000) loss=0.00370 byte_ppl=1.004 atoms=5 merges=0 field=8.7764 rms=0.2743 scale=1.0000 fcos=nan ign=0.0000 prn=nan nxp=0.000 mph=0.000 bytes=565793 pkts=565793 shard=0
step=0543325 (run 7325/8000) loss=0.00090 byte_ppl=1.001 atoms=32 merges=0 field=8.7241 rms=0.2726 scale=1.0000 fcos=nan ign=0.0000 prn=nan nxp=0.000 mph=0.000 bytes=565793 pkts=565793 shard=0
step=0543350 (run 7350/8000) loss=0.00038 byte_ppl=1.000 atoms=60 merges=0 field=8.7436 rms=0.2732 scale=1.0000 fcos=nan ign=0.0000 prn=nan nxp=0.000 mph=0.000 bytes=565793 pkts=565793 shard=0
step=0543375 (run 7375/8000) loss=0.00281 byte_ppl=1.003 atoms=16 merges=0 field=8.7465 rms=0.2733 scale=1.0000 fcos=nan ign=0.0000 prn=nan nxp=0.000 mph=0.000 bytes=565793 pkts=565793 shard=0
step=0543400 (run 7400/8000) loss=2.44011 byte_ppl=11.474 atoms=44 merges=0 field=8.7334 rms=0.2729 scale=1.0000 fcos=nan ign=0.0000 prn=nan nxp=0.000 mph=0.000 bytes=565793 pkts=565793 shard=0
step=0543425 (run 7425/8000) loss=0.00020 byte_ppl=1.000 atoms=1 merges=0 field=8.7282 rms=0.2728 scale=1.0000 fcos=nan ign=0.0000 prn=nan nxp=0.000 mph=0.000 bytes=565793 pkts=565793 shard=0
step=0543450 (run 7450/8000) loss=0.00159 byte_ppl=1.002 atoms=29 merges=0 field=8.7051 rms=0.2720 scale=1.0000 fcos=nan ign=0.0000 prn=nan nxp=0.000 mph=0.000 bytes=565793 pkts=565793 shard=0
step=0543475 (run 7475/8000) loss=0.01843 byte_ppl=1.019 atoms=56 merges=0 field=8.7132 rms=0.2723 scale=1.0000 fcos=nan ign=0.0000 prn=nan nxp=0.000 mph=0.000 bytes=565793 pkts=565793 shard=0
step=0543500 (run 7500/8000) loss=1.84180 byte_ppl=6.308 atoms=14 merges=0 field=8.7337 rms=0.2729 scale=1.0000 fcos=nan ign=0.0000 prn=nan nxp=0.000 mph=0.000 bytes=565793 pkts=565793 shard=0
step=0543525 (run 7525/8000) loss=0.00168 byte_ppl=1.002 atoms=41 merges=0 field=8.7285 rms=0.2728 scale=1.0000 fcos=nan ign=0.0000 prn=nan nxp=0.000 mph=0.000 bytes=565793 pkts=565793 shard=0
step=0543550 (run 7550/8000) loss=1.34156 byte_ppl=3.825 atoms=69 merges=0 field=8.7202 rms=0.2725 scale=1.0000 fcos=nan ign=0.0000 prn=nan nxp=0.000 mph=0.000 bytes=565793 pkts=565793 shard=0
step=0543575 (run 7575/8000) loss=0.00860 byte_ppl=1.009 atoms=25 merges=0 field=8.6986 rms=0.2718 scale=1.0000 fcos=nan ign=0.0000 prn=nan nxp=0.000 mph=0.000 bytes=565793 pkts=565793 shard=0
step=0543600 (run 7600/8000) loss=8.88988 byte_ppl=7258.122 atoms=53 merges=0 field=8.7244 rms=0.2726 scale=1.0000 fcos=nan ign=0.0000 prn=nan nxp=0.000 mph=0.000 bytes=565793 pkts=565793 shard=0
step=0543625 (run 7625/8000) loss=0.00088 byte_ppl=1.001 atoms=10 merges=0 field=8.7494 rms=0.2734 scale=1.0000 fcos=nan ign=0.0000 prn=nan nxp=0.000 mph=0.000 bytes=565793 pkts=565793 shard=0
step=0543650 (run 7650/8000) loss=0.67995 byte_ppl=1.974 atoms=38 merges=0 field=8.7464 rms=0.2733 scale=1.0000 fcos=nan ign=0.0000 prn=nan nxp=0.000 mph=0.000 bytes=565793 pkts=565793 shard=0
step=0543675 (run 7675/8000) loss=0.01219 byte_ppl=1.012 atoms=65 merges=0 field=8.7581 rms=0.2737 scale=1.0000 fcos=nan ign=0.0000 prn=nan nxp=0.000 mph=0.000 bytes=565793 pkts=565793 shard=0
step=0543700 (run 7700/8000) loss=5.38088 byte_ppl=217.214 atoms=22 merges=0 field=8.7762 rms=0.2743 scale=1.0000 fcos=nan ign=0.0000 prn=nan nxp=0.000 mph=0.000 bytes=565793 pkts=565793 shard=0
step=0543725 (run 7725/8000) loss=0.00237 byte_ppl=1.002 atoms=49 merges=0 field=8.7782 rms=0.2743 scale=1.0000 fcos=nan ign=0.0000 prn=nan nxp=0.000 mph=0.000 bytes=565793 pkts=565793 shard=0
step=0543750 (run 7750/8000) loss=0.00212 byte_ppl=1.002 atoms=7 merges=0 field=8.7909 rms=0.2747 scale=1.0000 fcos=nan ign=0.0000 prn=nan nxp=0.000 mph=0.000 bytes=565793 pkts=565793 shard=0
step=0543775 (run 7775/8000) loss=0.00150 byte_ppl=1.001 atoms=34 merges=0 field=8.8112 rms=0.2754 scale=1.0000 fcos=nan ign=0.0000 prn=nan nxp=0.000 mph=0.000 bytes=565793 pkts=565793 shard=0
step=0543800 (run 7800/8000) loss=6.46913 byte_ppl=644.925 atoms=62 merges=0 field=8.8357 rms=0.2761 scale=1.0000 fcos=nan ign=0.0000 prn=nan nxp=0.000 mph=0.000 bytes=565793 pkts=565793 shard=0
step=0543825 (run 7825/8000) loss=0.00218 byte_ppl=1.002 atoms=19 merges=0 field=8.8611 rms=0.2769 scale=1.0000 fcos=nan ign=0.0000 prn=nan nxp=0.000 mph=0.000 bytes=565793 pkts=565793 shard=0
step=0543850 (run 7850/8000) loss=0.87273 byte_ppl=2.393 atoms=47 merges=0 field=8.8643 rms=0.2770 scale=1.0000 fcos=nan ign=0.0000 prn=nan nxp=0.000 mph=0.000 bytes=565793 pkts=565793 shard=0
step=0543875 (run 7875/8000) loss=5.05181 byte_ppl=156.305 atoms=3 merges=0 field=8.8648 rms=0.2770 scale=1.0000 fcos=nan ign=0.0000 prn=nan nxp=0.000 mph=0.000 bytes=565793 pkts=565793 shard=0
step=0543900 (run 7900/8000) loss=6.39697 byte_ppl=600.023 atoms=31 merges=0 field=8.8495 rms=0.2765 scale=1.0000 fcos=nan ign=0.0000 prn=nan nxp=0.000 mph=0.000 bytes=565793 pkts=565793 shard=0
step=0543925 (run 7925/8000) loss=0.01306 byte_ppl=1.013 atoms=58 merges=0 field=8.8349 rms=0.2761 scale=1.0000 fcos=nan ign=0.0000 prn=nan nxp=0.000 mph=0.000 bytes=565793 pkts=565793 shard=0
step=0543950 (run 7950/8000) loss=0.00015 byte_ppl=1.000 atoms=16 merges=0 field=8.8335 rms=0.2760 scale=1.0000 fcos=nan ign=0.0000 prn=nan nxp=0.000 mph=0.000 bytes=565793 pkts=565793 shard=0
step=0543975 (run 7975/8000) loss=0.01434 byte_ppl=1.014 atoms=43 merges=0 field=8.8364 rms=0.2761 scale=1.0000 fcos=nan ign=0.0000 prn=nan nxp=0.000 mph=0.000 bytes=565793 pkts=565793 shard=0
step=0544000 (run 8000/8000) loss=6.42412 byte_ppl=616.538 atoms=71 merges=0 field=8.8663 rms=0.2771 scale=1.0000 fcos=nan ign=0.0000 prn=nan nxp=0.000 mph=0.000 bytes=565793 pkts=565793 shard=0
{
  "stream": true,
  "data_path": "data/corpus_fr_medium_s21.txt",
  "data_glob": null,
  "shard_paths": [
    "/home/user/atom-ai/data/corpus_fr_medium_s21.txt"
  ],
  "data_bytes": 500257,
  "data_characters": null,
  "atomizer_version": "atomizer-v1-byte-span",
  "feature_dim": 320,
  "packet_count": null,
  "train_packet_count": null,
  "validation_packet_count": 2048,
  "mean_packet_bytes": null,
  "max_packet_bytes": null,
  "min_packet_bytes": null,
  "bytes_seen": 565793,
  "config": {
    "d_model": 32,
    "n_modes": 32,
    "n_atoms_max": 64,
    "max_span_bytes": 1,
    "episode_length": 8000,
    "episode_reset": true,
    "atom_flush_every": 64,
    "learning_rate": 5e-05,
    "surface_learning_rate": 0.00012,
    "steps": 8000,
    "start_step": 536000,
    "seed": 20260913,
    "surface_alphabet": 256,
    "field_max_rms": 3.0,
    "energy_decay_bounds": [
      0.3,
      0.95
    ],
    "stream": true,
    "chunk_bytes": 65536,
    "loop_shards": true,
    "stream_buffer": 2048,
    "stream_prefetch": true,
    "stream_skip_packets": 536000,
    "last_atom_readout": true,
    "efference_every": 10,
    "enable_merge": false,
    "payload_copy": false,
    "merge_coherence_threshold": 0.45,
    "merge_energy_floor": 0.08,
    "field_loss_weight": 0.05,
    "field_contrast_weight": 0.0,
    "field_ignorance_weight": 0.08,
    "field_ignorance_ablate_shared": false,
    "field_ignorance_prompt_bank": false,
    "field_obligatory_readout": true,
    "field_obligatory_hard": true,
    "printable_aux_weight": 0.0,
    "field_next_packet_weight": 0.0,
    "slow_every": 1
  },
  "packets_seen": 565793,
  "stream_epoch": 1,
  "train": {
    "steps": 8000,
    "efference_every": 10,
    "efference_steps": 800,
    "start_step": 536000,
    "total_steps": 544000,
    "episode_length": 8000,
    "episode_reset": true,
    "atom_flush_every": 64,
    "elapsed_seconds": 122.18658601599964,
    "transitions_per_second": 65.47363553436583,
    "first_loss": 0.08710647374391556,
    "final_loss": 6.42411994934082,
    "final_total_perplexity": 616.5379940537165,
    "finite_losses": true,
    "finite_parameters": true,
    "nan_or_inf": false,
    "field_rms_before_max": 0.2777979373931885,
    "field_rms_after_max": 0.2777979373931885,
    "field_scale_min": 1.0,
    "field_norm_max": 8.889476776123047,
    "field_limited_steps": 0,
    "field_limited_fraction": 0.0,
    "final_dynamics": {
      "coupling_scale": 1.1257203817367554,
      "energy_decay": 0.30000001192092896,
      "phase_sync": 0.25892511010169983,
      "energy_decay_before": 0.29999780654907227,
      "energy_decay_repaired": true,
      "energy_decay_bounds": [
        0.3,
        0.95
      ]
    },
    "final_atoms_before_validation": 58,
    "stream": true,
    "bytes_seen": 565793
  },
  "validation": {
    "transitions": 256,
    "loss": 1.1198957776277254,
    "total_perplexity": 3.064534793562368,
    "byte_loss": 1.1198957776277254,
    "byte_perplexity": 3.064534793562368,
    "source": "stream_ring"
  },
  "checkpoint": "checkpoints/byte_tick/atom_native_step_544000_d32.pt",
  "reload": {
    "n_atoms": 0,
    "field_norm": 8.866332054138184,
    "time": 88.0003890991211,
    "finite": true
  },
  "generation": {
    "The future of AI is": {
      "temperature": 0.8,
      "top_k": 5,
      "max_length": 20,
      "bytes_hex": "5065757820202020",
      "text": "Peux    ",
      "reload_text": "Peux    ",
      "reload_match": true
    },
    "Bonjour, je m'appelle": {
      "temperature": 0.8,
      "top_k": 5,
      "max_length": 20,
      "bytes_hex": "506575742dc3aa74",
      "text": "Peut-\u00eat",
      "reload_text": "Peut-\u00eat",
      "reload_match": true
    },
    "Valkyria Chronicles III is": {
      "temperature": 0.8,
      "top_k": 5,
      "max_length": 20,
      "bytes_hex": "5065757272612e0a",
      "text": "Peurra.\n",
      "reload_text": "Peurra.\n",
      "reload_match": true
    }
  }
}
