train lock skipped (--allow-parallel-train)
stream skip: advancing 624000 packet transitions...
stream skip done: packets_seen=631268
resumed weights from checkpoints/byte_tick/atom_native_step_1120000_d32_ms1M.pt (recorded step=1120000, legacy_surface_migrated=False, span_head_migrated=False)
atomizer pack_mode=linguistic max_span_bytes=1
dynamics on load: energy_decay=0.3002551198005676 -> 0.3002551198005676 (repaired=False, bounds=(0.3, 0.95))
MERGE gates: enable=False coherence_thr=0.450 energy_floor=0.080
field_obligatory_hard=ON hard-v2+ (mix_floor=1.0, freeze bypass, logits=frozen+cap*(α_MLP+payload_prod))
payload_copy=False (train-time copy-bias branch)
last_atom_readout=True (byte-tick 2-gram + dentate)
efference_every=10 (0=off)
optimizer groups: field/other lr=5e-05 (13 tensors), surface lr=0.00012 (25 tensors); energy_decay_bounds=(0.3, 0.95); field_max_rms=3.0
stream mode: 2 shard(s), chunk_bytes=65536, loop_shards=True, stream_buffer=2048, stream_prefetch=True
optimizer restore skipped: surface LR param groups differ from checkpoint
step=1120001 (run 1/8000) loss=4.16202 byte_ppl=64.201 atoms=1 merges=0 field=0.0532 rms=0.0019 scale=1.0000 fcos=nan ign=0.0000 prn=nan nxp=0.000 mph=0.000 bytes=631268 pkts=631268 shard=1
step=1120025 (run 25/8000) loss=0.00013 byte_ppl=1.000 atoms=27 merges=0 field=0.7802 rms=0.0244 scale=1.0000 fcos=nan ign=0.0000 prn=nan nxp=0.000 mph=0.000 bytes=631268 pkts=631268 shard=1
step=1120050 (run 50/8000) loss=7.35824 byte_ppl=1569.065 atoms=55 merges=0 field=1.3302 rms=0.0416 scale=1.0000 fcos=nan ign=0.0000 prn=nan nxp=0.000 mph=0.000 bytes=631268 pkts=631268 shard=1
step=1120075 (run 75/8000) loss=0.00223 byte_ppl=1.002 atoms=12 merges=0 field=1.7768 rms=0.0555 scale=1.0000 fcos=nan ign=0.0000 prn=nan nxp=0.000 mph=0.000 bytes=631268 pkts=631268 shard=1
step=1120100 (run 100/8000) loss=5.43695 byte_ppl=229.740 atoms=40 merges=0 field=2.1809 rms=0.0682 scale=1.0000 fcos=nan ign=0.0000 prn=nan nxp=0.000 mph=0.000 bytes=631268 pkts=631268 shard=1
step=1120125 (run 125/8000) loss=0.00016 byte_ppl=1.000 atoms=67 merges=0 field=2.6826 rms=0.0838 scale=1.0000 fcos=nan ign=0.0000 prn=nan nxp=0.000 mph=0.000 bytes=631268 pkts=631268 shard=1
step=1120150 (run 150/8000) loss=4.50633 byte_ppl=90.589 atoms=25 merges=0 field=3.1699 rms=0.0991 scale=1.0000 fcos=nan ign=0.0000 prn=nan nxp=0.000 mph=0.000 bytes=631268 pkts=631268 shard=1
step=1120175 (run 175/8000) loss=1.21251 byte_ppl=3.362 atoms=52 merges=0 field=3.4775 rms=0.1087 scale=1.0000 fcos=nan ign=0.0000 prn=nan nxp=0.000 mph=0.000 bytes=631268 pkts=631268 shard=1
step=1120200 (run 200/8000) loss=0.00210 byte_ppl=1.002 atoms=9 merges=0 field=3.9668 rms=0.1240 scale=1.0000 fcos=nan ign=0.0000 prn=nan nxp=0.000 mph=0.000 bytes=631268 pkts=631268 shard=1
step=1120225 (run 225/8000) loss=4.33404 byte_ppl=76.252 atoms=36 merges=0 field=4.4984 rms=0.1406 scale=1.0000 fcos=nan ign=0.0000 prn=nan nxp=0.000 mph=0.000 bytes=631268 pkts=631268 shard=1
step=1120250 (run 250/8000) loss=5.58759 byte_ppl=267.090 atoms=64 merges=0 field=4.7849 rms=0.1495 scale=1.0000 fcos=nan ign=0.0000 prn=nan nxp=0.000 mph=0.000 bytes=631268 pkts=631268 shard=1
step=1120275 (run 275/8000) loss=1.05981 byte_ppl=2.886 atoms=21 merges=0 field=5.2667 rms=0.1646 scale=1.0000 fcos=nan ign=0.0000 prn=nan nxp=0.000 mph=0.000 bytes=631268 pkts=631268 shard=1
step=1120300 (run 300/8000) loss=8.76307 byte_ppl=6393.723 atoms=49 merges=0 field=5.6968 rms=0.1780 scale=1.0000 fcos=nan ign=0.0000 prn=nan nxp=0.000 mph=0.000 bytes=631268 pkts=631268 shard=1
step=1120325 (run 325/8000) loss=0.01158 byte_ppl=1.012 atoms=5 merges=0 field=6.0078 rms=0.1877 scale=1.0000 fcos=nan ign=0.0000 prn=nan nxp=0.000 mph=0.000 bytes=631268 pkts=631268 shard=1
step=1120350 (run 350/8000) loss=7.71845 byte_ppl=2249.469 atoms=33 merges=0 field=6.4659 rms=0.2021 scale=1.0000 fcos=nan ign=0.0000 prn=nan nxp=0.000 mph=0.000 bytes=631268 pkts=631268 shard=1
step=1120375 (run 375/8000) loss=0.00228 byte_ppl=1.002 atoms=60 merges=0 field=6.9199 rms=0.2162 scale=1.0000 fcos=nan ign=0.0000 prn=nan nxp=0.000 mph=0.000 bytes=631268 pkts=631268 shard=1
step=1120400 (run 400/8000) loss=4.41228 byte_ppl=82.457 atoms=18 merges=0 field=7.1807 rms=0.2244 scale=1.0000 fcos=nan ign=0.0000 prn=nan nxp=0.000 mph=0.000 bytes=631268 pkts=631268 shard=1
step=1120425 (run 425/8000) loss=0.12294 byte_ppl=1.131 atoms=45 merges=0 field=7.5271 rms=0.2352 scale=1.0000 fcos=nan ign=0.0000 prn=nan nxp=0.000 mph=0.000 bytes=631268 pkts=631268 shard=1
step=1120450 (run 450/8000) loss=0.69415 byte_ppl=2.002 atoms=3 merges=0 field=8.0035 rms=0.2501 scale=1.0000 fcos=nan ign=0.0000 prn=nan nxp=0.000 mph=0.000 bytes=631268 pkts=631268 shard=1
step=1120475 (run 475/8000) loss=0.00075 byte_ppl=1.001 atoms=30 merges=0 field=8.2995 rms=0.2594 scale=1.0000 fcos=nan ign=0.0000 prn=nan nxp=0.000 mph=0.000 bytes=631268 pkts=631268 shard=1
step=1120500 (run 500/8000) loss=8.03486 byte_ppl=3086.706 atoms=58 merges=0 field=8.6858 rms=0.2714 scale=1.0000 fcos=nan ign=0.0000 prn=nan nxp=0.000 mph=0.000 bytes=631268 pkts=631268 shard=1
step=1120525 (run 525/8000) loss=4.05664 byte_ppl=57.780 atoms=14 merges=0 field=9.0376 rms=0.2824 scale=1.0000 fcos=nan ign=0.0000 prn=nan nxp=0.000 mph=0.000 bytes=631268 pkts=631268 shard=1
step=1120550 (run 550/8000) loss=6.26033 byte_ppl=523.394 atoms=42 merges=0 field=9.3859 rms=0.2933 scale=1.0000 fcos=nan ign=0.0000 prn=nan nxp=0.000 mph=0.000 bytes=631268 pkts=631268 shard=1
step=1120575 (run 575/8000) loss=0.01201 byte_ppl=1.012 atoms=69 merges=0 field=9.7538 rms=0.3048 scale=1.0000 fcos=nan ign=0.0000 prn=nan nxp=0.000 mph=0.000 bytes=631268 pkts=631268 shard=1
step=1120600 (run 600/8000) loss=0.00051 byte_ppl=1.001 atoms=27 merges=0 field=10.1993 rms=0.3187 scale=1.0000 fcos=nan ign=0.0000 prn=nan nxp=0.000 mph=0.000 bytes=631268 pkts=631268 shard=1
step=1120625 (run 625/8000) loss=3.16358 byte_ppl=23.655 atoms=54 merges=0 field=10.5103 rms=0.3284 scale=1.0000 fcos=nan ign=0.0000 prn=nan nxp=0.000 mph=0.000 bytes=631268 pkts=631268 shard=1
step=1120650 (run 650/8000) loss=10.18227 byte_ppl=26430.347 atoms=11 merges=0 field=10.8826 rms=0.3401 scale=1.0000 fcos=nan ign=0.0000 prn=nan nxp=0.000 mph=0.000 bytes=631268 pkts=631268 shard=1
step=1120675 (run 675/8000) loss=0.00096 byte_ppl=1.001 atoms=38 merges=0 field=11.3240 rms=0.3539 scale=1.0000 fcos=nan ign=0.0000 prn=nan nxp=0.000 mph=0.000 bytes=631268 pkts=631268 shard=1
step=1120700 (run 700/8000) loss=0.00176 byte_ppl=1.002 atoms=66 merges=0 field=11.7336 rms=0.3667 scale=1.0000 fcos=nan ign=0.0000 prn=nan nxp=0.000 mph=0.000 bytes=631268 pkts=631268 shard=1
step=1120725 (run 725/8000) loss=4.34789 byte_ppl=77.315 atoms=23 merges=0 field=11.9864 rms=0.3746 scale=1.0000 fcos=nan ign=0.0000 prn=nan nxp=0.000 mph=0.000 bytes=631268 pkts=631268 shard=1
step=1120750 (run 750/8000) loss=7.12025 byte_ppl=1236.760 atoms=51 merges=0 field=12.3784 rms=0.3868 scale=1.0000 fcos=nan ign=0.0000 prn=nan nxp=0.000 mph=0.000 bytes=631268 pkts=631268 shard=1
step=1120775 (run 775/8000) loss=0.01110 byte_ppl=1.011 atoms=8 merges=0 field=12.7958 rms=0.3999 scale=1.0000 fcos=nan ign=0.0000 prn=nan nxp=0.000 mph=0.000 bytes=631268 pkts=631268 shard=1
step=1120800 (run 800/8000) loss=0.06421 byte_ppl=1.066 atoms=36 merges=0 field=13.0526 rms=0.4079 scale=1.0000 fcos=nan ign=0.0000 prn=nan nxp=0.000 mph=0.000 bytes=631268 pkts=631268 shard=1
step=1120825 (run 825/8000) loss=2.03676 byte_ppl=7.666 atoms=63 merges=0 field=13.4384 rms=0.4200 scale=1.0000 fcos=nan ign=0.0000 prn=nan nxp=0.000 mph=0.000 bytes=631268 pkts=631268 shard=1
step=1120850 (run 850/8000) loss=0.05705 byte_ppl=1.059 atoms=20 merges=0 field=13.8587 rms=0.4331 scale=1.0000 fcos=nan ign=0.0000 prn=nan nxp=0.000 mph=0.000 bytes=631268 pkts=631268 shard=1
step=1120875 (run 875/8000) loss=0.01332 byte_ppl=1.013 atoms=47 merges=0 field=14.0769 rms=0.4399 scale=1.0000 fcos=nan ign=0.0000 prn=nan nxp=0.000 mph=0.000 bytes=631268 pkts=631268 shard=1
step=1120900 (run 900/8000) loss=1.44978 byte_ppl=4.262 atoms=5 merges=0 field=14.4429 rms=0.4513 scale=1.0000 fcos=nan ign=0.0000 prn=nan nxp=0.000 mph=0.000 bytes=631268 pkts=631268 shard=1
step=1120925 (run 925/8000) loss=0.00073 byte_ppl=1.001 atoms=32 merges=0 field=14.7060 rms=0.4596 scale=1.0000 fcos=nan ign=0.0000 prn=nan nxp=0.000 mph=0.000 bytes=631268 pkts=631268 shard=1
step=1120950 (run 950/8000) loss=0.00071 byte_ppl=1.001 atoms=60 merges=0 field=14.9304 rms=0.4666 scale=1.0000 fcos=nan ign=0.0000 prn=nan nxp=0.000 mph=0.000 bytes=631268 pkts=631268 shard=1
step=1120975 (run 975/8000) loss=0.06832 byte_ppl=1.071 atoms=16 merges=0 field=15.3039 rms=0.4782 scale=1.0000 fcos=nan ign=0.0000 prn=nan nxp=0.000 mph=0.000 bytes=631268 pkts=631268 shard=1
step=1121000 (run 1000/8000) loss=0.31208 byte_ppl=1.366 atoms=44 merges=0 field=15.7715 rms=0.4929 scale=1.0000 fcos=nan ign=0.0000 prn=nan nxp=0.000 mph=0.000 bytes=631268 pkts=631268 shard=1
step=1121025 (run 1025/8000) loss=2.54358 byte_ppl=12.725 atoms=1 merges=0 field=16.0027 rms=0.5001 scale=1.0000 fcos=nan ign=0.0000 prn=nan nxp=0.000 mph=0.000 bytes=631268 pkts=631268 shard=1
step=1121050 (run 1050/8000) loss=0.01184 byte_ppl=1.012 atoms=29 merges=0 field=16.3206 rms=0.5100 scale=1.0000 fcos=nan ign=0.0000 prn=nan nxp=0.000 mph=0.000 bytes=631268 pkts=631268 shard=1
step=1121075 (run 1075/8000) loss=0.00522 byte_ppl=1.005 atoms=56 merges=0 field=16.6915 rms=0.5216 scale=1.0000 fcos=nan ign=0.0000 prn=nan nxp=0.000 mph=0.000 bytes=631268 pkts=631268 shard=1
step=1121100 (run 1100/8000) loss=8.56996 byte_ppl=5270.897 atoms=14 merges=0 field=17.1072 rms=0.5346 scale=1.0000 fcos=nan ign=0.0000 prn=nan nxp=0.000 mph=0.000 bytes=631268 pkts=631268 shard=1
step=1121125 (run 1125/8000) loss=0.20483 byte_ppl=1.227 atoms=41 merges=0 field=17.3648 rms=0.5427 scale=1.0000 fcos=nan ign=0.0000 prn=nan nxp=0.000 mph=0.000 bytes=631268 pkts=631268 shard=1
step=1121150 (run 1150/8000) loss=0.38048 byte_ppl=1.463 atoms=69 merges=0 field=17.7196 rms=0.5537 scale=1.0000 fcos=nan ign=0.0000 prn=nan nxp=0.000 mph=0.000 bytes=631268 pkts=631268 shard=1
step=1121175 (run 1175/8000) loss=1.20241 byte_ppl=3.328 atoms=25 merges=0 field=17.9596 rms=0.5612 scale=1.0000 fcos=nan ign=0.0000 prn=nan nxp=0.000 mph=0.000 bytes=631268 pkts=631268 shard=1
step=1121200 (run 1200/8000) loss=0.05318 byte_ppl=1.055 atoms=53 merges=0 field=18.2022 rms=0.5688 scale=1.0000 fcos=nan ign=0.0000 prn=nan nxp=0.000 mph=0.000 bytes=631268 pkts=631268 shard=1
step=1121225 (run 1225/8000) loss=0.00715 byte_ppl=1.007 atoms=10 merges=0 field=18.5403 rms=0.5794 scale=1.0000 fcos=nan ign=0.0000 prn=nan nxp=0.000 mph=0.000 bytes=631268 pkts=631268 shard=1
step=1121250 (run 1250/8000) loss=0.00186 byte_ppl=1.002 atoms=38 merges=0 field=18.8818 rms=0.5901 scale=1.0000 fcos=nan ign=0.0000 prn=nan nxp=0.000 mph=0.000 bytes=631268 pkts=631268 shard=1
step=1121275 (run 1275/8000) loss=0.00133 byte_ppl=1.001 atoms=65 merges=0 field=19.1504 rms=0.5984 scale=1.0000 fcos=nan ign=0.0000 prn=nan nxp=0.000 mph=0.000 bytes=631268 pkts=631268 shard=1
step=1121300 (run 1300/8000) loss=5.86152 byte_ppl=351.259 atoms=22 merges=0 field=19.3715 rms=0.6054 scale=1.0000 fcos=nan ign=0.0000 prn=nan nxp=0.000 mph=0.000 bytes=631268 pkts=631268 shard=1
step=1121325 (run 1325/8000) loss=4.00004 byte_ppl=54.600 atoms=49 merges=0 field=19.6259 rms=0.6133 scale=1.0000 fcos=nan ign=0.0000 prn=nan nxp=0.000 mph=0.000 bytes=631268 pkts=631268 shard=1
step=1121350 (run 1350/8000) loss=6.33502 byte_ppl=563.979 atoms=7 merges=0 field=19.9514 rms=0.6235 scale=1.0000 fcos=nan ign=0.0000 prn=nan nxp=0.000 mph=0.000 bytes=631268 pkts=631268 shard=1
step=1121375 (run 1375/8000) loss=0.21386 byte_ppl=1.238 atoms=34 merges=0 field=20.1874 rms=0.6309 scale=1.0000 fcos=nan ign=0.0000 prn=nan nxp=0.000 mph=0.000 bytes=631268 pkts=631268 shard=1
step=1121400 (run 1400/8000) loss=5.61393 byte_ppl=274.219 atoms=62 merges=0 field=20.5134 rms=0.6410 scale=1.0000 fcos=nan ign=0.0000 prn=nan nxp=0.000 mph=0.000 bytes=631268 pkts=631268 shard=1
step=1121425 (run 1425/8000) loss=0.00062 byte_ppl=1.001 atoms=19 merges=0 field=20.7387 rms=0.6481 scale=1.0000 fcos=nan ign=0.0000 prn=nan nxp=0.000 mph=0.000 bytes=631268 pkts=631268 shard=1
step=1121450 (run 1450/8000) loss=0.00911 byte_ppl=1.009 atoms=47 merges=0 field=20.9224 rms=0.6538 scale=1.0000 fcos=nan ign=0.0000 prn=nan nxp=0.000 mph=0.000 bytes=631268 pkts=631268 shard=1
step=1121475 (run 1475/8000) loss=0.00165 byte_ppl=1.002 atoms=3 merges=0 field=21.2607 rms=0.6644 scale=1.0000 fcos=nan ign=0.0000 prn=nan nxp=0.000 mph=0.000 bytes=631268 pkts=631268 shard=1
step=1121500 (run 1500/8000) loss=11.06413 byte_ppl=63839.351 atoms=31 merges=0 field=21.4891 rms=0.6715 scale=1.0000 fcos=nan ign=0.0000 prn=nan nxp=0.000 mph=0.000 bytes=631268 pkts=631268 shard=1
step=1121525 (run 1525/8000) loss=0.01652 byte_ppl=1.017 atoms=58 merges=0 field=21.7165 rms=0.6786 scale=1.0000 fcos=nan ign=0.0000 prn=nan nxp=0.000 mph=0.000 bytes=631268 pkts=631268 shard=1
step=1121550 (run 1550/8000) loss=6.47954 byte_ppl=651.668 atoms=16 merges=0 field=22.0470 rms=0.6890 scale=1.0000 fcos=nan ign=0.0000 prn=nan nxp=0.000 mph=0.000 bytes=631268 pkts=631268 shard=1
step=1121575 (run 1575/8000) loss=0.00008 byte_ppl=1.000 atoms=43 merges=0 field=22.2705 rms=0.6960 scale=1.0000 fcos=nan ign=0.0000 prn=nan nxp=0.000 mph=0.000 bytes=631268 pkts=631268 shard=1
step=1121600 (run 1600/8000) loss=5.78310 byte_ppl=324.765 atoms=71 merges=0 field=22.5170 rms=0.7037 scale=1.0000 fcos=nan ign=0.0000 prn=nan nxp=0.000 mph=0.000 bytes=631268 pkts=631268 shard=1
step=1121625 (run 1625/8000) loss=6.48847 byte_ppl=657.517 atoms=27 merges=0 field=22.8478 rms=0.7140 scale=1.0000 fcos=nan ign=0.0000 prn=nan nxp=0.000 mph=0.000 bytes=631268 pkts=631268 shard=1
step=1121650 (run 1650/8000) loss=0.32128 byte_ppl=1.379 atoms=55 merges=0 field=23.0867 rms=0.7215 scale=1.0000 fcos=nan ign=0.0000 prn=nan nxp=0.000 mph=0.000 bytes=631268 pkts=631268 shard=1
step=1121675 (run 1675/8000) loss=0.05201 byte_ppl=1.053 atoms=12 merges=0 field=23.2317 rms=0.7260 scale=1.0000 fcos=nan ign=0.0000 prn=nan nxp=0.000 mph=0.000 bytes=631268 pkts=631268 shard=1
step=1121700 (run 1700/8000) loss=5.04577 byte_ppl=155.363 atoms=40 merges=0 field=23.5413 rms=0.7357 scale=1.0000 fcos=nan ign=0.0000 prn=nan nxp=0.000 mph=0.000 bytes=631268 pkts=631268 shard=1
step=1121725 (run 1725/8000) loss=0.04466 byte_ppl=1.046 atoms=67 merges=0 field=23.8040 rms=0.7439 scale=1.0000 fcos=nan ign=0.0000 prn=nan nxp=0.000 mph=0.000 bytes=631268 pkts=631268 shard=1
step=1121750 (run 1750/8000) loss=0.07436 byte_ppl=1.077 atoms=25 merges=0 field=24.0181 rms=0.7506 scale=1.0000 fcos=nan ign=0.0000 prn=nan nxp=0.000 mph=0.000 bytes=631268 pkts=631268 shard=1
step=1121775 (run 1775/8000) loss=0.01637 byte_ppl=1.017 atoms=52 merges=0 field=24.3156 rms=0.7599 scale=1.0000 fcos=nan ign=0.0000 prn=nan nxp=0.000 mph=0.000 bytes=631268 pkts=631268 shard=1
step=1121800 (run 1800/8000) loss=0.00024 byte_ppl=1.000 atoms=9 merges=0 field=24.6163 rms=0.7693 scale=1.0000 fcos=nan ign=0.0000 prn=nan nxp=0.000 mph=0.000 bytes=631268 pkts=631268 shard=1
step=1121825 (run 1825/8000) loss=0.00222 byte_ppl=1.002 atoms=36 merges=0 field=24.8362 rms=0.7761 scale=1.0000 fcos=nan ign=0.0000 prn=nan nxp=0.000 mph=0.000 bytes=631268 pkts=631268 shard=1
step=1121850 (run 1850/8000) loss=13.25576 byte_ppl=571353.855 atoms=64 merges=0 field=25.1117 rms=0.7847 scale=1.0000 fcos=nan ign=0.0000 prn=nan nxp=0.000 mph=0.000 bytes=631268 pkts=631268 shard=1
step=1121875 (run 1875/8000) loss=0.00373 byte_ppl=1.004 atoms=21 merges=0 field=25.3504 rms=0.7922 scale=1.0000 fcos=nan ign=0.0000 prn=nan nxp=0.000 mph=0.000 bytes=631268 pkts=631268 shard=1
step=1121900 (run 1900/8000) loss=5.26574 byte_ppl=193.590 atoms=49 merges=0 field=25.5758 rms=0.7992 scale=1.0000 fcos=nan ign=0.0000 prn=nan nxp=0.000 mph=0.000 bytes=631268 pkts=631268 shard=1
step=1121925 (run 1925/8000) loss=1.53046 byte_ppl=4.620 atoms=5 merges=0 field=25.8568 rms=0.8080 scale=1.0000 fcos=nan ign=0.0000 prn=nan nxp=0.000 mph=0.000 bytes=631268 pkts=631268 shard=1
step=1121950 (run 1950/8000) loss=0.02949 byte_ppl=1.030 atoms=33 merges=0 field=26.1409 rms=0.8169 scale=1.0000 fcos=nan ign=0.0000 prn=nan nxp=0.000 mph=0.000 bytes=631268 pkts=631268 shard=1
step=1121975 (run 1975/8000) loss=9.57614 byte_ppl=14416.601 atoms=60 merges=0 field=26.3872 rms=0.8246 scale=1.0000 fcos=nan ign=0.0000 prn=nan nxp=0.000 mph=0.000 bytes=631268 pkts=631268 shard=1
step=1122000 (run 2000/8000) loss=0.03989 byte_ppl=1.041 atoms=18 merges=0 field=26.5682 rms=0.8303 scale=1.0000 fcos=nan ign=0.0000 prn=nan nxp=0.000 mph=0.000 bytes=631268 pkts=631268 shard=1
step=1122025 (run 2025/8000) loss=1.69058 byte_ppl=5.423 atoms=45 merges=0 field=26.7994 rms=0.8375 scale=1.0000 fcos=nan ign=0.0000 prn=nan nxp=0.000 mph=0.000 bytes=631268 pkts=631268 shard=1
step=1122050 (run 2050/8000) loss=8.10234 byte_ppl=3302.198 atoms=3 merges=0 field=27.0680 rms=0.8459 scale=1.0000 fcos=nan ign=0.0000 prn=nan nxp=0.000 mph=0.000 bytes=631268 pkts=631268 shard=1
step=1122075 (run 2075/8000) loss=0.00062 byte_ppl=1.001 atoms=30 merges=0 field=27.2410 rms=0.8513 scale=1.0000 fcos=nan ign=0.0000 prn=nan nxp=0.000 mph=0.000 bytes=631268 pkts=631268 shard=1
step=1122100 (run 2100/8000) loss=6.62835 byte_ppl=756.234 atoms=58 merges=0 field=27.3971 rms=0.8562 scale=1.0000 fcos=nan ign=0.0000 prn=nan nxp=0.000 mph=0.000 bytes=631268 pkts=631268 shard=1
step=1122125 (run 2125/8000) loss=4.74463 byte_ppl=114.965 atoms=14 merges=0 field=27.6638 rms=0.8645 scale=1.0000 fcos=nan ign=0.0000 prn=nan nxp=0.000 mph=0.000 bytes=631268 pkts=631268 shard=1
step=1122150 (run 2150/8000) loss=0.00126 byte_ppl=1.001 atoms=42 merges=0 field=27.8371 rms=0.8699 scale=1.0000 fcos=nan ign=0.0000 prn=nan nxp=0.000 mph=0.000 bytes=631268 pkts=631268 shard=1
step=1122175 (run 2175/8000) loss=0.00033 byte_ppl=1.000 atoms=69 merges=0 field=28.1127 rms=0.8785 scale=1.0000 fcos=nan ign=0.0000 prn=nan nxp=0.000 mph=0.000 bytes=631268 pkts=631268 shard=1
step=1122200 (run 2200/8000) loss=2.71081 byte_ppl=15.041 atoms=27 merges=0 field=28.3412 rms=0.8857 scale=1.0000 fcos=nan ign=0.0000 prn=nan nxp=0.000 mph=0.000 bytes=631268 pkts=631268 shard=1
step=1122225 (run 2225/8000) loss=0.00042 byte_ppl=1.000 atoms=54 merges=0 field=28.5051 rms=0.8908 scale=1.0000 fcos=nan ign=0.0000 prn=nan nxp=0.000 mph=0.000 bytes=631268 pkts=631268 shard=1
step=1122250 (run 2250/8000) loss=0.00017 byte_ppl=1.000 atoms=11 merges=0 field=28.7607 rms=0.8988 scale=1.0000 fcos=nan ign=0.0000 prn=nan nxp=0.000 mph=0.000 bytes=631268 pkts=631268 shard=1
step=1122275 (run 2275/8000) loss=0.02125 byte_ppl=1.021 atoms=38 merges=0 field=29.0209 rms=0.9069 scale=1.0000 fcos=nan ign=0.0000 prn=nan nxp=0.000 mph=0.000 bytes=631268 pkts=631268 shard=1
step=1122300 (run 2300/8000) loss=0.00020 byte_ppl=1.000 atoms=66 merges=0 field=29.1263 rms=0.9102 scale=1.0000 fcos=nan ign=0.0000 prn=nan nxp=0.000 mph=0.000 bytes=631268 pkts=631268 shard=1
step=1122325 (run 2325/8000) loss=1.57109 byte_ppl=4.812 atoms=23 merges=0 field=29.3726 rms=0.9179 scale=1.0000 fcos=nan ign=0.0000 prn=nan nxp=0.000 mph=0.000 bytes=631268 pkts=631268 shard=1
step=1122350 (run 2350/8000) loss=3.95060 byte_ppl=51.966 atoms=51 merges=0 field=29.6837 rms=0.9276 scale=1.0000 fcos=nan ign=0.0000 prn=nan nxp=0.000 mph=0.000 bytes=631268 pkts=631268 shard=1
step=1122375 (run 2375/8000) loss=0.01401 byte_ppl=1.014 atoms=8 merges=0 field=29.9818 rms=0.9369 scale=1.0000 fcos=nan ign=0.0000 prn=nan nxp=0.000 mph=0.000 bytes=631268 pkts=631268 shard=1
step=1122400 (run 2400/8000) loss=2.52547 byte_ppl=12.497 atoms=36 merges=0 field=30.1215 rms=0.9413 scale=1.0000 fcos=nan ign=0.0000 prn=nan nxp=0.000 mph=0.000 bytes=631268 pkts=631268 shard=1
step=1122425 (run 2425/8000) loss=0.00880 byte_ppl=1.009 atoms=63 merges=0 field=30.3989 rms=0.9500 scale=1.0000 fcos=nan ign=0.0000 prn=nan nxp=0.000 mph=0.000 bytes=631268 pkts=631268 shard=1
step=1122450 (run 2450/8000) loss=5.45608 byte_ppl=234.177 atoms=20 merges=0 field=30.5016 rms=0.9532 scale=1.0000 fcos=nan ign=0.0000 prn=nan nxp=0.000 mph=0.000 bytes=631268 pkts=631268 shard=1
step=1122475 (run 2475/8000) loss=0.00539 byte_ppl=1.005 atoms=47 merges=0 field=30.7095 rms=0.9597 scale=1.0000 fcos=nan ign=0.0000 prn=nan nxp=0.000 mph=0.000 bytes=631268 pkts=631268 shard=1
step=1122500 (run 2500/8000) loss=0.79551 byte_ppl=2.216 atoms=5 merges=0 field=30.9579 rms=0.9674 scale=1.0000 fcos=nan ign=0.0000 prn=nan nxp=0.000 mph=0.000 bytes=631268 pkts=631268 shard=1
step=1122525 (run 2525/8000) loss=0.00137 byte_ppl=1.001 atoms=32 merges=0 field=31.0950 rms=0.9717 scale=1.0000 fcos=nan ign=0.0000 prn=nan nxp=0.000 mph=0.000 bytes=631268 pkts=631268 shard=1
step=1122550 (run 2550/8000) loss=0.00448 byte_ppl=1.004 atoms=60 merges=0 field=31.2490 rms=0.9765 scale=1.0000 fcos=nan ign=0.0000 prn=nan nxp=0.000 mph=0.000 bytes=631268 pkts=631268 shard=1
step=1122575 (run 2575/8000) loss=0.00065 byte_ppl=1.001 atoms=16 merges=0 field=31.4587 rms=0.9831 scale=1.0000 fcos=nan ign=0.0000 prn=nan nxp=0.000 mph=0.000 bytes=631268 pkts=631268 shard=1
step=1122600 (run 2600/8000) loss=1.14406 byte_ppl=3.139 atoms=44 merges=0 field=31.6351 rms=0.9886 scale=1.0000 fcos=nan ign=0.0000 prn=nan nxp=0.000 mph=0.000 bytes=631268 pkts=631268 shard=1
step=1122625 (run 2625/8000) loss=1.80376 byte_ppl=6.072 atoms=1 merges=0 field=31.8515 rms=0.9954 scale=1.0000 fcos=nan ign=0.0000 prn=nan nxp=0.000 mph=0.000 bytes=631268 pkts=631268 shard=1
step=1122650 (run 2650/8000) loss=0.07769 byte_ppl=1.081 atoms=29 merges=0 field=32.0164 rms=1.0005 scale=1.0000 fcos=nan ign=0.0000 prn=nan nxp=0.000 mph=0.000 bytes=631268 pkts=631268 shard=1
step=1122675 (run 2675/8000) loss=0.00107 byte_ppl=1.001 atoms=56 merges=0 field=32.1746 rms=1.0055 scale=1.0000 fcos=nan ign=0.0000 prn=nan nxp=0.000 mph=0.000 bytes=631268 pkts=631268 shard=1
step=1122700 (run 2700/8000) loss=0.58219 byte_ppl=1.790 atoms=14 merges=0 field=32.4379 rms=1.0137 scale=1.0000 fcos=nan ign=0.0000 prn=nan nxp=0.000 mph=0.000 bytes=631268 pkts=631268 shard=1
step=1122725 (run 2725/8000) loss=0.00508 byte_ppl=1.005 atoms=41 merges=0 field=32.5728 rms=1.0179 scale=1.0000 fcos=nan ign=0.0000 prn=nan nxp=0.000 mph=0.000 bytes=631268 pkts=631268 shard=1
step=1122750 (run 2750/8000) loss=1.20542 byte_ppl=3.338 atoms=69 merges=0 field=32.7052 rms=1.0220 scale=1.0000 fcos=nan ign=0.0000 prn=nan nxp=0.000 mph=0.000 bytes=631268 pkts=631268 shard=1
step=1122775 (run 2775/8000) loss=2.42141 byte_ppl=11.262 atoms=25 merges=0 field=32.9275 rms=1.0290 scale=1.0000 fcos=nan ign=0.0000 prn=nan nxp=0.000 mph=0.000 bytes=631268 pkts=631268 shard=1
step=1122800 (run 2800/8000) loss=0.07807 byte_ppl=1.081 atoms=53 merges=0 field=33.1200 rms=1.0350 scale=1.0000 fcos=nan ign=0.0000 prn=nan nxp=0.000 mph=0.000 bytes=631268 pkts=631268 shard=1
step=1122825 (run 2825/8000) loss=0.00100 byte_ppl=1.001 atoms=10 merges=0 field=33.2999 rms=1.0406 scale=1.0000 fcos=nan ign=0.0000 prn=nan nxp=0.000 mph=0.000 bytes=631268 pkts=631268 shard=1
step=1122850 (run 2850/8000) loss=7.46090 byte_ppl=1738.710 atoms=38 merges=0 field=33.5581 rms=1.0487 scale=1.0000 fcos=nan ign=0.0000 prn=nan nxp=0.000 mph=0.000 bytes=631268 pkts=631268 shard=1
step=1122875 (run 2875/8000) loss=0.00149 byte_ppl=1.001 atoms=65 merges=0 field=33.7018 rms=1.0532 scale=1.0000 fcos=nan ign=0.0000 prn=nan nxp=0.000 mph=0.000 bytes=631268 pkts=631268 shard=1
step=1122900 (run 2900/8000) loss=0.00551 byte_ppl=1.006 atoms=22 merges=0 field=33.8687 rms=1.0584 scale=1.0000 fcos=nan ign=0.0000 prn=nan nxp=0.000 mph=0.000 bytes=631268 pkts=631268 shard=1
step=1122925 (run 2925/8000) loss=2.66037 byte_ppl=14.302 atoms=49 merges=0 field=34.0654 rms=1.0645 scale=1.0000 fcos=nan ign=0.0000 prn=nan nxp=0.000 mph=0.000 bytes=631268 pkts=631268 shard=1
step=1122950 (run 2950/8000) loss=7.26097 byte_ppl=1423.640 atoms=7 merges=0 field=34.2537 rms=1.0704 scale=1.0000 fcos=nan ign=0.0000 prn=nan nxp=0.000 mph=0.000 bytes=631268 pkts=631268 shard=1
step=1122975 (run 2975/8000) loss=0.00017 byte_ppl=1.000 atoms=34 merges=0 field=34.4997 rms=1.0781 scale=1.0000 fcos=nan ign=0.0000 prn=nan nxp=0.000 mph=0.000 bytes=631268 pkts=631268 shard=1
step=1123000 (run 3000/8000) loss=0.02131 byte_ppl=1.022 atoms=62 merges=0 field=34.6921 rms=1.0841 scale=1.0000 fcos=nan ign=0.0000 prn=nan nxp=0.000 mph=0.000 bytes=631268 pkts=631268 shard=1
step=1123025 (run 3025/8000) loss=0.00070 byte_ppl=1.001 atoms=19 merges=0 field=34.8056 rms=1.0877 scale=1.0000 fcos=nan ign=0.0000 prn=nan nxp=0.000 mph=0.000 bytes=631268 pkts=631268 shard=1
step=1123050 (run 3050/8000) loss=5.21781 byte_ppl=184.529 atoms=47 merges=0 field=35.0098 rms=1.0941 scale=1.0000 fcos=nan ign=0.0000 prn=nan nxp=0.000 mph=0.000 bytes=631268 pkts=631268 shard=1
step=1123075 (run 3075/8000) loss=1.17537 byte_ppl=3.239 atoms=3 merges=0 field=35.1812 rms=1.0994 scale=1.0000 fcos=nan ign=0.0000 prn=nan nxp=0.000 mph=0.000 bytes=631268 pkts=631268 shard=1
step=1123100 (run 3100/8000) loss=0.00062 byte_ppl=1.001 atoms=31 merges=0 field=35.3085 rms=1.1034 scale=1.0000 fcos=nan ign=0.0000 prn=nan nxp=0.000 mph=0.000 bytes=631268 pkts=631268 shard=1
step=1123125 (run 3125/8000) loss=0.00015 byte_ppl=1.000 atoms=58 merges=0 field=35.5241 rms=1.1101 scale=1.0000 fcos=nan ign=0.0000 prn=nan nxp=0.000 mph=0.000 bytes=631268 pkts=631268 shard=1
step=1123150 (run 3150/8000) loss=2.34293 byte_ppl=10.412 atoms=16 merges=0 field=35.7048 rms=1.1158 scale=1.0000 fcos=nan ign=0.0000 prn=nan nxp=0.000 mph=0.000 bytes=631268 pkts=631268 shard=1
step=1123175 (run 3175/8000) loss=1.99704 byte_ppl=7.367 atoms=43 merges=0 field=35.8451 rms=1.1202 scale=1.0000 fcos=nan ign=0.0000 prn=nan nxp=0.000 mph=0.000 bytes=631268 pkts=631268 shard=1
step=1123200 (run 3200/8000) loss=3.02057 byte_ppl=20.503 atoms=71 merges=0 field=36.0316 rms=1.1260 scale=1.0000 fcos=nan ign=0.0000 prn=nan nxp=0.000 mph=0.000 bytes=631268 pkts=631268 shard=1
step=1123225 (run 3225/8000) loss=0.42133 byte_ppl=1.524 atoms=27 merges=0 field=36.1253 rms=1.1289 scale=1.0000 fcos=nan ign=0.0000 prn=nan nxp=0.000 mph=0.000 bytes=631268 pkts=631268 shard=1
step=1123250 (run 3250/8000) loss=3.89694 byte_ppl=49.252 atoms=55 merges=0 field=36.1907 rms=1.1310 scale=1.0000 fcos=nan ign=0.0000 prn=nan nxp=0.000 mph=0.000 bytes=631268 pkts=631268 shard=1
step=1123275 (run 3275/8000) loss=0.00462 byte_ppl=1.005 atoms=12 merges=0 field=36.4136 rms=1.1379 scale=1.0000 fcos=nan ign=0.0000 prn=nan nxp=0.000 mph=0.000 bytes=631268 pkts=631268 shard=1
step=1123300 (run 3300/8000) loss=2.23133 byte_ppl=9.312 atoms=40 merges=0 field=36.6126 rms=1.1441 scale=1.0000 fcos=nan ign=0.0000 prn=nan nxp=0.000 mph=0.000 bytes=631268 pkts=631268 shard=1
step=1123325 (run 3325/8000) loss=0.00018 byte_ppl=1.000 atoms=67 merges=0 field=36.7032 rms=1.1470 scale=1.0000 fcos=nan ign=0.0000 prn=nan nxp=0.000 mph=0.000 bytes=631268 pkts=631268 shard=1
step=1123350 (run 3350/8000) loss=1.94796 byte_ppl=7.014 atoms=25 merges=0 field=36.8622 rms=1.1519 scale=1.0000 fcos=nan ign=0.0000 prn=nan nxp=0.000 mph=0.000 bytes=631268 pkts=631268 shard=1
step=1123375 (run 3375/8000) loss=2.42550 byte_ppl=11.308 atoms=52 merges=0 field=37.0773 rms=1.1587 scale=1.0000 fcos=nan ign=0.0000 prn=nan nxp=0.000 mph=0.000 bytes=631268 pkts=631268 shard=1
step=1123400 (run 3400/8000) loss=1.42734 byte_ppl=4.168 atoms=9 merges=0 field=37.1997 rms=1.1625 scale=1.0000 fcos=nan ign=0.0000 prn=nan nxp=0.000 mph=0.000 bytes=631268 pkts=631268 shard=1
step=1123425 (run 3425/8000) loss=0.00118 byte_ppl=1.001 atoms=36 merges=0 field=37.3147 rms=1.1661 scale=1.0000 fcos=nan ign=0.0000 prn=nan nxp=0.000 mph=0.000 bytes=631268 pkts=631268 shard=1
step=1123450 (run 3450/8000) loss=4.85239 byte_ppl=128.046 atoms=64 merges=0 field=37.4584 rms=1.1706 scale=1.0000 fcos=nan ign=0.0000 prn=nan nxp=0.000 mph=0.000 bytes=631268 pkts=631268 shard=1
step=1123475 (run 3475/8000) loss=0.00139 byte_ppl=1.001 atoms=21 merges=0 field=37.5851 rms=1.1745 scale=1.0000 fcos=nan ign=0.0000 prn=nan nxp=0.000 mph=0.000 bytes=631268 pkts=631268 shard=1
step=1123500 (run 3500/8000) loss=0.59951 byte_ppl=1.821 atoms=49 merges=0 field=37.7090 rms=1.1784 scale=1.0000 fcos=nan ign=0.0000 prn=nan nxp=0.000 mph=0.000 bytes=631268 pkts=631268 shard=1
step=1123525 (run 3525/8000) loss=0.00327 byte_ppl=1.003 atoms=5 merges=0 field=37.8886 rms=1.1840 scale=1.0000 fcos=nan ign=0.0000 prn=nan nxp=0.000 mph=0.000 bytes=631268 pkts=631268 shard=1
step=1123550 (run 3550/8000) loss=0.00606 byte_ppl=1.006 atoms=33 merges=0 field=38.0264 rms=1.1883 scale=1.0000 fcos=nan ign=0.0000 prn=nan nxp=0.000 mph=0.000 bytes=631268 pkts=631268 shard=1
step=1123575 (run 3575/8000) loss=3.62174 byte_ppl=37.403 atoms=60 merges=0 field=38.1418 rms=1.1919 scale=1.0000 fcos=nan ign=0.0000 prn=nan nxp=0.000 mph=0.000 bytes=631268 pkts=631268 shard=1
step=1123600 (run 3600/8000) loss=4.71578 byte_ppl=111.696 atoms=18 merges=0 field=38.2898 rms=1.1966 scale=1.0000 fcos=nan ign=0.0000 prn=nan nxp=0.000 mph=0.000 bytes=631268 pkts=631268 shard=1
step=1123625 (run 3625/8000) loss=5.26668 byte_ppl=193.772 atoms=45 merges=0 field=38.4481 rms=1.2015 scale=1.0000 fcos=nan ign=0.0000 prn=nan nxp=0.000 mph=0.000 bytes=631268 pkts=631268 shard=1
step=1123650 (run 3650/8000) loss=5.90667 byte_ppl=367.481 atoms=3 merges=0 field=38.5091 rms=1.2034 scale=1.0000 fcos=nan ign=0.0000 prn=nan nxp=0.000 mph=0.000 bytes=631268 pkts=631268 shard=1
step=1123675 (run 3675/8000) loss=1.52651 byte_ppl=4.602 atoms=30 merges=0 field=38.6949 rms=1.2092 scale=1.0000 fcos=nan ign=0.0000 prn=nan nxp=0.000 mph=0.000 bytes=631268 pkts=631268 shard=1
step=1123700 (run 3700/8000) loss=2.96426 byte_ppl=19.380 atoms=58 merges=0 field=38.8060 rms=1.2127 scale=1.0000 fcos=nan ign=0.0000 prn=nan nxp=0.000 mph=0.000 bytes=631268 pkts=631268 shard=1
step=1123725 (run 3725/8000) loss=0.00435 byte_ppl=1.004 atoms=14 merges=0 field=38.9785 rms=1.2181 scale=1.0000 fcos=nan ign=0.0000 prn=nan nxp=0.000 mph=0.000 bytes=631268 pkts=631268 shard=1
step=1123750 (run 3750/8000) loss=4.90783 byte_ppl=135.345 atoms=42 merges=0 field=39.0475 rms=1.2202 scale=1.0000 fcos=nan ign=0.0000 prn=nan nxp=0.000 mph=0.000 bytes=631268 pkts=631268 shard=1
step=1123775 (run 3775/8000) loss=0.00552 byte_ppl=1.006 atoms=69 merges=0 field=39.1815 rms=1.2244 scale=1.0000 fcos=nan ign=0.0000 prn=nan nxp=0.000 mph=0.000 bytes=631268 pkts=631268 shard=1
step=1123800 (run 3800/8000) loss=0.02117 byte_ppl=1.021 atoms=27 merges=0 field=39.3724 rms=1.2304 scale=1.0000 fcos=nan ign=0.0000 prn=nan nxp=0.000 mph=0.000 bytes=631268 pkts=631268 shard=1
step=1123825 (run 3825/8000) loss=0.00015 byte_ppl=1.000 atoms=54 merges=0 field=39.4409 rms=1.2325 scale=1.0000 fcos=nan ign=0.0000 prn=nan nxp=0.000 mph=0.000 bytes=631268 pkts=631268 shard=1
step=1123850 (run 3850/8000) loss=7.05156 byte_ppl=1154.657 atoms=11 merges=0 field=39.5847 rms=1.2370 scale=1.0000 fcos=nan ign=0.0000 prn=nan nxp=0.000 mph=0.000 bytes=631268 pkts=631268 shard=1
step=1123875 (run 3875/8000) loss=0.02275 byte_ppl=1.023 atoms=38 merges=0 field=39.7673 rms=1.2427 scale=1.0000 fcos=nan ign=0.0000 prn=nan nxp=0.000 mph=0.000 bytes=631268 pkts=631268 shard=1
step=1123900 (run 3900/8000) loss=2.40417 byte_ppl=11.069 atoms=66 merges=0 field=39.8940 rms=1.2467 scale=1.0000 fcos=nan ign=0.0000 prn=nan nxp=0.000 mph=0.000 bytes=631268 pkts=631268 shard=1
step=1123925 (run 3925/8000) loss=0.99934 byte_ppl=2.716 atoms=23 merges=0 field=40.0781 rms=1.2524 scale=1.0000 fcos=nan ign=0.0000 prn=nan nxp=0.000 mph=0.000 bytes=631268 pkts=631268 shard=1
step=1123950 (run 3950/8000) loss=4.79465 byte_ppl=120.862 atoms=51 merges=0 field=40.2762 rms=1.2586 scale=1.0000 fcos=nan ign=0.0000 prn=nan nxp=0.000 mph=0.000 bytes=631268 pkts=631268 shard=1
step=1123975 (run 3975/8000) loss=0.00327 byte_ppl=1.003 atoms=8 merges=0 field=40.3375 rms=1.2605 scale=1.0000 fcos=nan ign=0.0000 prn=nan nxp=0.000 mph=0.000 bytes=631268 pkts=631268 shard=1
step=1124000 (run 4000/8000) loss=3.95688 byte_ppl=52.294 atoms=36 merges=0 field=40.4360 rms=1.2636 scale=1.0000 fcos=nan ign=0.0000 prn=nan nxp=0.000 mph=0.000 bytes=631268 pkts=631268 shard=1
step=1124025 (run 4025/8000) loss=4.89498 byte_ppl=133.617 atoms=63 merges=0 field=40.5501 rms=1.2672 scale=1.0000 fcos=nan ign=0.0000 prn=nan nxp=0.000 mph=0.000 bytes=631268 pkts=631268 shard=1
step=1124050 (run 4050/8000) loss=3.85756 byte_ppl=47.350 atoms=20 merges=0 field=40.6731 rms=1.2710 scale=1.0000 fcos=nan ign=0.0000 prn=nan nxp=0.000 mph=0.000 bytes=631268 pkts=631268 shard=1
step=1124075 (run 4075/8000) loss=0.23380 byte_ppl=1.263 atoms=47 merges=0 field=40.7455 rms=1.2733 scale=1.0000 fcos=nan ign=0.0000 prn=nan nxp=0.000 mph=0.000 bytes=631268 pkts=631268 shard=1
step=1124100 (run 4100/8000) loss=0.00007 byte_ppl=1.000 atoms=5 merges=0 field=40.9550 rms=1.2798 scale=1.0000 fcos=nan ign=0.0000 prn=nan nxp=0.000 mph=0.000 bytes=631268 pkts=631268 shard=1
step=1124125 (run 4125/8000) loss=0.00386 byte_ppl=1.004 atoms=32 merges=0 field=41.1253 rms=1.2852 scale=1.0000 fcos=nan ign=0.0000 prn=nan nxp=0.000 mph=0.000 bytes=631268 pkts=631268 shard=1
step=1124150 (run 4150/8000) loss=0.00737 byte_ppl=1.007 atoms=60 merges=0 field=41.1850 rms=1.2870 scale=1.0000 fcos=nan ign=0.0000 prn=nan nxp=0.000 mph=0.000 bytes=631268 pkts=631268 shard=1
step=1124175 (run 4175/8000) loss=3.04039 byte_ppl=20.913 atoms=16 merges=0 field=41.3492 rms=1.2922 scale=1.0000 fcos=nan ign=0.0000 prn=nan nxp=0.000 mph=0.000 bytes=631268 pkts=631268 shard=1
step=1124200 (run 4200/8000) loss=0.00170 byte_ppl=1.002 atoms=44 merges=0 field=41.4315 rms=1.2947 scale=1.0000 fcos=nan ign=0.0000 prn=nan nxp=0.000 mph=0.000 bytes=631268 pkts=631268 shard=1
step=1124225 (run 4225/8000) loss=1.14367 byte_ppl=3.138 atoms=1 merges=0 field=41.5618 rms=1.2988 scale=1.0000 fcos=nan ign=0.0000 prn=nan nxp=0.000 mph=0.000 bytes=631268 pkts=631268 shard=1
step=1124250 (run 4250/8000) loss=10.05965 byte_ppl=23380.376 atoms=29 merges=0 field=41.7427 rms=1.3045 scale=1.0000 fcos=nan ign=0.0000 prn=nan nxp=0.000 mph=0.000 bytes=631268 pkts=631268 shard=1
step=1124275 (run 4275/8000) loss=0.00047 byte_ppl=1.000 atoms=56 merges=0 field=41.9253 rms=1.3102 scale=1.0000 fcos=nan ign=0.0000 prn=nan nxp=0.000 mph=0.000 bytes=631268 pkts=631268 shard=1
step=1124300 (run 4300/8000) loss=0.00029 byte_ppl=1.000 atoms=14 merges=0 field=42.0193 rms=1.3131 scale=1.0000 fcos=nan ign=0.0000 prn=nan nxp=0.000 mph=0.000 bytes=631268 pkts=631268 shard=1
step=1124325 (run 4325/8000) loss=0.00031 byte_ppl=1.000 atoms=41 merges=0 field=42.1622 rms=1.3176 scale=1.0000 fcos=nan ign=0.0000 prn=nan nxp=0.000 mph=0.000 bytes=631268 pkts=631268 shard=1
step=1124350 (run 4350/8000) loss=4.74935 byte_ppl=115.509 atoms=69 merges=0 field=42.3099 rms=1.3222 scale=1.0000 fcos=nan ign=0.0000 prn=nan nxp=0.000 mph=0.000 bytes=631268 pkts=631268 shard=1
step=1124375 (run 4375/8000) loss=0.00029 byte_ppl=1.000 atoms=25 merges=0 field=42.4185 rms=1.3256 scale=1.0000 fcos=nan ign=0.0000 prn=nan nxp=0.000 mph=0.000 bytes=631268 pkts=631268 shard=1
step=1124400 (run 4400/8000) loss=7.46321 byte_ppl=1742.735 atoms=53 merges=0 field=42.5258 rms=1.3289 scale=1.0000 fcos=nan ign=0.0000 prn=nan nxp=0.000 mph=0.000 bytes=631268 pkts=631268 shard=1
step=1124425 (run 4425/8000) loss=0.00110 byte_ppl=1.001 atoms=10 merges=0 field=42.6815 rms=1.3338 scale=1.0000 fcos=nan ign=0.0000 prn=nan nxp=0.000 mph=0.000 bytes=631268 pkts=631268 shard=1
step=1124450 (run 4450/8000) loss=4.08713 byte_ppl=59.568 atoms=38 merges=0 field=42.7789 rms=1.3368 scale=1.0000 fcos=nan ign=0.0000 prn=nan nxp=0.000 mph=0.000 bytes=631268 pkts=631268 shard=1
step=1124475 (run 4475/8000) loss=0.12128 byte_ppl=1.129 atoms=65 merges=0 field=42.8333 rms=1.3385 scale=1.0000 fcos=nan ign=0.0000 prn=nan nxp=0.000 mph=0.000 bytes=631268 pkts=631268 shard=1
step=1124500 (run 4500/8000) loss=0.00862 byte_ppl=1.009 atoms=22 merges=0 field=42.9640 rms=1.3426 scale=1.0000 fcos=nan ign=0.0000 prn=nan nxp=0.000 mph=0.000 bytes=631268 pkts=631268 shard=1
step=1124525 (run 4525/8000) loss=2.23371 byte_ppl=9.334 atoms=49 merges=0 field=43.0978 rms=1.3468 scale=1.0000 fcos=nan ign=0.0000 prn=nan nxp=0.000 mph=0.000 bytes=631268 pkts=631268 shard=1
step=1124550 (run 4550/8000) loss=0.06483 byte_ppl=1.067 atoms=7 merges=0 field=43.1428 rms=1.3482 scale=1.0000 fcos=nan ign=0.0000 prn=nan nxp=0.000 mph=0.000 bytes=631268 pkts=631268 shard=1
step=1124575 (run 4575/8000) loss=4.50318 byte_ppl=90.304 atoms=34 merges=0 field=43.2827 rms=1.3526 scale=1.0000 fcos=nan ign=0.0000 prn=nan nxp=0.000 mph=0.000 bytes=631268 pkts=631268 shard=1
step=1124600 (run 4600/8000) loss=0.00014 byte_ppl=1.000 atoms=62 merges=0 field=43.3790 rms=1.3556 scale=1.0000 fcos=nan ign=0.0000 prn=nan nxp=0.000 mph=0.000 bytes=631268 pkts=631268 shard=1
step=1124625 (run 4625/8000) loss=0.00517 byte_ppl=1.005 atoms=19 merges=0 field=43.3733 rms=1.3554 scale=1.0000 fcos=nan ign=0.0000 prn=nan nxp=0.000 mph=0.000 bytes=631268 pkts=631268 shard=1
step=1124650 (run 4650/8000) loss=26.32925 byte_ppl=272050145047.209 atoms=47 merges=0 field=43.4818 rms=1.3588 scale=1.0000 fcos=nan ign=0.0000 prn=nan nxp=0.000 mph=0.000 bytes=631268 pkts=631268 shard=1
step=1124675 (run 4675/8000) loss=0.48771 byte_ppl=1.629 atoms=3 merges=0 field=43.6138 rms=1.3629 scale=1.0000 fcos=nan ign=0.0000 prn=nan nxp=0.000 mph=0.000 bytes=631268 pkts=631268 shard=1
step=1124700 (run 4700/8000) loss=8.29239 byte_ppl=3993.351 atoms=31 merges=0 field=43.7492 rms=1.3672 scale=1.0000 fcos=nan ign=0.0000 prn=nan nxp=0.000 mph=0.000 bytes=631268 pkts=631268 shard=1
step=1124725 (run 4725/8000) loss=0.00082 byte_ppl=1.001 atoms=58 merges=0 field=43.7869 rms=1.3683 scale=1.0000 fcos=nan ign=0.0000 prn=nan nxp=0.000 mph=0.000 bytes=631268 pkts=631268 shard=1
step=1124750 (run 4750/8000) loss=14.94569 byte_ppl=3096206.615 atoms=16 merges=0 field=43.9547 rms=1.3736 scale=1.0000 fcos=nan ign=0.0000 prn=nan nxp=0.000 mph=0.000 bytes=631268 pkts=631268 shard=1
step=1124775 (run 4775/8000) loss=1.75704 byte_ppl=5.795 atoms=43 merges=0 field=44.1343 rms=1.3792 scale=1.0000 fcos=nan ign=0.0000 prn=nan nxp=0.000 mph=0.000 bytes=631268 pkts=631268 shard=1
step=1124800 (run 4800/8000) loss=0.10816 byte_ppl=1.114 atoms=71 merges=0 field=44.2134 rms=1.3817 scale=1.0000 fcos=nan ign=0.0000 prn=nan nxp=0.000 mph=0.000 bytes=631268 pkts=631268 shard=1
step=1124825 (run 4825/8000) loss=0.00023 byte_ppl=1.000 atoms=27 merges=0 field=44.3058 rms=1.3846 scale=1.0000 fcos=nan ign=0.0000 prn=nan nxp=0.000 mph=0.000 bytes=631268 pkts=631268 shard=1
step=1124850 (run 4850/8000) loss=6.76384 byte_ppl=865.962 atoms=55 merges=0 field=44.3662 rms=1.3864 scale=1.0000 fcos=nan ign=0.0000 prn=nan nxp=0.000 mph=0.000 bytes=631268 pkts=631268 shard=1
step=1124875 (run 4875/8000) loss=3.11795 byte_ppl=22.600 atoms=12 merges=0 field=44.3865 rms=1.3871 scale=1.0000 fcos=nan ign=0.0000 prn=nan nxp=0.000 mph=0.000 bytes=631268 pkts=631268 shard=1
step=1124900 (run 4900/8000) loss=6.78940 byte_ppl=888.382 atoms=40 merges=0 field=44.5269 rms=1.3915 scale=1.0000 fcos=nan ign=0.0000 prn=nan nxp=0.000 mph=0.000 bytes=631268 pkts=631268 shard=1
step=1124925 (run 4925/8000) loss=3.09597 byte_ppl=22.109 atoms=67 merges=0 field=44.6023 rms=1.3938 scale=1.0000 fcos=nan ign=0.0000 prn=nan nxp=0.000 mph=0.000 bytes=631268 pkts=631268 shard=1
step=1124950 (run 4950/8000) loss=0.39229 byte_ppl=1.480 atoms=25 merges=0 field=44.7750 rms=1.3992 scale=1.0000 fcos=nan ign=0.0000 prn=nan nxp=0.000 mph=0.000 bytes=631268 pkts=631268 shard=1
step=1124975 (run 4975/8000) loss=0.00286 byte_ppl=1.003 atoms=52 merges=0 field=44.8548 rms=1.4017 scale=1.0000 fcos=nan ign=0.0000 prn=nan nxp=0.000 mph=0.000 bytes=631268 pkts=631268 shard=1
step=1125000 (run 5000/8000) loss=4.83834 byte_ppl=126.259 atoms=9 merges=0 field=44.9261 rms=1.4039 scale=1.0000 fcos=nan ign=0.0000 prn=nan nxp=0.000 mph=0.000 bytes=631268 pkts=631268 shard=1
step=1125025 (run 5025/8000) loss=0.00318 byte_ppl=1.003 atoms=36 merges=0 field=45.0013 rms=1.4063 scale=1.0000 fcos=nan ign=0.0000 prn=nan nxp=0.000 mph=0.000 bytes=631268 pkts=631268 shard=1
step=1125050 (run 5050/8000) loss=3.95707 byte_ppl=52.304 atoms=64 merges=0 field=45.1339 rms=1.4104 scale=1.0000 fcos=nan ign=0.0000 prn=nan nxp=0.000 mph=0.000 bytes=631268 pkts=631268 shard=1
step=1125075 (run 5075/8000) loss=0.00048 byte_ppl=1.000 atoms=21 merges=0 field=45.1737 rms=1.4117 scale=1.0000 fcos=nan ign=0.0000 prn=nan nxp=0.000 mph=0.000 bytes=631268 pkts=631268 shard=1
step=1125100 (run 5100/8000) loss=0.03352 byte_ppl=1.034 atoms=49 merges=0 field=45.2788 rms=1.4150 scale=1.0000 fcos=nan ign=0.0000 prn=nan nxp=0.000 mph=0.000 bytes=631268 pkts=631268 shard=1
step=1125125 (run 5125/8000) loss=0.00004 byte_ppl=1.000 atoms=5 merges=0 field=45.3610 rms=1.4175 scale=1.0000 fcos=nan ign=0.0000 prn=nan nxp=0.000 mph=0.000 bytes=631268 pkts=631268 shard=1
step=1125150 (run 5150/8000) loss=7.23293 byte_ppl=1384.269 atoms=33 merges=0 field=45.4240 rms=1.4195 scale=1.0000 fcos=nan ign=0.0000 prn=nan nxp=0.000 mph=0.000 bytes=631268 pkts=631268 shard=1
step=1125175 (run 5175/8000) loss=0.00016 byte_ppl=1.000 atoms=60 merges=0 field=45.5634 rms=1.4239 scale=1.0000 fcos=nan ign=0.0000 prn=nan nxp=0.000 mph=0.000 bytes=631268 pkts=631268 shard=1
step=1125200 (run 5200/8000) loss=4.02683 byte_ppl=56.083 atoms=18 merges=0 field=45.7191 rms=1.4287 scale=1.0000 fcos=nan ign=0.0000 prn=nan nxp=0.000 mph=0.000 bytes=631268 pkts=631268 shard=1
step=1125225 (run 5225/8000) loss=0.00195 byte_ppl=1.002 atoms=45 merges=0 field=45.7824 rms=1.4307 scale=1.0000 fcos=nan ign=0.0000 prn=nan nxp=0.000 mph=0.000 bytes=631268 pkts=631268 shard=1
step=1125250 (run 5250/8000) loss=0.00267 byte_ppl=1.003 atoms=3 merges=0 field=45.9187 rms=1.4350 scale=1.0000 fcos=nan ign=0.0000 prn=nan nxp=0.000 mph=0.000 bytes=631268 pkts=631268 shard=1
step=1125275 (run 5275/8000) loss=0.00791 byte_ppl=1.008 atoms=30 merges=0 field=45.9541 rms=1.4361 scale=1.0000 fcos=nan ign=0.0000 prn=nan nxp=0.000 mph=0.000 bytes=631268 pkts=631268 shard=1
step=1125300 (run 5300/8000) loss=11.71871 byte_ppl=122848.724 atoms=58 merges=0 field=46.0155 rms=1.4380 scale=1.0000 fcos=nan ign=0.0000 prn=nan nxp=0.000 mph=0.000 bytes=631268 pkts=631268 shard=1
step=1125325 (run 5325/8000) loss=7.56624 byte_ppl=1931.860 atoms=14 merges=0 field=46.1391 rms=1.4418 scale=1.0000 fcos=nan ign=0.0000 prn=nan nxp=0.000 mph=0.000 bytes=631268 pkts=631268 shard=1
step=1125350 (run 5350/8000) loss=0.02096 byte_ppl=1.021 atoms=42 merges=0 field=46.2112 rms=1.4441 scale=1.0000 fcos=nan ign=0.0000 prn=nan nxp=0.000 mph=0.000 bytes=631268 pkts=631268 shard=1
step=1125375 (run 5375/8000) loss=0.00032 byte_ppl=1.000 atoms=69 merges=0 field=46.3431 rms=1.4482 scale=1.0000 fcos=nan ign=0.0000 prn=nan nxp=0.000 mph=0.000 bytes=631268 pkts=631268 shard=1
step=1125400 (run 5400/8000) loss=6.16548 byte_ppl=476.028 atoms=27 merges=0 field=46.4875 rms=1.4527 scale=1.0000 fcos=nan ign=0.0000 prn=nan nxp=0.000 mph=0.000 bytes=631268 pkts=631268 shard=1
step=1125425 (run 5425/8000) loss=0.00261 byte_ppl=1.003 atoms=54 merges=0 field=46.6136 rms=1.4567 scale=1.0000 fcos=nan ign=0.0000 prn=nan nxp=0.000 mph=0.000 bytes=631268 pkts=631268 shard=1
step=1125450 (run 5450/8000) loss=9.40368 byte_ppl=12132.923 atoms=11 merges=0 field=46.6114 rms=1.4566 scale=1.0000 fcos=nan ign=0.0000 prn=nan nxp=0.000 mph=0.000 bytes=631268 pkts=631268 shard=1
step=1125475 (run 5475/8000) loss=0.00444 byte_ppl=1.004 atoms=38 merges=0 field=46.7382 rms=1.4606 scale=1.0000 fcos=nan ign=0.0000 prn=nan nxp=0.000 mph=0.000 bytes=631268 pkts=631268 shard=1
step=1125500 (run 5500/8000) loss=5.61723 byte_ppl=275.126 atoms=66 merges=0 field=46.8559 rms=1.4642 scale=1.0000 fcos=nan ign=0.0000 prn=nan nxp=0.000 mph=0.000 bytes=631268 pkts=631268 shard=1
step=1125525 (run 5525/8000) loss=0.00411 byte_ppl=1.004 atoms=23 merges=0 field=46.8442 rms=1.4639 scale=1.0000 fcos=nan ign=0.0000 prn=nan nxp=0.000 mph=0.000 bytes=631268 pkts=631268 shard=1
step=1125550 (run 5550/8000) loss=0.54699 byte_ppl=1.728 atoms=51 merges=0 field=46.9466 rms=1.4671 scale=1.0000 fcos=nan ign=0.0000 prn=nan nxp=0.000 mph=0.000 bytes=631268 pkts=631268 shard=1
step=1125575 (run 5575/8000) loss=0.00049 byte_ppl=1.000 atoms=8 merges=0 field=47.0670 rms=1.4708 scale=1.0000 fcos=nan ign=0.0000 prn=nan nxp=0.000 mph=0.000 bytes=631268 pkts=631268 shard=1
step=1125600 (run 5600/8000) loss=0.35031 byte_ppl=1.420 atoms=36 merges=0 field=47.1214 rms=1.4725 scale=1.0000 fcos=nan ign=0.0000 prn=nan nxp=0.000 mph=0.000 bytes=631268 pkts=631268 shard=1
step=1125625 (run 5625/8000) loss=0.00147 byte_ppl=1.001 atoms=63 merges=0 field=47.2046 rms=1.4751 scale=1.0000 fcos=nan ign=0.0000 prn=nan nxp=0.000 mph=0.000 bytes=631268 pkts=631268 shard=1
step=1125650 (run 5650/8000) loss=0.01252 byte_ppl=1.013 atoms=20 merges=0 field=47.2538 rms=1.4767 scale=1.0000 fcos=nan ign=0.0000 prn=nan nxp=0.000 mph=0.000 bytes=631268 pkts=631268 shard=1
step=1125675 (run 5675/8000) loss=0.00038 byte_ppl=1.000 atoms=47 merges=0 field=47.3110 rms=1.4785 scale=1.0000 fcos=nan ign=0.0000 prn=nan nxp=0.000 mph=0.000 bytes=631268 pkts=631268 shard=1
step=1125700 (run 5700/8000) loss=1.23814 byte_ppl=3.449 atoms=5 merges=0 field=47.4129 rms=1.4817 scale=1.0000 fcos=nan ign=0.0000 prn=nan nxp=0.000 mph=0.000 bytes=631268 pkts=631268 shard=1
step=1125725 (run 5725/8000) loss=0.00288 byte_ppl=1.003 atoms=32 merges=0 field=47.4611 rms=1.4832 scale=1.0000 fcos=nan ign=0.0000 prn=nan nxp=0.000 mph=0.000 bytes=631268 pkts=631268 shard=1
step=1125750 (run 5750/8000) loss=3.04147 byte_ppl=20.936 atoms=60 merges=0 field=47.5694 rms=1.4865 scale=1.0000 fcos=nan ign=0.0000 prn=nan nxp=0.000 mph=0.000 bytes=631268 pkts=631268 shard=1
step=1125775 (run 5775/8000) loss=0.00413 byte_ppl=1.004 atoms=16 merges=0 field=47.6639 rms=1.4895 scale=1.0000 fcos=nan ign=0.0000 prn=nan nxp=0.000 mph=0.000 bytes=631268 pkts=631268 shard=1
step=1125800 (run 5800/8000) loss=0.00053 byte_ppl=1.001 atoms=44 merges=0 field=47.7359 rms=1.4917 scale=1.0000 fcos=nan ign=0.0000 prn=nan nxp=0.000 mph=0.000 bytes=631268 pkts=631268 shard=1
step=1125825 (run 5825/8000) loss=0.00134 byte_ppl=1.001 atoms=1 merges=0 field=47.7510 rms=1.4922 scale=1.0000 fcos=nan ign=0.0000 prn=nan nxp=0.000 mph=0.000 bytes=631268 pkts=631268 shard=1
step=1125850 (run 5850/8000) loss=9.01745 byte_ppl=8245.726 atoms=29 merges=0 field=47.8065 rms=1.4940 scale=1.0000 fcos=nan ign=0.0000 prn=nan nxp=0.000 mph=0.000 bytes=631268 pkts=631268 shard=1
step=1125875 (run 5875/8000) loss=0.00450 byte_ppl=1.005 atoms=56 merges=0 field=47.8565 rms=1.4955 scale=1.0000 fcos=nan ign=0.0000 prn=nan nxp=0.000 mph=0.000 bytes=631268 pkts=631268 shard=1
step=1125900 (run 5900/8000) loss=0.09823 byte_ppl=1.103 atoms=14 merges=0 field=47.8185 rms=1.4943 scale=1.0000 fcos=nan ign=0.0000 prn=nan nxp=0.000 mph=0.000 bytes=631268 pkts=631268 shard=1
step=1125925 (run 5925/8000) loss=3.09308 byte_ppl=22.045 atoms=41 merges=0 field=47.8504 rms=1.4953 scale=1.0000 fcos=nan ign=0.0000 prn=nan nxp=0.000 mph=0.000 bytes=631268 pkts=631268 shard=1
step=1125950 (run 5950/8000) loss=0.00130 byte_ppl=1.001 atoms=69 merges=0 field=47.9212 rms=1.4975 scale=1.0000 fcos=nan ign=0.0000 prn=nan nxp=0.000 mph=0.000 bytes=631268 pkts=631268 shard=1
step=1125975 (run 5975/8000) loss=0.05283 byte_ppl=1.054 atoms=25 merges=0 field=47.9793 rms=1.4994 scale=1.0000 fcos=nan ign=0.0000 prn=nan nxp=0.000 mph=0.000 bytes=631268 pkts=631268 shard=1
step=1126000 (run 6000/8000) loss=0.03787 byte_ppl=1.039 atoms=53 merges=0 field=48.0727 rms=1.5023 scale=1.0000 fcos=nan ign=0.0000 prn=nan nxp=0.000 mph=0.000 bytes=631268 pkts=631268 shard=1
step=1126025 (run 6025/8000) loss=0.60040 byte_ppl=1.823 atoms=10 merges=0 field=48.1368 rms=1.5043 scale=1.0000 fcos=nan ign=0.0000 prn=nan nxp=0.000 mph=0.000 bytes=631268 pkts=631268 shard=1
step=1126050 (run 6050/8000) loss=5.73048 byte_ppl=308.117 atoms=38 merges=0 field=48.1733 rms=1.5054 scale=1.0000 fcos=nan ign=0.0000 prn=nan nxp=0.000 mph=0.000 bytes=631268 pkts=631268 shard=1
step=1126075 (run 6075/8000) loss=0.00014 byte_ppl=1.000 atoms=65 merges=0 field=48.2897 rms=1.5091 scale=1.0000 fcos=nan ign=0.0000 prn=nan nxp=0.000 mph=0.000 bytes=631268 pkts=631268 shard=1
step=1126100 (run 6100/8000) loss=8.57655 byte_ppl=5305.751 atoms=22 merges=0 field=48.2633 rms=1.5082 scale=1.0000 fcos=nan ign=0.0000 prn=nan nxp=0.000 mph=0.000 bytes=631268 pkts=631268 shard=1
step=1126125 (run 6125/8000) loss=0.19806 byte_ppl=1.219 atoms=49 merges=0 field=48.2529 rms=1.5079 scale=1.0000 fcos=nan ign=0.0000 prn=nan nxp=0.000 mph=0.000 bytes=631268 pkts=631268 shard=1
step=1126150 (run 6150/8000) loss=0.00153 byte_ppl=1.002 atoms=7 merges=0 field=48.2635 rms=1.5082 scale=1.0000 fcos=nan ign=0.0000 prn=nan nxp=0.000 mph=0.000 bytes=631268 pkts=631268 shard=1
step=1126175 (run 6175/8000) loss=0.00136 byte_ppl=1.001 atoms=34 merges=0 field=48.3833 rms=1.5120 scale=1.0000 fcos=nan ign=0.0000 prn=nan nxp=0.000 mph=0.000 bytes=631268 pkts=631268 shard=1
step=1126200 (run 6200/8000) loss=9.54447 byte_ppl=13967.279 atoms=62 merges=0 field=48.3984 rms=1.5125 scale=1.0000 fcos=nan ign=0.0000 prn=nan nxp=0.000 mph=0.000 bytes=631268 pkts=631268 shard=1
step=1126225 (run 6225/8000) loss=9.19664 byte_ppl=9863.893 atoms=19 merges=0 field=48.5365 rms=1.5168 scale=1.0000 fcos=nan ign=0.0000 prn=nan nxp=0.000 mph=0.000 bytes=631268 pkts=631268 shard=1
step=1126250 (run 6250/8000) loss=0.01904 byte_ppl=1.019 atoms=47 merges=0 field=48.5120 rms=1.5160 scale=1.0000 fcos=nan ign=0.0000 prn=nan nxp=0.000 mph=0.000 bytes=631268 pkts=631268 shard=1
step=1126275 (run 6275/8000) loss=0.00418 byte_ppl=1.004 atoms=3 merges=0 field=48.6016 rms=1.5188 scale=1.0000 fcos=nan ign=0.0000 prn=nan nxp=0.000 mph=0.000 bytes=631268 pkts=631268 shard=1
step=1126300 (run 6300/8000) loss=3.91496 byte_ppl=50.147 atoms=31 merges=0 field=48.6837 rms=1.5214 scale=1.0000 fcos=nan ign=0.0000 prn=nan nxp=0.000 mph=0.000 bytes=631268 pkts=631268 shard=1
step=1126325 (run 6325/8000) loss=2.29292 byte_ppl=9.904 atoms=58 merges=0 field=48.8082 rms=1.5253 scale=1.0000 fcos=nan ign=0.0000 prn=nan nxp=0.000 mph=0.000 bytes=631268 pkts=631268 shard=1
step=1126350 (run 6350/8000) loss=4.30280 byte_ppl=73.906 atoms=16 merges=0 field=48.8940 rms=1.5279 scale=1.0000 fcos=nan ign=0.0000 prn=nan nxp=0.000 mph=0.000 bytes=631268 pkts=631268 shard=1
step=1126375 (run 6375/8000) loss=7.14886 byte_ppl=1272.652 atoms=43 merges=0 field=49.0051 rms=1.5314 scale=1.0000 fcos=nan ign=0.0000 prn=nan nxp=0.000 mph=0.000 bytes=631268 pkts=631268 shard=1
step=1126400 (run 6400/8000) loss=0.00565 byte_ppl=1.006 atoms=71 merges=0 field=49.0678 rms=1.5334 scale=1.0000 fcos=nan ign=0.0000 prn=nan nxp=0.000 mph=0.000 bytes=631268 pkts=631268 shard=1
step=1126425 (run 6425/8000) loss=0.00064 byte_ppl=1.001 atoms=27 merges=0 field=49.0839 rms=1.5339 scale=1.0000 fcos=nan ign=0.0000 prn=nan nxp=0.000 mph=0.000 bytes=631268 pkts=631268 shard=1
step=1126450 (run 6450/8000) loss=12.75244 byte_ppl=345394.115 atoms=55 merges=0 field=49.2167 rms=1.5380 scale=1.0000 fcos=nan ign=0.0000 prn=nan nxp=0.000 mph=0.000 bytes=631268 pkts=631268 shard=1
step=1126475 (run 6475/8000) loss=3.52575 byte_ppl=33.979 atoms=12 merges=0 field=49.3263 rms=1.5414 scale=1.0000 fcos=nan ign=0.0000 prn=nan nxp=0.000 mph=0.000 bytes=631268 pkts=631268 shard=1
step=1126500 (run 6500/8000) loss=11.75413 byte_ppl=127278.423 atoms=40 merges=0 field=49.4010 rms=1.5438 scale=1.0000 fcos=nan ign=0.0000 prn=nan nxp=0.000 mph=0.000 bytes=631268 pkts=631268 shard=1
step=1126525 (run 6525/8000) loss=0.00038 byte_ppl=1.000 atoms=67 merges=0 field=49.5158 rms=1.5474 scale=1.0000 fcos=nan ign=0.0000 prn=nan nxp=0.000 mph=0.000 bytes=631268 pkts=631268 shard=1
step=1126550 (run 6550/8000) loss=0.00113 byte_ppl=1.001 atoms=25 merges=0 field=49.5810 rms=1.5494 scale=1.0000 fcos=nan ign=0.0000 prn=nan nxp=0.000 mph=0.000 bytes=631268 pkts=631268 shard=1
step=1126575 (run 6575/8000) loss=0.00268 byte_ppl=1.003 atoms=52 merges=0 field=49.5799 rms=1.5494 scale=1.0000 fcos=nan ign=0.0000 prn=nan nxp=0.000 mph=0.000 bytes=631268 pkts=631268 shard=1
step=1126600 (run 6600/8000) loss=7.28446 byte_ppl=1457.467 atoms=9 merges=0 field=49.6302 rms=1.5509 scale=1.0000 fcos=nan ign=0.0000 prn=nan nxp=0.000 mph=0.000 bytes=631268 pkts=631268 shard=1
step=1126625 (run 6625/8000) loss=4.54999 byte_ppl=94.631 atoms=36 merges=0 field=49.5809 rms=1.5494 scale=1.0000 fcos=nan ign=0.0000 prn=nan nxp=0.000 mph=0.000 bytes=631268 pkts=631268 shard=1
step=1126650 (run 6650/8000) loss=14.89850 byte_ppl=2953488.528 atoms=64 merges=0 field=49.6507 rms=1.5516 scale=1.0000 fcos=nan ign=0.0000 prn=nan nxp=0.000 mph=0.000 bytes=631268 pkts=631268 shard=1
step=1126675 (run 6675/8000) loss=4.45668 byte_ppl=86.201 atoms=21 merges=0 field=49.7475 rms=1.5546 scale=1.0000 fcos=nan ign=0.0000 prn=nan nxp=0.000 mph=0.000 bytes=631268 pkts=631268 shard=1
step=1126700 (run 6700/8000) loss=0.00004 byte_ppl=1.000 atoms=49 merges=0 field=49.8031 rms=1.5563 scale=1.0000 fcos=nan ign=0.0000 prn=nan nxp=0.000 mph=0.000 bytes=631268 pkts=631268 shard=1
step=1126725 (run 6725/8000) loss=0.00022 byte_ppl=1.000 atoms=5 merges=0 field=49.8508 rms=1.5578 scale=1.0000 fcos=nan ign=0.0000 prn=nan nxp=0.000 mph=0.000 bytes=631268 pkts=631268 shard=1
step=1126750 (run 6750/8000) loss=7.34755 byte_ppl=1552.394 atoms=33 merges=0 field=49.9772 rms=1.5618 scale=1.0000 fcos=nan ign=0.0000 prn=nan nxp=0.000 mph=0.000 bytes=631268 pkts=631268 shard=1
step=1126775 (run 6775/8000) loss=0.56155 byte_ppl=1.753 atoms=60 merges=0 field=50.0188 rms=1.5631 scale=1.0000 fcos=nan ign=0.0000 prn=nan nxp=0.000 mph=0.000 bytes=631268 pkts=631268 shard=1
step=1126800 (run 6800/8000) loss=0.18384 byte_ppl=1.202 atoms=18 merges=0 field=50.0517 rms=1.5641 scale=1.0000 fcos=nan ign=0.0000 prn=nan nxp=0.000 mph=0.000 bytes=631268 pkts=631268 shard=1
step=1126825 (run 6825/8000) loss=1.77831 byte_ppl=5.920 atoms=45 merges=0 field=50.0905 rms=1.5653 scale=1.0000 fcos=nan ign=0.0000 prn=nan nxp=0.000 mph=0.000 bytes=631268 pkts=631268 shard=1
step=1126850 (run 6850/8000) loss=4.33108 byte_ppl=76.026 atoms=3 merges=0 field=50.1282 rms=1.5665 scale=1.0000 fcos=nan ign=0.0000 prn=nan nxp=0.000 mph=0.000 bytes=631268 pkts=631268 shard=1
step=1126875 (run 6875/8000) loss=0.00025 byte_ppl=1.000 atoms=30 merges=0 field=50.1827 rms=1.5682 scale=1.0000 fcos=nan ign=0.0000 prn=nan nxp=0.000 mph=0.000 bytes=631268 pkts=631268 shard=1
step=1126900 (run 6900/8000) loss=3.65088 byte_ppl=38.508 atoms=58 merges=0 field=50.2701 rms=1.5709 scale=1.0000 fcos=nan ign=0.0000 prn=nan nxp=0.000 mph=0.000 bytes=631268 pkts=631268 shard=1
step=1126925 (run 6925/8000) loss=0.00071 byte_ppl=1.001 atoms=14 merges=0 field=50.2728 rms=1.5710 scale=1.0000 fcos=nan ign=0.0000 prn=nan nxp=0.000 mph=0.000 bytes=631268 pkts=631268 shard=1
step=1126950 (run 6950/8000) loss=1.11066 byte_ppl=3.036 atoms=42 merges=0 field=50.2461 rms=1.5702 scale=1.0000 fcos=nan ign=0.0000 prn=nan nxp=0.000 mph=0.000 bytes=631268 pkts=631268 shard=1
step=1126975 (run 6975/8000) loss=1.16991 byte_ppl=3.222 atoms=69 merges=0 field=50.1769 rms=1.5680 scale=1.0000 fcos=nan ign=0.0000 prn=nan nxp=0.000 mph=0.000 bytes=631268 pkts=631268 shard=1
step=1127000 (run 7000/8000) loss=2.99998 byte_ppl=20.085 atoms=27 merges=0 field=50.1686 rms=1.5678 scale=1.0000 fcos=nan ign=0.0000 prn=nan nxp=0.000 mph=0.000 bytes=631268 pkts=631268 shard=1
step=1127025 (run 7025/8000) loss=0.00221 byte_ppl=1.002 atoms=54 merges=0 field=50.2591 rms=1.5706 scale=1.0000 fcos=nan ign=0.0000 prn=nan nxp=0.000 mph=0.000 bytes=631268 pkts=631268 shard=1
step=1127050 (run 7050/8000) loss=0.00015 byte_ppl=1.000 atoms=11 merges=0 field=50.2333 rms=1.5698 scale=1.0000 fcos=nan ign=0.0000 prn=nan nxp=0.000 mph=0.000 bytes=631268 pkts=631268 shard=1
step=1127075 (run 7075/8000) loss=0.00061 byte_ppl=1.001 atoms=38 merges=0 field=50.1921 rms=1.5685 scale=1.0000 fcos=nan ign=0.0000 prn=nan nxp=0.000 mph=0.000 bytes=631268 pkts=631268 shard=1
step=1127100 (run 7100/8000) loss=0.70628 byte_ppl=2.026 atoms=66 merges=0 field=50.2439 rms=1.5701 scale=1.0000 fcos=nan ign=0.0000 prn=nan nxp=0.000 mph=0.000 bytes=631268 pkts=631268 shard=1
step=1127125 (run 7125/8000) loss=0.78253 byte_ppl=2.187 atoms=23 merges=0 field=50.3234 rms=1.5726 scale=1.0000 fcos=nan ign=0.0000 prn=nan nxp=0.000 mph=0.000 bytes=631268 pkts=631268 shard=1
step=1127150 (run 7150/8000) loss=5.59916 byte_ppl=270.198 atoms=51 merges=0 field=50.3852 rms=1.5745 scale=1.0000 fcos=nan ign=0.0000 prn=nan nxp=0.000 mph=0.000 bytes=631268 pkts=631268 shard=1
step=1127175 (run 7175/8000) loss=0.00082 byte_ppl=1.001 atoms=8 merges=0 field=50.5387 rms=1.5793 scale=1.0000 fcos=nan ign=0.0000 prn=nan nxp=0.000 mph=0.000 bytes=631268 pkts=631268 shard=1
step=1127200 (run 7200/8000) loss=3.29963 byte_ppl=27.102 atoms=36 merges=0 field=50.6346 rms=1.5823 scale=1.0000 fcos=nan ign=0.0000 prn=nan nxp=0.000 mph=0.000 bytes=631268 pkts=631268 shard=1
step=1127225 (run 7225/8000) loss=3.43755 byte_ppl=31.111 atoms=63 merges=0 field=50.7053 rms=1.5845 scale=1.0000 fcos=nan ign=0.0000 prn=nan nxp=0.000 mph=0.000 bytes=631268 pkts=631268 shard=1
step=1127250 (run 7250/8000) loss=0.95960 byte_ppl=2.611 atoms=20 merges=0 field=50.8371 rms=1.5887 scale=1.0000 fcos=nan ign=0.0000 prn=nan nxp=0.000 mph=0.000 bytes=631268 pkts=631268 shard=1
step=1127275 (run 7275/8000) loss=0.00107 byte_ppl=1.001 atoms=47 merges=0 field=50.9988 rms=1.5937 scale=1.0000 fcos=nan ign=0.0000 prn=nan nxp=0.000 mph=0.000 bytes=696804 pkts=696804 shard=1
step=1127300 (run 7300/8000) loss=6.11291 byte_ppl=451.649 atoms=5 merges=0 field=51.0133 rms=1.5942 scale=1.0000 fcos=nan ign=0.0000 prn=nan nxp=0.000 mph=0.000 bytes=696804 pkts=696804 shard=1
step=1127325 (run 7325/8000) loss=0.00545 byte_ppl=1.005 atoms=32 merges=0 field=51.0773 rms=1.5962 scale=1.0000 fcos=nan ign=0.0000 prn=nan nxp=0.000 mph=0.000 bytes=696804 pkts=696804 shard=1
step=1127350 (run 7350/8000) loss=22.79116 byte_ppl=7908187073.375 atoms=60 merges=0 field=51.1163 rms=1.5974 scale=1.0000 fcos=nan ign=0.0000 prn=nan nxp=0.000 mph=0.000 bytes=696804 pkts=696804 shard=1
step=1127375 (run 7375/8000) loss=1.86162 byte_ppl=6.434 atoms=16 merges=0 field=51.1476 rms=1.5984 scale=1.0000 fcos=nan ign=0.0000 prn=nan nxp=0.000 mph=0.000 bytes=696804 pkts=696804 shard=1
step=1127400 (run 7400/8000) loss=6.39895 byte_ppl=601.212 atoms=44 merges=0 field=51.2108 rms=1.6003 scale=1.0000 fcos=nan ign=0.0000 prn=nan nxp=0.000 mph=0.000 bytes=696804 pkts=696804 shard=1
step=1127425 (run 7425/8000) loss=3.88187 byte_ppl=48.515 atoms=1 merges=0 field=51.2677 rms=1.6021 scale=1.0000 fcos=nan ign=0.0000 prn=nan nxp=0.000 mph=0.000 bytes=696804 pkts=696804 shard=1
step=1127450 (run 7450/8000) loss=0.02114 byte_ppl=1.021 atoms=29 merges=0 field=51.2407 rms=1.6013 scale=1.0000 fcos=nan ign=0.0000 prn=nan nxp=0.000 mph=0.000 bytes=696804 pkts=696804 shard=1
step=1127475 (run 7475/8000) loss=0.00058 byte_ppl=1.001 atoms=56 merges=0 field=51.2742 rms=1.6023 scale=1.0000 fcos=nan ign=0.0000 prn=nan nxp=0.000 mph=0.000 bytes=696804 pkts=696804 shard=1
step=1127500 (run 7500/8000) loss=10.38417 byte_ppl=32343.540 atoms=14 merges=0 field=51.2874 rms=1.6027 scale=1.0000 fcos=nan ign=0.0000 prn=nan nxp=0.000 mph=0.000 bytes=696804 pkts=696804 shard=1
step=1127525 (run 7525/8000) loss=8.14803 byte_ppl=3456.564 atoms=41 merges=0 field=51.3452 rms=1.6045 scale=1.0000 fcos=nan ign=0.0000 prn=nan nxp=0.000 mph=0.000 bytes=696804 pkts=696804 shard=1
step=1127550 (run 7550/8000) loss=2.48849 byte_ppl=12.043 atoms=69 merges=0 field=51.3389 rms=1.6043 scale=1.0000 fcos=nan ign=0.0000 prn=nan nxp=0.000 mph=0.000 bytes=696804 pkts=696804 shard=1
step=1127575 (run 7575/8000) loss=0.00091 byte_ppl=1.001 atoms=25 merges=0 field=51.4030 rms=1.6063 scale=1.0000 fcos=nan ign=0.0000 prn=nan nxp=0.000 mph=0.000 bytes=696804 pkts=696804 shard=1
step=1127600 (run 7600/8000) loss=8.23281 byte_ppl=3762.409 atoms=53 merges=0 field=51.3796 rms=1.6056 scale=1.0000 fcos=nan ign=0.0000 prn=nan nxp=0.000 mph=0.000 bytes=696804 pkts=696804 shard=1
step=1127625 (run 7625/8000) loss=0.00027 byte_ppl=1.000 atoms=10 merges=0 field=51.3659 rms=1.6052 scale=1.0000 fcos=nan ign=0.0000 prn=nan nxp=0.000 mph=0.000 bytes=696804 pkts=696804 shard=1
step=1127650 (run 7650/8000) loss=0.23725 byte_ppl=1.268 atoms=38 merges=0 field=51.4519 rms=1.6079 scale=1.0000 fcos=nan ign=0.0000 prn=nan nxp=0.000 mph=0.000 bytes=696804 pkts=696804 shard=1
step=1127675 (run 7675/8000) loss=0.09086 byte_ppl=1.095 atoms=65 merges=0 field=51.5067 rms=1.6096 scale=1.0000 fcos=nan ign=0.0000 prn=nan nxp=0.000 mph=0.000 bytes=696804 pkts=696804 shard=1
step=1127700 (run 7700/8000) loss=0.76893 byte_ppl=2.157 atoms=22 merges=0 field=51.3907 rms=1.6060 scale=1.0000 fcos=nan ign=0.0000 prn=nan nxp=0.000 mph=0.000 bytes=696804 pkts=696804 shard=1
step=1127725 (run 7725/8000) loss=0.00495 byte_ppl=1.005 atoms=49 merges=0 field=51.4401 rms=1.6075 scale=1.0000 fcos=nan ign=0.0000 prn=nan nxp=0.000 mph=0.000 bytes=696804 pkts=696804 shard=1
step=1127750 (run 7750/8000) loss=0.75896 byte_ppl=2.136 atoms=7 merges=0 field=51.4376 rms=1.6074 scale=1.0000 fcos=nan ign=0.0000 prn=nan nxp=0.000 mph=0.000 bytes=696804 pkts=696804 shard=1
step=1127775 (run 7775/8000) loss=0.09589 byte_ppl=1.101 atoms=34 merges=0 field=51.4283 rms=1.6071 scale=1.0000 fcos=nan ign=0.0000 prn=nan nxp=0.000 mph=0.000 bytes=696804 pkts=696804 shard=1
step=1127800 (run 7800/8000) loss=7.46649 byte_ppl=1748.459 atoms=62 merges=0 field=51.4099 rms=1.6066 scale=1.0000 fcos=nan ign=0.0000 prn=nan nxp=0.000 mph=0.000 bytes=696804 pkts=696804 shard=1
step=1127825 (run 7825/8000) loss=6.15377 byte_ppl=470.489 atoms=19 merges=0 field=51.4175 rms=1.6068 scale=1.0000 fcos=nan ign=0.0000 prn=nan nxp=0.000 mph=0.000 bytes=696804 pkts=696804 shard=1
step=1127850 (run 7850/8000) loss=3.90871 byte_ppl=49.834 atoms=47 merges=0 field=51.4151 rms=1.6067 scale=1.0000 fcos=nan ign=0.0000 prn=nan nxp=0.000 mph=0.000 bytes=696804 pkts=696804 shard=1
step=1127875 (run 7875/8000) loss=0.00100 byte_ppl=1.001 atoms=3 merges=0 field=51.4405 rms=1.6075 scale=1.0000 fcos=nan ign=0.0000 prn=nan nxp=0.000 mph=0.000 bytes=696804 pkts=696804 shard=1
step=1127900 (run 7900/8000) loss=0.00846 byte_ppl=1.008 atoms=31 merges=0 field=51.4663 rms=1.6083 scale=1.0000 fcos=nan ign=0.0000 prn=nan nxp=0.000 mph=0.000 bytes=696804 pkts=696804 shard=1
step=1127925 (run 7925/8000) loss=0.01519 byte_ppl=1.015 atoms=58 merges=0 field=51.4569 rms=1.6080 scale=1.0000 fcos=nan ign=0.0000 prn=nan nxp=0.000 mph=0.000 bytes=696804 pkts=696804 shard=1
step=1127950 (run 7950/8000) loss=3.19300 byte_ppl=24.361 atoms=16 merges=0 field=51.4806 rms=1.6088 scale=1.0000 fcos=nan ign=0.0000 prn=nan nxp=0.000 mph=0.000 bytes=696804 pkts=696804 shard=1
step=1127975 (run 7975/8000) loss=0.01325 byte_ppl=1.013 atoms=43 merges=0 field=51.5198 rms=1.6100 scale=1.0000 fcos=nan ign=0.0000 prn=nan nxp=0.000 mph=0.000 bytes=696804 pkts=696804 shard=1
step=1128000 (run 8000/8000) loss=0.00059 byte_ppl=1.001 atoms=71 merges=0 field=51.4883 rms=1.6090 scale=1.0000 fcos=nan ign=0.0000 prn=nan nxp=0.000 mph=0.000 bytes=696804 pkts=696804 shard=1
{
  "stream": true,
  "data_path": null,
  "data_glob": "data/corpus_fr_medium*.txt",
  "shard_paths": [
    "/workspace/exports/atom-ai/data/corpus_fr_medium.txt",
    "/workspace/exports/atom-ai/data/corpus_fr_medium_s21.txt"
  ],
  "data_bytes": 1000453,
  "data_characters": null,
  "atomizer_version": "atomizer-v1-byte-span",
  "feature_dim": 320,
  "packet_count": null,
  "train_packet_count": null,
  "validation_packet_count": 2048,
  "mean_packet_bytes": null,
  "max_packet_bytes": null,
  "min_packet_bytes": null,
  "bytes_seen": 696804,
  "config": {
    "d_model": 32,
    "n_modes": 32,
    "n_atoms_max": 64,
    "max_span_bytes": 1,
    "episode_length": 8000,
    "episode_reset": true,
    "atom_flush_every": 64,
    "learning_rate": 5e-05,
    "surface_learning_rate": 0.00012,
    "steps": 8000,
    "start_step": 1120000,
    "seed": 20260913,
    "surface_alphabet": 256,
    "field_max_rms": 3.0,
    "energy_decay_bounds": [
      0.3,
      0.95
    ],
    "stream": true,
    "chunk_bytes": 65536,
    "loop_shards": true,
    "stream_buffer": 2048,
    "stream_prefetch": true,
    "stream_skip_packets": 624000,
    "last_atom_readout": true,
    "efference_every": 10,
    "enable_merge": false,
    "payload_copy": false,
    "merge_coherence_threshold": 0.45,
    "merge_energy_floor": 0.08,
    "field_loss_weight": 0.05,
    "field_contrast_weight": 0.0,
    "field_ignorance_weight": 0.08,
    "field_ignorance_ablate_shared": false,
    "field_ignorance_prompt_bank": false,
    "field_obligatory_readout": true,
    "field_obligatory_hard": true,
    "printable_aux_weight": 0.0,
    "field_next_packet_weight": 0.0,
    "slow_every": 1
  },
  "packets_seen": 696804,
  "stream_epoch": 0,
  "train": {
    "steps": 8000,
    "efference_every": 10,
    "efference_steps": 800,
    "start_step": 1120000,
    "total_steps": 1128000,
    "episode_length": 8000,
    "episode_reset": true,
    "atom_flush_every": 64,
    "elapsed_seconds": 149.15379152999958,
    "transitions_per_second": 53.63591443393476,
    "first_loss": 4.162021636962891,
    "final_loss": 0.000592890428379178,
    "final_total_perplexity": 1.0005930662226497,
    "finite_losses": true,
    "finite_parameters": true,
    "nan_or_inf": false,
    "field_rms_before_max": 1.61053466796875,
    "field_rms_after_max": 1.61053466796875,
    "field_scale_min": 1.0,
    "field_norm_max": 51.53709030151367,
    "field_limited_steps": 0,
    "field_limited_fraction": 0.0,
    "final_dynamics": {
      "coupling_scale": 1.2623810768127441,
      "energy_decay": 0.3004434108734131,
      "phase_sync": 0.1449761539697647,
      "energy_decay_before": 0.3004434108734131,
      "energy_decay_repaired": false,
      "energy_decay_bounds": [
        0.3,
        0.95
      ]
    },
    "final_atoms_before_validation": 58,
    "stream": true,
    "bytes_seen": 696804
  },
  "validation": {
    "transitions": 256,
    "loss": 0.9511630621022578,
    "total_perplexity": 2.588718749768369,
    "byte_loss": 0.9511630621022578,
    "byte_perplexity": 2.588718749768369,
    "source": "stream_ring"
  },
  "checkpoint": "checkpoints/byte_tick/atom_native_step_1128000_d32_ms1M.pt",
  "reload": {
    "n_atoms": 0,
    "field_norm": 51.48830795288086,
    "time": 88.0003890991211,
    "finite": true
  },
  "generation": {
    "The future of AI is": {
      "temperature": 0.8,
      "top_k": 5,
      "max_length": 20,
      "bytes_hex": "506575742d617563",
      "text": "Peut-auc",
      "reload_text": "Peut-auc",
      "reload_match": true
    },
    "Bonjour, je m'appelle": {
      "temperature": 0.8,
      "top_k": 5,
      "max_length": 20,
      "bytes_hex": "506575742d617563",
      "text": "Peut-auc",
      "reload_text": "Peut-auc",
      "reload_match": true
    },
    "Valkyria Chronicles III is": {
      "temperature": 0.8,
      "top_k": 5,
      "max_length": 20,
      "bytes_hex": "506575742d617563",
      "text": "Peut-auc",
      "reload_text": "Peut-auc",
      "reload_match": true
    }
  }
}
