train lock acquired: /home/user/atom-ai/checkpoints/atom-ai-train.lock (pid=2206)
stream skip: advancing 528000 packet transitions...
stream skip done: packets_seen=565793
resumed weights from checkpoints/byte_tick/atom_native_step_528000_d32.pt (recorded step=528000, legacy_surface_migrated=False, span_head_migrated=False)
atomizer pack_mode=linguistic max_span_bytes=1
dynamics on load: energy_decay=0.30015984177589417 -> 0.30015984177589417 (repaired=False, bounds=(0.3, 0.95))
MERGE gates: enable=False coherence_thr=0.450 energy_floor=0.080
field_obligatory_hard=ON hard-v2+ (mix_floor=1.0, freeze bypass, logits=frozen+cap*(α_MLP+payload_prod))
payload_copy=False (train-time copy-bias branch)
last_atom_readout=True (byte-tick 2-gram + dentate)
efference_every=10 (0=off)
optimizer groups: field/other lr=5e-05 (13 tensors), surface lr=0.00012 (25 tensors); energy_decay_bounds=(0.3, 0.95); field_max_rms=3.0
stream mode: 1 shard(s), chunk_bytes=65536, loop_shards=True, stream_buffer=2048, stream_prefetch=True
optimizer restore skipped: surface LR param groups differ from checkpoint
step=0528001 (run 1/8000) loss=0.02602 byte_ppl=1.026 atoms=1 merges=0 field=0.0475 rms=0.0018 scale=1.0000 fcos=nan ign=0.0000 prn=nan nxp=0.000 mph=0.000 bytes=565793 pkts=565793 shard=0
step=0528025 (run 25/8000) loss=0.00020 byte_ppl=1.000 atoms=27 merges=0 field=0.5690 rms=0.0178 scale=1.0000 fcos=nan ign=0.0000 prn=nan nxp=0.000 mph=0.000 bytes=565793 pkts=565793 shard=0
step=0528050 (run 50/8000) loss=0.00660 byte_ppl=1.007 atoms=55 merges=0 field=0.9710 rms=0.0304 scale=1.0000 fcos=nan ign=0.0000 prn=nan nxp=0.000 mph=0.000 bytes=565793 pkts=565793 shard=0
step=0528075 (run 75/8000) loss=0.01598 byte_ppl=1.016 atoms=12 merges=0 field=1.3081 rms=0.0409 scale=1.0000 fcos=nan ign=0.0000 prn=nan nxp=0.000 mph=0.000 bytes=565793 pkts=565793 shard=0
step=0528100 (run 100/8000) loss=0.03355 byte_ppl=1.034 atoms=40 merges=0 field=1.6682 rms=0.0521 scale=1.0000 fcos=nan ign=0.0000 prn=nan nxp=0.000 mph=0.000 bytes=565793 pkts=565793 shard=0
step=0528125 (run 125/8000) loss=5.62673 byte_ppl=277.753 atoms=67 merges=0 field=1.8797 rms=0.0587 scale=1.0000 fcos=nan ign=0.0000 prn=nan nxp=0.000 mph=0.000 bytes=565793 pkts=565793 shard=0
step=0528150 (run 150/8000) loss=2.72776 byte_ppl=15.299 atoms=25 merges=0 field=2.1035 rms=0.0657 scale=1.0000 fcos=nan ign=0.0000 prn=nan nxp=0.000 mph=0.000 bytes=565793 pkts=565793 shard=0
step=0528175 (run 175/8000) loss=0.39723 byte_ppl=1.488 atoms=52 merges=0 field=2.3821 rms=0.0744 scale=1.0000 fcos=nan ign=0.0000 prn=nan nxp=0.000 mph=0.000 bytes=565793 pkts=565793 shard=0
step=0528200 (run 200/8000) loss=8.12350 byte_ppl=3372.811 atoms=9 merges=0 field=2.5499 rms=0.0797 scale=1.0000 fcos=nan ign=0.0000 prn=nan nxp=0.000 mph=0.000 bytes=565793 pkts=565793 shard=0
step=0528225 (run 225/8000) loss=0.30492 byte_ppl=1.357 atoms=36 merges=0 field=2.7741 rms=0.0867 scale=1.0000 fcos=nan ign=0.0000 prn=nan nxp=0.000 mph=0.000 bytes=565793 pkts=565793 shard=0
step=0528250 (run 250/8000) loss=0.59500 byte_ppl=1.813 atoms=64 merges=0 field=2.9216 rms=0.0913 scale=1.0000 fcos=nan ign=0.0000 prn=nan nxp=0.000 mph=0.000 bytes=565793 pkts=565793 shard=0
step=0528275 (run 275/8000) loss=0.27257 byte_ppl=1.313 atoms=21 merges=0 field=3.0982 rms=0.0968 scale=1.0000 fcos=nan ign=0.0000 prn=nan nxp=0.000 mph=0.000 bytes=565793 pkts=565793 shard=0
step=0528300 (run 300/8000) loss=0.00231 byte_ppl=1.002 atoms=49 merges=0 field=3.3192 rms=0.1037 scale=1.0000 fcos=nan ign=0.0000 prn=nan nxp=0.000 mph=0.000 bytes=565793 pkts=565793 shard=0
step=0528325 (run 325/8000) loss=0.00322 byte_ppl=1.003 atoms=5 merges=0 field=3.4806 rms=0.1088 scale=1.0000 fcos=nan ign=0.0000 prn=nan nxp=0.000 mph=0.000 bytes=565793 pkts=565793 shard=0
step=0528350 (run 350/8000) loss=0.02228 byte_ppl=1.023 atoms=33 merges=0 field=3.6826 rms=0.1151 scale=1.0000 fcos=nan ign=0.0000 prn=nan nxp=0.000 mph=0.000 bytes=565793 pkts=565793 shard=0
step=0528375 (run 375/8000) loss=0.00581 byte_ppl=1.006 atoms=60 merges=0 field=3.8126 rms=0.1191 scale=1.0000 fcos=nan ign=0.0000 prn=nan nxp=0.000 mph=0.000 bytes=565793 pkts=565793 shard=0
step=0528400 (run 400/8000) loss=0.00799 byte_ppl=1.008 atoms=18 merges=0 field=4.0098 rms=0.1253 scale=1.0000 fcos=nan ign=0.0000 prn=nan nxp=0.000 mph=0.000 bytes=565793 pkts=565793 shard=0
step=0528425 (run 425/8000) loss=0.00125 byte_ppl=1.001 atoms=45 merges=0 field=4.0990 rms=0.1281 scale=1.0000 fcos=nan ign=0.0000 prn=nan nxp=0.000 mph=0.000 bytes=565793 pkts=565793 shard=0
step=0528450 (run 450/8000) loss=7.30432 byte_ppl=1486.712 atoms=3 merges=0 field=4.2435 rms=0.1326 scale=1.0000 fcos=nan ign=0.0000 prn=nan nxp=0.000 mph=0.000 bytes=565793 pkts=565793 shard=0
step=0528475 (run 475/8000) loss=0.00206 byte_ppl=1.002 atoms=30 merges=0 field=4.3809 rms=0.1369 scale=1.0000 fcos=nan ign=0.0000 prn=nan nxp=0.000 mph=0.000 bytes=565793 pkts=565793 shard=0
step=0528500 (run 500/8000) loss=1.04668 byte_ppl=2.848 atoms=58 merges=0 field=4.5434 rms=0.1420 scale=1.0000 fcos=nan ign=0.0000 prn=nan nxp=0.000 mph=0.000 bytes=565793 pkts=565793 shard=0
step=0528525 (run 525/8000) loss=0.00003 byte_ppl=1.000 atoms=14 merges=0 field=4.7197 rms=0.1475 scale=1.0000 fcos=nan ign=0.0000 prn=nan nxp=0.000 mph=0.000 bytes=565793 pkts=565793 shard=0
step=0528550 (run 550/8000) loss=11.89606 byte_ppl=146687.535 atoms=42 merges=0 field=4.9157 rms=0.1536 scale=1.0000 fcos=nan ign=0.0000 prn=nan nxp=0.000 mph=0.000 bytes=565793 pkts=565793 shard=0
step=0528575 (run 575/8000) loss=0.00145 byte_ppl=1.001 atoms=69 merges=0 field=5.0477 rms=0.1577 scale=1.0000 fcos=nan ign=0.0000 prn=nan nxp=0.000 mph=0.000 bytes=565793 pkts=565793 shard=0
step=0528600 (run 600/8000) loss=3.05679 byte_ppl=21.259 atoms=27 merges=0 field=5.1861 rms=0.1621 scale=1.0000 fcos=nan ign=0.0000 prn=nan nxp=0.000 mph=0.000 bytes=565793 pkts=565793 shard=0
step=0528625 (run 625/8000) loss=0.00285 byte_ppl=1.003 atoms=54 merges=0 field=5.3373 rms=0.1668 scale=1.0000 fcos=nan ign=0.0000 prn=nan nxp=0.000 mph=0.000 bytes=565793 pkts=565793 shard=0
step=0528650 (run 650/8000) loss=9.94579 byte_ppl=20864.165 atoms=11 merges=0 field=5.3723 rms=0.1679 scale=1.0000 fcos=nan ign=0.0000 prn=nan nxp=0.000 mph=0.000 bytes=565793 pkts=565793 shard=0
step=0528675 (run 675/8000) loss=3.73674 byte_ppl=41.961 atoms=38 merges=0 field=5.4881 rms=0.1715 scale=1.0000 fcos=nan ign=0.0000 prn=nan nxp=0.000 mph=0.000 bytes=565793 pkts=565793 shard=0
step=0528700 (run 700/8000) loss=0.00221 byte_ppl=1.002 atoms=66 merges=0 field=5.5661 rms=0.1739 scale=1.0000 fcos=nan ign=0.0000 prn=nan nxp=0.000 mph=0.000 bytes=565793 pkts=565793 shard=0
step=0528725 (run 725/8000) loss=0.24185 byte_ppl=1.274 atoms=23 merges=0 field=5.7225 rms=0.1788 scale=1.0000 fcos=nan ign=0.0000 prn=nan nxp=0.000 mph=0.000 bytes=565793 pkts=565793 shard=0
step=0528750 (run 750/8000) loss=6.37240 byte_ppl=585.464 atoms=51 merges=0 field=5.7925 rms=0.1810 scale=1.0000 fcos=nan ign=0.0000 prn=nan nxp=0.000 mph=0.000 bytes=565793 pkts=565793 shard=0
step=0528775 (run 775/8000) loss=2.90981 byte_ppl=18.353 atoms=8 merges=0 field=5.8828 rms=0.1838 scale=1.0000 fcos=nan ign=0.0000 prn=nan nxp=0.000 mph=0.000 bytes=565793 pkts=565793 shard=0
step=0528800 (run 800/8000) loss=2.81991 byte_ppl=16.775 atoms=36 merges=0 field=5.9271 rms=0.1852 scale=1.0000 fcos=nan ign=0.0000 prn=nan nxp=0.000 mph=0.000 bytes=565793 pkts=565793 shard=0
step=0528825 (run 825/8000) loss=0.00032 byte_ppl=1.000 atoms=63 merges=0 field=6.0916 rms=0.1904 scale=1.0000 fcos=nan ign=0.0000 prn=nan nxp=0.000 mph=0.000 bytes=565793 pkts=565793 shard=0
step=0528850 (run 850/8000) loss=8.80703 byte_ppl=6681.058 atoms=20 merges=0 field=6.2017 rms=0.1938 scale=1.0000 fcos=nan ign=0.0000 prn=nan nxp=0.000 mph=0.000 bytes=565793 pkts=565793 shard=0
step=0528875 (run 875/8000) loss=0.82497 byte_ppl=2.282 atoms=47 merges=0 field=6.2679 rms=0.1959 scale=1.0000 fcos=nan ign=0.0000 prn=nan nxp=0.000 mph=0.000 bytes=565793 pkts=565793 shard=0
step=0528900 (run 900/8000) loss=5.62879 byte_ppl=278.325 atoms=5 merges=0 field=6.3682 rms=0.1990 scale=1.0000 fcos=nan ign=0.0000 prn=nan nxp=0.000 mph=0.000 bytes=565793 pkts=565793 shard=0
step=0528925 (run 925/8000) loss=1.56114 byte_ppl=4.764 atoms=32 merges=0 field=6.3933 rms=0.1998 scale=1.0000 fcos=nan ign=0.0000 prn=nan nxp=0.000 mph=0.000 bytes=565793 pkts=565793 shard=0
step=0528950 (run 950/8000) loss=2.12584 byte_ppl=8.380 atoms=60 merges=0 field=6.4620 rms=0.2019 scale=1.0000 fcos=nan ign=0.0000 prn=nan nxp=0.000 mph=0.000 bytes=565793 pkts=565793 shard=0
step=0528975 (run 975/8000) loss=1.28926 byte_ppl=3.630 atoms=16 merges=0 field=6.5484 rms=0.2046 scale=1.0000 fcos=nan ign=0.0000 prn=nan nxp=0.000 mph=0.000 bytes=565793 pkts=565793 shard=0
step=0529000 (run 1000/8000) loss=12.01466 byte_ppl=165157.702 atoms=44 merges=0 field=6.6789 rms=0.2087 scale=1.0000 fcos=nan ign=0.0000 prn=nan nxp=0.000 mph=0.000 bytes=565793 pkts=565793 shard=0
step=0529025 (run 1025/8000) loss=0.01157 byte_ppl=1.012 atoms=1 merges=0 field=6.6472 rms=0.2077 scale=1.0000 fcos=nan ign=0.0000 prn=nan nxp=0.000 mph=0.000 bytes=565793 pkts=565793 shard=0
step=0529050 (run 1050/8000) loss=8.76781 byte_ppl=6424.081 atoms=29 merges=0 field=6.6856 rms=0.2089 scale=1.0000 fcos=nan ign=0.0000 prn=nan nxp=0.000 mph=0.000 bytes=565793 pkts=565793 shard=0
step=0529075 (run 1075/8000) loss=0.00101 byte_ppl=1.001 atoms=56 merges=0 field=6.7347 rms=0.2105 scale=1.0000 fcos=nan ign=0.0000 prn=nan nxp=0.000 mph=0.000 bytes=565793 pkts=565793 shard=0
step=0529100 (run 1100/8000) loss=0.00044 byte_ppl=1.000 atoms=14 merges=0 field=6.7783 rms=0.2118 scale=1.0000 fcos=nan ign=0.0000 prn=nan nxp=0.000 mph=0.000 bytes=565793 pkts=565793 shard=0
step=0529125 (run 1125/8000) loss=0.07469 byte_ppl=1.078 atoms=41 merges=0 field=6.8287 rms=0.2134 scale=1.0000 fcos=nan ign=0.0000 prn=nan nxp=0.000 mph=0.000 bytes=565793 pkts=565793 shard=0
step=0529150 (run 1150/8000) loss=4.44750 byte_ppl=85.413 atoms=69 merges=0 field=6.8377 rms=0.2137 scale=1.0000 fcos=nan ign=0.0000 prn=nan nxp=0.000 mph=0.000 bytes=565793 pkts=565793 shard=0
step=0529175 (run 1175/8000) loss=3.61183 byte_ppl=37.034 atoms=25 merges=0 field=6.8322 rms=0.2135 scale=1.0000 fcos=nan ign=0.0000 prn=nan nxp=0.000 mph=0.000 bytes=565793 pkts=565793 shard=0
step=0529200 (run 1200/8000) loss=3.79848 byte_ppl=44.633 atoms=53 merges=0 field=6.8621 rms=0.2144 scale=1.0000 fcos=nan ign=0.0000 prn=nan nxp=0.000 mph=0.000 bytes=565793 pkts=565793 shard=0
step=0529225 (run 1225/8000) loss=2.21040 byte_ppl=9.119 atoms=10 merges=0 field=6.9221 rms=0.2163 scale=1.0000 fcos=nan ign=0.0000 prn=nan nxp=0.000 mph=0.000 bytes=565793 pkts=565793 shard=0
step=0529250 (run 1250/8000) loss=2.15746 byte_ppl=8.649 atoms=38 merges=0 field=6.9946 rms=0.2186 scale=1.0000 fcos=nan ign=0.0000 prn=nan nxp=0.000 mph=0.000 bytes=565793 pkts=565793 shard=0
step=0529275 (run 1275/8000) loss=0.00364 byte_ppl=1.004 atoms=65 merges=0 field=7.0374 rms=0.2199 scale=1.0000 fcos=nan ign=0.0000 prn=nan nxp=0.000 mph=0.000 bytes=565793 pkts=565793 shard=0
step=0529300 (run 1300/8000) loss=2.06234 byte_ppl=7.864 atoms=22 merges=0 field=7.0405 rms=0.2200 scale=1.0000 fcos=nan ign=0.0000 prn=nan nxp=0.000 mph=0.000 bytes=565793 pkts=565793 shard=0
step=0529325 (run 1325/8000) loss=0.05717 byte_ppl=1.059 atoms=49 merges=0 field=7.0876 rms=0.2215 scale=1.0000 fcos=nan ign=0.0000 prn=nan nxp=0.000 mph=0.000 bytes=565793 pkts=565793 shard=0
step=0529350 (run 1350/8000) loss=8.69675 byte_ppl=5983.444 atoms=7 merges=0 field=7.1811 rms=0.2244 scale=1.0000 fcos=nan ign=0.0000 prn=nan nxp=0.000 mph=0.000 bytes=565793 pkts=565793 shard=0
step=0529375 (run 1375/8000) loss=0.00196 byte_ppl=1.002 atoms=34 merges=0 field=7.2174 rms=0.2255 scale=1.0000 fcos=nan ign=0.0000 prn=nan nxp=0.000 mph=0.000 bytes=565793 pkts=565793 shard=0
step=0529400 (run 1400/8000) loss=0.65041 byte_ppl=1.916 atoms=62 merges=0 field=7.2800 rms=0.2275 scale=1.0000 fcos=nan ign=0.0000 prn=nan nxp=0.000 mph=0.000 bytes=565793 pkts=565793 shard=0
step=0529425 (run 1425/8000) loss=4.40933 byte_ppl=82.214 atoms=19 merges=0 field=7.3000 rms=0.2281 scale=1.0000 fcos=nan ign=0.0000 prn=nan nxp=0.000 mph=0.000 bytes=565793 pkts=565793 shard=0
step=0529450 (run 1450/8000) loss=8.71814 byte_ppl=6112.779 atoms=47 merges=0 field=7.3348 rms=0.2292 scale=1.0000 fcos=nan ign=0.0000 prn=nan nxp=0.000 mph=0.000 bytes=565793 pkts=565793 shard=0
step=0529475 (run 1475/8000) loss=0.00134 byte_ppl=1.001 atoms=3 merges=0 field=7.4228 rms=0.2320 scale=1.0000 fcos=nan ign=0.0000 prn=nan nxp=0.000 mph=0.000 bytes=565793 pkts=565793 shard=0
step=0529500 (run 1500/8000) loss=1.13848 byte_ppl=3.122 atoms=31 merges=0 field=7.4171 rms=0.2318 scale=1.0000 fcos=nan ign=0.0000 prn=nan nxp=0.000 mph=0.000 bytes=565793 pkts=565793 shard=0
step=0529525 (run 1525/8000) loss=2.68059 byte_ppl=14.594 atoms=58 merges=0 field=7.4675 rms=0.2334 scale=1.0000 fcos=nan ign=0.0000 prn=nan nxp=0.000 mph=0.000 bytes=565793 pkts=565793 shard=0
step=0529550 (run 1550/8000) loss=5.71464 byte_ppl=303.276 atoms=16 merges=0 field=7.5364 rms=0.2355 scale=1.0000 fcos=nan ign=0.0000 prn=nan nxp=0.000 mph=0.000 bytes=565793 pkts=565793 shard=0
step=0529575 (run 1575/8000) loss=0.34300 byte_ppl=1.409 atoms=43 merges=0 field=7.6107 rms=0.2378 scale=1.0000 fcos=nan ign=0.0000 prn=nan nxp=0.000 mph=0.000 bytes=565793 pkts=565793 shard=0
step=0529600 (run 1600/8000) loss=7.94097 byte_ppl=2810.087 atoms=71 merges=0 field=7.6209 rms=0.2382 scale=1.0000 fcos=nan ign=0.0000 prn=nan nxp=0.000 mph=0.000 bytes=565793 pkts=565793 shard=0
step=0529625 (run 1625/8000) loss=4.83921 byte_ppl=126.370 atoms=27 merges=0 field=7.6429 rms=0.2388 scale=1.0000 fcos=nan ign=0.0000 prn=nan nxp=0.000 mph=0.000 bytes=565793 pkts=565793 shard=0
step=0529650 (run 1650/8000) loss=7.80495 byte_ppl=2452.723 atoms=55 merges=0 field=7.6005 rms=0.2375 scale=1.0000 fcos=nan ign=0.0000 prn=nan nxp=0.000 mph=0.000 bytes=565793 pkts=565793 shard=0
step=0529675 (run 1675/8000) loss=0.04464 byte_ppl=1.046 atoms=12 merges=0 field=7.6485 rms=0.2390 scale=1.0000 fcos=nan ign=0.0000 prn=nan nxp=0.000 mph=0.000 bytes=565793 pkts=565793 shard=0
step=0529700 (run 1700/8000) loss=0.35315 byte_ppl=1.424 atoms=40 merges=0 field=7.6312 rms=0.2385 scale=1.0000 fcos=nan ign=0.0000 prn=nan nxp=0.000 mph=0.000 bytes=565793 pkts=565793 shard=0
step=0529725 (run 1725/8000) loss=0.97972 byte_ppl=2.664 atoms=67 merges=0 field=7.6496 rms=0.2391 scale=1.0000 fcos=nan ign=0.0000 prn=nan nxp=0.000 mph=0.000 bytes=565793 pkts=565793 shard=0
step=0529750 (run 1750/8000) loss=0.64475 byte_ppl=1.906 atoms=25 merges=0 field=7.6850 rms=0.2402 scale=1.0000 fcos=nan ign=0.0000 prn=nan nxp=0.000 mph=0.000 bytes=565793 pkts=565793 shard=0
step=0529775 (run 1775/8000) loss=0.00020 byte_ppl=1.000 atoms=52 merges=0 field=7.6729 rms=0.2398 scale=1.0000 fcos=nan ign=0.0000 prn=nan nxp=0.000 mph=0.000 bytes=565793 pkts=565793 shard=0
step=0529800 (run 1800/8000) loss=6.15162 byte_ppl=469.475 atoms=9 merges=0 field=7.7006 rms=0.2406 scale=1.0000 fcos=nan ign=0.0000 prn=nan nxp=0.000 mph=0.000 bytes=565793 pkts=565793 shard=0
step=0529825 (run 1825/8000) loss=0.06681 byte_ppl=1.069 atoms=36 merges=0 field=7.6988 rms=0.2406 scale=1.0000 fcos=nan ign=0.0000 prn=nan nxp=0.000 mph=0.000 bytes=565793 pkts=565793 shard=0
step=0529850 (run 1850/8000) loss=6.86857 byte_ppl=961.572 atoms=64 merges=0 field=7.7313 rms=0.2416 scale=1.0000 fcos=nan ign=0.0000 prn=nan nxp=0.000 mph=0.000 bytes=565793 pkts=565793 shard=0
step=0529875 (run 1875/8000) loss=0.00121 byte_ppl=1.001 atoms=21 merges=0 field=7.6478 rms=0.2390 scale=1.0000 fcos=nan ign=0.0000 prn=nan nxp=0.000 mph=0.000 bytes=565793 pkts=565793 shard=0
step=0529900 (run 1900/8000) loss=9.06981 byte_ppl=8689.005 atoms=49 merges=0 field=7.6289 rms=0.2384 scale=1.0000 fcos=nan ign=0.0000 prn=nan nxp=0.000 mph=0.000 bytes=565793 pkts=565793 shard=0
step=0529925 (run 1925/8000) loss=0.00066 byte_ppl=1.001 atoms=5 merges=0 field=7.6656 rms=0.2396 scale=1.0000 fcos=nan ign=0.0000 prn=nan nxp=0.000 mph=0.000 bytes=565793 pkts=565793 shard=0
step=0529950 (run 1950/8000) loss=0.19943 byte_ppl=1.221 atoms=33 merges=0 field=7.6967 rms=0.2405 scale=1.0000 fcos=nan ign=0.0000 prn=nan nxp=0.000 mph=0.000 bytes=565793 pkts=565793 shard=0
step=0529975 (run 1975/8000) loss=0.00296 byte_ppl=1.003 atoms=60 merges=0 field=7.6982 rms=0.2406 scale=1.0000 fcos=nan ign=0.0000 prn=nan nxp=0.000 mph=0.000 bytes=565793 pkts=565793 shard=0
step=0530000 (run 2000/8000) loss=6.54130 byte_ppl=693.188 atoms=18 merges=0 field=7.7309 rms=0.2416 scale=1.0000 fcos=nan ign=0.0000 prn=nan nxp=0.000 mph=0.000 bytes=565793 pkts=565793 shard=0
step=0530025 (run 2025/8000) loss=0.00069 byte_ppl=1.001 atoms=45 merges=0 field=7.6957 rms=0.2405 scale=1.0000 fcos=nan ign=0.0000 prn=nan nxp=0.000 mph=0.000 bytes=565793 pkts=565793 shard=0
step=0530050 (run 2050/8000) loss=2.32423 byte_ppl=10.219 atoms=3 merges=0 field=7.7532 rms=0.2423 scale=1.0000 fcos=nan ign=0.0000 prn=nan nxp=0.000 mph=0.000 bytes=565793 pkts=565793 shard=0
step=0530075 (run 2075/8000) loss=6.98831 byte_ppl=1083.890 atoms=30 merges=0 field=7.7885 rms=0.2434 scale=1.0000 fcos=nan ign=0.0000 prn=nan nxp=0.000 mph=0.000 bytes=565793 pkts=565793 shard=0
step=0530100 (run 2100/8000) loss=6.82612 byte_ppl=921.604 atoms=58 merges=0 field=7.7976 rms=0.2437 scale=1.0000 fcos=nan ign=0.0000 prn=nan nxp=0.000 mph=0.000 bytes=565793 pkts=565793 shard=0
step=0530125 (run 2125/8000) loss=0.00182 byte_ppl=1.002 atoms=14 merges=0 field=7.8519 rms=0.2454 scale=1.0000 fcos=nan ign=0.0000 prn=nan nxp=0.000 mph=0.000 bytes=565793 pkts=565793 shard=0
step=0530150 (run 2150/8000) loss=0.15589 byte_ppl=1.169 atoms=42 merges=0 field=7.8604 rms=0.2456 scale=1.0000 fcos=nan ign=0.0000 prn=nan nxp=0.000 mph=0.000 bytes=565793 pkts=565793 shard=0
step=0530175 (run 2175/8000) loss=0.00633 byte_ppl=1.006 atoms=69 merges=0 field=7.8878 rms=0.2465 scale=1.0000 fcos=nan ign=0.0000 prn=nan nxp=0.000 mph=0.000 bytes=565793 pkts=565793 shard=0
step=0530200 (run 2200/8000) loss=8.71240 byte_ppl=6077.791 atoms=27 merges=0 field=7.9087 rms=0.2471 scale=1.0000 fcos=nan ign=0.0000 prn=nan nxp=0.000 mph=0.000 bytes=565793 pkts=565793 shard=0
step=0530225 (run 2225/8000) loss=0.00091 byte_ppl=1.001 atoms=54 merges=0 field=7.9133 rms=0.2473 scale=1.0000 fcos=nan ign=0.0000 prn=nan nxp=0.000 mph=0.000 bytes=565793 pkts=565793 shard=0
step=0530250 (run 2250/8000) loss=9.16866 byte_ppl=9591.728 atoms=11 merges=0 field=7.8976 rms=0.2468 scale=1.0000 fcos=nan ign=0.0000 prn=nan nxp=0.000 mph=0.000 bytes=565793 pkts=565793 shard=0
step=0530275 (run 2275/8000) loss=0.00401 byte_ppl=1.004 atoms=38 merges=0 field=7.9341 rms=0.2479 scale=1.0000 fcos=nan ign=0.0000 prn=nan nxp=0.000 mph=0.000 bytes=565793 pkts=565793 shard=0
step=0530300 (run 2300/8000) loss=19.45571 byte_ppl=281519243.773 atoms=66 merges=0 field=7.9795 rms=0.2494 scale=1.0000 fcos=nan ign=0.0000 prn=nan nxp=0.000 mph=0.000 bytes=565793 pkts=565793 shard=0
step=0530325 (run 2325/8000) loss=8.88269 byte_ppl=7206.125 atoms=23 merges=0 field=7.9649 rms=0.2489 scale=1.0000 fcos=nan ign=0.0000 prn=nan nxp=0.000 mph=0.000 bytes=565793 pkts=565793 shard=0
step=0530350 (run 2350/8000) loss=10.54276 byte_ppl=37902.028 atoms=51 merges=0 field=7.9471 rms=0.2484 scale=1.0000 fcos=nan ign=0.0000 prn=nan nxp=0.000 mph=0.000 bytes=565793 pkts=565793 shard=0
step=0530375 (run 2375/8000) loss=0.07855 byte_ppl=1.082 atoms=8 merges=0 field=7.9457 rms=0.2483 scale=1.0000 fcos=nan ign=0.0000 prn=nan nxp=0.000 mph=0.000 bytes=565793 pkts=565793 shard=0
step=0530400 (run 2400/8000) loss=0.08178 byte_ppl=1.085 atoms=36 merges=0 field=7.9777 rms=0.2493 scale=1.0000 fcos=nan ign=0.0000 prn=nan nxp=0.000 mph=0.000 bytes=565793 pkts=565793 shard=0
step=0530425 (run 2425/8000) loss=1.01623 byte_ppl=2.763 atoms=63 merges=0 field=8.0002 rms=0.2500 scale=1.0000 fcos=nan ign=0.0000 prn=nan nxp=0.000 mph=0.000 bytes=565793 pkts=565793 shard=0
step=0530450 (run 2450/8000) loss=6.48646 byte_ppl=656.195 atoms=20 merges=0 field=8.0237 rms=0.2507 scale=1.0000 fcos=nan ign=0.0000 prn=nan nxp=0.000 mph=0.000 bytes=565793 pkts=565793 shard=0
step=0530475 (run 2475/8000) loss=2.52427 byte_ppl=12.482 atoms=47 merges=0 field=8.0275 rms=0.2509 scale=1.0000 fcos=nan ign=0.0000 prn=nan nxp=0.000 mph=0.000 bytes=565793 pkts=565793 shard=0
step=0530500 (run 2500/8000) loss=0.99583 byte_ppl=2.707 atoms=5 merges=0 field=7.9806 rms=0.2494 scale=1.0000 fcos=nan ign=0.0000 prn=nan nxp=0.000 mph=0.000 bytes=565793 pkts=565793 shard=0
step=0530525 (run 2525/8000) loss=0.01651 byte_ppl=1.017 atoms=32 merges=0 field=7.9715 rms=0.2491 scale=1.0000 fcos=nan ign=0.0000 prn=nan nxp=0.000 mph=0.000 bytes=565793 pkts=565793 shard=0
step=0530550 (run 2550/8000) loss=7.13402 byte_ppl=1253.905 atoms=60 merges=0 field=7.9805 rms=0.2494 scale=1.0000 fcos=nan ign=0.0000 prn=nan nxp=0.000 mph=0.000 bytes=565793 pkts=565793 shard=0
step=0530575 (run 2575/8000) loss=1.32792 byte_ppl=3.773 atoms=16 merges=0 field=8.0313 rms=0.2510 scale=1.0000 fcos=nan ign=0.0000 prn=nan nxp=0.000 mph=0.000 bytes=565793 pkts=565793 shard=0
step=0530600 (run 2600/8000) loss=4.79426 byte_ppl=120.815 atoms=44 merges=0 field=8.0657 rms=0.2521 scale=1.0000 fcos=nan ign=0.0000 prn=nan nxp=0.000 mph=0.000 bytes=565793 pkts=565793 shard=0
step=0530625 (run 2625/8000) loss=3.08536 byte_ppl=21.875 atoms=1 merges=0 field=8.0929 rms=0.2529 scale=1.0000 fcos=nan ign=0.0000 prn=nan nxp=0.000 mph=0.000 bytes=565793 pkts=565793 shard=0
step=0530650 (run 2650/8000) loss=5.18138 byte_ppl=177.928 atoms=29 merges=0 field=8.1001 rms=0.2531 scale=1.0000 fcos=nan ign=0.0000 prn=nan nxp=0.000 mph=0.000 bytes=565793 pkts=565793 shard=0
step=0530675 (run 2675/8000) loss=0.00282 byte_ppl=1.003 atoms=56 merges=0 field=8.1023 rms=0.2532 scale=1.0000 fcos=nan ign=0.0000 prn=nan nxp=0.000 mph=0.000 bytes=565793 pkts=565793 shard=0
step=0530700 (run 2700/8000) loss=11.85227 byte_ppl=140403.253 atoms=14 merges=0 field=8.0312 rms=0.2510 scale=1.0000 fcos=nan ign=0.0000 prn=nan nxp=0.000 mph=0.000 bytes=565793 pkts=565793 shard=0
step=0530725 (run 2725/8000) loss=0.00044 byte_ppl=1.000 atoms=41 merges=0 field=8.0264 rms=0.2508 scale=1.0000 fcos=nan ign=0.0000 prn=nan nxp=0.000 mph=0.000 bytes=565793 pkts=565793 shard=0
step=0530750 (run 2750/8000) loss=4.86409 byte_ppl=129.552 atoms=69 merges=0 field=7.9704 rms=0.2491 scale=1.0000 fcos=nan ign=0.0000 prn=nan nxp=0.000 mph=0.000 bytes=565793 pkts=565793 shard=0
step=0530775 (run 2775/8000) loss=0.04405 byte_ppl=1.045 atoms=25 merges=0 field=8.0426 rms=0.2513 scale=1.0000 fcos=nan ign=0.0000 prn=nan nxp=0.000 mph=0.000 bytes=565793 pkts=565793 shard=0
step=0530800 (run 2800/8000) loss=0.27372 byte_ppl=1.315 atoms=53 merges=0 field=8.0158 rms=0.2505 scale=1.0000 fcos=nan ign=0.0000 prn=nan nxp=0.000 mph=0.000 bytes=565793 pkts=565793 shard=0
step=0530825 (run 2825/8000) loss=0.00250 byte_ppl=1.003 atoms=10 merges=0 field=8.0463 rms=0.2514 scale=1.0000 fcos=nan ign=0.0000 prn=nan nxp=0.000 mph=0.000 bytes=565793 pkts=565793 shard=0
step=0530850 (run 2850/8000) loss=0.90213 byte_ppl=2.465 atoms=38 merges=0 field=8.1123 rms=0.2535 scale=1.0000 fcos=nan ign=0.0000 prn=nan nxp=0.000 mph=0.000 bytes=565793 pkts=565793 shard=0
step=0530875 (run 2875/8000) loss=0.01141 byte_ppl=1.011 atoms=65 merges=0 field=8.0872 rms=0.2527 scale=1.0000 fcos=nan ign=0.0000 prn=nan nxp=0.000 mph=0.000 bytes=565793 pkts=565793 shard=0
step=0530900 (run 2900/8000) loss=3.61926 byte_ppl=37.310 atoms=22 merges=0 field=8.0975 rms=0.2530 scale=1.0000 fcos=nan ign=0.0000 prn=nan nxp=0.000 mph=0.000 bytes=565793 pkts=565793 shard=0
step=0530925 (run 2925/8000) loss=6.87680 byte_ppl=969.524 atoms=49 merges=0 field=8.1405 rms=0.2544 scale=1.0000 fcos=nan ign=0.0000 prn=nan nxp=0.000 mph=0.000 bytes=565793 pkts=565793 shard=0
step=0530950 (run 2950/8000) loss=4.34819 byte_ppl=77.338 atoms=7 merges=0 field=8.1571 rms=0.2549 scale=1.0000 fcos=nan ign=0.0000 prn=nan nxp=0.000 mph=0.000 bytes=565793 pkts=565793 shard=0
step=0530975 (run 2975/8000) loss=0.01375 byte_ppl=1.014 atoms=34 merges=0 field=8.1420 rms=0.2544 scale=1.0000 fcos=nan ign=0.0000 prn=nan nxp=0.000 mph=0.000 bytes=565793 pkts=565793 shard=0
step=0531000 (run 3000/8000) loss=4.73020 byte_ppl=113.319 atoms=62 merges=0 field=8.1471 rms=0.2546 scale=1.0000 fcos=nan ign=0.0000 prn=nan nxp=0.000 mph=0.000 bytes=565793 pkts=565793 shard=0
step=0531025 (run 3025/8000) loss=0.01345 byte_ppl=1.014 atoms=19 merges=0 field=8.1436 rms=0.2545 scale=1.0000 fcos=nan ign=0.0000 prn=nan nxp=0.000 mph=0.000 bytes=565793 pkts=565793 shard=0
step=0531050 (run 3050/8000) loss=1.07115 byte_ppl=2.919 atoms=47 merges=0 field=8.1536 rms=0.2548 scale=1.0000 fcos=nan ign=0.0000 prn=nan nxp=0.000 mph=0.000 bytes=565793 pkts=565793 shard=0
step=0531075 (run 3075/8000) loss=0.00013 byte_ppl=1.000 atoms=3 merges=0 field=8.1361 rms=0.2543 scale=1.0000 fcos=nan ign=0.0000 prn=nan nxp=0.000 mph=0.000 bytes=565793 pkts=565793 shard=0
step=0531100 (run 3100/8000) loss=6.75222 byte_ppl=855.955 atoms=31 merges=0 field=8.1476 rms=0.2546 scale=1.0000 fcos=nan ign=0.0000 prn=nan nxp=0.000 mph=0.000 bytes=565793 pkts=565793 shard=0
step=0531125 (run 3125/8000) loss=0.00090 byte_ppl=1.001 atoms=58 merges=0 field=8.1255 rms=0.2539 scale=1.0000 fcos=nan ign=0.0000 prn=nan nxp=0.000 mph=0.000 bytes=565793 pkts=565793 shard=0
step=0531150 (run 3150/8000) loss=0.00115 byte_ppl=1.001 atoms=16 merges=0 field=8.1907 rms=0.2560 scale=1.0000 fcos=nan ign=0.0000 prn=nan nxp=0.000 mph=0.000 bytes=565793 pkts=565793 shard=0
step=0531175 (run 3175/8000) loss=5.19716 byte_ppl=180.757 atoms=43 merges=0 field=8.2168 rms=0.2568 scale=1.0000 fcos=nan ign=0.0000 prn=nan nxp=0.000 mph=0.000 bytes=565793 pkts=565793 shard=0
step=0531200 (run 3200/8000) loss=0.00212 byte_ppl=1.002 atoms=71 merges=0 field=8.2344 rms=0.2573 scale=1.0000 fcos=nan ign=0.0000 prn=nan nxp=0.000 mph=0.000 bytes=565793 pkts=565793 shard=0
step=0531225 (run 3225/8000) loss=2.13060 byte_ppl=8.420 atoms=27 merges=0 field=8.2629 rms=0.2582 scale=1.0000 fcos=nan ign=0.0000 prn=nan nxp=0.000 mph=0.000 bytes=565793 pkts=565793 shard=0
step=0531250 (run 3250/8000) loss=18.29266 byte_ppl=87983827.243 atoms=55 merges=0 field=8.2737 rms=0.2586 scale=1.0000 fcos=nan ign=0.0000 prn=nan nxp=0.000 mph=0.000 bytes=565793 pkts=565793 shard=0
step=0531275 (run 3275/8000) loss=0.00066 byte_ppl=1.001 atoms=12 merges=0 field=8.2463 rms=0.2577 scale=1.0000 fcos=nan ign=0.0000 prn=nan nxp=0.000 mph=0.000 bytes=565793 pkts=565793 shard=0
step=0531300 (run 3300/8000) loss=2.15393 byte_ppl=8.619 atoms=40 merges=0 field=8.2005 rms=0.2563 scale=1.0000 fcos=nan ign=0.0000 prn=nan nxp=0.000 mph=0.000 bytes=565793 pkts=565793 shard=0
step=0531325 (run 3325/8000) loss=1.66610 byte_ppl=5.291 atoms=67 merges=0 field=8.2194 rms=0.2569 scale=1.0000 fcos=nan ign=0.0000 prn=nan nxp=0.000 mph=0.000 bytes=565793 pkts=565793 shard=0
step=0531350 (run 3350/8000) loss=5.08263 byte_ppl=161.197 atoms=25 merges=0 field=8.1780 rms=0.2556 scale=1.0000 fcos=nan ign=0.0000 prn=nan nxp=0.000 mph=0.000 bytes=565793 pkts=565793 shard=0
step=0531375 (run 3375/8000) loss=0.00181 byte_ppl=1.002 atoms=52 merges=0 field=8.2170 rms=0.2568 scale=1.0000 fcos=nan ign=0.0000 prn=nan nxp=0.000 mph=0.000 bytes=565793 pkts=565793 shard=0
step=0531400 (run 3400/8000) loss=0.01667 byte_ppl=1.017 atoms=9 merges=0 field=8.2628 rms=0.2582 scale=1.0000 fcos=nan ign=0.0000 prn=nan nxp=0.000 mph=0.000 bytes=565793 pkts=565793 shard=0
step=0531425 (run 3425/8000) loss=0.00026 byte_ppl=1.000 atoms=36 merges=0 field=8.2666 rms=0.2583 scale=1.0000 fcos=nan ign=0.0000 prn=nan nxp=0.000 mph=0.000 bytes=565793 pkts=565793 shard=0
step=0531450 (run 3450/8000) loss=1.81307 byte_ppl=6.129 atoms=64 merges=0 field=8.2645 rms=0.2583 scale=1.0000 fcos=nan ign=0.0000 prn=nan nxp=0.000 mph=0.000 bytes=565793 pkts=565793 shard=0
step=0531475 (run 3475/8000) loss=1.00619 byte_ppl=2.735 atoms=21 merges=0 field=8.2249 rms=0.2570 scale=1.0000 fcos=nan ign=0.0000 prn=nan nxp=0.000 mph=0.000 bytes=565793 pkts=565793 shard=0
step=0531500 (run 3500/8000) loss=16.59800 byte_ppl=16159253.044 atoms=49 merges=0 field=8.1916 rms=0.2560 scale=1.0000 fcos=nan ign=0.0000 prn=nan nxp=0.000 mph=0.000 bytes=565793 pkts=565793 shard=0
step=0531525 (run 3525/8000) loss=0.00133 byte_ppl=1.001 atoms=5 merges=0 field=8.1766 rms=0.2555 scale=1.0000 fcos=nan ign=0.0000 prn=nan nxp=0.000 mph=0.000 bytes=565793 pkts=565793 shard=0
step=0531550 (run 3550/8000) loss=4.52156 byte_ppl=91.979 atoms=33 merges=0 field=8.1740 rms=0.2554 scale=1.0000 fcos=nan ign=0.0000 prn=nan nxp=0.000 mph=0.000 bytes=565793 pkts=565793 shard=0
step=0531575 (run 3575/8000) loss=0.84012 byte_ppl=2.317 atoms=60 merges=0 field=8.2080 rms=0.2565 scale=1.0000 fcos=nan ign=0.0000 prn=nan nxp=0.000 mph=0.000 bytes=565793 pkts=565793 shard=0
step=0531600 (run 3600/8000) loss=2.07170 byte_ppl=7.938 atoms=18 merges=0 field=8.2522 rms=0.2579 scale=1.0000 fcos=nan ign=0.0000 prn=nan nxp=0.000 mph=0.000 bytes=565793 pkts=565793 shard=0
step=0531625 (run 3625/8000) loss=0.00345 byte_ppl=1.003 atoms=45 merges=0 field=8.2248 rms=0.2570 scale=1.0000 fcos=nan ign=0.0000 prn=nan nxp=0.000 mph=0.000 bytes=565793 pkts=565793 shard=0
step=0531650 (run 3650/8000) loss=2.14850 byte_ppl=8.572 atoms=3 merges=0 field=8.1858 rms=0.2558 scale=1.0000 fcos=nan ign=0.0000 prn=nan nxp=0.000 mph=0.000 bytes=565793 pkts=565793 shard=0
step=0531675 (run 3675/8000) loss=0.00122 byte_ppl=1.001 atoms=30 merges=0 field=8.2347 rms=0.2573 scale=1.0000 fcos=nan ign=0.0000 prn=nan nxp=0.000 mph=0.000 bytes=565793 pkts=565793 shard=0
step=0531700 (run 3700/8000) loss=13.59875 byte_ppl=805118.979 atoms=58 merges=0 field=8.2027 rms=0.2563 scale=1.0000 fcos=nan ign=0.0000 prn=nan nxp=0.000 mph=0.000 bytes=565793 pkts=565793 shard=0
step=0531725 (run 3725/8000) loss=0.01506 byte_ppl=1.015 atoms=14 merges=0 field=8.2002 rms=0.2563 scale=1.0000 fcos=nan ign=0.0000 prn=nan nxp=0.000 mph=0.000 bytes=565793 pkts=565793 shard=0
step=0531750 (run 3750/8000) loss=3.76495 byte_ppl=43.162 atoms=42 merges=0 field=8.2083 rms=0.2565 scale=1.0000 fcos=nan ign=0.0000 prn=nan nxp=0.000 mph=0.000 bytes=565793 pkts=565793 shard=0
step=0531775 (run 3775/8000) loss=0.05357 byte_ppl=1.055 atoms=69 merges=0 field=8.1734 rms=0.2554 scale=1.0000 fcos=nan ign=0.0000 prn=nan nxp=0.000 mph=0.000 bytes=565793 pkts=565793 shard=0
step=0531800 (run 3800/8000) loss=13.41567 byte_ppl=670424.639 atoms=27 merges=0 field=8.2036 rms=0.2564 scale=1.0000 fcos=nan ign=0.0000 prn=nan nxp=0.000 mph=0.000 bytes=565793 pkts=565793 shard=0
step=0531825 (run 3825/8000) loss=0.00212 byte_ppl=1.002 atoms=54 merges=0 field=8.2185 rms=0.2568 scale=1.0000 fcos=nan ign=0.0000 prn=nan nxp=0.000 mph=0.000 bytes=565793 pkts=565793 shard=0
step=0531850 (run 3850/8000) loss=0.44990 byte_ppl=1.568 atoms=11 merges=0 field=8.2076 rms=0.2565 scale=1.0000 fcos=nan ign=0.0000 prn=nan nxp=0.000 mph=0.000 bytes=565793 pkts=565793 shard=0
step=0531875 (run 3875/8000) loss=0.00805 byte_ppl=1.008 atoms=38 merges=0 field=8.2045 rms=0.2564 scale=1.0000 fcos=nan ign=0.0000 prn=nan nxp=0.000 mph=0.000 bytes=565793 pkts=565793 shard=0
step=0531900 (run 3900/8000) loss=0.00035 byte_ppl=1.000 atoms=66 merges=0 field=8.2314 rms=0.2572 scale=1.0000 fcos=nan ign=0.0000 prn=nan nxp=0.000 mph=0.000 bytes=565793 pkts=565793 shard=0
step=0531925 (run 3925/8000) loss=2.16871 byte_ppl=8.747 atoms=23 merges=0 field=8.2438 rms=0.2576 scale=1.0000 fcos=nan ign=0.0000 prn=nan nxp=0.000 mph=0.000 bytes=565793 pkts=565793 shard=0
step=0531950 (run 3950/8000) loss=2.89979 byte_ppl=18.170 atoms=51 merges=0 field=8.2317 rms=0.2572 scale=1.0000 fcos=nan ign=0.0000 prn=nan nxp=0.000 mph=0.000 bytes=565793 pkts=565793 shard=0
step=0531975 (run 3975/8000) loss=2.91573 byte_ppl=18.462 atoms=8 merges=0 field=8.2094 rms=0.2565 scale=1.0000 fcos=nan ign=0.0000 prn=nan nxp=0.000 mph=0.000 bytes=565793 pkts=565793 shard=0
step=0532000 (run 4000/8000) loss=4.88183 byte_ppl=131.872 atoms=36 merges=0 field=8.2315 rms=0.2572 scale=1.0000 fcos=nan ign=0.0000 prn=nan nxp=0.000 mph=0.000 bytes=565793 pkts=565793 shard=0
step=0532025 (run 4025/8000) loss=0.86171 byte_ppl=2.367 atoms=63 merges=0 field=8.1854 rms=0.2558 scale=1.0000 fcos=nan ign=0.0000 prn=nan nxp=0.000 mph=0.000 bytes=565793 pkts=565793 shard=0
step=0532050 (run 4050/8000) loss=4.79898 byte_ppl=121.386 atoms=20 merges=0 field=8.1836 rms=0.2557 scale=1.0000 fcos=nan ign=0.0000 prn=nan nxp=0.000 mph=0.000 bytes=565793 pkts=565793 shard=0
step=0532075 (run 4075/8000) loss=0.00078 byte_ppl=1.001 atoms=47 merges=0 field=8.1942 rms=0.2561 scale=1.0000 fcos=nan ign=0.0000 prn=nan nxp=0.000 mph=0.000 bytes=565793 pkts=565793 shard=0
step=0532100 (run 4100/8000) loss=8.17164 byte_ppl=3539.148 atoms=5 merges=0 field=8.1701 rms=0.2553 scale=1.0000 fcos=nan ign=0.0000 prn=nan nxp=0.000 mph=0.000 bytes=565793 pkts=565793 shard=0
step=0532125 (run 4125/8000) loss=1.57982 byte_ppl=4.854 atoms=32 merges=0 field=8.1809 rms=0.2557 scale=1.0000 fcos=nan ign=0.0000 prn=nan nxp=0.000 mph=0.000 bytes=565793 pkts=565793 shard=0
step=0532150 (run 4150/8000) loss=0.00712 byte_ppl=1.007 atoms=60 merges=0 field=8.2055 rms=0.2564 scale=1.0000 fcos=nan ign=0.0000 prn=nan nxp=0.000 mph=0.000 bytes=565793 pkts=565793 shard=0
step=0532175 (run 4175/8000) loss=7.90132 byte_ppl=2700.851 atoms=16 merges=0 field=8.2339 rms=0.2573 scale=1.0000 fcos=nan ign=0.0000 prn=nan nxp=0.000 mph=0.000 bytes=565793 pkts=565793 shard=0
step=0532200 (run 4200/8000) loss=2.21642 byte_ppl=9.174 atoms=44 merges=0 field=8.2490 rms=0.2578 scale=1.0000 fcos=nan ign=0.0000 prn=nan nxp=0.000 mph=0.000 bytes=565793 pkts=565793 shard=0
step=0532225 (run 4225/8000) loss=4.52130 byte_ppl=91.955 atoms=1 merges=0 field=8.2420 rms=0.2576 scale=1.0000 fcos=nan ign=0.0000 prn=nan nxp=0.000 mph=0.000 bytes=565793 pkts=565793 shard=0
step=0532250 (run 4250/8000) loss=9.83894 byte_ppl=18749.753 atoms=29 merges=0 field=8.2662 rms=0.2583 scale=1.0000 fcos=nan ign=0.0000 prn=nan nxp=0.000 mph=0.000 bytes=565793 pkts=565793 shard=0
step=0532275 (run 4275/8000) loss=0.38589 byte_ppl=1.471 atoms=56 merges=0 field=8.2674 rms=0.2584 scale=1.0000 fcos=nan ign=0.0000 prn=nan nxp=0.000 mph=0.000 bytes=565793 pkts=565793 shard=0
step=0532300 (run 4300/8000) loss=0.44108 byte_ppl=1.554 atoms=14 merges=0 field=8.3082 rms=0.2596 scale=1.0000 fcos=nan ign=0.0000 prn=nan nxp=0.000 mph=0.000 bytes=565793 pkts=565793 shard=0
step=0532325 (run 4325/8000) loss=0.00067 byte_ppl=1.001 atoms=41 merges=0 field=8.3444 rms=0.2608 scale=1.0000 fcos=nan ign=0.0000 prn=nan nxp=0.000 mph=0.000 bytes=565793 pkts=565793 shard=0
step=0532350 (run 4350/8000) loss=0.11146 byte_ppl=1.118 atoms=69 merges=0 field=8.3290 rms=0.2603 scale=1.0000 fcos=nan ign=0.0000 prn=nan nxp=0.000 mph=0.000 bytes=565793 pkts=565793 shard=0
step=0532375 (run 4375/8000) loss=0.07507 byte_ppl=1.078 atoms=25 merges=0 field=8.3327 rms=0.2604 scale=1.0000 fcos=nan ign=0.0000 prn=nan nxp=0.000 mph=0.000 bytes=565793 pkts=565793 shard=0
step=0532400 (run 4400/8000) loss=4.54907 byte_ppl=94.545 atoms=53 merges=0 field=8.3443 rms=0.2608 scale=1.0000 fcos=nan ign=0.0000 prn=nan nxp=0.000 mph=0.000 bytes=565793 pkts=565793 shard=0
step=0532425 (run 4425/8000) loss=3.59582 byte_ppl=36.446 atoms=10 merges=0 field=8.3623 rms=0.2613 scale=1.0000 fcos=nan ign=0.0000 prn=nan nxp=0.000 mph=0.000 bytes=565793 pkts=565793 shard=0
step=0532450 (run 4450/8000) loss=0.66158 byte_ppl=1.938 atoms=38 merges=0 field=8.3900 rms=0.2622 scale=1.0000 fcos=nan ign=0.0000 prn=nan nxp=0.000 mph=0.000 bytes=565793 pkts=565793 shard=0
step=0532475 (run 4475/8000) loss=4.17681 byte_ppl=65.158 atoms=65 merges=0 field=8.4060 rms=0.2627 scale=1.0000 fcos=nan ign=0.0000 prn=nan nxp=0.000 mph=0.000 bytes=565793 pkts=565793 shard=0
step=0532500 (run 4500/8000) loss=12.92106 byte_ppl=408831.227 atoms=22 merges=0 field=8.3870 rms=0.2621 scale=1.0000 fcos=nan ign=0.0000 prn=nan nxp=0.000 mph=0.000 bytes=565793 pkts=565793 shard=0
step=0532525 (run 4525/8000) loss=0.20885 byte_ppl=1.232 atoms=49 merges=0 field=8.3480 rms=0.2609 scale=1.0000 fcos=nan ign=0.0000 prn=nan nxp=0.000 mph=0.000 bytes=565793 pkts=565793 shard=0
step=0532550 (run 4550/8000) loss=3.13552 byte_ppl=23.001 atoms=7 merges=0 field=8.3600 rms=0.2613 scale=1.0000 fcos=nan ign=0.0000 prn=nan nxp=0.000 mph=0.000 bytes=565793 pkts=565793 shard=0
step=0532575 (run 4575/8000) loss=1.90596 byte_ppl=6.726 atoms=34 merges=0 field=8.3377 rms=0.2606 scale=1.0000 fcos=nan ign=0.0000 prn=nan nxp=0.000 mph=0.000 bytes=565793 pkts=565793 shard=0
step=0532600 (run 4600/8000) loss=0.66125 byte_ppl=1.937 atoms=62 merges=0 field=8.2934 rms=0.2592 scale=1.0000 fcos=nan ign=0.0000 prn=nan nxp=0.000 mph=0.000 bytes=565793 pkts=565793 shard=0
step=0532625 (run 4625/8000) loss=0.00450 byte_ppl=1.005 atoms=19 merges=0 field=8.2936 rms=0.2592 scale=1.0000 fcos=nan ign=0.0000 prn=nan nxp=0.000 mph=0.000 bytes=565793 pkts=565793 shard=0
step=0532650 (run 4650/8000) loss=7.58982 byte_ppl=1977.965 atoms=47 merges=0 field=8.3526 rms=0.2610 scale=1.0000 fcos=nan ign=0.0000 prn=nan nxp=0.000 mph=0.000 bytes=565793 pkts=565793 shard=0
step=0532675 (run 4675/8000) loss=0.00103 byte_ppl=1.001 atoms=3 merges=0 field=8.3475 rms=0.2609 scale=1.0000 fcos=nan ign=0.0000 prn=nan nxp=0.000 mph=0.000 bytes=565793 pkts=565793 shard=0
step=0532700 (run 4700/8000) loss=2.83257 byte_ppl=16.989 atoms=31 merges=0 field=8.3478 rms=0.2609 scale=1.0000 fcos=nan ign=0.0000 prn=nan nxp=0.000 mph=0.000 bytes=565793 pkts=565793 shard=0
step=0532725 (run 4725/8000) loss=6.92296 byte_ppl=1015.318 atoms=58 merges=0 field=8.3379 rms=0.2606 scale=1.0000 fcos=nan ign=0.0000 prn=nan nxp=0.000 mph=0.000 bytes=565793 pkts=565793 shard=0
step=0532750 (run 4750/8000) loss=10.38744 byte_ppl=32449.574 atoms=16 merges=0 field=8.3406 rms=0.2606 scale=1.0000 fcos=nan ign=0.0000 prn=nan nxp=0.000 mph=0.000 bytes=565793 pkts=565793 shard=0
step=0532775 (run 4775/8000) loss=0.00082 byte_ppl=1.001 atoms=43 merges=0 field=8.3429 rms=0.2607 scale=1.0000 fcos=nan ign=0.0000 prn=nan nxp=0.000 mph=0.000 bytes=565793 pkts=565793 shard=0
step=0532800 (run 4800/8000) loss=2.34410 byte_ppl=10.424 atoms=71 merges=0 field=8.3749 rms=0.2617 scale=1.0000 fcos=nan ign=0.0000 prn=nan nxp=0.000 mph=0.000 bytes=565793 pkts=565793 shard=0
step=0532825 (run 4825/8000) loss=2.52173 byte_ppl=12.450 atoms=27 merges=0 field=8.3633 rms=0.2614 scale=1.0000 fcos=nan ign=0.0000 prn=nan nxp=0.000 mph=0.000 bytes=565793 pkts=565793 shard=0
step=0532850 (run 4850/8000) loss=0.01150 byte_ppl=1.012 atoms=55 merges=0 field=8.3836 rms=0.2620 scale=1.0000 fcos=nan ign=0.0000 prn=nan nxp=0.000 mph=0.000 bytes=565793 pkts=565793 shard=0
step=0532875 (run 4875/8000) loss=0.00037 byte_ppl=1.000 atoms=12 merges=0 field=8.3680 rms=0.2615 scale=1.0000 fcos=nan ign=0.0000 prn=nan nxp=0.000 mph=0.000 bytes=565793 pkts=565793 shard=0
step=0532900 (run 4900/8000) loss=0.02401 byte_ppl=1.024 atoms=40 merges=0 field=8.3247 rms=0.2601 scale=1.0000 fcos=nan ign=0.0000 prn=nan nxp=0.000 mph=0.000 bytes=565793 pkts=565793 shard=0
step=0532925 (run 4925/8000) loss=0.56856 byte_ppl=1.766 atoms=67 merges=0 field=8.3531 rms=0.2610 scale=1.0000 fcos=nan ign=0.0000 prn=nan nxp=0.000 mph=0.000 bytes=565793 pkts=565793 shard=0
step=0532950 (run 4950/8000) loss=2.60861 byte_ppl=13.580 atoms=25 merges=0 field=8.4186 rms=0.2631 scale=1.0000 fcos=nan ign=0.0000 prn=nan nxp=0.000 mph=0.000 bytes=565793 pkts=565793 shard=0
step=0532975 (run 4975/8000) loss=0.01239 byte_ppl=1.012 atoms=52 merges=0 field=8.3615 rms=0.2613 scale=1.0000 fcos=nan ign=0.0000 prn=nan nxp=0.000 mph=0.000 bytes=565793 pkts=565793 shard=0
step=0533000 (run 5000/8000) loss=2.45403 byte_ppl=11.635 atoms=9 merges=0 field=8.3809 rms=0.2619 scale=1.0000 fcos=nan ign=0.0000 prn=nan nxp=0.000 mph=0.000 bytes=565793 pkts=565793 shard=0
step=0533025 (run 5025/8000) loss=0.00197 byte_ppl=1.002 atoms=36 merges=0 field=8.3821 rms=0.2619 scale=1.0000 fcos=nan ign=0.0000 prn=nan nxp=0.000 mph=0.000 bytes=565793 pkts=565793 shard=0
step=0533050 (run 5050/8000) loss=17.53424 byte_ppl=41211792.563 atoms=64 merges=0 field=8.3585 rms=0.2612 scale=1.0000 fcos=nan ign=0.0000 prn=nan nxp=0.000 mph=0.000 bytes=565793 pkts=565793 shard=0
step=0533075 (run 5075/8000) loss=0.05276 byte_ppl=1.054 atoms=21 merges=0 field=8.3512 rms=0.2610 scale=1.0000 fcos=nan ign=0.0000 prn=nan nxp=0.000 mph=0.000 bytes=565793 pkts=565793 shard=0
step=0533100 (run 5100/8000) loss=0.01679 byte_ppl=1.017 atoms=49 merges=0 field=8.3376 rms=0.2606 scale=1.0000 fcos=nan ign=0.0000 prn=nan nxp=0.000 mph=0.000 bytes=565793 pkts=565793 shard=0
step=0533125 (run 5125/8000) loss=1.00395 byte_ppl=2.729 atoms=5 merges=0 field=8.3241 rms=0.2601 scale=1.0000 fcos=nan ign=0.0000 prn=nan nxp=0.000 mph=0.000 bytes=565793 pkts=565793 shard=0
step=0533150 (run 5150/8000) loss=0.10958 byte_ppl=1.116 atoms=33 merges=0 field=8.3286 rms=0.2603 scale=1.0000 fcos=nan ign=0.0000 prn=nan nxp=0.000 mph=0.000 bytes=565793 pkts=565793 shard=0
step=0533175 (run 5175/8000) loss=2.33248 byte_ppl=10.303 atoms=60 merges=0 field=8.3422 rms=0.2607 scale=1.0000 fcos=nan ign=0.0000 prn=nan nxp=0.000 mph=0.000 bytes=565793 pkts=565793 shard=0
step=0533200 (run 5200/8000) loss=5.94498 byte_ppl=381.831 atoms=18 merges=0 field=8.3769 rms=0.2618 scale=1.0000 fcos=nan ign=0.0000 prn=nan nxp=0.000 mph=0.000 bytes=565793 pkts=565793 shard=0
step=0533225 (run 5225/8000) loss=4.19371 byte_ppl=66.268 atoms=45 merges=0 field=8.3508 rms=0.2610 scale=1.0000 fcos=nan ign=0.0000 prn=nan nxp=0.000 mph=0.000 bytes=565793 pkts=565793 shard=0
step=0533250 (run 5250/8000) loss=5.01498 byte_ppl=150.653 atoms=3 merges=0 field=8.2948 rms=0.2592 scale=1.0000 fcos=nan ign=0.0000 prn=nan nxp=0.000 mph=0.000 bytes=565793 pkts=565793 shard=0
step=0533275 (run 5275/8000) loss=1.48405 byte_ppl=4.411 atoms=30 merges=0 field=8.3323 rms=0.2604 scale=1.0000 fcos=nan ign=0.0000 prn=nan nxp=0.000 mph=0.000 bytes=565793 pkts=565793 shard=0
step=0533300 (run 5300/8000) loss=2.97742 byte_ppl=19.637 atoms=58 merges=0 field=8.2973 rms=0.2593 scale=1.0000 fcos=nan ign=0.0000 prn=nan nxp=0.000 mph=0.000 bytes=565793 pkts=565793 shard=0
step=0533325 (run 5325/8000) loss=0.01008 byte_ppl=1.010 atoms=14 merges=0 field=8.2828 rms=0.2588 scale=1.0000 fcos=nan ign=0.0000 prn=nan nxp=0.000 mph=0.000 bytes=565793 pkts=565793 shard=0
step=0533350 (run 5350/8000) loss=4.46575 byte_ppl=86.986 atoms=42 merges=0 field=8.2842 rms=0.2589 scale=1.0000 fcos=nan ign=0.0000 prn=nan nxp=0.000 mph=0.000 bytes=565793 pkts=565793 shard=0
step=0533375 (run 5375/8000) loss=0.04121 byte_ppl=1.042 atoms=69 merges=0 field=8.2191 rms=0.2568 scale=1.0000 fcos=nan ign=0.0000 prn=nan nxp=0.000 mph=0.000 bytes=565793 pkts=565793 shard=0
step=0533400 (run 5400/8000) loss=6.03301 byte_ppl=416.969 atoms=27 merges=0 field=8.2124 rms=0.2566 scale=1.0000 fcos=nan ign=0.0000 prn=nan nxp=0.000 mph=0.000 bytes=565793 pkts=565793 shard=0
step=0533425 (run 5425/8000) loss=3.37566 byte_ppl=29.243 atoms=54 merges=0 field=8.1872 rms=0.2559 scale=1.0000 fcos=nan ign=0.0000 prn=nan nxp=0.000 mph=0.000 bytes=565793 pkts=565793 shard=0
step=0533450 (run 5450/8000) loss=5.52444 byte_ppl=250.747 atoms=11 merges=0 field=8.1700 rms=0.2553 scale=1.0000 fcos=nan ign=0.0000 prn=nan nxp=0.000 mph=0.000 bytes=565793 pkts=565793 shard=0
step=0533475 (run 5475/8000) loss=0.00728 byte_ppl=1.007 atoms=38 merges=0 field=8.1787 rms=0.2556 scale=1.0000 fcos=nan ign=0.0000 prn=nan nxp=0.000 mph=0.000 bytes=565793 pkts=565793 shard=0
step=0533500 (run 5500/8000) loss=6.25626 byte_ppl=521.268 atoms=66 merges=0 field=8.1875 rms=0.2559 scale=1.0000 fcos=nan ign=0.0000 prn=nan nxp=0.000 mph=0.000 bytes=565793 pkts=565793 shard=0
step=0533525 (run 5525/8000) loss=0.00166 byte_ppl=1.002 atoms=23 merges=0 field=8.1785 rms=0.2556 scale=1.0000 fcos=nan ign=0.0000 prn=nan nxp=0.000 mph=0.000 bytes=565793 pkts=565793 shard=0
step=0533550 (run 5550/8000) loss=0.86092 byte_ppl=2.365 atoms=51 merges=0 field=8.1951 rms=0.2561 scale=1.0000 fcos=nan ign=0.0000 prn=nan nxp=0.000 mph=0.000 bytes=565793 pkts=565793 shard=0
step=0533575 (run 5575/8000) loss=0.00296 byte_ppl=1.003 atoms=8 merges=0 field=8.2390 rms=0.2575 scale=1.0000 fcos=nan ign=0.0000 prn=nan nxp=0.000 mph=0.000 bytes=565793 pkts=565793 shard=0
step=0533600 (run 5600/8000) loss=1.30400 byte_ppl=3.684 atoms=36 merges=0 field=8.1987 rms=0.2562 scale=1.0000 fcos=nan ign=0.0000 prn=nan nxp=0.000 mph=0.000 bytes=565793 pkts=565793 shard=0
step=0533625 (run 5625/8000) loss=0.12490 byte_ppl=1.133 atoms=63 merges=0 field=8.2118 rms=0.2566 scale=1.0000 fcos=nan ign=0.0000 prn=nan nxp=0.000 mph=0.000 bytes=565793 pkts=565793 shard=0
step=0533650 (run 5650/8000) loss=0.00821 byte_ppl=1.008 atoms=20 merges=0 field=8.2616 rms=0.2582 scale=1.0000 fcos=nan ign=0.0000 prn=nan nxp=0.000 mph=0.000 bytes=565793 pkts=565793 shard=0
step=0533675 (run 5675/8000) loss=0.02766 byte_ppl=1.028 atoms=47 merges=0 field=8.2716 rms=0.2585 scale=1.0000 fcos=nan ign=0.0000 prn=nan nxp=0.000 mph=0.000 bytes=565793 pkts=565793 shard=0
step=0533700 (run 5700/8000) loss=0.02942 byte_ppl=1.030 atoms=5 merges=0 field=8.2880 rms=0.2590 scale=1.0000 fcos=nan ign=0.0000 prn=nan nxp=0.000 mph=0.000 bytes=565793 pkts=565793 shard=0
step=0533725 (run 5725/8000) loss=0.01944 byte_ppl=1.020 atoms=32 merges=0 field=8.2346 rms=0.2573 scale=1.0000 fcos=nan ign=0.0000 prn=nan nxp=0.000 mph=0.000 bytes=565793 pkts=565793 shard=0
step=0533750 (run 5750/8000) loss=2.36336 byte_ppl=10.627 atoms=60 merges=0 field=8.2373 rms=0.2574 scale=1.0000 fcos=nan ign=0.0000 prn=nan nxp=0.000 mph=0.000 bytes=565793 pkts=565793 shard=0
step=0533775 (run 5775/8000) loss=0.00221 byte_ppl=1.002 atoms=16 merges=0 field=8.2847 rms=0.2589 scale=1.0000 fcos=nan ign=0.0000 prn=nan nxp=0.000 mph=0.000 bytes=565793 pkts=565793 shard=0
step=0533800 (run 5800/8000) loss=3.54569 byte_ppl=34.664 atoms=44 merges=0 field=8.2630 rms=0.2582 scale=1.0000 fcos=nan ign=0.0000 prn=nan nxp=0.000 mph=0.000 bytes=565793 pkts=565793 shard=0
step=0533825 (run 5825/8000) loss=0.08263 byte_ppl=1.086 atoms=1 merges=0 field=8.2239 rms=0.2570 scale=1.0000 fcos=nan ign=0.0000 prn=nan nxp=0.000 mph=0.000 bytes=565793 pkts=565793 shard=0
step=0533850 (run 5850/8000) loss=3.55055 byte_ppl=34.833 atoms=29 merges=0 field=8.2012 rms=0.2563 scale=1.0000 fcos=nan ign=0.0000 prn=nan nxp=0.000 mph=0.000 bytes=565793 pkts=565793 shard=0
step=0533875 (run 5875/8000) loss=0.00737 byte_ppl=1.007 atoms=56 merges=0 field=8.1901 rms=0.2559 scale=1.0000 fcos=nan ign=0.0000 prn=nan nxp=0.000 mph=0.000 bytes=565793 pkts=565793 shard=0
step=0533900 (run 5900/8000) loss=1.24571 byte_ppl=3.475 atoms=14 merges=0 field=8.2628 rms=0.2582 scale=1.0000 fcos=nan ign=0.0000 prn=nan nxp=0.000 mph=0.000 bytes=565793 pkts=565793 shard=0
step=0533925 (run 5925/8000) loss=0.24689 byte_ppl=1.280 atoms=41 merges=0 field=8.2310 rms=0.2572 scale=1.0000 fcos=nan ign=0.0000 prn=nan nxp=0.000 mph=0.000 bytes=565793 pkts=565793 shard=0
step=0533950 (run 5950/8000) loss=4.74014 byte_ppl=114.450 atoms=69 merges=0 field=8.1893 rms=0.2559 scale=1.0000 fcos=nan ign=0.0000 prn=nan nxp=0.000 mph=0.000 bytes=565793 pkts=565793 shard=0
step=0533975 (run 5975/8000) loss=0.00118 byte_ppl=1.001 atoms=25 merges=0 field=8.2306 rms=0.2572 scale=1.0000 fcos=nan ign=0.0000 prn=nan nxp=0.000 mph=0.000 bytes=565793 pkts=565793 shard=0
step=0534000 (run 6000/8000) loss=0.04130 byte_ppl=1.042 atoms=53 merges=0 field=8.1950 rms=0.2561 scale=1.0000 fcos=nan ign=0.0000 prn=nan nxp=0.000 mph=0.000 bytes=565793 pkts=565793 shard=0
step=0534025 (run 6025/8000) loss=0.03523 byte_ppl=1.036 atoms=10 merges=0 field=8.1793 rms=0.2556 scale=1.0000 fcos=nan ign=0.0000 prn=nan nxp=0.000 mph=0.000 bytes=565793 pkts=565793 shard=0
step=0534050 (run 6050/8000) loss=6.27147 byte_ppl=529.256 atoms=38 merges=0 field=8.2523 rms=0.2579 scale=1.0000 fcos=nan ign=0.0000 prn=nan nxp=0.000 mph=0.000 bytes=565793 pkts=565793 shard=0
step=0534075 (run 6075/8000) loss=4.75178 byte_ppl=115.790 atoms=65 merges=0 field=8.2116 rms=0.2566 scale=1.0000 fcos=nan ign=0.0000 prn=nan nxp=0.000 mph=0.000 bytes=565793 pkts=565793 shard=0
step=0534100 (run 6100/8000) loss=1.41609 byte_ppl=4.121 atoms=22 merges=0 field=8.2201 rms=0.2569 scale=1.0000 fcos=nan ign=0.0000 prn=nan nxp=0.000 mph=0.000 bytes=565793 pkts=565793 shard=0
step=0534125 (run 6125/8000) loss=0.00057 byte_ppl=1.001 atoms=49 merges=0 field=8.2613 rms=0.2582 scale=1.0000 fcos=nan ign=0.0000 prn=nan nxp=0.000 mph=0.000 bytes=565793 pkts=565793 shard=0
step=0534150 (run 6150/8000) loss=5.09332 byte_ppl=162.930 atoms=7 merges=0 field=8.2520 rms=0.2579 scale=1.0000 fcos=nan ign=0.0000 prn=nan nxp=0.000 mph=0.000 bytes=565793 pkts=565793 shard=0
step=0534175 (run 6175/8000) loss=0.00184 byte_ppl=1.002 atoms=34 merges=0 field=8.2422 rms=0.2576 scale=1.0000 fcos=nan ign=0.0000 prn=nan nxp=0.000 mph=0.000 bytes=565793 pkts=565793 shard=0
step=0534200 (run 6200/8000) loss=8.22928 byte_ppl=3749.117 atoms=62 merges=0 field=8.2304 rms=0.2572 scale=1.0000 fcos=nan ign=0.0000 prn=nan nxp=0.000 mph=0.000 bytes=565793 pkts=565793 shard=0
step=0534225 (run 6225/8000) loss=2.33227 byte_ppl=10.301 atoms=19 merges=0 field=8.1540 rms=0.2548 scale=1.0000 fcos=nan ign=0.0000 prn=nan nxp=0.000 mph=0.000 bytes=565793 pkts=565793 shard=0
step=0534250 (run 6250/8000) loss=9.21046 byte_ppl=10001.193 atoms=47 merges=0 field=8.1583 rms=0.2549 scale=1.0000 fcos=nan ign=0.0000 prn=nan nxp=0.000 mph=0.000 bytes=565793 pkts=565793 shard=0
step=0534275 (run 6275/8000) loss=0.01541 byte_ppl=1.016 atoms=3 merges=0 field=8.2003 rms=0.2563 scale=1.0000 fcos=nan ign=0.0000 prn=nan nxp=0.000 mph=0.000 bytes=565793 pkts=565793 shard=0
step=0534300 (run 6300/8000) loss=0.00028 byte_ppl=1.000 atoms=31 merges=0 field=8.1993 rms=0.2562 scale=1.0000 fcos=nan ign=0.0000 prn=nan nxp=0.000 mph=0.000 bytes=565793 pkts=565793 shard=0
step=0534325 (run 6325/8000) loss=5.73886 byte_ppl=310.709 atoms=58 merges=0 field=8.2486 rms=0.2578 scale=1.0000 fcos=nan ign=0.0000 prn=nan nxp=0.000 mph=0.000 bytes=565793 pkts=565793 shard=0
step=0534350 (run 6350/8000) loss=2.81837 byte_ppl=16.750 atoms=16 merges=0 field=8.1534 rms=0.2548 scale=1.0000 fcos=nan ign=0.0000 prn=nan nxp=0.000 mph=0.000 bytes=565793 pkts=565793 shard=0
step=0534375 (run 6375/8000) loss=0.01611 byte_ppl=1.016 atoms=43 merges=0 field=8.1012 rms=0.2532 scale=1.0000 fcos=nan ign=0.0000 prn=nan nxp=0.000 mph=0.000 bytes=565793 pkts=565793 shard=0
step=0534400 (run 6400/8000) loss=0.00367 byte_ppl=1.004 atoms=71 merges=0 field=8.1080 rms=0.2534 scale=1.0000 fcos=nan ign=0.0000 prn=nan nxp=0.000 mph=0.000 bytes=565793 pkts=565793 shard=0
step=0534425 (run 6425/8000) loss=1.06848 byte_ppl=2.911 atoms=27 merges=0 field=8.1407 rms=0.2544 scale=1.0000 fcos=nan ign=0.0000 prn=nan nxp=0.000 mph=0.000 bytes=565793 pkts=565793 shard=0
step=0534450 (run 6450/8000) loss=1.85171 byte_ppl=6.371 atoms=55 merges=0 field=8.1691 rms=0.2553 scale=1.0000 fcos=nan ign=0.0000 prn=nan nxp=0.000 mph=0.000 bytes=565793 pkts=565793 shard=0
step=0534475 (run 6475/8000) loss=0.20792 byte_ppl=1.231 atoms=12 merges=0 field=8.1897 rms=0.2559 scale=1.0000 fcos=nan ign=0.0000 prn=nan nxp=0.000 mph=0.000 bytes=565793 pkts=565793 shard=0
step=0534500 (run 6500/8000) loss=1.53133 byte_ppl=4.624 atoms=40 merges=0 field=8.1894 rms=0.2559 scale=1.0000 fcos=nan ign=0.0000 prn=nan nxp=0.000 mph=0.000 bytes=565793 pkts=565793 shard=0
step=0534525 (run 6525/8000) loss=0.01752 byte_ppl=1.018 atoms=67 merges=0 field=8.2159 rms=0.2567 scale=1.0000 fcos=nan ign=0.0000 prn=nan nxp=0.000 mph=0.000 bytes=565793 pkts=565793 shard=0
step=0534550 (run 6550/8000) loss=0.01465 byte_ppl=1.015 atoms=25 merges=0 field=8.2075 rms=0.2565 scale=1.0000 fcos=nan ign=0.0000 prn=nan nxp=0.000 mph=0.000 bytes=565793 pkts=565793 shard=0
step=0534575 (run 6575/8000) loss=2.10817 byte_ppl=8.233 atoms=52 merges=0 field=8.2179 rms=0.2568 scale=1.0000 fcos=nan ign=0.0000 prn=nan nxp=0.000 mph=0.000 bytes=565793 pkts=565793 shard=0
step=0534600 (run 6600/8000) loss=0.00015 byte_ppl=1.000 atoms=9 merges=0 field=8.2480 rms=0.2578 scale=1.0000 fcos=nan ign=0.0000 prn=nan nxp=0.000 mph=0.000 bytes=565793 pkts=565793 shard=0
step=0534625 (run 6625/8000) loss=0.00103 byte_ppl=1.001 atoms=36 merges=0 field=8.1949 rms=0.2561 scale=1.0000 fcos=nan ign=0.0000 prn=nan nxp=0.000 mph=0.000 bytes=565793 pkts=565793 shard=0
step=0534650 (run 6650/8000) loss=3.56795 byte_ppl=35.444 atoms=64 merges=0 field=8.1755 rms=0.2555 scale=1.0000 fcos=nan ign=0.0000 prn=nan nxp=0.000 mph=0.000 bytes=565793 pkts=565793 shard=0
step=0534675 (run 6675/8000) loss=0.19751 byte_ppl=1.218 atoms=21 merges=0 field=8.1795 rms=0.2556 scale=1.0000 fcos=nan ign=0.0000 prn=nan nxp=0.000 mph=0.000 bytes=565793 pkts=565793 shard=0
step=0534700 (run 6700/8000) loss=0.00006 byte_ppl=1.000 atoms=49 merges=0 field=8.1882 rms=0.2559 scale=1.0000 fcos=nan ign=0.0000 prn=nan nxp=0.000 mph=0.000 bytes=565793 pkts=565793 shard=0
step=0534725 (run 6725/8000) loss=0.00103 byte_ppl=1.001 atoms=5 merges=0 field=8.1548 rms=0.2548 scale=1.0000 fcos=nan ign=0.0000 prn=nan nxp=0.000 mph=0.000 bytes=565793 pkts=565793 shard=0
step=0534750 (run 6750/8000) loss=4.12654 byte_ppl=61.963 atoms=33 merges=0 field=8.1548 rms=0.2548 scale=1.0000 fcos=nan ign=0.0000 prn=nan nxp=0.000 mph=0.000 bytes=565793 pkts=565793 shard=0
step=0534775 (run 6775/8000) loss=0.00072 byte_ppl=1.001 atoms=60 merges=0 field=8.1871 rms=0.2558 scale=1.0000 fcos=nan ign=0.0000 prn=nan nxp=0.000 mph=0.000 bytes=565793 pkts=565793 shard=0
step=0534800 (run 6800/8000) loss=11.98366 byte_ppl=160116.794 atoms=18 merges=0 field=8.1906 rms=0.2560 scale=1.0000 fcos=nan ign=0.0000 prn=nan nxp=0.000 mph=0.000 bytes=565793 pkts=565793 shard=0
step=0534825 (run 6825/8000) loss=0.42873 byte_ppl=1.535 atoms=45 merges=0 field=8.1363 rms=0.2543 scale=1.0000 fcos=nan ign=0.0000 prn=nan nxp=0.000 mph=0.000 bytes=565793 pkts=565793 shard=0
step=0534850 (run 6850/8000) loss=0.10959 byte_ppl=1.116 atoms=3 merges=0 field=8.1243 rms=0.2539 scale=1.0000 fcos=nan ign=0.0000 prn=nan nxp=0.000 mph=0.000 bytes=565793 pkts=565793 shard=0
step=0534875 (run 6875/8000) loss=0.63493 byte_ppl=1.887 atoms=30 merges=0 field=8.1390 rms=0.2543 scale=1.0000 fcos=nan ign=0.0000 prn=nan nxp=0.000 mph=0.000 bytes=565793 pkts=565793 shard=0
step=0534900 (run 6900/8000) loss=6.59272 byte_ppl=729.765 atoms=58 merges=0 field=8.1609 rms=0.2550 scale=1.0000 fcos=nan ign=0.0000 prn=nan nxp=0.000 mph=0.000 bytes=565793 pkts=565793 shard=0
step=0534925 (run 6925/8000) loss=0.00036 byte_ppl=1.000 atoms=14 merges=0 field=8.2322 rms=0.2573 scale=1.0000 fcos=nan ign=0.0000 prn=nan nxp=0.000 mph=0.000 bytes=565793 pkts=565793 shard=0
step=0534950 (run 6950/8000) loss=0.47777 byte_ppl=1.612 atoms=42 merges=0 field=8.2149 rms=0.2567 scale=1.0000 fcos=nan ign=0.0000 prn=nan nxp=0.000 mph=0.000 bytes=565793 pkts=565793 shard=0
step=0534975 (run 6975/8000) loss=0.02445 byte_ppl=1.025 atoms=69 merges=0 field=8.2076 rms=0.2565 scale=1.0000 fcos=nan ign=0.0000 prn=nan nxp=0.000 mph=0.000 bytes=565793 pkts=565793 shard=0
step=0535000 (run 7000/8000) loss=6.84473 byte_ppl=938.921 atoms=27 merges=0 field=8.2018 rms=0.2563 scale=1.0000 fcos=nan ign=0.0000 prn=nan nxp=0.000 mph=0.000 bytes=565793 pkts=565793 shard=0
step=0535025 (run 7025/8000) loss=2.26493 byte_ppl=9.630 atoms=54 merges=0 field=8.1895 rms=0.2559 scale=1.0000 fcos=nan ign=0.0000 prn=nan nxp=0.000 mph=0.000 bytes=565793 pkts=565793 shard=0
step=0535050 (run 7050/8000) loss=0.26952 byte_ppl=1.309 atoms=11 merges=0 field=8.1757 rms=0.2555 scale=1.0000 fcos=nan ign=0.0000 prn=nan nxp=0.000 mph=0.000 bytes=565793 pkts=565793 shard=0
step=0535075 (run 7075/8000) loss=0.00166 byte_ppl=1.002 atoms=38 merges=0 field=8.1561 rms=0.2549 scale=1.0000 fcos=nan ign=0.0000 prn=nan nxp=0.000 mph=0.000 bytes=565793 pkts=565793 shard=0
step=0535100 (run 7100/8000) loss=13.99032 byte_ppl=1191020.618 atoms=66 merges=0 field=8.1737 rms=0.2554 scale=1.0000 fcos=nan ign=0.0000 prn=nan nxp=0.000 mph=0.000 bytes=565793 pkts=565793 shard=0
step=0535125 (run 7125/8000) loss=3.81304 byte_ppl=45.288 atoms=23 merges=0 field=8.1364 rms=0.2543 scale=1.0000 fcos=nan ign=0.0000 prn=nan nxp=0.000 mph=0.000 bytes=565793 pkts=565793 shard=0
step=0535150 (run 7150/8000) loss=4.98513 byte_ppl=146.222 atoms=51 merges=0 field=8.1708 rms=0.2553 scale=1.0000 fcos=nan ign=0.0000 prn=nan nxp=0.000 mph=0.000 bytes=565793 pkts=565793 shard=0
step=0535175 (run 7175/8000) loss=0.00310 byte_ppl=1.003 atoms=8 merges=0 field=8.2096 rms=0.2566 scale=1.0000 fcos=nan ign=0.0000 prn=nan nxp=0.000 mph=0.000 bytes=565793 pkts=565793 shard=0
step=0535200 (run 7200/8000) loss=6.25213 byte_ppl=519.117 atoms=36 merges=0 field=8.2643 rms=0.2583 scale=1.0000 fcos=nan ign=0.0000 prn=nan nxp=0.000 mph=0.000 bytes=565793 pkts=565793 shard=0
step=0535225 (run 7225/8000) loss=0.00049 byte_ppl=1.000 atoms=63 merges=0 field=8.2294 rms=0.2572 scale=1.0000 fcos=nan ign=0.0000 prn=nan nxp=0.000 mph=0.000 bytes=565793 pkts=565793 shard=0
step=0535250 (run 7250/8000) loss=0.12704 byte_ppl=1.135 atoms=20 merges=0 field=8.2208 rms=0.2569 scale=1.0000 fcos=nan ign=0.0000 prn=nan nxp=0.000 mph=0.000 bytes=565793 pkts=565793 shard=0
step=0535275 (run 7275/8000) loss=0.27014 byte_ppl=1.310 atoms=47 merges=0 field=8.1837 rms=0.2557 scale=1.0000 fcos=nan ign=0.0000 prn=nan nxp=0.000 mph=0.000 bytes=565793 pkts=565793 shard=0
step=0535300 (run 7300/8000) loss=4.72823 byte_ppl=113.096 atoms=5 merges=0 field=8.2146 rms=0.2567 scale=1.0000 fcos=nan ign=0.0000 prn=nan nxp=0.000 mph=0.000 bytes=565793 pkts=565793 shard=0
step=0535325 (run 7325/8000) loss=0.00030 byte_ppl=1.000 atoms=32 merges=0 field=8.2452 rms=0.2577 scale=1.0000 fcos=nan ign=0.0000 prn=nan nxp=0.000 mph=0.000 bytes=565793 pkts=565793 shard=0
step=0535350 (run 7350/8000) loss=4.14538 byte_ppl=63.141 atoms=60 merges=0 field=8.2393 rms=0.2575 scale=1.0000 fcos=nan ign=0.0000 prn=nan nxp=0.000 mph=0.000 bytes=565793 pkts=565793 shard=0
step=0535375 (run 7375/8000) loss=0.00038 byte_ppl=1.000 atoms=16 merges=0 field=8.1723 rms=0.2554 scale=1.0000 fcos=nan ign=0.0000 prn=nan nxp=0.000 mph=0.000 bytes=565793 pkts=565793 shard=0
step=0535400 (run 7400/8000) loss=0.01083 byte_ppl=1.011 atoms=44 merges=0 field=8.2066 rms=0.2565 scale=1.0000 fcos=nan ign=0.0000 prn=nan nxp=0.000 mph=0.000 bytes=565793 pkts=565793 shard=0
step=0535425 (run 7425/8000) loss=0.12168 byte_ppl=1.129 atoms=1 merges=0 field=8.2544 rms=0.2580 scale=1.0000 fcos=nan ign=0.0000 prn=nan nxp=0.000 mph=0.000 bytes=565793 pkts=565793 shard=0
step=0535450 (run 7450/8000) loss=4.96926 byte_ppl=143.920 atoms=29 merges=0 field=8.2464 rms=0.2577 scale=1.0000 fcos=nan ign=0.0000 prn=nan nxp=0.000 mph=0.000 bytes=565793 pkts=565793 shard=0
step=0535475 (run 7475/8000) loss=0.00086 byte_ppl=1.001 atoms=56 merges=0 field=8.2264 rms=0.2571 scale=1.0000 fcos=nan ign=0.0000 prn=nan nxp=0.000 mph=0.000 bytes=565793 pkts=565793 shard=0
step=0535500 (run 7500/8000) loss=0.59095 byte_ppl=1.806 atoms=14 merges=0 field=8.2163 rms=0.2568 scale=1.0000 fcos=nan ign=0.0000 prn=nan nxp=0.000 mph=0.000 bytes=565793 pkts=565793 shard=0
step=0535525 (run 7525/8000) loss=0.05423 byte_ppl=1.056 atoms=41 merges=0 field=8.1869 rms=0.2558 scale=1.0000 fcos=nan ign=0.0000 prn=nan nxp=0.000 mph=0.000 bytes=565793 pkts=565793 shard=0
step=0535550 (run 7550/8000) loss=0.31781 byte_ppl=1.374 atoms=69 merges=0 field=8.2036 rms=0.2564 scale=1.0000 fcos=nan ign=0.0000 prn=nan nxp=0.000 mph=0.000 bytes=565793 pkts=565793 shard=0
step=0535575 (run 7575/8000) loss=0.00128 byte_ppl=1.001 atoms=25 merges=0 field=8.2663 rms=0.2583 scale=1.0000 fcos=nan ign=0.0000 prn=nan nxp=0.000 mph=0.000 bytes=565793 pkts=565793 shard=0
step=0535600 (run 7600/8000) loss=9.20113 byte_ppl=9908.337 atoms=53 merges=0 field=8.2246 rms=0.2570 scale=1.0000 fcos=nan ign=0.0000 prn=nan nxp=0.000 mph=0.000 bytes=565793 pkts=565793 shard=0
step=0535625 (run 7625/8000) loss=0.02585 byte_ppl=1.026 atoms=10 merges=0 field=8.2187 rms=0.2568 scale=1.0000 fcos=nan ign=0.0000 prn=nan nxp=0.000 mph=0.000 bytes=565793 pkts=565793 shard=0
step=0535650 (run 7650/8000) loss=2.82812 byte_ppl=16.914 atoms=38 merges=0 field=8.1922 rms=0.2560 scale=1.0000 fcos=nan ign=0.0000 prn=nan nxp=0.000 mph=0.000 bytes=565793 pkts=565793 shard=0
step=0535675 (run 7675/8000) loss=0.00198 byte_ppl=1.002 atoms=65 merges=0 field=8.2012 rms=0.2563 scale=1.0000 fcos=nan ign=0.0000 prn=nan nxp=0.000 mph=0.000 bytes=565793 pkts=565793 shard=0
step=0535700 (run 7700/8000) loss=7.46768 byte_ppl=1750.547 atoms=22 merges=0 field=8.1988 rms=0.2562 scale=1.0000 fcos=nan ign=0.0000 prn=nan nxp=0.000 mph=0.000 bytes=565793 pkts=565793 shard=0
step=0535725 (run 7725/8000) loss=0.00096 byte_ppl=1.001 atoms=49 merges=0 field=8.1338 rms=0.2542 scale=1.0000 fcos=nan ign=0.0000 prn=nan nxp=0.000 mph=0.000 bytes=565793 pkts=565793 shard=0
step=0535750 (run 7750/8000) loss=0.03457 byte_ppl=1.035 atoms=7 merges=0 field=8.1887 rms=0.2559 scale=1.0000 fcos=nan ign=0.0000 prn=nan nxp=0.000 mph=0.000 bytes=565793 pkts=565793 shard=0
step=0535775 (run 7775/8000) loss=0.00041 byte_ppl=1.000 atoms=34 merges=0 field=8.2112 rms=0.2566 scale=1.0000 fcos=nan ign=0.0000 prn=nan nxp=0.000 mph=0.000 bytes=565793 pkts=565793 shard=0
step=0535800 (run 7800/8000) loss=6.11421 byte_ppl=452.237 atoms=62 merges=0 field=8.1819 rms=0.2557 scale=1.0000 fcos=nan ign=0.0000 prn=nan nxp=0.000 mph=0.000 bytes=565793 pkts=565793 shard=0
step=0535825 (run 7825/8000) loss=0.00019 byte_ppl=1.000 atoms=19 merges=0 field=8.1926 rms=0.2560 scale=1.0000 fcos=nan ign=0.0000 prn=nan nxp=0.000 mph=0.000 bytes=565793 pkts=565793 shard=0
step=0535850 (run 7850/8000) loss=5.01323 byte_ppl=150.389 atoms=47 merges=0 field=8.1717 rms=0.2554 scale=1.0000 fcos=nan ign=0.0000 prn=nan nxp=0.000 mph=0.000 bytes=565793 pkts=565793 shard=0
step=0535875 (run 7875/8000) loss=0.04256 byte_ppl=1.043 atoms=3 merges=0 field=8.1609 rms=0.2550 scale=1.0000 fcos=nan ign=0.0000 prn=nan nxp=0.000 mph=0.000 bytes=565793 pkts=565793 shard=0
step=0535900 (run 7900/8000) loss=0.27806 byte_ppl=1.321 atoms=31 merges=0 field=8.1756 rms=0.2555 scale=1.0000 fcos=nan ign=0.0000 prn=nan nxp=0.000 mph=0.000 bytes=565793 pkts=565793 shard=0
step=0535925 (run 7925/8000) loss=0.00658 byte_ppl=1.007 atoms=58 merges=0 field=8.1699 rms=0.2553 scale=1.0000 fcos=nan ign=0.0000 prn=nan nxp=0.000 mph=0.000 bytes=565793 pkts=565793 shard=0
step=0535950 (run 7950/8000) loss=0.46591 byte_ppl=1.593 atoms=16 merges=0 field=8.1876 rms=0.2559 scale=1.0000 fcos=nan ign=0.0000 prn=nan nxp=0.000 mph=0.000 bytes=565793 pkts=565793 shard=0
step=0535975 (run 7975/8000) loss=0.14923 byte_ppl=1.161 atoms=43 merges=0 field=8.1691 rms=0.2553 scale=1.0000 fcos=nan ign=0.0000 prn=nan nxp=0.000 mph=0.000 bytes=565793 pkts=565793 shard=0
step=0536000 (run 8000/8000) loss=0.88010 byte_ppl=2.411 atoms=71 merges=0 field=8.1629 rms=0.2551 scale=1.0000 fcos=nan ign=0.0000 prn=nan nxp=0.000 mph=0.000 bytes=565793 pkts=565793 shard=0
{
  "stream": true,
  "data_path": "data/corpus_fr_medium_s21.txt",
  "data_glob": null,
  "shard_paths": [
    "/home/user/atom-ai/data/corpus_fr_medium_s21.txt"
  ],
  "data_bytes": 500257,
  "data_characters": null,
  "atomizer_version": "atomizer-v1-byte-span",
  "feature_dim": 320,
  "packet_count": null,
  "train_packet_count": null,
  "validation_packet_count": 2048,
  "mean_packet_bytes": null,
  "max_packet_bytes": null,
  "min_packet_bytes": null,
  "bytes_seen": 565793,
  "config": {
    "d_model": 32,
    "n_modes": 32,
    "n_atoms_max": 64,
    "max_span_bytes": 1,
    "episode_length": 8000,
    "episode_reset": true,
    "atom_flush_every": 64,
    "learning_rate": 5e-05,
    "surface_learning_rate": 0.00012,
    "steps": 8000,
    "start_step": 528000,
    "seed": 20260913,
    "surface_alphabet": 256,
    "field_max_rms": 3.0,
    "energy_decay_bounds": [
      0.3,
      0.95
    ],
    "stream": true,
    "chunk_bytes": 65536,
    "loop_shards": true,
    "stream_buffer": 2048,
    "stream_prefetch": true,
    "stream_skip_packets": 528000,
    "last_atom_readout": true,
    "efference_every": 10,
    "enable_merge": false,
    "payload_copy": false,
    "merge_coherence_threshold": 0.45,
    "merge_energy_floor": 0.08,
    "field_loss_weight": 0.05,
    "field_contrast_weight": 0.0,
    "field_ignorance_weight": 0.08,
    "field_ignorance_ablate_shared": false,
    "field_ignorance_prompt_bank": false,
    "field_obligatory_readout": true,
    "field_obligatory_hard": true,
    "printable_aux_weight": 0.0,
    "field_next_packet_weight": 0.0,
    "slow_every": 1
  },
  "packets_seen": 565793,
  "stream_epoch": 1,
  "train": {
    "steps": 8000,
    "efference_every": 10,
    "efference_steps": 800,
    "start_step": 528000,
    "total_steps": 536000,
    "episode_length": 8000,
    "episode_reset": true,
    "atom_flush_every": 64,
    "elapsed_seconds": 124.40045776599982,
    "transitions_per_second": 64.30844503038878,
    "first_loss": 0.02602057158946991,
    "final_loss": 0.8801016211509705,
    "final_total_perplexity": 2.411144717269182,
    "finite_losses": true,
    "finite_parameters": true,
    "nan_or_inf": false,
    "field_rms_before_max": 0.2634360194206238,
    "field_rms_after_max": 0.2634360194206238,
    "field_scale_min": 1.0,
    "field_norm_max": 8.429891586303711,
    "field_limited_steps": 0,
    "field_limited_fraction": 0.0,
    "final_dynamics": {
      "coupling_scale": 1.1163913011550903,
      "energy_decay": 0.3006078004837036,
      "phase_sync": 0.2623199224472046,
      "energy_decay_before": 0.3006078004837036,
      "energy_decay_repaired": false,
      "energy_decay_bounds": [
        0.3,
        0.95
      ]
    },
    "final_atoms_before_validation": 59,
    "stream": true,
    "bytes_seen": 565793
  },
  "validation": {
    "transitions": 256,
    "loss": 1.0102417942308222,
    "total_perplexity": 2.746264965768983,
    "byte_loss": 1.0102417942308222,
    "byte_perplexity": 2.746264965768983,
    "source": "stream_ring"
  },
  "checkpoint": "checkpoints/byte_tick/atom_native_step_536000_d32.pt",
  "reload": {
    "n_atoms": 0,
    "field_norm": 8.162923812866211,
    "time": 88.0003890991211,
    "finite": true
  },
  "generation": {
    "The future of AI is": {
      "temperature": 0.8,
      "top_k": 5,
      "max_length": 20,
      "bytes_hex": "4f75692c20202020",
      "text": "Oui,    ",
      "reload_text": "Oui,    ",
      "reload_match": true
    },
    "Bonjour, je m'appelle": {
      "temperature": 0.8,
      "top_k": 5,
      "max_length": 20,
      "bytes_hex": "44272727276f6e6e",
      "text": "D''''onn",
      "reload_text": "D''''onn",
      "reload_match": true
    },
    "Valkyria Chronicles III is": {
      "temperature": 0.8,
      "top_k": 5,
      "max_length": 20,
      "bytes_hex": "4f75692c20202020",
      "text": "Oui,    ",
      "reload_text": "Oui,    ",
      "reload_match": true
    }
  }
}
