train lock acquired: /home/user/atom-ai/checkpoints/atom-ai-train.lock (pid=1472)
stream skip: advancing 120000 packet transitions...
stream skip done: packets_seen=131072
resumed weights from checkpoints/byte_tick/atom_native_step_616000_d32_ms1M.pt (recorded step=616000, legacy_surface_migrated=False, span_head_migrated=False)
atomizer pack_mode=linguistic max_span_bytes=1
dynamics on load: energy_decay=0.3001602590084076 -> 0.3001602590084076 (repaired=False, bounds=(0.3, 0.95))
MERGE gates: enable=False coherence_thr=0.450 energy_floor=0.080
field_obligatory_hard=ON hard-v2+ (mix_floor=1.0, freeze bypass, logits=frozen+cap*(α_MLP+payload_prod))
payload_copy=False (train-time copy-bias branch)
last_atom_readout=True (byte-tick 2-gram + dentate)
efference_every=10 (0=off)
optimizer groups: field/other lr=5e-05 (13 tensors), surface lr=0.00012 (25 tensors); energy_decay_bounds=(0.3, 0.95); field_max_rms=3.0
stream mode: 2 shard(s), chunk_bytes=65536, loop_shards=True, stream_buffer=2048, stream_prefetch=True
optimizer restore skipped: surface LR param groups differ from checkpoint
step=0616001 (run 1/8000) loss=0.00741 byte_ppl=1.007 atoms=1 merges=0 field=0.0470 rms=0.0018 scale=1.0000 fcos=nan ign=0.0000 prn=nan nxp=0.000 mph=0.000 bytes=131072 pkts=131072 shard=0
step=0616025 (run 25/8000) loss=1.24537 byte_ppl=3.474 atoms=27 merges=0 field=0.6256 rms=0.0196 scale=1.0000 fcos=nan ign=0.0000 prn=nan nxp=0.000 mph=0.000 bytes=131072 pkts=131072 shard=0
step=0616050 (run 50/8000) loss=0.33581 byte_ppl=1.399 atoms=55 merges=0 field=1.1038 rms=0.0345 scale=1.0000 fcos=nan ign=0.0000 prn=nan nxp=0.000 mph=0.000 bytes=131072 pkts=131072 shard=0
step=0616075 (run 75/8000) loss=4.16063 byte_ppl=64.112 atoms=12 merges=0 field=1.4322 rms=0.0448 scale=1.0000 fcos=nan ign=0.0000 prn=nan nxp=0.000 mph=0.000 bytes=131072 pkts=131072 shard=0
step=0616100 (run 100/8000) loss=0.00531 byte_ppl=1.005 atoms=40 merges=0 field=1.7554 rms=0.0549 scale=1.0000 fcos=nan ign=0.0000 prn=nan nxp=0.000 mph=0.000 bytes=131072 pkts=131072 shard=0
step=0616125 (run 125/8000) loss=0.00163 byte_ppl=1.002 atoms=67 merges=0 field=2.0421 rms=0.0638 scale=1.0000 fcos=nan ign=0.0000 prn=nan nxp=0.000 mph=0.000 bytes=131072 pkts=131072 shard=0
step=0616150 (run 150/8000) loss=3.37036 byte_ppl=29.089 atoms=25 merges=0 field=2.3142 rms=0.0723 scale=1.0000 fcos=nan ign=0.0000 prn=nan nxp=0.000 mph=0.000 bytes=131072 pkts=131072 shard=0
step=0616175 (run 175/8000) loss=6.09491 byte_ppl=443.594 atoms=52 merges=0 field=2.5843 rms=0.0808 scale=1.0000 fcos=nan ign=0.0000 prn=nan nxp=0.000 mph=0.000 bytes=131072 pkts=131072 shard=0
step=0616200 (run 200/8000) loss=6.40476 byte_ppl=604.717 atoms=9 merges=0 field=2.8386 rms=0.0887 scale=1.0000 fcos=nan ign=0.0000 prn=nan nxp=0.000 mph=0.000 bytes=131072 pkts=131072 shard=0
step=0616225 (run 225/8000) loss=0.00079 byte_ppl=1.001 atoms=36 merges=0 field=3.0935 rms=0.0967 scale=1.0000 fcos=nan ign=0.0000 prn=nan nxp=0.000 mph=0.000 bytes=131072 pkts=131072 shard=0
step=0616250 (run 250/8000) loss=0.09369 byte_ppl=1.098 atoms=64 merges=0 field=3.3145 rms=0.1036 scale=1.0000 fcos=nan ign=0.0000 prn=nan nxp=0.000 mph=0.000 bytes=131072 pkts=131072 shard=0
step=0616275 (run 275/8000) loss=0.07231 byte_ppl=1.075 atoms=21 merges=0 field=3.5311 rms=0.1104 scale=1.0000 fcos=nan ign=0.0000 prn=nan nxp=0.000 mph=0.000 bytes=131072 pkts=131072 shard=0
step=0616300 (run 300/8000) loss=0.00009 byte_ppl=1.000 atoms=49 merges=0 field=3.7346 rms=0.1167 scale=1.0000 fcos=nan ign=0.0000 prn=nan nxp=0.000 mph=0.000 bytes=131072 pkts=131072 shard=0
step=0616325 (run 325/8000) loss=0.00132 byte_ppl=1.001 atoms=5 merges=0 field=3.8958 rms=0.1217 scale=1.0000 fcos=nan ign=0.0000 prn=nan nxp=0.000 mph=0.000 bytes=131072 pkts=131072 shard=0
step=0616350 (run 350/8000) loss=8.64442 byte_ppl=5678.371 atoms=33 merges=0 field=4.0932 rms=0.1279 scale=1.0000 fcos=nan ign=0.0000 prn=nan nxp=0.000 mph=0.000 bytes=131072 pkts=131072 shard=0
step=0616375 (run 375/8000) loss=0.44324 byte_ppl=1.558 atoms=60 merges=0 field=4.2745 rms=0.1336 scale=1.0000 fcos=nan ign=0.0000 prn=nan nxp=0.000 mph=0.000 bytes=131072 pkts=131072 shard=0
step=0616400 (run 400/8000) loss=0.51099 byte_ppl=1.667 atoms=18 merges=0 field=4.4531 rms=0.1392 scale=1.0000 fcos=nan ign=0.0000 prn=nan nxp=0.000 mph=0.000 bytes=131072 pkts=131072 shard=0
step=0616425 (run 425/8000) loss=0.01483 byte_ppl=1.015 atoms=45 merges=0 field=4.6710 rms=0.1460 scale=1.0000 fcos=nan ign=0.0000 prn=nan nxp=0.000 mph=0.000 bytes=131072 pkts=131072 shard=0
step=0616450 (run 450/8000) loss=19.99060 byte_ppl=480628125.231 atoms=3 merges=0 field=4.8452 rms=0.1514 scale=1.0000 fcos=nan ign=0.0000 prn=nan nxp=0.000 mph=0.000 bytes=131072 pkts=131072 shard=0
step=0616475 (run 475/8000) loss=2.93367 byte_ppl=18.797 atoms=30 merges=0 field=5.0008 rms=0.1563 scale=1.0000 fcos=nan ign=0.0000 prn=nan nxp=0.000 mph=0.000 bytes=131072 pkts=131072 shard=0
step=0616500 (run 500/8000) loss=11.69183 byte_ppl=119591.189 atoms=58 merges=0 field=5.1991 rms=0.1625 scale=1.0000 fcos=nan ign=0.0000 prn=nan nxp=0.000 mph=0.000 bytes=131072 pkts=131072 shard=0
step=0616525 (run 525/8000) loss=0.00004 byte_ppl=1.000 atoms=14 merges=0 field=5.4038 rms=0.1689 scale=1.0000 fcos=nan ign=0.0000 prn=nan nxp=0.000 mph=0.000 bytes=131072 pkts=131072 shard=0
step=0616550 (run 550/8000) loss=15.38516 byte_ppl=4804974.789 atoms=42 merges=0 field=5.5774 rms=0.1743 scale=1.0000 fcos=nan ign=0.0000 prn=nan nxp=0.000 mph=0.000 bytes=131072 pkts=131072 shard=0
step=0616575 (run 575/8000) loss=0.00209 byte_ppl=1.002 atoms=69 merges=0 field=5.7043 rms=0.1783 scale=1.0000 fcos=nan ign=0.0000 prn=nan nxp=0.000 mph=0.000 bytes=131072 pkts=131072 shard=0
step=0616600 (run 600/8000) loss=5.55931 byte_ppl=259.644 atoms=27 merges=0 field=5.8374 rms=0.1824 scale=1.0000 fcos=nan ign=0.0000 prn=nan nxp=0.000 mph=0.000 bytes=131072 pkts=131072 shard=0
step=0616625 (run 625/8000) loss=1.41755 byte_ppl=4.127 atoms=54 merges=0 field=5.9601 rms=0.1863 scale=1.0000 fcos=nan ign=0.0000 prn=nan nxp=0.000 mph=0.000 bytes=131072 pkts=131072 shard=0
step=0616650 (run 650/8000) loss=0.00961 byte_ppl=1.010 atoms=11 merges=0 field=6.1098 rms=0.1909 scale=1.0000 fcos=nan ign=0.0000 prn=nan nxp=0.000 mph=0.000 bytes=131072 pkts=131072 shard=0
step=0616675 (run 675/8000) loss=0.00157 byte_ppl=1.002 atoms=38 merges=0 field=6.2794 rms=0.1962 scale=1.0000 fcos=nan ign=0.0000 prn=nan nxp=0.000 mph=0.000 bytes=131072 pkts=131072 shard=0
step=0616700 (run 700/8000) loss=1.31383 byte_ppl=3.720 atoms=66 merges=0 field=6.4201 rms=0.2006 scale=1.0000 fcos=nan ign=0.0000 prn=nan nxp=0.000 mph=0.000 bytes=131072 pkts=131072 shard=0
step=0616725 (run 725/8000) loss=0.00216 byte_ppl=1.002 atoms=23 merges=0 field=6.5404 rms=0.2044 scale=1.0000 fcos=nan ign=0.0000 prn=nan nxp=0.000 mph=0.000 bytes=131072 pkts=131072 shard=0
step=0616750 (run 750/8000) loss=0.00757 byte_ppl=1.008 atoms=51 merges=0 field=6.6859 rms=0.2089 scale=1.0000 fcos=nan ign=0.0000 prn=nan nxp=0.000 mph=0.000 bytes=131072 pkts=131072 shard=0
step=0616775 (run 775/8000) loss=0.60376 byte_ppl=1.829 atoms=8 merges=0 field=6.8266 rms=0.2133 scale=1.0000 fcos=nan ign=0.0000 prn=nan nxp=0.000 mph=0.000 bytes=131072 pkts=131072 shard=0
step=0616800 (run 800/8000) loss=1.85548 byte_ppl=6.395 atoms=36 merges=0 field=6.9702 rms=0.2178 scale=1.0000 fcos=nan ign=0.0000 prn=nan nxp=0.000 mph=0.000 bytes=131072 pkts=131072 shard=0
step=0616825 (run 825/8000) loss=0.01190 byte_ppl=1.012 atoms=63 merges=0 field=7.0890 rms=0.2215 scale=1.0000 fcos=nan ign=0.0000 prn=nan nxp=0.000 mph=0.000 bytes=131072 pkts=131072 shard=0
step=0616850 (run 850/8000) loss=5.55596 byte_ppl=258.776 atoms=20 merges=0 field=7.2120 rms=0.2254 scale=1.0000 fcos=nan ign=0.0000 prn=nan nxp=0.000 mph=0.000 bytes=131072 pkts=131072 shard=0
step=0616875 (run 875/8000) loss=0.08066 byte_ppl=1.084 atoms=47 merges=0 field=7.3202 rms=0.2288 scale=1.0000 fcos=nan ign=0.0000 prn=nan nxp=0.000 mph=0.000 bytes=131072 pkts=131072 shard=0
step=0616900 (run 900/8000) loss=0.24925 byte_ppl=1.283 atoms=5 merges=0 field=7.3979 rms=0.2312 scale=1.0000 fcos=nan ign=0.0000 prn=nan nxp=0.000 mph=0.000 bytes=131072 pkts=131072 shard=0
step=0616925 (run 925/8000) loss=0.00026 byte_ppl=1.000 atoms=32 merges=0 field=7.5225 rms=0.2351 scale=1.0000 fcos=nan ign=0.0000 prn=nan nxp=0.000 mph=0.000 bytes=131072 pkts=131072 shard=0
step=0616950 (run 950/8000) loss=0.00633 byte_ppl=1.006 atoms=60 merges=0 field=7.6073 rms=0.2377 scale=1.0000 fcos=nan ign=0.0000 prn=nan nxp=0.000 mph=0.000 bytes=131072 pkts=131072 shard=0
step=0616975 (run 975/8000) loss=5.53115 byte_ppl=252.434 atoms=16 merges=0 field=7.7324 rms=0.2416 scale=1.0000 fcos=nan ign=0.0000 prn=nan nxp=0.000 mph=0.000 bytes=131072 pkts=131072 shard=0
step=0617000 (run 1000/8000) loss=1.60054 byte_ppl=4.956 atoms=44 merges=0 field=7.7937 rms=0.2436 scale=1.0000 fcos=nan ign=0.0000 prn=nan nxp=0.000 mph=0.000 bytes=131072 pkts=131072 shard=0
step=0617025 (run 1025/8000) loss=0.02300 byte_ppl=1.023 atoms=1 merges=0 field=7.8874 rms=0.2465 scale=1.0000 fcos=nan ign=0.0000 prn=nan nxp=0.000 mph=0.000 bytes=131072 pkts=131072 shard=0
step=0617050 (run 1050/8000) loss=0.68155 byte_ppl=1.977 atoms=29 merges=0 field=8.0102 rms=0.2503 scale=1.0000 fcos=nan ign=0.0000 prn=nan nxp=0.000 mph=0.000 bytes=131072 pkts=131072 shard=0
step=0617075 (run 1075/8000) loss=1.69372 byte_ppl=5.440 atoms=56 merges=0 field=8.0936 rms=0.2529 scale=1.0000 fcos=nan ign=0.0000 prn=nan nxp=0.000 mph=0.000 bytes=131072 pkts=131072 shard=0
step=0617100 (run 1100/8000) loss=0.03246 byte_ppl=1.033 atoms=14 merges=0 field=8.1853 rms=0.2558 scale=1.0000 fcos=nan ign=0.0000 prn=nan nxp=0.000 mph=0.000 bytes=131072 pkts=131072 shard=0
step=0617125 (run 1125/8000) loss=1.65827 byte_ppl=5.250 atoms=41 merges=0 field=8.2125 rms=0.2566 scale=1.0000 fcos=nan ign=0.0000 prn=nan nxp=0.000 mph=0.000 bytes=131072 pkts=131072 shard=0
step=0617150 (run 1150/8000) loss=6.28487 byte_ppl=536.393 atoms=69 merges=0 field=8.3152 rms=0.2599 scale=1.0000 fcos=nan ign=0.0000 prn=nan nxp=0.000 mph=0.000 bytes=131072 pkts=131072 shard=0
step=0617175 (run 1175/8000) loss=3.10454 byte_ppl=22.299 atoms=25 merges=0 field=8.3609 rms=0.2613 scale=1.0000 fcos=nan ign=0.0000 prn=nan nxp=0.000 mph=0.000 bytes=131072 pkts=131072 shard=0
step=0617200 (run 1200/8000) loss=0.23571 byte_ppl=1.266 atoms=53 merges=0 field=8.4339 rms=0.2636 scale=1.0000 fcos=nan ign=0.0000 prn=nan nxp=0.000 mph=0.000 bytes=131072 pkts=131072 shard=0
step=0617225 (run 1225/8000) loss=0.00148 byte_ppl=1.001 atoms=10 merges=0 field=8.5414 rms=0.2669 scale=1.0000 fcos=nan ign=0.0000 prn=nan nxp=0.000 mph=0.000 bytes=131072 pkts=131072 shard=0
step=0617250 (run 1250/8000) loss=1.14894 byte_ppl=3.155 atoms=38 merges=0 field=8.6110 rms=0.2691 scale=1.0000 fcos=nan ign=0.0000 prn=nan nxp=0.000 mph=0.000 bytes=131072 pkts=131072 shard=0
step=0617275 (run 1275/8000) loss=0.00156 byte_ppl=1.002 atoms=65 merges=0 field=8.6818 rms=0.2713 scale=1.0000 fcos=nan ign=0.0000 prn=nan nxp=0.000 mph=0.000 bytes=131072 pkts=131072 shard=0
step=0617300 (run 1300/8000) loss=16.13237 byte_ppl=10143786.439 atoms=22 merges=0 field=8.7425 rms=0.2732 scale=1.0000 fcos=nan ign=0.0000 prn=nan nxp=0.000 mph=0.000 bytes=131072 pkts=131072 shard=0
step=0617325 (run 1325/8000) loss=6.54955 byte_ppl=698.930 atoms=49 merges=0 field=8.8072 rms=0.2752 scale=1.0000 fcos=nan ign=0.0000 prn=nan nxp=0.000 mph=0.000 bytes=131072 pkts=131072 shard=0
step=0617350 (run 1350/8000) loss=0.00199 byte_ppl=1.002 atoms=7 merges=0 field=8.8717 rms=0.2772 scale=1.0000 fcos=nan ign=0.0000 prn=nan nxp=0.000 mph=0.000 bytes=131072 pkts=131072 shard=0
step=0617375 (run 1375/8000) loss=0.00023 byte_ppl=1.000 atoms=34 merges=0 field=8.8899 rms=0.2778 scale=1.0000 fcos=nan ign=0.0000 prn=nan nxp=0.000 mph=0.000 bytes=131072 pkts=131072 shard=0
step=0617400 (run 1400/8000) loss=14.18317 byte_ppl=1444353.285 atoms=62 merges=0 field=8.9835 rms=0.2807 scale=1.0000 fcos=nan ign=0.0000 prn=nan nxp=0.000 mph=0.000 bytes=131072 pkts=131072 shard=0
step=0617425 (run 1425/8000) loss=2.99700 byte_ppl=20.025 atoms=19 merges=0 field=9.0379 rms=0.2824 scale=1.0000 fcos=nan ign=0.0000 prn=nan nxp=0.000 mph=0.000 bytes=131072 pkts=131072 shard=0
step=0617450 (run 1450/8000) loss=0.07142 byte_ppl=1.074 atoms=47 merges=0 field=9.0579 rms=0.2831 scale=1.0000 fcos=nan ign=0.0000 prn=nan nxp=0.000 mph=0.000 bytes=131072 pkts=131072 shard=0
step=0617475 (run 1475/8000) loss=0.09949 byte_ppl=1.105 atoms=3 merges=0 field=9.1489 rms=0.2859 scale=1.0000 fcos=nan ign=0.0000 prn=nan nxp=0.000 mph=0.000 bytes=131072 pkts=131072 shard=0
step=0617500 (run 1500/8000) loss=4.60066 byte_ppl=99.550 atoms=31 merges=0 field=9.2173 rms=0.2880 scale=1.0000 fcos=nan ign=0.0000 prn=nan nxp=0.000 mph=0.000 bytes=131072 pkts=131072 shard=0
step=0617525 (run 1525/8000) loss=0.00164 byte_ppl=1.002 atoms=58 merges=0 field=9.2842 rms=0.2901 scale=1.0000 fcos=nan ign=0.0000 prn=nan nxp=0.000 mph=0.000 bytes=131072 pkts=131072 shard=0
step=0617550 (run 1550/8000) loss=6.71886 byte_ppl=827.875 atoms=16 merges=0 field=9.3552 rms=0.2924 scale=1.0000 fcos=nan ign=0.0000 prn=nan nxp=0.000 mph=0.000 bytes=131072 pkts=131072 shard=0
step=0617575 (run 1575/8000) loss=0.00735 byte_ppl=1.007 atoms=43 merges=0 field=9.4135 rms=0.2942 scale=1.0000 fcos=nan ign=0.0000 prn=nan nxp=0.000 mph=0.000 bytes=131072 pkts=131072 shard=0
step=0617600 (run 1600/8000) loss=0.75083 byte_ppl=2.119 atoms=71 merges=0 field=9.4539 rms=0.2954 scale=1.0000 fcos=nan ign=0.0000 prn=nan nxp=0.000 mph=0.000 bytes=131072 pkts=131072 shard=0
step=0617625 (run 1625/8000) loss=0.01472 byte_ppl=1.015 atoms=27 merges=0 field=9.5040 rms=0.2970 scale=1.0000 fcos=nan ign=0.0000 prn=nan nxp=0.000 mph=0.000 bytes=131072 pkts=131072 shard=0
step=0617650 (run 1650/8000) loss=1.62573 byte_ppl=5.082 atoms=55 merges=0 field=9.4867 rms=0.2965 scale=1.0000 fcos=nan ign=0.0000 prn=nan nxp=0.000 mph=0.000 bytes=131072 pkts=131072 shard=0
step=0617675 (run 1675/8000) loss=0.00026 byte_ppl=1.000 atoms=12 merges=0 field=9.5096 rms=0.2972 scale=1.0000 fcos=nan ign=0.0000 prn=nan nxp=0.000 mph=0.000 bytes=131072 pkts=131072 shard=0
step=0617700 (run 1700/8000) loss=0.03668 byte_ppl=1.037 atoms=40 merges=0 field=9.5472 rms=0.2984 scale=1.0000 fcos=nan ign=0.0000 prn=nan nxp=0.000 mph=0.000 bytes=131072 pkts=131072 shard=0
step=0617725 (run 1725/8000) loss=0.04031 byte_ppl=1.041 atoms=67 merges=0 field=9.5217 rms=0.2976 scale=1.0000 fcos=nan ign=0.0000 prn=nan nxp=0.000 mph=0.000 bytes=131072 pkts=131072 shard=0
step=0617750 (run 1750/8000) loss=0.01697 byte_ppl=1.017 atoms=25 merges=0 field=9.5638 rms=0.2989 scale=1.0000 fcos=nan ign=0.0000 prn=nan nxp=0.000 mph=0.000 bytes=131072 pkts=131072 shard=0
step=0617775 (run 1775/8000) loss=0.00130 byte_ppl=1.001 atoms=52 merges=0 field=9.5661 rms=0.2989 scale=1.0000 fcos=nan ign=0.0000 prn=nan nxp=0.000 mph=0.000 bytes=131072 pkts=131072 shard=0
step=0617800 (run 1800/8000) loss=10.86762 byte_ppl=52450.105 atoms=9 merges=0 field=9.5341 rms=0.2979 scale=1.0000 fcos=nan ign=0.0000 prn=nan nxp=0.000 mph=0.000 bytes=131072 pkts=131072 shard=0
step=0617825 (run 1825/8000) loss=2.80500 byte_ppl=16.527 atoms=36 merges=0 field=9.5573 rms=0.2987 scale=1.0000 fcos=nan ign=0.0000 prn=nan nxp=0.000 mph=0.000 bytes=131072 pkts=131072 shard=0
step=0617850 (run 1850/8000) loss=0.07266 byte_ppl=1.075 atoms=64 merges=0 field=9.5857 rms=0.2996 scale=1.0000 fcos=nan ign=0.0000 prn=nan nxp=0.000 mph=0.000 bytes=131072 pkts=131072 shard=0
step=0617875 (run 1875/8000) loss=0.01726 byte_ppl=1.017 atoms=21 merges=0 field=9.5811 rms=0.2994 scale=1.0000 fcos=nan ign=0.0000 prn=nan nxp=0.000 mph=0.000 bytes=131072 pkts=131072 shard=0
step=0617900 (run 1900/8000) loss=2.89142 byte_ppl=18.019 atoms=49 merges=0 field=9.6146 rms=0.3005 scale=1.0000 fcos=nan ign=0.0000 prn=nan nxp=0.000 mph=0.000 bytes=131072 pkts=131072 shard=0
step=0617925 (run 1925/8000) loss=0.01831 byte_ppl=1.018 atoms=5 merges=0 field=9.6045 rms=0.3001 scale=1.0000 fcos=nan ign=0.0000 prn=nan nxp=0.000 mph=0.000 bytes=131072 pkts=131072 shard=0
step=0617950 (run 1950/8000) loss=14.40526 byte_ppl=1803531.464 atoms=33 merges=0 field=9.6245 rms=0.3008 scale=1.0000 fcos=nan ign=0.0000 prn=nan nxp=0.000 mph=0.000 bytes=131072 pkts=131072 shard=0
step=0617975 (run 1975/8000) loss=0.00066 byte_ppl=1.001 atoms=60 merges=0 field=9.6842 rms=0.3026 scale=1.0000 fcos=nan ign=0.0000 prn=nan nxp=0.000 mph=0.000 bytes=131072 pkts=131072 shard=0
step=0618000 (run 2000/8000) loss=0.02150 byte_ppl=1.022 atoms=18 merges=0 field=9.7029 rms=0.3032 scale=1.0000 fcos=nan ign=0.0000 prn=nan nxp=0.000 mph=0.000 bytes=131072 pkts=131072 shard=0
step=0618025 (run 2025/8000) loss=0.52050 byte_ppl=1.683 atoms=45 merges=0 field=9.7126 rms=0.3035 scale=1.0000 fcos=nan ign=0.0000 prn=nan nxp=0.000 mph=0.000 bytes=131072 pkts=131072 shard=0
step=0618050 (run 2050/8000) loss=0.00142 byte_ppl=1.001 atoms=3 merges=0 field=9.7127 rms=0.3035 scale=1.0000 fcos=nan ign=0.0000 prn=nan nxp=0.000 mph=0.000 bytes=131072 pkts=131072 shard=0
step=0618075 (run 2075/8000) loss=1.03597 byte_ppl=2.818 atoms=30 merges=0 field=9.7257 rms=0.3039 scale=1.0000 fcos=nan ign=0.0000 prn=nan nxp=0.000 mph=0.000 bytes=131072 pkts=131072 shard=0
step=0618100 (run 2100/8000) loss=0.81945 byte_ppl=2.269 atoms=58 merges=0 field=9.7359 rms=0.3042 scale=1.0000 fcos=nan ign=0.0000 prn=nan nxp=0.000 mph=0.000 bytes=131072 pkts=131072 shard=0
step=0618125 (run 2125/8000) loss=6.48965 byte_ppl=658.295 atoms=14 merges=0 field=9.7837 rms=0.3057 scale=1.0000 fcos=nan ign=0.0000 prn=nan nxp=0.000 mph=0.000 bytes=131072 pkts=131072 shard=0
step=0618150 (run 2150/8000) loss=7.13418 byte_ppl=1254.104 atoms=42 merges=0 field=9.7696 rms=0.3053 scale=1.0000 fcos=nan ign=0.0000 prn=nan nxp=0.000 mph=0.000 bytes=131072 pkts=131072 shard=0
step=0618175 (run 2175/8000) loss=2.49463 byte_ppl=12.117 atoms=69 merges=0 field=9.7921 rms=0.3060 scale=1.0000 fcos=nan ign=0.0000 prn=nan nxp=0.000 mph=0.000 bytes=131072 pkts=131072 shard=0
step=0618200 (run 2200/8000) loss=10.61035 byte_ppl=40552.376 atoms=27 merges=0 field=9.7945 rms=0.3061 scale=1.0000 fcos=nan ign=0.0000 prn=nan nxp=0.000 mph=0.000 bytes=131072 pkts=131072 shard=0
step=0618225 (run 2225/8000) loss=0.00013 byte_ppl=1.000 atoms=54 merges=0 field=9.7900 rms=0.3059 scale=1.0000 fcos=nan ign=0.0000 prn=nan nxp=0.000 mph=0.000 bytes=131072 pkts=131072 shard=0
step=0618250 (run 2250/8000) loss=9.02433 byte_ppl=8302.611 atoms=11 merges=0 field=9.7412 rms=0.3044 scale=1.0000 fcos=nan ign=0.0000 prn=nan nxp=0.000 mph=0.000 bytes=131072 pkts=131072 shard=0
step=0618275 (run 2275/8000) loss=3.55026 byte_ppl=34.822 atoms=38 merges=0 field=9.7543 rms=0.3048 scale=1.0000 fcos=nan ign=0.0000 prn=nan nxp=0.000 mph=0.000 bytes=131072 pkts=131072 shard=0
step=0618300 (run 2300/8000) loss=5.96590 byte_ppl=389.905 atoms=66 merges=0 field=9.7962 rms=0.3061 scale=1.0000 fcos=nan ign=0.0000 prn=nan nxp=0.000 mph=0.000 bytes=131072 pkts=131072 shard=0
step=0618325 (run 2325/8000) loss=0.01387 byte_ppl=1.014 atoms=23 merges=0 field=9.8392 rms=0.3075 scale=1.0000 fcos=nan ign=0.0000 prn=nan nxp=0.000 mph=0.000 bytes=131072 pkts=131072 shard=0
step=0618350 (run 2350/8000) loss=2.14453 byte_ppl=8.538 atoms=51 merges=0 field=9.8611 rms=0.3082 scale=1.0000 fcos=nan ign=0.0000 prn=nan nxp=0.000 mph=0.000 bytes=131072 pkts=131072 shard=0
step=0618375 (run 2375/8000) loss=0.02200 byte_ppl=1.022 atoms=8 merges=0 field=9.8424 rms=0.3076 scale=1.0000 fcos=nan ign=0.0000 prn=nan nxp=0.000 mph=0.000 bytes=131072 pkts=131072 shard=0
step=0618400 (run 2400/8000) loss=3.75762 byte_ppl=42.846 atoms=36 merges=0 field=9.8668 rms=0.3083 scale=1.0000 fcos=nan ign=0.0000 prn=nan nxp=0.000 mph=0.000 bytes=131072 pkts=131072 shard=0
step=0618425 (run 2425/8000) loss=0.00297 byte_ppl=1.003 atoms=63 merges=0 field=9.8436 rms=0.3076 scale=1.0000 fcos=nan ign=0.0000 prn=nan nxp=0.000 mph=0.000 bytes=131072 pkts=131072 shard=0
step=0618450 (run 2450/8000) loss=3.87074 byte_ppl=47.978 atoms=20 merges=0 field=9.8494 rms=0.3078 scale=1.0000 fcos=nan ign=0.0000 prn=nan nxp=0.000 mph=0.000 bytes=131072 pkts=131072 shard=0
step=0618475 (run 2475/8000) loss=1.04050 byte_ppl=2.831 atoms=47 merges=0 field=9.8821 rms=0.3088 scale=1.0000 fcos=nan ign=0.0000 prn=nan nxp=0.000 mph=0.000 bytes=131072 pkts=131072 shard=0
step=0618500 (run 2500/8000) loss=0.01735 byte_ppl=1.018 atoms=5 merges=0 field=9.9085 rms=0.3096 scale=1.0000 fcos=nan ign=0.0000 prn=nan nxp=0.000 mph=0.000 bytes=131072 pkts=131072 shard=0
step=0618525 (run 2525/8000) loss=7.28978 byte_ppl=1465.247 atoms=32 merges=0 field=9.8921 rms=0.3091 scale=1.0000 fcos=nan ign=0.0000 prn=nan nxp=0.000 mph=0.000 bytes=131072 pkts=131072 shard=0
step=0618550 (run 2550/8000) loss=0.07794 byte_ppl=1.081 atoms=60 merges=0 field=9.8908 rms=0.3091 scale=1.0000 fcos=nan ign=0.0000 prn=nan nxp=0.000 mph=0.000 bytes=131072 pkts=131072 shard=0
step=0618575 (run 2575/8000) loss=0.00226 byte_ppl=1.002 atoms=16 merges=0 field=9.9226 rms=0.3101 scale=1.0000 fcos=nan ign=0.0000 prn=nan nxp=0.000 mph=0.000 bytes=131072 pkts=131072 shard=0
step=0618600 (run 2600/8000) loss=0.01064 byte_ppl=1.011 atoms=44 merges=0 field=9.9325 rms=0.3104 scale=1.0000 fcos=nan ign=0.0000 prn=nan nxp=0.000 mph=0.000 bytes=131072 pkts=131072 shard=0
step=0618625 (run 2625/8000) loss=0.00462 byte_ppl=1.005 atoms=1 merges=0 field=9.9325 rms=0.3104 scale=1.0000 fcos=nan ign=0.0000 prn=nan nxp=0.000 mph=0.000 bytes=131072 pkts=131072 shard=0
step=0618650 (run 2650/8000) loss=2.32825 byte_ppl=10.260 atoms=29 merges=0 field=9.9430 rms=0.3107 scale=1.0000 fcos=nan ign=0.0000 prn=nan nxp=0.000 mph=0.000 bytes=131072 pkts=131072 shard=0
step=0618675 (run 2675/8000) loss=2.78914 byte_ppl=16.267 atoms=56 merges=0 field=9.9559 rms=0.3111 scale=1.0000 fcos=nan ign=0.0000 prn=nan nxp=0.000 mph=0.000 bytes=131072 pkts=131072 shard=0
step=0618700 (run 2700/8000) loss=0.09348 byte_ppl=1.098 atoms=14 merges=0 field=9.9475 rms=0.3109 scale=1.0000 fcos=nan ign=0.0000 prn=nan nxp=0.000 mph=0.000 bytes=131072 pkts=131072 shard=0
step=0618725 (run 2725/8000) loss=0.00020 byte_ppl=1.000 atoms=41 merges=0 field=9.9774 rms=0.3118 scale=1.0000 fcos=nan ign=0.0000 prn=nan nxp=0.000 mph=0.000 bytes=131072 pkts=131072 shard=0
step=0618750 (run 2750/8000) loss=1.08206 byte_ppl=2.951 atoms=69 merges=0 field=9.9394 rms=0.3106 scale=1.0000 fcos=nan ign=0.0000 prn=nan nxp=0.000 mph=0.000 bytes=131072 pkts=131072 shard=0
step=0618775 (run 2775/8000) loss=0.00021 byte_ppl=1.000 atoms=25 merges=0 field=9.9642 rms=0.3114 scale=1.0000 fcos=nan ign=0.0000 prn=nan nxp=0.000 mph=0.000 bytes=131072 pkts=131072 shard=0
step=0618800 (run 2800/8000) loss=6.14697 byte_ppl=467.300 atoms=53 merges=0 field=9.9377 rms=0.3106 scale=1.0000 fcos=nan ign=0.0000 prn=nan nxp=0.000 mph=0.000 bytes=131072 pkts=131072 shard=0
step=0618825 (run 2825/8000) loss=6.48433 byte_ppl=654.803 atoms=10 merges=0 field=9.9554 rms=0.3111 scale=1.0000 fcos=nan ign=0.0000 prn=nan nxp=0.000 mph=0.000 bytes=131072 pkts=131072 shard=0
step=0618850 (run 2850/8000) loss=7.64369 byte_ppl=2087.427 atoms=38 merges=0 field=9.9339 rms=0.3104 scale=1.0000 fcos=nan ign=0.0000 prn=nan nxp=0.000 mph=0.000 bytes=131072 pkts=131072 shard=0
step=0618875 (run 2875/8000) loss=0.00026 byte_ppl=1.000 atoms=65 merges=0 field=9.9559 rms=0.3111 scale=1.0000 fcos=nan ign=0.0000 prn=nan nxp=0.000 mph=0.000 bytes=131072 pkts=131072 shard=0
step=0618900 (run 2900/8000) loss=0.00822 byte_ppl=1.008 atoms=22 merges=0 field=9.9371 rms=0.3105 scale=1.0000 fcos=nan ign=0.0000 prn=nan nxp=0.000 mph=0.000 bytes=131072 pkts=131072 shard=0
step=0618925 (run 2925/8000) loss=0.00818 byte_ppl=1.008 atoms=49 merges=0 field=9.9473 rms=0.3109 scale=1.0000 fcos=nan ign=0.0000 prn=nan nxp=0.000 mph=0.000 bytes=131072 pkts=131072 shard=0
step=0618950 (run 2950/8000) loss=5.00003 byte_ppl=148.417 atoms=7 merges=0 field=9.9735 rms=0.3117 scale=1.0000 fcos=nan ign=0.0000 prn=nan nxp=0.000 mph=0.000 bytes=131072 pkts=131072 shard=0
step=0618975 (run 2975/8000) loss=4.32099 byte_ppl=75.263 atoms=34 merges=0 field=9.9589 rms=0.3112 scale=1.0000 fcos=nan ign=0.0000 prn=nan nxp=0.000 mph=0.000 bytes=131072 pkts=131072 shard=0
step=0619000 (run 3000/8000) loss=0.00124 byte_ppl=1.001 atoms=62 merges=0 field=9.9296 rms=0.3103 scale=1.0000 fcos=nan ign=0.0000 prn=nan nxp=0.000 mph=0.000 bytes=131072 pkts=131072 shard=0
step=0619025 (run 3025/8000) loss=0.00026 byte_ppl=1.000 atoms=19 merges=0 field=9.9897 rms=0.3122 scale=1.0000 fcos=nan ign=0.0000 prn=nan nxp=0.000 mph=0.000 bytes=131072 pkts=131072 shard=0
step=0619050 (run 3050/8000) loss=5.05543 byte_ppl=156.873 atoms=47 merges=0 field=9.9928 rms=0.3123 scale=1.0000 fcos=nan ign=0.0000 prn=nan nxp=0.000 mph=0.000 bytes=131072 pkts=131072 shard=0
step=0619075 (run 3075/8000) loss=0.26623 byte_ppl=1.305 atoms=3 merges=0 field=10.0137 rms=0.3129 scale=1.0000 fcos=nan ign=0.0000 prn=nan nxp=0.000 mph=0.000 bytes=131072 pkts=131072 shard=0
step=0619100 (run 3100/8000) loss=0.01827 byte_ppl=1.018 atoms=31 merges=0 field=10.0424 rms=0.3138 scale=1.0000 fcos=nan ign=0.0000 prn=nan nxp=0.000 mph=0.000 bytes=131072 pkts=131072 shard=0
step=0619125 (run 3125/8000) loss=1.75707 byte_ppl=5.795 atoms=58 merges=0 field=10.1168 rms=0.3162 scale=1.0000 fcos=nan ign=0.0000 prn=nan nxp=0.000 mph=0.000 bytes=131072 pkts=131072 shard=0
step=0619150 (run 3150/8000) loss=0.00128 byte_ppl=1.001 atoms=16 merges=0 field=10.1155 rms=0.3161 scale=1.0000 fcos=nan ign=0.0000 prn=nan nxp=0.000 mph=0.000 bytes=131072 pkts=131072 shard=0
step=0619175 (run 3175/8000) loss=0.00219 byte_ppl=1.002 atoms=43 merges=0 field=10.1626 rms=0.3176 scale=1.0000 fcos=nan ign=0.0000 prn=nan nxp=0.000 mph=0.000 bytes=131072 pkts=131072 shard=0
step=0619200 (run 3200/8000) loss=8.51439 byte_ppl=4986.023 atoms=71 merges=0 field=10.1549 rms=0.3173 scale=1.0000 fcos=nan ign=0.0000 prn=nan nxp=0.000 mph=0.000 bytes=131072 pkts=131072 shard=0
step=0619225 (run 3225/8000) loss=0.00308 byte_ppl=1.003 atoms=27 merges=0 field=10.1780 rms=0.3181 scale=1.0000 fcos=nan ign=0.0000 prn=nan nxp=0.000 mph=0.000 bytes=131072 pkts=131072 shard=0
step=0619250 (run 3250/8000) loss=0.00196 byte_ppl=1.002 atoms=55 merges=0 field=10.2109 rms=0.3191 scale=1.0000 fcos=nan ign=0.0000 prn=nan nxp=0.000 mph=0.000 bytes=131072 pkts=131072 shard=0
step=0619275 (run 3275/8000) loss=1.00981 byte_ppl=2.745 atoms=12 merges=0 field=10.2118 rms=0.3191 scale=1.0000 fcos=nan ign=0.0000 prn=nan nxp=0.000 mph=0.000 bytes=131072 pkts=131072 shard=0
step=0619300 (run 3300/8000) loss=6.52688 byte_ppl=683.264 atoms=40 merges=0 field=10.2414 rms=0.3200 scale=1.0000 fcos=nan ign=0.0000 prn=nan nxp=0.000 mph=0.000 bytes=131072 pkts=131072 shard=0
step=0619325 (run 3325/8000) loss=0.00001 byte_ppl=1.000 atoms=67 merges=0 field=10.2142 rms=0.3192 scale=1.0000 fcos=nan ign=0.0000 prn=nan nxp=0.000 mph=0.000 bytes=131072 pkts=131072 shard=0
step=0619350 (run 3350/8000) loss=0.40280 byte_ppl=1.496 atoms=25 merges=0 field=10.2185 rms=0.3193 scale=1.0000 fcos=nan ign=0.0000 prn=nan nxp=0.000 mph=0.000 bytes=131072 pkts=131072 shard=0
step=0619375 (run 3375/8000) loss=6.71228 byte_ppl=822.441 atoms=52 merges=0 field=10.2163 rms=0.3193 scale=1.0000 fcos=nan ign=0.0000 prn=nan nxp=0.000 mph=0.000 bytes=131072 pkts=131072 shard=0
step=0619400 (run 3400/8000) loss=8.36517 byte_ppl=4294.848 atoms=9 merges=0 field=10.2283 rms=0.3196 scale=1.0000 fcos=nan ign=0.0000 prn=nan nxp=0.000 mph=0.000 bytes=131072 pkts=131072 shard=0
step=0619425 (run 3425/8000) loss=0.55485 byte_ppl=1.742 atoms=36 merges=0 field=10.2323 rms=0.3198 scale=1.0000 fcos=nan ign=0.0000 prn=nan nxp=0.000 mph=0.000 bytes=131072 pkts=131072 shard=0
step=0619450 (run 3450/8000) loss=5.39890 byte_ppl=221.164 atoms=64 merges=0 field=10.2112 rms=0.3191 scale=1.0000 fcos=nan ign=0.0000 prn=nan nxp=0.000 mph=0.000 bytes=131072 pkts=131072 shard=0
step=0619475 (run 3475/8000) loss=0.00434 byte_ppl=1.004 atoms=21 merges=0 field=10.2159 rms=0.3192 scale=1.0000 fcos=nan ign=0.0000 prn=nan nxp=0.000 mph=0.000 bytes=131072 pkts=131072 shard=0
step=0619500 (run 3500/8000) loss=0.03969 byte_ppl=1.040 atoms=49 merges=0 field=10.2293 rms=0.3197 scale=1.0000 fcos=nan ign=0.0000 prn=nan nxp=0.000 mph=0.000 bytes=131072 pkts=131072 shard=0
step=0619525 (run 3525/8000) loss=0.00047 byte_ppl=1.000 atoms=5 merges=0 field=10.2310 rms=0.3197 scale=1.0000 fcos=nan ign=0.0000 prn=nan nxp=0.000 mph=0.000 bytes=131072 pkts=131072 shard=0
step=0619550 (run 3550/8000) loss=6.39505 byte_ppl=598.875 atoms=33 merges=0 field=10.2437 rms=0.3201 scale=1.0000 fcos=nan ign=0.0000 prn=nan nxp=0.000 mph=0.000 bytes=131072 pkts=131072 shard=0
step=0619575 (run 3575/8000) loss=0.00037 byte_ppl=1.000 atoms=60 merges=0 field=10.2349 rms=0.3198 scale=1.0000 fcos=nan ign=0.0000 prn=nan nxp=0.000 mph=0.000 bytes=131072 pkts=131072 shard=0
step=0619600 (run 3600/8000) loss=1.33591 byte_ppl=3.803 atoms=18 merges=0 field=10.2543 rms=0.3204 scale=1.0000 fcos=nan ign=0.0000 prn=nan nxp=0.000 mph=0.000 bytes=131072 pkts=131072 shard=0
step=0619625 (run 3625/8000) loss=0.00049 byte_ppl=1.000 atoms=45 merges=0 field=10.2699 rms=0.3209 scale=1.0000 fcos=nan ign=0.0000 prn=nan nxp=0.000 mph=0.000 bytes=131072 pkts=131072 shard=0
step=0619650 (run 3650/8000) loss=6.17552 byte_ppl=480.835 atoms=3 merges=0 field=10.2649 rms=0.3208 scale=1.0000 fcos=nan ign=0.0000 prn=nan nxp=0.000 mph=0.000 bytes=131072 pkts=131072 shard=0
step=0619675 (run 3675/8000) loss=0.00115 byte_ppl=1.001 atoms=30 merges=0 field=10.2378 rms=0.3199 scale=1.0000 fcos=nan ign=0.0000 prn=nan nxp=0.000 mph=0.000 bytes=131072 pkts=131072 shard=0
step=0619700 (run 3700/8000) loss=0.48024 byte_ppl=1.616 atoms=58 merges=0 field=10.2376 rms=0.3199 scale=1.0000 fcos=nan ign=0.0000 prn=nan nxp=0.000 mph=0.000 bytes=131072 pkts=131072 shard=0
step=0619725 (run 3725/8000) loss=1.48970 byte_ppl=4.436 atoms=14 merges=0 field=10.2347 rms=0.3198 scale=1.0000 fcos=nan ign=0.0000 prn=nan nxp=0.000 mph=0.000 bytes=131072 pkts=131072 shard=0
step=0619750 (run 3750/8000) loss=4.25621 byte_ppl=70.542 atoms=42 merges=0 field=10.2521 rms=0.3204 scale=1.0000 fcos=nan ign=0.0000 prn=nan nxp=0.000 mph=0.000 bytes=131072 pkts=131072 shard=0
step=0619775 (run 3775/8000) loss=0.93477 byte_ppl=2.547 atoms=69 merges=0 field=10.2560 rms=0.3205 scale=1.0000 fcos=nan ign=0.0000 prn=nan nxp=0.000 mph=0.000 bytes=131072 pkts=131072 shard=0
step=0619800 (run 3800/8000) loss=4.56872 byte_ppl=96.420 atoms=27 merges=0 field=10.2722 rms=0.3210 scale=1.0000 fcos=nan ign=0.0000 prn=nan nxp=0.000 mph=0.000 bytes=131072 pkts=131072 shard=0
step=0619825 (run 3825/8000) loss=0.00146 byte_ppl=1.001 atoms=54 merges=0 field=10.3006 rms=0.3219 scale=1.0000 fcos=nan ign=0.0000 prn=nan nxp=0.000 mph=0.000 bytes=131072 pkts=131072 shard=0
step=0619850 (run 3850/8000) loss=9.26327 byte_ppl=10543.528 atoms=11 merges=0 field=10.3044 rms=0.3220 scale=1.0000 fcos=nan ign=0.0000 prn=nan nxp=0.000 mph=0.000 bytes=131072 pkts=131072 shard=0
step=0619875 (run 3875/8000) loss=0.07709 byte_ppl=1.080 atoms=38 merges=0 field=10.3260 rms=0.3227 scale=1.0000 fcos=nan ign=0.0000 prn=nan nxp=0.000 mph=0.000 bytes=131072 pkts=131072 shard=0
step=0619900 (run 3900/8000) loss=4.66384 byte_ppl=106.042 atoms=66 merges=0 field=10.3546 rms=0.3236 scale=1.0000 fcos=nan ign=0.0000 prn=nan nxp=0.000 mph=0.000 bytes=131072 pkts=131072 shard=0
step=0619925 (run 3925/8000) loss=0.00040 byte_ppl=1.000 atoms=23 merges=0 field=10.2956 rms=0.3217 scale=1.0000 fcos=nan ign=0.0000 prn=nan nxp=0.000 mph=0.000 bytes=131072 pkts=131072 shard=0
step=0619950 (run 3950/8000) loss=5.45688 byte_ppl=234.365 atoms=51 merges=0 field=10.3130 rms=0.3223 scale=1.0000 fcos=nan ign=0.0000 prn=nan nxp=0.000 mph=0.000 bytes=131072 pkts=131072 shard=0
step=0619975 (run 3975/8000) loss=4.53246 byte_ppl=92.987 atoms=8 merges=0 field=10.2940 rms=0.3217 scale=1.0000 fcos=nan ign=0.0000 prn=nan nxp=0.000 mph=0.000 bytes=131072 pkts=131072 shard=0
step=0620000 (run 4000/8000) loss=0.00145 byte_ppl=1.001 atoms=36 merges=0 field=10.2948 rms=0.3217 scale=1.0000 fcos=nan ign=0.0000 prn=nan nxp=0.000 mph=0.000 bytes=131072 pkts=131072 shard=0
step=0620025 (run 4025/8000) loss=0.00010 byte_ppl=1.000 atoms=63 merges=0 field=10.3130 rms=0.3223 scale=1.0000 fcos=nan ign=0.0000 prn=nan nxp=0.000 mph=0.000 bytes=131072 pkts=131072 shard=0
step=0620050 (run 4050/8000) loss=7.19658 byte_ppl=1334.854 atoms=20 merges=0 field=10.3058 rms=0.3221 scale=1.0000 fcos=nan ign=0.0000 prn=nan nxp=0.000 mph=0.000 bytes=131072 pkts=131072 shard=0
step=0620075 (run 4075/8000) loss=2.87953 byte_ppl=17.806 atoms=47 merges=0 field=10.3259 rms=0.3227 scale=1.0000 fcos=nan ign=0.0000 prn=nan nxp=0.000 mph=0.000 bytes=131072 pkts=131072 shard=0
step=0620100 (run 4100/8000) loss=1.96741 byte_ppl=7.152 atoms=5 merges=0 field=10.3087 rms=0.3221 scale=1.0000 fcos=nan ign=0.0000 prn=nan nxp=0.000 mph=0.000 bytes=131072 pkts=131072 shard=0
step=0620125 (run 4125/8000) loss=0.00342 byte_ppl=1.003 atoms=32 merges=0 field=10.3088 rms=0.3222 scale=1.0000 fcos=nan ign=0.0000 prn=nan nxp=0.000 mph=0.000 bytes=131072 pkts=131072 shard=0
step=0620150 (run 4150/8000) loss=3.32551 byte_ppl=27.813 atoms=60 merges=0 field=10.3077 rms=0.3221 scale=1.0000 fcos=nan ign=0.0000 prn=nan nxp=0.000 mph=0.000 bytes=131072 pkts=131072 shard=0
step=0620175 (run 4175/8000) loss=0.00006 byte_ppl=1.000 atoms=16 merges=0 field=10.3370 rms=0.3230 scale=1.0000 fcos=nan ign=0.0000 prn=nan nxp=0.000 mph=0.000 bytes=131072 pkts=131072 shard=0
step=0620200 (run 4200/8000) loss=7.85243 byte_ppl=2571.987 atoms=44 merges=0 field=10.3345 rms=0.3230 scale=1.0000 fcos=nan ign=0.0000 prn=nan nxp=0.000 mph=0.000 bytes=131072 pkts=131072 shard=0
step=0620225 (run 4225/8000) loss=0.03144 byte_ppl=1.032 atoms=1 merges=0 field=10.3369 rms=0.3230 scale=1.0000 fcos=nan ign=0.0000 prn=nan nxp=0.000 mph=0.000 bytes=131072 pkts=131072 shard=0
step=0620250 (run 4250/8000) loss=0.00257 byte_ppl=1.003 atoms=29 merges=0 field=10.3757 rms=0.3242 scale=1.0000 fcos=nan ign=0.0000 prn=nan nxp=0.000 mph=0.000 bytes=131072 pkts=131072 shard=0
step=0620275 (run 4275/8000) loss=0.01120 byte_ppl=1.011 atoms=56 merges=0 field=10.3839 rms=0.3245 scale=1.0000 fcos=nan ign=0.0000 prn=nan nxp=0.000 mph=0.000 bytes=131072 pkts=131072 shard=0
step=0620300 (run 4300/8000) loss=7.39816 byte_ppl=1632.982 atoms=14 merges=0 field=10.3772 rms=0.3243 scale=1.0000 fcos=nan ign=0.0000 prn=nan nxp=0.000 mph=0.000 bytes=131072 pkts=131072 shard=0
step=0620325 (run 4325/8000) loss=5.62385 byte_ppl=276.952 atoms=41 merges=0 field=10.4293 rms=0.3259 scale=1.0000 fcos=nan ign=0.0000 prn=nan nxp=0.000 mph=0.000 bytes=131072 pkts=131072 shard=0
step=0620350 (run 4350/8000) loss=5.50789 byte_ppl=246.629 atoms=69 merges=0 field=10.4557 rms=0.3267 scale=1.0000 fcos=nan ign=0.0000 prn=nan nxp=0.000 mph=0.000 bytes=131072 pkts=131072 shard=0
step=0620375 (run 4375/8000) loss=0.43216 byte_ppl=1.541 atoms=25 merges=0 field=10.4144 rms=0.3255 scale=1.0000 fcos=nan ign=0.0000 prn=nan nxp=0.000 mph=0.000 bytes=131072 pkts=131072 shard=0
step=0620400 (run 4400/8000) loss=4.15271 byte_ppl=63.606 atoms=53 merges=0 field=10.4116 rms=0.3254 scale=1.0000 fcos=nan ign=0.0000 prn=nan nxp=0.000 mph=0.000 bytes=131072 pkts=131072 shard=0
step=0620425 (run 4425/8000) loss=0.00185 byte_ppl=1.002 atoms=10 merges=0 field=10.4121 rms=0.3254 scale=1.0000 fcos=nan ign=0.0000 prn=nan nxp=0.000 mph=0.000 bytes=131072 pkts=131072 shard=0
step=0620450 (run 4450/8000) loss=3.05789 byte_ppl=21.283 atoms=38 merges=0 field=10.4079 rms=0.3252 scale=1.0000 fcos=nan ign=0.0000 prn=nan nxp=0.000 mph=0.000 bytes=131072 pkts=131072 shard=0
step=0620475 (run 4475/8000) loss=1.54687 byte_ppl=4.697 atoms=65 merges=0 field=10.4260 rms=0.3258 scale=1.0000 fcos=nan ign=0.0000 prn=nan nxp=0.000 mph=0.000 bytes=131072 pkts=131072 shard=0
step=0620500 (run 4500/8000) loss=0.22993 byte_ppl=1.259 atoms=22 merges=0 field=10.4331 rms=0.3260 scale=1.0000 fcos=nan ign=0.0000 prn=nan nxp=0.000 mph=0.000 bytes=131072 pkts=131072 shard=0
step=0620525 (run 4525/8000) loss=0.00544 byte_ppl=1.005 atoms=49 merges=0 field=10.4308 rms=0.3260 scale=1.0000 fcos=nan ign=0.0000 prn=nan nxp=0.000 mph=0.000 bytes=131072 pkts=131072 shard=0
step=0620550 (run 4550/8000) loss=0.00610 byte_ppl=1.006 atoms=7 merges=0 field=10.4385 rms=0.3262 scale=1.0000 fcos=nan ign=0.0000 prn=nan nxp=0.000 mph=0.000 bytes=131072 pkts=131072 shard=0
step=0620575 (run 4575/8000) loss=4.25386 byte_ppl=70.376 atoms=34 merges=0 field=10.4152 rms=0.3255 scale=1.0000 fcos=nan ign=0.0000 prn=nan nxp=0.000 mph=0.000 bytes=131072 pkts=131072 shard=0
step=0620600 (run 4600/8000) loss=17.98048 byte_ppl=64390604.446 atoms=62 merges=0 field=10.4621 rms=0.3269 scale=1.0000 fcos=nan ign=0.0000 prn=nan nxp=0.000 mph=0.000 bytes=131072 pkts=131072 shard=0
step=0620625 (run 4625/8000) loss=0.00077 byte_ppl=1.001 atoms=19 merges=0 field=10.3832 rms=0.3245 scale=1.0000 fcos=nan ign=0.0000 prn=nan nxp=0.000 mph=0.000 bytes=131072 pkts=131072 shard=0
step=0620650 (run 4650/8000) loss=4.65540 byte_ppl=105.151 atoms=47 merges=0 field=10.4248 rms=0.3258 scale=1.0000 fcos=nan ign=0.0000 prn=nan nxp=0.000 mph=0.000 bytes=131072 pkts=131072 shard=0
step=0620675 (run 4675/8000) loss=0.01125 byte_ppl=1.011 atoms=3 merges=0 field=10.4774 rms=0.3274 scale=1.0000 fcos=nan ign=0.0000 prn=nan nxp=0.000 mph=0.000 bytes=131072 pkts=131072 shard=0
step=0620700 (run 4700/8000) loss=8.81057 byte_ppl=6704.732 atoms=31 merges=0 field=10.4621 rms=0.3269 scale=1.0000 fcos=nan ign=0.0000 prn=nan nxp=0.000 mph=0.000 bytes=131072 pkts=131072 shard=0
step=0620725 (run 4725/8000) loss=0.65360 byte_ppl=1.922 atoms=58 merges=0 field=10.4868 rms=0.3277 scale=1.0000 fcos=nan ign=0.0000 prn=nan nxp=0.000 mph=0.000 bytes=131072 pkts=131072 shard=0
step=0620750 (run 4750/8000) loss=6.61864 byte_ppl=748.928 atoms=16 merges=0 field=10.5190 rms=0.3287 scale=1.0000 fcos=nan ign=0.0000 prn=nan nxp=0.000 mph=0.000 bytes=131072 pkts=131072 shard=0
step=0620775 (run 4775/8000) loss=0.00001 byte_ppl=1.000 atoms=43 merges=0 field=10.4935 rms=0.3279 scale=1.0000 fcos=nan ign=0.0000 prn=nan nxp=0.000 mph=0.000 bytes=131072 pkts=131072 shard=0
step=0620800 (run 4800/8000) loss=0.03200 byte_ppl=1.033 atoms=71 merges=0 field=10.5154 rms=0.3286 scale=1.0000 fcos=nan ign=0.0000 prn=nan nxp=0.000 mph=0.000 bytes=131072 pkts=131072 shard=0
step=0620825 (run 4825/8000) loss=6.15595 byte_ppl=471.516 atoms=27 merges=0 field=10.4920 rms=0.3279 scale=1.0000 fcos=nan ign=0.0000 prn=nan nxp=0.000 mph=0.000 bytes=131072 pkts=131072 shard=0
step=0620850 (run 4850/8000) loss=0.69836 byte_ppl=2.010 atoms=55 merges=0 field=10.4964 rms=0.3280 scale=1.0000 fcos=nan ign=0.0000 prn=nan nxp=0.000 mph=0.000 bytes=131072 pkts=131072 shard=0
step=0620875 (run 4875/8000) loss=0.01490 byte_ppl=1.015 atoms=12 merges=0 field=10.5136 rms=0.3286 scale=1.0000 fcos=nan ign=0.0000 prn=nan nxp=0.000 mph=0.000 bytes=131072 pkts=131072 shard=0
step=0620900 (run 4900/8000) loss=2.94838 byte_ppl=19.075 atoms=40 merges=0 field=10.5009 rms=0.3282 scale=1.0000 fcos=nan ign=0.0000 prn=nan nxp=0.000 mph=0.000 bytes=131072 pkts=131072 shard=0
step=0620925 (run 4925/8000) loss=0.01105 byte_ppl=1.011 atoms=67 merges=0 field=10.4548 rms=0.3267 scale=1.0000 fcos=nan ign=0.0000 prn=nan nxp=0.000 mph=0.000 bytes=131072 pkts=131072 shard=0
step=0620950 (run 4950/8000) loss=4.60326 byte_ppl=99.809 atoms=25 merges=0 field=10.4427 rms=0.3263 scale=1.0000 fcos=nan ign=0.0000 prn=nan nxp=0.000 mph=0.000 bytes=131072 pkts=131072 shard=0
step=0620975 (run 4975/8000) loss=0.76001 byte_ppl=2.138 atoms=52 merges=0 field=10.4173 rms=0.3255 scale=1.0000 fcos=nan ign=0.0000 prn=nan nxp=0.000 mph=0.000 bytes=131072 pkts=131072 shard=0
step=0621000 (run 5000/8000) loss=0.01611 byte_ppl=1.016 atoms=9 merges=0 field=10.4685 rms=0.3271 scale=1.0000 fcos=nan ign=0.0000 prn=nan nxp=0.000 mph=0.000 bytes=131072 pkts=131072 shard=0
step=0621025 (run 5025/8000) loss=0.00086 byte_ppl=1.001 atoms=36 merges=0 field=10.4652 rms=0.3270 scale=1.0000 fcos=nan ign=0.0000 prn=nan nxp=0.000 mph=0.000 bytes=131072 pkts=131072 shard=0
step=0621050 (run 5050/8000) loss=3.33691 byte_ppl=28.132 atoms=64 merges=0 field=10.4663 rms=0.3271 scale=1.0000 fcos=nan ign=0.0000 prn=nan nxp=0.000 mph=0.000 bytes=131072 pkts=131072 shard=0
step=0621075 (run 5075/8000) loss=0.00029 byte_ppl=1.000 atoms=21 merges=0 field=10.4837 rms=0.3276 scale=1.0000 fcos=nan ign=0.0000 prn=nan nxp=0.000 mph=0.000 bytes=131072 pkts=131072 shard=0
step=0621100 (run 5100/8000) loss=4.13265 byte_ppl=62.343 atoms=49 merges=0 field=10.4684 rms=0.3271 scale=1.0000 fcos=nan ign=0.0000 prn=nan nxp=0.000 mph=0.000 bytes=131072 pkts=131072 shard=0
step=0621125 (run 5125/8000) loss=0.00009 byte_ppl=1.000 atoms=5 merges=0 field=10.4812 rms=0.3275 scale=1.0000 fcos=nan ign=0.0000 prn=nan nxp=0.000 mph=0.000 bytes=131072 pkts=131072 shard=0
step=0621150 (run 5150/8000) loss=6.80307 byte_ppl=900.608 atoms=33 merges=0 field=10.4616 rms=0.3269 scale=1.0000 fcos=nan ign=0.0000 prn=nan nxp=0.000 mph=0.000 bytes=131072 pkts=131072 shard=0
step=0621175 (run 5175/8000) loss=4.67546 byte_ppl=107.282 atoms=60 merges=0 field=10.4717 rms=0.3272 scale=1.0000 fcos=nan ign=0.0000 prn=nan nxp=0.000 mph=0.000 bytes=131072 pkts=131072 shard=0
step=0621200 (run 5200/8000) loss=9.54075 byte_ppl=13915.427 atoms=18 merges=0 field=10.4552 rms=0.3267 scale=1.0000 fcos=nan ign=0.0000 prn=nan nxp=0.000 mph=0.000 bytes=131072 pkts=131072 shard=0
step=0621225 (run 5225/8000) loss=2.57258 byte_ppl=13.100 atoms=45 merges=0 field=10.4522 rms=0.3266 scale=1.0000 fcos=nan ign=0.0000 prn=nan nxp=0.000 mph=0.000 bytes=131072 pkts=131072 shard=0
step=0621250 (run 5250/8000) loss=0.74767 byte_ppl=2.112 atoms=3 merges=0 field=10.3828 rms=0.3245 scale=1.0000 fcos=nan ign=0.0000 prn=nan nxp=0.000 mph=0.000 bytes=131072 pkts=131072 shard=0
step=0621275 (run 5275/8000) loss=0.00008 byte_ppl=1.000 atoms=30 merges=0 field=10.3816 rms=0.3244 scale=1.0000 fcos=nan ign=0.0000 prn=nan nxp=0.000 mph=0.000 bytes=131072 pkts=131072 shard=0
step=0621300 (run 5300/8000) loss=0.09287 byte_ppl=1.097 atoms=58 merges=0 field=10.3649 rms=0.3239 scale=1.0000 fcos=nan ign=0.0000 prn=nan nxp=0.000 mph=0.000 bytes=131072 pkts=131072 shard=0
step=0621325 (run 5325/8000) loss=0.01629 byte_ppl=1.016 atoms=14 merges=0 field=10.3475 rms=0.3234 scale=1.0000 fcos=nan ign=0.0000 prn=nan nxp=0.000 mph=0.000 bytes=131072 pkts=131072 shard=0
step=0621350 (run 5350/8000) loss=7.53963 byte_ppl=1881.132 atoms=42 merges=0 field=10.2972 rms=0.3218 scale=1.0000 fcos=nan ign=0.0000 prn=nan nxp=0.000 mph=0.000 bytes=131072 pkts=131072 shard=0
step=0621375 (run 5375/8000) loss=0.00111 byte_ppl=1.001 atoms=69 merges=0 field=10.3053 rms=0.3220 scale=1.0000 fcos=nan ign=0.0000 prn=nan nxp=0.000 mph=0.000 bytes=131072 pkts=131072 shard=0
step=0621400 (run 5400/8000) loss=0.00346 byte_ppl=1.003 atoms=27 merges=0 field=10.3113 rms=0.3222 scale=1.0000 fcos=nan ign=0.0000 prn=nan nxp=0.000 mph=0.000 bytes=131072 pkts=131072 shard=0
step=0621425 (run 5425/8000) loss=0.14741 byte_ppl=1.159 atoms=54 merges=0 field=10.2833 rms=0.3214 scale=1.0000 fcos=nan ign=0.0000 prn=nan nxp=0.000 mph=0.000 bytes=131072 pkts=131072 shard=0
step=0621450 (run 5450/8000) loss=12.86024 byte_ppl=384708.038 atoms=11 merges=0 field=10.2597 rms=0.3206 scale=1.0000 fcos=nan ign=0.0000 prn=nan nxp=0.000 mph=0.000 bytes=131072 pkts=131072 shard=0
step=0621475 (run 5475/8000) loss=0.00955 byte_ppl=1.010 atoms=38 merges=0 field=10.2553 rms=0.3205 scale=1.0000 fcos=nan ign=0.0000 prn=nan nxp=0.000 mph=0.000 bytes=131072 pkts=131072 shard=0
step=0621500 (run 5500/8000) loss=8.58700 byte_ppl=5361.484 atoms=66 merges=0 field=10.2289 rms=0.3197 scale=1.0000 fcos=nan ign=0.0000 prn=nan nxp=0.000 mph=0.000 bytes=131072 pkts=131072 shard=0
step=0621525 (run 5525/8000) loss=0.00748 byte_ppl=1.008 atoms=23 merges=0 field=10.2469 rms=0.3202 scale=1.0000 fcos=nan ign=0.0000 prn=nan nxp=0.000 mph=0.000 bytes=131072 pkts=131072 shard=0
step=0621550 (run 5550/8000) loss=6.89652 byte_ppl=988.832 atoms=51 merges=0 field=10.3029 rms=0.3220 scale=1.0000 fcos=nan ign=0.0000 prn=nan nxp=0.000 mph=0.000 bytes=131072 pkts=131072 shard=0
step=0621575 (run 5575/8000) loss=0.00044 byte_ppl=1.000 atoms=8 merges=0 field=10.2990 rms=0.3218 scale=1.0000 fcos=nan ign=0.0000 prn=nan nxp=0.000 mph=0.000 bytes=131072 pkts=131072 shard=0
step=0621600 (run 5600/8000) loss=0.00100 byte_ppl=1.001 atoms=36 merges=0 field=10.2722 rms=0.3210 scale=1.0000 fcos=nan ign=0.0000 prn=nan nxp=0.000 mph=0.000 bytes=131072 pkts=131072 shard=0
step=0621625 (run 5625/8000) loss=0.00007 byte_ppl=1.000 atoms=63 merges=0 field=10.2630 rms=0.3207 scale=1.0000 fcos=nan ign=0.0000 prn=nan nxp=0.000 mph=0.000 bytes=131072 pkts=131072 shard=0
step=0621650 (run 5650/8000) loss=0.11035 byte_ppl=1.117 atoms=20 merges=0 field=10.2304 rms=0.3197 scale=1.0000 fcos=nan ign=0.0000 prn=nan nxp=0.000 mph=0.000 bytes=131072 pkts=131072 shard=0
step=0621675 (run 5675/8000) loss=0.87765 byte_ppl=2.405 atoms=47 merges=0 field=10.2555 rms=0.3205 scale=1.0000 fcos=nan ign=0.0000 prn=nan nxp=0.000 mph=0.000 bytes=131072 pkts=131072 shard=0
step=0621700 (run 5700/8000) loss=4.05596 byte_ppl=57.741 atoms=5 merges=0 field=10.2599 rms=0.3206 scale=1.0000 fcos=nan ign=0.0000 prn=nan nxp=0.000 mph=0.000 bytes=131072 pkts=131072 shard=0
step=0621725 (run 5725/8000) loss=0.03093 byte_ppl=1.031 atoms=32 merges=0 field=10.2198 rms=0.3194 scale=1.0000 fcos=nan ign=0.0000 prn=nan nxp=0.000 mph=0.000 bytes=131072 pkts=131072 shard=0
step=0621750 (run 5750/8000) loss=0.00339 byte_ppl=1.003 atoms=60 merges=0 field=10.2212 rms=0.3194 scale=1.0000 fcos=nan ign=0.0000 prn=nan nxp=0.000 mph=0.000 bytes=131072 pkts=131072 shard=0
step=0621775 (run 5775/8000) loss=0.00035 byte_ppl=1.000 atoms=16 merges=0 field=10.2077 rms=0.3190 scale=1.0000 fcos=nan ign=0.0000 prn=nan nxp=0.000 mph=0.000 bytes=131072 pkts=131072 shard=0
step=0621800 (run 5800/8000) loss=6.82665 byte_ppl=922.098 atoms=44 merges=0 field=10.1675 rms=0.3177 scale=1.0000 fcos=nan ign=0.0000 prn=nan nxp=0.000 mph=0.000 bytes=131072 pkts=131072 shard=0
step=0621825 (run 5825/8000) loss=0.22722 byte_ppl=1.255 atoms=1 merges=0 field=10.1891 rms=0.3184 scale=1.0000 fcos=nan ign=0.0000 prn=nan nxp=0.000 mph=0.000 bytes=131072 pkts=131072 shard=0
step=0621850 (run 5850/8000) loss=2.49703 byte_ppl=12.146 atoms=29 merges=0 field=10.1759 rms=0.3180 scale=1.0000 fcos=nan ign=0.0000 prn=nan nxp=0.000 mph=0.000 bytes=131072 pkts=131072 shard=0
step=0621875 (run 5875/8000) loss=3.37025 byte_ppl=29.086 atoms=56 merges=0 field=10.1562 rms=0.3174 scale=1.0000 fcos=nan ign=0.0000 prn=nan nxp=0.000 mph=0.000 bytes=131072 pkts=131072 shard=0
step=0621900 (run 5900/8000) loss=0.00204 byte_ppl=1.002 atoms=14 merges=0 field=10.1115 rms=0.3160 scale=1.0000 fcos=nan ign=0.0000 prn=nan nxp=0.000 mph=0.000 bytes=131072 pkts=131072 shard=0
step=0621925 (run 5925/8000) loss=4.72734 byte_ppl=112.995 atoms=41 merges=0 field=10.1510 rms=0.3172 scale=1.0000 fcos=nan ign=0.0000 prn=nan nxp=0.000 mph=0.000 bytes=131072 pkts=131072 shard=0
step=0621950 (run 5950/8000) loss=5.94272 byte_ppl=380.969 atoms=69 merges=0 field=10.0980 rms=0.3156 scale=1.0000 fcos=nan ign=0.0000 prn=nan nxp=0.000 mph=0.000 bytes=131072 pkts=131072 shard=0
step=0621975 (run 5975/8000) loss=0.00411 byte_ppl=1.004 atoms=25 merges=0 field=10.0474 rms=0.3140 scale=1.0000 fcos=nan ign=0.0000 prn=nan nxp=0.000 mph=0.000 bytes=131072 pkts=131072 shard=0
step=0622000 (run 6000/8000) loss=5.56986 byte_ppl=262.398 atoms=53 merges=0 field=10.0460 rms=0.3139 scale=1.0000 fcos=nan ign=0.0000 prn=nan nxp=0.000 mph=0.000 bytes=131072 pkts=131072 shard=0
step=0622025 (run 6025/8000) loss=5.91060 byte_ppl=368.926 atoms=10 merges=0 field=10.0041 rms=0.3126 scale=1.0000 fcos=nan ign=0.0000 prn=nan nxp=0.000 mph=0.000 bytes=131072 pkts=131072 shard=0
step=0622050 (run 6050/8000) loss=5.22815 byte_ppl=186.447 atoms=38 merges=0 field=9.9303 rms=0.3103 scale=1.0000 fcos=nan ign=0.0000 prn=nan nxp=0.000 mph=0.000 bytes=131072 pkts=131072 shard=0
step=0622075 (run 6075/8000) loss=0.00039 byte_ppl=1.000 atoms=65 merges=0 field=9.9066 rms=0.3096 scale=1.0000 fcos=nan ign=0.0000 prn=nan nxp=0.000 mph=0.000 bytes=131072 pkts=131072 shard=0
step=0622100 (run 6100/8000) loss=5.99629 byte_ppl=401.935 atoms=22 merges=0 field=9.8642 rms=0.3083 scale=1.0000 fcos=nan ign=0.0000 prn=nan nxp=0.000 mph=0.000 bytes=131072 pkts=131072 shard=0
step=0622125 (run 6125/8000) loss=0.00033 byte_ppl=1.000 atoms=49 merges=0 field=9.8677 rms=0.3084 scale=1.0000 fcos=nan ign=0.0000 prn=nan nxp=0.000 mph=0.000 bytes=131072 pkts=131072 shard=0
step=0622150 (run 6150/8000) loss=0.00287 byte_ppl=1.003 atoms=7 merges=0 field=9.8843 rms=0.3089 scale=1.0000 fcos=nan ign=0.0000 prn=nan nxp=0.000 mph=0.000 bytes=131072 pkts=131072 shard=0
step=0622175 (run 6175/8000) loss=0.35894 byte_ppl=1.432 atoms=34 merges=0 field=9.9137 rms=0.3098 scale=1.0000 fcos=nan ign=0.0000 prn=nan nxp=0.000 mph=0.000 bytes=131072 pkts=131072 shard=0
step=0622200 (run 6200/8000) loss=7.30941 byte_ppl=1494.288 atoms=62 merges=0 field=9.9231 rms=0.3101 scale=1.0000 fcos=nan ign=0.0000 prn=nan nxp=0.000 mph=0.000 bytes=131072 pkts=131072 shard=0
step=0622225 (run 6225/8000) loss=5.59417 byte_ppl=268.854 atoms=19 merges=0 field=9.8987 rms=0.3093 scale=1.0000 fcos=nan ign=0.0000 prn=nan nxp=0.000 mph=0.000 bytes=131072 pkts=131072 shard=0
step=0622250 (run 6250/8000) loss=6.04970 byte_ppl=423.985 atoms=47 merges=0 field=9.8884 rms=0.3090 scale=1.0000 fcos=nan ign=0.0000 prn=nan nxp=0.000 mph=0.000 bytes=131072 pkts=131072 shard=0
step=0622275 (run 6275/8000) loss=0.01831 byte_ppl=1.018 atoms=3 merges=0 field=9.9326 rms=0.3104 scale=1.0000 fcos=nan ign=0.0000 prn=nan nxp=0.000 mph=0.000 bytes=131072 pkts=131072 shard=0
step=0622300 (run 6300/8000) loss=1.97055 byte_ppl=7.175 atoms=31 merges=0 field=9.9716 rms=0.3116 scale=1.0000 fcos=nan ign=0.0000 prn=nan nxp=0.000 mph=0.000 bytes=131072 pkts=131072 shard=0
step=0622325 (run 6325/8000) loss=6.22015 byte_ppl=502.778 atoms=58 merges=0 field=9.9776 rms=0.3118 scale=1.0000 fcos=nan ign=0.0000 prn=nan nxp=0.000 mph=0.000 bytes=131072 pkts=131072 shard=0
step=0622350 (run 6350/8000) loss=2.13732 byte_ppl=8.477 atoms=16 merges=0 field=9.9419 rms=0.3107 scale=1.0000 fcos=nan ign=0.0000 prn=nan nxp=0.000 mph=0.000 bytes=131072 pkts=131072 shard=0
step=0622375 (run 6375/8000) loss=0.03730 byte_ppl=1.038 atoms=43 merges=0 field=9.9484 rms=0.3109 scale=1.0000 fcos=nan ign=0.0000 prn=nan nxp=0.000 mph=0.000 bytes=131072 pkts=131072 shard=0
step=0622400 (run 6400/8000) loss=3.09879 byte_ppl=22.171 atoms=71 merges=0 field=9.9894 rms=0.3122 scale=1.0000 fcos=nan ign=0.0000 prn=nan nxp=0.000 mph=0.000 bytes=131072 pkts=131072 shard=0
step=0622425 (run 6425/8000) loss=0.00333 byte_ppl=1.003 atoms=27 merges=0 field=10.0054 rms=0.3127 scale=1.0000 fcos=nan ign=0.0000 prn=nan nxp=0.000 mph=0.000 bytes=131072 pkts=131072 shard=0
step=0622450 (run 6450/8000) loss=0.00438 byte_ppl=1.004 atoms=55 merges=0 field=10.0343 rms=0.3136 scale=1.0000 fcos=nan ign=0.0000 prn=nan nxp=0.000 mph=0.000 bytes=131072 pkts=131072 shard=0
step=0622475 (run 6475/8000) loss=0.03184 byte_ppl=1.032 atoms=12 merges=0 field=10.0463 rms=0.3139 scale=1.0000 fcos=nan ign=0.0000 prn=nan nxp=0.000 mph=0.000 bytes=131072 pkts=131072 shard=0
step=0622500 (run 6500/8000) loss=0.00243 byte_ppl=1.002 atoms=40 merges=0 field=10.0157 rms=0.3130 scale=1.0000 fcos=nan ign=0.0000 prn=nan nxp=0.000 mph=0.000 bytes=131072 pkts=131072 shard=0
step=0622525 (run 6525/8000) loss=5.30687 byte_ppl=201.719 atoms=67 merges=0 field=10.0248 rms=0.3133 scale=1.0000 fcos=nan ign=0.0000 prn=nan nxp=0.000 mph=0.000 bytes=131072 pkts=131072 shard=0
step=0622550 (run 6550/8000) loss=0.00037 byte_ppl=1.000 atoms=25 merges=0 field=10.0412 rms=0.3138 scale=1.0000 fcos=nan ign=0.0000 prn=nan nxp=0.000 mph=0.000 bytes=131072 pkts=131072 shard=0
step=0622575 (run 6575/8000) loss=0.03155 byte_ppl=1.032 atoms=52 merges=0 field=10.0743 rms=0.3148 scale=1.0000 fcos=nan ign=0.0000 prn=nan nxp=0.000 mph=0.000 bytes=131072 pkts=131072 shard=0
step=0622600 (run 6600/8000) loss=0.00623 byte_ppl=1.006 atoms=9 merges=0 field=10.0886 rms=0.3153 scale=1.0000 fcos=nan ign=0.0000 prn=nan nxp=0.000 mph=0.000 bytes=131072 pkts=131072 shard=0
step=0622625 (run 6625/8000) loss=0.00144 byte_ppl=1.001 atoms=36 merges=0 field=10.0488 rms=0.3140 scale=1.0000 fcos=nan ign=0.0000 prn=nan nxp=0.000 mph=0.000 bytes=131072 pkts=131072 shard=0
step=0622650 (run 6650/8000) loss=0.11292 byte_ppl=1.120 atoms=64 merges=0 field=10.0461 rms=0.3139 scale=1.0000 fcos=nan ign=0.0000 prn=nan nxp=0.000 mph=0.000 bytes=131072 pkts=131072 shard=0
step=0622675 (run 6675/8000) loss=4.36210 byte_ppl=78.422 atoms=21 merges=0 field=10.0885 rms=0.3153 scale=1.0000 fcos=nan ign=0.0000 prn=nan nxp=0.000 mph=0.000 bytes=131072 pkts=131072 shard=0
step=0622700 (run 6700/8000) loss=0.76103 byte_ppl=2.140 atoms=49 merges=0 field=10.1071 rms=0.3158 scale=1.0000 fcos=nan ign=0.0000 prn=nan nxp=0.000 mph=0.000 bytes=131072 pkts=131072 shard=0
step=0622725 (run 6725/8000) loss=9.03095 byte_ppl=8357.824 atoms=5 merges=0 field=10.1079 rms=0.3159 scale=1.0000 fcos=nan ign=0.0000 prn=nan nxp=0.000 mph=0.000 bytes=131072 pkts=131072 shard=0
step=0622750 (run 6750/8000) loss=5.59301 byte_ppl=268.542 atoms=33 merges=0 field=10.1285 rms=0.3165 scale=1.0000 fcos=nan ign=0.0000 prn=nan nxp=0.000 mph=0.000 bytes=131072 pkts=131072 shard=0
step=0622775 (run 6775/8000) loss=0.00470 byte_ppl=1.005 atoms=60 merges=0 field=10.1685 rms=0.3178 scale=1.0000 fcos=nan ign=0.0000 prn=nan nxp=0.000 mph=0.000 bytes=131072 pkts=131072 shard=0
step=0622800 (run 6800/8000) loss=7.63614 byte_ppl=2071.721 atoms=18 merges=0 field=10.1645 rms=0.3176 scale=1.0000 fcos=nan ign=0.0000 prn=nan nxp=0.000 mph=0.000 bytes=131072 pkts=131072 shard=0
step=0622825 (run 6825/8000) loss=0.76217 byte_ppl=2.143 atoms=45 merges=0 field=10.1599 rms=0.3175 scale=1.0000 fcos=nan ign=0.0000 prn=nan nxp=0.000 mph=0.000 bytes=131072 pkts=131072 shard=0
step=0622850 (run 6850/8000) loss=0.00835 byte_ppl=1.008 atoms=3 merges=0 field=10.2015 rms=0.3188 scale=1.0000 fcos=nan ign=0.0000 prn=nan nxp=0.000 mph=0.000 bytes=131072 pkts=131072 shard=0
step=0622875 (run 6875/8000) loss=0.00124 byte_ppl=1.001 atoms=30 merges=0 field=10.2041 rms=0.3189 scale=1.0000 fcos=nan ign=0.0000 prn=nan nxp=0.000 mph=0.000 bytes=131072 pkts=131072 shard=0
step=0622900 (run 6900/8000) loss=8.43139 byte_ppl=4588.851 atoms=58 merges=0 field=10.1813 rms=0.3182 scale=1.0000 fcos=nan ign=0.0000 prn=nan nxp=0.000 mph=0.000 bytes=131072 pkts=131072 shard=0
step=0622925 (run 6925/8000) loss=2.30491 byte_ppl=10.023 atoms=14 merges=0 field=10.1707 rms=0.3178 scale=1.0000 fcos=nan ign=0.0000 prn=nan nxp=0.000 mph=0.000 bytes=131072 pkts=131072 shard=0
step=0622950 (run 6950/8000) loss=2.77896 byte_ppl=16.102 atoms=42 merges=0 field=10.1286 rms=0.3165 scale=1.0000 fcos=nan ign=0.0000 prn=nan nxp=0.000 mph=0.000 bytes=131072 pkts=131072 shard=0
step=0622975 (run 6975/8000) loss=0.00005 byte_ppl=1.000 atoms=69 merges=0 field=10.1349 rms=0.3167 scale=1.0000 fcos=nan ign=0.0000 prn=nan nxp=0.000 mph=0.000 bytes=131072 pkts=131072 shard=0
step=0623000 (run 7000/8000) loss=0.07802 byte_ppl=1.081 atoms=27 merges=0 field=10.0932 rms=0.3154 scale=1.0000 fcos=nan ign=0.0000 prn=nan nxp=0.000 mph=0.000 bytes=131072 pkts=131072 shard=0
step=0623025 (run 7025/8000) loss=0.00111 byte_ppl=1.001 atoms=54 merges=0 field=10.0761 rms=0.3149 scale=1.0000 fcos=nan ign=0.0000 prn=nan nxp=0.000 mph=0.000 bytes=131072 pkts=131072 shard=0
step=0623050 (run 7050/8000) loss=0.00202 byte_ppl=1.002 atoms=11 merges=0 field=10.0772 rms=0.3149 scale=1.0000 fcos=nan ign=0.0000 prn=nan nxp=0.000 mph=0.000 bytes=131072 pkts=131072 shard=0
step=0623075 (run 7075/8000) loss=0.00012 byte_ppl=1.000 atoms=38 merges=0 field=10.0581 rms=0.3143 scale=1.0000 fcos=nan ign=0.0000 prn=nan nxp=0.000 mph=0.000 bytes=131072 pkts=131072 shard=0
step=0623100 (run 7100/8000) loss=7.54933 byte_ppl=1899.474 atoms=66 merges=0 field=10.0485 rms=0.3140 scale=1.0000 fcos=nan ign=0.0000 prn=nan nxp=0.000 mph=0.000 bytes=131072 pkts=131072 shard=0
step=0623125 (run 7125/8000) loss=0.00315 byte_ppl=1.003 atoms=23 merges=0 field=10.0501 rms=0.3141 scale=1.0000 fcos=nan ign=0.0000 prn=nan nxp=0.000 mph=0.000 bytes=131072 pkts=131072 shard=0
step=0623150 (run 7150/8000) loss=3.16902 byte_ppl=23.784 atoms=51 merges=0 field=10.1005 rms=0.3156 scale=1.0000 fcos=nan ign=0.0000 prn=nan nxp=0.000 mph=0.000 bytes=131072 pkts=131072 shard=0
step=0623175 (run 7175/8000) loss=0.00233 byte_ppl=1.002 atoms=8 merges=0 field=10.1375 rms=0.3168 scale=1.0000 fcos=nan ign=0.0000 prn=nan nxp=0.000 mph=0.000 bytes=131072 pkts=131072 shard=0
step=0623200 (run 7200/8000) loss=2.46814 byte_ppl=11.800 atoms=36 merges=0 field=10.1084 rms=0.3159 scale=1.0000 fcos=nan ign=0.0000 prn=nan nxp=0.000 mph=0.000 bytes=131072 pkts=131072 shard=0
step=0623225 (run 7225/8000) loss=0.03005 byte_ppl=1.031 atoms=63 merges=0 field=10.0978 rms=0.3156 scale=1.0000 fcos=nan ign=0.0000 prn=nan nxp=0.000 mph=0.000 bytes=131072 pkts=131072 shard=0
step=0623250 (run 7250/8000) loss=0.13819 byte_ppl=1.148 atoms=20 merges=0 field=10.1291 rms=0.3165 scale=1.0000 fcos=nan ign=0.0000 prn=nan nxp=0.000 mph=0.000 bytes=131072 pkts=131072 shard=0
step=0623275 (run 7275/8000) loss=0.00091 byte_ppl=1.001 atoms=47 merges=0 field=10.1190 rms=0.3162 scale=1.0000 fcos=nan ign=0.0000 prn=nan nxp=0.000 mph=0.000 bytes=131072 pkts=131072 shard=0
step=0623300 (run 7300/8000) loss=11.36722 byte_ppl=86441.055 atoms=5 merges=0 field=10.1054 rms=0.3158 scale=1.0000 fcos=nan ign=0.0000 prn=nan nxp=0.000 mph=0.000 bytes=131072 pkts=131072 shard=0
step=0623325 (run 7325/8000) loss=5.56558 byte_ppl=261.278 atoms=32 merges=0 field=10.1018 rms=0.3157 scale=1.0000 fcos=nan ign=0.0000 prn=nan nxp=0.000 mph=0.000 bytes=131072 pkts=131072 shard=0
step=0623350 (run 7350/8000) loss=0.08321 byte_ppl=1.087 atoms=60 merges=0 field=10.0785 rms=0.3150 scale=1.0000 fcos=nan ign=0.0000 prn=nan nxp=0.000 mph=0.000 bytes=131072 pkts=131072 shard=0
step=0623375 (run 7375/8000) loss=0.00046 byte_ppl=1.000 atoms=16 merges=0 field=10.0425 rms=0.3138 scale=1.0000 fcos=nan ign=0.0000 prn=nan nxp=0.000 mph=0.000 bytes=131072 pkts=131072 shard=0
step=0623400 (run 7400/8000) loss=2.69552 byte_ppl=14.813 atoms=44 merges=0 field=10.0954 rms=0.3155 scale=1.0000 fcos=nan ign=0.0000 prn=nan nxp=0.000 mph=0.000 bytes=131072 pkts=131072 shard=0
step=0623425 (run 7425/8000) loss=3.21389 byte_ppl=24.876 atoms=1 merges=0 field=10.1051 rms=0.3158 scale=1.0000 fcos=nan ign=0.0000 prn=nan nxp=0.000 mph=0.000 bytes=131072 pkts=131072 shard=0
step=0623450 (run 7450/8000) loss=3.41710 byte_ppl=30.481 atoms=29 merges=0 field=10.1144 rms=0.3161 scale=1.0000 fcos=nan ign=0.0000 prn=nan nxp=0.000 mph=0.000 bytes=131072 pkts=131072 shard=0
step=0623475 (run 7475/8000) loss=0.00150 byte_ppl=1.002 atoms=56 merges=0 field=10.1031 rms=0.3157 scale=1.0000 fcos=nan ign=0.0000 prn=nan nxp=0.000 mph=0.000 bytes=131072 pkts=131072 shard=0
step=0623500 (run 7500/8000) loss=10.29337 byte_ppl=29536.066 atoms=14 merges=0 field=10.0787 rms=0.3150 scale=1.0000 fcos=nan ign=0.0000 prn=nan nxp=0.000 mph=0.000 bytes=131072 pkts=131072 shard=0
step=0623525 (run 7525/8000) loss=0.00110 byte_ppl=1.001 atoms=41 merges=0 field=10.0768 rms=0.3149 scale=1.0000 fcos=nan ign=0.0000 prn=nan nxp=0.000 mph=0.000 bytes=131072 pkts=131072 shard=0
step=0623550 (run 7550/8000) loss=0.01441 byte_ppl=1.015 atoms=69 merges=0 field=10.0806 rms=0.3150 scale=1.0000 fcos=nan ign=0.0000 prn=nan nxp=0.000 mph=0.000 bytes=131072 pkts=131072 shard=0
step=0623575 (run 7575/8000) loss=6.95928 byte_ppl=1052.877 atoms=25 merges=0 field=10.0730 rms=0.3148 scale=1.0000 fcos=nan ign=0.0000 prn=nan nxp=0.000 mph=0.000 bytes=131072 pkts=131072 shard=0
step=0623600 (run 7600/8000) loss=0.89332 byte_ppl=2.443 atoms=53 merges=0 field=10.0522 rms=0.3141 scale=1.0000 fcos=nan ign=0.0000 prn=nan nxp=0.000 mph=0.000 bytes=131072 pkts=131072 shard=0
step=0623625 (run 7625/8000) loss=0.01263 byte_ppl=1.013 atoms=10 merges=0 field=10.0626 rms=0.3145 scale=1.0000 fcos=nan ign=0.0000 prn=nan nxp=0.000 mph=0.000 bytes=131072 pkts=131072 shard=0
step=0623650 (run 7650/8000) loss=0.00408 byte_ppl=1.004 atoms=38 merges=0 field=10.1158 rms=0.3161 scale=1.0000 fcos=nan ign=0.0000 prn=nan nxp=0.000 mph=0.000 bytes=131072 pkts=131072 shard=0
step=0623675 (run 7675/8000) loss=0.00070 byte_ppl=1.001 atoms=65 merges=0 field=10.0771 rms=0.3149 scale=1.0000 fcos=nan ign=0.0000 prn=nan nxp=0.000 mph=0.000 bytes=131072 pkts=131072 shard=0
step=0623700 (run 7700/8000) loss=0.00747 byte_ppl=1.008 atoms=22 merges=0 field=10.1175 rms=0.3162 scale=1.0000 fcos=nan ign=0.0000 prn=nan nxp=0.000 mph=0.000 bytes=131072 pkts=131072 shard=0
step=0623725 (run 7725/8000) loss=2.31538 byte_ppl=10.129 atoms=49 merges=0 field=10.1508 rms=0.3172 scale=1.0000 fcos=nan ign=0.0000 prn=nan nxp=0.000 mph=0.000 bytes=131072 pkts=131072 shard=0
step=0623750 (run 7750/8000) loss=0.05979 byte_ppl=1.062 atoms=7 merges=0 field=10.1316 rms=0.3166 scale=1.0000 fcos=nan ign=0.0000 prn=nan nxp=0.000 mph=0.000 bytes=131072 pkts=131072 shard=0
step=0623775 (run 7775/8000) loss=0.00005 byte_ppl=1.000 atoms=34 merges=0 field=10.1833 rms=0.3182 scale=1.0000 fcos=nan ign=0.0000 prn=nan nxp=0.000 mph=0.000 bytes=131072 pkts=131072 shard=0
step=0623800 (run 7800/8000) loss=6.27583 byte_ppl=531.567 atoms=62 merges=0 field=10.1668 rms=0.3177 scale=1.0000 fcos=nan ign=0.0000 prn=nan nxp=0.000 mph=0.000 bytes=131072 pkts=131072 shard=0
step=0623825 (run 7825/8000) loss=4.69464 byte_ppl=109.359 atoms=19 merges=0 field=10.1840 rms=0.3183 scale=1.0000 fcos=nan ign=0.0000 prn=nan nxp=0.000 mph=0.000 bytes=131072 pkts=131072 shard=0
step=0623850 (run 7850/8000) loss=0.02687 byte_ppl=1.027 atoms=47 merges=0 field=10.2024 rms=0.3188 scale=1.0000 fcos=nan ign=0.0000 prn=nan nxp=0.000 mph=0.000 bytes=131072 pkts=131072 shard=0
step=0623875 (run 7875/8000) loss=2.98386 byte_ppl=19.764 atoms=3 merges=0 field=10.1721 rms=0.3179 scale=1.0000 fcos=nan ign=0.0000 prn=nan nxp=0.000 mph=0.000 bytes=131072 pkts=131072 shard=0
step=0623900 (run 7900/8000) loss=3.96131 byte_ppl=52.526 atoms=31 merges=0 field=10.1529 rms=0.3173 scale=1.0000 fcos=nan ign=0.0000 prn=nan nxp=0.000 mph=0.000 bytes=131072 pkts=131072 shard=0
step=0623925 (run 7925/8000) loss=0.00211 byte_ppl=1.002 atoms=58 merges=0 field=10.1442 rms=0.3170 scale=1.0000 fcos=nan ign=0.0000 prn=nan nxp=0.000 mph=0.000 bytes=131072 pkts=131072 shard=0
step=0623950 (run 7950/8000) loss=15.36639 byte_ppl=4715603.055 atoms=16 merges=0 field=10.1007 rms=0.3156 scale=1.0000 fcos=nan ign=0.0000 prn=nan nxp=0.000 mph=0.000 bytes=131072 pkts=131072 shard=0
step=0623975 (run 7975/8000) loss=0.00504 byte_ppl=1.005 atoms=43 merges=0 field=10.0938 rms=0.3154 scale=1.0000 fcos=nan ign=0.0000 prn=nan nxp=0.000 mph=0.000 bytes=131072 pkts=131072 shard=0
step=0624000 (run 8000/8000) loss=0.00012 byte_ppl=1.000 atoms=71 merges=0 field=10.0984 rms=0.3156 scale=1.0000 fcos=nan ign=0.0000 prn=nan nxp=0.000 mph=0.000 bytes=131072 pkts=131072 shard=0
{
  "stream": true,
  "data_path": null,
  "data_glob": "data/corpus_fr_medium*.txt",
  "shard_paths": [
    "/home/user/atom-ai/data/corpus_fr_medium.txt",
    "/home/user/atom-ai/data/corpus_fr_medium_s21.txt"
  ],
  "data_bytes": 1000453,
  "data_characters": null,
  "atomizer_version": "atomizer-v1-byte-span",
  "feature_dim": 320,
  "packet_count": null,
  "train_packet_count": null,
  "validation_packet_count": 2048,
  "mean_packet_bytes": null,
  "max_packet_bytes": null,
  "min_packet_bytes": null,
  "bytes_seen": 131072,
  "config": {
    "d_model": 32,
    "n_modes": 32,
    "n_atoms_max": 64,
    "max_span_bytes": 1,
    "episode_length": 8000,
    "episode_reset": true,
    "atom_flush_every": 64,
    "learning_rate": 5e-05,
    "surface_learning_rate": 0.00012,
    "steps": 8000,
    "start_step": 616000,
    "seed": 20260913,
    "surface_alphabet": 256,
    "field_max_rms": 3.0,
    "energy_decay_bounds": [
      0.3,
      0.95
    ],
    "stream": true,
    "chunk_bytes": 65536,
    "loop_shards": true,
    "stream_buffer": 2048,
    "stream_prefetch": true,
    "stream_skip_packets": 120000,
    "last_atom_readout": true,
    "efference_every": 10,
    "enable_merge": false,
    "payload_copy": false,
    "merge_coherence_threshold": 0.45,
    "merge_energy_floor": 0.08,
    "field_loss_weight": 0.05,
    "field_contrast_weight": 0.0,
    "field_ignorance_weight": 0.08,
    "field_ignorance_ablate_shared": false,
    "field_ignorance_prompt_bank": false,
    "field_obligatory_readout": true,
    "field_obligatory_hard": true,
    "printable_aux_weight": 0.0,
    "field_next_packet_weight": 0.0,
    "slow_every": 1
  },
  "packets_seen": 131072,
  "stream_epoch": 0,
  "train": {
    "steps": 8000,
    "efference_every": 10,
    "efference_steps": 800,
    "start_step": 616000,
    "total_steps": 624000,
    "episode_length": 8000,
    "episode_reset": true,
    "atom_flush_every": 64,
    "elapsed_seconds": 122.1000136770001,
    "transitions_per_second": 65.52005818085306,
    "first_loss": 0.007406751159578562,
    "final_loss": 0.00011991735664196312,
    "final_total_perplexity": 1.0001199245470156,
    "finite_losses": true,
    "finite_parameters": true,
    "nan_or_inf": false,
    "field_rms_before_max": 0.3290972411632538,
    "field_rms_after_max": 0.3290972411632538,
    "field_scale_min": 1.0,
    "field_norm_max": 10.531063079833984,
    "field_limited_steps": 0,
    "field_limited_fraction": 0.0,
    "final_dynamics": {
      "coupling_scale": 1.1391843557357788,
      "energy_decay": 0.30016666650772095,
      "phase_sync": 0.24206577241420746,
      "energy_decay_before": 0.30016666650772095,
      "energy_decay_repaired": false,
      "energy_decay_bounds": [
        0.3,
        0.95
      ]
    },
    "final_atoms_before_validation": 59,
    "stream": true,
    "bytes_seen": 131072
  },
  "validation": {
    "transitions": 256,
    "loss": 1.0455585741739313,
    "total_perplexity": 2.8449872162933088,
    "byte_loss": 1.0455585741739313,
    "byte_perplexity": 2.8449872162933088,
    "source": "stream_ring"
  },
  "checkpoint": "checkpoints/byte_tick/atom_native_step_624000_d32_ms1M.pt",
  "reload": {
    "n_atoms": 0,
    "field_norm": 10.098440170288086,
    "time": 88.0003890991211,
    "finite": true
  },
  "generation": {
    "The future of AI is": {
      "temperature": 0.8,
      "top_k": 5,
      "max_length": 20,
      "bytes_hex": "5065757520202020",
      "text": "Peuu    ",
      "reload_text": "Peuu    ",
      "reload_match": true
    },
    "Bonjour, je m'appelle": {
      "temperature": 0.8,
      "top_k": 5,
      "max_length": 20,
      "bytes_hex": "5065757820717527",
      "text": "Peux qu'",
      "reload_text": "Peux qu'",
      "reload_match": true
    },
    "Valkyria Chronicles III is": {
      "temperature": 0.8,
      "top_k": 5,
      "max_length": 20,
      "bytes_hex": "5065757520202020",
      "text": "Peuu    ",
      "reload_text": "Peuu    ",
      "reload_match": true
    }
  }
}
