train lock skipped (--allow-parallel-train)
stream skip: advancing 568000 packet transitions...
stream skip done: packets_seen=631268
resumed weights from checkpoints/byte_tick/atom_native_step_1064000_d32_ms1M.pt (recorded step=1064000, legacy_surface_migrated=False, span_head_migrated=False)
atomizer pack_mode=linguistic max_span_bytes=1
dynamics on load: energy_decay=0.30000001192092896 -> 0.30000001192092896 (repaired=False, bounds=(0.3, 0.95))
MERGE gates: enable=False coherence_thr=0.450 energy_floor=0.080
field_obligatory_hard=ON hard-v2+ (mix_floor=1.0, freeze bypass, logits=frozen+cap*(α_MLP+payload_prod))
payload_copy=False (train-time copy-bias branch)
last_atom_readout=True (byte-tick 2-gram + dentate)
efference_every=10 (0=off)
optimizer groups: field/other lr=5e-05 (13 tensors), surface lr=0.00012 (25 tensors); energy_decay_bounds=(0.3, 0.95); field_max_rms=3.0
stream mode: 2 shard(s), chunk_bytes=65536, loop_shards=True, stream_buffer=2048, stream_prefetch=True
optimizer restore skipped: surface LR param groups differ from checkpoint
step=1064001 (run 1/8000) loss=12.29528 byte_ppl=218662.192 atoms=1 merges=0 field=0.0511 rms=0.0019 scale=1.0000 fcos=nan ign=0.0000 prn=nan nxp=0.000 mph=0.000 bytes=631268 pkts=631268 shard=1
step=1064025 (run 25/8000) loss=0.00130 byte_ppl=1.001 atoms=27 merges=0 field=0.7486 rms=0.0234 scale=1.0000 fcos=nan ign=0.0000 prn=nan nxp=0.000 mph=0.000 bytes=631268 pkts=631268 shard=1
step=1064050 (run 50/8000) loss=7.23440 byte_ppl=1386.314 atoms=55 merges=0 field=1.3633 rms=0.0426 scale=1.0000 fcos=nan ign=0.0000 prn=nan nxp=0.000 mph=0.000 bytes=631268 pkts=631268 shard=1
step=1064075 (run 75/8000) loss=0.00277 byte_ppl=1.003 atoms=12 merges=0 field=1.8877 rms=0.0590 scale=1.0000 fcos=nan ign=0.0000 prn=nan nxp=0.000 mph=0.000 bytes=631268 pkts=631268 shard=1
step=1064100 (run 100/8000) loss=4.60535 byte_ppl=100.018 atoms=40 merges=0 field=2.3251 rms=0.0727 scale=1.0000 fcos=nan ign=0.0000 prn=nan nxp=0.000 mph=0.000 bytes=631268 pkts=631268 shard=1
step=1064125 (run 125/8000) loss=4.22373 byte_ppl=68.288 atoms=67 merges=0 field=2.7337 rms=0.0854 scale=1.0000 fcos=nan ign=0.0000 prn=nan nxp=0.000 mph=0.000 bytes=631268 pkts=631268 shard=1
step=1064150 (run 150/8000) loss=7.23610 byte_ppl=1388.673 atoms=25 merges=0 field=3.1145 rms=0.0973 scale=1.0000 fcos=nan ign=0.0000 prn=nan nxp=0.000 mph=0.000 bytes=631268 pkts=631268 shard=1
step=1064175 (run 175/8000) loss=0.00441 byte_ppl=1.004 atoms=52 merges=0 field=3.5469 rms=0.1108 scale=1.0000 fcos=nan ign=0.0000 prn=nan nxp=0.000 mph=0.000 bytes=631268 pkts=631268 shard=1
step=1064200 (run 200/8000) loss=1.53481 byte_ppl=4.640 atoms=9 merges=0 field=3.9495 rms=0.1234 scale=1.0000 fcos=nan ign=0.0000 prn=nan nxp=0.000 mph=0.000 bytes=631268 pkts=631268 shard=1
step=1064225 (run 225/8000) loss=2.76143 byte_ppl=15.823 atoms=36 merges=0 field=4.3669 rms=0.1365 scale=1.0000 fcos=nan ign=0.0000 prn=nan nxp=0.000 mph=0.000 bytes=631268 pkts=631268 shard=1
step=1064250 (run 250/8000) loss=0.78200 byte_ppl=2.186 atoms=64 merges=0 field=4.7547 rms=0.1486 scale=1.0000 fcos=nan ign=0.0000 prn=nan nxp=0.000 mph=0.000 bytes=631268 pkts=631268 shard=1
step=1064275 (run 275/8000) loss=0.00177 byte_ppl=1.002 atoms=21 merges=0 field=5.0725 rms=0.1585 scale=1.0000 fcos=nan ign=0.0000 prn=nan nxp=0.000 mph=0.000 bytes=631268 pkts=631268 shard=1
step=1064300 (run 300/8000) loss=0.00570 byte_ppl=1.006 atoms=49 merges=0 field=5.3611 rms=0.1675 scale=1.0000 fcos=nan ign=0.0000 prn=nan nxp=0.000 mph=0.000 bytes=631268 pkts=631268 shard=1
step=1064325 (run 325/8000) loss=0.00025 byte_ppl=1.000 atoms=5 merges=0 field=5.7281 rms=0.1790 scale=1.0000 fcos=nan ign=0.0000 prn=nan nxp=0.000 mph=0.000 bytes=631268 pkts=631268 shard=1
step=1064350 (run 350/8000) loss=0.05932 byte_ppl=1.061 atoms=33 merges=0 field=6.1355 rms=0.1917 scale=1.0000 fcos=nan ign=0.0000 prn=nan nxp=0.000 mph=0.000 bytes=631268 pkts=631268 shard=1
step=1064375 (run 375/8000) loss=0.00052 byte_ppl=1.001 atoms=60 merges=0 field=6.5086 rms=0.2034 scale=1.0000 fcos=nan ign=0.0000 prn=nan nxp=0.000 mph=0.000 bytes=631268 pkts=631268 shard=1
step=1064400 (run 400/8000) loss=0.16394 byte_ppl=1.178 atoms=18 merges=0 field=6.8211 rms=0.2132 scale=1.0000 fcos=nan ign=0.0000 prn=nan nxp=0.000 mph=0.000 bytes=631268 pkts=631268 shard=1
step=1064425 (run 425/8000) loss=0.02587 byte_ppl=1.026 atoms=45 merges=0 field=7.1958 rms=0.2249 scale=1.0000 fcos=nan ign=0.0000 prn=nan nxp=0.000 mph=0.000 bytes=631268 pkts=631268 shard=1
step=1064450 (run 450/8000) loss=3.05415 byte_ppl=21.203 atoms=3 merges=0 field=7.4872 rms=0.2340 scale=1.0000 fcos=nan ign=0.0000 prn=nan nxp=0.000 mph=0.000 bytes=631268 pkts=631268 shard=1
step=1064475 (run 475/8000) loss=1.46999 byte_ppl=4.349 atoms=30 merges=0 field=7.8116 rms=0.2441 scale=1.0000 fcos=nan ign=0.0000 prn=nan nxp=0.000 mph=0.000 bytes=631268 pkts=631268 shard=1
step=1064500 (run 500/8000) loss=0.00100 byte_ppl=1.001 atoms=58 merges=0 field=8.1495 rms=0.2547 scale=1.0000 fcos=nan ign=0.0000 prn=nan nxp=0.000 mph=0.000 bytes=631268 pkts=631268 shard=1
step=1064525 (run 525/8000) loss=5.00155 byte_ppl=148.644 atoms=14 merges=0 field=8.5244 rms=0.2664 scale=1.0000 fcos=nan ign=0.0000 prn=nan nxp=0.000 mph=0.000 bytes=631268 pkts=631268 shard=1
step=1064550 (run 550/8000) loss=0.10338 byte_ppl=1.109 atoms=42 merges=0 field=8.7837 rms=0.2745 scale=1.0000 fcos=nan ign=0.0000 prn=nan nxp=0.000 mph=0.000 bytes=631268 pkts=631268 shard=1
step=1064575 (run 575/8000) loss=1.53369 byte_ppl=4.635 atoms=69 merges=0 field=9.0942 rms=0.2842 scale=1.0000 fcos=nan ign=0.0000 prn=nan nxp=0.000 mph=0.000 bytes=631268 pkts=631268 shard=1
step=1064600 (run 600/8000) loss=5.84029 byte_ppl=343.881 atoms=27 merges=0 field=9.4814 rms=0.2963 scale=1.0000 fcos=nan ign=0.0000 prn=nan nxp=0.000 mph=0.000 bytes=631268 pkts=631268 shard=1
step=1064625 (run 625/8000) loss=0.01038 byte_ppl=1.010 atoms=54 merges=0 field=9.7999 rms=0.3063 scale=1.0000 fcos=nan ign=0.0000 prn=nan nxp=0.000 mph=0.000 bytes=631268 pkts=631268 shard=1
step=1064650 (run 650/8000) loss=4.14723 byte_ppl=63.259 atoms=11 merges=0 field=10.0841 rms=0.3151 scale=1.0000 fcos=nan ign=0.0000 prn=nan nxp=0.000 mph=0.000 bytes=631268 pkts=631268 shard=1
step=1064675 (run 675/8000) loss=0.00562 byte_ppl=1.006 atoms=38 merges=0 field=10.4023 rms=0.3251 scale=1.0000 fcos=nan ign=0.0000 prn=nan nxp=0.000 mph=0.000 bytes=631268 pkts=631268 shard=1
step=1064700 (run 700/8000) loss=0.00184 byte_ppl=1.002 atoms=66 merges=0 field=10.7694 rms=0.3365 scale=1.0000 fcos=nan ign=0.0000 prn=nan nxp=0.000 mph=0.000 bytes=631268 pkts=631268 shard=1
step=1064725 (run 725/8000) loss=0.00507 byte_ppl=1.005 atoms=23 merges=0 field=11.0657 rms=0.3458 scale=1.0000 fcos=nan ign=0.0000 prn=nan nxp=0.000 mph=0.000 bytes=631268 pkts=631268 shard=1
step=1064750 (run 750/8000) loss=0.20046 byte_ppl=1.222 atoms=51 merges=0 field=11.4148 rms=0.3567 scale=1.0000 fcos=nan ign=0.0000 prn=nan nxp=0.000 mph=0.000 bytes=631268 pkts=631268 shard=1
step=1064775 (run 775/8000) loss=0.00589 byte_ppl=1.006 atoms=8 merges=0 field=11.6277 rms=0.3634 scale=1.0000 fcos=nan ign=0.0000 prn=nan nxp=0.000 mph=0.000 bytes=631268 pkts=631268 shard=1
step=1064800 (run 800/8000) loss=5.18877 byte_ppl=179.249 atoms=36 merges=0 field=11.9064 rms=0.3721 scale=1.0000 fcos=nan ign=0.0000 prn=nan nxp=0.000 mph=0.000 bytes=631268 pkts=631268 shard=1
step=1064825 (run 825/8000) loss=6.38918 byte_ppl=595.369 atoms=63 merges=0 field=12.2113 rms=0.3816 scale=1.0000 fcos=nan ign=0.0000 prn=nan nxp=0.000 mph=0.000 bytes=631268 pkts=631268 shard=1
step=1064850 (run 850/8000) loss=12.73837 byte_ppl=340567.624 atoms=20 merges=0 field=12.3875 rms=0.3871 scale=1.0000 fcos=nan ign=0.0000 prn=nan nxp=0.000 mph=0.000 bytes=631268 pkts=631268 shard=1
step=1064875 (run 875/8000) loss=0.00331 byte_ppl=1.003 atoms=47 merges=0 field=12.6633 rms=0.3957 scale=1.0000 fcos=nan ign=0.0000 prn=nan nxp=0.000 mph=0.000 bytes=631268 pkts=631268 shard=1
step=1064900 (run 900/8000) loss=0.00054 byte_ppl=1.001 atoms=5 merges=0 field=12.9639 rms=0.4051 scale=1.0000 fcos=nan ign=0.0000 prn=nan nxp=0.000 mph=0.000 bytes=631268 pkts=631268 shard=1
step=1064925 (run 925/8000) loss=0.02706 byte_ppl=1.027 atoms=32 merges=0 field=13.2661 rms=0.4146 scale=1.0000 fcos=nan ign=0.0000 prn=nan nxp=0.000 mph=0.000 bytes=631268 pkts=631268 shard=1
step=1064950 (run 950/8000) loss=0.10123 byte_ppl=1.107 atoms=60 merges=0 field=13.5291 rms=0.4228 scale=1.0000 fcos=nan ign=0.0000 prn=nan nxp=0.000 mph=0.000 bytes=631268 pkts=631268 shard=1
step=1064975 (run 975/8000) loss=1.67714 byte_ppl=5.350 atoms=16 merges=0 field=13.8373 rms=0.4324 scale=1.0000 fcos=nan ign=0.0000 prn=nan nxp=0.000 mph=0.000 bytes=631268 pkts=631268 shard=1
step=1065000 (run 1000/8000) loss=0.00328 byte_ppl=1.003 atoms=44 merges=0 field=14.1359 rms=0.4417 scale=1.0000 fcos=nan ign=0.0000 prn=nan nxp=0.000 mph=0.000 bytes=631268 pkts=631268 shard=1
step=1065025 (run 1025/8000) loss=1.50820 byte_ppl=4.519 atoms=1 merges=0 field=14.4079 rms=0.4502 scale=1.0000 fcos=nan ign=0.0000 prn=nan nxp=0.000 mph=0.000 bytes=631268 pkts=631268 shard=1
step=1065050 (run 1050/8000) loss=0.00030 byte_ppl=1.000 atoms=29 merges=0 field=14.7232 rms=0.4601 scale=1.0000 fcos=nan ign=0.0000 prn=nan nxp=0.000 mph=0.000 bytes=631268 pkts=631268 shard=1
step=1065075 (run 1075/8000) loss=2.89333 byte_ppl=18.053 atoms=56 merges=0 field=15.0583 rms=0.4706 scale=1.0000 fcos=nan ign=0.0000 prn=nan nxp=0.000 mph=0.000 bytes=631268 pkts=631268 shard=1
step=1065100 (run 1100/8000) loss=0.00059 byte_ppl=1.001 atoms=14 merges=0 field=15.3425 rms=0.4795 scale=1.0000 fcos=nan ign=0.0000 prn=nan nxp=0.000 mph=0.000 bytes=631268 pkts=631268 shard=1
step=1065125 (run 1125/8000) loss=0.00001 byte_ppl=1.000 atoms=41 merges=0 field=15.6309 rms=0.4885 scale=1.0000 fcos=nan ign=0.0000 prn=nan nxp=0.000 mph=0.000 bytes=631268 pkts=631268 shard=1
step=1065150 (run 1150/8000) loss=2.27737 byte_ppl=9.751 atoms=69 merges=0 field=15.9167 rms=0.4974 scale=1.0000 fcos=nan ign=0.0000 prn=nan nxp=0.000 mph=0.000 bytes=631268 pkts=631268 shard=1
step=1065175 (run 1175/8000) loss=1.40824 byte_ppl=4.089 atoms=25 merges=0 field=16.1651 rms=0.5052 scale=1.0000 fcos=nan ign=0.0000 prn=nan nxp=0.000 mph=0.000 bytes=631268 pkts=631268 shard=1
step=1065200 (run 1200/8000) loss=4.92418 byte_ppl=137.577 atoms=53 merges=0 field=16.4643 rms=0.5145 scale=1.0000 fcos=nan ign=0.0000 prn=nan nxp=0.000 mph=0.000 bytes=631268 pkts=631268 shard=1
step=1065225 (run 1225/8000) loss=0.01303 byte_ppl=1.013 atoms=10 merges=0 field=16.6795 rms=0.5212 scale=1.0000 fcos=nan ign=0.0000 prn=nan nxp=0.000 mph=0.000 bytes=631268 pkts=631268 shard=1
step=1065250 (run 1250/8000) loss=2.15438 byte_ppl=8.623 atoms=38 merges=0 field=16.8727 rms=0.5273 scale=1.0000 fcos=nan ign=0.0000 prn=nan nxp=0.000 mph=0.000 bytes=631268 pkts=631268 shard=1
step=1065275 (run 1275/8000) loss=0.00989 byte_ppl=1.010 atoms=65 merges=0 field=17.1705 rms=0.5366 scale=1.0000 fcos=nan ign=0.0000 prn=nan nxp=0.000 mph=0.000 bytes=631268 pkts=631268 shard=1
step=1065300 (run 1300/8000) loss=1.25805 byte_ppl=3.519 atoms=22 merges=0 field=17.3350 rms=0.5417 scale=1.0000 fcos=nan ign=0.0000 prn=nan nxp=0.000 mph=0.000 bytes=631268 pkts=631268 shard=1
step=1065325 (run 1325/8000) loss=0.00014 byte_ppl=1.000 atoms=49 merges=0 field=17.5710 rms=0.5491 scale=1.0000 fcos=nan ign=0.0000 prn=nan nxp=0.000 mph=0.000 bytes=631268 pkts=631268 shard=1
step=1065350 (run 1350/8000) loss=2.23770 byte_ppl=9.372 atoms=7 merges=0 field=17.8629 rms=0.5582 scale=1.0000 fcos=nan ign=0.0000 prn=nan nxp=0.000 mph=0.000 bytes=631268 pkts=631268 shard=1
step=1065375 (run 1375/8000) loss=8.15687 byte_ppl=3487.271 atoms=34 merges=0 field=18.1199 rms=0.5662 scale=1.0000 fcos=nan ign=0.0000 prn=nan nxp=0.000 mph=0.000 bytes=631268 pkts=631268 shard=1
step=1065400 (run 1400/8000) loss=6.31640 byte_ppl=553.579 atoms=62 merges=0 field=18.3975 rms=0.5749 scale=1.0000 fcos=nan ign=0.0000 prn=nan nxp=0.000 mph=0.000 bytes=631268 pkts=631268 shard=1
step=1065425 (run 1425/8000) loss=0.17775 byte_ppl=1.195 atoms=19 merges=0 field=18.6731 rms=0.5835 scale=1.0000 fcos=nan ign=0.0000 prn=nan nxp=0.000 mph=0.000 bytes=631268 pkts=631268 shard=1
step=1065450 (run 1450/8000) loss=0.15712 byte_ppl=1.170 atoms=47 merges=0 field=18.9534 rms=0.5923 scale=1.0000 fcos=nan ign=0.0000 prn=nan nxp=0.000 mph=0.000 bytes=631268 pkts=631268 shard=1
step=1065475 (run 1475/8000) loss=0.69591 byte_ppl=2.006 atoms=3 merges=0 field=19.1641 rms=0.5989 scale=1.0000 fcos=nan ign=0.0000 prn=nan nxp=0.000 mph=0.000 bytes=631268 pkts=631268 shard=1
step=1065500 (run 1500/8000) loss=6.87560 byte_ppl=968.358 atoms=31 merges=0 field=19.4387 rms=0.6075 scale=1.0000 fcos=nan ign=0.0000 prn=nan nxp=0.000 mph=0.000 bytes=631268 pkts=631268 shard=1
step=1065525 (run 1525/8000) loss=0.00855 byte_ppl=1.009 atoms=58 merges=0 field=19.6420 rms=0.6138 scale=1.0000 fcos=nan ign=0.0000 prn=nan nxp=0.000 mph=0.000 bytes=631268 pkts=631268 shard=1
step=1065550 (run 1550/8000) loss=7.44481 byte_ppl=1710.962 atoms=16 merges=0 field=19.8438 rms=0.6201 scale=1.0000 fcos=nan ign=0.0000 prn=nan nxp=0.000 mph=0.000 bytes=631268 pkts=631268 shard=1
step=1065575 (run 1575/8000) loss=0.00044 byte_ppl=1.000 atoms=43 merges=0 field=20.0956 rms=0.6280 scale=1.0000 fcos=nan ign=0.0000 prn=nan nxp=0.000 mph=0.000 bytes=631268 pkts=631268 shard=1
step=1065600 (run 1600/8000) loss=1.58023 byte_ppl=4.856 atoms=71 merges=0 field=20.3313 rms=0.6354 scale=1.0000 fcos=nan ign=0.0000 prn=nan nxp=0.000 mph=0.000 bytes=631268 pkts=631268 shard=1
step=1065625 (run 1625/8000) loss=0.00122 byte_ppl=1.001 atoms=27 merges=0 field=20.5431 rms=0.6420 scale=1.0000 fcos=nan ign=0.0000 prn=nan nxp=0.000 mph=0.000 bytes=631268 pkts=631268 shard=1
step=1065650 (run 1650/8000) loss=0.52301 byte_ppl=1.687 atoms=55 merges=0 field=20.7720 rms=0.6491 scale=1.0000 fcos=nan ign=0.0000 prn=nan nxp=0.000 mph=0.000 bytes=631268 pkts=631268 shard=1
step=1065675 (run 1675/8000) loss=0.00138 byte_ppl=1.001 atoms=12 merges=0 field=20.9897 rms=0.6559 scale=1.0000 fcos=nan ign=0.0000 prn=nan nxp=0.000 mph=0.000 bytes=631268 pkts=631268 shard=1
step=1065700 (run 1700/8000) loss=8.12985 byte_ppl=3394.285 atoms=40 merges=0 field=21.1575 rms=0.6612 scale=1.0000 fcos=nan ign=0.0000 prn=nan nxp=0.000 mph=0.000 bytes=631268 pkts=631268 shard=1
step=1065725 (run 1725/8000) loss=0.00307 byte_ppl=1.003 atoms=67 merges=0 field=21.4093 rms=0.6690 scale=1.0000 fcos=nan ign=0.0000 prn=nan nxp=0.000 mph=0.000 bytes=631268 pkts=631268 shard=1
step=1065750 (run 1750/8000) loss=0.00129 byte_ppl=1.001 atoms=25 merges=0 field=21.6291 rms=0.6759 scale=1.0000 fcos=nan ign=0.0000 prn=nan nxp=0.000 mph=0.000 bytes=631268 pkts=631268 shard=1
step=1065775 (run 1775/8000) loss=0.11889 byte_ppl=1.126 atoms=52 merges=0 field=21.7706 rms=0.6803 scale=1.0000 fcos=nan ign=0.0000 prn=nan nxp=0.000 mph=0.000 bytes=631268 pkts=631268 shard=1
step=1065800 (run 1800/8000) loss=4.33886 byte_ppl=76.620 atoms=9 merges=0 field=21.9842 rms=0.6870 scale=1.0000 fcos=nan ign=0.0000 prn=nan nxp=0.000 mph=0.000 bytes=631268 pkts=631268 shard=1
step=1065825 (run 1825/8000) loss=0.00074 byte_ppl=1.001 atoms=36 merges=0 field=22.1492 rms=0.6922 scale=1.0000 fcos=nan ign=0.0000 prn=nan nxp=0.000 mph=0.000 bytes=631268 pkts=631268 shard=1
step=1065850 (run 1850/8000) loss=0.38207 byte_ppl=1.465 atoms=64 merges=0 field=22.2984 rms=0.6968 scale=1.0000 fcos=nan ign=0.0000 prn=nan nxp=0.000 mph=0.000 bytes=631268 pkts=631268 shard=1
step=1065875 (run 1875/8000) loss=0.00277 byte_ppl=1.003 atoms=21 merges=0 field=22.4777 rms=0.7024 scale=1.0000 fcos=nan ign=0.0000 prn=nan nxp=0.000 mph=0.000 bytes=631268 pkts=631268 shard=1
step=1065900 (run 1900/8000) loss=9.61467 byte_ppl=14983.032 atoms=49 merges=0 field=22.6232 rms=0.7070 scale=1.0000 fcos=nan ign=0.0000 prn=nan nxp=0.000 mph=0.000 bytes=631268 pkts=631268 shard=1
step=1065925 (run 1925/8000) loss=0.02572 byte_ppl=1.026 atoms=5 merges=0 field=22.8700 rms=0.7147 scale=1.0000 fcos=nan ign=0.0000 prn=nan nxp=0.000 mph=0.000 bytes=631268 pkts=631268 shard=1
step=1065950 (run 1950/8000) loss=5.29286 byte_ppl=198.912 atoms=33 merges=0 field=22.9978 rms=0.7187 scale=1.0000 fcos=nan ign=0.0000 prn=nan nxp=0.000 mph=0.000 bytes=631268 pkts=631268 shard=1
step=1065975 (run 1975/8000) loss=0.00204 byte_ppl=1.002 atoms=60 merges=0 field=23.1605 rms=0.7238 scale=1.0000 fcos=nan ign=0.0000 prn=nan nxp=0.000 mph=0.000 bytes=631268 pkts=631268 shard=1
step=1066000 (run 2000/8000) loss=12.59026 byte_ppl=293685.095 atoms=18 merges=0 field=23.3649 rms=0.7302 scale=1.0000 fcos=nan ign=0.0000 prn=nan nxp=0.000 mph=0.000 bytes=631268 pkts=631268 shard=1
step=1066025 (run 2025/8000) loss=0.00014 byte_ppl=1.000 atoms=45 merges=0 field=23.5693 rms=0.7365 scale=1.0000 fcos=nan ign=0.0000 prn=nan nxp=0.000 mph=0.000 bytes=631268 pkts=631268 shard=1
step=1066050 (run 2050/8000) loss=0.01374 byte_ppl=1.014 atoms=3 merges=0 field=23.8165 rms=0.7443 scale=1.0000 fcos=nan ign=0.0000 prn=nan nxp=0.000 mph=0.000 bytes=631268 pkts=631268 shard=1
step=1066075 (run 2075/8000) loss=0.01053 byte_ppl=1.011 atoms=30 merges=0 field=23.9837 rms=0.7495 scale=1.0000 fcos=nan ign=0.0000 prn=nan nxp=0.000 mph=0.000 bytes=631268 pkts=631268 shard=1
step=1066100 (run 2100/8000) loss=4.36755 byte_ppl=78.850 atoms=58 merges=0 field=24.1253 rms=0.7539 scale=1.0000 fcos=nan ign=0.0000 prn=nan nxp=0.000 mph=0.000 bytes=631268 pkts=631268 shard=1
step=1066125 (run 2125/8000) loss=0.54686 byte_ppl=1.728 atoms=14 merges=0 field=24.4017 rms=0.7626 scale=1.0000 fcos=nan ign=0.0000 prn=nan nxp=0.000 mph=0.000 bytes=631268 pkts=631268 shard=1
step=1066150 (run 2150/8000) loss=8.75157 byte_ppl=6320.614 atoms=42 merges=0 field=24.5873 rms=0.7684 scale=1.0000 fcos=nan ign=0.0000 prn=nan nxp=0.000 mph=0.000 bytes=631268 pkts=631268 shard=1
step=1066175 (run 2175/8000) loss=0.00560 byte_ppl=1.006 atoms=69 merges=0 field=24.6637 rms=0.7707 scale=1.0000 fcos=nan ign=0.0000 prn=nan nxp=0.000 mph=0.000 bytes=631268 pkts=631268 shard=1
step=1066200 (run 2200/8000) loss=0.00118 byte_ppl=1.001 atoms=27 merges=0 field=24.9008 rms=0.7782 scale=1.0000 fcos=nan ign=0.0000 prn=nan nxp=0.000 mph=0.000 bytes=631268 pkts=631268 shard=1
step=1066225 (run 2225/8000) loss=0.01418 byte_ppl=1.014 atoms=54 merges=0 field=25.0394 rms=0.7825 scale=1.0000 fcos=nan ign=0.0000 prn=nan nxp=0.000 mph=0.000 bytes=631268 pkts=631268 shard=1
step=1066250 (run 2250/8000) loss=0.81321 byte_ppl=2.255 atoms=11 merges=0 field=25.1916 rms=0.7872 scale=1.0000 fcos=nan ign=0.0000 prn=nan nxp=0.000 mph=0.000 bytes=631268 pkts=631268 shard=1
step=1066275 (run 2275/8000) loss=0.00050 byte_ppl=1.000 atoms=38 merges=0 field=25.3496 rms=0.7922 scale=1.0000 fcos=nan ign=0.0000 prn=nan nxp=0.000 mph=0.000 bytes=631268 pkts=631268 shard=1
step=1066300 (run 2300/8000) loss=8.34524 byte_ppl=4210.107 atoms=66 merges=0 field=25.5869 rms=0.7996 scale=1.0000 fcos=nan ign=0.0000 prn=nan nxp=0.000 mph=0.000 bytes=631268 pkts=631268 shard=1
step=1066325 (run 2325/8000) loss=0.68783 byte_ppl=1.989 atoms=23 merges=0 field=25.7794 rms=0.8056 scale=1.0000 fcos=nan ign=0.0000 prn=nan nxp=0.000 mph=0.000 bytes=631268 pkts=631268 shard=1
step=1066350 (run 2350/8000) loss=0.06048 byte_ppl=1.062 atoms=51 merges=0 field=25.9225 rms=0.8101 scale=1.0000 fcos=nan ign=0.0000 prn=nan nxp=0.000 mph=0.000 bytes=631268 pkts=631268 shard=1
step=1066375 (run 2375/8000) loss=0.07253 byte_ppl=1.075 atoms=8 merges=0 field=26.1240 rms=0.8164 scale=1.0000 fcos=nan ign=0.0000 prn=nan nxp=0.000 mph=0.000 bytes=631268 pkts=631268 shard=1
step=1066400 (run 2400/8000) loss=0.05093 byte_ppl=1.052 atoms=36 merges=0 field=26.3395 rms=0.8231 scale=1.0000 fcos=nan ign=0.0000 prn=nan nxp=0.000 mph=0.000 bytes=631268 pkts=631268 shard=1
step=1066425 (run 2425/8000) loss=0.00013 byte_ppl=1.000 atoms=63 merges=0 field=26.4328 rms=0.8260 scale=1.0000 fcos=nan ign=0.0000 prn=nan nxp=0.000 mph=0.000 bytes=631268 pkts=631268 shard=1
step=1066450 (run 2450/8000) loss=0.69656 byte_ppl=2.007 atoms=20 merges=0 field=26.5815 rms=0.8307 scale=1.0000 fcos=nan ign=0.0000 prn=nan nxp=0.000 mph=0.000 bytes=631268 pkts=631268 shard=1
step=1066475 (run 2475/8000) loss=0.00020 byte_ppl=1.000 atoms=47 merges=0 field=26.7723 rms=0.8366 scale=1.0000 fcos=nan ign=0.0000 prn=nan nxp=0.000 mph=0.000 bytes=631268 pkts=631268 shard=1
step=1066500 (run 2500/8000) loss=3.93692 byte_ppl=51.260 atoms=5 merges=0 field=26.8714 rms=0.8397 scale=1.0000 fcos=nan ign=0.0000 prn=nan nxp=0.000 mph=0.000 bytes=631268 pkts=631268 shard=1
step=1066525 (run 2525/8000) loss=0.00278 byte_ppl=1.003 atoms=32 merges=0 field=27.0073 rms=0.8440 scale=1.0000 fcos=nan ign=0.0000 prn=nan nxp=0.000 mph=0.000 bytes=631268 pkts=631268 shard=1
step=1066550 (run 2550/8000) loss=0.00148 byte_ppl=1.001 atoms=60 merges=0 field=27.2024 rms=0.8501 scale=1.0000 fcos=nan ign=0.0000 prn=nan nxp=0.000 mph=0.000 bytes=631268 pkts=631268 shard=1
step=1066575 (run 2575/8000) loss=7.17116 byte_ppl=1301.349 atoms=16 merges=0 field=27.3601 rms=0.8550 scale=1.0000 fcos=nan ign=0.0000 prn=nan nxp=0.000 mph=0.000 bytes=631268 pkts=631268 shard=1
step=1066600 (run 2600/8000) loss=0.50913 byte_ppl=1.664 atoms=44 merges=0 field=27.5108 rms=0.8597 scale=1.0000 fcos=nan ign=0.0000 prn=nan nxp=0.000 mph=0.000 bytes=631268 pkts=631268 shard=1
step=1066625 (run 2625/8000) loss=0.00002 byte_ppl=1.000 atoms=1 merges=0 field=27.6900 rms=0.8653 scale=1.0000 fcos=nan ign=0.0000 prn=nan nxp=0.000 mph=0.000 bytes=631268 pkts=631268 shard=1
step=1066650 (run 2650/8000) loss=3.44339 byte_ppl=31.293 atoms=29 merges=0 field=27.7869 rms=0.8683 scale=1.0000 fcos=nan ign=0.0000 prn=nan nxp=0.000 mph=0.000 bytes=631268 pkts=631268 shard=1
step=1066675 (run 2675/8000) loss=2.08603 byte_ppl=8.053 atoms=56 merges=0 field=27.9287 rms=0.8728 scale=1.0000 fcos=nan ign=0.0000 prn=nan nxp=0.000 mph=0.000 bytes=631268 pkts=631268 shard=1
step=1066700 (run 2700/8000) loss=0.08167 byte_ppl=1.085 atoms=14 merges=0 field=28.0883 rms=0.8778 scale=1.0000 fcos=nan ign=0.0000 prn=nan nxp=0.000 mph=0.000 bytes=631268 pkts=631268 shard=1
step=1066725 (run 2725/8000) loss=2.03610 byte_ppl=7.661 atoms=41 merges=0 field=28.2936 rms=0.8842 scale=1.0000 fcos=nan ign=0.0000 prn=nan nxp=0.000 mph=0.000 bytes=631268 pkts=631268 shard=1
step=1066750 (run 2750/8000) loss=0.00657 byte_ppl=1.007 atoms=69 merges=0 field=28.3966 rms=0.8874 scale=1.0000 fcos=nan ign=0.0000 prn=nan nxp=0.000 mph=0.000 bytes=631268 pkts=631268 shard=1
step=1066775 (run 2775/8000) loss=0.00940 byte_ppl=1.009 atoms=25 merges=0 field=28.6197 rms=0.8944 scale=1.0000 fcos=nan ign=0.0000 prn=nan nxp=0.000 mph=0.000 bytes=631268 pkts=631268 shard=1
step=1066800 (run 2800/8000) loss=6.04717 byte_ppl=422.916 atoms=53 merges=0 field=28.7484 rms=0.8984 scale=1.0000 fcos=nan ign=0.0000 prn=nan nxp=0.000 mph=0.000 bytes=631268 pkts=631268 shard=1
step=1066825 (run 2825/8000) loss=0.00127 byte_ppl=1.001 atoms=10 merges=0 field=28.8422 rms=0.9013 scale=1.0000 fcos=nan ign=0.0000 prn=nan nxp=0.000 mph=0.000 bytes=631268 pkts=631268 shard=1
step=1066850 (run 2850/8000) loss=7.15587 byte_ppl=1281.604 atoms=38 merges=0 field=28.9930 rms=0.9060 scale=1.0000 fcos=nan ign=0.0000 prn=nan nxp=0.000 mph=0.000 bytes=631268 pkts=631268 shard=1
step=1066875 (run 2875/8000) loss=2.25851 byte_ppl=9.569 atoms=65 merges=0 field=29.1042 rms=0.9095 scale=1.0000 fcos=nan ign=0.0000 prn=nan nxp=0.000 mph=0.000 bytes=631268 pkts=631268 shard=1
step=1066900 (run 2900/8000) loss=1.46338 byte_ppl=4.321 atoms=22 merges=0 field=29.2091 rms=0.9128 scale=1.0000 fcos=nan ign=0.0000 prn=nan nxp=0.000 mph=0.000 bytes=631268 pkts=631268 shard=1
step=1066925 (run 2925/8000) loss=4.02429 byte_ppl=55.941 atoms=49 merges=0 field=29.3040 rms=0.9157 scale=1.0000 fcos=nan ign=0.0000 prn=nan nxp=0.000 mph=0.000 bytes=631268 pkts=631268 shard=1
step=1066950 (run 2950/8000) loss=15.40376 byte_ppl=4895148.585 atoms=7 merges=0 field=29.4354 rms=0.9199 scale=1.0000 fcos=nan ign=0.0000 prn=nan nxp=0.000 mph=0.000 bytes=631268 pkts=631268 shard=1
step=1066975 (run 2975/8000) loss=3.62431 byte_ppl=37.499 atoms=34 merges=0 field=29.5785 rms=0.9243 scale=1.0000 fcos=nan ign=0.0000 prn=nan nxp=0.000 mph=0.000 bytes=631268 pkts=631268 shard=1
step=1067000 (run 3000/8000) loss=0.00035 byte_ppl=1.000 atoms=62 merges=0 field=29.7093 rms=0.9284 scale=1.0000 fcos=nan ign=0.0000 prn=nan nxp=0.000 mph=0.000 bytes=631268 pkts=631268 shard=1
step=1067025 (run 3025/8000) loss=0.00105 byte_ppl=1.001 atoms=19 merges=0 field=29.8042 rms=0.9314 scale=1.0000 fcos=nan ign=0.0000 prn=nan nxp=0.000 mph=0.000 bytes=631268 pkts=631268 shard=1
step=1067050 (run 3050/8000) loss=0.00448 byte_ppl=1.004 atoms=47 merges=0 field=29.9386 rms=0.9356 scale=1.0000 fcos=nan ign=0.0000 prn=nan nxp=0.000 mph=0.000 bytes=631268 pkts=631268 shard=1
step=1067075 (run 3075/8000) loss=0.00663 byte_ppl=1.007 atoms=3 merges=0 field=30.0251 rms=0.9383 scale=1.0000 fcos=nan ign=0.0000 prn=nan nxp=0.000 mph=0.000 bytes=631268 pkts=631268 shard=1
step=1067100 (run 3100/8000) loss=0.00321 byte_ppl=1.003 atoms=31 merges=0 field=30.0802 rms=0.9400 scale=1.0000 fcos=nan ign=0.0000 prn=nan nxp=0.000 mph=0.000 bytes=631268 pkts=631268 shard=1
step=1067125 (run 3125/8000) loss=0.00163 byte_ppl=1.002 atoms=58 merges=0 field=30.2222 rms=0.9444 scale=1.0000 fcos=nan ign=0.0000 prn=nan nxp=0.000 mph=0.000 bytes=631268 pkts=631268 shard=1
step=1067150 (run 3150/8000) loss=2.28411 byte_ppl=9.817 atoms=16 merges=0 field=30.3613 rms=0.9488 scale=1.0000 fcos=nan ign=0.0000 prn=nan nxp=0.000 mph=0.000 bytes=631268 pkts=631268 shard=1
step=1067175 (run 3175/8000) loss=3.66717 byte_ppl=39.141 atoms=43 merges=0 field=30.4421 rms=0.9513 scale=1.0000 fcos=nan ign=0.0000 prn=nan nxp=0.000 mph=0.000 bytes=631268 pkts=631268 shard=1
step=1067200 (run 3200/8000) loss=0.01290 byte_ppl=1.013 atoms=71 merges=0 field=30.5492 rms=0.9547 scale=1.0000 fcos=nan ign=0.0000 prn=nan nxp=0.000 mph=0.000 bytes=631268 pkts=631268 shard=1
step=1067225 (run 3225/8000) loss=7.48925 byte_ppl=1788.702 atoms=27 merges=0 field=30.6284 rms=0.9571 scale=1.0000 fcos=nan ign=0.0000 prn=nan nxp=0.000 mph=0.000 bytes=631268 pkts=631268 shard=1
step=1067250 (run 3250/8000) loss=0.02532 byte_ppl=1.026 atoms=55 merges=0 field=30.6997 rms=0.9594 scale=1.0000 fcos=nan ign=0.0000 prn=nan nxp=0.000 mph=0.000 bytes=631268 pkts=631268 shard=1
step=1067275 (run 3275/8000) loss=0.01223 byte_ppl=1.012 atoms=12 merges=0 field=30.7940 rms=0.9623 scale=1.0000 fcos=nan ign=0.0000 prn=nan nxp=0.000 mph=0.000 bytes=631268 pkts=631268 shard=1
step=1067300 (run 3300/8000) loss=5.56393 byte_ppl=260.846 atoms=40 merges=0 field=30.9234 rms=0.9664 scale=1.0000 fcos=nan ign=0.0000 prn=nan nxp=0.000 mph=0.000 bytes=631268 pkts=631268 shard=1
step=1067325 (run 3325/8000) loss=0.00070 byte_ppl=1.001 atoms=67 merges=0 field=31.0711 rms=0.9710 scale=1.0000 fcos=nan ign=0.0000 prn=nan nxp=0.000 mph=0.000 bytes=631268 pkts=631268 shard=1
step=1067350 (run 3350/8000) loss=3.65044 byte_ppl=38.492 atoms=25 merges=0 field=31.2404 rms=0.9763 scale=1.0000 fcos=nan ign=0.0000 prn=nan nxp=0.000 mph=0.000 bytes=631268 pkts=631268 shard=1
step=1067375 (run 3375/8000) loss=0.00101 byte_ppl=1.001 atoms=52 merges=0 field=31.3709 rms=0.9803 scale=1.0000 fcos=nan ign=0.0000 prn=nan nxp=0.000 mph=0.000 bytes=631268 pkts=631268 shard=1
step=1067400 (run 3400/8000) loss=0.01139 byte_ppl=1.011 atoms=9 merges=0 field=31.4616 rms=0.9832 scale=1.0000 fcos=nan ign=0.0000 prn=nan nxp=0.000 mph=0.000 bytes=631268 pkts=631268 shard=1
step=1067425 (run 3425/8000) loss=5.40336 byte_ppl=222.151 atoms=36 merges=0 field=31.5872 rms=0.9871 scale=1.0000 fcos=nan ign=0.0000 prn=nan nxp=0.000 mph=0.000 bytes=631268 pkts=631268 shard=1
step=1067450 (run 3450/8000) loss=8.39581 byte_ppl=4428.460 atoms=64 merges=0 field=31.6437 rms=0.9889 scale=1.0000 fcos=nan ign=0.0000 prn=nan nxp=0.000 mph=0.000 bytes=631268 pkts=631268 shard=1
step=1067475 (run 3475/8000) loss=0.00026 byte_ppl=1.000 atoms=21 merges=0 field=31.7702 rms=0.9928 scale=1.0000 fcos=nan ign=0.0000 prn=nan nxp=0.000 mph=0.000 bytes=631268 pkts=631268 shard=1
step=1067500 (run 3500/8000) loss=2.53884 byte_ppl=12.665 atoms=49 merges=0 field=31.8769 rms=0.9962 scale=1.0000 fcos=nan ign=0.0000 prn=nan nxp=0.000 mph=0.000 bytes=631268 pkts=631268 shard=1
step=1067525 (run 3525/8000) loss=0.02748 byte_ppl=1.028 atoms=5 merges=0 field=31.9345 rms=0.9980 scale=1.0000 fcos=nan ign=0.0000 prn=nan nxp=0.000 mph=0.000 bytes=631268 pkts=631268 shard=1
step=1067550 (run 3550/8000) loss=0.72927 byte_ppl=2.074 atoms=33 merges=0 field=32.0214 rms=1.0007 scale=1.0000 fcos=nan ign=0.0000 prn=nan nxp=0.000 mph=0.000 bytes=631268 pkts=631268 shard=1
step=1067575 (run 3575/8000) loss=0.00134 byte_ppl=1.001 atoms=60 merges=0 field=32.2079 rms=1.0065 scale=1.0000 fcos=nan ign=0.0000 prn=nan nxp=0.000 mph=0.000 bytes=631268 pkts=631268 shard=1
step=1067600 (run 3600/8000) loss=0.18087 byte_ppl=1.198 atoms=18 merges=0 field=32.3440 rms=1.0107 scale=1.0000 fcos=nan ign=0.0000 prn=nan nxp=0.000 mph=0.000 bytes=631268 pkts=631268 shard=1
step=1067625 (run 3625/8000) loss=0.00314 byte_ppl=1.003 atoms=45 merges=0 field=32.4602 rms=1.0144 scale=1.0000 fcos=nan ign=0.0000 prn=nan nxp=0.000 mph=0.000 bytes=631268 pkts=631268 shard=1
step=1067650 (run 3650/8000) loss=0.00014 byte_ppl=1.000 atoms=3 merges=0 field=32.5195 rms=1.0162 scale=1.0000 fcos=nan ign=0.0000 prn=nan nxp=0.000 mph=0.000 bytes=631268 pkts=631268 shard=1
step=1067675 (run 3675/8000) loss=0.73425 byte_ppl=2.084 atoms=30 merges=0 field=32.6214 rms=1.0194 scale=1.0000 fcos=nan ign=0.0000 prn=nan nxp=0.000 mph=0.000 bytes=631268 pkts=631268 shard=1
step=1067700 (run 3700/8000) loss=0.42453 byte_ppl=1.529 atoms=58 merges=0 field=32.7225 rms=1.0226 scale=1.0000 fcos=nan ign=0.0000 prn=nan nxp=0.000 mph=0.000 bytes=631268 pkts=631268 shard=1
step=1067725 (run 3725/8000) loss=0.00058 byte_ppl=1.001 atoms=14 merges=0 field=32.8345 rms=1.0261 scale=1.0000 fcos=nan ign=0.0000 prn=nan nxp=0.000 mph=0.000 bytes=631268 pkts=631268 shard=1
step=1067750 (run 3750/8000) loss=1.15531 byte_ppl=3.175 atoms=42 merges=0 field=32.9359 rms=1.0292 scale=1.0000 fcos=nan ign=0.0000 prn=nan nxp=0.000 mph=0.000 bytes=631268 pkts=631268 shard=1
step=1067775 (run 3775/8000) loss=0.02902 byte_ppl=1.029 atoms=69 merges=0 field=33.0063 rms=1.0314 scale=1.0000 fcos=nan ign=0.0000 prn=nan nxp=0.000 mph=0.000 bytes=631268 pkts=631268 shard=1
step=1067800 (run 3800/8000) loss=4.68377 byte_ppl=108.177 atoms=27 merges=0 field=33.1038 rms=1.0345 scale=1.0000 fcos=nan ign=0.0000 prn=nan nxp=0.000 mph=0.000 bytes=631268 pkts=631268 shard=1
step=1067825 (run 3825/8000) loss=0.00073 byte_ppl=1.001 atoms=54 merges=0 field=33.1693 rms=1.0365 scale=1.0000 fcos=nan ign=0.0000 prn=nan nxp=0.000 mph=0.000 bytes=631268 pkts=631268 shard=1
step=1067850 (run 3850/8000) loss=0.15836 byte_ppl=1.172 atoms=11 merges=0 field=33.2329 rms=1.0385 scale=1.0000 fcos=nan ign=0.0000 prn=nan nxp=0.000 mph=0.000 bytes=631268 pkts=631268 shard=1
step=1067875 (run 3875/8000) loss=0.03814 byte_ppl=1.039 atoms=38 merges=0 field=33.3283 rms=1.0415 scale=1.0000 fcos=nan ign=0.0000 prn=nan nxp=0.000 mph=0.000 bytes=631268 pkts=631268 shard=1
step=1067900 (run 3900/8000) loss=8.05792 byte_ppl=3158.706 atoms=66 merges=0 field=33.4760 rms=1.0461 scale=1.0000 fcos=nan ign=0.0000 prn=nan nxp=0.000 mph=0.000 bytes=631268 pkts=631268 shard=1
step=1067925 (run 3925/8000) loss=0.00064 byte_ppl=1.001 atoms=23 merges=0 field=33.5154 rms=1.0474 scale=1.0000 fcos=nan ign=0.0000 prn=nan nxp=0.000 mph=0.000 bytes=631268 pkts=631268 shard=1
step=1067950 (run 3950/8000) loss=8.59878 byte_ppl=5425.061 atoms=51 merges=0 field=33.5618 rms=1.0488 scale=1.0000 fcos=nan ign=0.0000 prn=nan nxp=0.000 mph=0.000 bytes=631268 pkts=631268 shard=1
step=1067975 (run 3975/8000) loss=0.06589 byte_ppl=1.068 atoms=8 merges=0 field=33.6810 rms=1.0525 scale=1.0000 fcos=nan ign=0.0000 prn=nan nxp=0.000 mph=0.000 bytes=631268 pkts=631268 shard=1
step=1068000 (run 4000/8000) loss=0.07929 byte_ppl=1.083 atoms=36 merges=0 field=33.7597 rms=1.0550 scale=1.0000 fcos=nan ign=0.0000 prn=nan nxp=0.000 mph=0.000 bytes=631268 pkts=631268 shard=1
step=1068025 (run 4025/8000) loss=0.00026 byte_ppl=1.000 atoms=63 merges=0 field=33.8310 rms=1.0572 scale=1.0000 fcos=nan ign=0.0000 prn=nan nxp=0.000 mph=0.000 bytes=631268 pkts=631268 shard=1
step=1068050 (run 4050/8000) loss=8.75025 byte_ppl=6312.235 atoms=20 merges=0 field=33.9350 rms=1.0605 scale=1.0000 fcos=nan ign=0.0000 prn=nan nxp=0.000 mph=0.000 bytes=631268 pkts=631268 shard=1
step=1068075 (run 4075/8000) loss=2.23254 byte_ppl=9.324 atoms=47 merges=0 field=33.9948 rms=1.0623 scale=1.0000 fcos=nan ign=0.0000 prn=nan nxp=0.000 mph=0.000 bytes=631268 pkts=631268 shard=1
step=1068100 (run 4100/8000) loss=3.91224 byte_ppl=50.011 atoms=5 merges=0 field=34.1420 rms=1.0669 scale=1.0000 fcos=nan ign=0.0000 prn=nan nxp=0.000 mph=0.000 bytes=631268 pkts=631268 shard=1
step=1068125 (run 4125/8000) loss=4.85361 byte_ppl=128.203 atoms=32 merges=0 field=34.2203 rms=1.0694 scale=1.0000 fcos=nan ign=0.0000 prn=nan nxp=0.000 mph=0.000 bytes=631268 pkts=631268 shard=1
step=1068150 (run 4150/8000) loss=2.51396 byte_ppl=12.354 atoms=60 merges=0 field=34.2606 rms=1.0706 scale=1.0000 fcos=nan ign=0.0000 prn=nan nxp=0.000 mph=0.000 bytes=631268 pkts=631268 shard=1
step=1068175 (run 4175/8000) loss=2.47606 byte_ppl=11.894 atoms=16 merges=0 field=34.4222 rms=1.0757 scale=1.0000 fcos=nan ign=0.0000 prn=nan nxp=0.000 mph=0.000 bytes=631268 pkts=631268 shard=1
step=1068200 (run 4200/8000) loss=9.23219 byte_ppl=10220.951 atoms=44 merges=0 field=34.5175 rms=1.0787 scale=1.0000 fcos=nan ign=0.0000 prn=nan nxp=0.000 mph=0.000 bytes=631268 pkts=631268 shard=1
step=1068225 (run 4225/8000) loss=0.01399 byte_ppl=1.014 atoms=1 merges=0 field=34.5895 rms=1.0809 scale=1.0000 fcos=nan ign=0.0000 prn=nan nxp=0.000 mph=0.000 bytes=631268 pkts=631268 shard=1
step=1068250 (run 4250/8000) loss=0.86652 byte_ppl=2.379 atoms=29 merges=0 field=34.7447 rms=1.0858 scale=1.0000 fcos=nan ign=0.0000 prn=nan nxp=0.000 mph=0.000 bytes=631268 pkts=631268 shard=1
step=1068275 (run 4275/8000) loss=0.01158 byte_ppl=1.012 atoms=56 merges=0 field=34.8517 rms=1.0891 scale=1.0000 fcos=nan ign=0.0000 prn=nan nxp=0.000 mph=0.000 bytes=631268 pkts=631268 shard=1
step=1068300 (run 4300/8000) loss=4.06763 byte_ppl=58.418 atoms=14 merges=0 field=34.8840 rms=1.0901 scale=1.0000 fcos=nan ign=0.0000 prn=nan nxp=0.000 mph=0.000 bytes=631268 pkts=631268 shard=1
step=1068325 (run 4325/8000) loss=0.00017 byte_ppl=1.000 atoms=41 merges=0 field=34.9549 rms=1.0923 scale=1.0000 fcos=nan ign=0.0000 prn=nan nxp=0.000 mph=0.000 bytes=631268 pkts=631268 shard=1
step=1068350 (run 4350/8000) loss=4.07680 byte_ppl=58.956 atoms=69 merges=0 field=35.0345 rms=1.0948 scale=1.0000 fcos=nan ign=0.0000 prn=nan nxp=0.000 mph=0.000 bytes=631268 pkts=631268 shard=1
step=1068375 (run 4375/8000) loss=0.00367 byte_ppl=1.004 atoms=25 merges=0 field=35.0848 rms=1.0964 scale=1.0000 fcos=nan ign=0.0000 prn=nan nxp=0.000 mph=0.000 bytes=631268 pkts=631268 shard=1
step=1068400 (run 4400/8000) loss=0.02000 byte_ppl=1.020 atoms=53 merges=0 field=35.1500 rms=1.0984 scale=1.0000 fcos=nan ign=0.0000 prn=nan nxp=0.000 mph=0.000 bytes=631268 pkts=631268 shard=1
step=1068425 (run 4425/8000) loss=0.01927 byte_ppl=1.019 atoms=10 merges=0 field=35.1835 rms=1.0995 scale=1.0000 fcos=nan ign=0.0000 prn=nan nxp=0.000 mph=0.000 bytes=631268 pkts=631268 shard=1
step=1068450 (run 4450/8000) loss=8.56228 byte_ppl=5230.582 atoms=38 merges=0 field=35.2567 rms=1.1018 scale=1.0000 fcos=nan ign=0.0000 prn=nan nxp=0.000 mph=0.000 bytes=631268 pkts=631268 shard=1
step=1068475 (run 4475/8000) loss=0.00037 byte_ppl=1.000 atoms=65 merges=0 field=35.2389 rms=1.1012 scale=1.0000 fcos=nan ign=0.0000 prn=nan nxp=0.000 mph=0.000 bytes=631268 pkts=631268 shard=1
step=1068500 (run 4500/8000) loss=3.88046 byte_ppl=48.446 atoms=22 merges=0 field=35.2981 rms=1.1031 scale=1.0000 fcos=nan ign=0.0000 prn=nan nxp=0.000 mph=0.000 bytes=631268 pkts=631268 shard=1
step=1068525 (run 4525/8000) loss=0.00009 byte_ppl=1.000 atoms=49 merges=0 field=35.3710 rms=1.1053 scale=1.0000 fcos=nan ign=0.0000 prn=nan nxp=0.000 mph=0.000 bytes=631268 pkts=631268 shard=1
step=1068550 (run 4550/8000) loss=1.95638 byte_ppl=7.074 atoms=7 merges=0 field=35.4597 rms=1.1081 scale=1.0000 fcos=nan ign=0.0000 prn=nan nxp=0.000 mph=0.000 bytes=631268 pkts=631268 shard=1
step=1068575 (run 4575/8000) loss=0.70584 byte_ppl=2.026 atoms=34 merges=0 field=35.5081 rms=1.1096 scale=1.0000 fcos=nan ign=0.0000 prn=nan nxp=0.000 mph=0.000 bytes=631268 pkts=631268 shard=1
step=1068600 (run 4600/8000) loss=0.02964 byte_ppl=1.030 atoms=62 merges=0 field=35.5904 rms=1.1122 scale=1.0000 fcos=nan ign=0.0000 prn=nan nxp=0.000 mph=0.000 bytes=631268 pkts=631268 shard=1
step=1068625 (run 4625/8000) loss=3.47535 byte_ppl=32.309 atoms=19 merges=0 field=35.6427 rms=1.1138 scale=1.0000 fcos=nan ign=0.0000 prn=nan nxp=0.000 mph=0.000 bytes=631268 pkts=631268 shard=1
step=1068650 (run 4650/8000) loss=7.85855 byte_ppl=2587.758 atoms=47 merges=0 field=35.7215 rms=1.1163 scale=1.0000 fcos=nan ign=0.0000 prn=nan nxp=0.000 mph=0.000 bytes=631268 pkts=631268 shard=1
step=1068675 (run 4675/8000) loss=0.00359 byte_ppl=1.004 atoms=3 merges=0 field=35.7600 rms=1.1175 scale=1.0000 fcos=nan ign=0.0000 prn=nan nxp=0.000 mph=0.000 bytes=631268 pkts=631268 shard=1
step=1068700 (run 4700/8000) loss=0.02765 byte_ppl=1.028 atoms=31 merges=0 field=35.7802 rms=1.1181 scale=1.0000 fcos=nan ign=0.0000 prn=nan nxp=0.000 mph=0.000 bytes=631268 pkts=631268 shard=1
step=1068725 (run 4725/8000) loss=0.00212 byte_ppl=1.002 atoms=58 merges=0 field=35.7882 rms=1.1184 scale=1.0000 fcos=nan ign=0.0000 prn=nan nxp=0.000 mph=0.000 bytes=631268 pkts=631268 shard=1
step=1068750 (run 4750/8000) loss=0.00234 byte_ppl=1.002 atoms=16 merges=0 field=35.8456 rms=1.1202 scale=1.0000 fcos=nan ign=0.0000 prn=nan nxp=0.000 mph=0.000 bytes=631268 pkts=631268 shard=1
step=1068775 (run 4775/8000) loss=2.55969 byte_ppl=12.932 atoms=43 merges=0 field=35.9355 rms=1.1230 scale=1.0000 fcos=nan ign=0.0000 prn=nan nxp=0.000 mph=0.000 bytes=631268 pkts=631268 shard=1
step=1068800 (run 4800/8000) loss=8.61732 byte_ppl=5526.540 atoms=71 merges=0 field=36.0069 rms=1.1252 scale=1.0000 fcos=nan ign=0.0000 prn=nan nxp=0.000 mph=0.000 bytes=631268 pkts=631268 shard=1
step=1068825 (run 4825/8000) loss=0.01965 byte_ppl=1.020 atoms=27 merges=0 field=36.0064 rms=1.1252 scale=1.0000 fcos=nan ign=0.0000 prn=nan nxp=0.000 mph=0.000 bytes=631268 pkts=631268 shard=1
step=1068850 (run 4850/8000) loss=0.00105 byte_ppl=1.001 atoms=55 merges=0 field=36.0688 rms=1.1272 scale=1.0000 fcos=nan ign=0.0000 prn=nan nxp=0.000 mph=0.000 bytes=631268 pkts=631268 shard=1
step=1068875 (run 4875/8000) loss=0.00070 byte_ppl=1.001 atoms=12 merges=0 field=36.1171 rms=1.1287 scale=1.0000 fcos=nan ign=0.0000 prn=nan nxp=0.000 mph=0.000 bytes=631268 pkts=631268 shard=1
step=1068900 (run 4900/8000) loss=4.73186 byte_ppl=113.507 atoms=40 merges=0 field=36.1858 rms=1.1308 scale=1.0000 fcos=nan ign=0.0000 prn=nan nxp=0.000 mph=0.000 bytes=631268 pkts=631268 shard=1
step=1068925 (run 4925/8000) loss=1.90674 byte_ppl=6.731 atoms=67 merges=0 field=36.2834 rms=1.1339 scale=1.0000 fcos=nan ign=0.0000 prn=nan nxp=0.000 mph=0.000 bytes=631268 pkts=631268 shard=1
step=1068950 (run 4950/8000) loss=5.20741 byte_ppl=182.620 atoms=25 merges=0 field=36.2624 rms=1.1332 scale=1.0000 fcos=nan ign=0.0000 prn=nan nxp=0.000 mph=0.000 bytes=631268 pkts=631268 shard=1
step=1068975 (run 4975/8000) loss=2.33110 byte_ppl=10.289 atoms=52 merges=0 field=36.2606 rms=1.1331 scale=1.0000 fcos=nan ign=0.0000 prn=nan nxp=0.000 mph=0.000 bytes=631268 pkts=631268 shard=1
step=1069000 (run 5000/8000) loss=13.38683 byte_ppl=651366.322 atoms=9 merges=0 field=36.3516 rms=1.1360 scale=1.0000 fcos=nan ign=0.0000 prn=nan nxp=0.000 mph=0.000 bytes=631268 pkts=631268 shard=1
step=1069025 (run 5025/8000) loss=6.03718 byte_ppl=418.711 atoms=36 merges=0 field=36.4344 rms=1.1386 scale=1.0000 fcos=nan ign=0.0000 prn=nan nxp=0.000 mph=0.000 bytes=631268 pkts=631268 shard=1
step=1069050 (run 5050/8000) loss=13.27645 byte_ppl=583296.616 atoms=64 merges=0 field=36.4785 rms=1.1400 scale=1.0000 fcos=nan ign=0.0000 prn=nan nxp=0.000 mph=0.000 bytes=631268 pkts=631268 shard=1
step=1069075 (run 5075/8000) loss=0.00058 byte_ppl=1.001 atoms=21 merges=0 field=36.5245 rms=1.1414 scale=1.0000 fcos=nan ign=0.0000 prn=nan nxp=0.000 mph=0.000 bytes=631268 pkts=631268 shard=1
step=1069100 (run 5100/8000) loss=1.45623 byte_ppl=4.290 atoms=49 merges=0 field=36.5440 rms=1.1420 scale=1.0000 fcos=nan ign=0.0000 prn=nan nxp=0.000 mph=0.000 bytes=631268 pkts=631268 shard=1
step=1069125 (run 5125/8000) loss=0.19588 byte_ppl=1.216 atoms=5 merges=0 field=36.5718 rms=1.1429 scale=1.0000 fcos=nan ign=0.0000 prn=nan nxp=0.000 mph=0.000 bytes=631268 pkts=631268 shard=1
step=1069150 (run 5150/8000) loss=0.11130 byte_ppl=1.118 atoms=33 merges=0 field=36.6140 rms=1.1442 scale=1.0000 fcos=nan ign=0.0000 prn=nan nxp=0.000 mph=0.000 bytes=631268 pkts=631268 shard=1
step=1069175 (run 5175/8000) loss=0.00129 byte_ppl=1.001 atoms=60 merges=0 field=36.7699 rms=1.1491 scale=1.0000 fcos=nan ign=0.0000 prn=nan nxp=0.000 mph=0.000 bytes=631268 pkts=631268 shard=1
step=1069200 (run 5200/8000) loss=1.05734 byte_ppl=2.879 atoms=18 merges=0 field=36.8138 rms=1.1504 scale=1.0000 fcos=nan ign=0.0000 prn=nan nxp=0.000 mph=0.000 bytes=631268 pkts=631268 shard=1
step=1069225 (run 5225/8000) loss=0.00032 byte_ppl=1.000 atoms=45 merges=0 field=36.8323 rms=1.1510 scale=1.0000 fcos=nan ign=0.0000 prn=nan nxp=0.000 mph=0.000 bytes=631268 pkts=631268 shard=1
step=1069250 (run 5250/8000) loss=0.00217 byte_ppl=1.002 atoms=3 merges=0 field=36.9536 rms=1.1548 scale=1.0000 fcos=nan ign=0.0000 prn=nan nxp=0.000 mph=0.000 bytes=631268 pkts=631268 shard=1
step=1069275 (run 5275/8000) loss=0.01391 byte_ppl=1.014 atoms=30 merges=0 field=36.9865 rms=1.1558 scale=1.0000 fcos=nan ign=0.0000 prn=nan nxp=0.000 mph=0.000 bytes=631268 pkts=631268 shard=1
step=1069300 (run 5300/8000) loss=1.97941 byte_ppl=7.239 atoms=58 merges=0 field=37.0384 rms=1.1575 scale=1.0000 fcos=nan ign=0.0000 prn=nan nxp=0.000 mph=0.000 bytes=631268 pkts=631268 shard=1
step=1069325 (run 5325/8000) loss=6.68534 byte_ppl=800.586 atoms=14 merges=0 field=37.0919 rms=1.1591 scale=1.0000 fcos=nan ign=0.0000 prn=nan nxp=0.000 mph=0.000 bytes=631268 pkts=631268 shard=1
step=1069350 (run 5350/8000) loss=6.81159 byte_ppl=908.318 atoms=42 merges=0 field=37.1530 rms=1.1610 scale=1.0000 fcos=nan ign=0.0000 prn=nan nxp=0.000 mph=0.000 bytes=631268 pkts=631268 shard=1
step=1069375 (run 5375/8000) loss=0.00491 byte_ppl=1.005 atoms=69 merges=0 field=37.1313 rms=1.1604 scale=1.0000 fcos=nan ign=0.0000 prn=nan nxp=0.000 mph=0.000 bytes=631268 pkts=631268 shard=1
step=1069400 (run 5400/8000) loss=9.89466 byte_ppl=19824.169 atoms=27 merges=0 field=37.1864 rms=1.1621 scale=1.0000 fcos=nan ign=0.0000 prn=nan nxp=0.000 mph=0.000 bytes=631268 pkts=631268 shard=1
step=1069425 (run 5425/8000) loss=0.14462 byte_ppl=1.156 atoms=54 merges=0 field=37.2485 rms=1.1640 scale=1.0000 fcos=nan ign=0.0000 prn=nan nxp=0.000 mph=0.000 bytes=631268 pkts=631268 shard=1
step=1069450 (run 5450/8000) loss=9.29371 byte_ppl=10869.474 atoms=11 merges=0 field=37.2924 rms=1.1654 scale=1.0000 fcos=nan ign=0.0000 prn=nan nxp=0.000 mph=0.000 bytes=631268 pkts=631268 shard=1
step=1069475 (run 5475/8000) loss=8.51424 byte_ppl=4985.252 atoms=38 merges=0 field=37.3606 rms=1.1675 scale=1.0000 fcos=nan ign=0.0000 prn=nan nxp=0.000 mph=0.000 bytes=631268 pkts=631268 shard=1
step=1069500 (run 5500/8000) loss=2.60145 byte_ppl=13.483 atoms=66 merges=0 field=37.4420 rms=1.1701 scale=1.0000 fcos=nan ign=0.0000 prn=nan nxp=0.000 mph=0.000 bytes=631268 pkts=631268 shard=1
step=1069525 (run 5525/8000) loss=0.00070 byte_ppl=1.001 atoms=23 merges=0 field=37.5107 rms=1.1722 scale=1.0000 fcos=nan ign=0.0000 prn=nan nxp=0.000 mph=0.000 bytes=631268 pkts=631268 shard=1
step=1069550 (run 5550/8000) loss=4.26196 byte_ppl=70.949 atoms=51 merges=0 field=37.5242 rms=1.1726 scale=1.0000 fcos=nan ign=0.0000 prn=nan nxp=0.000 mph=0.000 bytes=631268 pkts=631268 shard=1
step=1069575 (run 5575/8000) loss=0.24697 byte_ppl=1.280 atoms=8 merges=0 field=37.5840 rms=1.1745 scale=1.0000 fcos=nan ign=0.0000 prn=nan nxp=0.000 mph=0.000 bytes=631268 pkts=631268 shard=1
step=1069600 (run 5600/8000) loss=0.08041 byte_ppl=1.084 atoms=36 merges=0 field=37.6966 rms=1.1780 scale=1.0000 fcos=nan ign=0.0000 prn=nan nxp=0.000 mph=0.000 bytes=631268 pkts=631268 shard=1
step=1069625 (run 5625/8000) loss=0.00598 byte_ppl=1.006 atoms=63 merges=0 field=37.7646 rms=1.1801 scale=1.0000 fcos=nan ign=0.0000 prn=nan nxp=0.000 mph=0.000 bytes=631268 pkts=631268 shard=1
step=1069650 (run 5650/8000) loss=5.63108 byte_ppl=278.963 atoms=20 merges=0 field=37.7938 rms=1.1811 scale=1.0000 fcos=nan ign=0.0000 prn=nan nxp=0.000 mph=0.000 bytes=631268 pkts=631268 shard=1
step=1069675 (run 5675/8000) loss=0.55759 byte_ppl=1.746 atoms=47 merges=0 field=37.8804 rms=1.1838 scale=1.0000 fcos=nan ign=0.0000 prn=nan nxp=0.000 mph=0.000 bytes=631268 pkts=631268 shard=1
step=1069700 (run 5700/8000) loss=7.08774 byte_ppl=1197.204 atoms=5 merges=0 field=37.9055 rms=1.1845 scale=1.0000 fcos=nan ign=0.0000 prn=nan nxp=0.000 mph=0.000 bytes=631268 pkts=631268 shard=1
step=1069725 (run 5725/8000) loss=0.00034 byte_ppl=1.000 atoms=32 merges=0 field=37.9850 rms=1.1870 scale=1.0000 fcos=nan ign=0.0000 prn=nan nxp=0.000 mph=0.000 bytes=631268 pkts=631268 shard=1
step=1069750 (run 5750/8000) loss=2.55485 byte_ppl=12.869 atoms=60 merges=0 field=38.0408 rms=1.1888 scale=1.0000 fcos=nan ign=0.0000 prn=nan nxp=0.000 mph=0.000 bytes=631268 pkts=631268 shard=1
step=1069775 (run 5775/8000) loss=0.00032 byte_ppl=1.000 atoms=16 merges=0 field=38.0942 rms=1.1904 scale=1.0000 fcos=nan ign=0.0000 prn=nan nxp=0.000 mph=0.000 bytes=631268 pkts=631268 shard=1
step=1069800 (run 5800/8000) loss=0.00712 byte_ppl=1.007 atoms=44 merges=0 field=38.1294 rms=1.1915 scale=1.0000 fcos=nan ign=0.0000 prn=nan nxp=0.000 mph=0.000 bytes=631268 pkts=631268 shard=1
step=1069825 (run 5825/8000) loss=0.00117 byte_ppl=1.001 atoms=1 merges=0 field=38.1744 rms=1.1929 scale=1.0000 fcos=nan ign=0.0000 prn=nan nxp=0.000 mph=0.000 bytes=631268 pkts=631268 shard=1
step=1069850 (run 5850/8000) loss=0.00487 byte_ppl=1.005 atoms=29 merges=0 field=38.2311 rms=1.1947 scale=1.0000 fcos=nan ign=0.0000 prn=nan nxp=0.000 mph=0.000 bytes=631268 pkts=631268 shard=1
step=1069875 (run 5875/8000) loss=0.01408 byte_ppl=1.014 atoms=56 merges=0 field=38.3329 rms=1.1979 scale=1.0000 fcos=nan ign=0.0000 prn=nan nxp=0.000 mph=0.000 bytes=631268 pkts=631268 shard=1
step=1069900 (run 5900/8000) loss=7.92539 byte_ppl=2766.646 atoms=14 merges=0 field=38.3863 rms=1.1996 scale=1.0000 fcos=nan ign=0.0000 prn=nan nxp=0.000 mph=0.000 bytes=631268 pkts=631268 shard=1
step=1069925 (run 5925/8000) loss=0.00072 byte_ppl=1.001 atoms=41 merges=0 field=38.4093 rms=1.2003 scale=1.0000 fcos=nan ign=0.0000 prn=nan nxp=0.000 mph=0.000 bytes=631268 pkts=631268 shard=1
step=1069950 (run 5950/8000) loss=1.31180 byte_ppl=3.713 atoms=69 merges=0 field=38.4899 rms=1.2028 scale=1.0000 fcos=nan ign=0.0000 prn=nan nxp=0.000 mph=0.000 bytes=631268 pkts=631268 shard=1
step=1069975 (run 5975/8000) loss=0.00738 byte_ppl=1.007 atoms=25 merges=0 field=38.5375 rms=1.2043 scale=1.0000 fcos=nan ign=0.0000 prn=nan nxp=0.000 mph=0.000 bytes=631268 pkts=631268 shard=1
step=1070000 (run 6000/8000) loss=1.19341 byte_ppl=3.298 atoms=53 merges=0 field=38.4771 rms=1.2024 scale=1.0000 fcos=nan ign=0.0000 prn=nan nxp=0.000 mph=0.000 bytes=631268 pkts=631268 shard=1
step=1070025 (run 6025/8000) loss=0.00288 byte_ppl=1.003 atoms=10 merges=0 field=38.4753 rms=1.2024 scale=1.0000 fcos=nan ign=0.0000 prn=nan nxp=0.000 mph=0.000 bytes=631268 pkts=631268 shard=1
step=1070050 (run 6050/8000) loss=0.60578 byte_ppl=1.833 atoms=38 merges=0 field=38.5295 rms=1.2040 scale=1.0000 fcos=nan ign=0.0000 prn=nan nxp=0.000 mph=0.000 bytes=631268 pkts=631268 shard=1
step=1070075 (run 6075/8000) loss=0.08461 byte_ppl=1.088 atoms=65 merges=0 field=38.5512 rms=1.2047 scale=1.0000 fcos=nan ign=0.0000 prn=nan nxp=0.000 mph=0.000 bytes=631268 pkts=631268 shard=1
step=1070100 (run 6100/8000) loss=5.79281 byte_ppl=327.935 atoms=22 merges=0 field=38.5773 rms=1.2055 scale=1.0000 fcos=nan ign=0.0000 prn=nan nxp=0.000 mph=0.000 bytes=631268 pkts=631268 shard=1
step=1070125 (run 6125/8000) loss=0.00253 byte_ppl=1.003 atoms=49 merges=0 field=38.5759 rms=1.2055 scale=1.0000 fcos=nan ign=0.0000 prn=nan nxp=0.000 mph=0.000 bytes=631268 pkts=631268 shard=1
step=1070150 (run 6150/8000) loss=7.64142 byte_ppl=2082.693 atoms=7 merges=0 field=38.6869 rms=1.2090 scale=1.0000 fcos=nan ign=0.0000 prn=nan nxp=0.000 mph=0.000 bytes=631268 pkts=631268 shard=1
step=1070175 (run 6175/8000) loss=3.86508 byte_ppl=47.707 atoms=34 merges=0 field=38.7197 rms=1.2100 scale=1.0000 fcos=nan ign=0.0000 prn=nan nxp=0.000 mph=0.000 bytes=631268 pkts=631268 shard=1
step=1070200 (run 6200/8000) loss=1.03185 byte_ppl=2.806 atoms=62 merges=0 field=38.7166 rms=1.2099 scale=1.0000 fcos=nan ign=0.0000 prn=nan nxp=0.000 mph=0.000 bytes=631268 pkts=631268 shard=1
step=1070225 (run 6225/8000) loss=0.25460 byte_ppl=1.290 atoms=19 merges=0 field=38.7974 rms=1.2124 scale=1.0000 fcos=nan ign=0.0000 prn=nan nxp=0.000 mph=0.000 bytes=631268 pkts=631268 shard=1
step=1070250 (run 6250/8000) loss=7.03839 byte_ppl=1139.554 atoms=47 merges=0 field=38.8156 rms=1.2130 scale=1.0000 fcos=nan ign=0.0000 prn=nan nxp=0.000 mph=0.000 bytes=631268 pkts=631268 shard=1
step=1070275 (run 6275/8000) loss=0.00080 byte_ppl=1.001 atoms=3 merges=0 field=38.8046 rms=1.2126 scale=1.0000 fcos=nan ign=0.0000 prn=nan nxp=0.000 mph=0.000 bytes=631268 pkts=631268 shard=1
step=1070300 (run 6300/8000) loss=3.90700 byte_ppl=49.749 atoms=31 merges=0 field=38.8719 rms=1.2147 scale=1.0000 fcos=nan ign=0.0000 prn=nan nxp=0.000 mph=0.000 bytes=631268 pkts=631268 shard=1
step=1070325 (run 6325/8000) loss=4.20311 byte_ppl=66.894 atoms=58 merges=0 field=38.9623 rms=1.2176 scale=1.0000 fcos=nan ign=0.0000 prn=nan nxp=0.000 mph=0.000 bytes=631268 pkts=631268 shard=1
step=1070350 (run 6350/8000) loss=0.08625 byte_ppl=1.090 atoms=16 merges=0 field=38.9315 rms=1.2166 scale=1.0000 fcos=nan ign=0.0000 prn=nan nxp=0.000 mph=0.000 bytes=631268 pkts=631268 shard=1
step=1070375 (run 6375/8000) loss=0.00556 byte_ppl=1.006 atoms=43 merges=0 field=38.9576 rms=1.2174 scale=1.0000 fcos=nan ign=0.0000 prn=nan nxp=0.000 mph=0.000 bytes=631268 pkts=631268 shard=1
step=1070400 (run 6400/8000) loss=0.60860 byte_ppl=1.838 atoms=71 merges=0 field=38.9642 rms=1.2176 scale=1.0000 fcos=nan ign=0.0000 prn=nan nxp=0.000 mph=0.000 bytes=631268 pkts=631268 shard=1
step=1070425 (run 6425/8000) loss=0.00209 byte_ppl=1.002 atoms=27 merges=0 field=39.0881 rms=1.2215 scale=1.0000 fcos=nan ign=0.0000 prn=nan nxp=0.000 mph=0.000 bytes=631268 pkts=631268 shard=1
step=1070450 (run 6450/8000) loss=2.73637 byte_ppl=15.431 atoms=55 merges=0 field=39.1571 rms=1.2237 scale=1.0000 fcos=nan ign=0.0000 prn=nan nxp=0.000 mph=0.000 bytes=631268 pkts=631268 shard=1
step=1070475 (run 6475/8000) loss=0.00061 byte_ppl=1.001 atoms=12 merges=0 field=39.1744 rms=1.2242 scale=1.0000 fcos=nan ign=0.0000 prn=nan nxp=0.000 mph=0.000 bytes=631268 pkts=631268 shard=1
step=1070500 (run 6500/8000) loss=3.77620 byte_ppl=43.650 atoms=40 merges=0 field=39.1686 rms=1.2240 scale=1.0000 fcos=nan ign=0.0000 prn=nan nxp=0.000 mph=0.000 bytes=631268 pkts=631268 shard=1
step=1070525 (run 6525/8000) loss=0.00409 byte_ppl=1.004 atoms=67 merges=0 field=39.2251 rms=1.2258 scale=1.0000 fcos=nan ign=0.0000 prn=nan nxp=0.000 mph=0.000 bytes=631268 pkts=631268 shard=1
step=1070550 (run 6550/8000) loss=0.47800 byte_ppl=1.613 atoms=25 merges=0 field=39.1503 rms=1.2234 scale=1.0000 fcos=nan ign=0.0000 prn=nan nxp=0.000 mph=0.000 bytes=631268 pkts=631268 shard=1
step=1070575 (run 6575/8000) loss=0.00036 byte_ppl=1.000 atoms=52 merges=0 field=39.1445 rms=1.2233 scale=1.0000 fcos=nan ign=0.0000 prn=nan nxp=0.000 mph=0.000 bytes=631268 pkts=631268 shard=1
step=1070600 (run 6600/8000) loss=2.28296 byte_ppl=9.806 atoms=9 merges=0 field=39.1882 rms=1.2246 scale=1.0000 fcos=nan ign=0.0000 prn=nan nxp=0.000 mph=0.000 bytes=631268 pkts=631268 shard=1
step=1070625 (run 6625/8000) loss=0.00030 byte_ppl=1.000 atoms=36 merges=0 field=39.1829 rms=1.2245 scale=1.0000 fcos=nan ign=0.0000 prn=nan nxp=0.000 mph=0.000 bytes=631268 pkts=631268 shard=1
step=1070650 (run 6650/8000) loss=0.18975 byte_ppl=1.209 atoms=64 merges=0 field=39.2559 rms=1.2267 scale=1.0000 fcos=nan ign=0.0000 prn=nan nxp=0.000 mph=0.000 bytes=631268 pkts=631268 shard=1
step=1070675 (run 6675/8000) loss=4.38760 byte_ppl=80.447 atoms=21 merges=0 field=39.3221 rms=1.2288 scale=1.0000 fcos=nan ign=0.0000 prn=nan nxp=0.000 mph=0.000 bytes=631268 pkts=631268 shard=1
step=1070700 (run 6700/8000) loss=3.24626 byte_ppl=25.694 atoms=49 merges=0 field=39.3642 rms=1.2301 scale=1.0000 fcos=nan ign=0.0000 prn=nan nxp=0.000 mph=0.000 bytes=631268 pkts=631268 shard=1
step=1070725 (run 6725/8000) loss=0.00223 byte_ppl=1.002 atoms=5 merges=0 field=39.3580 rms=1.2299 scale=1.0000 fcos=nan ign=0.0000 prn=nan nxp=0.000 mph=0.000 bytes=631268 pkts=631268 shard=1
step=1070750 (run 6750/8000) loss=2.65433 byte_ppl=14.216 atoms=33 merges=0 field=39.3577 rms=1.2299 scale=1.0000 fcos=nan ign=0.0000 prn=nan nxp=0.000 mph=0.000 bytes=631268 pkts=631268 shard=1
step=1070775 (run 6775/8000) loss=0.01418 byte_ppl=1.014 atoms=60 merges=0 field=39.2827 rms=1.2276 scale=1.0000 fcos=nan ign=0.0000 prn=nan nxp=0.000 mph=0.000 bytes=631268 pkts=631268 shard=1
step=1070800 (run 6800/8000) loss=1.53033 byte_ppl=4.620 atoms=18 merges=0 field=39.3250 rms=1.2289 scale=1.0000 fcos=nan ign=0.0000 prn=nan nxp=0.000 mph=0.000 bytes=631268 pkts=631268 shard=1
step=1070825 (run 6825/8000) loss=0.02988 byte_ppl=1.030 atoms=45 merges=0 field=39.3331 rms=1.2292 scale=1.0000 fcos=nan ign=0.0000 prn=nan nxp=0.000 mph=0.000 bytes=631268 pkts=631268 shard=1
step=1070850 (run 6850/8000) loss=4.68198 byte_ppl=107.983 atoms=3 merges=0 field=39.3229 rms=1.2288 scale=1.0000 fcos=nan ign=0.0000 prn=nan nxp=0.000 mph=0.000 bytes=631268 pkts=631268 shard=1
step=1070875 (run 6875/8000) loss=1.37825 byte_ppl=3.968 atoms=30 merges=0 field=39.3176 rms=1.2287 scale=1.0000 fcos=nan ign=0.0000 prn=nan nxp=0.000 mph=0.000 bytes=631268 pkts=631268 shard=1
step=1070900 (run 6900/8000) loss=7.77610 byte_ppl=2382.963 atoms=58 merges=0 field=39.3048 rms=1.2283 scale=1.0000 fcos=nan ign=0.0000 prn=nan nxp=0.000 mph=0.000 bytes=631268 pkts=631268 shard=1
step=1070925 (run 6925/8000) loss=0.00037 byte_ppl=1.000 atoms=14 merges=0 field=39.4003 rms=1.2313 scale=1.0000 fcos=nan ign=0.0000 prn=nan nxp=0.000 mph=0.000 bytes=631268 pkts=631268 shard=1
step=1070950 (run 6950/8000) loss=3.47127 byte_ppl=32.178 atoms=42 merges=0 field=39.4178 rms=1.2318 scale=1.0000 fcos=nan ign=0.0000 prn=nan nxp=0.000 mph=0.000 bytes=631268 pkts=631268 shard=1
step=1070975 (run 6975/8000) loss=0.00060 byte_ppl=1.001 atoms=69 merges=0 field=39.3883 rms=1.2309 scale=1.0000 fcos=nan ign=0.0000 prn=nan nxp=0.000 mph=0.000 bytes=631268 pkts=631268 shard=1
step=1071000 (run 7000/8000) loss=7.44170 byte_ppl=1705.647 atoms=27 merges=0 field=39.4416 rms=1.2325 scale=1.0000 fcos=nan ign=0.0000 prn=nan nxp=0.000 mph=0.000 bytes=631268 pkts=631268 shard=1
step=1071025 (run 7025/8000) loss=8.49986 byte_ppl=4914.085 atoms=54 merges=0 field=39.4148 rms=1.2317 scale=1.0000 fcos=nan ign=0.0000 prn=nan nxp=0.000 mph=0.000 bytes=631268 pkts=631268 shard=1
step=1071050 (run 7050/8000) loss=12.52051 byte_ppl=273898.157 atoms=11 merges=0 field=39.4568 rms=1.2330 scale=1.0000 fcos=nan ign=0.0000 prn=nan nxp=0.000 mph=0.000 bytes=631268 pkts=631268 shard=1
step=1071075 (run 7075/8000) loss=4.55668 byte_ppl=95.266 atoms=38 merges=0 field=39.4944 rms=1.2342 scale=1.0000 fcos=nan ign=0.0000 prn=nan nxp=0.000 mph=0.000 bytes=631268 pkts=631268 shard=1
step=1071100 (run 7100/8000) loss=0.00168 byte_ppl=1.002 atoms=66 merges=0 field=39.5899 rms=1.2372 scale=1.0000 fcos=nan ign=0.0000 prn=nan nxp=0.000 mph=0.000 bytes=631268 pkts=631268 shard=1
step=1071125 (run 7125/8000) loss=3.52909 byte_ppl=34.093 atoms=23 merges=0 field=39.5996 rms=1.2375 scale=1.0000 fcos=nan ign=0.0000 prn=nan nxp=0.000 mph=0.000 bytes=631268 pkts=631268 shard=1
step=1071150 (run 7150/8000) loss=3.38185 byte_ppl=29.425 atoms=51 merges=0 field=39.6232 rms=1.2382 scale=1.0000 fcos=nan ign=0.0000 prn=nan nxp=0.000 mph=0.000 bytes=631268 pkts=631268 shard=1
step=1071175 (run 7175/8000) loss=1.72233 byte_ppl=5.598 atoms=8 merges=0 field=39.6192 rms=1.2381 scale=1.0000 fcos=nan ign=0.0000 prn=nan nxp=0.000 mph=0.000 bytes=631268 pkts=631268 shard=1
step=1071200 (run 7200/8000) loss=8.58859 byte_ppl=5370.055 atoms=36 merges=0 field=39.6098 rms=1.2378 scale=1.0000 fcos=nan ign=0.0000 prn=nan nxp=0.000 mph=0.000 bytes=631268 pkts=631268 shard=1
step=1071225 (run 7225/8000) loss=0.00008 byte_ppl=1.000 atoms=63 merges=0 field=39.6395 rms=1.2387 scale=1.0000 fcos=nan ign=0.0000 prn=nan nxp=0.000 mph=0.000 bytes=631268 pkts=631268 shard=1
step=1071250 (run 7250/8000) loss=4.57505 byte_ppl=97.033 atoms=20 merges=0 field=39.6503 rms=1.2391 scale=1.0000 fcos=nan ign=0.0000 prn=nan nxp=0.000 mph=0.000 bytes=631268 pkts=631268 shard=1
step=1071275 (run 7275/8000) loss=0.71143 byte_ppl=2.037 atoms=47 merges=0 field=39.6851 rms=1.2402 scale=1.0000 fcos=nan ign=0.0000 prn=nan nxp=0.000 mph=0.000 bytes=631268 pkts=631268 shard=1
step=1071300 (run 7300/8000) loss=0.49534 byte_ppl=1.641 atoms=5 merges=0 field=39.7124 rms=1.2410 scale=1.0000 fcos=nan ign=0.0000 prn=nan nxp=0.000 mph=0.000 bytes=631268 pkts=631268 shard=1
step=1071325 (run 7325/8000) loss=0.00860 byte_ppl=1.009 atoms=32 merges=0 field=39.8020 rms=1.2438 scale=1.0000 fcos=nan ign=0.0000 prn=nan nxp=0.000 mph=0.000 bytes=631268 pkts=631268 shard=1
step=1071350 (run 7350/8000) loss=0.15132 byte_ppl=1.163 atoms=60 merges=0 field=39.8592 rms=1.2456 scale=1.0000 fcos=nan ign=0.0000 prn=nan nxp=0.000 mph=0.000 bytes=631268 pkts=631268 shard=1
step=1071375 (run 7375/8000) loss=0.00088 byte_ppl=1.001 atoms=16 merges=0 field=39.8811 rms=1.2463 scale=1.0000 fcos=nan ign=0.0000 prn=nan nxp=0.000 mph=0.000 bytes=631268 pkts=631268 shard=1
step=1071400 (run 7400/8000) loss=3.07185 byte_ppl=21.582 atoms=44 merges=0 field=39.9309 rms=1.2478 scale=1.0000 fcos=nan ign=0.0000 prn=nan nxp=0.000 mph=0.000 bytes=631268 pkts=631268 shard=1
step=1071425 (run 7425/8000) loss=1.26104 byte_ppl=3.529 atoms=1 merges=0 field=39.9907 rms=1.2497 scale=1.0000 fcos=nan ign=0.0000 prn=nan nxp=0.000 mph=0.000 bytes=631268 pkts=631268 shard=1
step=1071450 (run 7450/8000) loss=6.95144 byte_ppl=1044.657 atoms=29 merges=0 field=40.0307 rms=1.2510 scale=1.0000 fcos=nan ign=0.0000 prn=nan nxp=0.000 mph=0.000 bytes=631268 pkts=631268 shard=1
step=1071475 (run 7475/8000) loss=3.07560 byte_ppl=21.663 atoms=56 merges=0 field=40.0452 rms=1.2514 scale=1.0000 fcos=nan ign=0.0000 prn=nan nxp=0.000 mph=0.000 bytes=631268 pkts=631268 shard=1
step=1071500 (run 7500/8000) loss=0.35895 byte_ppl=1.432 atoms=14 merges=0 field=40.0339 rms=1.2511 scale=1.0000 fcos=nan ign=0.0000 prn=nan nxp=0.000 mph=0.000 bytes=631268 pkts=631268 shard=1
step=1071525 (run 7525/8000) loss=0.00660 byte_ppl=1.007 atoms=41 merges=0 field=40.0352 rms=1.2511 scale=1.0000 fcos=nan ign=0.0000 prn=nan nxp=0.000 mph=0.000 bytes=631268 pkts=631268 shard=1
step=1071550 (run 7550/8000) loss=0.18860 byte_ppl=1.208 atoms=69 merges=0 field=40.0429 rms=1.2513 scale=1.0000 fcos=nan ign=0.0000 prn=nan nxp=0.000 mph=0.000 bytes=631268 pkts=631268 shard=1
step=1071575 (run 7575/8000) loss=0.00083 byte_ppl=1.001 atoms=25 merges=0 field=40.0968 rms=1.2530 scale=1.0000 fcos=nan ign=0.0000 prn=nan nxp=0.000 mph=0.000 bytes=631268 pkts=631268 shard=1
step=1071600 (run 7600/8000) loss=1.93251 byte_ppl=6.907 atoms=53 merges=0 field=40.1250 rms=1.2539 scale=1.0000 fcos=nan ign=0.0000 prn=nan nxp=0.000 mph=0.000 bytes=631268 pkts=631268 shard=1
step=1071625 (run 7625/8000) loss=0.00432 byte_ppl=1.004 atoms=10 merges=0 field=40.1446 rms=1.2545 scale=1.0000 fcos=nan ign=0.0000 prn=nan nxp=0.000 mph=0.000 bytes=631268 pkts=631268 shard=1
step=1071650 (run 7650/8000) loss=0.00113 byte_ppl=1.001 atoms=38 merges=0 field=40.1141 rms=1.2536 scale=1.0000 fcos=nan ign=0.0000 prn=nan nxp=0.000 mph=0.000 bytes=631268 pkts=631268 shard=1
step=1071675 (run 7675/8000) loss=0.00049 byte_ppl=1.000 atoms=65 merges=0 field=40.1504 rms=1.2547 scale=1.0000 fcos=nan ign=0.0000 prn=nan nxp=0.000 mph=0.000 bytes=631268 pkts=631268 shard=1
step=1071700 (run 7700/8000) loss=25.50072 byte_ppl=118801178408.109 atoms=22 merges=0 field=40.1253 rms=1.2539 scale=1.0000 fcos=nan ign=0.0000 prn=nan nxp=0.000 mph=0.000 bytes=631268 pkts=631268 shard=1
step=1071725 (run 7725/8000) loss=0.00663 byte_ppl=1.007 atoms=49 merges=0 field=40.1593 rms=1.2550 scale=1.0000 fcos=nan ign=0.0000 prn=nan nxp=0.000 mph=0.000 bytes=631268 pkts=631268 shard=1
step=1071750 (run 7750/8000) loss=0.04536 byte_ppl=1.046 atoms=7 merges=0 field=40.2048 rms=1.2564 scale=1.0000 fcos=nan ign=0.0000 prn=nan nxp=0.000 mph=0.000 bytes=631268 pkts=631268 shard=1
step=1071775 (run 7775/8000) loss=4.85698 byte_ppl=128.635 atoms=34 merges=0 field=40.2418 rms=1.2576 scale=1.0000 fcos=nan ign=0.0000 prn=nan nxp=0.000 mph=0.000 bytes=631268 pkts=631268 shard=1
step=1071800 (run 7800/8000) loss=0.64431 byte_ppl=1.905 atoms=62 merges=0 field=40.2638 rms=1.2582 scale=1.0000 fcos=nan ign=0.0000 prn=nan nxp=0.000 mph=0.000 bytes=631268 pkts=631268 shard=1
step=1071825 (run 7825/8000) loss=0.23146 byte_ppl=1.260 atoms=19 merges=0 field=40.3128 rms=1.2598 scale=1.0000 fcos=nan ign=0.0000 prn=nan nxp=0.000 mph=0.000 bytes=631268 pkts=631268 shard=1
step=1071850 (run 7850/8000) loss=0.16129 byte_ppl=1.175 atoms=47 merges=0 field=40.4124 rms=1.2629 scale=1.0000 fcos=nan ign=0.0000 prn=nan nxp=0.000 mph=0.000 bytes=631268 pkts=631268 shard=1
step=1071875 (run 7875/8000) loss=0.00262 byte_ppl=1.003 atoms=3 merges=0 field=40.4044 rms=1.2626 scale=1.0000 fcos=nan ign=0.0000 prn=nan nxp=0.000 mph=0.000 bytes=631268 pkts=631268 shard=1
step=1071900 (run 7900/8000) loss=3.31347 byte_ppl=27.480 atoms=31 merges=0 field=40.3905 rms=1.2622 scale=1.0000 fcos=nan ign=0.0000 prn=nan nxp=0.000 mph=0.000 bytes=631268 pkts=631268 shard=1
step=1071925 (run 7925/8000) loss=3.43899 byte_ppl=31.156 atoms=58 merges=0 field=40.4801 rms=1.2650 scale=1.0000 fcos=nan ign=0.0000 prn=nan nxp=0.000 mph=0.000 bytes=631268 pkts=631268 shard=1
step=1071950 (run 7950/8000) loss=1.13992 byte_ppl=3.127 atoms=16 merges=0 field=40.5282 rms=1.2665 scale=1.0000 fcos=nan ign=0.0000 prn=nan nxp=0.000 mph=0.000 bytes=631268 pkts=631268 shard=1
step=1071975 (run 7975/8000) loss=0.66392 byte_ppl=1.942 atoms=43 merges=0 field=40.5395 rms=1.2669 scale=1.0000 fcos=nan ign=0.0000 prn=nan nxp=0.000 mph=0.000 bytes=631268 pkts=631268 shard=1
step=1072000 (run 8000/8000) loss=1.56155 byte_ppl=4.766 atoms=71 merges=0 field=40.5596 rms=1.2675 scale=1.0000 fcos=nan ign=0.0000 prn=nan nxp=0.000 mph=0.000 bytes=631268 pkts=631268 shard=1
{
  "stream": true,
  "data_path": null,
  "data_glob": "data/corpus_fr_medium*.txt",
  "shard_paths": [
    "/workspace/exports/atom-ai/data/corpus_fr_medium.txt",
    "/workspace/exports/atom-ai/data/corpus_fr_medium_s21.txt"
  ],
  "data_bytes": 1000453,
  "data_characters": null,
  "atomizer_version": "atomizer-v1-byte-span",
  "feature_dim": 320,
  "packet_count": null,
  "train_packet_count": null,
  "validation_packet_count": 2048,
  "mean_packet_bytes": null,
  "max_packet_bytes": null,
  "min_packet_bytes": null,
  "bytes_seen": 631268,
  "config": {
    "d_model": 32,
    "n_modes": 32,
    "n_atoms_max": 64,
    "max_span_bytes": 1,
    "episode_length": 8000,
    "episode_reset": true,
    "atom_flush_every": 64,
    "learning_rate": 5e-05,
    "surface_learning_rate": 0.00012,
    "steps": 8000,
    "start_step": 1064000,
    "seed": 20260913,
    "surface_alphabet": 256,
    "field_max_rms": 3.0,
    "energy_decay_bounds": [
      0.3,
      0.95
    ],
    "stream": true,
    "chunk_bytes": 65536,
    "loop_shards": true,
    "stream_buffer": 2048,
    "stream_prefetch": true,
    "stream_skip_packets": 568000,
    "last_atom_readout": true,
    "efference_every": 10,
    "enable_merge": false,
    "payload_copy": false,
    "merge_coherence_threshold": 0.45,
    "merge_energy_floor": 0.08,
    "field_loss_weight": 0.05,
    "field_contrast_weight": 0.0,
    "field_ignorance_weight": 0.08,
    "field_ignorance_ablate_shared": false,
    "field_ignorance_prompt_bank": false,
    "field_obligatory_readout": true,
    "field_obligatory_hard": true,
    "printable_aux_weight": 0.0,
    "field_next_packet_weight": 0.0,
    "slow_every": 1
  },
  "packets_seen": 631268,
  "stream_epoch": 0,
  "train": {
    "steps": 8000,
    "efference_every": 10,
    "efference_steps": 800,
    "start_step": 1064000,
    "total_steps": 1072000,
    "episode_length": 8000,
    "episode_reset": true,
    "atom_flush_every": 64,
    "elapsed_seconds": 145.87897091096966,
    "transitions_per_second": 54.83998104759337,
    "first_loss": 12.295283317565918,
    "final_loss": 1.5615547895431519,
    "final_total_perplexity": 4.766225965546791,
    "finite_losses": true,
    "finite_parameters": true,
    "nan_or_inf": false,
    "field_rms_before_max": 1.2682870626449585,
    "field_rms_after_max": 1.2682870626449585,
    "field_scale_min": 1.0,
    "field_norm_max": 40.585174560546875,
    "field_limited_steps": 0,
    "field_limited_fraction": 0.0,
    "final_dynamics": {
      "coupling_scale": 1.2502864599227905,
      "energy_decay": 0.30020666122436523,
      "phase_sync": 0.1510632187128067,
      "energy_decay_before": 0.30020666122436523,
      "energy_decay_repaired": false,
      "energy_decay_bounds": [
        0.3,
        0.95
      ]
    },
    "final_atoms_before_validation": 58,
    "stream": true,
    "bytes_seen": 631268
  },
  "validation": {
    "transitions": 256,
    "loss": 1.2315884012136564,
    "total_perplexity": 3.4266681396359164,
    "byte_loss": 1.2315884012136564,
    "byte_perplexity": 3.4266681396359164,
    "source": "stream_ring"
  },
  "checkpoint": "checkpoints/byte_tick/atom_native_step_1072000_d32_ms1M.pt",
  "reload": {
    "n_atoms": 0,
    "field_norm": 40.55960464477539,
    "time": 88.0003890991211,
    "finite": true
  },
  "generation": {
    "The future of AI is": {
      "temperature": 0.8,
      "top_k": 5,
      "max_length": 20,
      "bytes_hex": "426f6e2020202020",
      "text": "Bon     ",
      "reload_text": "Bon     ",
      "reload_match": true
    },
    "Bonjour, je m'appelle": {
      "temperature": 0.8,
      "top_k": 5,
      "max_length": 20,
      "bytes_hex": "4427276f6e202020",
      "text": "D''on   ",
      "reload_text": "D''on   ",
      "reload_match": true
    },
    "Valkyria Chronicles III is": {
      "temperature": 0.8,
      "top_k": 5,
      "max_length": 20,
      "bytes_hex": "4427276f6e732e0a",
      "text": "D''ons.\n",
      "reload_text": "D''ons.\n",
      "reload_match": true
    }
  }
}
