train lock acquired: /home/user/atom-ai/checkpoints/atom-ai-train.lock (pid=2399)
stream skip: advancing 232000 packet transitions...
stream skip done: packets_seen=262144
resumed weights from checkpoints/byte_tick/atom_native_step_232000_d32.pt (recorded step=232000, legacy_surface_migrated=False, span_head_migrated=False)
atomizer pack_mode=linguistic max_span_bytes=1
dynamics on load: energy_decay=0.5426275730133057 -> 0.5426275730133057 (repaired=False, bounds=(0.3, 0.95))
MERGE gates: enable=False coherence_thr=0.450 energy_floor=0.080
field_obligatory_hard=ON hard-v2+ (mix_floor=1.0, freeze bypass, logits=frozen+cap*(α_MLP+payload_prod))
payload_copy=False (train-time copy-bias branch)
last_atom_readout=True (byte-tick 2-gram + dentate)
efference_every=10 (0=off)
optimizer groups: field/other lr=5e-05 (13 tensors), surface lr=0.00012 (25 tensors); energy_decay_bounds=(0.3, 0.95); field_max_rms=3.0
stream mode: 1 shard(s), chunk_bytes=65536, loop_shards=True, stream_buffer=2048, stream_prefetch=True
optimizer restore skipped: surface LR param groups differ from checkpoint
step=0232001 (run 1/8000) loss=5.86876 byte_ppl=353.809 atoms=1 merges=0 field=0.0412 rms=0.0016 scale=1.0000 fcos=nan ign=0.0000 prn=nan nxp=0.000 mph=0.000 bytes=262144 pkts=262144 shard=0
step=0232025 (run 25/8000) loss=0.00230 byte_ppl=1.002 atoms=27 merges=0 field=0.5569 rms=0.0174 scale=1.0000 fcos=nan ign=0.0000 prn=nan nxp=0.000 mph=0.000 bytes=262144 pkts=262144 shard=0
step=0232050 (run 50/8000) loss=3.87953 byte_ppl=48.401 atoms=55 merges=0 field=0.9736 rms=0.0304 scale=1.0000 fcos=nan ign=0.0000 prn=nan nxp=0.000 mph=0.000 bytes=262144 pkts=262144 shard=0
step=0232075 (run 75/8000) loss=0.00843 byte_ppl=1.008 atoms=12 merges=0 field=1.2262 rms=0.0383 scale=1.0000 fcos=nan ign=0.0000 prn=nan nxp=0.000 mph=0.000 bytes=262144 pkts=262144 shard=0
step=0232100 (run 100/8000) loss=3.82800 byte_ppl=45.970 atoms=40 merges=0 field=1.5146 rms=0.0473 scale=1.0000 fcos=nan ign=0.0000 prn=nan nxp=0.000 mph=0.000 bytes=262144 pkts=262144 shard=0
step=0232125 (run 125/8000) loss=0.00471 byte_ppl=1.005 atoms=67 merges=0 field=1.7534 rms=0.0548 scale=1.0000 fcos=nan ign=0.0000 prn=nan nxp=0.000 mph=0.000 bytes=262144 pkts=262144 shard=0
step=0232150 (run 150/8000) loss=6.11393 byte_ppl=452.112 atoms=25 merges=0 field=1.9490 rms=0.0609 scale=1.0000 fcos=nan ign=0.0000 prn=nan nxp=0.000 mph=0.000 bytes=262144 pkts=262144 shard=0
step=0232175 (run 175/8000) loss=5.15515 byte_ppl=173.321 atoms=52 merges=0 field=2.1740 rms=0.0679 scale=1.0000 fcos=nan ign=0.0000 prn=nan nxp=0.000 mph=0.000 bytes=262144 pkts=262144 shard=0
step=0232200 (run 200/8000) loss=3.07282 byte_ppl=21.603 atoms=9 merges=0 field=2.4400 rms=0.0763 scale=1.0000 fcos=nan ign=0.0000 prn=nan nxp=0.000 mph=0.000 bytes=262144 pkts=262144 shard=0
step=0232225 (run 225/8000) loss=1.79291 byte_ppl=6.007 atoms=36 merges=0 field=2.6086 rms=0.0815 scale=1.0000 fcos=nan ign=0.0000 prn=nan nxp=0.000 mph=0.000 bytes=262144 pkts=262144 shard=0
step=0232250 (run 250/8000) loss=4.63737 byte_ppl=103.272 atoms=64 merges=0 field=2.8587 rms=0.0893 scale=1.0000 fcos=nan ign=0.0000 prn=nan nxp=0.000 mph=0.000 bytes=262144 pkts=262144 shard=0
step=0232275 (run 275/8000) loss=0.00199 byte_ppl=1.002 atoms=21 merges=0 field=3.0485 rms=0.0953 scale=1.0000 fcos=nan ign=0.0000 prn=nan nxp=0.000 mph=0.000 bytes=262144 pkts=262144 shard=0
step=0232300 (run 300/8000) loss=0.01562 byte_ppl=1.016 atoms=49 merges=0 field=3.2179 rms=0.1006 scale=1.0000 fcos=nan ign=0.0000 prn=nan nxp=0.000 mph=0.000 bytes=262144 pkts=262144 shard=0
step=0232325 (run 325/8000) loss=0.00260 byte_ppl=1.003 atoms=5 merges=0 field=3.4306 rms=0.1072 scale=1.0000 fcos=nan ign=0.0000 prn=nan nxp=0.000 mph=0.000 bytes=262144 pkts=262144 shard=0
step=0232350 (run 350/8000) loss=8.64954 byte_ppl=5707.504 atoms=33 merges=0 field=3.6555 rms=0.1142 scale=1.0000 fcos=nan ign=0.0000 prn=nan nxp=0.000 mph=0.000 bytes=262144 pkts=262144 shard=0
step=0232375 (run 375/8000) loss=0.00185 byte_ppl=1.002 atoms=60 merges=0 field=3.8932 rms=0.1217 scale=1.0000 fcos=nan ign=0.0000 prn=nan nxp=0.000 mph=0.000 bytes=262144 pkts=262144 shard=0
step=0232400 (run 400/8000) loss=0.05668 byte_ppl=1.058 atoms=18 merges=0 field=4.1233 rms=0.1289 scale=1.0000 fcos=nan ign=0.0000 prn=nan nxp=0.000 mph=0.000 bytes=262144 pkts=262144 shard=0
step=0232425 (run 425/8000) loss=4.68180 byte_ppl=107.964 atoms=45 merges=0 field=4.3901 rms=0.1372 scale=1.0000 fcos=nan ign=0.0000 prn=nan nxp=0.000 mph=0.000 bytes=262144 pkts=262144 shard=0
step=0232450 (run 450/8000) loss=4.86049 byte_ppl=129.087 atoms=3 merges=0 field=4.6101 rms=0.1441 scale=1.0000 fcos=nan ign=0.0000 prn=nan nxp=0.000 mph=0.000 bytes=262144 pkts=262144 shard=0
step=0232475 (run 475/8000) loss=0.00419 byte_ppl=1.004 atoms=30 merges=0 field=4.8791 rms=0.1525 scale=1.0000 fcos=nan ign=0.0000 prn=nan nxp=0.000 mph=0.000 bytes=262144 pkts=262144 shard=0
step=0232500 (run 500/8000) loss=4.40836 byte_ppl=82.135 atoms=58 merges=0 field=5.1144 rms=0.1598 scale=1.0000 fcos=nan ign=0.0000 prn=nan nxp=0.000 mph=0.000 bytes=262144 pkts=262144 shard=0
step=0232525 (run 525/8000) loss=0.94123 byte_ppl=2.563 atoms=14 merges=0 field=5.3858 rms=0.1683 scale=1.0000 fcos=nan ign=0.0000 prn=nan nxp=0.000 mph=0.000 bytes=262144 pkts=262144 shard=0
step=0232550 (run 550/8000) loss=4.59878 byte_ppl=99.363 atoms=42 merges=0 field=5.6440 rms=0.1764 scale=1.0000 fcos=nan ign=0.0000 prn=nan nxp=0.000 mph=0.000 bytes=262144 pkts=262144 shard=0
step=0232575 (run 575/8000) loss=0.01049 byte_ppl=1.011 atoms=69 merges=0 field=5.8455 rms=0.1827 scale=1.0000 fcos=nan ign=0.0000 prn=nan nxp=0.000 mph=0.000 bytes=262144 pkts=262144 shard=0
step=0232600 (run 600/8000) loss=6.08784 byte_ppl=440.470 atoms=27 merges=0 field=6.1324 rms=0.1916 scale=1.0000 fcos=nan ign=0.0000 prn=nan nxp=0.000 mph=0.000 bytes=262144 pkts=262144 shard=0
step=0232625 (run 625/8000) loss=0.01705 byte_ppl=1.017 atoms=54 merges=0 field=6.4083 rms=0.2003 scale=1.0000 fcos=nan ign=0.0000 prn=nan nxp=0.000 mph=0.000 bytes=262144 pkts=262144 shard=0
step=0232650 (run 650/8000) loss=3.05780 byte_ppl=21.281 atoms=11 merges=0 field=6.6736 rms=0.2086 scale=1.0000 fcos=nan ign=0.0000 prn=nan nxp=0.000 mph=0.000 bytes=262144 pkts=262144 shard=0
step=0232675 (run 675/8000) loss=0.00085 byte_ppl=1.001 atoms=38 merges=0 field=6.9412 rms=0.2169 scale=1.0000 fcos=nan ign=0.0000 prn=nan nxp=0.000 mph=0.000 bytes=262144 pkts=262144 shard=0
step=0232700 (run 700/8000) loss=1.12571 byte_ppl=3.082 atoms=66 merges=0 field=7.2035 rms=0.2251 scale=1.0000 fcos=nan ign=0.0000 prn=nan nxp=0.000 mph=0.000 bytes=262144 pkts=262144 shard=0
step=0232725 (run 725/8000) loss=0.00890 byte_ppl=1.009 atoms=23 merges=0 field=7.4227 rms=0.2320 scale=1.0000 fcos=nan ign=0.0000 prn=nan nxp=0.000 mph=0.000 bytes=262144 pkts=262144 shard=0
step=0232750 (run 750/8000) loss=4.56753 byte_ppl=96.306 atoms=51 merges=0 field=7.7064 rms=0.2408 scale=1.0000 fcos=nan ign=0.0000 prn=nan nxp=0.000 mph=0.000 bytes=262144 pkts=262144 shard=0
step=0232775 (run 775/8000) loss=0.00360 byte_ppl=1.004 atoms=8 merges=0 field=7.9778 rms=0.2493 scale=1.0000 fcos=nan ign=0.0000 prn=nan nxp=0.000 mph=0.000 bytes=262144 pkts=262144 shard=0
step=0232800 (run 800/8000) loss=8.29320 byte_ppl=3996.605 atoms=36 merges=0 field=8.2260 rms=0.2571 scale=1.0000 fcos=nan ign=0.0000 prn=nan nxp=0.000 mph=0.000 bytes=262144 pkts=262144 shard=0
step=0232825 (run 825/8000) loss=0.01229 byte_ppl=1.012 atoms=63 merges=0 field=8.5205 rms=0.2663 scale=1.0000 fcos=nan ign=0.0000 prn=nan nxp=0.000 mph=0.000 bytes=262144 pkts=262144 shard=0
step=0232850 (run 850/8000) loss=11.77146 byte_ppl=129503.650 atoms=20 merges=0 field=8.8085 rms=0.2753 scale=1.0000 fcos=nan ign=0.0000 prn=nan nxp=0.000 mph=0.000 bytes=262144 pkts=262144 shard=0
step=0232875 (run 875/8000) loss=0.00630 byte_ppl=1.006 atoms=47 merges=0 field=9.0784 rms=0.2837 scale=1.0000 fcos=nan ign=0.0000 prn=nan nxp=0.000 mph=0.000 bytes=262144 pkts=262144 shard=0
step=0232900 (run 900/8000) loss=1.18425 byte_ppl=3.268 atoms=5 merges=0 field=9.3984 rms=0.2937 scale=1.0000 fcos=nan ign=0.0000 prn=nan nxp=0.000 mph=0.000 bytes=262144 pkts=262144 shard=0
step=0232925 (run 925/8000) loss=4.21278 byte_ppl=67.544 atoms=32 merges=0 field=9.6675 rms=0.3021 scale=1.0000 fcos=nan ign=0.0000 prn=nan nxp=0.000 mph=0.000 bytes=262144 pkts=262144 shard=0
step=0232950 (run 950/8000) loss=2.37742 byte_ppl=10.777 atoms=60 merges=0 field=9.9500 rms=0.3109 scale=1.0000 fcos=nan ign=0.0000 prn=nan nxp=0.000 mph=0.000 bytes=262144 pkts=262144 shard=0
step=0232975 (run 975/8000) loss=0.00167 byte_ppl=1.002 atoms=16 merges=0 field=10.2386 rms=0.3200 scale=1.0000 fcos=nan ign=0.0000 prn=nan nxp=0.000 mph=0.000 bytes=262144 pkts=262144 shard=0
step=0233000 (run 1000/8000) loss=2.48976 byte_ppl=12.058 atoms=44 merges=0 field=10.5094 rms=0.3284 scale=1.0000 fcos=nan ign=0.0000 prn=nan nxp=0.000 mph=0.000 bytes=262144 pkts=262144 shard=0
step=0233025 (run 1025/8000) loss=4.73706 byte_ppl=114.098 atoms=1 merges=0 field=10.7941 rms=0.3373 scale=1.0000 fcos=nan ign=0.0000 prn=nan nxp=0.000 mph=0.000 bytes=262144 pkts=262144 shard=0
step=0233050 (run 1050/8000) loss=4.49211 byte_ppl=89.310 atoms=29 merges=0 field=11.0824 rms=0.3463 scale=1.0000 fcos=nan ign=0.0000 prn=nan nxp=0.000 mph=0.000 bytes=262144 pkts=262144 shard=0
step=0233075 (run 1075/8000) loss=0.00188 byte_ppl=1.002 atoms=56 merges=0 field=11.3565 rms=0.3549 scale=1.0000 fcos=nan ign=0.0000 prn=nan nxp=0.000 mph=0.000 bytes=262144 pkts=262144 shard=0
step=0233100 (run 1100/8000) loss=4.43832 byte_ppl=84.633 atoms=14 merges=0 field=11.6583 rms=0.3643 scale=1.0000 fcos=nan ign=0.0000 prn=nan nxp=0.000 mph=0.000 bytes=262144 pkts=262144 shard=0
step=0233125 (run 1125/8000) loss=0.00289 byte_ppl=1.003 atoms=41 merges=0 field=11.9390 rms=0.3731 scale=1.0000 fcos=nan ign=0.0000 prn=nan nxp=0.000 mph=0.000 bytes=262144 pkts=262144 shard=0
step=0233150 (run 1150/8000) loss=6.60965 byte_ppl=742.226 atoms=69 merges=0 field=12.2200 rms=0.3819 scale=1.0000 fcos=nan ign=0.0000 prn=nan nxp=0.000 mph=0.000 bytes=262144 pkts=262144 shard=0
step=0233175 (run 1175/8000) loss=0.12848 byte_ppl=1.137 atoms=25 merges=0 field=12.5341 rms=0.3917 scale=1.0000 fcos=nan ign=0.0000 prn=nan nxp=0.000 mph=0.000 bytes=262144 pkts=262144 shard=0
step=0233200 (run 1200/8000) loss=0.97524 byte_ppl=2.652 atoms=53 merges=0 field=12.8369 rms=0.4012 scale=1.0000 fcos=nan ign=0.0000 prn=nan nxp=0.000 mph=0.000 bytes=262144 pkts=262144 shard=0
step=0233225 (run 1225/8000) loss=0.01820 byte_ppl=1.018 atoms=10 merges=0 field=13.1402 rms=0.4106 scale=1.0000 fcos=nan ign=0.0000 prn=nan nxp=0.000 mph=0.000 bytes=262144 pkts=262144 shard=0
step=0233250 (run 1250/8000) loss=2.28952 byte_ppl=9.870 atoms=38 merges=0 field=13.4387 rms=0.4200 scale=1.0000 fcos=nan ign=0.0000 prn=nan nxp=0.000 mph=0.000 bytes=262144 pkts=262144 shard=0
step=0233275 (run 1275/8000) loss=6.75138 byte_ppl=855.237 atoms=65 merges=0 field=13.7068 rms=0.4283 scale=1.0000 fcos=nan ign=0.0000 prn=nan nxp=0.000 mph=0.000 bytes=262144 pkts=262144 shard=0
step=0233300 (run 1300/8000) loss=2.68595 byte_ppl=14.672 atoms=22 merges=0 field=13.9980 rms=0.4374 scale=1.0000 fcos=nan ign=0.0000 prn=nan nxp=0.000 mph=0.000 bytes=262144 pkts=262144 shard=0
step=0233325 (run 1325/8000) loss=0.00157 byte_ppl=1.002 atoms=49 merges=0 field=14.3216 rms=0.4476 scale=1.0000 fcos=nan ign=0.0000 prn=nan nxp=0.000 mph=0.000 bytes=262144 pkts=262144 shard=0
step=0233350 (run 1350/8000) loss=3.92233 byte_ppl=50.518 atoms=7 merges=0 field=14.6530 rms=0.4579 scale=1.0000 fcos=nan ign=0.0000 prn=nan nxp=0.000 mph=0.000 bytes=262144 pkts=262144 shard=0
step=0233375 (run 1375/8000) loss=0.00247 byte_ppl=1.002 atoms=34 merges=0 field=14.9845 rms=0.4683 scale=1.0000 fcos=nan ign=0.0000 prn=nan nxp=0.000 mph=0.000 bytes=262144 pkts=262144 shard=0
step=0233400 (run 1400/8000) loss=3.33901 byte_ppl=28.191 atoms=62 merges=0 field=15.3043 rms=0.4783 scale=1.0000 fcos=nan ign=0.0000 prn=nan nxp=0.000 mph=0.000 bytes=262144 pkts=262144 shard=0
step=0233425 (run 1425/8000) loss=0.08733 byte_ppl=1.091 atoms=19 merges=0 field=15.5981 rms=0.4874 scale=1.0000 fcos=nan ign=0.0000 prn=nan nxp=0.000 mph=0.000 bytes=262144 pkts=262144 shard=0
step=0233450 (run 1450/8000) loss=8.39622 byte_ppl=4430.285 atoms=47 merges=0 field=15.9283 rms=0.4978 scale=1.0000 fcos=nan ign=0.0000 prn=nan nxp=0.000 mph=0.000 bytes=262144 pkts=262144 shard=0
step=0233475 (run 1475/8000) loss=0.01748 byte_ppl=1.018 atoms=3 merges=0 field=16.2684 rms=0.5084 scale=1.0000 fcos=nan ign=0.0000 prn=nan nxp=0.000 mph=0.000 bytes=262144 pkts=262144 shard=0
step=0233500 (run 1500/8000) loss=6.48196 byte_ppl=653.248 atoms=31 merges=0 field=16.5787 rms=0.5181 scale=1.0000 fcos=nan ign=0.0000 prn=nan nxp=0.000 mph=0.000 bytes=262144 pkts=262144 shard=0
step=0233525 (run 1525/8000) loss=2.53951 byte_ppl=12.673 atoms=58 merges=0 field=16.9085 rms=0.5284 scale=1.0000 fcos=nan ign=0.0000 prn=nan nxp=0.000 mph=0.000 bytes=262144 pkts=262144 shard=0
step=0233550 (run 1550/8000) loss=10.05482 byte_ppl=23267.691 atoms=16 merges=0 field=17.2214 rms=0.5382 scale=1.0000 fcos=nan ign=0.0000 prn=nan nxp=0.000 mph=0.000 bytes=262144 pkts=262144 shard=0
step=0233575 (run 1575/8000) loss=0.01094 byte_ppl=1.011 atoms=43 merges=0 field=17.5405 rms=0.5481 scale=1.0000 fcos=nan ign=0.0000 prn=nan nxp=0.000 mph=0.000 bytes=262144 pkts=262144 shard=0
step=0233600 (run 1600/8000) loss=6.77422 byte_ppl=874.997 atoms=71 merges=0 field=17.8629 rms=0.5582 scale=1.0000 fcos=nan ign=0.0000 prn=nan nxp=0.000 mph=0.000 bytes=262144 pkts=262144 shard=0
step=0233625 (run 1625/8000) loss=5.43843 byte_ppl=230.081 atoms=27 merges=0 field=18.1872 rms=0.5684 scale=1.0000 fcos=nan ign=0.0000 prn=nan nxp=0.000 mph=0.000 bytes=262144 pkts=262144 shard=0
step=0233650 (run 1650/8000) loss=5.78606 byte_ppl=325.726 atoms=55 merges=0 field=18.5136 rms=0.5786 scale=1.0000 fcos=nan ign=0.0000 prn=nan nxp=0.000 mph=0.000 bytes=262144 pkts=262144 shard=0
step=0233675 (run 1675/8000) loss=8.39660 byte_ppl=4431.980 atoms=12 merges=0 field=18.8506 rms=0.5891 scale=1.0000 fcos=nan ign=0.0000 prn=nan nxp=0.000 mph=0.000 bytes=262144 pkts=262144 shard=0
step=0233700 (run 1700/8000) loss=1.15737 byte_ppl=3.182 atoms=40 merges=0 field=19.2039 rms=0.6001 scale=1.0000 fcos=nan ign=0.0000 prn=nan nxp=0.000 mph=0.000 bytes=262144 pkts=262144 shard=0
step=0233725 (run 1725/8000) loss=0.01440 byte_ppl=1.015 atoms=67 merges=0 field=19.5434 rms=0.6107 scale=1.0000 fcos=nan ign=0.0000 prn=nan nxp=0.000 mph=0.000 bytes=262144 pkts=262144 shard=0
step=0233750 (run 1750/8000) loss=11.59017 byte_ppl=108030.818 atoms=25 merges=0 field=19.8833 rms=0.6214 scale=1.0000 fcos=nan ign=0.0000 prn=nan nxp=0.000 mph=0.000 bytes=262144 pkts=262144 shard=0
step=0233775 (run 1775/8000) loss=1.50296 byte_ppl=4.495 atoms=52 merges=0 field=20.2192 rms=0.6318 scale=1.0000 fcos=nan ign=0.0000 prn=nan nxp=0.000 mph=0.000 bytes=262144 pkts=262144 shard=0
step=0233800 (run 1800/8000) loss=3.38413 byte_ppl=29.492 atoms=9 merges=0 field=20.5557 rms=0.6424 scale=1.0000 fcos=nan ign=0.0000 prn=nan nxp=0.000 mph=0.000 bytes=262144 pkts=262144 shard=0
step=0233825 (run 1825/8000) loss=0.01178 byte_ppl=1.012 atoms=36 merges=0 field=20.8996 rms=0.6531 scale=1.0000 fcos=nan ign=0.0000 prn=nan nxp=0.000 mph=0.000 bytes=262144 pkts=262144 shard=0
step=0233850 (run 1850/8000) loss=5.68775 byte_ppl=295.227 atoms=64 merges=0 field=21.2579 rms=0.6643 scale=1.0000 fcos=nan ign=0.0000 prn=nan nxp=0.000 mph=0.000 bytes=262144 pkts=262144 shard=0
step=0233875 (run 1875/8000) loss=0.00113 byte_ppl=1.001 atoms=21 merges=0 field=21.5729 rms=0.6742 scale=1.0000 fcos=nan ign=0.0000 prn=nan nxp=0.000 mph=0.000 bytes=262144 pkts=262144 shard=0
step=0233900 (run 1900/8000) loss=4.13151 byte_ppl=62.272 atoms=49 merges=0 field=21.9219 rms=0.6851 scale=1.0000 fcos=nan ign=0.0000 prn=nan nxp=0.000 mph=0.000 bytes=262144 pkts=262144 shard=0
step=0233925 (run 1925/8000) loss=0.86383 byte_ppl=2.372 atoms=5 merges=0 field=22.2767 rms=0.6961 scale=1.0000 fcos=nan ign=0.0000 prn=nan nxp=0.000 mph=0.000 bytes=262144 pkts=262144 shard=0
step=0233950 (run 1950/8000) loss=0.53652 byte_ppl=1.710 atoms=33 merges=0 field=22.6386 rms=0.7075 scale=1.0000 fcos=nan ign=0.0000 prn=nan nxp=0.000 mph=0.000 bytes=262144 pkts=262144 shard=0
step=0233975 (run 1975/8000) loss=1.51517 byte_ppl=4.550 atoms=60 merges=0 field=22.9867 rms=0.7183 scale=1.0000 fcos=nan ign=0.0000 prn=nan nxp=0.000 mph=0.000 bytes=262144 pkts=262144 shard=0
step=0234000 (run 2000/8000) loss=2.33651 byte_ppl=10.345 atoms=18 merges=0 field=23.3596 rms=0.7300 scale=1.0000 fcos=nan ign=0.0000 prn=nan nxp=0.000 mph=0.000 bytes=262144 pkts=262144 shard=0
step=0234025 (run 2025/8000) loss=0.00266 byte_ppl=1.003 atoms=45 merges=0 field=23.6925 rms=0.7404 scale=1.0000 fcos=nan ign=0.0000 prn=nan nxp=0.000 mph=0.000 bytes=262144 pkts=262144 shard=0
step=0234050 (run 2050/8000) loss=4.17590 byte_ppl=65.099 atoms=3 merges=0 field=24.0400 rms=0.7513 scale=1.0000 fcos=nan ign=0.0000 prn=nan nxp=0.000 mph=0.000 bytes=262144 pkts=262144 shard=0
step=0234075 (run 2075/8000) loss=0.00721 byte_ppl=1.007 atoms=30 merges=0 field=24.3593 rms=0.7612 scale=1.0000 fcos=nan ign=0.0000 prn=nan nxp=0.000 mph=0.000 bytes=262144 pkts=262144 shard=0
step=0234100 (run 2100/8000) loss=3.24245 byte_ppl=25.596 atoms=58 merges=0 field=24.7225 rms=0.7726 scale=1.0000 fcos=nan ign=0.0000 prn=nan nxp=0.000 mph=0.000 bytes=262144 pkts=262144 shard=0
step=0234125 (run 2125/8000) loss=3.72466 byte_ppl=41.457 atoms=14 merges=0 field=25.0835 rms=0.7839 scale=1.0000 fcos=nan ign=0.0000 prn=nan nxp=0.000 mph=0.000 bytes=262144 pkts=262144 shard=0
step=0234150 (run 2150/8000) loss=0.65384 byte_ppl=1.923 atoms=42 merges=0 field=25.4648 rms=0.7958 scale=1.0000 fcos=nan ign=0.0000 prn=nan nxp=0.000 mph=0.000 bytes=262144 pkts=262144 shard=0
step=0234175 (run 2175/8000) loss=0.00646 byte_ppl=1.006 atoms=69 merges=0 field=25.8390 rms=0.8075 scale=1.0000 fcos=nan ign=0.0000 prn=nan nxp=0.000 mph=0.000 bytes=262144 pkts=262144 shard=0
step=0234200 (run 2200/8000) loss=2.64103 byte_ppl=14.028 atoms=27 merges=0 field=26.1966 rms=0.8186 scale=1.0000 fcos=nan ign=0.0000 prn=nan nxp=0.000 mph=0.000 bytes=262144 pkts=262144 shard=0
step=0234225 (run 2225/8000) loss=2.82795 byte_ppl=16.911 atoms=54 merges=0 field=26.5651 rms=0.8302 scale=1.0000 fcos=nan ign=0.0000 prn=nan nxp=0.000 mph=0.000 bytes=262144 pkts=262144 shard=0
step=0234250 (run 2250/8000) loss=6.09434 byte_ppl=443.339 atoms=11 merges=0 field=26.9491 rms=0.8422 scale=1.0000 fcos=nan ign=0.0000 prn=nan nxp=0.000 mph=0.000 bytes=262144 pkts=262144 shard=0
step=0234275 (run 2275/8000) loss=0.00001 byte_ppl=1.000 atoms=38 merges=0 field=27.3090 rms=0.8534 scale=1.0000 fcos=nan ign=0.0000 prn=nan nxp=0.000 mph=0.000 bytes=262144 pkts=262144 shard=0
step=0234300 (run 2300/8000) loss=6.50753 byte_ppl=670.172 atoms=66 merges=0 field=27.6846 rms=0.8651 scale=1.0000 fcos=nan ign=0.0000 prn=nan nxp=0.000 mph=0.000 bytes=262144 pkts=262144 shard=0
step=0234325 (run 2325/8000) loss=0.01745 byte_ppl=1.018 atoms=23 merges=0 field=28.0557 rms=0.8767 scale=1.0000 fcos=nan ign=0.0000 prn=nan nxp=0.000 mph=0.000 bytes=262144 pkts=262144 shard=0
step=0234350 (run 2350/8000) loss=2.68426 byte_ppl=14.647 atoms=51 merges=0 field=28.4263 rms=0.8883 scale=1.0000 fcos=nan ign=0.0000 prn=nan nxp=0.000 mph=0.000 bytes=262144 pkts=262144 shard=0
step=0234375 (run 2375/8000) loss=6.48748 byte_ppl=656.863 atoms=8 merges=0 field=28.8170 rms=0.9005 scale=1.0000 fcos=nan ign=0.0000 prn=nan nxp=0.000 mph=0.000 bytes=262144 pkts=262144 shard=0
step=0234400 (run 2400/8000) loss=7.16901 byte_ppl=1298.556 atoms=36 merges=0 field=29.2123 rms=0.9129 scale=1.0000 fcos=nan ign=0.0000 prn=nan nxp=0.000 mph=0.000 bytes=262144 pkts=262144 shard=0
step=0234425 (run 2425/8000) loss=3.19355 byte_ppl=24.375 atoms=63 merges=0 field=29.5717 rms=0.9241 scale=1.0000 fcos=nan ign=0.0000 prn=nan nxp=0.000 mph=0.000 bytes=262144 pkts=262144 shard=0
step=0234450 (run 2450/8000) loss=4.02617 byte_ppl=56.046 atoms=20 merges=0 field=29.9770 rms=0.9368 scale=1.0000 fcos=nan ign=0.0000 prn=nan nxp=0.000 mph=0.000 bytes=262144 pkts=262144 shard=0
step=0234475 (run 2475/8000) loss=2.27522 byte_ppl=9.730 atoms=47 merges=0 field=30.3462 rms=0.9483 scale=1.0000 fcos=nan ign=0.0000 prn=nan nxp=0.000 mph=0.000 bytes=262144 pkts=262144 shard=0
step=0234500 (run 2500/8000) loss=7.88460 byte_ppl=2656.059 atoms=5 merges=0 field=30.7514 rms=0.9610 scale=1.0000 fcos=nan ign=0.0000 prn=nan nxp=0.000 mph=0.000 bytes=262144 pkts=262144 shard=0
step=0234525 (run 2525/8000) loss=0.94612 byte_ppl=2.576 atoms=32 merges=0 field=31.1402 rms=0.9731 scale=1.0000 fcos=nan ign=0.0000 prn=nan nxp=0.000 mph=0.000 bytes=262144 pkts=262144 shard=0
step=0234550 (run 2550/8000) loss=3.26493 byte_ppl=26.178 atoms=60 merges=0 field=31.5438 rms=0.9857 scale=1.0000 fcos=nan ign=0.0000 prn=nan nxp=0.000 mph=0.000 bytes=262144 pkts=262144 shard=0
step=0234575 (run 2575/8000) loss=4.57184 byte_ppl=96.722 atoms=16 merges=0 field=31.9233 rms=0.9976 scale=1.0000 fcos=nan ign=0.0000 prn=nan nxp=0.000 mph=0.000 bytes=262144 pkts=262144 shard=0
step=0234600 (run 2600/8000) loss=4.74416 byte_ppl=114.912 atoms=44 merges=0 field=32.3111 rms=1.0097 scale=1.0000 fcos=nan ign=0.0000 prn=nan nxp=0.000 mph=0.000 bytes=262144 pkts=262144 shard=0
step=0234625 (run 2625/8000) loss=3.26187 byte_ppl=26.098 atoms=1 merges=0 field=32.7042 rms=1.0220 scale=1.0000 fcos=nan ign=0.0000 prn=nan nxp=0.000 mph=0.000 bytes=262144 pkts=262144 shard=0
step=0234650 (run 2650/8000) loss=4.83841 byte_ppl=126.269 atoms=29 merges=0 field=33.1452 rms=1.0358 scale=1.0000 fcos=nan ign=0.0000 prn=nan nxp=0.000 mph=0.000 bytes=262144 pkts=262144 shard=0
step=0234675 (run 2675/8000) loss=1.70581 byte_ppl=5.506 atoms=56 merges=0 field=33.5483 rms=1.0484 scale=1.0000 fcos=nan ign=0.0000 prn=nan nxp=0.000 mph=0.000 bytes=262144 pkts=262144 shard=0
step=0234700 (run 2700/8000) loss=7.57647 byte_ppl=1951.725 atoms=14 merges=0 field=33.9507 rms=1.0610 scale=1.0000 fcos=nan ign=0.0000 prn=nan nxp=0.000 mph=0.000 bytes=262144 pkts=262144 shard=0
step=0234725 (run 2725/8000) loss=2.85276 byte_ppl=17.336 atoms=41 merges=0 field=34.3766 rms=1.0743 scale=1.0000 fcos=nan ign=0.0000 prn=nan nxp=0.000 mph=0.000 bytes=262144 pkts=262144 shard=0
step=0234750 (run 2750/8000) loss=3.27315 byte_ppl=26.394 atoms=69 merges=0 field=34.8068 rms=1.0877 scale=1.0000 fcos=nan ign=0.0000 prn=nan nxp=0.000 mph=0.000 bytes=262144 pkts=262144 shard=0
step=0234775 (run 2775/8000) loss=1.77918 byte_ppl=5.925 atoms=25 merges=0 field=35.2206 rms=1.1006 scale=1.0000 fcos=nan ign=0.0000 prn=nan nxp=0.000 mph=0.000 bytes=262144 pkts=262144 shard=0
step=0234800 (run 2800/8000) loss=5.32976 byte_ppl=206.389 atoms=53 merges=0 field=35.6259 rms=1.1133 scale=1.0000 fcos=nan ign=0.0000 prn=nan nxp=0.000 mph=0.000 bytes=262144 pkts=262144 shard=0
step=0234825 (run 2825/8000) loss=0.16904 byte_ppl=1.184 atoms=10 merges=0 field=36.0297 rms=1.1259 scale=1.0000 fcos=nan ign=0.0000 prn=nan nxp=0.000 mph=0.000 bytes=262144 pkts=262144 shard=0
step=0234850 (run 2850/8000) loss=6.46543 byte_ppl=642.543 atoms=38 merges=0 field=36.4137 rms=1.1379 scale=1.0000 fcos=nan ign=0.0000 prn=nan nxp=0.000 mph=0.000 bytes=262144 pkts=262144 shard=0
step=0234875 (run 2875/8000) loss=0.58551 byte_ppl=1.796 atoms=65 merges=0 field=36.8241 rms=1.1508 scale=1.0000 fcos=nan ign=0.0000 prn=nan nxp=0.000 mph=0.000 bytes=262144 pkts=262144 shard=0
step=0234900 (run 2900/8000) loss=3.54084 byte_ppl=34.496 atoms=22 merges=0 field=37.2639 rms=1.1645 scale=1.0000 fcos=nan ign=0.0000 prn=nan nxp=0.000 mph=0.000 bytes=262144 pkts=262144 shard=0
step=0234925 (run 2925/8000) loss=0.00312 byte_ppl=1.003 atoms=49 merges=0 field=37.6969 rms=1.1780 scale=1.0000 fcos=nan ign=0.0000 prn=nan nxp=0.000 mph=0.000 bytes=262144 pkts=262144 shard=0
step=0234950 (run 2950/8000) loss=9.94560 byte_ppl=20860.146 atoms=7 merges=0 field=38.1468 rms=1.1921 scale=1.0000 fcos=nan ign=0.0000 prn=nan nxp=0.000 mph=0.000 bytes=262144 pkts=262144 shard=0
step=0234975 (run 2975/8000) loss=0.23298 byte_ppl=1.262 atoms=34 merges=0 field=38.5759 rms=1.2055 scale=1.0000 fcos=nan ign=0.0000 prn=nan nxp=0.000 mph=0.000 bytes=262144 pkts=262144 shard=0
step=0235000 (run 3000/8000) loss=0.05331 byte_ppl=1.055 atoms=62 merges=0 field=39.0199 rms=1.2194 scale=1.0000 fcos=nan ign=0.0000 prn=nan nxp=0.000 mph=0.000 bytes=262144 pkts=262144 shard=0
step=0235025 (run 3025/8000) loss=0.17816 byte_ppl=1.195 atoms=19 merges=0 field=39.4453 rms=1.2327 scale=1.0000 fcos=nan ign=0.0000 prn=nan nxp=0.000 mph=0.000 bytes=262144 pkts=262144 shard=0
step=0235050 (run 3050/8000) loss=1.14302 byte_ppl=3.136 atoms=47 merges=0 field=39.8924 rms=1.2466 scale=1.0000 fcos=nan ign=0.0000 prn=nan nxp=0.000 mph=0.000 bytes=262144 pkts=262144 shard=0
step=0235075 (run 3075/8000) loss=0.00063 byte_ppl=1.001 atoms=3 merges=0 field=40.3236 rms=1.2601 scale=1.0000 fcos=nan ign=0.0000 prn=nan nxp=0.000 mph=0.000 bytes=262144 pkts=262144 shard=0
step=0235100 (run 3100/8000) loss=4.44550 byte_ppl=85.243 atoms=31 merges=0 field=40.7632 rms=1.2738 scale=1.0000 fcos=nan ign=0.0000 prn=nan nxp=0.000 mph=0.000 bytes=262144 pkts=262144 shard=0
step=0235125 (run 3125/8000) loss=1.24338 byte_ppl=3.467 atoms=58 merges=0 field=41.1797 rms=1.2869 scale=1.0000 fcos=nan ign=0.0000 prn=nan nxp=0.000 mph=0.000 bytes=262144 pkts=262144 shard=0
step=0235150 (run 3150/8000) loss=4.90338 byte_ppl=134.745 atoms=16 merges=0 field=41.6372 rms=1.3012 scale=1.0000 fcos=nan ign=0.0000 prn=nan nxp=0.000 mph=0.000 bytes=262144 pkts=262144 shard=0
step=0235175 (run 3175/8000) loss=4.86545 byte_ppl=129.730 atoms=43 merges=0 field=42.0585 rms=1.3143 scale=1.0000 fcos=nan ign=0.0000 prn=nan nxp=0.000 mph=0.000 bytes=262144 pkts=262144 shard=0
step=0235200 (run 3200/8000) loss=2.97300 byte_ppl=19.551 atoms=71 merges=0 field=42.4936 rms=1.3279 scale=1.0000 fcos=nan ign=0.0000 prn=nan nxp=0.000 mph=0.000 bytes=262144 pkts=262144 shard=0
step=0235225 (run 3225/8000) loss=4.56074 byte_ppl=95.654 atoms=27 merges=0 field=42.9234 rms=1.3414 scale=1.0000 fcos=nan ign=0.0000 prn=nan nxp=0.000 mph=0.000 bytes=262144 pkts=262144 shard=0
step=0235250 (run 3250/8000) loss=0.05014 byte_ppl=1.051 atoms=55 merges=0 field=43.3693 rms=1.3553 scale=1.0000 fcos=nan ign=0.0000 prn=nan nxp=0.000 mph=0.000 bytes=262144 pkts=262144 shard=0
step=0235275 (run 3275/8000) loss=0.02961 byte_ppl=1.030 atoms=12 merges=0 field=43.8065 rms=1.3690 scale=1.0000 fcos=nan ign=0.0000 prn=nan nxp=0.000 mph=0.000 bytes=262144 pkts=262144 shard=0
step=0235300 (run 3300/8000) loss=1.24071 byte_ppl=3.458 atoms=40 merges=0 field=44.2853 rms=1.3839 scale=1.0000 fcos=nan ign=0.0000 prn=nan nxp=0.000 mph=0.000 bytes=262144 pkts=262144 shard=0
step=0235325 (run 3325/8000) loss=0.00110 byte_ppl=1.001 atoms=67 merges=0 field=44.7238 rms=1.3976 scale=1.0000 fcos=nan ign=0.0000 prn=nan nxp=0.000 mph=0.000 bytes=262144 pkts=262144 shard=0
step=0235350 (run 3350/8000) loss=0.91356 byte_ppl=2.493 atoms=25 merges=0 field=45.1697 rms=1.4116 scale=1.0000 fcos=nan ign=0.0000 prn=nan nxp=0.000 mph=0.000 bytes=262144 pkts=262144 shard=0
step=0235375 (run 3375/8000) loss=6.25371 byte_ppl=519.936 atoms=52 merges=0 field=45.6155 rms=1.4255 scale=1.0000 fcos=nan ign=0.0000 prn=nan nxp=0.000 mph=0.000 bytes=262144 pkts=262144 shard=0
step=0235400 (run 3400/8000) loss=0.02983 byte_ppl=1.030 atoms=9 merges=0 field=46.1017 rms=1.4407 scale=1.0000 fcos=nan ign=0.0000 prn=nan nxp=0.000 mph=0.000 bytes=262144 pkts=262144 shard=0
step=0235425 (run 3425/8000) loss=4.09890 byte_ppl=60.274 atoms=36 merges=0 field=46.5641 rms=1.4551 scale=1.0000 fcos=nan ign=0.0000 prn=nan nxp=0.000 mph=0.000 bytes=262144 pkts=262144 shard=0
step=0235450 (run 3450/8000) loss=4.22040 byte_ppl=68.060 atoms=64 merges=0 field=47.0361 rms=1.4699 scale=1.0000 fcos=nan ign=0.0000 prn=nan nxp=0.000 mph=0.000 bytes=262144 pkts=262144 shard=0
step=0235475 (run 3475/8000) loss=0.00281 byte_ppl=1.003 atoms=21 merges=0 field=47.5232 rms=1.4851 scale=1.0000 fcos=nan ign=0.0000 prn=nan nxp=0.000 mph=0.000 bytes=262144 pkts=262144 shard=0
step=0235500 (run 3500/8000) loss=6.39558 byte_ppl=599.188 atoms=49 merges=0 field=48.0189 rms=1.5006 scale=1.0000 fcos=nan ign=0.0000 prn=nan nxp=0.000 mph=0.000 bytes=262144 pkts=262144 shard=0
step=0235525 (run 3525/8000) loss=4.19898 byte_ppl=66.618 atoms=5 merges=0 field=48.5004 rms=1.5156 scale=1.0000 fcos=nan ign=0.0000 prn=nan nxp=0.000 mph=0.000 bytes=262144 pkts=262144 shard=0
step=0235550 (run 3550/8000) loss=2.08144 byte_ppl=8.016 atoms=33 merges=0 field=49.0035 rms=1.5314 scale=1.0000 fcos=nan ign=0.0000 prn=nan nxp=0.000 mph=0.000 bytes=262144 pkts=262144 shard=0
step=0235575 (run 3575/8000) loss=0.01134 byte_ppl=1.011 atoms=60 merges=0 field=49.4584 rms=1.5456 scale=1.0000 fcos=nan ign=0.0000 prn=nan nxp=0.000 mph=0.000 bytes=262144 pkts=262144 shard=0
step=0235600 (run 3600/8000) loss=5.22605 byte_ppl=186.056 atoms=18 merges=0 field=49.9651 rms=1.5614 scale=1.0000 fcos=nan ign=0.0000 prn=nan nxp=0.000 mph=0.000 bytes=262144 pkts=262144 shard=0
step=0235625 (run 3625/8000) loss=0.01600 byte_ppl=1.016 atoms=45 merges=0 field=50.4304 rms=1.5759 scale=1.0000 fcos=nan ign=0.0000 prn=nan nxp=0.000 mph=0.000 bytes=262144 pkts=262144 shard=0
step=0235650 (run 3650/8000) loss=4.86042 byte_ppl=129.078 atoms=3 merges=0 field=50.9299 rms=1.5916 scale=1.0000 fcos=nan ign=0.0000 prn=nan nxp=0.000 mph=0.000 bytes=262144 pkts=262144 shard=0
step=0235675 (run 3675/8000) loss=1.22396 byte_ppl=3.401 atoms=30 merges=0 field=51.4189 rms=1.6068 scale=1.0000 fcos=nan ign=0.0000 prn=nan nxp=0.000 mph=0.000 bytes=262144 pkts=262144 shard=0
step=0235700 (run 3700/8000) loss=4.61318 byte_ppl=100.805 atoms=58 merges=0 field=51.9165 rms=1.6224 scale=1.0000 fcos=nan ign=0.0000 prn=nan nxp=0.000 mph=0.000 bytes=262144 pkts=262144 shard=0
step=0235725 (run 3725/8000) loss=0.00527 byte_ppl=1.005 atoms=14 merges=0 field=52.4046 rms=1.6376 scale=1.0000 fcos=nan ign=0.0000 prn=nan nxp=0.000 mph=0.000 bytes=262144 pkts=262144 shard=0
step=0235750 (run 3750/8000) loss=1.90317 byte_ppl=6.707 atoms=42 merges=0 field=52.9174 rms=1.6537 scale=1.0000 fcos=nan ign=0.0000 prn=nan nxp=0.000 mph=0.000 bytes=262144 pkts=262144 shard=0
step=0235775 (run 3775/8000) loss=0.00751 byte_ppl=1.008 atoms=69 merges=0 field=53.4503 rms=1.6703 scale=1.0000 fcos=nan ign=0.0000 prn=nan nxp=0.000 mph=0.000 bytes=262144 pkts=262144 shard=0
step=0235800 (run 3800/8000) loss=4.45706 byte_ppl=86.234 atoms=27 merges=0 field=53.9768 rms=1.6868 scale=1.0000 fcos=nan ign=0.0000 prn=nan nxp=0.000 mph=0.000 bytes=262144 pkts=262144 shard=0
step=0235825 (run 3825/8000) loss=0.00513 byte_ppl=1.005 atoms=54 merges=0 field=54.4914 rms=1.7029 scale=1.0000 fcos=nan ign=0.0000 prn=nan nxp=0.000 mph=0.000 bytes=262144 pkts=262144 shard=0
step=0235850 (run 3850/8000) loss=0.50159 byte_ppl=1.651 atoms=11 merges=0 field=55.0220 rms=1.7194 scale=1.0000 fcos=nan ign=0.0000 prn=nan nxp=0.000 mph=0.000 bytes=262144 pkts=262144 shard=0
step=0235875 (run 3875/8000) loss=2.70739 byte_ppl=14.990 atoms=38 merges=0 field=55.5151 rms=1.7348 scale=1.0000 fcos=nan ign=0.0000 prn=nan nxp=0.000 mph=0.000 bytes=262144 pkts=262144 shard=0
step=0235900 (run 3900/8000) loss=6.46929 byte_ppl=645.027 atoms=66 merges=0 field=56.0413 rms=1.7513 scale=1.0000 fcos=nan ign=0.0000 prn=nan nxp=0.000 mph=0.000 bytes=262144 pkts=262144 shard=0
step=0235925 (run 3925/8000) loss=0.00057 byte_ppl=1.001 atoms=23 merges=0 field=56.5535 rms=1.7673 scale=1.0000 fcos=nan ign=0.0000 prn=nan nxp=0.000 mph=0.000 bytes=262144 pkts=262144 shard=0
step=0235950 (run 3950/8000) loss=5.76825 byte_ppl=319.976 atoms=51 merges=0 field=57.1088 rms=1.7847 scale=1.0000 fcos=nan ign=0.0000 prn=nan nxp=0.000 mph=0.000 bytes=262144 pkts=262144 shard=0
step=0235975 (run 3975/8000) loss=0.00513 byte_ppl=1.005 atoms=8 merges=0 field=57.6378 rms=1.8012 scale=1.0000 fcos=nan ign=0.0000 prn=nan nxp=0.000 mph=0.000 bytes=262144 pkts=262144 shard=0
step=0236000 (run 4000/8000) loss=0.00242 byte_ppl=1.002 atoms=36 merges=0 field=58.1630 rms=1.8176 scale=1.0000 fcos=nan ign=0.0000 prn=nan nxp=0.000 mph=0.000 bytes=262144 pkts=262144 shard=0
step=0236025 (run 4025/8000) loss=4.28673 byte_ppl=72.728 atoms=63 merges=0 field=58.6889 rms=1.8340 scale=1.0000 fcos=nan ign=0.0000 prn=nan nxp=0.000 mph=0.000 bytes=262144 pkts=262144 shard=0
step=0236050 (run 4050/8000) loss=6.78231 byte_ppl=882.101 atoms=20 merges=0 field=59.2313 rms=1.8510 scale=1.0000 fcos=nan ign=0.0000 prn=nan nxp=0.000 mph=0.000 bytes=262144 pkts=262144 shard=0
step=0236075 (run 4075/8000) loss=3.16035 byte_ppl=23.579 atoms=47 merges=0 field=59.7763 rms=1.8680 scale=1.0000 fcos=nan ign=0.0000 prn=nan nxp=0.000 mph=0.000 bytes=262144 pkts=262144 shard=0
step=0236100 (run 4100/8000) loss=2.71176 byte_ppl=15.056 atoms=5 merges=0 field=60.3171 rms=1.8849 scale=1.0000 fcos=nan ign=0.0000 prn=nan nxp=0.000 mph=0.000 bytes=262144 pkts=262144 shard=0
step=0236125 (run 4125/8000) loss=0.01638 byte_ppl=1.017 atoms=32 merges=0 field=60.8220 rms=1.9007 scale=1.0000 fcos=nan ign=0.0000 prn=nan nxp=0.000 mph=0.000 bytes=262144 pkts=262144 shard=0
step=0236150 (run 4150/8000) loss=6.22057 byte_ppl=502.988 atoms=60 merges=0 field=61.3744 rms=1.9180 scale=1.0000 fcos=nan ign=0.0000 prn=nan nxp=0.000 mph=0.000 bytes=262144 pkts=262144 shard=0
step=0236175 (run 4175/8000) loss=3.09080 byte_ppl=21.995 atoms=16 merges=0 field=61.9082 rms=1.9346 scale=1.0000 fcos=nan ign=0.0000 prn=nan nxp=0.000 mph=0.000 bytes=262144 pkts=262144 shard=0
step=0236200 (run 4200/8000) loss=1.72302 byte_ppl=5.601 atoms=44 merges=0 field=62.4859 rms=1.9527 scale=1.0000 fcos=nan ign=0.0000 prn=nan nxp=0.000 mph=0.000 bytes=262144 pkts=262144 shard=0
step=0236225 (run 4225/8000) loss=0.03869 byte_ppl=1.039 atoms=1 merges=0 field=63.0592 rms=1.9706 scale=1.0000 fcos=nan ign=0.0000 prn=nan nxp=0.000 mph=0.000 bytes=262144 pkts=262144 shard=0
step=0236250 (run 4250/8000) loss=0.09806 byte_ppl=1.103 atoms=29 merges=0 field=63.6260 rms=1.9883 scale=1.0000 fcos=nan ign=0.0000 prn=nan nxp=0.000 mph=0.000 bytes=262144 pkts=262144 shard=0
step=0236275 (run 4275/8000) loss=0.12488 byte_ppl=1.133 atoms=56 merges=0 field=64.1880 rms=2.0059 scale=1.0000 fcos=nan ign=0.0000 prn=nan nxp=0.000 mph=0.000 bytes=262144 pkts=262144 shard=0
step=0236300 (run 4300/8000) loss=7.03830 byte_ppl=1139.444 atoms=14 merges=0 field=64.7550 rms=2.0236 scale=1.0000 fcos=nan ign=0.0000 prn=nan nxp=0.000 mph=0.000 bytes=262144 pkts=262144 shard=0
step=0236325 (run 4325/8000) loss=0.00591 byte_ppl=1.006 atoms=41 merges=0 field=65.3284 rms=2.0415 scale=1.0000 fcos=nan ign=0.0000 prn=nan nxp=0.000 mph=0.000 bytes=262144 pkts=262144 shard=0
step=0236350 (run 4350/8000) loss=5.69089 byte_ppl=296.156 atoms=69 merges=0 field=65.9182 rms=2.0599 scale=1.0000 fcos=nan ign=0.0000 prn=nan nxp=0.000 mph=0.000 bytes=262144 pkts=262144 shard=0
step=0236375 (run 4375/8000) loss=0.01646 byte_ppl=1.017 atoms=25 merges=0 field=66.4530 rms=2.0767 scale=1.0000 fcos=nan ign=0.0000 prn=nan nxp=0.000 mph=0.000 bytes=262144 pkts=262144 shard=0
step=0236400 (run 4400/8000) loss=6.97472 byte_ppl=1069.253 atoms=53 merges=0 field=67.0115 rms=2.0941 scale=1.0000 fcos=nan ign=0.0000 prn=nan nxp=0.000 mph=0.000 bytes=262144 pkts=262144 shard=0
step=0236425 (run 4425/8000) loss=1.05159 byte_ppl=2.862 atoms=10 merges=0 field=67.5664 rms=2.1114 scale=1.0000 fcos=nan ign=0.0000 prn=nan nxp=0.000 mph=0.000 bytes=262144 pkts=262144 shard=0
step=0236450 (run 4450/8000) loss=2.30904 byte_ppl=10.065 atoms=38 merges=0 field=68.1589 rms=2.1300 scale=1.0000 fcos=nan ign=0.0000 prn=nan nxp=0.000 mph=0.000 bytes=262144 pkts=262144 shard=0
step=0236475 (run 4475/8000) loss=0.00047 byte_ppl=1.000 atoms=65 merges=0 field=68.7203 rms=2.1475 scale=1.0000 fcos=nan ign=0.0000 prn=nan nxp=0.000 mph=0.000 bytes=262144 pkts=262144 shard=0
step=0236500 (run 4500/8000) loss=0.00493 byte_ppl=1.005 atoms=22 merges=0 field=69.3006 rms=2.1656 scale=1.0000 fcos=nan ign=0.0000 prn=nan nxp=0.000 mph=0.000 bytes=262144 pkts=262144 shard=0
step=0236525 (run 4525/8000) loss=2.73034 byte_ppl=15.338 atoms=49 merges=0 field=69.8462 rms=2.1827 scale=1.0000 fcos=nan ign=0.0000 prn=nan nxp=0.000 mph=0.000 bytes=262144 pkts=262144 shard=0
step=0236550 (run 4550/8000) loss=8.33917 byte_ppl=4184.633 atoms=7 merges=0 field=70.4383 rms=2.2012 scale=1.0000 fcos=nan ign=0.0000 prn=nan nxp=0.000 mph=0.000 bytes=262144 pkts=262144 shard=0
step=0236575 (run 4575/8000) loss=0.00069 byte_ppl=1.001 atoms=34 merges=0 field=71.0134 rms=2.2192 scale=1.0000 fcos=nan ign=0.0000 prn=nan nxp=0.000 mph=0.000 bytes=262144 pkts=262144 shard=0
step=0236600 (run 4600/8000) loss=6.92027 byte_ppl=1012.589 atoms=62 merges=0 field=71.5853 rms=2.2370 scale=1.0000 fcos=nan ign=0.0000 prn=nan nxp=0.000 mph=0.000 bytes=262144 pkts=262144 shard=0
step=0236625 (run 4625/8000) loss=0.00587 byte_ppl=1.006 atoms=19 merges=0 field=72.1745 rms=2.2555 scale=1.0000 fcos=nan ign=0.0000 prn=nan nxp=0.000 mph=0.000 bytes=262144 pkts=262144 shard=0
step=0236650 (run 4650/8000) loss=11.00528 byte_ppl=60191.143 atoms=47 merges=0 field=72.7777 rms=2.2743 scale=1.0000 fcos=nan ign=0.0000 prn=nan nxp=0.000 mph=0.000 bytes=262144 pkts=262144 shard=0
step=0236675 (run 4675/8000) loss=0.01514 byte_ppl=1.015 atoms=3 merges=0 field=73.3473 rms=2.2921 scale=1.0000 fcos=nan ign=0.0000 prn=nan nxp=0.000 mph=0.000 bytes=262144 pkts=262144 shard=0
step=0236700 (run 4700/8000) loss=7.93670 byte_ppl=2798.107 atoms=31 merges=0 field=73.9624 rms=2.3113 scale=1.0000 fcos=nan ign=0.0000 prn=nan nxp=0.000 mph=0.000 bytes=262144 pkts=262144 shard=0
step=0236725 (run 4725/8000) loss=0.00120 byte_ppl=1.001 atoms=58 merges=0 field=74.5690 rms=2.3303 scale=1.0000 fcos=nan ign=0.0000 prn=nan nxp=0.000 mph=0.000 bytes=262144 pkts=262144 shard=0
step=0236750 (run 4750/8000) loss=0.00390 byte_ppl=1.004 atoms=16 merges=0 field=75.1540 rms=2.3486 scale=1.0000 fcos=nan ign=0.0000 prn=nan nxp=0.000 mph=0.000 bytes=262144 pkts=262144 shard=0
step=0236775 (run 4775/8000) loss=0.14282 byte_ppl=1.154 atoms=43 merges=0 field=75.7392 rms=2.3668 scale=1.0000 fcos=nan ign=0.0000 prn=nan nxp=0.000 mph=0.000 bytes=262144 pkts=262144 shard=0
step=0236800 (run 4800/8000) loss=1.86930 byte_ppl=6.484 atoms=71 merges=0 field=76.3502 rms=2.3859 scale=1.0000 fcos=nan ign=0.0000 prn=nan nxp=0.000 mph=0.000 bytes=262144 pkts=262144 shard=0
step=0236825 (run 4825/8000) loss=1.78199 byte_ppl=5.942 atoms=27 merges=0 field=76.9387 rms=2.4043 scale=1.0000 fcos=nan ign=0.0000 prn=nan nxp=0.000 mph=0.000 bytes=262144 pkts=262144 shard=0
step=0236850 (run 4850/8000) loss=8.78824 byte_ppl=6556.685 atoms=55 merges=0 field=77.5756 rms=2.4242 scale=1.0000 fcos=nan ign=0.0000 prn=nan nxp=0.000 mph=0.000 bytes=262144 pkts=262144 shard=0
step=0236875 (run 4875/8000) loss=0.00781 byte_ppl=1.008 atoms=12 merges=0 field=78.1779 rms=2.4431 scale=1.0000 fcos=nan ign=0.0000 prn=nan nxp=0.000 mph=0.000 bytes=262144 pkts=262144 shard=0
step=0236900 (run 4900/8000) loss=1.05125 byte_ppl=2.861 atoms=40 merges=0 field=78.8129 rms=2.4629 scale=1.0000 fcos=nan ign=0.0000 prn=nan nxp=0.000 mph=0.000 bytes=262144 pkts=262144 shard=0
step=0236925 (run 4925/8000) loss=0.00233 byte_ppl=1.002 atoms=67 merges=0 field=79.4614 rms=2.4832 scale=1.0000 fcos=nan ign=0.0000 prn=nan nxp=0.000 mph=0.000 bytes=262144 pkts=262144 shard=0
step=0236950 (run 4950/8000) loss=5.60478 byte_ppl=271.723 atoms=25 merges=0 field=80.1088 rms=2.5034 scale=1.0000 fcos=nan ign=0.0000 prn=nan nxp=0.000 mph=0.000 bytes=262144 pkts=262144 shard=0
step=0236975 (run 4975/8000) loss=0.02140 byte_ppl=1.022 atoms=52 merges=0 field=80.7416 rms=2.5232 scale=1.0000 fcos=nan ign=0.0000 prn=nan nxp=0.000 mph=0.000 bytes=262144 pkts=262144 shard=0
step=0237000 (run 5000/8000) loss=3.23426 byte_ppl=25.388 atoms=9 merges=0 field=81.4119 rms=2.5441 scale=1.0000 fcos=nan ign=0.0000 prn=nan nxp=0.000 mph=0.000 bytes=262144 pkts=262144 shard=0
step=0237025 (run 5025/8000) loss=0.01261 byte_ppl=1.013 atoms=36 merges=0 field=82.0427 rms=2.5638 scale=1.0000 fcos=nan ign=0.0000 prn=nan nxp=0.000 mph=0.000 bytes=262144 pkts=262144 shard=0
step=0237050 (run 5050/8000) loss=8.02543 byte_ppl=3057.729 atoms=64 merges=0 field=82.7258 rms=2.5852 scale=1.0000 fcos=nan ign=0.0000 prn=nan nxp=0.000 mph=0.000 bytes=262144 pkts=262144 shard=0
step=0237075 (run 5075/8000) loss=0.45943 byte_ppl=1.583 atoms=21 merges=0 field=83.3632 rms=2.6051 scale=1.0000 fcos=nan ign=0.0000 prn=nan nxp=0.000 mph=0.000 bytes=262144 pkts=262144 shard=0
step=0237100 (run 5100/8000) loss=5.30968 byte_ppl=202.286 atoms=49 merges=0 field=84.0266 rms=2.6258 scale=1.0000 fcos=nan ign=0.0000 prn=nan nxp=0.000 mph=0.000 bytes=262144 pkts=262144 shard=0
step=0237125 (run 5125/8000) loss=3.80545 byte_ppl=44.945 atoms=5 merges=0 field=84.6471 rms=2.6452 scale=1.0000 fcos=nan ign=0.0000 prn=nan nxp=0.000 mph=0.000 bytes=262144 pkts=262144 shard=0
step=0237150 (run 5150/8000) loss=3.85154 byte_ppl=47.065 atoms=33 merges=0 field=85.3146 rms=2.6661 scale=1.0000 fcos=nan ign=0.0000 prn=nan nxp=0.000 mph=0.000 bytes=262144 pkts=262144 shard=0
step=0237175 (run 5175/8000) loss=6.59757 byte_ppl=733.308 atoms=60 merges=0 field=85.9536 rms=2.6860 scale=1.0000 fcos=nan ign=0.0000 prn=nan nxp=0.000 mph=0.000 bytes=262144 pkts=262144 shard=0
step=0237200 (run 5200/8000) loss=5.24306 byte_ppl=189.249 atoms=18 merges=0 field=86.6271 rms=2.7071 scale=1.0000 fcos=nan ign=0.0000 prn=nan nxp=0.000 mph=0.000 bytes=262144 pkts=262144 shard=0
step=0237225 (run 5225/8000) loss=0.00708 byte_ppl=1.007 atoms=45 merges=0 field=87.2919 rms=2.7279 scale=1.0000 fcos=nan ign=0.0000 prn=nan nxp=0.000 mph=0.000 bytes=262144 pkts=262144 shard=0
step=0237250 (run 5250/8000) loss=10.95737 byte_ppl=57375.610 atoms=3 merges=0 field=87.9592 rms=2.7487 scale=1.0000 fcos=nan ign=0.0000 prn=nan nxp=0.000 mph=0.000 bytes=262144 pkts=262144 shard=0
step=0237275 (run 5275/8000) loss=0.00184 byte_ppl=1.002 atoms=30 merges=0 field=88.5994 rms=2.7687 scale=1.0000 fcos=nan ign=0.0000 prn=nan nxp=0.000 mph=0.000 bytes=262144 pkts=262144 shard=0
step=0237300 (run 5300/8000) loss=7.69731 byte_ppl=2202.413 atoms=58 merges=0 field=89.2963 rms=2.7905 scale=1.0000 fcos=nan ign=0.0000 prn=nan nxp=0.000 mph=0.000 bytes=262144 pkts=262144 shard=0
step=0237325 (run 5325/8000) loss=0.01419 byte_ppl=1.014 atoms=14 merges=0 field=89.9514 rms=2.8110 scale=1.0000 fcos=nan ign=0.0000 prn=nan nxp=0.000 mph=0.000 bytes=262144 pkts=262144 shard=0
step=0237350 (run 5350/8000) loss=0.67511 byte_ppl=1.964 atoms=42 merges=0 field=90.6430 rms=2.8326 scale=1.0000 fcos=nan ign=0.0000 prn=nan nxp=0.000 mph=0.000 bytes=262144 pkts=262144 shard=0
step=0237375 (run 5375/8000) loss=0.03185 byte_ppl=1.032 atoms=69 merges=0 field=91.3146 rms=2.8536 scale=1.0000 fcos=nan ign=0.0000 prn=nan nxp=0.000 mph=0.000 bytes=262144 pkts=262144 shard=0
step=0237400 (run 5400/8000) loss=5.88606 byte_ppl=359.986 atoms=27 merges=0 field=91.9897 rms=2.8747 scale=1.0000 fcos=nan ign=0.0000 prn=nan nxp=0.000 mph=0.000 bytes=262144 pkts=262144 shard=0
step=0237425 (run 5425/8000) loss=0.00523 byte_ppl=1.005 atoms=54 merges=0 field=92.6689 rms=2.8959 scale=1.0000 fcos=nan ign=0.0000 prn=nan nxp=0.000 mph=0.000 bytes=262144 pkts=262144 shard=0
step=0237450 (run 5450/8000) loss=5.19119 byte_ppl=179.682 atoms=11 merges=0 field=93.3722 rms=2.9179 scale=1.0000 fcos=nan ign=0.0000 prn=nan nxp=0.000 mph=0.000 bytes=262144 pkts=262144 shard=0
step=0237475 (run 5475/8000) loss=1.59131 byte_ppl=4.910 atoms=38 merges=0 field=94.0484 rms=2.9390 scale=1.0000 fcos=nan ign=0.0000 prn=nan nxp=0.000 mph=0.000 bytes=262144 pkts=262144 shard=0
step=0237500 (run 5500/8000) loss=0.78523 byte_ppl=2.193 atoms=66 merges=0 field=94.7535 rms=2.9610 scale=1.0000 fcos=nan ign=0.0000 prn=nan nxp=0.000 mph=0.000 bytes=262144 pkts=262144 shard=0
step=0237525 (run 5525/8000) loss=0.00053 byte_ppl=1.001 atoms=23 merges=0 field=95.4488 rms=2.9828 scale=1.0000 fcos=nan ign=0.0000 prn=nan nxp=0.000 mph=0.000 bytes=262144 pkts=262144 shard=0
step=0237550 (run 5550/8000) loss=2.87664 byte_ppl=17.754 atoms=51 merges=0 field=96.0000 rms=3.0000 scale=0.9997 fcos=nan ign=0.0000 prn=nan nxp=0.000 mph=0.000 bytes=262144 pkts=262144 shard=0
step=0237575 (run 5575/8000) loss=0.00203 byte_ppl=1.002 atoms=8 merges=0 field=96.0000 rms=3.0000 scale=0.9997 fcos=nan ign=0.0000 prn=nan nxp=0.000 mph=0.000 bytes=262144 pkts=262144 shard=0
step=0237600 (run 5600/8000) loss=2.75892 byte_ppl=15.783 atoms=36 merges=0 field=96.0000 rms=3.0000 scale=0.9998 fcos=nan ign=0.0000 prn=nan nxp=0.000 mph=0.000 bytes=262144 pkts=262144 shard=0
step=0237625 (run 5625/8000) loss=0.06286 byte_ppl=1.065 atoms=63 merges=0 field=96.0000 rms=3.0000 scale=0.9997 fcos=nan ign=0.0000 prn=nan nxp=0.000 mph=0.000 bytes=262144 pkts=262144 shard=0
step=0237650 (run 5650/8000) loss=3.92827 byte_ppl=50.819 atoms=20 merges=0 field=96.0000 rms=3.0000 scale=0.9998 fcos=nan ign=0.0000 prn=nan nxp=0.000 mph=0.000 bytes=262144 pkts=262144 shard=0
step=0237675 (run 5675/8000) loss=0.00017 byte_ppl=1.000 atoms=47 merges=0 field=96.0000 rms=3.0000 scale=0.9997 fcos=nan ign=0.0000 prn=nan nxp=0.000 mph=0.000 bytes=262144 pkts=262144 shard=0
step=0237700 (run 5700/8000) loss=9.57583 byte_ppl=14412.188 atoms=5 merges=0 field=96.0000 rms=3.0000 scale=0.9998 fcos=nan ign=0.0000 prn=nan nxp=0.000 mph=0.000 bytes=262144 pkts=262144 shard=0
step=0237725 (run 5725/8000) loss=0.00302 byte_ppl=1.003 atoms=32 merges=0 field=96.0000 rms=3.0000 scale=0.9997 fcos=nan ign=0.0000 prn=nan nxp=0.000 mph=0.000 bytes=262144 pkts=262144 shard=0
step=0237750 (run 5750/8000) loss=8.27938 byte_ppl=3941.749 atoms=60 merges=0 field=96.0000 rms=3.0000 scale=0.9997 fcos=nan ign=0.0000 prn=nan nxp=0.000 mph=0.000 bytes=262144 pkts=262144 shard=0
step=0237775 (run 5775/8000) loss=6.73131 byte_ppl=838.245 atoms=16 merges=0 field=96.0000 rms=3.0000 scale=0.9997 fcos=nan ign=0.0000 prn=nan nxp=0.000 mph=0.000 bytes=262144 pkts=262144 shard=0
step=0237800 (run 5800/8000) loss=7.02885 byte_ppl=1128.735 atoms=44 merges=0 field=96.0000 rms=3.0000 scale=0.9997 fcos=nan ign=0.0000 prn=nan nxp=0.000 mph=0.000 bytes=262144 pkts=262144 shard=0
step=0237825 (run 5825/8000) loss=0.00077 byte_ppl=1.001 atoms=1 merges=0 field=96.0000 rms=3.0000 scale=0.9998 fcos=nan ign=0.0000 prn=nan nxp=0.000 mph=0.000 bytes=262144 pkts=262144 shard=0
step=0237850 (run 5850/8000) loss=3.40361 byte_ppl=30.072 atoms=29 merges=0 field=96.0000 rms=3.0000 scale=0.9997 fcos=nan ign=0.0000 prn=nan nxp=0.000 mph=0.000 bytes=262144 pkts=262144 shard=0
step=0237875 (run 5875/8000) loss=0.01434 byte_ppl=1.014 atoms=56 merges=0 field=96.0000 rms=3.0000 scale=0.9997 fcos=nan ign=0.0000 prn=nan nxp=0.000 mph=0.000 bytes=262144 pkts=262144 shard=0
step=0237900 (run 5900/8000) loss=4.52385 byte_ppl=92.190 atoms=14 merges=0 field=96.0000 rms=3.0000 scale=0.9998 fcos=nan ign=0.0000 prn=nan nxp=0.000 mph=0.000 bytes=262144 pkts=262144 shard=0
step=0237925 (run 5925/8000) loss=8.32138 byte_ppl=4110.832 atoms=41 merges=0 field=96.0000 rms=3.0000 scale=0.9997 fcos=nan ign=0.0000 prn=nan nxp=0.000 mph=0.000 bytes=262144 pkts=262144 shard=0
step=0237950 (run 5950/8000) loss=3.96765 byte_ppl=52.860 atoms=69 merges=0 field=96.0000 rms=3.0000 scale=0.9997 fcos=nan ign=0.0000 prn=nan nxp=0.000 mph=0.000 bytes=262144 pkts=262144 shard=0
step=0237975 (run 5975/8000) loss=0.01398 byte_ppl=1.014 atoms=25 merges=0 field=96.0000 rms=3.0000 scale=0.9997 fcos=nan ign=0.0000 prn=nan nxp=0.000 mph=0.000 bytes=262144 pkts=262144 shard=0
step=0238000 (run 6000/8000) loss=7.31933 byte_ppl=1509.194 atoms=53 merges=0 field=96.0000 rms=3.0000 scale=0.9998 fcos=nan ign=0.0000 prn=nan nxp=0.000 mph=0.000 bytes=262144 pkts=262144 shard=0
step=0238025 (run 6025/8000) loss=0.02078 byte_ppl=1.021 atoms=10 merges=0 field=96.0000 rms=3.0000 scale=0.9997 fcos=nan ign=0.0000 prn=nan nxp=0.000 mph=0.000 bytes=262144 pkts=262144 shard=0
step=0238050 (run 6050/8000) loss=3.92280 byte_ppl=50.542 atoms=38 merges=0 field=96.0000 rms=3.0000 scale=0.9998 fcos=nan ign=0.0000 prn=nan nxp=0.000 mph=0.000 bytes=262144 pkts=262144 shard=0
step=0238075 (run 6075/8000) loss=1.97611 byte_ppl=7.215 atoms=65 merges=0 field=96.0000 rms=3.0000 scale=0.9998 fcos=nan ign=0.0000 prn=nan nxp=0.000 mph=0.000 bytes=262144 pkts=262144 shard=0
step=0238100 (run 6100/8000) loss=13.96520 byte_ppl=1161476.190 atoms=22 merges=0 field=96.0000 rms=3.0000 scale=0.9998 fcos=nan ign=0.0000 prn=nan nxp=0.000 mph=0.000 bytes=262144 pkts=262144 shard=0
step=0238125 (run 6125/8000) loss=0.35720 byte_ppl=1.429 atoms=49 merges=0 field=96.0000 rms=3.0000 scale=0.9998 fcos=nan ign=0.0000 prn=nan nxp=0.000 mph=0.000 bytes=262144 pkts=262144 shard=0
step=0238150 (run 6150/8000) loss=5.01716 byte_ppl=150.982 atoms=7 merges=0 field=96.0000 rms=3.0000 scale=0.9997 fcos=nan ign=0.0000 prn=nan nxp=0.000 mph=0.000 bytes=262144 pkts=262144 shard=0
step=0238175 (run 6175/8000) loss=0.03632 byte_ppl=1.037 atoms=34 merges=0 field=96.0000 rms=3.0000 scale=0.9998 fcos=nan ign=0.0000 prn=nan nxp=0.000 mph=0.000 bytes=262144 pkts=262144 shard=0
step=0238200 (run 6200/8000) loss=3.12772 byte_ppl=22.822 atoms=62 merges=0 field=96.0000 rms=3.0000 scale=0.9998 fcos=nan ign=0.0000 prn=nan nxp=0.000 mph=0.000 bytes=262144 pkts=262144 shard=0
step=0238225 (run 6225/8000) loss=3.02948 byte_ppl=20.686 atoms=19 merges=0 field=96.0000 rms=3.0000 scale=0.9998 fcos=nan ign=0.0000 prn=nan nxp=0.000 mph=0.000 bytes=262144 pkts=262144 shard=0
step=0238250 (run 6250/8000) loss=6.79718 byte_ppl=895.323 atoms=47 merges=0 field=96.0000 rms=3.0000 scale=0.9998 fcos=nan ign=0.0000 prn=nan nxp=0.000 mph=0.000 bytes=262144 pkts=262144 shard=0
step=0238275 (run 6275/8000) loss=2.29122 byte_ppl=9.887 atoms=3 merges=0 field=96.0000 rms=3.0000 scale=0.9998 fcos=nan ign=0.0000 prn=nan nxp=0.000 mph=0.000 bytes=262144 pkts=262144 shard=0
step=0238300 (run 6300/8000) loss=12.36362 byte_ppl=234128.309 atoms=31 merges=0 field=96.0000 rms=3.0000 scale=0.9998 fcos=nan ign=0.0000 prn=nan nxp=0.000 mph=0.000 bytes=262144 pkts=262144 shard=0
step=0238325 (run 6325/8000) loss=0.00757 byte_ppl=1.008 atoms=58 merges=0 field=96.0000 rms=3.0000 scale=0.9997 fcos=nan ign=0.0000 prn=nan nxp=0.000 mph=0.000 bytes=262144 pkts=262144 shard=0
step=0238350 (run 6350/8000) loss=4.34040 byte_ppl=76.739 atoms=16 merges=0 field=96.0000 rms=3.0000 scale=0.9998 fcos=nan ign=0.0000 prn=nan nxp=0.000 mph=0.000 bytes=262144 pkts=262144 shard=0
step=0238375 (run 6375/8000) loss=0.08926 byte_ppl=1.093 atoms=43 merges=0 field=96.0000 rms=3.0000 scale=0.9997 fcos=nan ign=0.0000 prn=nan nxp=0.000 mph=0.000 bytes=262144 pkts=262144 shard=0
step=0238400 (run 6400/8000) loss=2.36195 byte_ppl=10.612 atoms=71 merges=0 field=96.0000 rms=3.0000 scale=0.9997 fcos=nan ign=0.0000 prn=nan nxp=0.000 mph=0.000 bytes=262144 pkts=262144 shard=0
step=0238425 (run 6425/8000) loss=0.00439 byte_ppl=1.004 atoms=27 merges=0 field=95.9999 rms=3.0000 scale=0.9997 fcos=nan ign=0.0000 prn=nan nxp=0.000 mph=0.000 bytes=262144 pkts=262144 shard=0
step=0238450 (run 6450/8000) loss=0.00424 byte_ppl=1.004 atoms=55 merges=0 field=96.0000 rms=3.0000 scale=0.9998 fcos=nan ign=0.0000 prn=nan nxp=0.000 mph=0.000 bytes=262144 pkts=262144 shard=0
step=0238475 (run 6475/8000) loss=0.05662 byte_ppl=1.058 atoms=12 merges=0 field=96.0000 rms=3.0000 scale=0.9997 fcos=nan ign=0.0000 prn=nan nxp=0.000 mph=0.000 bytes=262144 pkts=262144 shard=0
step=0238500 (run 6500/8000) loss=9.62466 byte_ppl=15133.458 atoms=40 merges=0 field=96.0000 rms=3.0000 scale=0.9998 fcos=nan ign=0.0000 prn=nan nxp=0.000 mph=0.000 bytes=262144 pkts=262144 shard=0
step=0238525 (run 6525/8000) loss=0.01441 byte_ppl=1.015 atoms=67 merges=0 field=96.0000 rms=3.0000 scale=0.9997 fcos=nan ign=0.0000 prn=nan nxp=0.000 mph=0.000 bytes=262144 pkts=262144 shard=0
step=0238550 (run 6550/8000) loss=6.20608 byte_ppl=495.752 atoms=25 merges=0 field=96.0000 rms=3.0000 scale=0.9997 fcos=nan ign=0.0000 prn=nan nxp=0.000 mph=0.000 bytes=262144 pkts=262144 shard=0
step=0238575 (run 6575/8000) loss=4.50098 byte_ppl=90.106 atoms=52 merges=0 field=96.0000 rms=3.0000 scale=0.9997 fcos=nan ign=0.0000 prn=nan nxp=0.000 mph=0.000 bytes=262144 pkts=262144 shard=0
step=0238600 (run 6600/8000) loss=14.17211 byte_ppl=1428458.920 atoms=9 merges=0 field=96.0000 rms=3.0000 scale=0.9997 fcos=nan ign=0.0000 prn=nan nxp=0.000 mph=0.000 bytes=262144 pkts=262144 shard=0
step=0238625 (run 6625/8000) loss=3.82718 byte_ppl=45.933 atoms=36 merges=0 field=96.0000 rms=3.0000 scale=0.9997 fcos=nan ign=0.0000 prn=nan nxp=0.000 mph=0.000 bytes=262144 pkts=262144 shard=0
step=0238650 (run 6650/8000) loss=6.51477 byte_ppl=675.035 atoms=64 merges=0 field=96.0000 rms=3.0000 scale=0.9997 fcos=nan ign=0.0000 prn=nan nxp=0.000 mph=0.000 bytes=262144 pkts=262144 shard=0
step=0238675 (run 6675/8000) loss=0.00155 byte_ppl=1.002 atoms=21 merges=0 field=96.0000 rms=3.0000 scale=0.9997 fcos=nan ign=0.0000 prn=nan nxp=0.000 mph=0.000 bytes=262144 pkts=262144 shard=0
step=0238700 (run 6700/8000) loss=1.94779 byte_ppl=7.013 atoms=49 merges=0 field=96.0000 rms=3.0000 scale=0.9997 fcos=nan ign=0.0000 prn=nan nxp=0.000 mph=0.000 bytes=262144 pkts=262144 shard=0
step=0238725 (run 6725/8000) loss=4.86029 byte_ppl=129.061 atoms=5 merges=0 field=96.0000 rms=3.0000 scale=0.9997 fcos=nan ign=0.0000 prn=nan nxp=0.000 mph=0.000 bytes=262144 pkts=262144 shard=0
step=0238750 (run 6750/8000) loss=9.44035 byte_ppl=12586.080 atoms=33 merges=0 field=95.9999 rms=3.0000 scale=0.9997 fcos=nan ign=0.0000 prn=nan nxp=0.000 mph=0.000 bytes=262144 pkts=262144 shard=0
step=0238775 (run 6775/8000) loss=0.78145 byte_ppl=2.185 atoms=60 merges=0 field=96.0000 rms=3.0000 scale=0.9998 fcos=nan ign=0.0000 prn=nan nxp=0.000 mph=0.000 bytes=262144 pkts=262144 shard=0
step=0238800 (run 6800/8000) loss=6.45975 byte_ppl=638.902 atoms=18 merges=0 field=96.0000 rms=3.0000 scale=0.9997 fcos=nan ign=0.0000 prn=nan nxp=0.000 mph=0.000 bytes=262144 pkts=262144 shard=0
step=0238825 (run 6825/8000) loss=0.73295 byte_ppl=2.081 atoms=45 merges=0 field=96.0000 rms=3.0000 scale=0.9998 fcos=nan ign=0.0000 prn=nan nxp=0.000 mph=0.000 bytes=262144 pkts=262144 shard=0
step=0238850 (run 6850/8000) loss=2.11049 byte_ppl=8.252 atoms=3 merges=0 field=96.0000 rms=3.0000 scale=0.9998 fcos=nan ign=0.0000 prn=nan nxp=0.000 mph=0.000 bytes=262144 pkts=262144 shard=0
step=0238875 (run 6875/8000) loss=0.00614 byte_ppl=1.006 atoms=30 merges=0 field=96.0000 rms=3.0000 scale=0.9997 fcos=nan ign=0.0000 prn=nan nxp=0.000 mph=0.000 bytes=262144 pkts=262144 shard=0
step=0238900 (run 6900/8000) loss=0.01526 byte_ppl=1.015 atoms=58 merges=0 field=96.0000 rms=3.0000 scale=0.9997 fcos=nan ign=0.0000 prn=nan nxp=0.000 mph=0.000 bytes=262144 pkts=262144 shard=0
step=0238925 (run 6925/8000) loss=0.00075 byte_ppl=1.001 atoms=14 merges=0 field=96.0000 rms=3.0000 scale=0.9998 fcos=nan ign=0.0000 prn=nan nxp=0.000 mph=0.000 bytes=262144 pkts=262144 shard=0
step=0238950 (run 6950/8000) loss=8.10688 byte_ppl=3317.222 atoms=42 merges=0 field=96.0000 rms=3.0000 scale=0.9997 fcos=nan ign=0.0000 prn=nan nxp=0.000 mph=0.000 bytes=262144 pkts=262144 shard=0
step=0238975 (run 6975/8000) loss=2.65076 byte_ppl=14.165 atoms=69 merges=0 field=96.0000 rms=3.0000 scale=0.9998 fcos=nan ign=0.0000 prn=nan nxp=0.000 mph=0.000 bytes=262144 pkts=262144 shard=0
step=0239000 (run 7000/8000) loss=2.34075 byte_ppl=10.389 atoms=27 merges=0 field=96.0000 rms=3.0000 scale=0.9998 fcos=nan ign=0.0000 prn=nan nxp=0.000 mph=0.000 bytes=262144 pkts=262144 shard=0
step=0239025 (run 7025/8000) loss=4.34738 byte_ppl=77.276 atoms=54 merges=0 field=96.0000 rms=3.0000 scale=0.9997 fcos=nan ign=0.0000 prn=nan nxp=0.000 mph=0.000 bytes=262144 pkts=262144 shard=0
step=0239050 (run 7050/8000) loss=11.16187 byte_ppl=70394.203 atoms=11 merges=0 field=96.0000 rms=3.0000 scale=0.9998 fcos=nan ign=0.0000 prn=nan nxp=0.000 mph=0.000 bytes=262144 pkts=262144 shard=0
step=0239075 (run 7075/8000) loss=9.15112 byte_ppl=9424.974 atoms=38 merges=0 field=96.0000 rms=3.0000 scale=0.9997 fcos=nan ign=0.0000 prn=nan nxp=0.000 mph=0.000 bytes=262144 pkts=262144 shard=0
step=0239100 (run 7100/8000) loss=1.63553 byte_ppl=5.132 atoms=66 merges=0 field=96.0000 rms=3.0000 scale=0.9997 fcos=nan ign=0.0000 prn=nan nxp=0.000 mph=0.000 bytes=262144 pkts=262144 shard=0
step=0239125 (run 7125/8000) loss=0.00108 byte_ppl=1.001 atoms=23 merges=0 field=96.0000 rms=3.0000 scale=0.9997 fcos=nan ign=0.0000 prn=nan nxp=0.000 mph=0.000 bytes=262144 pkts=262144 shard=0
step=0239150 (run 7150/8000) loss=0.52587 byte_ppl=1.692 atoms=51 merges=0 field=96.0000 rms=3.0000 scale=0.9997 fcos=nan ign=0.0000 prn=nan nxp=0.000 mph=0.000 bytes=262144 pkts=262144 shard=0
step=0239175 (run 7175/8000) loss=0.00048 byte_ppl=1.000 atoms=8 merges=0 field=96.0000 rms=3.0000 scale=0.9998 fcos=nan ign=0.0000 prn=nan nxp=0.000 mph=0.000 bytes=262144 pkts=262144 shard=0
step=0239200 (run 7200/8000) loss=6.58704 byte_ppl=725.632 atoms=36 merges=0 field=96.0000 rms=3.0000 scale=0.9997 fcos=nan ign=0.0000 prn=nan nxp=0.000 mph=0.000 bytes=262144 pkts=262144 shard=0
step=0239225 (run 7225/8000) loss=3.79214 byte_ppl=44.351 atoms=63 merges=0 field=96.0000 rms=3.0000 scale=0.9998 fcos=nan ign=0.0000 prn=nan nxp=0.000 mph=0.000 bytes=262144 pkts=262144 shard=0
step=0239250 (run 7250/8000) loss=0.00884 byte_ppl=1.009 atoms=20 merges=0 field=96.0000 rms=3.0000 scale=0.9998 fcos=nan ign=0.0000 prn=nan nxp=0.000 mph=0.000 bytes=262144 pkts=262144 shard=0
step=0239275 (run 7275/8000) loss=0.00793 byte_ppl=1.008 atoms=47 merges=0 field=96.0000 rms=3.0000 scale=0.9997 fcos=nan ign=0.0000 prn=nan nxp=0.000 mph=0.000 bytes=262144 pkts=262144 shard=0
step=0239300 (run 7300/8000) loss=1.08464 byte_ppl=2.958 atoms=5 merges=0 field=96.0000 rms=3.0000 scale=0.9998 fcos=nan ign=0.0000 prn=nan nxp=0.000 mph=0.000 bytes=262144 pkts=262144 shard=0
step=0239325 (run 7325/8000) loss=0.47526 byte_ppl=1.608 atoms=32 merges=0 field=96.0000 rms=3.0000 scale=0.9997 fcos=nan ign=0.0000 prn=nan nxp=0.000 mph=0.000 bytes=262144 pkts=262144 shard=0
step=0239350 (run 7350/8000) loss=4.69553 byte_ppl=109.457 atoms=60 merges=0 field=96.0000 rms=3.0000 scale=0.9998 fcos=nan ign=0.0000 prn=nan nxp=0.000 mph=0.000 bytes=262144 pkts=262144 shard=0
step=0239375 (run 7375/8000) loss=4.31602 byte_ppl=74.890 atoms=16 merges=0 field=96.0000 rms=3.0000 scale=0.9997 fcos=nan ign=0.0000 prn=nan nxp=0.000 mph=0.000 bytes=262144 pkts=262144 shard=0
step=0239400 (run 7400/8000) loss=5.39852 byte_ppl=221.078 atoms=44 merges=0 field=96.0000 rms=3.0000 scale=0.9998 fcos=nan ign=0.0000 prn=nan nxp=0.000 mph=0.000 bytes=262144 pkts=262144 shard=0
step=0239425 (run 7425/8000) loss=3.78700 byte_ppl=44.124 atoms=1 merges=0 field=96.0000 rms=3.0000 scale=0.9998 fcos=nan ign=0.0000 prn=nan nxp=0.000 mph=0.000 bytes=262144 pkts=262144 shard=0
step=0239450 (run 7450/8000) loss=11.15030 byte_ppl=69584.370 atoms=29 merges=0 field=96.0000 rms=3.0000 scale=0.9997 fcos=nan ign=0.0000 prn=nan nxp=0.000 mph=0.000 bytes=262144 pkts=262144 shard=0
step=0239475 (run 7475/8000) loss=0.15319 byte_ppl=1.166 atoms=56 merges=0 field=96.0000 rms=3.0000 scale=0.9997 fcos=nan ign=0.0000 prn=nan nxp=0.000 mph=0.000 bytes=262144 pkts=262144 shard=0
step=0239500 (run 7500/8000) loss=0.42196 byte_ppl=1.525 atoms=14 merges=0 field=95.9999 rms=3.0000 scale=0.9998 fcos=nan ign=0.0000 prn=nan nxp=0.000 mph=0.000 bytes=262144 pkts=262144 shard=0
step=0239525 (run 7525/8000) loss=0.22826 byte_ppl=1.256 atoms=41 merges=0 field=96.0000 rms=3.0000 scale=0.9997 fcos=nan ign=0.0000 prn=nan nxp=0.000 mph=0.000 bytes=262144 pkts=262144 shard=0
step=0239550 (run 7550/8000) loss=0.61494 byte_ppl=1.850 atoms=69 merges=0 field=96.0000 rms=3.0000 scale=0.9998 fcos=nan ign=0.0000 prn=nan nxp=0.000 mph=0.000 bytes=262144 pkts=262144 shard=0
step=0239575 (run 7575/8000) loss=2.21453 byte_ppl=9.157 atoms=25 merges=0 field=96.0000 rms=3.0000 scale=0.9998 fcos=nan ign=0.0000 prn=nan nxp=0.000 mph=0.000 bytes=262144 pkts=262144 shard=0
step=0239600 (run 7600/8000) loss=1.79515 byte_ppl=6.020 atoms=53 merges=0 field=96.0000 rms=3.0000 scale=0.9998 fcos=nan ign=0.0000 prn=nan nxp=0.000 mph=0.000 bytes=262144 pkts=262144 shard=0
step=0239625 (run 7625/8000) loss=0.00629 byte_ppl=1.006 atoms=10 merges=0 field=96.0000 rms=3.0000 scale=0.9998 fcos=nan ign=0.0000 prn=nan nxp=0.000 mph=0.000 bytes=262144 pkts=262144 shard=0
step=0239650 (run 7650/8000) loss=6.47239 byte_ppl=647.026 atoms=38 merges=0 field=96.0000 rms=3.0000 scale=0.9997 fcos=nan ign=0.0000 prn=nan nxp=0.000 mph=0.000 bytes=262144 pkts=262144 shard=0
step=0239675 (run 7675/8000) loss=0.00369 byte_ppl=1.004 atoms=65 merges=0 field=96.0000 rms=3.0000 scale=0.9997 fcos=nan ign=0.0000 prn=nan nxp=0.000 mph=0.000 bytes=262144 pkts=262144 shard=0
step=0239700 (run 7700/8000) loss=6.43117 byte_ppl=620.898 atoms=22 merges=0 field=96.0000 rms=3.0000 scale=0.9998 fcos=nan ign=0.0000 prn=nan nxp=0.000 mph=0.000 bytes=262144 pkts=262144 shard=0
step=0239725 (run 7725/8000) loss=0.00169 byte_ppl=1.002 atoms=49 merges=0 field=96.0000 rms=3.0000 scale=0.9998 fcos=nan ign=0.0000 prn=nan nxp=0.000 mph=0.000 bytes=262144 pkts=262144 shard=0
step=0239750 (run 7750/8000) loss=0.13024 byte_ppl=1.139 atoms=7 merges=0 field=96.0000 rms=3.0000 scale=0.9998 fcos=nan ign=0.0000 prn=nan nxp=0.000 mph=0.000 bytes=262144 pkts=262144 shard=0
step=0239775 (run 7775/8000) loss=1.15450 byte_ppl=3.172 atoms=34 merges=0 field=96.0000 rms=3.0000 scale=0.9997 fcos=nan ign=0.0000 prn=nan nxp=0.000 mph=0.000 bytes=262144 pkts=262144 shard=0
step=0239800 (run 7800/8000) loss=7.89326 byte_ppl=2679.170 atoms=62 merges=0 field=96.0000 rms=3.0000 scale=0.9998 fcos=nan ign=0.0000 prn=nan nxp=0.000 mph=0.000 bytes=262144 pkts=262144 shard=0
step=0239825 (run 7825/8000) loss=0.02951 byte_ppl=1.030 atoms=19 merges=0 field=96.0000 rms=3.0000 scale=0.9997 fcos=nan ign=0.0000 prn=nan nxp=0.000 mph=0.000 bytes=262144 pkts=262144 shard=0
step=0239850 (run 7850/8000) loss=4.25435 byte_ppl=70.411 atoms=47 merges=0 field=96.0000 rms=3.0000 scale=0.9998 fcos=nan ign=0.0000 prn=nan nxp=0.000 mph=0.000 bytes=262144 pkts=262144 shard=0
step=0239875 (run 7875/8000) loss=0.00246 byte_ppl=1.002 atoms=3 merges=0 field=96.0000 rms=3.0000 scale=0.9997 fcos=nan ign=0.0000 prn=nan nxp=0.000 mph=0.000 bytes=262144 pkts=262144 shard=0
step=0239900 (run 7900/8000) loss=4.08200 byte_ppl=59.264 atoms=31 merges=0 field=96.0000 rms=3.0000 scale=0.9998 fcos=nan ign=0.0000 prn=nan nxp=0.000 mph=0.000 bytes=262144 pkts=262144 shard=0
step=0239925 (run 7925/8000) loss=3.30785 byte_ppl=27.326 atoms=58 merges=0 field=95.9999 rms=3.0000 scale=0.9997 fcos=nan ign=0.0000 prn=nan nxp=0.000 mph=0.000 bytes=262144 pkts=262144 shard=0
step=0239950 (run 7950/8000) loss=6.90645 byte_ppl=998.697 atoms=16 merges=0 field=96.0000 rms=3.0000 scale=0.9997 fcos=nan ign=0.0000 prn=nan nxp=0.000 mph=0.000 bytes=262144 pkts=262144 shard=0
step=0239975 (run 7975/8000) loss=1.00252 byte_ppl=2.725 atoms=43 merges=0 field=96.0000 rms=3.0000 scale=0.9998 fcos=nan ign=0.0000 prn=nan nxp=0.000 mph=0.000 bytes=262144 pkts=262144 shard=0
step=0240000 (run 8000/8000) loss=5.84185 byte_ppl=344.417 atoms=71 merges=0 field=96.0000 rms=3.0000 scale=0.9997 fcos=nan ign=0.0000 prn=nan nxp=0.000 mph=0.000 bytes=262144 pkts=262144 shard=0
{
  "stream": true,
  "data_path": "data/corpus_fr_medium_s21.txt",
  "data_glob": null,
  "shard_paths": [
    "/home/user/atom-ai/data/corpus_fr_medium_s21.txt"
  ],
  "data_bytes": 500257,
  "data_characters": null,
  "atomizer_version": "atomizer-v1-byte-span",
  "feature_dim": 320,
  "packet_count": null,
  "train_packet_count": null,
  "validation_packet_count": 2048,
  "mean_packet_bytes": null,
  "max_packet_bytes": null,
  "min_packet_bytes": null,
  "bytes_seen": 262144,
  "config": {
    "d_model": 32,
    "n_modes": 32,
    "n_atoms_max": 64,
    "max_span_bytes": 1,
    "episode_length": 8000,
    "episode_reset": true,
    "atom_flush_every": 64,
    "learning_rate": 5e-05,
    "surface_learning_rate": 0.00012,
    "steps": 8000,
    "start_step": 232000,
    "seed": 20260913,
    "surface_alphabet": 256,
    "field_max_rms": 3.0,
    "energy_decay_bounds": [
      0.3,
      0.95
    ],
    "stream": true,
    "chunk_bytes": 65536,
    "loop_shards": true,
    "stream_buffer": 2048,
    "stream_prefetch": true,
    "stream_skip_packets": 232000,
    "last_atom_readout": true,
    "efference_every": 10,
    "enable_merge": false,
    "payload_copy": false,
    "merge_coherence_threshold": 0.45,
    "merge_energy_floor": 0.08,
    "field_loss_weight": 0.05,
    "field_contrast_weight": 0.0,
    "field_ignorance_weight": 0.08,
    "field_ignorance_ablate_shared": false,
    "field_ignorance_prompt_bank": false,
    "field_obligatory_readout": true,
    "field_obligatory_hard": true,
    "printable_aux_weight": 0.0,
    "field_next_packet_weight": 0.0,
    "slow_every": 1
  },
  "packets_seen": 262144,
  "stream_epoch": 0,
  "train": {
    "steps": 8000,
    "efference_every": 10,
    "efference_steps": 800,
    "start_step": 232000,
    "total_steps": 240000,
    "episode_length": 8000,
    "episode_reset": true,
    "atom_flush_every": 64,
    "elapsed_seconds": 131.86651606899977,
    "transitions_per_second": 60.66741003314262,
    "first_loss": 5.868757724761963,
    "final_loss": 5.841853618621826,
    "final_total_perplexity": 344.4171674137659,
    "finite_losses": true,
    "finite_parameters": true,
    "nan_or_inf": false,
    "field_rms_before_max": 3.0009734630584717,
    "field_rms_after_max": 2.999999523162842,
    "field_scale_min": 0.9996752738952637,
    "field_norm_max": 95.99998474121094,
    "field_limited_steps": 2456,
    "field_limited_fraction": 0.307,
    "final_dynamics": {
      "coupling_scale": 0.907401978969574,
      "energy_decay": 0.536747395992279,
      "phase_sync": 0.38468313217163086,
      "energy_decay_before": 0.536747395992279,
      "energy_decay_repaired": false,
      "energy_decay_bounds": [
        0.3,
        0.95
      ]
    },
    "final_atoms_before_validation": 58,
    "stream": true,
    "bytes_seen": 262144
  },
  "validation": {
    "transitions": 256,
    "loss": 1.042373979623335,
    "total_perplexity": 2.8359414966274317,
    "byte_loss": 1.042373979623335,
    "byte_perplexity": 2.8359414966274317,
    "source": "stream_ring"
  },
  "checkpoint": "checkpoints/byte_tick/atom_native_step_240000_d32.pt",
  "reload": {
    "n_atoms": 0,
    "field_norm": 95.99995422363281,
    "time": 88.0003890991211,
    "finite": true
  },
  "generation": {
    "The future of AI is": {
      "temperature": 0.8,
      "top_k": 5,
      "max_length": 20,
      "bytes_hex": "426f6e20203f0a41",
      "text": "Bon  ?\nA",
      "reload_text": "Bon  ?\nA",
      "reload_match": true
    },
    "Bonjour, je m'appelle": {
      "temperature": 0.8,
      "top_k": 5,
      "max_length": 20,
      "bytes_hex": "426f6e2020547520",
      "text": "Bon  Tu ",
      "reload_text": "Bon  Tu ",
      "reload_match": true
    },
    "Valkyria Chronicles III is": {
      "temperature": 0.8,
      "top_k": 5,
      "max_length": 20,
      "bytes_hex": "3a20207365737461",
      "text": ":  sesta",
      "reload_text": ":  sesta",
      "reload_match": true
    }
  }
}
