train lock acquired: /home/user/atom-ai/checkpoints/atom-ai-train.lock (pid=2224)
stream skip: advancing 544000 packet transitions...
stream skip done: packets_seen=565793
resumed weights from checkpoints/byte_tick/atom_native_step_544000_d32.pt (recorded step=544000, legacy_surface_migrated=False, span_head_migrated=False)
atomizer pack_mode=linguistic max_span_bytes=1
dynamics on load: energy_decay=0.30000001192092896 -> 0.30000001192092896 (repaired=False, bounds=(0.3, 0.95))
MERGE gates: enable=False coherence_thr=0.450 energy_floor=0.080
field_obligatory_hard=ON hard-v2+ (mix_floor=1.0, freeze bypass, logits=frozen+cap*(α_MLP+payload_prod))
payload_copy=False (train-time copy-bias branch)
last_atom_readout=True (byte-tick 2-gram + dentate)
efference_every=10 (0=off)
optimizer groups: field/other lr=5e-05 (13 tensors), surface lr=0.00012 (25 tensors); energy_decay_bounds=(0.3, 0.95); field_max_rms=3.0
stream mode: 1 shard(s), chunk_bytes=65536, loop_shards=True, stream_buffer=2048, stream_prefetch=True
optimizer restore skipped: surface LR param groups differ from checkpoint
step=0544001 (run 1/8000) loss=0.09619 byte_ppl=1.101 atoms=1 merges=0 field=0.0473 rms=0.0018 scale=1.0000 fcos=nan ign=0.0000 prn=nan nxp=0.000 mph=0.000 bytes=565793 pkts=565793 shard=0
step=0544025 (run 25/8000) loss=0.00084 byte_ppl=1.001 atoms=27 merges=0 field=0.6310 rms=0.0197 scale=1.0000 fcos=nan ign=0.0000 prn=nan nxp=0.000 mph=0.000 bytes=565793 pkts=565793 shard=0
step=0544050 (run 50/8000) loss=3.41574 byte_ppl=30.439 atoms=55 merges=0 field=1.0535 rms=0.0329 scale=1.0000 fcos=nan ign=0.0000 prn=nan nxp=0.000 mph=0.000 bytes=565793 pkts=565793 shard=0
step=0544075 (run 75/8000) loss=0.86311 byte_ppl=2.371 atoms=12 merges=0 field=1.3974 rms=0.0437 scale=1.0000 fcos=nan ign=0.0000 prn=nan nxp=0.000 mph=0.000 bytes=565793 pkts=565793 shard=0
step=0544100 (run 100/8000) loss=0.00067 byte_ppl=1.001 atoms=40 merges=0 field=1.6911 rms=0.0529 scale=1.0000 fcos=nan ign=0.0000 prn=nan nxp=0.000 mph=0.000 bytes=565793 pkts=565793 shard=0
step=0544125 (run 125/8000) loss=0.00250 byte_ppl=1.002 atoms=67 merges=0 field=1.9820 rms=0.0619 scale=1.0000 fcos=nan ign=0.0000 prn=nan nxp=0.000 mph=0.000 bytes=565793 pkts=565793 shard=0
step=0544150 (run 150/8000) loss=2.06078 byte_ppl=7.852 atoms=25 merges=0 field=2.2492 rms=0.0703 scale=1.0000 fcos=nan ign=0.0000 prn=nan nxp=0.000 mph=0.000 bytes=565793 pkts=565793 shard=0
step=0544175 (run 175/8000) loss=0.00058 byte_ppl=1.001 atoms=52 merges=0 field=2.4623 rms=0.0770 scale=1.0000 fcos=nan ign=0.0000 prn=nan nxp=0.000 mph=0.000 bytes=565793 pkts=565793 shard=0
step=0544200 (run 200/8000) loss=0.09685 byte_ppl=1.102 atoms=9 merges=0 field=2.6761 rms=0.0836 scale=1.0000 fcos=nan ign=0.0000 prn=nan nxp=0.000 mph=0.000 bytes=565793 pkts=565793 shard=0
step=0544225 (run 225/8000) loss=10.01063 byte_ppl=22261.912 atoms=36 merges=0 field=2.8703 rms=0.0897 scale=1.0000 fcos=nan ign=0.0000 prn=nan nxp=0.000 mph=0.000 bytes=565793 pkts=565793 shard=0
step=0544250 (run 250/8000) loss=0.04664 byte_ppl=1.048 atoms=64 merges=0 field=3.1144 rms=0.0973 scale=1.0000 fcos=nan ign=0.0000 prn=nan nxp=0.000 mph=0.000 bytes=565793 pkts=565793 shard=0
step=0544275 (run 275/8000) loss=0.00029 byte_ppl=1.000 atoms=21 merges=0 field=3.3208 rms=0.1038 scale=1.0000 fcos=nan ign=0.0000 prn=nan nxp=0.000 mph=0.000 bytes=565793 pkts=565793 shard=0
step=0544300 (run 300/8000) loss=0.06819 byte_ppl=1.071 atoms=49 merges=0 field=3.4629 rms=0.1082 scale=1.0000 fcos=nan ign=0.0000 prn=nan nxp=0.000 mph=0.000 bytes=565793 pkts=565793 shard=0
step=0544325 (run 325/8000) loss=0.00654 byte_ppl=1.007 atoms=5 merges=0 field=3.6184 rms=0.1131 scale=1.0000 fcos=nan ign=0.0000 prn=nan nxp=0.000 mph=0.000 bytes=565793 pkts=565793 shard=0
step=0544350 (run 350/8000) loss=0.08671 byte_ppl=1.091 atoms=33 merges=0 field=3.8541 rms=0.1204 scale=1.0000 fcos=nan ign=0.0000 prn=nan nxp=0.000 mph=0.000 bytes=565793 pkts=565793 shard=0
step=0544375 (run 375/8000) loss=1.71844 byte_ppl=5.576 atoms=60 merges=0 field=4.0292 rms=0.1259 scale=1.0000 fcos=nan ign=0.0000 prn=nan nxp=0.000 mph=0.000 bytes=565793 pkts=565793 shard=0
step=0544400 (run 400/8000) loss=1.32967 byte_ppl=3.780 atoms=18 merges=0 field=4.2148 rms=0.1317 scale=1.0000 fcos=nan ign=0.0000 prn=nan nxp=0.000 mph=0.000 bytes=565793 pkts=565793 shard=0
step=0544425 (run 425/8000) loss=0.00120 byte_ppl=1.001 atoms=45 merges=0 field=4.4003 rms=0.1375 scale=1.0000 fcos=nan ign=0.0000 prn=nan nxp=0.000 mph=0.000 bytes=565793 pkts=565793 shard=0
step=0544450 (run 450/8000) loss=20.14807 byte_ppl=562593260.287 atoms=3 merges=0 field=4.5801 rms=0.1431 scale=1.0000 fcos=nan ign=0.0000 prn=nan nxp=0.000 mph=0.000 bytes=565793 pkts=565793 shard=0
step=0544475 (run 475/8000) loss=0.00046 byte_ppl=1.000 atoms=30 merges=0 field=4.7089 rms=0.1472 scale=1.0000 fcos=nan ign=0.0000 prn=nan nxp=0.000 mph=0.000 bytes=565793 pkts=565793 shard=0
step=0544500 (run 500/8000) loss=0.61554 byte_ppl=1.851 atoms=58 merges=0 field=4.8580 rms=0.1518 scale=1.0000 fcos=nan ign=0.0000 prn=nan nxp=0.000 mph=0.000 bytes=565793 pkts=565793 shard=0
step=0544525 (run 525/8000) loss=6.09334 byte_ppl=442.900 atoms=14 merges=0 field=5.0005 rms=0.1563 scale=1.0000 fcos=nan ign=0.0000 prn=nan nxp=0.000 mph=0.000 bytes=565793 pkts=565793 shard=0
step=0544550 (run 550/8000) loss=0.00057 byte_ppl=1.001 atoms=42 merges=0 field=5.1395 rms=0.1606 scale=1.0000 fcos=nan ign=0.0000 prn=nan nxp=0.000 mph=0.000 bytes=565793 pkts=565793 shard=0
step=0544575 (run 575/8000) loss=2.03265 byte_ppl=7.634 atoms=69 merges=0 field=5.2863 rms=0.1652 scale=1.0000 fcos=nan ign=0.0000 prn=nan nxp=0.000 mph=0.000 bytes=565793 pkts=565793 shard=0
step=0544600 (run 600/8000) loss=7.95693 byte_ppl=2855.287 atoms=27 merges=0 field=5.4283 rms=0.1696 scale=1.0000 fcos=nan ign=0.0000 prn=nan nxp=0.000 mph=0.000 bytes=565793 pkts=565793 shard=0
step=0544625 (run 625/8000) loss=2.18743 byte_ppl=8.912 atoms=54 merges=0 field=5.5165 rms=0.1724 scale=1.0000 fcos=nan ign=0.0000 prn=nan nxp=0.000 mph=0.000 bytes=565793 pkts=565793 shard=0
step=0544650 (run 650/8000) loss=8.01620 byte_ppl=3029.629 atoms=11 merges=0 field=5.6444 rms=0.1764 scale=1.0000 fcos=nan ign=0.0000 prn=nan nxp=0.000 mph=0.000 bytes=565793 pkts=565793 shard=0
step=0544675 (run 675/8000) loss=0.01107 byte_ppl=1.011 atoms=38 merges=0 field=5.7805 rms=0.1806 scale=1.0000 fcos=nan ign=0.0000 prn=nan nxp=0.000 mph=0.000 bytes=565793 pkts=565793 shard=0
step=0544700 (run 700/8000) loss=0.99599 byte_ppl=2.707 atoms=66 merges=0 field=5.8279 rms=0.1821 scale=1.0000 fcos=nan ign=0.0000 prn=nan nxp=0.000 mph=0.000 bytes=565793 pkts=565793 shard=0
step=0544725 (run 725/8000) loss=0.00237 byte_ppl=1.002 atoms=23 merges=0 field=5.9419 rms=0.1857 scale=1.0000 fcos=nan ign=0.0000 prn=nan nxp=0.000 mph=0.000 bytes=565793 pkts=565793 shard=0
step=0544750 (run 750/8000) loss=0.00899 byte_ppl=1.009 atoms=51 merges=0 field=6.0515 rms=0.1891 scale=1.0000 fcos=nan ign=0.0000 prn=nan nxp=0.000 mph=0.000 bytes=565793 pkts=565793 shard=0
step=0544775 (run 775/8000) loss=0.00216 byte_ppl=1.002 atoms=8 merges=0 field=6.1670 rms=0.1927 scale=1.0000 fcos=nan ign=0.0000 prn=nan nxp=0.000 mph=0.000 bytes=565793 pkts=565793 shard=0
step=0544800 (run 800/8000) loss=6.62561 byte_ppl=754.162 atoms=36 merges=0 field=6.2819 rms=0.1963 scale=1.0000 fcos=nan ign=0.0000 prn=nan nxp=0.000 mph=0.000 bytes=565793 pkts=565793 shard=0
step=0544825 (run 825/8000) loss=6.25533 byte_ppl=520.781 atoms=63 merges=0 field=6.3616 rms=0.1988 scale=1.0000 fcos=nan ign=0.0000 prn=nan nxp=0.000 mph=0.000 bytes=565793 pkts=565793 shard=0
step=0544850 (run 850/8000) loss=2.60680 byte_ppl=13.556 atoms=20 merges=0 field=6.4506 rms=0.2016 scale=1.0000 fcos=nan ign=0.0000 prn=nan nxp=0.000 mph=0.000 bytes=565793 pkts=565793 shard=0
step=0544875 (run 875/8000) loss=0.00331 byte_ppl=1.003 atoms=47 merges=0 field=6.5411 rms=0.2044 scale=1.0000 fcos=nan ign=0.0000 prn=nan nxp=0.000 mph=0.000 bytes=565793 pkts=565793 shard=0
step=0544900 (run 900/8000) loss=0.09356 byte_ppl=1.098 atoms=5 merges=0 field=6.6104 rms=0.2066 scale=1.0000 fcos=nan ign=0.0000 prn=nan nxp=0.000 mph=0.000 bytes=565793 pkts=565793 shard=0
step=0544925 (run 925/8000) loss=0.00016 byte_ppl=1.000 atoms=32 merges=0 field=6.7261 rms=0.2102 scale=1.0000 fcos=nan ign=0.0000 prn=nan nxp=0.000 mph=0.000 bytes=565793 pkts=565793 shard=0
step=0544950 (run 950/8000) loss=0.35365 byte_ppl=1.424 atoms=60 merges=0 field=6.8042 rms=0.2126 scale=1.0000 fcos=nan ign=0.0000 prn=nan nxp=0.000 mph=0.000 bytes=565793 pkts=565793 shard=0
step=0544975 (run 975/8000) loss=4.43688 byte_ppl=84.511 atoms=16 merges=0 field=6.8273 rms=0.2134 scale=1.0000 fcos=nan ign=0.0000 prn=nan nxp=0.000 mph=0.000 bytes=565793 pkts=565793 shard=0
step=0545000 (run 1000/8000) loss=6.87928 byte_ppl=971.923 atoms=44 merges=0 field=6.8967 rms=0.2155 scale=1.0000 fcos=nan ign=0.0000 prn=nan nxp=0.000 mph=0.000 bytes=565793 pkts=565793 shard=0
step=0545025 (run 1025/8000) loss=8.48586 byte_ppl=4845.781 atoms=1 merges=0 field=6.9588 rms=0.2175 scale=1.0000 fcos=nan ign=0.0000 prn=nan nxp=0.000 mph=0.000 bytes=565793 pkts=565793 shard=0
step=0545050 (run 1050/8000) loss=0.00194 byte_ppl=1.002 atoms=29 merges=0 field=6.9992 rms=0.2187 scale=1.0000 fcos=nan ign=0.0000 prn=nan nxp=0.000 mph=0.000 bytes=565793 pkts=565793 shard=0
step=0545075 (run 1075/8000) loss=0.00805 byte_ppl=1.008 atoms=56 merges=0 field=7.0650 rms=0.2208 scale=1.0000 fcos=nan ign=0.0000 prn=nan nxp=0.000 mph=0.000 bytes=565793 pkts=565793 shard=0
step=0545100 (run 1100/8000) loss=0.19042 byte_ppl=1.210 atoms=14 merges=0 field=7.1071 rms=0.2221 scale=1.0000 fcos=nan ign=0.0000 prn=nan nxp=0.000 mph=0.000 bytes=565793 pkts=565793 shard=0
step=0545125 (run 1125/8000) loss=0.00022 byte_ppl=1.000 atoms=41 merges=0 field=7.1398 rms=0.2231 scale=1.0000 fcos=nan ign=0.0000 prn=nan nxp=0.000 mph=0.000 bytes=565793 pkts=565793 shard=0
step=0545150 (run 1150/8000) loss=10.11102 byte_ppl=24612.661 atoms=69 merges=0 field=7.2274 rms=0.2259 scale=1.0000 fcos=nan ign=0.0000 prn=nan nxp=0.000 mph=0.000 bytes=565793 pkts=565793 shard=0
step=0545175 (run 1175/8000) loss=0.27082 byte_ppl=1.311 atoms=25 merges=0 field=7.3074 rms=0.2284 scale=1.0000 fcos=nan ign=0.0000 prn=nan nxp=0.000 mph=0.000 bytes=565793 pkts=565793 shard=0
step=0545200 (run 1200/8000) loss=6.10647 byte_ppl=448.754 atoms=53 merges=0 field=7.3619 rms=0.2301 scale=1.0000 fcos=nan ign=0.0000 prn=nan nxp=0.000 mph=0.000 bytes=565793 pkts=565793 shard=0
step=0545225 (run 1225/8000) loss=0.07164 byte_ppl=1.074 atoms=10 merges=0 field=7.4144 rms=0.2317 scale=1.0000 fcos=nan ign=0.0000 prn=nan nxp=0.000 mph=0.000 bytes=565793 pkts=565793 shard=0
step=0545250 (run 1250/8000) loss=9.65898 byte_ppl=15661.837 atoms=38 merges=0 field=7.4393 rms=0.2325 scale=1.0000 fcos=nan ign=0.0000 prn=nan nxp=0.000 mph=0.000 bytes=565793 pkts=565793 shard=0
step=0545275 (run 1275/8000) loss=0.27691 byte_ppl=1.319 atoms=65 merges=0 field=7.4775 rms=0.2337 scale=1.0000 fcos=nan ign=0.0000 prn=nan nxp=0.000 mph=0.000 bytes=565793 pkts=565793 shard=0
step=0545300 (run 1300/8000) loss=0.82597 byte_ppl=2.284 atoms=22 merges=0 field=7.5167 rms=0.2349 scale=1.0000 fcos=nan ign=0.0000 prn=nan nxp=0.000 mph=0.000 bytes=565793 pkts=565793 shard=0
step=0545325 (run 1325/8000) loss=0.00084 byte_ppl=1.001 atoms=49 merges=0 field=7.5846 rms=0.2370 scale=1.0000 fcos=nan ign=0.0000 prn=nan nxp=0.000 mph=0.000 bytes=565793 pkts=565793 shard=0
step=0545350 (run 1350/8000) loss=6.46246 byte_ppl=640.635 atoms=7 merges=0 field=7.6120 rms=0.2379 scale=1.0000 fcos=nan ign=0.0000 prn=nan nxp=0.000 mph=0.000 bytes=565793 pkts=565793 shard=0
step=0545375 (run 1375/8000) loss=0.03975 byte_ppl=1.041 atoms=34 merges=0 field=7.6585 rms=0.2393 scale=1.0000 fcos=nan ign=0.0000 prn=nan nxp=0.000 mph=0.000 bytes=565793 pkts=565793 shard=0
step=0545400 (run 1400/8000) loss=8.27363 byte_ppl=3919.132 atoms=62 merges=0 field=7.6871 rms=0.2402 scale=1.0000 fcos=nan ign=0.0000 prn=nan nxp=0.000 mph=0.000 bytes=565793 pkts=565793 shard=0
step=0545425 (run 1425/8000) loss=3.61792 byte_ppl=37.260 atoms=19 merges=0 field=7.7521 rms=0.2423 scale=1.0000 fcos=nan ign=0.0000 prn=nan nxp=0.000 mph=0.000 bytes=565793 pkts=565793 shard=0
step=0545450 (run 1450/8000) loss=7.74013 byte_ppl=2298.779 atoms=47 merges=0 field=7.7837 rms=0.2432 scale=1.0000 fcos=nan ign=0.0000 prn=nan nxp=0.000 mph=0.000 bytes=565793 pkts=565793 shard=0
step=0545475 (run 1475/8000) loss=0.00127 byte_ppl=1.001 atoms=3 merges=0 field=7.8113 rms=0.2441 scale=1.0000 fcos=nan ign=0.0000 prn=nan nxp=0.000 mph=0.000 bytes=565793 pkts=565793 shard=0
step=0545500 (run 1500/8000) loss=3.31535 byte_ppl=27.532 atoms=31 merges=0 field=7.8334 rms=0.2448 scale=1.0000 fcos=nan ign=0.0000 prn=nan nxp=0.000 mph=0.000 bytes=565793 pkts=565793 shard=0
step=0545525 (run 1525/8000) loss=1.05768 byte_ppl=2.880 atoms=58 merges=0 field=7.8994 rms=0.2469 scale=1.0000 fcos=nan ign=0.0000 prn=nan nxp=0.000 mph=0.000 bytes=565793 pkts=565793 shard=0
step=0545550 (run 1550/8000) loss=10.70764 byte_ppl=44696.146 atoms=16 merges=0 field=7.9685 rms=0.2490 scale=1.0000 fcos=nan ign=0.0000 prn=nan nxp=0.000 mph=0.000 bytes=565793 pkts=565793 shard=0
step=0545575 (run 1575/8000) loss=0.00313 byte_ppl=1.003 atoms=43 merges=0 field=7.9447 rms=0.2483 scale=1.0000 fcos=nan ign=0.0000 prn=nan nxp=0.000 mph=0.000 bytes=565793 pkts=565793 shard=0
step=0545600 (run 1600/8000) loss=8.53564 byte_ppl=5093.089 atoms=71 merges=0 field=7.9792 rms=0.2494 scale=1.0000 fcos=nan ign=0.0000 prn=nan nxp=0.000 mph=0.000 bytes=565793 pkts=565793 shard=0
step=0545625 (run 1625/8000) loss=7.82358 byte_ppl=2498.843 atoms=27 merges=0 field=8.0253 rms=0.2508 scale=1.0000 fcos=nan ign=0.0000 prn=nan nxp=0.000 mph=0.000 bytes=565793 pkts=565793 shard=0
step=0545650 (run 1650/8000) loss=0.00031 byte_ppl=1.000 atoms=55 merges=0 field=8.0703 rms=0.2522 scale=1.0000 fcos=nan ign=0.0000 prn=nan nxp=0.000 mph=0.000 bytes=565793 pkts=565793 shard=0
step=0545675 (run 1675/8000) loss=0.05352 byte_ppl=1.055 atoms=12 merges=0 field=8.1028 rms=0.2532 scale=1.0000 fcos=nan ign=0.0000 prn=nan nxp=0.000 mph=0.000 bytes=565793 pkts=565793 shard=0
step=0545700 (run 1700/8000) loss=0.03946 byte_ppl=1.040 atoms=40 merges=0 field=8.1619 rms=0.2551 scale=1.0000 fcos=nan ign=0.0000 prn=nan nxp=0.000 mph=0.000 bytes=565793 pkts=565793 shard=0
step=0545725 (run 1725/8000) loss=0.89706 byte_ppl=2.452 atoms=67 merges=0 field=8.2167 rms=0.2568 scale=1.0000 fcos=nan ign=0.0000 prn=nan nxp=0.000 mph=0.000 bytes=565793 pkts=565793 shard=0
step=0545750 (run 1750/8000) loss=0.00558 byte_ppl=1.006 atoms=25 merges=0 field=8.2465 rms=0.2577 scale=1.0000 fcos=nan ign=0.0000 prn=nan nxp=0.000 mph=0.000 bytes=565793 pkts=565793 shard=0
step=0545775 (run 1775/8000) loss=0.00292 byte_ppl=1.003 atoms=52 merges=0 field=8.3056 rms=0.2596 scale=1.0000 fcos=nan ign=0.0000 prn=nan nxp=0.000 mph=0.000 bytes=565793 pkts=565793 shard=0
step=0545800 (run 1800/8000) loss=3.59548 byte_ppl=36.433 atoms=9 merges=0 field=8.3253 rms=0.2602 scale=1.0000 fcos=nan ign=0.0000 prn=nan nxp=0.000 mph=0.000 bytes=565793 pkts=565793 shard=0
step=0545825 (run 1825/8000) loss=0.00545 byte_ppl=1.005 atoms=36 merges=0 field=8.3246 rms=0.2601 scale=1.0000 fcos=nan ign=0.0000 prn=nan nxp=0.000 mph=0.000 bytes=565793 pkts=565793 shard=0
step=0545850 (run 1850/8000) loss=0.02923 byte_ppl=1.030 atoms=64 merges=0 field=8.3682 rms=0.2615 scale=1.0000 fcos=nan ign=0.0000 prn=nan nxp=0.000 mph=0.000 bytes=565793 pkts=565793 shard=0
step=0545875 (run 1875/8000) loss=2.45762 byte_ppl=11.677 atoms=21 merges=0 field=8.3828 rms=0.2620 scale=1.0000 fcos=nan ign=0.0000 prn=nan nxp=0.000 mph=0.000 bytes=565793 pkts=565793 shard=0
step=0545900 (run 1900/8000) loss=6.91137 byte_ppl=1003.625 atoms=49 merges=0 field=8.3956 rms=0.2624 scale=1.0000 fcos=nan ign=0.0000 prn=nan nxp=0.000 mph=0.000 bytes=565793 pkts=565793 shard=0
step=0545925 (run 1925/8000) loss=0.00226 byte_ppl=1.002 atoms=5 merges=0 field=8.4053 rms=0.2627 scale=1.0000 fcos=nan ign=0.0000 prn=nan nxp=0.000 mph=0.000 bytes=565793 pkts=565793 shard=0
step=0545950 (run 1950/8000) loss=0.00065 byte_ppl=1.001 atoms=33 merges=0 field=8.4168 rms=0.2630 scale=1.0000 fcos=nan ign=0.0000 prn=nan nxp=0.000 mph=0.000 bytes=565793 pkts=565793 shard=0
step=0545975 (run 1975/8000) loss=0.00192 byte_ppl=1.002 atoms=60 merges=0 field=8.3881 rms=0.2621 scale=1.0000 fcos=nan ign=0.0000 prn=nan nxp=0.000 mph=0.000 bytes=565793 pkts=565793 shard=0
step=0546000 (run 2000/8000) loss=0.00042 byte_ppl=1.000 atoms=18 merges=0 field=8.4025 rms=0.2626 scale=1.0000 fcos=nan ign=0.0000 prn=nan nxp=0.000 mph=0.000 bytes=565793 pkts=565793 shard=0
step=0546025 (run 2025/8000) loss=0.01482 byte_ppl=1.015 atoms=45 merges=0 field=8.4184 rms=0.2631 scale=1.0000 fcos=nan ign=0.0000 prn=nan nxp=0.000 mph=0.000 bytes=565793 pkts=565793 shard=0
step=0546050 (run 2050/8000) loss=2.69277 byte_ppl=14.773 atoms=3 merges=0 field=8.4428 rms=0.2638 scale=1.0000 fcos=nan ign=0.0000 prn=nan nxp=0.000 mph=0.000 bytes=565793 pkts=565793 shard=0
step=0546075 (run 2075/8000) loss=0.33474 byte_ppl=1.398 atoms=30 merges=0 field=8.4607 rms=0.2644 scale=1.0000 fcos=nan ign=0.0000 prn=nan nxp=0.000 mph=0.000 bytes=565793 pkts=565793 shard=0
step=0546100 (run 2100/8000) loss=0.00185 byte_ppl=1.002 atoms=58 merges=0 field=8.4739 rms=0.2648 scale=1.0000 fcos=nan ign=0.0000 prn=nan nxp=0.000 mph=0.000 bytes=565793 pkts=565793 shard=0
step=0546125 (run 2125/8000) loss=0.06794 byte_ppl=1.070 atoms=14 merges=0 field=8.4522 rms=0.2641 scale=1.0000 fcos=nan ign=0.0000 prn=nan nxp=0.000 mph=0.000 bytes=565793 pkts=565793 shard=0
step=0546150 (run 2150/8000) loss=3.63405 byte_ppl=37.866 atoms=42 merges=0 field=8.5061 rms=0.2658 scale=1.0000 fcos=nan ign=0.0000 prn=nan nxp=0.000 mph=0.000 bytes=565793 pkts=565793 shard=0
step=0546175 (run 2175/8000) loss=0.77489 byte_ppl=2.170 atoms=69 merges=0 field=8.5351 rms=0.2667 scale=1.0000 fcos=nan ign=0.0000 prn=nan nxp=0.000 mph=0.000 bytes=565793 pkts=565793 shard=0
step=0546200 (run 2200/8000) loss=2.01045 byte_ppl=7.467 atoms=27 merges=0 field=8.5360 rms=0.2668 scale=1.0000 fcos=nan ign=0.0000 prn=nan nxp=0.000 mph=0.000 bytes=565793 pkts=565793 shard=0
step=0546225 (run 2225/8000) loss=0.04528 byte_ppl=1.046 atoms=54 merges=0 field=8.5476 rms=0.2671 scale=1.0000 fcos=nan ign=0.0000 prn=nan nxp=0.000 mph=0.000 bytes=565793 pkts=565793 shard=0
step=0546250 (run 2250/8000) loss=3.39970 byte_ppl=29.955 atoms=11 merges=0 field=8.5874 rms=0.2684 scale=1.0000 fcos=nan ign=0.0000 prn=nan nxp=0.000 mph=0.000 bytes=565793 pkts=565793 shard=0
step=0546275 (run 2275/8000) loss=5.56789 byte_ppl=261.880 atoms=38 merges=0 field=8.5772 rms=0.2680 scale=1.0000 fcos=nan ign=0.0000 prn=nan nxp=0.000 mph=0.000 bytes=565793 pkts=565793 shard=0
step=0546300 (run 2300/8000) loss=0.00011 byte_ppl=1.000 atoms=66 merges=0 field=8.5850 rms=0.2683 scale=1.0000 fcos=nan ign=0.0000 prn=nan nxp=0.000 mph=0.000 bytes=565793 pkts=565793 shard=0
step=0546325 (run 2325/8000) loss=0.00006 byte_ppl=1.000 atoms=23 merges=0 field=8.5732 rms=0.2679 scale=1.0000 fcos=nan ign=0.0000 prn=nan nxp=0.000 mph=0.000 bytes=565793 pkts=565793 shard=0
step=0546350 (run 2350/8000) loss=3.35428 byte_ppl=28.625 atoms=51 merges=0 field=8.5852 rms=0.2683 scale=1.0000 fcos=nan ign=0.0000 prn=nan nxp=0.000 mph=0.000 bytes=565793 pkts=565793 shard=0
step=0546375 (run 2375/8000) loss=0.01779 byte_ppl=1.018 atoms=8 merges=0 field=8.5695 rms=0.2678 scale=1.0000 fcos=nan ign=0.0000 prn=nan nxp=0.000 mph=0.000 bytes=565793 pkts=565793 shard=0
step=0546400 (run 2400/8000) loss=3.95114 byte_ppl=51.995 atoms=36 merges=0 field=8.5689 rms=0.2678 scale=1.0000 fcos=nan ign=0.0000 prn=nan nxp=0.000 mph=0.000 bytes=565793 pkts=565793 shard=0
step=0546425 (run 2425/8000) loss=0.61364 byte_ppl=1.847 atoms=63 merges=0 field=8.5596 rms=0.2675 scale=1.0000 fcos=nan ign=0.0000 prn=nan nxp=0.000 mph=0.000 bytes=565793 pkts=565793 shard=0
step=0546450 (run 2450/8000) loss=5.95122 byte_ppl=384.222 atoms=20 merges=0 field=8.5468 rms=0.2671 scale=1.0000 fcos=nan ign=0.0000 prn=nan nxp=0.000 mph=0.000 bytes=565793 pkts=565793 shard=0
step=0546475 (run 2475/8000) loss=2.70499 byte_ppl=14.954 atoms=47 merges=0 field=8.5706 rms=0.2678 scale=1.0000 fcos=nan ign=0.0000 prn=nan nxp=0.000 mph=0.000 bytes=565793 pkts=565793 shard=0
step=0546500 (run 2500/8000) loss=13.44644 byte_ppl=691377.108 atoms=5 merges=0 field=8.5533 rms=0.2673 scale=1.0000 fcos=nan ign=0.0000 prn=nan nxp=0.000 mph=0.000 bytes=565793 pkts=565793 shard=0
step=0546525 (run 2525/8000) loss=2.62359 byte_ppl=13.785 atoms=32 merges=0 field=8.5601 rms=0.2675 scale=1.0000 fcos=nan ign=0.0000 prn=nan nxp=0.000 mph=0.000 bytes=565793 pkts=565793 shard=0
step=0546550 (run 2550/8000) loss=10.71972 byte_ppl=45239.402 atoms=60 merges=0 field=8.5804 rms=0.2681 scale=1.0000 fcos=nan ign=0.0000 prn=nan nxp=0.000 mph=0.000 bytes=565793 pkts=565793 shard=0
step=0546575 (run 2575/8000) loss=4.07673 byte_ppl=58.952 atoms=16 merges=0 field=8.5920 rms=0.2685 scale=1.0000 fcos=nan ign=0.0000 prn=nan nxp=0.000 mph=0.000 bytes=565793 pkts=565793 shard=0
step=0546600 (run 2600/8000) loss=0.00022 byte_ppl=1.000 atoms=44 merges=0 field=8.5682 rms=0.2678 scale=1.0000 fcos=nan ign=0.0000 prn=nan nxp=0.000 mph=0.000 bytes=565793 pkts=565793 shard=0
step=0546625 (run 2625/8000) loss=0.56463 byte_ppl=1.759 atoms=1 merges=0 field=8.5722 rms=0.2679 scale=1.0000 fcos=nan ign=0.0000 prn=nan nxp=0.000 mph=0.000 bytes=565793 pkts=565793 shard=0
step=0546650 (run 2650/8000) loss=0.00125 byte_ppl=1.001 atoms=29 merges=0 field=8.5601 rms=0.2675 scale=1.0000 fcos=nan ign=0.0000 prn=nan nxp=0.000 mph=0.000 bytes=565793 pkts=565793 shard=0
step=0546675 (run 2675/8000) loss=0.00052 byte_ppl=1.001 atoms=56 merges=0 field=8.5070 rms=0.2658 scale=1.0000 fcos=nan ign=0.0000 prn=nan nxp=0.000 mph=0.000 bytes=565793 pkts=565793 shard=0
step=0546700 (run 2700/8000) loss=9.79871 byte_ppl=18010.528 atoms=14 merges=0 field=8.5654 rms=0.2677 scale=1.0000 fcos=nan ign=0.0000 prn=nan nxp=0.000 mph=0.000 bytes=565793 pkts=565793 shard=0
step=0546725 (run 2725/8000) loss=2.61318 byte_ppl=13.642 atoms=41 merges=0 field=8.6007 rms=0.2688 scale=1.0000 fcos=nan ign=0.0000 prn=nan nxp=0.000 mph=0.000 bytes=565793 pkts=565793 shard=0
step=0546750 (run 2750/8000) loss=0.01815 byte_ppl=1.018 atoms=69 merges=0 field=8.6031 rms=0.2688 scale=1.0000 fcos=nan ign=0.0000 prn=nan nxp=0.000 mph=0.000 bytes=565793 pkts=565793 shard=0
step=0546775 (run 2775/8000) loss=0.00101 byte_ppl=1.001 atoms=25 merges=0 field=8.6166 rms=0.2693 scale=1.0000 fcos=nan ign=0.0000 prn=nan nxp=0.000 mph=0.000 bytes=565793 pkts=565793 shard=0
step=0546800 (run 2800/8000) loss=5.61622 byte_ppl=274.849 atoms=53 merges=0 field=8.6584 rms=0.2706 scale=1.0000 fcos=nan ign=0.0000 prn=nan nxp=0.000 mph=0.000 bytes=565793 pkts=565793 shard=0
step=0546825 (run 2825/8000) loss=0.86463 byte_ppl=2.374 atoms=10 merges=0 field=8.6448 rms=0.2702 scale=1.0000 fcos=nan ign=0.0000 prn=nan nxp=0.000 mph=0.000 bytes=565793 pkts=565793 shard=0
step=0546850 (run 2850/8000) loss=0.00454 byte_ppl=1.005 atoms=38 merges=0 field=8.6568 rms=0.2705 scale=1.0000 fcos=nan ign=0.0000 prn=nan nxp=0.000 mph=0.000 bytes=565793 pkts=565793 shard=0
step=0546875 (run 2875/8000) loss=3.06934 byte_ppl=21.528 atoms=65 merges=0 field=8.6335 rms=0.2698 scale=1.0000 fcos=nan ign=0.0000 prn=nan nxp=0.000 mph=0.000 bytes=565793 pkts=565793 shard=0
step=0546900 (run 2900/8000) loss=0.00032 byte_ppl=1.000 atoms=22 merges=0 field=8.5980 rms=0.2687 scale=1.0000 fcos=nan ign=0.0000 prn=nan nxp=0.000 mph=0.000 bytes=565793 pkts=565793 shard=0
step=0546925 (run 2925/8000) loss=0.07062 byte_ppl=1.073 atoms=49 merges=0 field=8.6256 rms=0.2696 scale=1.0000 fcos=nan ign=0.0000 prn=nan nxp=0.000 mph=0.000 bytes=565793 pkts=565793 shard=0
step=0546950 (run 2950/8000) loss=2.42204 byte_ppl=11.269 atoms=7 merges=0 field=8.6423 rms=0.2701 scale=1.0000 fcos=nan ign=0.0000 prn=nan nxp=0.000 mph=0.000 bytes=565793 pkts=565793 shard=0
step=0546975 (run 2975/8000) loss=0.00022 byte_ppl=1.000 atoms=34 merges=0 field=8.6244 rms=0.2695 scale=1.0000 fcos=nan ign=0.0000 prn=nan nxp=0.000 mph=0.000 bytes=565793 pkts=565793 shard=0
step=0547000 (run 3000/8000) loss=4.00922 byte_ppl=55.104 atoms=62 merges=0 field=8.6405 rms=0.2700 scale=1.0000 fcos=nan ign=0.0000 prn=nan nxp=0.000 mph=0.000 bytes=565793 pkts=565793 shard=0
step=0547025 (run 3025/8000) loss=0.00720 byte_ppl=1.007 atoms=19 merges=0 field=8.6680 rms=0.2709 scale=1.0000 fcos=nan ign=0.0000 prn=nan nxp=0.000 mph=0.000 bytes=565793 pkts=565793 shard=0
step=0547050 (run 3050/8000) loss=2.23155 byte_ppl=9.314 atoms=47 merges=0 field=8.6547 rms=0.2705 scale=1.0000 fcos=nan ign=0.0000 prn=nan nxp=0.000 mph=0.000 bytes=565793 pkts=565793 shard=0
step=0547075 (run 3075/8000) loss=0.00035 byte_ppl=1.000 atoms=3 merges=0 field=8.6801 rms=0.2713 scale=1.0000 fcos=nan ign=0.0000 prn=nan nxp=0.000 mph=0.000 bytes=565793 pkts=565793 shard=0
step=0547100 (run 3100/8000) loss=8.97929 byte_ppl=7937.033 atoms=31 merges=0 field=8.6405 rms=0.2700 scale=1.0000 fcos=nan ign=0.0000 prn=nan nxp=0.000 mph=0.000 bytes=565793 pkts=565793 shard=0
step=0547125 (run 3125/8000) loss=0.00216 byte_ppl=1.002 atoms=58 merges=0 field=8.6503 rms=0.2703 scale=1.0000 fcos=nan ign=0.0000 prn=nan nxp=0.000 mph=0.000 bytes=565793 pkts=565793 shard=0
step=0547150 (run 3150/8000) loss=10.40051 byte_ppl=32876.289 atoms=16 merges=0 field=8.6932 rms=0.2717 scale=1.0000 fcos=nan ign=0.0000 prn=nan nxp=0.000 mph=0.000 bytes=565793 pkts=565793 shard=0
step=0547175 (run 3175/8000) loss=0.22087 byte_ppl=1.247 atoms=43 merges=0 field=8.6639 rms=0.2707 scale=1.0000 fcos=nan ign=0.0000 prn=nan nxp=0.000 mph=0.000 bytes=565793 pkts=565793 shard=0
step=0547200 (run 3200/8000) loss=6.62619 byte_ppl=754.602 atoms=71 merges=0 field=8.6589 rms=0.2706 scale=1.0000 fcos=nan ign=0.0000 prn=nan nxp=0.000 mph=0.000 bytes=565793 pkts=565793 shard=0
step=0547225 (run 3225/8000) loss=0.00052 byte_ppl=1.001 atoms=27 merges=0 field=8.7034 rms=0.2720 scale=1.0000 fcos=nan ign=0.0000 prn=nan nxp=0.000 mph=0.000 bytes=565793 pkts=565793 shard=0
step=0547250 (run 3250/8000) loss=4.49566 byte_ppl=89.627 atoms=55 merges=0 field=8.6989 rms=0.2718 scale=1.0000 fcos=nan ign=0.0000 prn=nan nxp=0.000 mph=0.000 bytes=565793 pkts=565793 shard=0
step=0547275 (run 3275/8000) loss=1.58262 byte_ppl=4.868 atoms=12 merges=0 field=8.7127 rms=0.2723 scale=1.0000 fcos=nan ign=0.0000 prn=nan nxp=0.000 mph=0.000 bytes=565793 pkts=565793 shard=0
step=0547300 (run 3300/8000) loss=3.78903 byte_ppl=44.213 atoms=40 merges=0 field=8.7529 rms=0.2735 scale=1.0000 fcos=nan ign=0.0000 prn=nan nxp=0.000 mph=0.000 bytes=565793 pkts=565793 shard=0
step=0547325 (run 3325/8000) loss=1.39771 byte_ppl=4.046 atoms=67 merges=0 field=8.7577 rms=0.2737 scale=1.0000 fcos=nan ign=0.0000 prn=nan nxp=0.000 mph=0.000 bytes=565793 pkts=565793 shard=0
step=0547350 (run 3350/8000) loss=5.14610 byte_ppl=171.760 atoms=25 merges=0 field=8.7164 rms=0.2724 scale=1.0000 fcos=nan ign=0.0000 prn=nan nxp=0.000 mph=0.000 bytes=565793 pkts=565793 shard=0
step=0547375 (run 3375/8000) loss=0.00743 byte_ppl=1.007 atoms=52 merges=0 field=8.6880 rms=0.2715 scale=1.0000 fcos=nan ign=0.0000 prn=nan nxp=0.000 mph=0.000 bytes=565793 pkts=565793 shard=0
step=0547400 (run 3400/8000) loss=0.00147 byte_ppl=1.001 atoms=9 merges=0 field=8.6891 rms=0.2715 scale=1.0000 fcos=nan ign=0.0000 prn=nan nxp=0.000 mph=0.000 bytes=565793 pkts=565793 shard=0
step=0547425 (run 3425/8000) loss=0.00027 byte_ppl=1.000 atoms=36 merges=0 field=8.6820 rms=0.2713 scale=1.0000 fcos=nan ign=0.0000 prn=nan nxp=0.000 mph=0.000 bytes=565793 pkts=565793 shard=0
step=0547450 (run 3450/8000) loss=8.32853 byte_ppl=4140.308 atoms=64 merges=0 field=8.6797 rms=0.2712 scale=1.0000 fcos=nan ign=0.0000 prn=nan nxp=0.000 mph=0.000 bytes=565793 pkts=565793 shard=0
step=0547475 (run 3475/8000) loss=2.14255 byte_ppl=8.521 atoms=21 merges=0 field=8.7025 rms=0.2720 scale=1.0000 fcos=nan ign=0.0000 prn=nan nxp=0.000 mph=0.000 bytes=565793 pkts=565793 shard=0
step=0547500 (run 3500/8000) loss=7.26589 byte_ppl=1430.656 atoms=49 merges=0 field=8.7391 rms=0.2731 scale=1.0000 fcos=nan ign=0.0000 prn=nan nxp=0.000 mph=0.000 bytes=565793 pkts=565793 shard=0
step=0547525 (run 3525/8000) loss=2.29130 byte_ppl=9.888 atoms=5 merges=0 field=8.7548 rms=0.2736 scale=1.0000 fcos=nan ign=0.0000 prn=nan nxp=0.000 mph=0.000 bytes=565793 pkts=565793 shard=0
step=0547550 (run 3550/8000) loss=11.04537 byte_ppl=62653.443 atoms=33 merges=0 field=8.7720 rms=0.2741 scale=1.0000 fcos=nan ign=0.0000 prn=nan nxp=0.000 mph=0.000 bytes=565793 pkts=565793 shard=0
step=0547575 (run 3575/8000) loss=0.00065 byte_ppl=1.001 atoms=60 merges=0 field=8.7843 rms=0.2745 scale=1.0000 fcos=nan ign=0.0000 prn=nan nxp=0.000 mph=0.000 bytes=565793 pkts=565793 shard=0
step=0547600 (run 3600/8000) loss=9.11280 byte_ppl=9070.697 atoms=18 merges=0 field=8.7656 rms=0.2739 scale=1.0000 fcos=nan ign=0.0000 prn=nan nxp=0.000 mph=0.000 bytes=565793 pkts=565793 shard=0
step=0547625 (run 3625/8000) loss=3.77640 byte_ppl=43.659 atoms=45 merges=0 field=8.7625 rms=0.2738 scale=1.0000 fcos=nan ign=0.0000 prn=nan nxp=0.000 mph=0.000 bytes=565793 pkts=565793 shard=0
step=0547650 (run 3650/8000) loss=12.36217 byte_ppl=233788.274 atoms=3 merges=0 field=8.7424 rms=0.2732 scale=1.0000 fcos=nan ign=0.0000 prn=nan nxp=0.000 mph=0.000 bytes=565793 pkts=565793 shard=0
step=0547675 (run 3675/8000) loss=0.00824 byte_ppl=1.008 atoms=30 merges=0 field=8.7224 rms=0.2726 scale=1.0000 fcos=nan ign=0.0000 prn=nan nxp=0.000 mph=0.000 bytes=565793 pkts=565793 shard=0
step=0547700 (run 3700/8000) loss=0.26110 byte_ppl=1.298 atoms=58 merges=0 field=8.7218 rms=0.2726 scale=1.0000 fcos=nan ign=0.0000 prn=nan nxp=0.000 mph=0.000 bytes=565793 pkts=565793 shard=0
step=0547725 (run 3725/8000) loss=2.23160 byte_ppl=9.315 atoms=14 merges=0 field=8.7340 rms=0.2729 scale=1.0000 fcos=nan ign=0.0000 prn=nan nxp=0.000 mph=0.000 bytes=565793 pkts=565793 shard=0
step=0547750 (run 3750/8000) loss=0.84957 byte_ppl=2.339 atoms=42 merges=0 field=8.7521 rms=0.2735 scale=1.0000 fcos=nan ign=0.0000 prn=nan nxp=0.000 mph=0.000 bytes=565793 pkts=565793 shard=0
step=0547775 (run 3775/8000) loss=0.00652 byte_ppl=1.007 atoms=69 merges=0 field=8.7715 rms=0.2741 scale=1.0000 fcos=nan ign=0.0000 prn=nan nxp=0.000 mph=0.000 bytes=565793 pkts=565793 shard=0
step=0547800 (run 3800/8000) loss=12.07444 byte_ppl=175332.262 atoms=27 merges=0 field=8.7908 rms=0.2747 scale=1.0000 fcos=nan ign=0.0000 prn=nan nxp=0.000 mph=0.000 bytes=565793 pkts=565793 shard=0
step=0547825 (run 3825/8000) loss=0.00125 byte_ppl=1.001 atoms=54 merges=0 field=8.7833 rms=0.2745 scale=1.0000 fcos=nan ign=0.0000 prn=nan nxp=0.000 mph=0.000 bytes=565793 pkts=565793 shard=0
step=0547850 (run 3850/8000) loss=8.68689 byte_ppl=5924.726 atoms=11 merges=0 field=8.7696 rms=0.2741 scale=1.0000 fcos=nan ign=0.0000 prn=nan nxp=0.000 mph=0.000 bytes=565793 pkts=565793 shard=0
step=0547875 (run 3875/8000) loss=0.21152 byte_ppl=1.236 atoms=38 merges=0 field=8.7740 rms=0.2742 scale=1.0000 fcos=nan ign=0.0000 prn=nan nxp=0.000 mph=0.000 bytes=565793 pkts=565793 shard=0
step=0547900 (run 3900/8000) loss=0.23927 byte_ppl=1.270 atoms=66 merges=0 field=8.7229 rms=0.2726 scale=1.0000 fcos=nan ign=0.0000 prn=nan nxp=0.000 mph=0.000 bytes=565793 pkts=565793 shard=0
step=0547925 (run 3925/8000) loss=0.00751 byte_ppl=1.008 atoms=23 merges=0 field=8.7054 rms=0.2720 scale=1.0000 fcos=nan ign=0.0000 prn=nan nxp=0.000 mph=0.000 bytes=565793 pkts=565793 shard=0
step=0547950 (run 3950/8000) loss=1.24402 byte_ppl=3.470 atoms=51 merges=0 field=8.7068 rms=0.2721 scale=1.0000 fcos=nan ign=0.0000 prn=nan nxp=0.000 mph=0.000 bytes=565793 pkts=565793 shard=0
step=0547975 (run 3975/8000) loss=0.00313 byte_ppl=1.003 atoms=8 merges=0 field=8.7179 rms=0.2724 scale=1.0000 fcos=nan ign=0.0000 prn=nan nxp=0.000 mph=0.000 bytes=565793 pkts=565793 shard=0
step=0548000 (run 4000/8000) loss=9.52022 byte_ppl=13632.581 atoms=36 merges=0 field=8.7327 rms=0.2729 scale=1.0000 fcos=nan ign=0.0000 prn=nan nxp=0.000 mph=0.000 bytes=565793 pkts=565793 shard=0
step=0548025 (run 4025/8000) loss=8.20780 byte_ppl=3669.443 atoms=63 merges=0 field=8.7517 rms=0.2735 scale=1.0000 fcos=nan ign=0.0000 prn=nan nxp=0.000 mph=0.000 bytes=565793 pkts=565793 shard=0
step=0548050 (run 4050/8000) loss=9.95278 byte_ppl=21010.506 atoms=20 merges=0 field=8.7414 rms=0.2732 scale=1.0000 fcos=nan ign=0.0000 prn=nan nxp=0.000 mph=0.000 bytes=565793 pkts=565793 shard=0
step=0548075 (run 4075/8000) loss=0.30231 byte_ppl=1.353 atoms=47 merges=0 field=8.7586 rms=0.2737 scale=1.0000 fcos=nan ign=0.0000 prn=nan nxp=0.000 mph=0.000 bytes=565793 pkts=565793 shard=0
step=0548100 (run 4100/8000) loss=0.00375 byte_ppl=1.004 atoms=5 merges=0 field=8.7436 rms=0.2732 scale=1.0000 fcos=nan ign=0.0000 prn=nan nxp=0.000 mph=0.000 bytes=565793 pkts=565793 shard=0
step=0548125 (run 4125/8000) loss=0.00224 byte_ppl=1.002 atoms=32 merges=0 field=8.7257 rms=0.2727 scale=1.0000 fcos=nan ign=0.0000 prn=nan nxp=0.000 mph=0.000 bytes=565793 pkts=565793 shard=0
step=0548150 (run 4150/8000) loss=1.02101 byte_ppl=2.776 atoms=60 merges=0 field=8.6939 rms=0.2717 scale=1.0000 fcos=nan ign=0.0000 prn=nan nxp=0.000 mph=0.000 bytes=565793 pkts=565793 shard=0
step=0548175 (run 4175/8000) loss=0.02246 byte_ppl=1.023 atoms=16 merges=0 field=8.7022 rms=0.2719 scale=1.0000 fcos=nan ign=0.0000 prn=nan nxp=0.000 mph=0.000 bytes=565793 pkts=565793 shard=0
step=0548200 (run 4200/8000) loss=1.73618 byte_ppl=5.676 atoms=44 merges=0 field=8.6798 rms=0.2712 scale=1.0000 fcos=nan ign=0.0000 prn=nan nxp=0.000 mph=0.000 bytes=565793 pkts=565793 shard=0
step=0548225 (run 4225/8000) loss=0.01364 byte_ppl=1.014 atoms=1 merges=0 field=8.6851 rms=0.2714 scale=1.0000 fcos=nan ign=0.0000 prn=nan nxp=0.000 mph=0.000 bytes=565793 pkts=565793 shard=0
step=0548250 (run 4250/8000) loss=8.80290 byte_ppl=6653.513 atoms=29 merges=0 field=8.6910 rms=0.2716 scale=1.0000 fcos=nan ign=0.0000 prn=nan nxp=0.000 mph=0.000 bytes=565793 pkts=565793 shard=0
step=0548275 (run 4275/8000) loss=4.63274 byte_ppl=102.795 atoms=56 merges=0 field=8.7343 rms=0.2729 scale=1.0000 fcos=nan ign=0.0000 prn=nan nxp=0.000 mph=0.000 bytes=565793 pkts=565793 shard=0
step=0548300 (run 4300/8000) loss=0.28760 byte_ppl=1.333 atoms=14 merges=0 field=8.7064 rms=0.2721 scale=1.0000 fcos=nan ign=0.0000 prn=nan nxp=0.000 mph=0.000 bytes=565793 pkts=565793 shard=0
step=0548325 (run 4325/8000) loss=0.11974 byte_ppl=1.127 atoms=41 merges=0 field=8.7236 rms=0.2726 scale=1.0000 fcos=nan ign=0.0000 prn=nan nxp=0.000 mph=0.000 bytes=565793 pkts=565793 shard=0
step=0548350 (run 4350/8000) loss=0.65238 byte_ppl=1.920 atoms=69 merges=0 field=8.7347 rms=0.2730 scale=1.0000 fcos=nan ign=0.0000 prn=nan nxp=0.000 mph=0.000 bytes=565793 pkts=565793 shard=0
step=0548375 (run 4375/8000) loss=4.98639 byte_ppl=146.407 atoms=25 merges=0 field=8.7169 rms=0.2724 scale=1.0000 fcos=nan ign=0.0000 prn=nan nxp=0.000 mph=0.000 bytes=565793 pkts=565793 shard=0
step=0548400 (run 4400/8000) loss=1.52348 byte_ppl=4.588 atoms=53 merges=0 field=8.7070 rms=0.2721 scale=1.0000 fcos=nan ign=0.0000 prn=nan nxp=0.000 mph=0.000 bytes=565793 pkts=565793 shard=0
step=0548425 (run 4425/8000) loss=5.35391 byte_ppl=211.433 atoms=10 merges=0 field=8.6787 rms=0.2712 scale=1.0000 fcos=nan ign=0.0000 prn=nan nxp=0.000 mph=0.000 bytes=565793 pkts=565793 shard=0
step=0548450 (run 4450/8000) loss=4.67956 byte_ppl=107.722 atoms=38 merges=0 field=8.6857 rms=0.2714 scale=1.0000 fcos=nan ign=0.0000 prn=nan nxp=0.000 mph=0.000 bytes=565793 pkts=565793 shard=0
step=0548475 (run 4475/8000) loss=0.00181 byte_ppl=1.002 atoms=65 merges=0 field=8.7160 rms=0.2724 scale=1.0000 fcos=nan ign=0.0000 prn=nan nxp=0.000 mph=0.000 bytes=565793 pkts=565793 shard=0
step=0548500 (run 4500/8000) loss=0.38168 byte_ppl=1.465 atoms=22 merges=0 field=8.7230 rms=0.2726 scale=1.0000 fcos=nan ign=0.0000 prn=nan nxp=0.000 mph=0.000 bytes=565793 pkts=565793 shard=0
step=0548525 (run 4525/8000) loss=4.48766 byte_ppl=88.913 atoms=49 merges=0 field=8.7324 rms=0.2729 scale=1.0000 fcos=nan ign=0.0000 prn=nan nxp=0.000 mph=0.000 bytes=565793 pkts=565793 shard=0
step=0548550 (run 4550/8000) loss=0.05482 byte_ppl=1.056 atoms=7 merges=0 field=8.7167 rms=0.2724 scale=1.0000 fcos=nan ign=0.0000 prn=nan nxp=0.000 mph=0.000 bytes=565793 pkts=565793 shard=0
step=0548575 (run 4575/8000) loss=0.00413 byte_ppl=1.004 atoms=34 merges=0 field=8.7136 rms=0.2723 scale=1.0000 fcos=nan ign=0.0000 prn=nan nxp=0.000 mph=0.000 bytes=565793 pkts=565793 shard=0
step=0548600 (run 4600/8000) loss=11.90056 byte_ppl=147348.752 atoms=62 merges=0 field=8.7131 rms=0.2723 scale=1.0000 fcos=nan ign=0.0000 prn=nan nxp=0.000 mph=0.000 bytes=565793 pkts=565793 shard=0
step=0548625 (run 4625/8000) loss=0.00021 byte_ppl=1.000 atoms=19 merges=0 field=8.7205 rms=0.2725 scale=1.0000 fcos=nan ign=0.0000 prn=nan nxp=0.000 mph=0.000 bytes=565793 pkts=565793 shard=0
step=0548650 (run 4650/8000) loss=4.09731 byte_ppl=60.178 atoms=47 merges=0 field=8.7270 rms=0.2727 scale=1.0000 fcos=nan ign=0.0000 prn=nan nxp=0.000 mph=0.000 bytes=565793 pkts=565793 shard=0
step=0548675 (run 4675/8000) loss=0.50711 byte_ppl=1.660 atoms=3 merges=0 field=8.7172 rms=0.2724 scale=1.0000 fcos=nan ign=0.0000 prn=nan nxp=0.000 mph=0.000 bytes=565793 pkts=565793 shard=0
step=0548700 (run 4700/8000) loss=0.17403 byte_ppl=1.190 atoms=31 merges=0 field=8.7534 rms=0.2735 scale=1.0000 fcos=nan ign=0.0000 prn=nan nxp=0.000 mph=0.000 bytes=565793 pkts=565793 shard=0
step=0548725 (run 4725/8000) loss=0.01026 byte_ppl=1.010 atoms=58 merges=0 field=8.7304 rms=0.2728 scale=1.0000 fcos=nan ign=0.0000 prn=nan nxp=0.000 mph=0.000 bytes=565793 pkts=565793 shard=0
step=0548750 (run 4750/8000) loss=2.24552 byte_ppl=9.445 atoms=16 merges=0 field=8.7497 rms=0.2734 scale=1.0000 fcos=nan ign=0.0000 prn=nan nxp=0.000 mph=0.000 bytes=565793 pkts=565793 shard=0
step=0548775 (run 4775/8000) loss=0.00071 byte_ppl=1.001 atoms=43 merges=0 field=8.7898 rms=0.2747 scale=1.0000 fcos=nan ign=0.0000 prn=nan nxp=0.000 mph=0.000 bytes=565793 pkts=565793 shard=0
step=0548800 (run 4800/8000) loss=0.03905 byte_ppl=1.040 atoms=71 merges=0 field=8.7716 rms=0.2741 scale=1.0000 fcos=nan ign=0.0000 prn=nan nxp=0.000 mph=0.000 bytes=565793 pkts=565793 shard=0
step=0548825 (run 4825/8000) loss=2.03034 byte_ppl=7.617 atoms=27 merges=0 field=8.7571 rms=0.2737 scale=1.0000 fcos=nan ign=0.0000 prn=nan nxp=0.000 mph=0.000 bytes=565793 pkts=565793 shard=0
step=0548850 (run 4850/8000) loss=1.19535 byte_ppl=3.305 atoms=55 merges=0 field=8.7687 rms=0.2740 scale=1.0000 fcos=nan ign=0.0000 prn=nan nxp=0.000 mph=0.000 bytes=565793 pkts=565793 shard=0
step=0548875 (run 4875/8000) loss=0.00015 byte_ppl=1.000 atoms=12 merges=0 field=8.7862 rms=0.2746 scale=1.0000 fcos=nan ign=0.0000 prn=nan nxp=0.000 mph=0.000 bytes=565793 pkts=565793 shard=0
step=0548900 (run 4900/8000) loss=6.41566 byte_ppl=611.347 atoms=40 merges=0 field=8.7741 rms=0.2742 scale=1.0000 fcos=nan ign=0.0000 prn=nan nxp=0.000 mph=0.000 bytes=565793 pkts=565793 shard=0
step=0548925 (run 4925/8000) loss=0.00270 byte_ppl=1.003 atoms=67 merges=0 field=8.7928 rms=0.2748 scale=1.0000 fcos=nan ign=0.0000 prn=nan nxp=0.000 mph=0.000 bytes=565793 pkts=565793 shard=0
step=0548950 (run 4950/8000) loss=10.45609 byte_ppl=34755.457 atoms=25 merges=0 field=8.7476 rms=0.2734 scale=1.0000 fcos=nan ign=0.0000 prn=nan nxp=0.000 mph=0.000 bytes=565793 pkts=565793 shard=0
step=0548975 (run 4975/8000) loss=0.78172 byte_ppl=2.185 atoms=52 merges=0 field=8.7262 rms=0.2727 scale=1.0000 fcos=nan ign=0.0000 prn=nan nxp=0.000 mph=0.000 bytes=565793 pkts=565793 shard=0
step=0549000 (run 5000/8000) loss=0.00027 byte_ppl=1.000 atoms=9 merges=0 field=8.7525 rms=0.2735 scale=1.0000 fcos=nan ign=0.0000 prn=nan nxp=0.000 mph=0.000 bytes=565793 pkts=565793 shard=0
step=0549025 (run 5025/8000) loss=0.93407 byte_ppl=2.545 atoms=36 merges=0 field=8.7631 rms=0.2738 scale=1.0000 fcos=nan ign=0.0000 prn=nan nxp=0.000 mph=0.000 bytes=565793 pkts=565793 shard=0
step=0549050 (run 5050/8000) loss=0.01959 byte_ppl=1.020 atoms=64 merges=0 field=8.7627 rms=0.2738 scale=1.0000 fcos=nan ign=0.0000 prn=nan nxp=0.000 mph=0.000 bytes=565793 pkts=565793 shard=0
step=0549075 (run 5075/8000) loss=0.00829 byte_ppl=1.008 atoms=21 merges=0 field=8.8165 rms=0.2755 scale=1.0000 fcos=nan ign=0.0000 prn=nan nxp=0.000 mph=0.000 bytes=565793 pkts=565793 shard=0
step=0549100 (run 5100/8000) loss=1.82467 byte_ppl=6.201 atoms=49 merges=0 field=8.8541 rms=0.2767 scale=1.0000 fcos=nan ign=0.0000 prn=nan nxp=0.000 mph=0.000 bytes=565793 pkts=565793 shard=0
step=0549125 (run 5125/8000) loss=0.00111 byte_ppl=1.001 atoms=5 merges=0 field=8.8228 rms=0.2757 scale=1.0000 fcos=nan ign=0.0000 prn=nan nxp=0.000 mph=0.000 bytes=565793 pkts=565793 shard=0
step=0549150 (run 5150/8000) loss=8.37257 byte_ppl=4326.742 atoms=33 merges=0 field=8.7907 rms=0.2747 scale=1.0000 fcos=nan ign=0.0000 prn=nan nxp=0.000 mph=0.000 bytes=565793 pkts=565793 shard=0
step=0549175 (run 5175/8000) loss=0.44739 byte_ppl=1.564 atoms=60 merges=0 field=8.7734 rms=0.2742 scale=1.0000 fcos=nan ign=0.0000 prn=nan nxp=0.000 mph=0.000 bytes=565793 pkts=565793 shard=0
step=0549200 (run 5200/8000) loss=16.00266 byte_ppl=8909819.722 atoms=18 merges=0 field=8.7464 rms=0.2733 scale=1.0000 fcos=nan ign=0.0000 prn=nan nxp=0.000 mph=0.000 bytes=565793 pkts=565793 shard=0
step=0549225 (run 5225/8000) loss=0.00138 byte_ppl=1.001 atoms=45 merges=0 field=8.7572 rms=0.2737 scale=1.0000 fcos=nan ign=0.0000 prn=nan nxp=0.000 mph=0.000 bytes=565793 pkts=565793 shard=0
step=0549250 (run 5250/8000) loss=12.05339 byte_ppl=171680.833 atoms=3 merges=0 field=8.7946 rms=0.2748 scale=1.0000 fcos=nan ign=0.0000 prn=nan nxp=0.000 mph=0.000 bytes=565793 pkts=565793 shard=0
step=0549275 (run 5275/8000) loss=0.00050 byte_ppl=1.001 atoms=30 merges=0 field=8.7948 rms=0.2748 scale=1.0000 fcos=nan ign=0.0000 prn=nan nxp=0.000 mph=0.000 bytes=565793 pkts=565793 shard=0
step=0549300 (run 5300/8000) loss=1.53192 byte_ppl=4.627 atoms=58 merges=0 field=8.8530 rms=0.2767 scale=1.0000 fcos=nan ign=0.0000 prn=nan nxp=0.000 mph=0.000 bytes=565793 pkts=565793 shard=0
step=0549325 (run 5325/8000) loss=0.00003 byte_ppl=1.000 atoms=14 merges=0 field=8.8391 rms=0.2762 scale=1.0000 fcos=nan ign=0.0000 prn=nan nxp=0.000 mph=0.000 bytes=565793 pkts=565793 shard=0
step=0549350 (run 5350/8000) loss=0.33017 byte_ppl=1.391 atoms=42 merges=0 field=8.8402 rms=0.2763 scale=1.0000 fcos=nan ign=0.0000 prn=nan nxp=0.000 mph=0.000 bytes=565793 pkts=565793 shard=0
step=0549375 (run 5375/8000) loss=0.00043 byte_ppl=1.000 atoms=69 merges=0 field=8.8259 rms=0.2758 scale=1.0000 fcos=nan ign=0.0000 prn=nan nxp=0.000 mph=0.000 bytes=565793 pkts=565793 shard=0
step=0549400 (run 5400/8000) loss=4.96176 byte_ppl=142.845 atoms=27 merges=0 field=8.8133 rms=0.2754 scale=1.0000 fcos=nan ign=0.0000 prn=nan nxp=0.000 mph=0.000 bytes=565793 pkts=565793 shard=0
step=0549425 (run 5425/8000) loss=0.67488 byte_ppl=1.964 atoms=54 merges=0 field=8.8288 rms=0.2759 scale=1.0000 fcos=nan ign=0.0000 prn=nan nxp=0.000 mph=0.000 bytes=565793 pkts=565793 shard=0
step=0549450 (run 5450/8000) loss=4.69815 byte_ppl=109.744 atoms=11 merges=0 field=8.8516 rms=0.2766 scale=1.0000 fcos=nan ign=0.0000 prn=nan nxp=0.000 mph=0.000 bytes=565793 pkts=565793 shard=0
step=0549475 (run 5475/8000) loss=1.86828 byte_ppl=6.477 atoms=38 merges=0 field=8.8357 rms=0.2761 scale=1.0000 fcos=nan ign=0.0000 prn=nan nxp=0.000 mph=0.000 bytes=565793 pkts=565793 shard=0
step=0549500 (run 5500/8000) loss=10.67128 byte_ppl=43099.988 atoms=66 merges=0 field=8.8299 rms=0.2759 scale=1.0000 fcos=nan ign=0.0000 prn=nan nxp=0.000 mph=0.000 bytes=565793 pkts=565793 shard=0
step=0549525 (run 5525/8000) loss=5.67527 byte_ppl=291.568 atoms=23 merges=0 field=8.8157 rms=0.2755 scale=1.0000 fcos=nan ign=0.0000 prn=nan nxp=0.000 mph=0.000 bytes=565793 pkts=565793 shard=0
step=0549550 (run 5550/8000) loss=0.00083 byte_ppl=1.001 atoms=51 merges=0 field=8.8527 rms=0.2766 scale=1.0000 fcos=nan ign=0.0000 prn=nan nxp=0.000 mph=0.000 bytes=565793 pkts=565793 shard=0
step=0549575 (run 5575/8000) loss=0.03947 byte_ppl=1.040 atoms=8 merges=0 field=8.8462 rms=0.2764 scale=1.0000 fcos=nan ign=0.0000 prn=nan nxp=0.000 mph=0.000 bytes=565793 pkts=565793 shard=0
step=0549600 (run 5600/8000) loss=0.59586 byte_ppl=1.815 atoms=36 merges=0 field=8.8825 rms=0.2776 scale=1.0000 fcos=nan ign=0.0000 prn=nan nxp=0.000 mph=0.000 bytes=565793 pkts=565793 shard=0
step=0549625 (run 5625/8000) loss=0.06377 byte_ppl=1.066 atoms=63 merges=0 field=8.8996 rms=0.2781 scale=1.0000 fcos=nan ign=0.0000 prn=nan nxp=0.000 mph=0.000 bytes=565793 pkts=565793 shard=0
step=0549650 (run 5650/8000) loss=9.49952 byte_ppl=13353.282 atoms=20 merges=0 field=8.8914 rms=0.2779 scale=1.0000 fcos=nan ign=0.0000 prn=nan nxp=0.000 mph=0.000 bytes=565793 pkts=565793 shard=0
step=0549675 (run 5675/8000) loss=2.37587 byte_ppl=10.760 atoms=47 merges=0 field=8.9052 rms=0.2783 scale=1.0000 fcos=nan ign=0.0000 prn=nan nxp=0.000 mph=0.000 bytes=565793 pkts=565793 shard=0
step=0549700 (run 5700/8000) loss=9.42898 byte_ppl=12443.790 atoms=5 merges=0 field=8.8312 rms=0.2760 scale=1.0000 fcos=nan ign=0.0000 prn=nan nxp=0.000 mph=0.000 bytes=565793 pkts=565793 shard=0
step=0549725 (run 5725/8000) loss=0.00098 byte_ppl=1.001 atoms=32 merges=0 field=8.8419 rms=0.2763 scale=1.0000 fcos=nan ign=0.0000 prn=nan nxp=0.000 mph=0.000 bytes=565793 pkts=565793 shard=0
step=0549750 (run 5750/8000) loss=6.05059 byte_ppl=424.364 atoms=60 merges=0 field=8.8560 rms=0.2768 scale=1.0000 fcos=nan ign=0.0000 prn=nan nxp=0.000 mph=0.000 bytes=565793 pkts=565793 shard=0
step=0549775 (run 5775/8000) loss=1.69483 byte_ppl=5.446 atoms=16 merges=0 field=8.8523 rms=0.2766 scale=1.0000 fcos=nan ign=0.0000 prn=nan nxp=0.000 mph=0.000 bytes=565793 pkts=565793 shard=0
step=0549800 (run 5800/8000) loss=1.42962 byte_ppl=4.177 atoms=44 merges=0 field=8.8477 rms=0.2765 scale=1.0000 fcos=nan ign=0.0000 prn=nan nxp=0.000 mph=0.000 bytes=565793 pkts=565793 shard=0
step=0549825 (run 5825/8000) loss=1.82473 byte_ppl=6.201 atoms=1 merges=0 field=8.8602 rms=0.2769 scale=1.0000 fcos=nan ign=0.0000 prn=nan nxp=0.000 mph=0.000 bytes=565793 pkts=565793 shard=0
step=0549850 (run 5850/8000) loss=6.77613 byte_ppl=876.672 atoms=29 merges=0 field=8.8810 rms=0.2775 scale=1.0000 fcos=nan ign=0.0000 prn=nan nxp=0.000 mph=0.000 bytes=565793 pkts=565793 shard=0
step=0549875 (run 5875/8000) loss=0.28172 byte_ppl=1.325 atoms=56 merges=0 field=8.8623 rms=0.2769 scale=1.0000 fcos=nan ign=0.0000 prn=nan nxp=0.000 mph=0.000 bytes=565793 pkts=565793 shard=0
step=0549900 (run 5900/8000) loss=1.34686 byte_ppl=3.845 atoms=14 merges=0 field=8.8925 rms=0.2779 scale=1.0000 fcos=nan ign=0.0000 prn=nan nxp=0.000 mph=0.000 bytes=565793 pkts=565793 shard=0
step=0549925 (run 5925/8000) loss=0.00123 byte_ppl=1.001 atoms=41 merges=0 field=8.9009 rms=0.2782 scale=1.0000 fcos=nan ign=0.0000 prn=nan nxp=0.000 mph=0.000 bytes=565793 pkts=565793 shard=0
step=0549950 (run 5950/8000) loss=0.00347 byte_ppl=1.003 atoms=69 merges=0 field=8.8855 rms=0.2777 scale=1.0000 fcos=nan ign=0.0000 prn=nan nxp=0.000 mph=0.000 bytes=565793 pkts=565793 shard=0
step=0549975 (run 5975/8000) loss=0.00152 byte_ppl=1.002 atoms=25 merges=0 field=8.8799 rms=0.2775 scale=1.0000 fcos=nan ign=0.0000 prn=nan nxp=0.000 mph=0.000 bytes=565793 pkts=565793 shard=0
step=0550000 (run 6000/8000) loss=4.38551 byte_ppl=80.279 atoms=53 merges=0 field=8.8740 rms=0.2773 scale=1.0000 fcos=nan ign=0.0000 prn=nan nxp=0.000 mph=0.000 bytes=565793 pkts=565793 shard=0
step=0550025 (run 6025/8000) loss=0.00547 byte_ppl=1.005 atoms=10 merges=0 field=8.8507 rms=0.2766 scale=1.0000 fcos=nan ign=0.0000 prn=nan nxp=0.000 mph=0.000 bytes=565793 pkts=565793 shard=0
step=0550050 (run 6050/8000) loss=0.00055 byte_ppl=1.001 atoms=38 merges=0 field=8.8481 rms=0.2765 scale=1.0000 fcos=nan ign=0.0000 prn=nan nxp=0.000 mph=0.000 bytes=565793 pkts=565793 shard=0
step=0550075 (run 6075/8000) loss=0.00154 byte_ppl=1.002 atoms=65 merges=0 field=8.8576 rms=0.2768 scale=1.0000 fcos=nan ign=0.0000 prn=nan nxp=0.000 mph=0.000 bytes=565793 pkts=565793 shard=0
step=0550100 (run 6100/8000) loss=6.21318 byte_ppl=499.286 atoms=22 merges=0 field=8.8829 rms=0.2776 scale=1.0000 fcos=nan ign=0.0000 prn=nan nxp=0.000 mph=0.000 bytes=565793 pkts=565793 shard=0
step=0550125 (run 6125/8000) loss=0.00003 byte_ppl=1.000 atoms=49 merges=0 field=8.8999 rms=0.2781 scale=1.0000 fcos=nan ign=0.0000 prn=nan nxp=0.000 mph=0.000 bytes=565793 pkts=565793 shard=0
step=0550150 (run 6150/8000) loss=8.85205 byte_ppl=6988.700 atoms=7 merges=0 field=8.9351 rms=0.2792 scale=1.0000 fcos=nan ign=0.0000 prn=nan nxp=0.000 mph=0.000 bytes=565793 pkts=565793 shard=0
step=0550175 (run 6175/8000) loss=0.03130 byte_ppl=1.032 atoms=34 merges=0 field=8.8877 rms=0.2777 scale=1.0000 fcos=nan ign=0.0000 prn=nan nxp=0.000 mph=0.000 bytes=565793 pkts=565793 shard=0
step=0550200 (run 6200/8000) loss=4.53482 byte_ppl=93.206 atoms=62 merges=0 field=8.8873 rms=0.2777 scale=1.0000 fcos=nan ign=0.0000 prn=nan nxp=0.000 mph=0.000 bytes=565793 pkts=565793 shard=0
step=0550225 (run 6225/8000) loss=0.00043 byte_ppl=1.000 atoms=19 merges=0 field=8.9038 rms=0.2782 scale=1.0000 fcos=nan ign=0.0000 prn=nan nxp=0.000 mph=0.000 bytes=565793 pkts=565793 shard=0
step=0550250 (run 6250/8000) loss=0.00243 byte_ppl=1.002 atoms=47 merges=0 field=8.9068 rms=0.2783 scale=1.0000 fcos=nan ign=0.0000 prn=nan nxp=0.000 mph=0.000 bytes=565793 pkts=565793 shard=0
step=0550275 (run 6275/8000) loss=4.62123 byte_ppl=101.619 atoms=3 merges=0 field=8.9291 rms=0.2790 scale=1.0000 fcos=nan ign=0.0000 prn=nan nxp=0.000 mph=0.000 bytes=565793 pkts=565793 shard=0
step=0550300 (run 6300/8000) loss=2.43549 byte_ppl=11.421 atoms=31 merges=0 field=8.9287 rms=0.2790 scale=1.0000 fcos=nan ign=0.0000 prn=nan nxp=0.000 mph=0.000 bytes=565793 pkts=565793 shard=0
step=0550325 (run 6325/8000) loss=0.00192 byte_ppl=1.002 atoms=58 merges=0 field=8.9098 rms=0.2784 scale=1.0000 fcos=nan ign=0.0000 prn=nan nxp=0.000 mph=0.000 bytes=565793 pkts=565793 shard=0
step=0550350 (run 6350/8000) loss=4.43133 byte_ppl=84.043 atoms=16 merges=0 field=8.9298 rms=0.2791 scale=1.0000 fcos=nan ign=0.0000 prn=nan nxp=0.000 mph=0.000 bytes=565793 pkts=565793 shard=0
step=0550375 (run 6375/8000) loss=0.22946 byte_ppl=1.258 atoms=43 merges=0 field=8.9237 rms=0.2789 scale=1.0000 fcos=nan ign=0.0000 prn=nan nxp=0.000 mph=0.000 bytes=565793 pkts=565793 shard=0
step=0550400 (run 6400/8000) loss=5.00454 byte_ppl=149.088 atoms=71 merges=0 field=8.9052 rms=0.2783 scale=1.0000 fcos=nan ign=0.0000 prn=nan nxp=0.000 mph=0.000 bytes=565793 pkts=565793 shard=0
step=0550425 (run 6425/8000) loss=0.28511 byte_ppl=1.330 atoms=27 merges=0 field=8.9132 rms=0.2785 scale=1.0000 fcos=nan ign=0.0000 prn=nan nxp=0.000 mph=0.000 bytes=565793 pkts=565793 shard=0
step=0550450 (run 6450/8000) loss=0.00018 byte_ppl=1.000 atoms=55 merges=0 field=8.9055 rms=0.2783 scale=1.0000 fcos=nan ign=0.0000 prn=nan nxp=0.000 mph=0.000 bytes=565793 pkts=565793 shard=0
step=0550475 (run 6475/8000) loss=0.01139 byte_ppl=1.011 atoms=12 merges=0 field=8.8776 rms=0.2774 scale=1.0000 fcos=nan ign=0.0000 prn=nan nxp=0.000 mph=0.000 bytes=565793 pkts=565793 shard=0
step=0550500 (run 6500/8000) loss=0.00103 byte_ppl=1.001 atoms=40 merges=0 field=8.9000 rms=0.2781 scale=1.0000 fcos=nan ign=0.0000 prn=nan nxp=0.000 mph=0.000 bytes=565793 pkts=565793 shard=0
step=0550525 (run 6525/8000) loss=0.00040 byte_ppl=1.000 atoms=67 merges=0 field=8.8954 rms=0.2780 scale=1.0000 fcos=nan ign=0.0000 prn=nan nxp=0.000 mph=0.000 bytes=565793 pkts=565793 shard=0
step=0550550 (run 6550/8000) loss=8.86751 byte_ppl=7097.571 atoms=25 merges=0 field=8.8876 rms=0.2777 scale=1.0000 fcos=nan ign=0.0000 prn=nan nxp=0.000 mph=0.000 bytes=565793 pkts=565793 shard=0
step=0550575 (run 6575/8000) loss=0.00025 byte_ppl=1.000 atoms=52 merges=0 field=8.9081 rms=0.2784 scale=1.0000 fcos=nan ign=0.0000 prn=nan nxp=0.000 mph=0.000 bytes=565793 pkts=565793 shard=0
step=0550600 (run 6600/8000) loss=6.85645 byte_ppl=949.991 atoms=9 merges=0 field=8.9239 rms=0.2789 scale=1.0000 fcos=nan ign=0.0000 prn=nan nxp=0.000 mph=0.000 bytes=565793 pkts=565793 shard=0
step=0550625 (run 6625/8000) loss=0.28213 byte_ppl=1.326 atoms=36 merges=0 field=8.9375 rms=0.2793 scale=1.0000 fcos=nan ign=0.0000 prn=nan nxp=0.000 mph=0.000 bytes=565793 pkts=565793 shard=0
step=0550650 (run 6650/8000) loss=6.11303 byte_ppl=451.707 atoms=64 merges=0 field=8.9104 rms=0.2785 scale=1.0000 fcos=nan ign=0.0000 prn=nan nxp=0.000 mph=0.000 bytes=565793 pkts=565793 shard=0
step=0550675 (run 6675/8000) loss=0.00143 byte_ppl=1.001 atoms=21 merges=0 field=8.9173 rms=0.2787 scale=1.0000 fcos=nan ign=0.0000 prn=nan nxp=0.000 mph=0.000 bytes=565793 pkts=565793 shard=0
step=0550700 (run 6700/8000) loss=6.26568 byte_ppl=526.199 atoms=49 merges=0 field=8.8967 rms=0.2780 scale=1.0000 fcos=nan ign=0.0000 prn=nan nxp=0.000 mph=0.000 bytes=565793 pkts=565793 shard=0
step=0550725 (run 6725/8000) loss=0.00158 byte_ppl=1.002 atoms=5 merges=0 field=8.8900 rms=0.2778 scale=1.0000 fcos=nan ign=0.0000 prn=nan nxp=0.000 mph=0.000 bytes=565793 pkts=565793 shard=0
step=0550750 (run 6750/8000) loss=4.68361 byte_ppl=108.160 atoms=33 merges=0 field=8.9193 rms=0.2787 scale=1.0000 fcos=nan ign=0.0000 prn=nan nxp=0.000 mph=0.000 bytes=565793 pkts=565793 shard=0
step=0550775 (run 6775/8000) loss=0.00015 byte_ppl=1.000 atoms=60 merges=0 field=8.9310 rms=0.2791 scale=1.0000 fcos=nan ign=0.0000 prn=nan nxp=0.000 mph=0.000 bytes=565793 pkts=565793 shard=0
step=0550800 (run 6800/8000) loss=11.30027 byte_ppl=80843.160 atoms=18 merges=0 field=8.9130 rms=0.2785 scale=1.0000 fcos=nan ign=0.0000 prn=nan nxp=0.000 mph=0.000 bytes=565793 pkts=565793 shard=0
step=0550825 (run 6825/8000) loss=0.00391 byte_ppl=1.004 atoms=45 merges=0 field=8.9151 rms=0.2786 scale=1.0000 fcos=nan ign=0.0000 prn=nan nxp=0.000 mph=0.000 bytes=565793 pkts=565793 shard=0
step=0550850 (run 6850/8000) loss=0.00021 byte_ppl=1.000 atoms=3 merges=0 field=8.9192 rms=0.2787 scale=1.0000 fcos=nan ign=0.0000 prn=nan nxp=0.000 mph=0.000 bytes=565793 pkts=565793 shard=0
step=0550875 (run 6875/8000) loss=0.00065 byte_ppl=1.001 atoms=30 merges=0 field=8.9204 rms=0.2788 scale=1.0000 fcos=nan ign=0.0000 prn=nan nxp=0.000 mph=0.000 bytes=565793 pkts=565793 shard=0
step=0550900 (run 6900/8000) loss=8.31816 byte_ppl=4097.602 atoms=58 merges=0 field=8.9229 rms=0.2788 scale=1.0000 fcos=nan ign=0.0000 prn=nan nxp=0.000 mph=0.000 bytes=565793 pkts=565793 shard=0
step=0550925 (run 6925/8000) loss=0.60762 byte_ppl=1.836 atoms=14 merges=0 field=8.9262 rms=0.2789 scale=1.0000 fcos=nan ign=0.0000 prn=nan nxp=0.000 mph=0.000 bytes=565793 pkts=565793 shard=0
step=0550950 (run 6950/8000) loss=7.21485 byte_ppl=1359.475 atoms=42 merges=0 field=8.8902 rms=0.2778 scale=1.0000 fcos=nan ign=0.0000 prn=nan nxp=0.000 mph=0.000 bytes=565793 pkts=565793 shard=0
step=0550975 (run 6975/8000) loss=0.00125 byte_ppl=1.001 atoms=69 merges=0 field=8.8827 rms=0.2776 scale=1.0000 fcos=nan ign=0.0000 prn=nan nxp=0.000 mph=0.000 bytes=565793 pkts=565793 shard=0
step=0551000 (run 7000/8000) loss=11.73716 byte_ppl=125136.652 atoms=27 merges=0 field=8.9298 rms=0.2791 scale=1.0000 fcos=nan ign=0.0000 prn=nan nxp=0.000 mph=0.000 bytes=565793 pkts=565793 shard=0
step=0551025 (run 7025/8000) loss=0.00686 byte_ppl=1.007 atoms=54 merges=0 field=8.9535 rms=0.2798 scale=1.0000 fcos=nan ign=0.0000 prn=nan nxp=0.000 mph=0.000 bytes=565793 pkts=565793 shard=0
step=0551050 (run 7050/8000) loss=0.00207 byte_ppl=1.002 atoms=11 merges=0 field=8.9262 rms=0.2789 scale=1.0000 fcos=nan ign=0.0000 prn=nan nxp=0.000 mph=0.000 bytes=565793 pkts=565793 shard=0
step=0551075 (run 7075/8000) loss=0.00909 byte_ppl=1.009 atoms=38 merges=0 field=8.9274 rms=0.2790 scale=1.0000 fcos=nan ign=0.0000 prn=nan nxp=0.000 mph=0.000 bytes=565793 pkts=565793 shard=0
step=0551100 (run 7100/8000) loss=1.50908 byte_ppl=4.523 atoms=66 merges=0 field=8.9525 rms=0.2798 scale=1.0000 fcos=nan ign=0.0000 prn=nan nxp=0.000 mph=0.000 bytes=565793 pkts=565793 shard=0
step=0551125 (run 7125/8000) loss=0.00096 byte_ppl=1.001 atoms=23 merges=0 field=8.9374 rms=0.2793 scale=1.0000 fcos=nan ign=0.0000 prn=nan nxp=0.000 mph=0.000 bytes=565793 pkts=565793 shard=0
step=0551150 (run 7150/8000) loss=8.03795 byte_ppl=3096.252 atoms=51 merges=0 field=8.9348 rms=0.2792 scale=1.0000 fcos=nan ign=0.0000 prn=nan nxp=0.000 mph=0.000 bytes=565793 pkts=565793 shard=0
step=0551175 (run 7175/8000) loss=0.02022 byte_ppl=1.020 atoms=8 merges=0 field=8.9353 rms=0.2792 scale=1.0000 fcos=nan ign=0.0000 prn=nan nxp=0.000 mph=0.000 bytes=565793 pkts=565793 shard=0
step=0551200 (run 7200/8000) loss=10.24435 byte_ppl=28123.074 atoms=36 merges=0 field=8.9462 rms=0.2796 scale=1.0000 fcos=nan ign=0.0000 prn=nan nxp=0.000 mph=0.000 bytes=565793 pkts=565793 shard=0
step=0551225 (run 7225/8000) loss=6.56381 byte_ppl=708.965 atoms=63 merges=0 field=8.9567 rms=0.2799 scale=1.0000 fcos=nan ign=0.0000 prn=nan nxp=0.000 mph=0.000 bytes=565793 pkts=565793 shard=0
step=0551250 (run 7250/8000) loss=1.39417 byte_ppl=4.032 atoms=20 merges=0 field=8.9454 rms=0.2795 scale=1.0000 fcos=nan ign=0.0000 prn=nan nxp=0.000 mph=0.000 bytes=565793 pkts=565793 shard=0
step=0551275 (run 7275/8000) loss=0.15318 byte_ppl=1.166 atoms=47 merges=0 field=8.9148 rms=0.2786 scale=1.0000 fcos=nan ign=0.0000 prn=nan nxp=0.000 mph=0.000 bytes=565793 pkts=565793 shard=0
step=0551300 (run 7300/8000) loss=5.68875 byte_ppl=295.523 atoms=5 merges=0 field=8.9527 rms=0.2798 scale=1.0000 fcos=nan ign=0.0000 prn=nan nxp=0.000 mph=0.000 bytes=565793 pkts=565793 shard=0
step=0551325 (run 7325/8000) loss=0.00790 byte_ppl=1.008 atoms=32 merges=0 field=8.9496 rms=0.2797 scale=1.0000 fcos=nan ign=0.0000 prn=nan nxp=0.000 mph=0.000 bytes=565793 pkts=565793 shard=0
step=0551350 (run 7350/8000) loss=5.37731 byte_ppl=216.438 atoms=60 merges=0 field=8.9544 rms=0.2798 scale=1.0000 fcos=nan ign=0.0000 prn=nan nxp=0.000 mph=0.000 bytes=565793 pkts=565793 shard=0
step=0551375 (run 7375/8000) loss=0.00531 byte_ppl=1.005 atoms=16 merges=0 field=8.9393 rms=0.2794 scale=1.0000 fcos=nan ign=0.0000 prn=nan nxp=0.000 mph=0.000 bytes=565793 pkts=565793 shard=0
step=0551400 (run 7400/8000) loss=7.36866 byte_ppl=1585.500 atoms=44 merges=0 field=8.9385 rms=0.2793 scale=1.0000 fcos=nan ign=0.0000 prn=nan nxp=0.000 mph=0.000 bytes=565793 pkts=565793 shard=0
step=0551425 (run 7425/8000) loss=0.00434 byte_ppl=1.004 atoms=1 merges=0 field=8.9649 rms=0.2802 scale=1.0000 fcos=nan ign=0.0000 prn=nan nxp=0.000 mph=0.000 bytes=565793 pkts=565793 shard=0
step=0551450 (run 7450/8000) loss=3.88554 byte_ppl=48.693 atoms=29 merges=0 field=8.9314 rms=0.2791 scale=1.0000 fcos=nan ign=0.0000 prn=nan nxp=0.000 mph=0.000 bytes=565793 pkts=565793 shard=0
step=0551475 (run 7475/8000) loss=0.00011 byte_ppl=1.000 atoms=56 merges=0 field=8.9641 rms=0.2801 scale=1.0000 fcos=nan ign=0.0000 prn=nan nxp=0.000 mph=0.000 bytes=565793 pkts=565793 shard=0
step=0551500 (run 7500/8000) loss=2.81063 byte_ppl=16.620 atoms=14 merges=0 field=8.9199 rms=0.2787 scale=1.0000 fcos=nan ign=0.0000 prn=nan nxp=0.000 mph=0.000 bytes=565793 pkts=565793 shard=0
step=0551525 (run 7525/8000) loss=4.40048 byte_ppl=81.490 atoms=41 merges=0 field=8.9469 rms=0.2796 scale=1.0000 fcos=nan ign=0.0000 prn=nan nxp=0.000 mph=0.000 bytes=565793 pkts=565793 shard=0
step=0551550 (run 7550/8000) loss=7.20662 byte_ppl=1348.329 atoms=69 merges=0 field=8.9621 rms=0.2801 scale=1.0000 fcos=nan ign=0.0000 prn=nan nxp=0.000 mph=0.000 bytes=565793 pkts=565793 shard=0
step=0551575 (run 7575/8000) loss=2.99714 byte_ppl=20.028 atoms=25 merges=0 field=8.9424 rms=0.2795 scale=1.0000 fcos=nan ign=0.0000 prn=nan nxp=0.000 mph=0.000 bytes=565793 pkts=565793 shard=0
step=0551600 (run 7600/8000) loss=6.77973 byte_ppl=879.834 atoms=53 merges=0 field=8.9509 rms=0.2797 scale=1.0000 fcos=nan ign=0.0000 prn=nan nxp=0.000 mph=0.000 bytes=565793 pkts=565793 shard=0
step=0551625 (run 7625/8000) loss=1.19790 byte_ppl=3.313 atoms=10 merges=0 field=8.9472 rms=0.2796 scale=1.0000 fcos=nan ign=0.0000 prn=nan nxp=0.000 mph=0.000 bytes=565793 pkts=565793 shard=0
step=0551650 (run 7650/8000) loss=2.08925 byte_ppl=8.079 atoms=38 merges=0 field=8.9270 rms=0.2790 scale=1.0000 fcos=nan ign=0.0000 prn=nan nxp=0.000 mph=0.000 bytes=565793 pkts=565793 shard=0
step=0551675 (run 7675/8000) loss=0.09757 byte_ppl=1.102 atoms=65 merges=0 field=8.9438 rms=0.2795 scale=1.0000 fcos=nan ign=0.0000 prn=nan nxp=0.000 mph=0.000 bytes=565793 pkts=565793 shard=0
step=0551700 (run 7700/8000) loss=0.00024 byte_ppl=1.000 atoms=22 merges=0 field=8.9230 rms=0.2788 scale=1.0000 fcos=nan ign=0.0000 prn=nan nxp=0.000 mph=0.000 bytes=565793 pkts=565793 shard=0
step=0551725 (run 7725/8000) loss=5.32247 byte_ppl=204.889 atoms=49 merges=0 field=8.8814 rms=0.2775 scale=1.0000 fcos=nan ign=0.0000 prn=nan nxp=0.000 mph=0.000 bytes=565793 pkts=565793 shard=0
step=0551750 (run 7750/8000) loss=3.08605 byte_ppl=21.890 atoms=7 merges=0 field=8.8630 rms=0.2770 scale=1.0000 fcos=nan ign=0.0000 prn=nan nxp=0.000 mph=0.000 bytes=565793 pkts=565793 shard=0
step=0551775 (run 7775/8000) loss=0.00569 byte_ppl=1.006 atoms=34 merges=0 field=8.8703 rms=0.2772 scale=1.0000 fcos=nan ign=0.0000 prn=nan nxp=0.000 mph=0.000 bytes=565793 pkts=565793 shard=0
step=0551800 (run 7800/8000) loss=0.17898 byte_ppl=1.196 atoms=62 merges=0 field=8.9117 rms=0.2785 scale=1.0000 fcos=nan ign=0.0000 prn=nan nxp=0.000 mph=0.000 bytes=565793 pkts=565793 shard=0
step=0551825 (run 7825/8000) loss=0.25606 byte_ppl=1.292 atoms=19 merges=0 field=8.8896 rms=0.2778 scale=1.0000 fcos=nan ign=0.0000 prn=nan nxp=0.000 mph=0.000 bytes=565793 pkts=565793 shard=0
step=0551850 (run 7850/8000) loss=24.66944 byte_ppl=51736817435.668 atoms=47 merges=0 field=8.8850 rms=0.2777 scale=1.0000 fcos=nan ign=0.0000 prn=nan nxp=0.000 mph=0.000 bytes=565793 pkts=565793 shard=0
step=0551875 (run 7875/8000) loss=0.00087 byte_ppl=1.001 atoms=3 merges=0 field=8.8915 rms=0.2779 scale=1.0000 fcos=nan ign=0.0000 prn=nan nxp=0.000 mph=0.000 bytes=565793 pkts=565793 shard=0
step=0551900 (run 7900/8000) loss=2.69563 byte_ppl=14.815 atoms=31 merges=0 field=8.8274 rms=0.2759 scale=1.0000 fcos=nan ign=0.0000 prn=nan nxp=0.000 mph=0.000 bytes=565793 pkts=565793 shard=0
step=0551925 (run 7925/8000) loss=3.34615 byte_ppl=28.393 atoms=58 merges=0 field=8.7988 rms=0.2750 scale=1.0000 fcos=nan ign=0.0000 prn=nan nxp=0.000 mph=0.000 bytes=565793 pkts=565793 shard=0
step=0551950 (run 7950/8000) loss=9.43955 byte_ppl=12576.061 atoms=16 merges=0 field=8.8043 rms=0.2751 scale=1.0000 fcos=nan ign=0.0000 prn=nan nxp=0.000 mph=0.000 bytes=565793 pkts=565793 shard=0
step=0551975 (run 7975/8000) loss=0.11190 byte_ppl=1.118 atoms=43 merges=0 field=8.8141 rms=0.2754 scale=1.0000 fcos=nan ign=0.0000 prn=nan nxp=0.000 mph=0.000 bytes=565793 pkts=565793 shard=0
step=0552000 (run 8000/8000) loss=4.24026 byte_ppl=69.426 atoms=71 merges=0 field=8.8093 rms=0.2753 scale=1.0000 fcos=nan ign=0.0000 prn=nan nxp=0.000 mph=0.000 bytes=565793 pkts=565793 shard=0
{
  "stream": true,
  "data_path": "data/corpus_fr_medium_s21.txt",
  "data_glob": null,
  "shard_paths": [
    "/home/user/atom-ai/data/corpus_fr_medium_s21.txt"
  ],
  "data_bytes": 500257,
  "data_characters": null,
  "atomizer_version": "atomizer-v1-byte-span",
  "feature_dim": 320,
  "packet_count": null,
  "train_packet_count": null,
  "validation_packet_count": 2048,
  "mean_packet_bytes": null,
  "max_packet_bytes": null,
  "min_packet_bytes": null,
  "bytes_seen": 565793,
  "config": {
    "d_model": 32,
    "n_modes": 32,
    "n_atoms_max": 64,
    "max_span_bytes": 1,
    "episode_length": 8000,
    "episode_reset": true,
    "atom_flush_every": 64,
    "learning_rate": 5e-05,
    "surface_learning_rate": 0.00012,
    "steps": 8000,
    "start_step": 544000,
    "seed": 20260913,
    "surface_alphabet": 256,
    "field_max_rms": 3.0,
    "energy_decay_bounds": [
      0.3,
      0.95
    ],
    "stream": true,
    "chunk_bytes": 65536,
    "loop_shards": true,
    "stream_buffer": 2048,
    "stream_prefetch": true,
    "stream_skip_packets": 544000,
    "last_atom_readout": true,
    "efference_every": 10,
    "enable_merge": false,
    "payload_copy": false,
    "merge_coherence_threshold": 0.45,
    "merge_energy_floor": 0.08,
    "field_loss_weight": 0.05,
    "field_contrast_weight": 0.0,
    "field_ignorance_weight": 0.08,
    "field_ignorance_ablate_shared": false,
    "field_ignorance_prompt_bank": false,
    "field_obligatory_readout": true,
    "field_obligatory_hard": true,
    "printable_aux_weight": 0.0,
    "field_next_packet_weight": 0.0,
    "slow_every": 1
  },
  "packets_seen": 565793,
  "stream_epoch": 1,
  "train": {
    "steps": 8000,
    "efference_every": 10,
    "efference_steps": 800,
    "start_step": 544000,
    "total_steps": 552000,
    "episode_length": 8000,
    "episode_reset": true,
    "atom_flush_every": 64,
    "elapsed_seconds": 127.3339644989992,
    "transitions_per_second": 62.82691371054325,
    "first_loss": 0.09618546813726425,
    "final_loss": 4.240257740020752,
    "final_total_perplexity": 69.4257433255055,
    "finite_losses": true,
    "finite_parameters": true,
    "nan_or_inf": false,
    "field_rms_before_max": 0.2805298864841461,
    "field_rms_after_max": 0.2805298864841461,
    "field_scale_min": 1.0,
    "field_norm_max": 8.976898193359375,
    "field_limited_steps": 0,
    "field_limited_fraction": 0.0,
    "final_dynamics": {
      "coupling_scale": 1.1335439682006836,
      "energy_decay": 0.3001353144645691,
      "phase_sync": 0.25672656297683716,
      "energy_decay_before": 0.3001353144645691,
      "energy_decay_repaired": false,
      "energy_decay_bounds": [
        0.3,
        0.95
      ]
    },
    "final_atoms_before_validation": 58,
    "stream": true,
    "bytes_seen": 565793
  },
  "validation": {
    "transitions": 256,
    "loss": 1.1169344139255202,
    "total_perplexity": 3.0554730156930003,
    "byte_loss": 1.1169344139255202,
    "byte_perplexity": 3.0554730156930003,
    "source": "stream_ring"
  },
  "checkpoint": "checkpoints/byte_tick/atom_native_step_552000_d32.pt",
  "reload": {
    "n_atoms": 0,
    "field_norm": 8.809322357177734,
    "time": 88.0003890991211,
    "finite": true
  },
  "generation": {
    "The future of AI is": {
      "temperature": 0.8,
      "top_k": 5,
      "max_length": 20,
      "bytes_hex": "506575742dc3aa74",
      "text": "Peut-\u00eat",
      "reload_text": "Peut-\u00eat",
      "reload_match": true
    },
    "Bonjour, je m'appelle": {
      "temperature": 0.8,
      "top_k": 5,
      "max_length": 20,
      "bytes_hex": "5065757820717527",
      "text": "Peux qu'",
      "reload_text": "Peux qu'",
      "reload_match": true
    },
    "Valkyria Chronicles III is": {
      "temperature": 0.8,
      "top_k": 5,
      "max_length": 20,
      "bytes_hex": "5065757820717527",
      "text": "Peux qu'",
      "reload_text": "Peux qu'",
      "reload_match": true
    }
  }
}
