train lock acquired: /home/user/atom-ai/checkpoints/atom-ai-train.lock (pid=2197)
stream skip: advancing 520000 packet transitions...
stream skip done: packets_seen=565793
resumed weights from checkpoints/byte_tick/atom_native_step_520000_d32.pt (recorded step=520000, legacy_surface_migrated=False, span_head_migrated=False)
atomizer pack_mode=linguistic max_span_bytes=1
dynamics on load: energy_decay=0.30158185958862305 -> 0.30158185958862305 (repaired=False, bounds=(0.3, 0.95))
MERGE gates: enable=False coherence_thr=0.450 energy_floor=0.080
field_obligatory_hard=ON hard-v2+ (mix_floor=1.0, freeze bypass, logits=frozen+cap*(α_MLP+payload_prod))
payload_copy=False (train-time copy-bias branch)
last_atom_readout=True (byte-tick 2-gram + dentate)
efference_every=10 (0=off)
optimizer groups: field/other lr=5e-05 (13 tensors), surface lr=0.00012 (25 tensors); energy_decay_bounds=(0.3, 0.95); field_max_rms=3.0
stream mode: 1 shard(s), chunk_bytes=65536, loop_shards=True, stream_buffer=2048, stream_prefetch=True
optimizer restore skipped: surface LR param groups differ from checkpoint
step=0520001 (run 1/8000) loss=0.21234 byte_ppl=1.237 atoms=1 merges=0 field=0.0449 rms=0.0017 scale=1.0000 fcos=nan ign=0.0000 prn=nan nxp=0.000 mph=0.000 bytes=565793 pkts=565793 shard=0
step=0520025 (run 25/8000) loss=1.86239 byte_ppl=6.439 atoms=27 merges=0 field=0.6092 rms=0.0191 scale=1.0000 fcos=nan ign=0.0000 prn=nan nxp=0.000 mph=0.000 bytes=565793 pkts=565793 shard=0
step=0520050 (run 50/8000) loss=0.03168 byte_ppl=1.032 atoms=55 merges=0 field=1.0401 rms=0.0325 scale=1.0000 fcos=nan ign=0.0000 prn=nan nxp=0.000 mph=0.000 bytes=565793 pkts=565793 shard=0
step=0520075 (run 75/8000) loss=7.85424 byte_ppl=2576.635 atoms=12 merges=0 field=1.4468 rms=0.0452 scale=1.0000 fcos=nan ign=0.0000 prn=nan nxp=0.000 mph=0.000 bytes=565793 pkts=565793 shard=0
step=0520100 (run 100/8000) loss=15.22316 byte_ppl=4086326.381 atoms=40 merges=0 field=1.7386 rms=0.0543 scale=1.0000 fcos=nan ign=0.0000 prn=nan nxp=0.000 mph=0.000 bytes=565793 pkts=565793 shard=0
step=0520125 (run 125/8000) loss=0.04888 byte_ppl=1.050 atoms=67 merges=0 field=1.9580 rms=0.0612 scale=1.0000 fcos=nan ign=0.0000 prn=nan nxp=0.000 mph=0.000 bytes=565793 pkts=565793 shard=0
step=0520150 (run 150/8000) loss=6.46638 byte_ppl=643.152 atoms=25 merges=0 field=2.1739 rms=0.0679 scale=1.0000 fcos=nan ign=0.0000 prn=nan nxp=0.000 mph=0.000 bytes=565793 pkts=565793 shard=0
step=0520175 (run 175/8000) loss=1.00752 byte_ppl=2.739 atoms=52 merges=0 field=2.3937 rms=0.0748 scale=1.0000 fcos=nan ign=0.0000 prn=nan nxp=0.000 mph=0.000 bytes=565793 pkts=565793 shard=0
step=0520200 (run 200/8000) loss=5.25983 byte_ppl=192.449 atoms=9 merges=0 field=2.6619 rms=0.0832 scale=1.0000 fcos=nan ign=0.0000 prn=nan nxp=0.000 mph=0.000 bytes=565793 pkts=565793 shard=0
step=0520225 (run 225/8000) loss=0.00682 byte_ppl=1.007 atoms=36 merges=0 field=2.8216 rms=0.0882 scale=1.0000 fcos=nan ign=0.0000 prn=nan nxp=0.000 mph=0.000 bytes=565793 pkts=565793 shard=0
step=0520250 (run 250/8000) loss=11.79009 byte_ppl=131938.544 atoms=64 merges=0 field=3.0336 rms=0.0948 scale=1.0000 fcos=nan ign=0.0000 prn=nan nxp=0.000 mph=0.000 bytes=565793 pkts=565793 shard=0
step=0520275 (run 275/8000) loss=2.37978 byte_ppl=10.802 atoms=21 merges=0 field=3.2204 rms=0.1006 scale=1.0000 fcos=nan ign=0.0000 prn=nan nxp=0.000 mph=0.000 bytes=565793 pkts=565793 shard=0
step=0520300 (run 300/8000) loss=7.63336 byte_ppl=2065.981 atoms=49 merges=0 field=3.4135 rms=0.1067 scale=1.0000 fcos=nan ign=0.0000 prn=nan nxp=0.000 mph=0.000 bytes=565793 pkts=565793 shard=0
step=0520325 (run 325/8000) loss=2.27545 byte_ppl=9.732 atoms=5 merges=0 field=3.5722 rms=0.1116 scale=1.0000 fcos=nan ign=0.0000 prn=nan nxp=0.000 mph=0.000 bytes=565793 pkts=565793 shard=0
step=0520350 (run 350/8000) loss=0.02611 byte_ppl=1.026 atoms=33 merges=0 field=3.7510 rms=0.1172 scale=1.0000 fcos=nan ign=0.0000 prn=nan nxp=0.000 mph=0.000 bytes=565793 pkts=565793 shard=0
step=0520375 (run 375/8000) loss=2.51585 byte_ppl=12.377 atoms=60 merges=0 field=3.9282 rms=0.1228 scale=1.0000 fcos=nan ign=0.0000 prn=nan nxp=0.000 mph=0.000 bytes=565793 pkts=565793 shard=0
step=0520400 (run 400/8000) loss=0.03826 byte_ppl=1.039 atoms=18 merges=0 field=4.0835 rms=0.1276 scale=1.0000 fcos=nan ign=0.0000 prn=nan nxp=0.000 mph=0.000 bytes=565793 pkts=565793 shard=0
step=0520425 (run 425/8000) loss=0.17859 byte_ppl=1.196 atoms=45 merges=0 field=4.2468 rms=0.1327 scale=1.0000 fcos=nan ign=0.0000 prn=nan nxp=0.000 mph=0.000 bytes=565793 pkts=565793 shard=0
step=0520450 (run 450/8000) loss=4.80552 byte_ppl=122.183 atoms=3 merges=0 field=4.3596 rms=0.1362 scale=1.0000 fcos=nan ign=0.0000 prn=nan nxp=0.000 mph=0.000 bytes=565793 pkts=565793 shard=0
step=0520475 (run 475/8000) loss=0.01082 byte_ppl=1.011 atoms=30 merges=0 field=4.4618 rms=0.1394 scale=1.0000 fcos=nan ign=0.0000 prn=nan nxp=0.000 mph=0.000 bytes=565793 pkts=565793 shard=0
step=0520500 (run 500/8000) loss=0.00272 byte_ppl=1.003 atoms=58 merges=0 field=4.6250 rms=0.1445 scale=1.0000 fcos=nan ign=0.0000 prn=nan nxp=0.000 mph=0.000 bytes=565793 pkts=565793 shard=0
step=0520525 (run 525/8000) loss=2.19808 byte_ppl=9.008 atoms=14 merges=0 field=4.7470 rms=0.1483 scale=1.0000 fcos=nan ign=0.0000 prn=nan nxp=0.000 mph=0.000 bytes=565793 pkts=565793 shard=0
step=0520550 (run 550/8000) loss=4.29225 byte_ppl=73.130 atoms=42 merges=0 field=4.8950 rms=0.1530 scale=1.0000 fcos=nan ign=0.0000 prn=nan nxp=0.000 mph=0.000 bytes=565793 pkts=565793 shard=0
step=0520575 (run 575/8000) loss=5.74335 byte_ppl=312.109 atoms=69 merges=0 field=5.0398 rms=0.1575 scale=1.0000 fcos=nan ign=0.0000 prn=nan nxp=0.000 mph=0.000 bytes=565793 pkts=565793 shard=0
step=0520600 (run 600/8000) loss=7.86612 byte_ppl=2607.436 atoms=27 merges=0 field=5.1681 rms=0.1615 scale=1.0000 fcos=nan ign=0.0000 prn=nan nxp=0.000 mph=0.000 bytes=565793 pkts=565793 shard=0
step=0520625 (run 625/8000) loss=0.00050 byte_ppl=1.000 atoms=54 merges=0 field=5.2875 rms=0.1652 scale=1.0000 fcos=nan ign=0.0000 prn=nan nxp=0.000 mph=0.000 bytes=565793 pkts=565793 shard=0
step=0520650 (run 650/8000) loss=6.50465 byte_ppl=668.245 atoms=11 merges=0 field=5.4303 rms=0.1697 scale=1.0000 fcos=nan ign=0.0000 prn=nan nxp=0.000 mph=0.000 bytes=565793 pkts=565793 shard=0
step=0520675 (run 675/8000) loss=2.04925 byte_ppl=7.762 atoms=38 merges=0 field=5.4992 rms=0.1719 scale=1.0000 fcos=nan ign=0.0000 prn=nan nxp=0.000 mph=0.000 bytes=565793 pkts=565793 shard=0
step=0520700 (run 700/8000) loss=4.80978 byte_ppl=122.705 atoms=66 merges=0 field=5.5627 rms=0.1738 scale=1.0000 fcos=nan ign=0.0000 prn=nan nxp=0.000 mph=0.000 bytes=565793 pkts=565793 shard=0
step=0520725 (run 725/8000) loss=0.00160 byte_ppl=1.002 atoms=23 merges=0 field=5.6602 rms=0.1769 scale=1.0000 fcos=nan ign=0.0000 prn=nan nxp=0.000 mph=0.000 bytes=565793 pkts=565793 shard=0
step=0520750 (run 750/8000) loss=6.71312 byte_ppl=823.138 atoms=51 merges=0 field=5.7132 rms=0.1785 scale=1.0000 fcos=nan ign=0.0000 prn=nan nxp=0.000 mph=0.000 bytes=565793 pkts=565793 shard=0
step=0520775 (run 775/8000) loss=0.00124 byte_ppl=1.001 atoms=8 merges=0 field=5.8494 rms=0.1828 scale=1.0000 fcos=nan ign=0.0000 prn=nan nxp=0.000 mph=0.000 bytes=565793 pkts=565793 shard=0
step=0520800 (run 800/8000) loss=5.44631 byte_ppl=231.902 atoms=36 merges=0 field=5.9321 rms=0.1854 scale=1.0000 fcos=nan ign=0.0000 prn=nan nxp=0.000 mph=0.000 bytes=565793 pkts=565793 shard=0
step=0520825 (run 825/8000) loss=0.18020 byte_ppl=1.197 atoms=63 merges=0 field=6.0134 rms=0.1879 scale=1.0000 fcos=nan ign=0.0000 prn=nan nxp=0.000 mph=0.000 bytes=565793 pkts=565793 shard=0
step=0520850 (run 850/8000) loss=0.04812 byte_ppl=1.049 atoms=20 merges=0 field=6.1019 rms=0.1907 scale=1.0000 fcos=nan ign=0.0000 prn=nan nxp=0.000 mph=0.000 bytes=565793 pkts=565793 shard=0
step=0520875 (run 875/8000) loss=0.00461 byte_ppl=1.005 atoms=47 merges=0 field=6.2238 rms=0.1945 scale=1.0000 fcos=nan ign=0.0000 prn=nan nxp=0.000 mph=0.000 bytes=565793 pkts=565793 shard=0
step=0520900 (run 900/8000) loss=13.13541 byte_ppl=506566.690 atoms=5 merges=0 field=6.2594 rms=0.1956 scale=1.0000 fcos=nan ign=0.0000 prn=nan nxp=0.000 mph=0.000 bytes=565793 pkts=565793 shard=0
step=0520925 (run 925/8000) loss=0.00082 byte_ppl=1.001 atoms=32 merges=0 field=6.2914 rms=0.1966 scale=1.0000 fcos=nan ign=0.0000 prn=nan nxp=0.000 mph=0.000 bytes=565793 pkts=565793 shard=0
step=0520950 (run 950/8000) loss=3.73825 byte_ppl=42.024 atoms=60 merges=0 field=6.3773 rms=0.1993 scale=1.0000 fcos=nan ign=0.0000 prn=nan nxp=0.000 mph=0.000 bytes=565793 pkts=565793 shard=0
step=0520975 (run 975/8000) loss=0.28590 byte_ppl=1.331 atoms=16 merges=0 field=6.4242 rms=0.2008 scale=1.0000 fcos=nan ign=0.0000 prn=nan nxp=0.000 mph=0.000 bytes=565793 pkts=565793 shard=0
step=0521000 (run 1000/8000) loss=0.84758 byte_ppl=2.334 atoms=44 merges=0 field=6.4650 rms=0.2020 scale=1.0000 fcos=nan ign=0.0000 prn=nan nxp=0.000 mph=0.000 bytes=565793 pkts=565793 shard=0
step=0521025 (run 1025/8000) loss=4.05848 byte_ppl=57.886 atoms=1 merges=0 field=6.5287 rms=0.2040 scale=1.0000 fcos=nan ign=0.0000 prn=nan nxp=0.000 mph=0.000 bytes=565793 pkts=565793 shard=0
step=0521050 (run 1050/8000) loss=4.36787 byte_ppl=78.875 atoms=29 merges=0 field=6.6123 rms=0.2066 scale=1.0000 fcos=nan ign=0.0000 prn=nan nxp=0.000 mph=0.000 bytes=565793 pkts=565793 shard=0
step=0521075 (run 1075/8000) loss=0.00047 byte_ppl=1.000 atoms=56 merges=0 field=6.6626 rms=0.2082 scale=1.0000 fcos=nan ign=0.0000 prn=nan nxp=0.000 mph=0.000 bytes=565793 pkts=565793 shard=0
step=0521100 (run 1100/8000) loss=7.67815 byte_ppl=2160.611 atoms=14 merges=0 field=6.7697 rms=0.2116 scale=1.0000 fcos=nan ign=0.0000 prn=nan nxp=0.000 mph=0.000 bytes=565793 pkts=565793 shard=0
step=0521125 (run 1125/8000) loss=0.02220 byte_ppl=1.022 atoms=41 merges=0 field=6.8175 rms=0.2130 scale=1.0000 fcos=nan ign=0.0000 prn=nan nxp=0.000 mph=0.000 bytes=565793 pkts=565793 shard=0
step=0521150 (run 1150/8000) loss=4.39409 byte_ppl=80.971 atoms=69 merges=0 field=6.8554 rms=0.2142 scale=1.0000 fcos=nan ign=0.0000 prn=nan nxp=0.000 mph=0.000 bytes=565793 pkts=565793 shard=0
step=0521175 (run 1175/8000) loss=0.00078 byte_ppl=1.001 atoms=25 merges=0 field=6.9396 rms=0.2169 scale=1.0000 fcos=nan ign=0.0000 prn=nan nxp=0.000 mph=0.000 bytes=565793 pkts=565793 shard=0
step=0521200 (run 1200/8000) loss=4.94625 byte_ppl=140.647 atoms=53 merges=0 field=6.9710 rms=0.2178 scale=1.0000 fcos=nan ign=0.0000 prn=nan nxp=0.000 mph=0.000 bytes=565793 pkts=565793 shard=0
step=0521225 (run 1225/8000) loss=1.44687 byte_ppl=4.250 atoms=10 merges=0 field=7.0491 rms=0.2203 scale=1.0000 fcos=nan ign=0.0000 prn=nan nxp=0.000 mph=0.000 bytes=565793 pkts=565793 shard=0
step=0521250 (run 1250/8000) loss=0.00267 byte_ppl=1.003 atoms=38 merges=0 field=7.0837 rms=0.2214 scale=1.0000 fcos=nan ign=0.0000 prn=nan nxp=0.000 mph=0.000 bytes=565793 pkts=565793 shard=0
step=0521275 (run 1275/8000) loss=0.00022 byte_ppl=1.000 atoms=65 merges=0 field=7.1028 rms=0.2220 scale=1.0000 fcos=nan ign=0.0000 prn=nan nxp=0.000 mph=0.000 bytes=565793 pkts=565793 shard=0
step=0521300 (run 1300/8000) loss=0.07452 byte_ppl=1.077 atoms=22 merges=0 field=7.1217 rms=0.2226 scale=1.0000 fcos=nan ign=0.0000 prn=nan nxp=0.000 mph=0.000 bytes=565793 pkts=565793 shard=0
step=0521325 (run 1325/8000) loss=0.01191 byte_ppl=1.012 atoms=49 merges=0 field=7.1979 rms=0.2249 scale=1.0000 fcos=nan ign=0.0000 prn=nan nxp=0.000 mph=0.000 bytes=565793 pkts=565793 shard=0
step=0521350 (run 1350/8000) loss=0.00450 byte_ppl=1.005 atoms=7 merges=0 field=7.2446 rms=0.2264 scale=1.0000 fcos=nan ign=0.0000 prn=nan nxp=0.000 mph=0.000 bytes=565793 pkts=565793 shard=0
step=0521375 (run 1375/8000) loss=0.03911 byte_ppl=1.040 atoms=34 merges=0 field=7.2691 rms=0.2272 scale=1.0000 fcos=nan ign=0.0000 prn=nan nxp=0.000 mph=0.000 bytes=565793 pkts=565793 shard=0
step=0521400 (run 1400/8000) loss=6.48447 byte_ppl=654.889 atoms=62 merges=0 field=7.3254 rms=0.2289 scale=1.0000 fcos=nan ign=0.0000 prn=nan nxp=0.000 mph=0.000 bytes=565793 pkts=565793 shard=0
step=0521425 (run 1425/8000) loss=0.02070 byte_ppl=1.021 atoms=19 merges=0 field=7.3605 rms=0.2300 scale=1.0000 fcos=nan ign=0.0000 prn=nan nxp=0.000 mph=0.000 bytes=565793 pkts=565793 shard=0
step=0521450 (run 1450/8000) loss=0.00026 byte_ppl=1.000 atoms=47 merges=0 field=7.3719 rms=0.2304 scale=1.0000 fcos=nan ign=0.0000 prn=nan nxp=0.000 mph=0.000 bytes=565793 pkts=565793 shard=0
step=0521475 (run 1475/8000) loss=0.00275 byte_ppl=1.003 atoms=3 merges=0 field=7.3980 rms=0.2312 scale=1.0000 fcos=nan ign=0.0000 prn=nan nxp=0.000 mph=0.000 bytes=565793 pkts=565793 shard=0
step=0521500 (run 1500/8000) loss=9.81182 byte_ppl=18248.152 atoms=31 merges=0 field=7.4106 rms=0.2316 scale=1.0000 fcos=nan ign=0.0000 prn=nan nxp=0.000 mph=0.000 bytes=565793 pkts=565793 shard=0
step=0521525 (run 1525/8000) loss=0.00153 byte_ppl=1.002 atoms=58 merges=0 field=7.4463 rms=0.2327 scale=1.0000 fcos=nan ign=0.0000 prn=nan nxp=0.000 mph=0.000 bytes=565793 pkts=565793 shard=0
step=0521550 (run 1550/8000) loss=6.42181 byte_ppl=615.118 atoms=16 merges=0 field=7.4735 rms=0.2335 scale=1.0000 fcos=nan ign=0.0000 prn=nan nxp=0.000 mph=0.000 bytes=565793 pkts=565793 shard=0
step=0521575 (run 1575/8000) loss=2.06819 byte_ppl=7.911 atoms=43 merges=0 field=7.4500 rms=0.2328 scale=1.0000 fcos=nan ign=0.0000 prn=nan nxp=0.000 mph=0.000 bytes=565793 pkts=565793 shard=0
step=0521600 (run 1600/8000) loss=5.31619 byte_ppl=203.607 atoms=71 merges=0 field=7.4982 rms=0.2343 scale=1.0000 fcos=nan ign=0.0000 prn=nan nxp=0.000 mph=0.000 bytes=565793 pkts=565793 shard=0
step=0521625 (run 1625/8000) loss=8.34138 byte_ppl=4193.894 atoms=27 merges=0 field=7.5194 rms=0.2350 scale=1.0000 fcos=nan ign=0.0000 prn=nan nxp=0.000 mph=0.000 bytes=565793 pkts=565793 shard=0
step=0521650 (run 1650/8000) loss=19.37652 byte_ppl=260085781.707 atoms=55 merges=0 field=7.5285 rms=0.2353 scale=1.0000 fcos=nan ign=0.0000 prn=nan nxp=0.000 mph=0.000 bytes=565793 pkts=565793 shard=0
step=0521675 (run 1675/8000) loss=0.08048 byte_ppl=1.084 atoms=12 merges=0 field=7.5673 rms=0.2365 scale=1.0000 fcos=nan ign=0.0000 prn=nan nxp=0.000 mph=0.000 bytes=565793 pkts=565793 shard=0
step=0521700 (run 1700/8000) loss=2.42073 byte_ppl=11.254 atoms=40 merges=0 field=7.5943 rms=0.2373 scale=1.0000 fcos=nan ign=0.0000 prn=nan nxp=0.000 mph=0.000 bytes=565793 pkts=565793 shard=0
step=0521725 (run 1725/8000) loss=0.00182 byte_ppl=1.002 atoms=67 merges=0 field=7.5821 rms=0.2369 scale=1.0000 fcos=nan ign=0.0000 prn=nan nxp=0.000 mph=0.000 bytes=565793 pkts=565793 shard=0
step=0521750 (run 1750/8000) loss=0.01432 byte_ppl=1.014 atoms=25 merges=0 field=7.5647 rms=0.2364 scale=1.0000 fcos=nan ign=0.0000 prn=nan nxp=0.000 mph=0.000 bytes=565793 pkts=565793 shard=0
step=0521775 (run 1775/8000) loss=0.00030 byte_ppl=1.000 atoms=52 merges=0 field=7.5653 rms=0.2364 scale=1.0000 fcos=nan ign=0.0000 prn=nan nxp=0.000 mph=0.000 bytes=565793 pkts=565793 shard=0
step=0521800 (run 1800/8000) loss=7.76011 byte_ppl=2345.171 atoms=9 merges=0 field=7.6008 rms=0.2375 scale=1.0000 fcos=nan ign=0.0000 prn=nan nxp=0.000 mph=0.000 bytes=565793 pkts=565793 shard=0
step=0521825 (run 1825/8000) loss=0.00146 byte_ppl=1.001 atoms=36 merges=0 field=7.6307 rms=0.2385 scale=1.0000 fcos=nan ign=0.0000 prn=nan nxp=0.000 mph=0.000 bytes=565793 pkts=565793 shard=0
step=0521850 (run 1850/8000) loss=0.00260 byte_ppl=1.003 atoms=64 merges=0 field=7.6230 rms=0.2382 scale=1.0000 fcos=nan ign=0.0000 prn=nan nxp=0.000 mph=0.000 bytes=565793 pkts=565793 shard=0
step=0521875 (run 1875/8000) loss=3.84112 byte_ppl=46.578 atoms=21 merges=0 field=7.6353 rms=0.2386 scale=1.0000 fcos=nan ign=0.0000 prn=nan nxp=0.000 mph=0.000 bytes=565793 pkts=565793 shard=0
step=0521900 (run 1900/8000) loss=7.38070 byte_ppl=1604.719 atoms=49 merges=0 field=7.6464 rms=0.2390 scale=1.0000 fcos=nan ign=0.0000 prn=nan nxp=0.000 mph=0.000 bytes=565793 pkts=565793 shard=0
step=0521925 (run 1925/8000) loss=0.00053 byte_ppl=1.001 atoms=5 merges=0 field=7.6767 rms=0.2399 scale=1.0000 fcos=nan ign=0.0000 prn=nan nxp=0.000 mph=0.000 bytes=565793 pkts=565793 shard=0
step=0521950 (run 1950/8000) loss=0.11797 byte_ppl=1.125 atoms=33 merges=0 field=7.6861 rms=0.2402 scale=1.0000 fcos=nan ign=0.0000 prn=nan nxp=0.000 mph=0.000 bytes=565793 pkts=565793 shard=0
step=0521975 (run 1975/8000) loss=0.02788 byte_ppl=1.028 atoms=60 merges=0 field=7.6440 rms=0.2389 scale=1.0000 fcos=nan ign=0.0000 prn=nan nxp=0.000 mph=0.000 bytes=565793 pkts=565793 shard=0
step=0522000 (run 2000/8000) loss=2.37076 byte_ppl=10.706 atoms=18 merges=0 field=7.6821 rms=0.2401 scale=1.0000 fcos=nan ign=0.0000 prn=nan nxp=0.000 mph=0.000 bytes=565793 pkts=565793 shard=0
step=0522025 (run 2025/8000) loss=1.36524 byte_ppl=3.917 atoms=45 merges=0 field=7.6709 rms=0.2397 scale=1.0000 fcos=nan ign=0.0000 prn=nan nxp=0.000 mph=0.000 bytes=565793 pkts=565793 shard=0
step=0522050 (run 2050/8000) loss=0.12373 byte_ppl=1.132 atoms=3 merges=0 field=7.6933 rms=0.2404 scale=1.0000 fcos=nan ign=0.0000 prn=nan nxp=0.000 mph=0.000 bytes=565793 pkts=565793 shard=0
step=0522075 (run 2075/8000) loss=0.00493 byte_ppl=1.005 atoms=30 merges=0 field=7.7073 rms=0.2409 scale=1.0000 fcos=nan ign=0.0000 prn=nan nxp=0.000 mph=0.000 bytes=565793 pkts=565793 shard=0
step=0522100 (run 2100/8000) loss=9.17466 byte_ppl=9649.530 atoms=58 merges=0 field=7.7350 rms=0.2417 scale=1.0000 fcos=nan ign=0.0000 prn=nan nxp=0.000 mph=0.000 bytes=565793 pkts=565793 shard=0
step=0522125 (run 2125/8000) loss=1.59360 byte_ppl=4.921 atoms=14 merges=0 field=7.7450 rms=0.2420 scale=1.0000 fcos=nan ign=0.0000 prn=nan nxp=0.000 mph=0.000 bytes=565793 pkts=565793 shard=0
step=0522150 (run 2150/8000) loss=0.54284 byte_ppl=1.721 atoms=42 merges=0 field=7.7218 rms=0.2413 scale=1.0000 fcos=nan ign=0.0000 prn=nan nxp=0.000 mph=0.000 bytes=565793 pkts=565793 shard=0
step=0522175 (run 2175/8000) loss=0.04595 byte_ppl=1.047 atoms=69 merges=0 field=7.7321 rms=0.2416 scale=1.0000 fcos=nan ign=0.0000 prn=nan nxp=0.000 mph=0.000 bytes=565793 pkts=565793 shard=0
step=0522200 (run 2200/8000) loss=4.89667 byte_ppl=133.844 atoms=27 merges=0 field=7.7456 rms=0.2421 scale=1.0000 fcos=nan ign=0.0000 prn=nan nxp=0.000 mph=0.000 bytes=565793 pkts=565793 shard=0
step=0522225 (run 2225/8000) loss=0.00089 byte_ppl=1.001 atoms=54 merges=0 field=7.7404 rms=0.2419 scale=1.0000 fcos=nan ign=0.0000 prn=nan nxp=0.000 mph=0.000 bytes=565793 pkts=565793 shard=0
step=0522250 (run 2250/8000) loss=0.61788 byte_ppl=1.855 atoms=11 merges=0 field=7.7502 rms=0.2422 scale=1.0000 fcos=nan ign=0.0000 prn=nan nxp=0.000 mph=0.000 bytes=565793 pkts=565793 shard=0
step=0522275 (run 2275/8000) loss=4.32024 byte_ppl=75.207 atoms=38 merges=0 field=7.7264 rms=0.2415 scale=1.0000 fcos=nan ign=0.0000 prn=nan nxp=0.000 mph=0.000 bytes=565793 pkts=565793 shard=0
step=0522300 (run 2300/8000) loss=0.00006 byte_ppl=1.000 atoms=66 merges=0 field=7.7542 rms=0.2423 scale=1.0000 fcos=nan ign=0.0000 prn=nan nxp=0.000 mph=0.000 bytes=565793 pkts=565793 shard=0
step=0522325 (run 2325/8000) loss=0.22169 byte_ppl=1.248 atoms=23 merges=0 field=7.7506 rms=0.2422 scale=1.0000 fcos=nan ign=0.0000 prn=nan nxp=0.000 mph=0.000 bytes=565793 pkts=565793 shard=0
step=0522350 (run 2350/8000) loss=3.46730 byte_ppl=32.050 atoms=51 merges=0 field=7.7473 rms=0.2421 scale=1.0000 fcos=nan ign=0.0000 prn=nan nxp=0.000 mph=0.000 bytes=565793 pkts=565793 shard=0
step=0522375 (run 2375/8000) loss=3.57270 byte_ppl=35.613 atoms=8 merges=0 field=7.7691 rms=0.2428 scale=1.0000 fcos=nan ign=0.0000 prn=nan nxp=0.000 mph=0.000 bytes=565793 pkts=565793 shard=0
step=0522400 (run 2400/8000) loss=0.02845 byte_ppl=1.029 atoms=36 merges=0 field=7.8296 rms=0.2447 scale=1.0000 fcos=nan ign=0.0000 prn=nan nxp=0.000 mph=0.000 bytes=565793 pkts=565793 shard=0
step=0522425 (run 2425/8000) loss=6.23630 byte_ppl=510.965 atoms=63 merges=0 field=7.8330 rms=0.2448 scale=1.0000 fcos=nan ign=0.0000 prn=nan nxp=0.000 mph=0.000 bytes=565793 pkts=565793 shard=0
step=0522450 (run 2450/8000) loss=21.33784 byte_ppl=1848871026.734 atoms=20 merges=0 field=7.8371 rms=0.2449 scale=1.0000 fcos=nan ign=0.0000 prn=nan nxp=0.000 mph=0.000 bytes=565793 pkts=565793 shard=0
step=0522475 (run 2475/8000) loss=0.00067 byte_ppl=1.001 atoms=47 merges=0 field=7.8468 rms=0.2452 scale=1.0000 fcos=nan ign=0.0000 prn=nan nxp=0.000 mph=0.000 bytes=565793 pkts=565793 shard=0
step=0522500 (run 2500/8000) loss=0.02341 byte_ppl=1.024 atoms=5 merges=0 field=7.8026 rms=0.2438 scale=1.0000 fcos=nan ign=0.0000 prn=nan nxp=0.000 mph=0.000 bytes=565793 pkts=565793 shard=0
step=0522525 (run 2525/8000) loss=1.79637 byte_ppl=6.028 atoms=32 merges=0 field=7.8184 rms=0.2443 scale=1.0000 fcos=nan ign=0.0000 prn=nan nxp=0.000 mph=0.000 bytes=565793 pkts=565793 shard=0
step=0522550 (run 2550/8000) loss=0.00601 byte_ppl=1.006 atoms=60 merges=0 field=7.8177 rms=0.2443 scale=1.0000 fcos=nan ign=0.0000 prn=nan nxp=0.000 mph=0.000 bytes=565793 pkts=565793 shard=0
step=0522575 (run 2575/8000) loss=2.02257 byte_ppl=7.558 atoms=16 merges=0 field=7.7915 rms=0.2435 scale=1.0000 fcos=nan ign=0.0000 prn=nan nxp=0.000 mph=0.000 bytes=565793 pkts=565793 shard=0
step=0522600 (run 2600/8000) loss=0.02024 byte_ppl=1.020 atoms=44 merges=0 field=7.8002 rms=0.2438 scale=1.0000 fcos=nan ign=0.0000 prn=nan nxp=0.000 mph=0.000 bytes=565793 pkts=565793 shard=0
step=0522625 (run 2625/8000) loss=1.29275 byte_ppl=3.643 atoms=1 merges=0 field=7.8000 rms=0.2438 scale=1.0000 fcos=nan ign=0.0000 prn=nan nxp=0.000 mph=0.000 bytes=565793 pkts=565793 shard=0
step=0522650 (run 2650/8000) loss=28.51758 byte_ppl=2426769196053.107 atoms=29 merges=0 field=7.7855 rms=0.2433 scale=1.0000 fcos=nan ign=0.0000 prn=nan nxp=0.000 mph=0.000 bytes=565793 pkts=565793 shard=0
step=0522675 (run 2675/8000) loss=0.41740 byte_ppl=1.518 atoms=56 merges=0 field=7.7857 rms=0.2433 scale=1.0000 fcos=nan ign=0.0000 prn=nan nxp=0.000 mph=0.000 bytes=565793 pkts=565793 shard=0
step=0522700 (run 2700/8000) loss=0.49359 byte_ppl=1.638 atoms=14 merges=0 field=7.8208 rms=0.2444 scale=1.0000 fcos=nan ign=0.0000 prn=nan nxp=0.000 mph=0.000 bytes=565793 pkts=565793 shard=0
step=0522725 (run 2725/8000) loss=1.41889 byte_ppl=4.133 atoms=41 merges=0 field=7.8595 rms=0.2456 scale=1.0000 fcos=nan ign=0.0000 prn=nan nxp=0.000 mph=0.000 bytes=565793 pkts=565793 shard=0
step=0522750 (run 2750/8000) loss=6.34874 byte_ppl=571.769 atoms=69 merges=0 field=7.8813 rms=0.2463 scale=1.0000 fcos=nan ign=0.0000 prn=nan nxp=0.000 mph=0.000 bytes=565793 pkts=565793 shard=0
step=0522775 (run 2775/8000) loss=0.00046 byte_ppl=1.000 atoms=25 merges=0 field=7.8710 rms=0.2460 scale=1.0000 fcos=nan ign=0.0000 prn=nan nxp=0.000 mph=0.000 bytes=565793 pkts=565793 shard=0
step=0522800 (run 2800/8000) loss=9.77806 byte_ppl=17642.342 atoms=53 merges=0 field=7.8934 rms=0.2467 scale=1.0000 fcos=nan ign=0.0000 prn=nan nxp=0.000 mph=0.000 bytes=565793 pkts=565793 shard=0
step=0522825 (run 2825/8000) loss=0.20196 byte_ppl=1.224 atoms=10 merges=0 field=7.9040 rms=0.2470 scale=1.0000 fcos=nan ign=0.0000 prn=nan nxp=0.000 mph=0.000 bytes=565793 pkts=565793 shard=0
step=0522850 (run 2850/8000) loss=0.00066 byte_ppl=1.001 atoms=38 merges=0 field=7.8838 rms=0.2464 scale=1.0000 fcos=nan ign=0.0000 prn=nan nxp=0.000 mph=0.000 bytes=565793 pkts=565793 shard=0
step=0522875 (run 2875/8000) loss=1.02829 byte_ppl=2.796 atoms=65 merges=0 field=7.8585 rms=0.2456 scale=1.0000 fcos=nan ign=0.0000 prn=nan nxp=0.000 mph=0.000 bytes=565793 pkts=565793 shard=0
step=0522900 (run 2900/8000) loss=4.88800 byte_ppl=132.688 atoms=22 merges=0 field=7.9110 rms=0.2472 scale=1.0000 fcos=nan ign=0.0000 prn=nan nxp=0.000 mph=0.000 bytes=565793 pkts=565793 shard=0
step=0522925 (run 2925/8000) loss=0.00118 byte_ppl=1.001 atoms=49 merges=0 field=7.9214 rms=0.2475 scale=1.0000 fcos=nan ign=0.0000 prn=nan nxp=0.000 mph=0.000 bytes=565793 pkts=565793 shard=0
step=0522950 (run 2950/8000) loss=9.58516 byte_ppl=14547.266 atoms=7 merges=0 field=7.8812 rms=0.2463 scale=1.0000 fcos=nan ign=0.0000 prn=nan nxp=0.000 mph=0.000 bytes=565793 pkts=565793 shard=0
step=0522975 (run 2975/8000) loss=0.00243 byte_ppl=1.002 atoms=34 merges=0 field=7.9151 rms=0.2473 scale=1.0000 fcos=nan ign=0.0000 prn=nan nxp=0.000 mph=0.000 bytes=565793 pkts=565793 shard=0
step=0523000 (run 3000/8000) loss=9.44456 byte_ppl=12639.269 atoms=62 merges=0 field=7.9261 rms=0.2477 scale=1.0000 fcos=nan ign=0.0000 prn=nan nxp=0.000 mph=0.000 bytes=565793 pkts=565793 shard=0
step=0523025 (run 3025/8000) loss=0.01994 byte_ppl=1.020 atoms=19 merges=0 field=7.8701 rms=0.2459 scale=1.0000 fcos=nan ign=0.0000 prn=nan nxp=0.000 mph=0.000 bytes=565793 pkts=565793 shard=0
step=0523050 (run 3050/8000) loss=0.44443 byte_ppl=1.560 atoms=47 merges=0 field=7.8910 rms=0.2466 scale=1.0000 fcos=nan ign=0.0000 prn=nan nxp=0.000 mph=0.000 bytes=565793 pkts=565793 shard=0
step=0523075 (run 3075/8000) loss=0.00180 byte_ppl=1.002 atoms=3 merges=0 field=7.8901 rms=0.2466 scale=1.0000 fcos=nan ign=0.0000 prn=nan nxp=0.000 mph=0.000 bytes=565793 pkts=565793 shard=0
step=0523100 (run 3100/8000) loss=3.53744 byte_ppl=34.379 atoms=31 merges=0 field=7.8845 rms=0.2464 scale=1.0000 fcos=nan ign=0.0000 prn=nan nxp=0.000 mph=0.000 bytes=565793 pkts=565793 shard=0
step=0523125 (run 3125/8000) loss=10.34326 byte_ppl=31047.132 atoms=58 merges=0 field=7.9187 rms=0.2475 scale=1.0000 fcos=nan ign=0.0000 prn=nan nxp=0.000 mph=0.000 bytes=565793 pkts=565793 shard=0
step=0523150 (run 3150/8000) loss=7.03647 byte_ppl=1137.370 atoms=16 merges=0 field=7.9032 rms=0.2470 scale=1.0000 fcos=nan ign=0.0000 prn=nan nxp=0.000 mph=0.000 bytes=565793 pkts=565793 shard=0
step=0523175 (run 3175/8000) loss=0.00023 byte_ppl=1.000 atoms=43 merges=0 field=7.8964 rms=0.2468 scale=1.0000 fcos=nan ign=0.0000 prn=nan nxp=0.000 mph=0.000 bytes=565793 pkts=565793 shard=0
step=0523200 (run 3200/8000) loss=6.74060 byte_ppl=846.067 atoms=71 merges=0 field=7.9215 rms=0.2475 scale=1.0000 fcos=nan ign=0.0000 prn=nan nxp=0.000 mph=0.000 bytes=565793 pkts=565793 shard=0
step=0523225 (run 3225/8000) loss=2.30708 byte_ppl=10.045 atoms=27 merges=0 field=7.9402 rms=0.2481 scale=1.0000 fcos=nan ign=0.0000 prn=nan nxp=0.000 mph=0.000 bytes=565793 pkts=565793 shard=0
step=0523250 (run 3250/8000) loss=0.25206 byte_ppl=1.287 atoms=55 merges=0 field=7.9230 rms=0.2476 scale=1.0000 fcos=nan ign=0.0000 prn=nan nxp=0.000 mph=0.000 bytes=565793 pkts=565793 shard=0
step=0523275 (run 3275/8000) loss=4.73618 byte_ppl=113.998 atoms=12 merges=0 field=7.9540 rms=0.2486 scale=1.0000 fcos=nan ign=0.0000 prn=nan nxp=0.000 mph=0.000 bytes=565793 pkts=565793 shard=0
step=0523300 (run 3300/8000) loss=7.12901 byte_ppl=1247.647 atoms=40 merges=0 field=7.9269 rms=0.2477 scale=1.0000 fcos=nan ign=0.0000 prn=nan nxp=0.000 mph=0.000 bytes=565793 pkts=565793 shard=0
step=0523325 (run 3325/8000) loss=0.00223 byte_ppl=1.002 atoms=67 merges=0 field=7.9052 rms=0.2470 scale=1.0000 fcos=nan ign=0.0000 prn=nan nxp=0.000 mph=0.000 bytes=565793 pkts=565793 shard=0
step=0523350 (run 3350/8000) loss=7.00986 byte_ppl=1107.501 atoms=25 merges=0 field=7.9146 rms=0.2473 scale=1.0000 fcos=nan ign=0.0000 prn=nan nxp=0.000 mph=0.000 bytes=565793 pkts=565793 shard=0
step=0523375 (run 3375/8000) loss=0.02483 byte_ppl=1.025 atoms=52 merges=0 field=7.9249 rms=0.2477 scale=1.0000 fcos=nan ign=0.0000 prn=nan nxp=0.000 mph=0.000 bytes=565793 pkts=565793 shard=0
step=0523400 (run 3400/8000) loss=0.21889 byte_ppl=1.245 atoms=9 merges=0 field=7.9481 rms=0.2484 scale=1.0000 fcos=nan ign=0.0000 prn=nan nxp=0.000 mph=0.000 bytes=565793 pkts=565793 shard=0
step=0523425 (run 3425/8000) loss=0.90569 byte_ppl=2.474 atoms=36 merges=0 field=7.9876 rms=0.2496 scale=1.0000 fcos=nan ign=0.0000 prn=nan nxp=0.000 mph=0.000 bytes=565793 pkts=565793 shard=0
step=0523450 (run 3450/8000) loss=0.00134 byte_ppl=1.001 atoms=64 merges=0 field=7.9987 rms=0.2500 scale=1.0000 fcos=nan ign=0.0000 prn=nan nxp=0.000 mph=0.000 bytes=565793 pkts=565793 shard=0
step=0523475 (run 3475/8000) loss=0.00083 byte_ppl=1.001 atoms=21 merges=0 field=7.9734 rms=0.2492 scale=1.0000 fcos=nan ign=0.0000 prn=nan nxp=0.000 mph=0.000 bytes=565793 pkts=565793 shard=0
step=0523500 (run 3500/8000) loss=5.28628 byte_ppl=197.607 atoms=49 merges=0 field=7.9805 rms=0.2494 scale=1.0000 fcos=nan ign=0.0000 prn=nan nxp=0.000 mph=0.000 bytes=565793 pkts=565793 shard=0
step=0523525 (run 3525/8000) loss=0.00012 byte_ppl=1.000 atoms=5 merges=0 field=7.9666 rms=0.2490 scale=1.0000 fcos=nan ign=0.0000 prn=nan nxp=0.000 mph=0.000 bytes=565793 pkts=565793 shard=0
step=0523550 (run 3550/8000) loss=3.05120 byte_ppl=21.141 atoms=33 merges=0 field=7.9881 rms=0.2496 scale=1.0000 fcos=nan ign=0.0000 prn=nan nxp=0.000 mph=0.000 bytes=565793 pkts=565793 shard=0
step=0523575 (run 3575/8000) loss=0.00776 byte_ppl=1.008 atoms=60 merges=0 field=7.9743 rms=0.2492 scale=1.0000 fcos=nan ign=0.0000 prn=nan nxp=0.000 mph=0.000 bytes=565793 pkts=565793 shard=0
step=0523600 (run 3600/8000) loss=5.97900 byte_ppl=395.046 atoms=18 merges=0 field=7.9795 rms=0.2494 scale=1.0000 fcos=nan ign=0.0000 prn=nan nxp=0.000 mph=0.000 bytes=565793 pkts=565793 shard=0
step=0523625 (run 3625/8000) loss=1.01767 byte_ppl=2.767 atoms=45 merges=0 field=7.9991 rms=0.2500 scale=1.0000 fcos=nan ign=0.0000 prn=nan nxp=0.000 mph=0.000 bytes=565793 pkts=565793 shard=0
step=0523650 (run 3650/8000) loss=3.87654 byte_ppl=48.257 atoms=3 merges=0 field=8.0126 rms=0.2504 scale=1.0000 fcos=nan ign=0.0000 prn=nan nxp=0.000 mph=0.000 bytes=565793 pkts=565793 shard=0
step=0523675 (run 3675/8000) loss=3.64176 byte_ppl=38.159 atoms=30 merges=0 field=7.9975 rms=0.2499 scale=1.0000 fcos=nan ign=0.0000 prn=nan nxp=0.000 mph=0.000 bytes=565793 pkts=565793 shard=0
step=0523700 (run 3700/8000) loss=0.02619 byte_ppl=1.027 atoms=58 merges=0 field=8.0256 rms=0.2508 scale=1.0000 fcos=nan ign=0.0000 prn=nan nxp=0.000 mph=0.000 bytes=565793 pkts=565793 shard=0
step=0523725 (run 3725/8000) loss=22.82994 byte_ppl=8220861089.145 atoms=14 merges=0 field=7.9703 rms=0.2491 scale=1.0000 fcos=nan ign=0.0000 prn=nan nxp=0.000 mph=0.000 bytes=565793 pkts=565793 shard=0
step=0523750 (run 3750/8000) loss=2.47882 byte_ppl=11.927 atoms=42 merges=0 field=7.9797 rms=0.2494 scale=1.0000 fcos=nan ign=0.0000 prn=nan nxp=0.000 mph=0.000 bytes=565793 pkts=565793 shard=0
step=0523775 (run 3775/8000) loss=0.00018 byte_ppl=1.000 atoms=69 merges=0 field=7.9956 rms=0.2499 scale=1.0000 fcos=nan ign=0.0000 prn=nan nxp=0.000 mph=0.000 bytes=565793 pkts=565793 shard=0
step=0523800 (run 3800/8000) loss=2.41341 byte_ppl=11.172 atoms=27 merges=0 field=7.9500 rms=0.2484 scale=1.0000 fcos=nan ign=0.0000 prn=nan nxp=0.000 mph=0.000 bytes=565793 pkts=565793 shard=0
step=0523825 (run 3825/8000) loss=0.00031 byte_ppl=1.000 atoms=54 merges=0 field=7.9522 rms=0.2485 scale=1.0000 fcos=nan ign=0.0000 prn=nan nxp=0.000 mph=0.000 bytes=565793 pkts=565793 shard=0
step=0523850 (run 3850/8000) loss=0.06405 byte_ppl=1.066 atoms=11 merges=0 field=7.9759 rms=0.2492 scale=1.0000 fcos=nan ign=0.0000 prn=nan nxp=0.000 mph=0.000 bytes=565793 pkts=565793 shard=0
step=0523875 (run 3875/8000) loss=1.85762 byte_ppl=6.408 atoms=38 merges=0 field=7.9629 rms=0.2488 scale=1.0000 fcos=nan ign=0.0000 prn=nan nxp=0.000 mph=0.000 bytes=565793 pkts=565793 shard=0
step=0523900 (run 3900/8000) loss=0.03859 byte_ppl=1.039 atoms=66 merges=0 field=7.9787 rms=0.2493 scale=1.0000 fcos=nan ign=0.0000 prn=nan nxp=0.000 mph=0.000 bytes=565793 pkts=565793 shard=0
step=0523925 (run 3925/8000) loss=0.00160 byte_ppl=1.002 atoms=23 merges=0 field=8.0141 rms=0.2504 scale=1.0000 fcos=nan ign=0.0000 prn=nan nxp=0.000 mph=0.000 bytes=565793 pkts=565793 shard=0
step=0523950 (run 3950/8000) loss=10.70229 byte_ppl=44457.401 atoms=51 merges=0 field=7.9720 rms=0.2491 scale=1.0000 fcos=nan ign=0.0000 prn=nan nxp=0.000 mph=0.000 bytes=565793 pkts=565793 shard=0
step=0523975 (run 3975/8000) loss=0.05876 byte_ppl=1.061 atoms=8 merges=0 field=7.9870 rms=0.2496 scale=1.0000 fcos=nan ign=0.0000 prn=nan nxp=0.000 mph=0.000 bytes=565793 pkts=565793 shard=0
step=0524000 (run 4000/8000) loss=0.81289 byte_ppl=2.254 atoms=36 merges=0 field=8.0148 rms=0.2505 scale=1.0000 fcos=nan ign=0.0000 prn=nan nxp=0.000 mph=0.000 bytes=565793 pkts=565793 shard=0
step=0524025 (run 4025/8000) loss=0.01277 byte_ppl=1.013 atoms=63 merges=0 field=8.0330 rms=0.2510 scale=1.0000 fcos=nan ign=0.0000 prn=nan nxp=0.000 mph=0.000 bytes=565793 pkts=565793 shard=0
step=0524050 (run 4050/8000) loss=0.03952 byte_ppl=1.040 atoms=20 merges=0 field=8.0161 rms=0.2505 scale=1.0000 fcos=nan ign=0.0000 prn=nan nxp=0.000 mph=0.000 bytes=565793 pkts=565793 shard=0
step=0524075 (run 4075/8000) loss=2.93454 byte_ppl=18.813 atoms=47 merges=0 field=7.9801 rms=0.2494 scale=1.0000 fcos=nan ign=0.0000 prn=nan nxp=0.000 mph=0.000 bytes=565793 pkts=565793 shard=0
step=0524100 (run 4100/8000) loss=0.06770 byte_ppl=1.070 atoms=5 merges=0 field=7.9746 rms=0.2492 scale=1.0000 fcos=nan ign=0.0000 prn=nan nxp=0.000 mph=0.000 bytes=565793 pkts=565793 shard=0
step=0524125 (run 4125/8000) loss=0.33387 byte_ppl=1.396 atoms=32 merges=0 field=8.0023 rms=0.2501 scale=1.0000 fcos=nan ign=0.0000 prn=nan nxp=0.000 mph=0.000 bytes=565793 pkts=565793 shard=0
step=0524150 (run 4150/8000) loss=0.00164 byte_ppl=1.002 atoms=60 merges=0 field=8.0187 rms=0.2506 scale=1.0000 fcos=nan ign=0.0000 prn=nan nxp=0.000 mph=0.000 bytes=565793 pkts=565793 shard=0
step=0524175 (run 4175/8000) loss=3.93845 byte_ppl=51.339 atoms=16 merges=0 field=8.0027 rms=0.2501 scale=1.0000 fcos=nan ign=0.0000 prn=nan nxp=0.000 mph=0.000 bytes=565793 pkts=565793 shard=0
step=0524200 (run 4200/8000) loss=6.84089 byte_ppl=935.320 atoms=44 merges=0 field=8.0430 rms=0.2513 scale=1.0000 fcos=nan ign=0.0000 prn=nan nxp=0.000 mph=0.000 bytes=565793 pkts=565793 shard=0
step=0524225 (run 4225/8000) loss=0.06167 byte_ppl=1.064 atoms=1 merges=0 field=8.0365 rms=0.2511 scale=1.0000 fcos=nan ign=0.0000 prn=nan nxp=0.000 mph=0.000 bytes=565793 pkts=565793 shard=0
step=0524250 (run 4250/8000) loss=5.78444 byte_ppl=325.199 atoms=29 merges=0 field=8.0179 rms=0.2506 scale=1.0000 fcos=nan ign=0.0000 prn=nan nxp=0.000 mph=0.000 bytes=565793 pkts=565793 shard=0
step=0524275 (run 4275/8000) loss=0.00566 byte_ppl=1.006 atoms=56 merges=0 field=8.0163 rms=0.2505 scale=1.0000 fcos=nan ign=0.0000 prn=nan nxp=0.000 mph=0.000 bytes=565793 pkts=565793 shard=0
step=0524300 (run 4300/8000) loss=4.25007 byte_ppl=70.111 atoms=14 merges=0 field=8.0014 rms=0.2500 scale=1.0000 fcos=nan ign=0.0000 prn=nan nxp=0.000 mph=0.000 bytes=565793 pkts=565793 shard=0
step=0524325 (run 4325/8000) loss=0.00757 byte_ppl=1.008 atoms=41 merges=0 field=7.9863 rms=0.2496 scale=1.0000 fcos=nan ign=0.0000 prn=nan nxp=0.000 mph=0.000 bytes=565793 pkts=565793 shard=0
step=0524350 (run 4350/8000) loss=2.89163 byte_ppl=18.023 atoms=69 merges=0 field=8.0044 rms=0.2501 scale=1.0000 fcos=nan ign=0.0000 prn=nan nxp=0.000 mph=0.000 bytes=565793 pkts=565793 shard=0
step=0524375 (run 4375/8000) loss=1.22823 byte_ppl=3.415 atoms=25 merges=0 field=7.9716 rms=0.2491 scale=1.0000 fcos=nan ign=0.0000 prn=nan nxp=0.000 mph=0.000 bytes=565793 pkts=565793 shard=0
step=0524400 (run 4400/8000) loss=9.34501 byte_ppl=11441.552 atoms=53 merges=0 field=7.9619 rms=0.2488 scale=1.0000 fcos=nan ign=0.0000 prn=nan nxp=0.000 mph=0.000 bytes=565793 pkts=565793 shard=0
step=0524425 (run 4425/8000) loss=0.04138 byte_ppl=1.042 atoms=10 merges=0 field=7.9933 rms=0.2498 scale=1.0000 fcos=nan ign=0.0000 prn=nan nxp=0.000 mph=0.000 bytes=565793 pkts=565793 shard=0
step=0524450 (run 4450/8000) loss=8.91216 byte_ppl=7421.688 atoms=38 merges=0 field=8.0166 rms=0.2505 scale=1.0000 fcos=nan ign=0.0000 prn=nan nxp=0.000 mph=0.000 bytes=565793 pkts=565793 shard=0
step=0524475 (run 4475/8000) loss=0.01947 byte_ppl=1.020 atoms=65 merges=0 field=8.0026 rms=0.2501 scale=1.0000 fcos=nan ign=0.0000 prn=nan nxp=0.000 mph=0.000 bytes=565793 pkts=565793 shard=0
step=0524500 (run 4500/8000) loss=0.46488 byte_ppl=1.592 atoms=22 merges=0 field=7.9800 rms=0.2494 scale=1.0000 fcos=nan ign=0.0000 prn=nan nxp=0.000 mph=0.000 bytes=565793 pkts=565793 shard=0
step=0524525 (run 4525/8000) loss=0.04223 byte_ppl=1.043 atoms=49 merges=0 field=7.9693 rms=0.2490 scale=1.0000 fcos=nan ign=0.0000 prn=nan nxp=0.000 mph=0.000 bytes=565793 pkts=565793 shard=0
step=0524550 (run 4550/8000) loss=7.27113 byte_ppl=1438.175 atoms=7 merges=0 field=7.9821 rms=0.2494 scale=1.0000 fcos=nan ign=0.0000 prn=nan nxp=0.000 mph=0.000 bytes=565793 pkts=565793 shard=0
step=0524575 (run 4575/8000) loss=0.00140 byte_ppl=1.001 atoms=34 merges=0 field=7.9590 rms=0.2487 scale=1.0000 fcos=nan ign=0.0000 prn=nan nxp=0.000 mph=0.000 bytes=565793 pkts=565793 shard=0
step=0524600 (run 4600/8000) loss=0.00361 byte_ppl=1.004 atoms=62 merges=0 field=7.9207 rms=0.2475 scale=1.0000 fcos=nan ign=0.0000 prn=nan nxp=0.000 mph=0.000 bytes=565793 pkts=565793 shard=0
step=0524625 (run 4625/8000) loss=0.06687 byte_ppl=1.069 atoms=19 merges=0 field=7.8845 rms=0.2464 scale=1.0000 fcos=nan ign=0.0000 prn=nan nxp=0.000 mph=0.000 bytes=565793 pkts=565793 shard=0
step=0524650 (run 4650/8000) loss=6.02462 byte_ppl=413.485 atoms=47 merges=0 field=7.8973 rms=0.2468 scale=1.0000 fcos=nan ign=0.0000 prn=nan nxp=0.000 mph=0.000 bytes=565793 pkts=565793 shard=0
step=0524675 (run 4675/8000) loss=1.93362 byte_ppl=6.914 atoms=3 merges=0 field=7.9171 rms=0.2474 scale=1.0000 fcos=nan ign=0.0000 prn=nan nxp=0.000 mph=0.000 bytes=565793 pkts=565793 shard=0
step=0524700 (run 4700/8000) loss=4.68669 byte_ppl=108.493 atoms=31 merges=0 field=7.9085 rms=0.2471 scale=1.0000 fcos=nan ign=0.0000 prn=nan nxp=0.000 mph=0.000 bytes=565793 pkts=565793 shard=0
step=0524725 (run 4725/8000) loss=0.00487 byte_ppl=1.005 atoms=58 merges=0 field=7.9316 rms=0.2479 scale=1.0000 fcos=nan ign=0.0000 prn=nan nxp=0.000 mph=0.000 bytes=565793 pkts=565793 shard=0
step=0524750 (run 4750/8000) loss=5.10866 byte_ppl=165.448 atoms=16 merges=0 field=7.9142 rms=0.2473 scale=1.0000 fcos=nan ign=0.0000 prn=nan nxp=0.000 mph=0.000 bytes=565793 pkts=565793 shard=0
step=0524775 (run 4775/8000) loss=5.51531 byte_ppl=248.467 atoms=43 merges=0 field=7.8853 rms=0.2464 scale=1.0000 fcos=nan ign=0.0000 prn=nan nxp=0.000 mph=0.000 bytes=565793 pkts=565793 shard=0
step=0524800 (run 4800/8000) loss=13.28457 byte_ppl=588049.778 atoms=71 merges=0 field=7.8994 rms=0.2469 scale=1.0000 fcos=nan ign=0.0000 prn=nan nxp=0.000 mph=0.000 bytes=565793 pkts=565793 shard=0
step=0524825 (run 4825/8000) loss=0.60766 byte_ppl=1.836 atoms=27 merges=0 field=7.8825 rms=0.2463 scale=1.0000 fcos=nan ign=0.0000 prn=nan nxp=0.000 mph=0.000 bytes=565793 pkts=565793 shard=0
step=0524850 (run 4850/8000) loss=1.65836 byte_ppl=5.251 atoms=55 merges=0 field=7.8990 rms=0.2468 scale=1.0000 fcos=nan ign=0.0000 prn=nan nxp=0.000 mph=0.000 bytes=565793 pkts=565793 shard=0
step=0524875 (run 4875/8000) loss=1.80530 byte_ppl=6.082 atoms=12 merges=0 field=7.8670 rms=0.2458 scale=1.0000 fcos=nan ign=0.0000 prn=nan nxp=0.000 mph=0.000 bytes=565793 pkts=565793 shard=0
step=0524900 (run 4900/8000) loss=7.99152 byte_ppl=2955.773 atoms=40 merges=0 field=7.8789 rms=0.2462 scale=1.0000 fcos=nan ign=0.0000 prn=nan nxp=0.000 mph=0.000 bytes=565793 pkts=565793 shard=0
step=0524925 (run 4925/8000) loss=4.21319 byte_ppl=67.572 atoms=67 merges=0 field=7.8487 rms=0.2453 scale=1.0000 fcos=nan ign=0.0000 prn=nan nxp=0.000 mph=0.000 bytes=565793 pkts=565793 shard=0
step=0524950 (run 4950/8000) loss=12.36347 byte_ppl=234092.810 atoms=25 merges=0 field=7.8794 rms=0.2462 scale=1.0000 fcos=nan ign=0.0000 prn=nan nxp=0.000 mph=0.000 bytes=565793 pkts=565793 shard=0
step=0524975 (run 4975/8000) loss=0.00926 byte_ppl=1.009 atoms=52 merges=0 field=7.9140 rms=0.2473 scale=1.0000 fcos=nan ign=0.0000 prn=nan nxp=0.000 mph=0.000 bytes=565793 pkts=565793 shard=0
step=0525000 (run 5000/8000) loss=0.01667 byte_ppl=1.017 atoms=9 merges=0 field=7.9044 rms=0.2470 scale=1.0000 fcos=nan ign=0.0000 prn=nan nxp=0.000 mph=0.000 bytes=565793 pkts=565793 shard=0
step=0525025 (run 5025/8000) loss=0.00057 byte_ppl=1.001 atoms=36 merges=0 field=7.8957 rms=0.2467 scale=1.0000 fcos=nan ign=0.0000 prn=nan nxp=0.000 mph=0.000 bytes=565793 pkts=565793 shard=0
step=0525050 (run 5050/8000) loss=0.28079 byte_ppl=1.324 atoms=64 merges=0 field=7.8994 rms=0.2469 scale=1.0000 fcos=nan ign=0.0000 prn=nan nxp=0.000 mph=0.000 bytes=565793 pkts=565793 shard=0
step=0525075 (run 5075/8000) loss=0.09580 byte_ppl=1.101 atoms=21 merges=0 field=7.8473 rms=0.2452 scale=1.0000 fcos=nan ign=0.0000 prn=nan nxp=0.000 mph=0.000 bytes=565793 pkts=565793 shard=0
step=0525100 (run 5100/8000) loss=5.80013 byte_ppl=330.342 atoms=49 merges=0 field=7.8419 rms=0.2451 scale=1.0000 fcos=nan ign=0.0000 prn=nan nxp=0.000 mph=0.000 bytes=565793 pkts=565793 shard=0
step=0525125 (run 5125/8000) loss=1.33331 byte_ppl=3.794 atoms=5 merges=0 field=7.8606 rms=0.2456 scale=1.0000 fcos=nan ign=0.0000 prn=nan nxp=0.000 mph=0.000 bytes=565793 pkts=565793 shard=0
step=0525150 (run 5150/8000) loss=3.05810 byte_ppl=21.287 atoms=33 merges=0 field=7.8982 rms=0.2468 scale=1.0000 fcos=nan ign=0.0000 prn=nan nxp=0.000 mph=0.000 bytes=565793 pkts=565793 shard=0
step=0525175 (run 5175/8000) loss=0.00110 byte_ppl=1.001 atoms=60 merges=0 field=7.9037 rms=0.2470 scale=1.0000 fcos=nan ign=0.0000 prn=nan nxp=0.000 mph=0.000 bytes=565793 pkts=565793 shard=0
step=0525200 (run 5200/8000) loss=7.75261 byte_ppl=2327.646 atoms=18 merges=0 field=7.9152 rms=0.2474 scale=1.0000 fcos=nan ign=0.0000 prn=nan nxp=0.000 mph=0.000 bytes=565793 pkts=565793 shard=0
step=0525225 (run 5225/8000) loss=0.00142 byte_ppl=1.001 atoms=45 merges=0 field=7.8858 rms=0.2464 scale=1.0000 fcos=nan ign=0.0000 prn=nan nxp=0.000 mph=0.000 bytes=565793 pkts=565793 shard=0
step=0525250 (run 5250/8000) loss=5.85391 byte_ppl=348.593 atoms=3 merges=0 field=7.8839 rms=0.2464 scale=1.0000 fcos=nan ign=0.0000 prn=nan nxp=0.000 mph=0.000 bytes=565793 pkts=565793 shard=0
step=0525275 (run 5275/8000) loss=0.59369 byte_ppl=1.811 atoms=30 merges=0 field=7.8740 rms=0.2461 scale=1.0000 fcos=nan ign=0.0000 prn=nan nxp=0.000 mph=0.000 bytes=565793 pkts=565793 shard=0
step=0525300 (run 5300/8000) loss=0.04101 byte_ppl=1.042 atoms=58 merges=0 field=7.8447 rms=0.2451 scale=1.0000 fcos=nan ign=0.0000 prn=nan nxp=0.000 mph=0.000 bytes=565793 pkts=565793 shard=0
step=0525325 (run 5325/8000) loss=0.00681 byte_ppl=1.007 atoms=14 merges=0 field=7.8616 rms=0.2457 scale=1.0000 fcos=nan ign=0.0000 prn=nan nxp=0.000 mph=0.000 bytes=565793 pkts=565793 shard=0
step=0525350 (run 5350/8000) loss=13.54636 byte_ppl=764027.500 atoms=42 merges=0 field=7.8454 rms=0.2452 scale=1.0000 fcos=nan ign=0.0000 prn=nan nxp=0.000 mph=0.000 bytes=565793 pkts=565793 shard=0
step=0525375 (run 5375/8000) loss=0.00141 byte_ppl=1.001 atoms=69 merges=0 field=7.8543 rms=0.2454 scale=1.0000 fcos=nan ign=0.0000 prn=nan nxp=0.000 mph=0.000 bytes=565793 pkts=565793 shard=0
step=0525400 (run 5400/8000) loss=18.46827 byte_ppl=104873711.938 atoms=27 merges=0 field=7.8928 rms=0.2467 scale=1.0000 fcos=nan ign=0.0000 prn=nan nxp=0.000 mph=0.000 bytes=565793 pkts=565793 shard=0
step=0525425 (run 5425/8000) loss=0.00003 byte_ppl=1.000 atoms=54 merges=0 field=7.8938 rms=0.2467 scale=1.0000 fcos=nan ign=0.0000 prn=nan nxp=0.000 mph=0.000 bytes=565793 pkts=565793 shard=0
step=0525450 (run 5450/8000) loss=0.08038 byte_ppl=1.084 atoms=11 merges=0 field=7.9171 rms=0.2474 scale=1.0000 fcos=nan ign=0.0000 prn=nan nxp=0.000 mph=0.000 bytes=565793 pkts=565793 shard=0
step=0525475 (run 5475/8000) loss=0.00074 byte_ppl=1.001 atoms=38 merges=0 field=7.9383 rms=0.2481 scale=1.0000 fcos=nan ign=0.0000 prn=nan nxp=0.000 mph=0.000 bytes=565793 pkts=565793 shard=0
step=0525500 (run 5500/8000) loss=4.24750 byte_ppl=69.930 atoms=66 merges=0 field=7.9697 rms=0.2491 scale=1.0000 fcos=nan ign=0.0000 prn=nan nxp=0.000 mph=0.000 bytes=565793 pkts=565793 shard=0
step=0525525 (run 5525/8000) loss=0.00428 byte_ppl=1.004 atoms=23 merges=0 field=7.9353 rms=0.2480 scale=1.0000 fcos=nan ign=0.0000 prn=nan nxp=0.000 mph=0.000 bytes=565793 pkts=565793 shard=0
step=0525550 (run 5550/8000) loss=5.83532 byte_ppl=342.175 atoms=51 merges=0 field=7.9424 rms=0.2482 scale=1.0000 fcos=nan ign=0.0000 prn=nan nxp=0.000 mph=0.000 bytes=565793 pkts=565793 shard=0
step=0525575 (run 5575/8000) loss=5.63157 byte_ppl=279.101 atoms=8 merges=0 field=7.9462 rms=0.2483 scale=1.0000 fcos=nan ign=0.0000 prn=nan nxp=0.000 mph=0.000 bytes=565793 pkts=565793 shard=0
step=0525600 (run 5600/8000) loss=3.14224 byte_ppl=23.156 atoms=36 merges=0 field=7.9096 rms=0.2472 scale=1.0000 fcos=nan ign=0.0000 prn=nan nxp=0.000 mph=0.000 bytes=565793 pkts=565793 shard=0
step=0525625 (run 5625/8000) loss=0.00003 byte_ppl=1.000 atoms=63 merges=0 field=7.9116 rms=0.2472 scale=1.0000 fcos=nan ign=0.0000 prn=nan nxp=0.000 mph=0.000 bytes=565793 pkts=565793 shard=0
step=0525650 (run 5650/8000) loss=0.01518 byte_ppl=1.015 atoms=20 merges=0 field=7.9205 rms=0.2475 scale=1.0000 fcos=nan ign=0.0000 prn=nan nxp=0.000 mph=0.000 bytes=565793 pkts=565793 shard=0
step=0525675 (run 5675/8000) loss=0.38761 byte_ppl=1.473 atoms=47 merges=0 field=7.9103 rms=0.2472 scale=1.0000 fcos=nan ign=0.0000 prn=nan nxp=0.000 mph=0.000 bytes=565793 pkts=565793 shard=0
step=0525700 (run 5700/8000) loss=5.07127 byte_ppl=159.377 atoms=5 merges=0 field=7.9501 rms=0.2484 scale=1.0000 fcos=nan ign=0.0000 prn=nan nxp=0.000 mph=0.000 bytes=565793 pkts=565793 shard=0
step=0525725 (run 5725/8000) loss=3.32754 byte_ppl=27.870 atoms=32 merges=0 field=7.9593 rms=0.2487 scale=1.0000 fcos=nan ign=0.0000 prn=nan nxp=0.000 mph=0.000 bytes=565793 pkts=565793 shard=0
step=0525750 (run 5750/8000) loss=9.52882 byte_ppl=13750.357 atoms=60 merges=0 field=7.9697 rms=0.2491 scale=1.0000 fcos=nan ign=0.0000 prn=nan nxp=0.000 mph=0.000 bytes=565793 pkts=565793 shard=0
step=0525775 (run 5775/8000) loss=0.00118 byte_ppl=1.001 atoms=16 merges=0 field=7.9653 rms=0.2489 scale=1.0000 fcos=nan ign=0.0000 prn=nan nxp=0.000 mph=0.000 bytes=565793 pkts=565793 shard=0
step=0525800 (run 5800/8000) loss=0.20429 byte_ppl=1.227 atoms=44 merges=0 field=7.9918 rms=0.2497 scale=1.0000 fcos=nan ign=0.0000 prn=nan nxp=0.000 mph=0.000 bytes=565793 pkts=565793 shard=0
step=0525825 (run 5825/8000) loss=2.39631 byte_ppl=10.983 atoms=1 merges=0 field=8.0091 rms=0.2503 scale=1.0000 fcos=nan ign=0.0000 prn=nan nxp=0.000 mph=0.000 bytes=565793 pkts=565793 shard=0
step=0525850 (run 5850/8000) loss=8.35552 byte_ppl=4253.605 atoms=29 merges=0 field=7.9729 rms=0.2492 scale=1.0000 fcos=nan ign=0.0000 prn=nan nxp=0.000 mph=0.000 bytes=565793 pkts=565793 shard=0
step=0525875 (run 5875/8000) loss=0.00131 byte_ppl=1.001 atoms=56 merges=0 field=7.9944 rms=0.2498 scale=1.0000 fcos=nan ign=0.0000 prn=nan nxp=0.000 mph=0.000 bytes=565793 pkts=565793 shard=0
step=0525900 (run 5900/8000) loss=8.59177 byte_ppl=5387.152 atoms=14 merges=0 field=8.0415 rms=0.2513 scale=1.0000 fcos=nan ign=0.0000 prn=nan nxp=0.000 mph=0.000 bytes=565793 pkts=565793 shard=0
step=0525925 (run 5925/8000) loss=0.00738 byte_ppl=1.007 atoms=41 merges=0 field=8.0403 rms=0.2513 scale=1.0000 fcos=nan ign=0.0000 prn=nan nxp=0.000 mph=0.000 bytes=565793 pkts=565793 shard=0
step=0525950 (run 5950/8000) loss=0.91785 byte_ppl=2.504 atoms=69 merges=0 field=8.0519 rms=0.2516 scale=1.0000 fcos=nan ign=0.0000 prn=nan nxp=0.000 mph=0.000 bytes=565793 pkts=565793 shard=0
step=0525975 (run 5975/8000) loss=0.05683 byte_ppl=1.058 atoms=25 merges=0 field=8.0511 rms=0.2516 scale=1.0000 fcos=nan ign=0.0000 prn=nan nxp=0.000 mph=0.000 bytes=565793 pkts=565793 shard=0
step=0526000 (run 6000/8000) loss=6.38437 byte_ppl=592.512 atoms=53 merges=0 field=8.0833 rms=0.2526 scale=1.0000 fcos=nan ign=0.0000 prn=nan nxp=0.000 mph=0.000 bytes=565793 pkts=565793 shard=0
step=0526025 (run 6025/8000) loss=2.80264 byte_ppl=16.488 atoms=10 merges=0 field=8.0694 rms=0.2522 scale=1.0000 fcos=nan ign=0.0000 prn=nan nxp=0.000 mph=0.000 bytes=565793 pkts=565793 shard=0
step=0526050 (run 6050/8000) loss=5.67060 byte_ppl=290.208 atoms=38 merges=0 field=8.0725 rms=0.2523 scale=1.0000 fcos=nan ign=0.0000 prn=nan nxp=0.000 mph=0.000 bytes=565793 pkts=565793 shard=0
step=0526075 (run 6075/8000) loss=3.44468 byte_ppl=31.333 atoms=65 merges=0 field=8.0729 rms=0.2523 scale=1.0000 fcos=nan ign=0.0000 prn=nan nxp=0.000 mph=0.000 bytes=565793 pkts=565793 shard=0
step=0526100 (run 6100/8000) loss=6.11621 byte_ppl=453.142 atoms=22 merges=0 field=8.0530 rms=0.2517 scale=1.0000 fcos=nan ign=0.0000 prn=nan nxp=0.000 mph=0.000 bytes=565793 pkts=565793 shard=0
step=0526125 (run 6125/8000) loss=0.00444 byte_ppl=1.004 atoms=49 merges=0 field=8.0725 rms=0.2523 scale=1.0000 fcos=nan ign=0.0000 prn=nan nxp=0.000 mph=0.000 bytes=565793 pkts=565793 shard=0
step=0526150 (run 6150/8000) loss=0.00336 byte_ppl=1.003 atoms=7 merges=0 field=8.0965 rms=0.2530 scale=1.0000 fcos=nan ign=0.0000 prn=nan nxp=0.000 mph=0.000 bytes=565793 pkts=565793 shard=0
step=0526175 (run 6175/8000) loss=2.81373 byte_ppl=16.672 atoms=34 merges=0 field=8.1012 rms=0.2532 scale=1.0000 fcos=nan ign=0.0000 prn=nan nxp=0.000 mph=0.000 bytes=565793 pkts=565793 shard=0
step=0526200 (run 6200/8000) loss=0.00592 byte_ppl=1.006 atoms=62 merges=0 field=8.0753 rms=0.2524 scale=1.0000 fcos=nan ign=0.0000 prn=nan nxp=0.000 mph=0.000 bytes=565793 pkts=565793 shard=0
step=0526225 (run 6225/8000) loss=0.14525 byte_ppl=1.156 atoms=19 merges=0 field=8.0813 rms=0.2525 scale=1.0000 fcos=nan ign=0.0000 prn=nan nxp=0.000 mph=0.000 bytes=565793 pkts=565793 shard=0
step=0526250 (run 6250/8000) loss=5.16336 byte_ppl=174.751 atoms=47 merges=0 field=8.1249 rms=0.2539 scale=1.0000 fcos=nan ign=0.0000 prn=nan nxp=0.000 mph=0.000 bytes=565793 pkts=565793 shard=0
step=0526275 (run 6275/8000) loss=0.04673 byte_ppl=1.048 atoms=3 merges=0 field=8.0581 rms=0.2518 scale=1.0000 fcos=nan ign=0.0000 prn=nan nxp=0.000 mph=0.000 bytes=565793 pkts=565793 shard=0
step=0526300 (run 6300/8000) loss=0.02898 byte_ppl=1.029 atoms=31 merges=0 field=8.0899 rms=0.2528 scale=1.0000 fcos=nan ign=0.0000 prn=nan nxp=0.000 mph=0.000 bytes=565793 pkts=565793 shard=0
step=0526325 (run 6325/8000) loss=2.30192 byte_ppl=9.993 atoms=58 merges=0 field=8.1071 rms=0.2534 scale=1.0000 fcos=nan ign=0.0000 prn=nan nxp=0.000 mph=0.000 bytes=565793 pkts=565793 shard=0
step=0526350 (run 6350/8000) loss=0.43905 byte_ppl=1.551 atoms=16 merges=0 field=8.0711 rms=0.2522 scale=1.0000 fcos=nan ign=0.0000 prn=nan nxp=0.000 mph=0.000 bytes=565793 pkts=565793 shard=0
step=0526375 (run 6375/8000) loss=0.00208 byte_ppl=1.002 atoms=43 merges=0 field=8.0792 rms=0.2525 scale=1.0000 fcos=nan ign=0.0000 prn=nan nxp=0.000 mph=0.000 bytes=565793 pkts=565793 shard=0
step=0526400 (run 6400/8000) loss=0.48792 byte_ppl=1.629 atoms=71 merges=0 field=8.0869 rms=0.2527 scale=1.0000 fcos=nan ign=0.0000 prn=nan nxp=0.000 mph=0.000 bytes=565793 pkts=565793 shard=0
step=0526425 (run 6425/8000) loss=5.77217 byte_ppl=321.235 atoms=27 merges=0 field=8.0573 rms=0.2518 scale=1.0000 fcos=nan ign=0.0000 prn=nan nxp=0.000 mph=0.000 bytes=565793 pkts=565793 shard=0
step=0526450 (run 6450/8000) loss=0.10847 byte_ppl=1.115 atoms=55 merges=0 field=8.0508 rms=0.2516 scale=1.0000 fcos=nan ign=0.0000 prn=nan nxp=0.000 mph=0.000 bytes=565793 pkts=565793 shard=0
step=0526475 (run 6475/8000) loss=0.81035 byte_ppl=2.249 atoms=12 merges=0 field=8.0260 rms=0.2508 scale=1.0000 fcos=nan ign=0.0000 prn=nan nxp=0.000 mph=0.000 bytes=565793 pkts=565793 shard=0
step=0526500 (run 6500/8000) loss=0.00562 byte_ppl=1.006 atoms=40 merges=0 field=8.0853 rms=0.2527 scale=1.0000 fcos=nan ign=0.0000 prn=nan nxp=0.000 mph=0.000 bytes=565793 pkts=565793 shard=0
step=0526525 (run 6525/8000) loss=0.00082 byte_ppl=1.001 atoms=67 merges=0 field=8.0789 rms=0.2525 scale=1.0000 fcos=nan ign=0.0000 prn=nan nxp=0.000 mph=0.000 bytes=565793 pkts=565793 shard=0
step=0526550 (run 6550/8000) loss=3.25034 byte_ppl=25.799 atoms=25 merges=0 field=8.1172 rms=0.2537 scale=1.0000 fcos=nan ign=0.0000 prn=nan nxp=0.000 mph=0.000 bytes=565793 pkts=565793 shard=0
step=0526575 (run 6575/8000) loss=5.06536 byte_ppl=158.438 atoms=52 merges=0 field=8.1175 rms=0.2537 scale=1.0000 fcos=nan ign=0.0000 prn=nan nxp=0.000 mph=0.000 bytes=565793 pkts=565793 shard=0
step=0526600 (run 6600/8000) loss=0.00864 byte_ppl=1.009 atoms=9 merges=0 field=8.1049 rms=0.2533 scale=1.0000 fcos=nan ign=0.0000 prn=nan nxp=0.000 mph=0.000 bytes=565793 pkts=565793 shard=0
step=0526625 (run 6625/8000) loss=0.01170 byte_ppl=1.012 atoms=36 merges=0 field=8.1210 rms=0.2538 scale=1.0000 fcos=nan ign=0.0000 prn=nan nxp=0.000 mph=0.000 bytes=565793 pkts=565793 shard=0
step=0526650 (run 6650/8000) loss=2.79040 byte_ppl=16.287 atoms=64 merges=0 field=8.0917 rms=0.2529 scale=1.0000 fcos=nan ign=0.0000 prn=nan nxp=0.000 mph=0.000 bytes=565793 pkts=565793 shard=0
step=0526675 (run 6675/8000) loss=0.00259 byte_ppl=1.003 atoms=21 merges=0 field=8.0706 rms=0.2522 scale=1.0000 fcos=nan ign=0.0000 prn=nan nxp=0.000 mph=0.000 bytes=565793 pkts=565793 shard=0
step=0526700 (run 6700/8000) loss=2.85886 byte_ppl=17.442 atoms=49 merges=0 field=8.0961 rms=0.2530 scale=1.0000 fcos=nan ign=0.0000 prn=nan nxp=0.000 mph=0.000 bytes=565793 pkts=565793 shard=0
step=0526725 (run 6725/8000) loss=0.51366 byte_ppl=1.671 atoms=5 merges=0 field=8.1040 rms=0.2533 scale=1.0000 fcos=nan ign=0.0000 prn=nan nxp=0.000 mph=0.000 bytes=565793 pkts=565793 shard=0
step=0526750 (run 6750/8000) loss=0.51341 byte_ppl=1.671 atoms=33 merges=0 field=8.1097 rms=0.2534 scale=1.0000 fcos=nan ign=0.0000 prn=nan nxp=0.000 mph=0.000 bytes=565793 pkts=565793 shard=0
step=0526775 (run 6775/8000) loss=1.75416 byte_ppl=5.779 atoms=60 merges=0 field=8.0998 rms=0.2531 scale=1.0000 fcos=nan ign=0.0000 prn=nan nxp=0.000 mph=0.000 bytes=565793 pkts=565793 shard=0
step=0526800 (run 6800/8000) loss=12.64401 byte_ppl=309901.735 atoms=18 merges=0 field=8.1156 rms=0.2536 scale=1.0000 fcos=nan ign=0.0000 prn=nan nxp=0.000 mph=0.000 bytes=565793 pkts=565793 shard=0
step=0526825 (run 6825/8000) loss=0.00158 byte_ppl=1.002 atoms=45 merges=0 field=8.0922 rms=0.2529 scale=1.0000 fcos=nan ign=0.0000 prn=nan nxp=0.000 mph=0.000 bytes=565793 pkts=565793 shard=0
step=0526850 (run 6850/8000) loss=0.17213 byte_ppl=1.188 atoms=3 merges=0 field=8.1250 rms=0.2539 scale=1.0000 fcos=nan ign=0.0000 prn=nan nxp=0.000 mph=0.000 bytes=565793 pkts=565793 shard=0
step=0526875 (run 6875/8000) loss=0.88133 byte_ppl=2.414 atoms=30 merges=0 field=8.1096 rms=0.2534 scale=1.0000 fcos=nan ign=0.0000 prn=nan nxp=0.000 mph=0.000 bytes=565793 pkts=565793 shard=0
step=0526900 (run 6900/8000) loss=0.79812 byte_ppl=2.221 atoms=58 merges=0 field=8.1216 rms=0.2538 scale=1.0000 fcos=nan ign=0.0000 prn=nan nxp=0.000 mph=0.000 bytes=565793 pkts=565793 shard=0
step=0526925 (run 6925/8000) loss=0.00168 byte_ppl=1.002 atoms=14 merges=0 field=8.1304 rms=0.2541 scale=1.0000 fcos=nan ign=0.0000 prn=nan nxp=0.000 mph=0.000 bytes=565793 pkts=565793 shard=0
step=0526950 (run 6950/8000) loss=1.34819 byte_ppl=3.850 atoms=42 merges=0 field=8.1035 rms=0.2532 scale=1.0000 fcos=nan ign=0.0000 prn=nan nxp=0.000 mph=0.000 bytes=565793 pkts=565793 shard=0
step=0526975 (run 6975/8000) loss=0.00197 byte_ppl=1.002 atoms=69 merges=0 field=8.1103 rms=0.2535 scale=1.0000 fcos=nan ign=0.0000 prn=nan nxp=0.000 mph=0.000 bytes=565793 pkts=565793 shard=0
step=0527000 (run 7000/8000) loss=15.68763 byte_ppl=6502054.397 atoms=27 merges=0 field=8.1172 rms=0.2537 scale=1.0000 fcos=nan ign=0.0000 prn=nan nxp=0.000 mph=0.000 bytes=565793 pkts=565793 shard=0
step=0527025 (run 7025/8000) loss=0.00097 byte_ppl=1.001 atoms=54 merges=0 field=8.1509 rms=0.2547 scale=1.0000 fcos=nan ign=0.0000 prn=nan nxp=0.000 mph=0.000 bytes=565793 pkts=565793 shard=0
step=0527050 (run 7050/8000) loss=2.74131 byte_ppl=15.507 atoms=11 merges=0 field=8.1417 rms=0.2544 scale=1.0000 fcos=nan ign=0.0000 prn=nan nxp=0.000 mph=0.000 bytes=565793 pkts=565793 shard=0
step=0527075 (run 7075/8000) loss=0.00949 byte_ppl=1.010 atoms=38 merges=0 field=8.1719 rms=0.2554 scale=1.0000 fcos=nan ign=0.0000 prn=nan nxp=0.000 mph=0.000 bytes=565793 pkts=565793 shard=0
step=0527100 (run 7100/8000) loss=4.70098 byte_ppl=110.055 atoms=66 merges=0 field=8.1669 rms=0.2552 scale=1.0000 fcos=nan ign=0.0000 prn=nan nxp=0.000 mph=0.000 bytes=565793 pkts=565793 shard=0
step=0527125 (run 7125/8000) loss=0.05125 byte_ppl=1.053 atoms=23 merges=0 field=8.1389 rms=0.2543 scale=1.0000 fcos=nan ign=0.0000 prn=nan nxp=0.000 mph=0.000 bytes=565793 pkts=565793 shard=0
step=0527150 (run 7150/8000) loss=0.09054 byte_ppl=1.095 atoms=51 merges=0 field=8.1545 rms=0.2548 scale=1.0000 fcos=nan ign=0.0000 prn=nan nxp=0.000 mph=0.000 bytes=565793 pkts=565793 shard=0
step=0527175 (run 7175/8000) loss=0.00084 byte_ppl=1.001 atoms=8 merges=0 field=8.1336 rms=0.2542 scale=1.0000 fcos=nan ign=0.0000 prn=nan nxp=0.000 mph=0.000 bytes=565793 pkts=565793 shard=0
step=0527200 (run 7200/8000) loss=7.19504 byte_ppl=1332.809 atoms=36 merges=0 field=8.1136 rms=0.2536 scale=1.0000 fcos=nan ign=0.0000 prn=nan nxp=0.000 mph=0.000 bytes=565793 pkts=565793 shard=0
step=0527225 (run 7225/8000) loss=1.12613 byte_ppl=3.084 atoms=63 merges=0 field=8.1474 rms=0.2546 scale=1.0000 fcos=nan ign=0.0000 prn=nan nxp=0.000 mph=0.000 bytes=565793 pkts=565793 shard=0
step=0527250 (run 7250/8000) loss=3.94969 byte_ppl=51.919 atoms=20 merges=0 field=8.1122 rms=0.2535 scale=1.0000 fcos=nan ign=0.0000 prn=nan nxp=0.000 mph=0.000 bytes=565793 pkts=565793 shard=0
step=0527275 (run 7275/8000) loss=0.00015 byte_ppl=1.000 atoms=47 merges=0 field=8.1525 rms=0.2548 scale=1.0000 fcos=nan ign=0.0000 prn=nan nxp=0.000 mph=0.000 bytes=565793 pkts=565793 shard=0
step=0527300 (run 7300/8000) loss=5.33282 byte_ppl=207.022 atoms=5 merges=0 field=8.1394 rms=0.2544 scale=1.0000 fcos=nan ign=0.0000 prn=nan nxp=0.000 mph=0.000 bytes=565793 pkts=565793 shard=0
step=0527325 (run 7325/8000) loss=0.00482 byte_ppl=1.005 atoms=32 merges=0 field=8.1398 rms=0.2544 scale=1.0000 fcos=nan ign=0.0000 prn=nan nxp=0.000 mph=0.000 bytes=565793 pkts=565793 shard=0
step=0527350 (run 7350/8000) loss=30.38799 byte_ppl=10686474581524.463 atoms=60 merges=0 field=8.1408 rms=0.2544 scale=1.0000 fcos=nan ign=0.0000 prn=nan nxp=0.000 mph=0.000 bytes=565793 pkts=565793 shard=0
step=0527375 (run 7375/8000) loss=0.02214 byte_ppl=1.022 atoms=16 merges=0 field=8.0776 rms=0.2524 scale=1.0000 fcos=nan ign=0.0000 prn=nan nxp=0.000 mph=0.000 bytes=565793 pkts=565793 shard=0
step=0527400 (run 7400/8000) loss=5.81371 byte_ppl=334.858 atoms=44 merges=0 field=8.0673 rms=0.2521 scale=1.0000 fcos=nan ign=0.0000 prn=nan nxp=0.000 mph=0.000 bytes=565793 pkts=565793 shard=0
step=0527425 (run 7425/8000) loss=1.91310 byte_ppl=6.774 atoms=1 merges=0 field=8.1021 rms=0.2532 scale=1.0000 fcos=nan ign=0.0000 prn=nan nxp=0.000 mph=0.000 bytes=565793 pkts=565793 shard=0
step=0527450 (run 7450/8000) loss=6.73529 byte_ppl=841.590 atoms=29 merges=0 field=8.1106 rms=0.2535 scale=1.0000 fcos=nan ign=0.0000 prn=nan nxp=0.000 mph=0.000 bytes=565793 pkts=565793 shard=0
step=0527475 (run 7475/8000) loss=0.05567 byte_ppl=1.057 atoms=56 merges=0 field=8.1058 rms=0.2533 scale=1.0000 fcos=nan ign=0.0000 prn=nan nxp=0.000 mph=0.000 bytes=565793 pkts=565793 shard=0
step=0527500 (run 7500/8000) loss=4.20743 byte_ppl=67.183 atoms=14 merges=0 field=8.1474 rms=0.2546 scale=1.0000 fcos=nan ign=0.0000 prn=nan nxp=0.000 mph=0.000 bytes=565793 pkts=565793 shard=0
step=0527525 (run 7525/8000) loss=0.00029 byte_ppl=1.000 atoms=41 merges=0 field=8.1702 rms=0.2553 scale=1.0000 fcos=nan ign=0.0000 prn=nan nxp=0.000 mph=0.000 bytes=565793 pkts=565793 shard=0
step=0527550 (run 7550/8000) loss=0.08779 byte_ppl=1.092 atoms=69 merges=0 field=8.1975 rms=0.2562 scale=1.0000 fcos=nan ign=0.0000 prn=nan nxp=0.000 mph=0.000 bytes=565793 pkts=565793 shard=0
step=0527575 (run 7575/8000) loss=0.00559 byte_ppl=1.006 atoms=25 merges=0 field=8.1130 rms=0.2535 scale=1.0000 fcos=nan ign=0.0000 prn=nan nxp=0.000 mph=0.000 bytes=565793 pkts=565793 shard=0
step=0527600 (run 7600/8000) loss=0.01409 byte_ppl=1.014 atoms=53 merges=0 field=8.1090 rms=0.2534 scale=1.0000 fcos=nan ign=0.0000 prn=nan nxp=0.000 mph=0.000 bytes=565793 pkts=565793 shard=0
step=0527625 (run 7625/8000) loss=0.02037 byte_ppl=1.021 atoms=10 merges=0 field=8.1068 rms=0.2533 scale=1.0000 fcos=nan ign=0.0000 prn=nan nxp=0.000 mph=0.000 bytes=565793 pkts=565793 shard=0
step=0527650 (run 7650/8000) loss=0.00174 byte_ppl=1.002 atoms=38 merges=0 field=8.0539 rms=0.2517 scale=1.0000 fcos=nan ign=0.0000 prn=nan nxp=0.000 mph=0.000 bytes=565793 pkts=565793 shard=0
step=0527675 (run 7675/8000) loss=0.01954 byte_ppl=1.020 atoms=65 merges=0 field=8.0254 rms=0.2508 scale=1.0000 fcos=nan ign=0.0000 prn=nan nxp=0.000 mph=0.000 bytes=565793 pkts=565793 shard=0
step=0527700 (run 7700/8000) loss=5.62038 byte_ppl=275.996 atoms=22 merges=0 field=8.0326 rms=0.2510 scale=1.0000 fcos=nan ign=0.0000 prn=nan nxp=0.000 mph=0.000 bytes=565793 pkts=565793 shard=0
step=0527725 (run 7725/8000) loss=0.00087 byte_ppl=1.001 atoms=49 merges=0 field=8.0722 rms=0.2523 scale=1.0000 fcos=nan ign=0.0000 prn=nan nxp=0.000 mph=0.000 bytes=565793 pkts=565793 shard=0
step=0527750 (run 7750/8000) loss=6.15660 byte_ppl=471.819 atoms=7 merges=0 field=8.0809 rms=0.2525 scale=1.0000 fcos=nan ign=0.0000 prn=nan nxp=0.000 mph=0.000 bytes=565793 pkts=565793 shard=0
step=0527775 (run 7775/8000) loss=0.07897 byte_ppl=1.082 atoms=34 merges=0 field=8.1116 rms=0.2535 scale=1.0000 fcos=nan ign=0.0000 prn=nan nxp=0.000 mph=0.000 bytes=565793 pkts=565793 shard=0
step=0527800 (run 7800/8000) loss=3.26258 byte_ppl=26.117 atoms=62 merges=0 field=8.1227 rms=0.2538 scale=1.0000 fcos=nan ign=0.0000 prn=nan nxp=0.000 mph=0.000 bytes=565793 pkts=565793 shard=0
step=0527825 (run 7825/8000) loss=0.01002 byte_ppl=1.010 atoms=19 merges=0 field=8.1062 rms=0.2533 scale=1.0000 fcos=nan ign=0.0000 prn=nan nxp=0.000 mph=0.000 bytes=565793 pkts=565793 shard=0
step=0527850 (run 7850/8000) loss=0.02147 byte_ppl=1.022 atoms=47 merges=0 field=8.1639 rms=0.2551 scale=1.0000 fcos=nan ign=0.0000 prn=nan nxp=0.000 mph=0.000 bytes=565793 pkts=565793 shard=0
step=0527875 (run 7875/8000) loss=0.00017 byte_ppl=1.000 atoms=3 merges=0 field=8.1107 rms=0.2535 scale=1.0000 fcos=nan ign=0.0000 prn=nan nxp=0.000 mph=0.000 bytes=565793 pkts=565793 shard=0
step=0527900 (run 7900/8000) loss=8.08781 byte_ppl=3254.551 atoms=31 merges=0 field=8.1184 rms=0.2537 scale=1.0000 fcos=nan ign=0.0000 prn=nan nxp=0.000 mph=0.000 bytes=565793 pkts=565793 shard=0
step=0527925 (run 7925/8000) loss=1.63359 byte_ppl=5.122 atoms=58 merges=0 field=8.1436 rms=0.2545 scale=1.0000 fcos=nan ign=0.0000 prn=nan nxp=0.000 mph=0.000 bytes=565793 pkts=565793 shard=0
step=0527950 (run 7950/8000) loss=0.16090 byte_ppl=1.175 atoms=16 merges=0 field=8.0911 rms=0.2528 scale=1.0000 fcos=nan ign=0.0000 prn=nan nxp=0.000 mph=0.000 bytes=565793 pkts=565793 shard=0
step=0527975 (run 7975/8000) loss=0.00805 byte_ppl=1.008 atoms=43 merges=0 field=8.0760 rms=0.2524 scale=1.0000 fcos=nan ign=0.0000 prn=nan nxp=0.000 mph=0.000 bytes=565793 pkts=565793 shard=0
step=0528000 (run 8000/8000) loss=5.41768 byte_ppl=225.356 atoms=71 merges=0 field=8.0916 rms=0.2529 scale=1.0000 fcos=nan ign=0.0000 prn=nan nxp=0.000 mph=0.000 bytes=565793 pkts=565793 shard=0
{
  "stream": true,
  "data_path": "data/corpus_fr_medium_s21.txt",
  "data_glob": null,
  "shard_paths": [
    "/home/user/atom-ai/data/corpus_fr_medium_s21.txt"
  ],
  "data_bytes": 500257,
  "data_characters": null,
  "atomizer_version": "atomizer-v1-byte-span",
  "feature_dim": 320,
  "packet_count": null,
  "train_packet_count": null,
  "validation_packet_count": 2048,
  "mean_packet_bytes": null,
  "max_packet_bytes": null,
  "min_packet_bytes": null,
  "bytes_seen": 565793,
  "config": {
    "d_model": 32,
    "n_modes": 32,
    "n_atoms_max": 64,
    "max_span_bytes": 1,
    "episode_length": 8000,
    "episode_reset": true,
    "atom_flush_every": 64,
    "learning_rate": 5e-05,
    "surface_learning_rate": 0.00012,
    "steps": 8000,
    "start_step": 520000,
    "seed": 20260913,
    "surface_alphabet": 256,
    "field_max_rms": 3.0,
    "energy_decay_bounds": [
      0.3,
      0.95
    ],
    "stream": true,
    "chunk_bytes": 65536,
    "loop_shards": true,
    "stream_buffer": 2048,
    "stream_prefetch": true,
    "stream_skip_packets": 520000,
    "last_atom_readout": true,
    "efference_every": 10,
    "enable_merge": false,
    "payload_copy": false,
    "merge_coherence_threshold": 0.45,
    "merge_energy_floor": 0.08,
    "field_loss_weight": 0.05,
    "field_contrast_weight": 0.0,
    "field_ignorance_weight": 0.08,
    "field_ignorance_ablate_shared": false,
    "field_ignorance_prompt_bank": false,
    "field_obligatory_readout": true,
    "field_obligatory_hard": true,
    "printable_aux_weight": 0.0,
    "field_next_packet_weight": 0.0,
    "slow_every": 1
  },
  "packets_seen": 565793,
  "stream_epoch": 1,
  "train": {
    "steps": 8000,
    "efference_every": 10,
    "efference_steps": 800,
    "start_step": 520000,
    "total_steps": 528000,
    "episode_length": 8000,
    "episode_reset": true,
    "atom_flush_every": 64,
    "elapsed_seconds": 127.35312151499966,
    "transitions_per_second": 62.81746301018432,
    "first_loss": 0.21233920753002167,
    "final_loss": 5.417680740356445,
    "final_total_perplexity": 225.35585719749676,
    "finite_losses": true,
    "finite_parameters": true,
    "nan_or_inf": false,
    "field_rms_before_max": 0.2562327980995178,
    "field_rms_after_max": 0.2562327980995178,
    "field_scale_min": 1.0,
    "field_norm_max": 8.199387550354004,
    "field_limited_steps": 0,
    "field_limited_fraction": 0.0,
    "final_dynamics": {
      "coupling_scale": 1.103695273399353,
      "energy_decay": 0.30015984177589417,
      "phase_sync": 0.26646775007247925,
      "energy_decay_before": 0.30015984177589417,
      "energy_decay_repaired": false,
      "energy_decay_bounds": [
        0.3,
        0.95
      ]
    },
    "final_atoms_before_validation": 59,
    "stream": true,
    "bytes_seen": 565793
  },
  "validation": {
    "transitions": 256,
    "loss": 1.1082762044574395,
    "total_perplexity": 3.0291322866255923,
    "byte_loss": 1.1082762044574395,
    "byte_perplexity": 3.0291322866255923,
    "source": "stream_ring"
  },
  "checkpoint": "checkpoints/byte_tick/atom_native_step_528000_d32.pt",
  "reload": {
    "n_atoms": 0,
    "field_norm": 8.091620445251465,
    "time": 88.0003890991211,
    "finite": true
  },
  "generation": {
    "The future of AI is": {
      "temperature": 0.8,
      "top_k": 5,
      "max_length": 20,
      "bytes_hex": "4f75692c20202020",
      "text": "Oui,    ",
      "reload_text": "Oui,    ",
      "reload_match": true
    },
    "Bonjour, je m'appelle": {
      "temperature": 0.8,
      "top_k": 5,
      "max_length": 20,
      "bytes_hex": "4a65202020202020",
      "text": "Je      ",
      "reload_text": "Je      ",
      "reload_match": true
    },
    "Valkyria Chronicles III is": {
      "temperature": 0.8,
      "top_k": 5,
      "max_length": 20,
      "bytes_hex": "4f75692c20202020",
      "text": "Oui,    ",
      "reload_text": "Oui,    ",
      "reload_match": true
    }
  }
}
