train lock acquired: /home/user/atom-ai/checkpoints/atom-ai-train.lock (pid=2233)
stream skip: advancing 552000 packet transitions...
stream skip done: packets_seen=565793
resumed weights from checkpoints/byte_tick/atom_native_step_552000_d32.pt (recorded step=552000, legacy_surface_migrated=False, span_head_migrated=False)
atomizer pack_mode=linguistic max_span_bytes=1
dynamics on load: energy_decay=0.3001353144645691 -> 0.3001353144645691 (repaired=False, bounds=(0.3, 0.95))
MERGE gates: enable=False coherence_thr=0.450 energy_floor=0.080
field_obligatory_hard=ON hard-v2+ (mix_floor=1.0, freeze bypass, logits=frozen+cap*(α_MLP+payload_prod))
payload_copy=False (train-time copy-bias branch)
last_atom_readout=True (byte-tick 2-gram + dentate)
efference_every=10 (0=off)
optimizer groups: field/other lr=5e-05 (13 tensors), surface lr=0.00012 (25 tensors); energy_decay_bounds=(0.3, 0.95); field_max_rms=3.0
stream mode: 1 shard(s), chunk_bytes=65536, loop_shards=True, stream_buffer=2048, stream_prefetch=True
optimizer restore skipped: surface LR param groups differ from checkpoint
step=0552001 (run 1/8000) loss=0.19839 byte_ppl=1.219 atoms=1 merges=0 field=0.0462 rms=0.0018 scale=1.0000 fcos=nan ign=0.0000 prn=nan nxp=0.000 mph=0.000 bytes=565793 pkts=565793 shard=0
step=0552025 (run 25/8000) loss=0.03590 byte_ppl=1.037 atoms=27 merges=0 field=0.5837 rms=0.0183 scale=1.0000 fcos=nan ign=0.0000 prn=nan nxp=0.000 mph=0.000 bytes=565793 pkts=565793 shard=0
step=0552050 (run 50/8000) loss=7.59415 byte_ppl=1986.540 atoms=55 merges=0 field=1.0066 rms=0.0315 scale=1.0000 fcos=nan ign=0.0000 prn=nan nxp=0.000 mph=0.000 bytes=565793 pkts=565793 shard=0
step=0552075 (run 75/8000) loss=0.69055 byte_ppl=1.995 atoms=12 merges=0 field=1.3376 rms=0.0418 scale=1.0000 fcos=nan ign=0.0000 prn=nan nxp=0.000 mph=0.000 bytes=565793 pkts=565793 shard=0
step=0552100 (run 100/8000) loss=0.40031 byte_ppl=1.492 atoms=40 merges=0 field=1.6116 rms=0.0504 scale=1.0000 fcos=nan ign=0.0000 prn=nan nxp=0.000 mph=0.000 bytes=565793 pkts=565793 shard=0
step=0552125 (run 125/8000) loss=0.00313 byte_ppl=1.003 atoms=67 merges=0 field=1.9337 rms=0.0604 scale=1.0000 fcos=nan ign=0.0000 prn=nan nxp=0.000 mph=0.000 bytes=565793 pkts=565793 shard=0
step=0552150 (run 150/8000) loss=5.88091 byte_ppl=358.136 atoms=25 merges=0 field=2.1439 rms=0.0670 scale=1.0000 fcos=nan ign=0.0000 prn=nan nxp=0.000 mph=0.000 bytes=565793 pkts=565793 shard=0
step=0552175 (run 175/8000) loss=0.13801 byte_ppl=1.148 atoms=52 merges=0 field=2.3362 rms=0.0730 scale=1.0000 fcos=nan ign=0.0000 prn=nan nxp=0.000 mph=0.000 bytes=565793 pkts=565793 shard=0
step=0552200 (run 200/8000) loss=5.64139 byte_ppl=281.854 atoms=9 merges=0 field=2.5898 rms=0.0809 scale=1.0000 fcos=nan ign=0.0000 prn=nan nxp=0.000 mph=0.000 bytes=565793 pkts=565793 shard=0
step=0552225 (run 225/8000) loss=0.00206 byte_ppl=1.002 atoms=36 merges=0 field=2.8301 rms=0.0884 scale=1.0000 fcos=nan ign=0.0000 prn=nan nxp=0.000 mph=0.000 bytes=565793 pkts=565793 shard=0
step=0552250 (run 250/8000) loss=4.27294 byte_ppl=71.732 atoms=64 merges=0 field=3.0703 rms=0.0960 scale=1.0000 fcos=nan ign=0.0000 prn=nan nxp=0.000 mph=0.000 bytes=565793 pkts=565793 shard=0
step=0552275 (run 275/8000) loss=0.00014 byte_ppl=1.000 atoms=21 merges=0 field=3.2437 rms=0.1014 scale=1.0000 fcos=nan ign=0.0000 prn=nan nxp=0.000 mph=0.000 bytes=565793 pkts=565793 shard=0
step=0552300 (run 300/8000) loss=6.15836 byte_ppl=472.651 atoms=49 merges=0 field=3.3866 rms=0.1058 scale=1.0000 fcos=nan ign=0.0000 prn=nan nxp=0.000 mph=0.000 bytes=565793 pkts=565793 shard=0
step=0552325 (run 325/8000) loss=0.00113 byte_ppl=1.001 atoms=5 merges=0 field=3.6052 rms=0.1127 scale=1.0000 fcos=nan ign=0.0000 prn=nan nxp=0.000 mph=0.000 bytes=565793 pkts=565793 shard=0
step=0552350 (run 350/8000) loss=0.00204 byte_ppl=1.002 atoms=33 merges=0 field=3.7951 rms=0.1186 scale=1.0000 fcos=nan ign=0.0000 prn=nan nxp=0.000 mph=0.000 bytes=565793 pkts=565793 shard=0
step=0552375 (run 375/8000) loss=5.41613 byte_ppl=225.007 atoms=60 merges=0 field=3.9588 rms=0.1237 scale=1.0000 fcos=nan ign=0.0000 prn=nan nxp=0.000 mph=0.000 bytes=565793 pkts=565793 shard=0
step=0552400 (run 400/8000) loss=0.00222 byte_ppl=1.002 atoms=18 merges=0 field=4.1368 rms=0.1293 scale=1.0000 fcos=nan ign=0.0000 prn=nan nxp=0.000 mph=0.000 bytes=565793 pkts=565793 shard=0
step=0552425 (run 425/8000) loss=23.77509 byte_ppl=21153922183.301 atoms=45 merges=0 field=4.2568 rms=0.1330 scale=1.0000 fcos=nan ign=0.0000 prn=nan nxp=0.000 mph=0.000 bytes=565793 pkts=565793 shard=0
step=0552450 (run 450/8000) loss=1.77114 byte_ppl=5.878 atoms=3 merges=0 field=4.3767 rms=0.1368 scale=1.0000 fcos=nan ign=0.0000 prn=nan nxp=0.000 mph=0.000 bytes=565793 pkts=565793 shard=0
step=0552475 (run 475/8000) loss=0.04254 byte_ppl=1.043 atoms=30 merges=0 field=4.5066 rms=0.1408 scale=1.0000 fcos=nan ign=0.0000 prn=nan nxp=0.000 mph=0.000 bytes=565793 pkts=565793 shard=0
step=0552500 (run 500/8000) loss=6.04183 byte_ppl=420.662 atoms=58 merges=0 field=4.6387 rms=0.1450 scale=1.0000 fcos=nan ign=0.0000 prn=nan nxp=0.000 mph=0.000 bytes=565793 pkts=565793 shard=0
step=0552525 (run 525/8000) loss=0.00036 byte_ppl=1.000 atoms=14 merges=0 field=4.7515 rms=0.1485 scale=1.0000 fcos=nan ign=0.0000 prn=nan nxp=0.000 mph=0.000 bytes=565793 pkts=565793 shard=0
step=0552550 (run 550/8000) loss=5.50794 byte_ppl=246.643 atoms=42 merges=0 field=4.9246 rms=0.1539 scale=1.0000 fcos=nan ign=0.0000 prn=nan nxp=0.000 mph=0.000 bytes=565793 pkts=565793 shard=0
step=0552575 (run 575/8000) loss=4.57842 byte_ppl=97.360 atoms=69 merges=0 field=5.0204 rms=0.1569 scale=1.0000 fcos=nan ign=0.0000 prn=nan nxp=0.000 mph=0.000 bytes=565793 pkts=565793 shard=0
step=0552600 (run 600/8000) loss=8.55318 byte_ppl=5183.224 atoms=27 merges=0 field=5.1769 rms=0.1618 scale=1.0000 fcos=nan ign=0.0000 prn=nan nxp=0.000 mph=0.000 bytes=565793 pkts=565793 shard=0
step=0552625 (run 625/8000) loss=0.00096 byte_ppl=1.001 atoms=54 merges=0 field=5.2684 rms=0.1646 scale=1.0000 fcos=nan ign=0.0000 prn=nan nxp=0.000 mph=0.000 bytes=565793 pkts=565793 shard=0
step=0552650 (run 650/8000) loss=12.21498 byte_ppl=201789.454 atoms=11 merges=0 field=5.3672 rms=0.1677 scale=1.0000 fcos=nan ign=0.0000 prn=nan nxp=0.000 mph=0.000 bytes=565793 pkts=565793 shard=0
step=0552675 (run 675/8000) loss=0.26514 byte_ppl=1.304 atoms=38 merges=0 field=5.4789 rms=0.1712 scale=1.0000 fcos=nan ign=0.0000 prn=nan nxp=0.000 mph=0.000 bytes=565793 pkts=565793 shard=0
step=0552700 (run 700/8000) loss=13.45977 byte_ppl=700657.859 atoms=66 merges=0 field=5.6255 rms=0.1758 scale=1.0000 fcos=nan ign=0.0000 prn=nan nxp=0.000 mph=0.000 bytes=565793 pkts=565793 shard=0
step=0552725 (run 725/8000) loss=3.16102 byte_ppl=23.595 atoms=23 merges=0 field=5.6886 rms=0.1778 scale=1.0000 fcos=nan ign=0.0000 prn=nan nxp=0.000 mph=0.000 bytes=565793 pkts=565793 shard=0
step=0552750 (run 750/8000) loss=0.00014 byte_ppl=1.000 atoms=51 merges=0 field=5.8054 rms=0.1814 scale=1.0000 fcos=nan ign=0.0000 prn=nan nxp=0.000 mph=0.000 bytes=565793 pkts=565793 shard=0
step=0552775 (run 775/8000) loss=0.01055 byte_ppl=1.011 atoms=8 merges=0 field=5.9501 rms=0.1859 scale=1.0000 fcos=nan ign=0.0000 prn=nan nxp=0.000 mph=0.000 bytes=565793 pkts=565793 shard=0
step=0552800 (run 800/8000) loss=6.93613 byte_ppl=1028.783 atoms=36 merges=0 field=6.0433 rms=0.1889 scale=1.0000 fcos=nan ign=0.0000 prn=nan nxp=0.000 mph=0.000 bytes=565793 pkts=565793 shard=0
step=0552825 (run 825/8000) loss=0.00021 byte_ppl=1.000 atoms=63 merges=0 field=6.1194 rms=0.1912 scale=1.0000 fcos=nan ign=0.0000 prn=nan nxp=0.000 mph=0.000 bytes=565793 pkts=565793 shard=0
step=0552850 (run 850/8000) loss=0.00013 byte_ppl=1.000 atoms=20 merges=0 field=6.1964 rms=0.1936 scale=1.0000 fcos=nan ign=0.0000 prn=nan nxp=0.000 mph=0.000 bytes=565793 pkts=565793 shard=0
step=0552875 (run 875/8000) loss=0.00521 byte_ppl=1.005 atoms=47 merges=0 field=6.2958 rms=0.1967 scale=1.0000 fcos=nan ign=0.0000 prn=nan nxp=0.000 mph=0.000 bytes=565793 pkts=565793 shard=0
step=0552900 (run 900/8000) loss=0.33495 byte_ppl=1.398 atoms=5 merges=0 field=6.3888 rms=0.1997 scale=1.0000 fcos=nan ign=0.0000 prn=nan nxp=0.000 mph=0.000 bytes=565793 pkts=565793 shard=0
step=0552925 (run 925/8000) loss=9.19576 byte_ppl=9855.299 atoms=32 merges=0 field=6.4345 rms=0.2011 scale=1.0000 fcos=nan ign=0.0000 prn=nan nxp=0.000 mph=0.000 bytes=565793 pkts=565793 shard=0
step=0552950 (run 950/8000) loss=3.98692 byte_ppl=53.888 atoms=60 merges=0 field=6.4625 rms=0.2020 scale=1.0000 fcos=nan ign=0.0000 prn=nan nxp=0.000 mph=0.000 bytes=565793 pkts=565793 shard=0
step=0552975 (run 975/8000) loss=0.18399 byte_ppl=1.202 atoms=16 merges=0 field=6.5205 rms=0.2038 scale=1.0000 fcos=nan ign=0.0000 prn=nan nxp=0.000 mph=0.000 bytes=565793 pkts=565793 shard=0
step=0553000 (run 1000/8000) loss=6.04084 byte_ppl=420.248 atoms=44 merges=0 field=6.6127 rms=0.2066 scale=1.0000 fcos=nan ign=0.0000 prn=nan nxp=0.000 mph=0.000 bytes=565793 pkts=565793 shard=0
step=0553025 (run 1025/8000) loss=0.00011 byte_ppl=1.000 atoms=1 merges=0 field=6.6726 rms=0.2085 scale=1.0000 fcos=nan ign=0.0000 prn=nan nxp=0.000 mph=0.000 bytes=565793 pkts=565793 shard=0
step=0553050 (run 1050/8000) loss=7.94704 byte_ppl=2827.200 atoms=29 merges=0 field=6.7206 rms=0.2100 scale=1.0000 fcos=nan ign=0.0000 prn=nan nxp=0.000 mph=0.000 bytes=565793 pkts=565793 shard=0
step=0553075 (run 1075/8000) loss=0.45064 byte_ppl=1.569 atoms=56 merges=0 field=6.7867 rms=0.2121 scale=1.0000 fcos=nan ign=0.0000 prn=nan nxp=0.000 mph=0.000 bytes=565793 pkts=565793 shard=0
step=0553100 (run 1100/8000) loss=0.00004 byte_ppl=1.000 atoms=14 merges=0 field=6.8674 rms=0.2146 scale=1.0000 fcos=nan ign=0.0000 prn=nan nxp=0.000 mph=0.000 bytes=565793 pkts=565793 shard=0
step=0553125 (run 1125/8000) loss=0.00044 byte_ppl=1.000 atoms=41 merges=0 field=6.9834 rms=0.2182 scale=1.0000 fcos=nan ign=0.0000 prn=nan nxp=0.000 mph=0.000 bytes=565793 pkts=565793 shard=0
step=0553150 (run 1150/8000) loss=0.03621 byte_ppl=1.037 atoms=69 merges=0 field=7.0221 rms=0.2194 scale=1.0000 fcos=nan ign=0.0000 prn=nan nxp=0.000 mph=0.000 bytes=565793 pkts=565793 shard=0
step=0553175 (run 1175/8000) loss=0.00386 byte_ppl=1.004 atoms=25 merges=0 field=7.0596 rms=0.2206 scale=1.0000 fcos=nan ign=0.0000 prn=nan nxp=0.000 mph=0.000 bytes=565793 pkts=565793 shard=0
step=0553200 (run 1200/8000) loss=0.00502 byte_ppl=1.005 atoms=53 merges=0 field=7.1854 rms=0.2245 scale=1.0000 fcos=nan ign=0.0000 prn=nan nxp=0.000 mph=0.000 bytes=565793 pkts=565793 shard=0
step=0553225 (run 1225/8000) loss=0.01921 byte_ppl=1.019 atoms=10 merges=0 field=7.2523 rms=0.2266 scale=1.0000 fcos=nan ign=0.0000 prn=nan nxp=0.000 mph=0.000 bytes=565793 pkts=565793 shard=0
step=0553250 (run 1250/8000) loss=3.76154 byte_ppl=43.015 atoms=38 merges=0 field=7.2961 rms=0.2280 scale=1.0000 fcos=nan ign=0.0000 prn=nan nxp=0.000 mph=0.000 bytes=565793 pkts=565793 shard=0
step=0553275 (run 1275/8000) loss=0.00129 byte_ppl=1.001 atoms=65 merges=0 field=7.3645 rms=0.2301 scale=1.0000 fcos=nan ign=0.0000 prn=nan nxp=0.000 mph=0.000 bytes=565793 pkts=565793 shard=0
step=0553300 (run 1300/8000) loss=10.01572 byte_ppl=22375.402 atoms=22 merges=0 field=7.4041 rms=0.2314 scale=1.0000 fcos=nan ign=0.0000 prn=nan nxp=0.000 mph=0.000 bytes=565793 pkts=565793 shard=0
step=0553325 (run 1325/8000) loss=0.17937 byte_ppl=1.196 atoms=49 merges=0 field=7.4574 rms=0.2330 scale=1.0000 fcos=nan ign=0.0000 prn=nan nxp=0.000 mph=0.000 bytes=565793 pkts=565793 shard=0
step=0553350 (run 1350/8000) loss=0.19305 byte_ppl=1.213 atoms=7 merges=0 field=7.4991 rms=0.2343 scale=1.0000 fcos=nan ign=0.0000 prn=nan nxp=0.000 mph=0.000 bytes=565793 pkts=565793 shard=0
step=0553375 (run 1375/8000) loss=0.00183 byte_ppl=1.002 atoms=34 merges=0 field=7.5352 rms=0.2355 scale=1.0000 fcos=nan ign=0.0000 prn=nan nxp=0.000 mph=0.000 bytes=565793 pkts=565793 shard=0
step=0553400 (run 1400/8000) loss=0.02220 byte_ppl=1.022 atoms=62 merges=0 field=7.6029 rms=0.2376 scale=1.0000 fcos=nan ign=0.0000 prn=nan nxp=0.000 mph=0.000 bytes=565793 pkts=565793 shard=0
step=0553425 (run 1425/8000) loss=0.00017 byte_ppl=1.000 atoms=19 merges=0 field=7.6744 rms=0.2398 scale=1.0000 fcos=nan ign=0.0000 prn=nan nxp=0.000 mph=0.000 bytes=565793 pkts=565793 shard=0
step=0553450 (run 1450/8000) loss=7.09316 byte_ppl=1203.704 atoms=47 merges=0 field=7.6946 rms=0.2405 scale=1.0000 fcos=nan ign=0.0000 prn=nan nxp=0.000 mph=0.000 bytes=565793 pkts=565793 shard=0
step=0553475 (run 1475/8000) loss=0.00349 byte_ppl=1.003 atoms=3 merges=0 field=7.7241 rms=0.2414 scale=1.0000 fcos=nan ign=0.0000 prn=nan nxp=0.000 mph=0.000 bytes=565793 pkts=565793 shard=0
step=0553500 (run 1500/8000) loss=3.76905 byte_ppl=43.339 atoms=31 merges=0 field=7.7170 rms=0.2412 scale=1.0000 fcos=nan ign=0.0000 prn=nan nxp=0.000 mph=0.000 bytes=565793 pkts=565793 shard=0
step=0553525 (run 1525/8000) loss=0.00695 byte_ppl=1.007 atoms=58 merges=0 field=7.7520 rms=0.2423 scale=1.0000 fcos=nan ign=0.0000 prn=nan nxp=0.000 mph=0.000 bytes=565793 pkts=565793 shard=0
step=0553550 (run 1550/8000) loss=0.00105 byte_ppl=1.001 atoms=16 merges=0 field=7.7649 rms=0.2427 scale=1.0000 fcos=nan ign=0.0000 prn=nan nxp=0.000 mph=0.000 bytes=565793 pkts=565793 shard=0
step=0553575 (run 1575/8000) loss=0.01056 byte_ppl=1.011 atoms=43 merges=0 field=7.8153 rms=0.2442 scale=1.0000 fcos=nan ign=0.0000 prn=nan nxp=0.000 mph=0.000 bytes=565793 pkts=565793 shard=0
step=0553600 (run 1600/8000) loss=13.95655 byte_ppl=1151469.654 atoms=71 merges=0 field=7.8685 rms=0.2459 scale=1.0000 fcos=nan ign=0.0000 prn=nan nxp=0.000 mph=0.000 bytes=565793 pkts=565793 shard=0
step=0553625 (run 1625/8000) loss=0.00045 byte_ppl=1.000 atoms=27 merges=0 field=7.8645 rms=0.2458 scale=1.0000 fcos=nan ign=0.0000 prn=nan nxp=0.000 mph=0.000 bytes=565793 pkts=565793 shard=0
step=0553650 (run 1650/8000) loss=5.04849 byte_ppl=155.787 atoms=55 merges=0 field=7.8897 rms=0.2466 scale=1.0000 fcos=nan ign=0.0000 prn=nan nxp=0.000 mph=0.000 bytes=565793 pkts=565793 shard=0
step=0553675 (run 1675/8000) loss=6.49283 byte_ppl=660.389 atoms=12 merges=0 field=7.9194 rms=0.2475 scale=1.0000 fcos=nan ign=0.0000 prn=nan nxp=0.000 mph=0.000 bytes=565793 pkts=565793 shard=0
step=0553700 (run 1700/8000) loss=11.27713 byte_ppl=78994.384 atoms=40 merges=0 field=7.9138 rms=0.2473 scale=1.0000 fcos=nan ign=0.0000 prn=nan nxp=0.000 mph=0.000 bytes=565793 pkts=565793 shard=0
step=0553725 (run 1725/8000) loss=0.00193 byte_ppl=1.002 atoms=67 merges=0 field=7.9389 rms=0.2481 scale=1.0000 fcos=nan ign=0.0000 prn=nan nxp=0.000 mph=0.000 bytes=565793 pkts=565793 shard=0
step=0553750 (run 1750/8000) loss=8.86245 byte_ppl=7061.787 atoms=25 merges=0 field=7.9405 rms=0.2481 scale=1.0000 fcos=nan ign=0.0000 prn=nan nxp=0.000 mph=0.000 bytes=565793 pkts=565793 shard=0
step=0553775 (run 1775/8000) loss=0.00317 byte_ppl=1.003 atoms=52 merges=0 field=7.9475 rms=0.2484 scale=1.0000 fcos=nan ign=0.0000 prn=nan nxp=0.000 mph=0.000 bytes=565793 pkts=565793 shard=0
step=0553800 (run 1800/8000) loss=8.81077 byte_ppl=6706.068 atoms=9 merges=0 field=7.9716 rms=0.2491 scale=1.0000 fcos=nan ign=0.0000 prn=nan nxp=0.000 mph=0.000 bytes=565793 pkts=565793 shard=0
step=0553825 (run 1825/8000) loss=0.00598 byte_ppl=1.006 atoms=36 merges=0 field=7.9793 rms=0.2494 scale=1.0000 fcos=nan ign=0.0000 prn=nan nxp=0.000 mph=0.000 bytes=565793 pkts=565793 shard=0
step=0553850 (run 1850/8000) loss=6.27614 byte_ppl=531.731 atoms=64 merges=0 field=7.9073 rms=0.2471 scale=1.0000 fcos=nan ign=0.0000 prn=nan nxp=0.000 mph=0.000 bytes=565793 pkts=565793 shard=0
step=0553875 (run 1875/8000) loss=0.10917 byte_ppl=1.115 atoms=21 merges=0 field=7.9152 rms=0.2474 scale=1.0000 fcos=nan ign=0.0000 prn=nan nxp=0.000 mph=0.000 bytes=565793 pkts=565793 shard=0
step=0553900 (run 1900/8000) loss=0.00606 byte_ppl=1.006 atoms=49 merges=0 field=7.9431 rms=0.2482 scale=1.0000 fcos=nan ign=0.0000 prn=nan nxp=0.000 mph=0.000 bytes=565793 pkts=565793 shard=0
step=0553925 (run 1925/8000) loss=0.00886 byte_ppl=1.009 atoms=5 merges=0 field=7.9556 rms=0.2486 scale=1.0000 fcos=nan ign=0.0000 prn=nan nxp=0.000 mph=0.000 bytes=565793 pkts=565793 shard=0
step=0553950 (run 1950/8000) loss=3.15844 byte_ppl=23.534 atoms=33 merges=0 field=8.0048 rms=0.2502 scale=1.0000 fcos=nan ign=0.0000 prn=nan nxp=0.000 mph=0.000 bytes=565793 pkts=565793 shard=0
step=0553975 (run 1975/8000) loss=0.00049 byte_ppl=1.000 atoms=60 merges=0 field=7.9984 rms=0.2500 scale=1.0000 fcos=nan ign=0.0000 prn=nan nxp=0.000 mph=0.000 bytes=565793 pkts=565793 shard=0
step=0554000 (run 2000/8000) loss=0.00373 byte_ppl=1.004 atoms=18 merges=0 field=8.0098 rms=0.2503 scale=1.0000 fcos=nan ign=0.0000 prn=nan nxp=0.000 mph=0.000 bytes=565793 pkts=565793 shard=0
step=0554025 (run 2025/8000) loss=0.00242 byte_ppl=1.002 atoms=45 merges=0 field=8.0032 rms=0.2501 scale=1.0000 fcos=nan ign=0.0000 prn=nan nxp=0.000 mph=0.000 bytes=565793 pkts=565793 shard=0
step=0554050 (run 2050/8000) loss=2.69035 byte_ppl=14.737 atoms=3 merges=0 field=8.0376 rms=0.2512 scale=1.0000 fcos=nan ign=0.0000 prn=nan nxp=0.000 mph=0.000 bytes=565793 pkts=565793 shard=0
step=0554075 (run 2075/8000) loss=4.27549 byte_ppl=71.915 atoms=30 merges=0 field=8.0751 rms=0.2523 scale=1.0000 fcos=nan ign=0.0000 prn=nan nxp=0.000 mph=0.000 bytes=565793 pkts=565793 shard=0
step=0554100 (run 2100/8000) loss=9.71154 byte_ppl=16506.944 atoms=58 merges=0 field=8.1178 rms=0.2537 scale=1.0000 fcos=nan ign=0.0000 prn=nan nxp=0.000 mph=0.000 bytes=565793 pkts=565793 shard=0
step=0554125 (run 2125/8000) loss=1.17965 byte_ppl=3.253 atoms=14 merges=0 field=8.1300 rms=0.2541 scale=1.0000 fcos=nan ign=0.0000 prn=nan nxp=0.000 mph=0.000 bytes=565793 pkts=565793 shard=0
step=0554150 (run 2150/8000) loss=0.00994 byte_ppl=1.010 atoms=42 merges=0 field=8.1550 rms=0.2548 scale=1.0000 fcos=nan ign=0.0000 prn=nan nxp=0.000 mph=0.000 bytes=565793 pkts=565793 shard=0
step=0554175 (run 2175/8000) loss=0.00561 byte_ppl=1.006 atoms=69 merges=0 field=8.1877 rms=0.2559 scale=1.0000 fcos=nan ign=0.0000 prn=nan nxp=0.000 mph=0.000 bytes=565793 pkts=565793 shard=0
step=0554200 (run 2200/8000) loss=6.49282 byte_ppl=660.384 atoms=27 merges=0 field=8.2000 rms=0.2563 scale=1.0000 fcos=nan ign=0.0000 prn=nan nxp=0.000 mph=0.000 bytes=565793 pkts=565793 shard=0
step=0554225 (run 2225/8000) loss=0.00472 byte_ppl=1.005 atoms=54 merges=0 field=8.2170 rms=0.2568 scale=1.0000 fcos=nan ign=0.0000 prn=nan nxp=0.000 mph=0.000 bytes=565793 pkts=565793 shard=0
step=0554250 (run 2250/8000) loss=0.35773 byte_ppl=1.430 atoms=11 merges=0 field=8.2588 rms=0.2581 scale=1.0000 fcos=nan ign=0.0000 prn=nan nxp=0.000 mph=0.000 bytes=565793 pkts=565793 shard=0
step=0554275 (run 2275/8000) loss=0.01096 byte_ppl=1.011 atoms=38 merges=0 field=8.2468 rms=0.2577 scale=1.0000 fcos=nan ign=0.0000 prn=nan nxp=0.000 mph=0.000 bytes=565793 pkts=565793 shard=0
step=0554300 (run 2300/8000) loss=1.31615 byte_ppl=3.729 atoms=66 merges=0 field=8.2220 rms=0.2569 scale=1.0000 fcos=nan ign=0.0000 prn=nan nxp=0.000 mph=0.000 bytes=565793 pkts=565793 shard=0
step=0554325 (run 2325/8000) loss=1.05882 byte_ppl=2.883 atoms=23 merges=0 field=8.2520 rms=0.2579 scale=1.0000 fcos=nan ign=0.0000 prn=nan nxp=0.000 mph=0.000 bytes=565793 pkts=565793 shard=0
step=0554350 (run 2350/8000) loss=7.97316 byte_ppl=2902.020 atoms=51 merges=0 field=8.2879 rms=0.2590 scale=1.0000 fcos=nan ign=0.0000 prn=nan nxp=0.000 mph=0.000 bytes=565793 pkts=565793 shard=0
step=0554375 (run 2375/8000) loss=3.90081 byte_ppl=49.443 atoms=8 merges=0 field=8.2896 rms=0.2591 scale=1.0000 fcos=nan ign=0.0000 prn=nan nxp=0.000 mph=0.000 bytes=565793 pkts=565793 shard=0
step=0554400 (run 2400/8000) loss=3.52295 byte_ppl=33.884 atoms=36 merges=0 field=8.2906 rms=0.2591 scale=1.0000 fcos=nan ign=0.0000 prn=nan nxp=0.000 mph=0.000 bytes=565793 pkts=565793 shard=0
step=0554425 (run 2425/8000) loss=1.38040 byte_ppl=3.976 atoms=63 merges=0 field=8.3275 rms=0.2602 scale=1.0000 fcos=nan ign=0.0000 prn=nan nxp=0.000 mph=0.000 bytes=565793 pkts=565793 shard=0
step=0554450 (run 2450/8000) loss=2.87556 byte_ppl=17.735 atoms=20 merges=0 field=8.3209 rms=0.2600 scale=1.0000 fcos=nan ign=0.0000 prn=nan nxp=0.000 mph=0.000 bytes=565793 pkts=565793 shard=0
step=0554475 (run 2475/8000) loss=0.13811 byte_ppl=1.148 atoms=47 merges=0 field=8.3327 rms=0.2604 scale=1.0000 fcos=nan ign=0.0000 prn=nan nxp=0.000 mph=0.000 bytes=565793 pkts=565793 shard=0
step=0554500 (run 2500/8000) loss=0.00592 byte_ppl=1.006 atoms=5 merges=0 field=8.3333 rms=0.2604 scale=1.0000 fcos=nan ign=0.0000 prn=nan nxp=0.000 mph=0.000 bytes=565793 pkts=565793 shard=0
step=0554525 (run 2525/8000) loss=0.00021 byte_ppl=1.000 atoms=32 merges=0 field=8.3193 rms=0.2600 scale=1.0000 fcos=nan ign=0.0000 prn=nan nxp=0.000 mph=0.000 bytes=565793 pkts=565793 shard=0
step=0554550 (run 2550/8000) loss=5.57274 byte_ppl=263.154 atoms=60 merges=0 field=8.3687 rms=0.2615 scale=1.0000 fcos=nan ign=0.0000 prn=nan nxp=0.000 mph=0.000 bytes=565793 pkts=565793 shard=0
step=0554575 (run 2575/8000) loss=1.37706 byte_ppl=3.963 atoms=16 merges=0 field=8.3854 rms=0.2620 scale=1.0000 fcos=nan ign=0.0000 prn=nan nxp=0.000 mph=0.000 bytes=565793 pkts=565793 shard=0
step=0554600 (run 2600/8000) loss=4.10678 byte_ppl=60.751 atoms=44 merges=0 field=8.3923 rms=0.2623 scale=1.0000 fcos=nan ign=0.0000 prn=nan nxp=0.000 mph=0.000 bytes=565793 pkts=565793 shard=0
step=0554625 (run 2625/8000) loss=1.19109 byte_ppl=3.291 atoms=1 merges=0 field=8.4338 rms=0.2636 scale=1.0000 fcos=nan ign=0.0000 prn=nan nxp=0.000 mph=0.000 bytes=565793 pkts=565793 shard=0
step=0554650 (run 2650/8000) loss=4.14279 byte_ppl=62.978 atoms=29 merges=0 field=8.4764 rms=0.2649 scale=1.0000 fcos=nan ign=0.0000 prn=nan nxp=0.000 mph=0.000 bytes=565793 pkts=565793 shard=0
step=0554675 (run 2675/8000) loss=0.01117 byte_ppl=1.011 atoms=56 merges=0 field=8.5004 rms=0.2656 scale=1.0000 fcos=nan ign=0.0000 prn=nan nxp=0.000 mph=0.000 bytes=565793 pkts=565793 shard=0
step=0554700 (run 2700/8000) loss=0.00015 byte_ppl=1.000 atoms=14 merges=0 field=8.5000 rms=0.2656 scale=1.0000 fcos=nan ign=0.0000 prn=nan nxp=0.000 mph=0.000 bytes=565793 pkts=565793 shard=0
step=0554725 (run 2725/8000) loss=3.73824 byte_ppl=42.024 atoms=41 merges=0 field=8.5532 rms=0.2673 scale=1.0000 fcos=nan ign=0.0000 prn=nan nxp=0.000 mph=0.000 bytes=565793 pkts=565793 shard=0
step=0554750 (run 2750/8000) loss=4.50400 byte_ppl=90.378 atoms=69 merges=0 field=8.5616 rms=0.2676 scale=1.0000 fcos=nan ign=0.0000 prn=nan nxp=0.000 mph=0.000 bytes=565793 pkts=565793 shard=0
step=0554775 (run 2775/8000) loss=0.19485 byte_ppl=1.215 atoms=25 merges=0 field=8.5910 rms=0.2685 scale=1.0000 fcos=nan ign=0.0000 prn=nan nxp=0.000 mph=0.000 bytes=565793 pkts=565793 shard=0
step=0554800 (run 2800/8000) loss=0.07317 byte_ppl=1.076 atoms=53 merges=0 field=8.5973 rms=0.2687 scale=1.0000 fcos=nan ign=0.0000 prn=nan nxp=0.000 mph=0.000 bytes=565793 pkts=565793 shard=0
step=0554825 (run 2825/8000) loss=0.00019 byte_ppl=1.000 atoms=10 merges=0 field=8.5938 rms=0.2686 scale=1.0000 fcos=nan ign=0.0000 prn=nan nxp=0.000 mph=0.000 bytes=565793 pkts=565793 shard=0
step=0554850 (run 2850/8000) loss=2.68015 byte_ppl=14.587 atoms=38 merges=0 field=8.5925 rms=0.2685 scale=1.0000 fcos=nan ign=0.0000 prn=nan nxp=0.000 mph=0.000 bytes=565793 pkts=565793 shard=0
step=0554875 (run 2875/8000) loss=0.00022 byte_ppl=1.000 atoms=65 merges=0 field=8.6126 rms=0.2691 scale=1.0000 fcos=nan ign=0.0000 prn=nan nxp=0.000 mph=0.000 bytes=565793 pkts=565793 shard=0
step=0554900 (run 2900/8000) loss=9.38523 byte_ppl=11911.091 atoms=22 merges=0 field=8.6376 rms=0.2699 scale=1.0000 fcos=nan ign=0.0000 prn=nan nxp=0.000 mph=0.000 bytes=565793 pkts=565793 shard=0
step=0554925 (run 2925/8000) loss=0.00062 byte_ppl=1.001 atoms=49 merges=0 field=8.5851 rms=0.2683 scale=1.0000 fcos=nan ign=0.0000 prn=nan nxp=0.000 mph=0.000 bytes=565793 pkts=565793 shard=0
step=0554950 (run 2950/8000) loss=8.00537 byte_ppl=2996.998 atoms=7 merges=0 field=8.5672 rms=0.2677 scale=1.0000 fcos=nan ign=0.0000 prn=nan nxp=0.000 mph=0.000 bytes=565793 pkts=565793 shard=0
step=0554975 (run 2975/8000) loss=0.06733 byte_ppl=1.070 atoms=34 merges=0 field=8.5581 rms=0.2674 scale=1.0000 fcos=nan ign=0.0000 prn=nan nxp=0.000 mph=0.000 bytes=565793 pkts=565793 shard=0
step=0555000 (run 3000/8000) loss=1.17809 byte_ppl=3.248 atoms=62 merges=0 field=8.5473 rms=0.2671 scale=1.0000 fcos=nan ign=0.0000 prn=nan nxp=0.000 mph=0.000 bytes=565793 pkts=565793 shard=0
step=0555025 (run 3025/8000) loss=0.00158 byte_ppl=1.002 atoms=19 merges=0 field=8.5612 rms=0.2675 scale=1.0000 fcos=nan ign=0.0000 prn=nan nxp=0.000 mph=0.000 bytes=565793 pkts=565793 shard=0
step=0555050 (run 3050/8000) loss=0.12302 byte_ppl=1.131 atoms=47 merges=0 field=8.5554 rms=0.2674 scale=1.0000 fcos=nan ign=0.0000 prn=nan nxp=0.000 mph=0.000 bytes=565793 pkts=565793 shard=0
step=0555075 (run 3075/8000) loss=0.00037 byte_ppl=1.000 atoms=3 merges=0 field=8.5044 rms=0.2658 scale=1.0000 fcos=nan ign=0.0000 prn=nan nxp=0.000 mph=0.000 bytes=565793 pkts=565793 shard=0
step=0555100 (run 3100/8000) loss=0.36408 byte_ppl=1.439 atoms=31 merges=0 field=8.5386 rms=0.2668 scale=1.0000 fcos=nan ign=0.0000 prn=nan nxp=0.000 mph=0.000 bytes=565793 pkts=565793 shard=0
step=0555125 (run 3125/8000) loss=6.11979 byte_ppl=454.770 atoms=58 merges=0 field=8.5698 rms=0.2678 scale=1.0000 fcos=nan ign=0.0000 prn=nan nxp=0.000 mph=0.000 bytes=565793 pkts=565793 shard=0
step=0555150 (run 3150/8000) loss=0.21390 byte_ppl=1.238 atoms=16 merges=0 field=8.5474 rms=0.2671 scale=1.0000 fcos=nan ign=0.0000 prn=nan nxp=0.000 mph=0.000 bytes=565793 pkts=565793 shard=0
step=0555175 (run 3175/8000) loss=0.11877 byte_ppl=1.126 atoms=43 merges=0 field=8.5721 rms=0.2679 scale=1.0000 fcos=nan ign=0.0000 prn=nan nxp=0.000 mph=0.000 bytes=565793 pkts=565793 shard=0
step=0555200 (run 3200/8000) loss=8.98790 byte_ppl=8005.641 atoms=71 merges=0 field=8.6005 rms=0.2688 scale=1.0000 fcos=nan ign=0.0000 prn=nan nxp=0.000 mph=0.000 bytes=565793 pkts=565793 shard=0
step=0555225 (run 3225/8000) loss=1.66820 byte_ppl=5.303 atoms=27 merges=0 field=8.6530 rms=0.2704 scale=1.0000 fcos=nan ign=0.0000 prn=nan nxp=0.000 mph=0.000 bytes=565793 pkts=565793 shard=0
step=0555250 (run 3250/8000) loss=5.94675 byte_ppl=382.506 atoms=55 merges=0 field=8.6666 rms=0.2708 scale=1.0000 fcos=nan ign=0.0000 prn=nan nxp=0.000 mph=0.000 bytes=565793 pkts=565793 shard=0
step=0555275 (run 3275/8000) loss=0.00340 byte_ppl=1.003 atoms=12 merges=0 field=8.7116 rms=0.2722 scale=1.0000 fcos=nan ign=0.0000 prn=nan nxp=0.000 mph=0.000 bytes=565793 pkts=565793 shard=0
step=0555300 (run 3300/8000) loss=5.27373 byte_ppl=195.142 atoms=40 merges=0 field=8.7621 rms=0.2738 scale=1.0000 fcos=nan ign=0.0000 prn=nan nxp=0.000 mph=0.000 bytes=565793 pkts=565793 shard=0
step=0555325 (run 3325/8000) loss=0.00529 byte_ppl=1.005 atoms=67 merges=0 field=8.7395 rms=0.2731 scale=1.0000 fcos=nan ign=0.0000 prn=nan nxp=0.000 mph=0.000 bytes=565793 pkts=565793 shard=0
step=0555350 (run 3350/8000) loss=7.09574 byte_ppl=1206.811 atoms=25 merges=0 field=8.7677 rms=0.2740 scale=1.0000 fcos=nan ign=0.0000 prn=nan nxp=0.000 mph=0.000 bytes=565793 pkts=565793 shard=0
step=0555375 (run 3375/8000) loss=0.03652 byte_ppl=1.037 atoms=52 merges=0 field=8.8248 rms=0.2758 scale=1.0000 fcos=nan ign=0.0000 prn=nan nxp=0.000 mph=0.000 bytes=565793 pkts=565793 shard=0
step=0555400 (run 3400/8000) loss=4.82559 byte_ppl=124.660 atoms=9 merges=0 field=8.7792 rms=0.2744 scale=1.0000 fcos=nan ign=0.0000 prn=nan nxp=0.000 mph=0.000 bytes=565793 pkts=565793 shard=0
step=0555425 (run 3425/8000) loss=0.01177 byte_ppl=1.012 atoms=36 merges=0 field=8.7864 rms=0.2746 scale=1.0000 fcos=nan ign=0.0000 prn=nan nxp=0.000 mph=0.000 bytes=565793 pkts=565793 shard=0
step=0555450 (run 3450/8000) loss=0.00205 byte_ppl=1.002 atoms=64 merges=0 field=8.8383 rms=0.2762 scale=1.0000 fcos=nan ign=0.0000 prn=nan nxp=0.000 mph=0.000 bytes=565793 pkts=565793 shard=0
step=0555475 (run 3475/8000) loss=0.00066 byte_ppl=1.001 atoms=21 merges=0 field=8.8179 rms=0.2756 scale=1.0000 fcos=nan ign=0.0000 prn=nan nxp=0.000 mph=0.000 bytes=565793 pkts=565793 shard=0
step=0555500 (run 3500/8000) loss=5.80677 byte_ppl=332.542 atoms=49 merges=0 field=8.8550 rms=0.2767 scale=1.0000 fcos=nan ign=0.0000 prn=nan nxp=0.000 mph=0.000 bytes=565793 pkts=565793 shard=0
step=0555525 (run 3525/8000) loss=0.02125 byte_ppl=1.021 atoms=5 merges=0 field=8.8319 rms=0.2760 scale=1.0000 fcos=nan ign=0.0000 prn=nan nxp=0.000 mph=0.000 bytes=565793 pkts=565793 shard=0
step=0555550 (run 3550/8000) loss=5.12595 byte_ppl=168.334 atoms=33 merges=0 field=8.7922 rms=0.2748 scale=1.0000 fcos=nan ign=0.0000 prn=nan nxp=0.000 mph=0.000 bytes=565793 pkts=565793 shard=0
step=0555575 (run 3575/8000) loss=0.00206 byte_ppl=1.002 atoms=60 merges=0 field=8.8120 rms=0.2754 scale=1.0000 fcos=nan ign=0.0000 prn=nan nxp=0.000 mph=0.000 bytes=565793 pkts=565793 shard=0
step=0555600 (run 3600/8000) loss=7.70243 byte_ppl=2213.715 atoms=18 merges=0 field=8.8306 rms=0.2760 scale=1.0000 fcos=nan ign=0.0000 prn=nan nxp=0.000 mph=0.000 bytes=565793 pkts=565793 shard=0
step=0555625 (run 3625/8000) loss=0.03202 byte_ppl=1.033 atoms=45 merges=0 field=8.8328 rms=0.2760 scale=1.0000 fcos=nan ign=0.0000 prn=nan nxp=0.000 mph=0.000 bytes=565793 pkts=565793 shard=0
step=0555650 (run 3650/8000) loss=2.16511 byte_ppl=8.716 atoms=3 merges=0 field=8.7792 rms=0.2744 scale=1.0000 fcos=nan ign=0.0000 prn=nan nxp=0.000 mph=0.000 bytes=565793 pkts=565793 shard=0
step=0555675 (run 3675/8000) loss=0.15874 byte_ppl=1.172 atoms=30 merges=0 field=8.7988 rms=0.2750 scale=1.0000 fcos=nan ign=0.0000 prn=nan nxp=0.000 mph=0.000 bytes=565793 pkts=565793 shard=0
step=0555700 (run 3700/8000) loss=0.01285 byte_ppl=1.013 atoms=58 merges=0 field=8.8398 rms=0.2762 scale=1.0000 fcos=nan ign=0.0000 prn=nan nxp=0.000 mph=0.000 bytes=565793 pkts=565793 shard=0
step=0555725 (run 3725/8000) loss=12.10728 byte_ppl=181185.549 atoms=14 merges=0 field=8.8766 rms=0.2774 scale=1.0000 fcos=nan ign=0.0000 prn=nan nxp=0.000 mph=0.000 bytes=565793 pkts=565793 shard=0
step=0555750 (run 3750/8000) loss=5.62876 byte_ppl=278.317 atoms=42 merges=0 field=8.8795 rms=0.2775 scale=1.0000 fcos=nan ign=0.0000 prn=nan nxp=0.000 mph=0.000 bytes=565793 pkts=565793 shard=0
step=0555775 (run 3775/8000) loss=4.22597 byte_ppl=68.441 atoms=69 merges=0 field=8.8729 rms=0.2773 scale=1.0000 fcos=nan ign=0.0000 prn=nan nxp=0.000 mph=0.000 bytes=565793 pkts=565793 shard=0
step=0555800 (run 3800/8000) loss=12.07896 byte_ppl=176126.799 atoms=27 merges=0 field=8.8419 rms=0.2763 scale=1.0000 fcos=nan ign=0.0000 prn=nan nxp=0.000 mph=0.000 bytes=565793 pkts=565793 shard=0
step=0555825 (run 3825/8000) loss=1.49511 byte_ppl=4.460 atoms=54 merges=0 field=8.7951 rms=0.2748 scale=1.0000 fcos=nan ign=0.0000 prn=nan nxp=0.000 mph=0.000 bytes=565793 pkts=565793 shard=0
step=0555850 (run 3850/8000) loss=10.31302 byte_ppl=30122.347 atoms=11 merges=0 field=8.7679 rms=0.2740 scale=1.0000 fcos=nan ign=0.0000 prn=nan nxp=0.000 mph=0.000 bytes=565793 pkts=565793 shard=0
step=0555875 (run 3875/8000) loss=0.02187 byte_ppl=1.022 atoms=38 merges=0 field=8.7693 rms=0.2740 scale=1.0000 fcos=nan ign=0.0000 prn=nan nxp=0.000 mph=0.000 bytes=565793 pkts=565793 shard=0
step=0555900 (run 3900/8000) loss=4.42191 byte_ppl=83.255 atoms=66 merges=0 field=8.7627 rms=0.2738 scale=1.0000 fcos=nan ign=0.0000 prn=nan nxp=0.000 mph=0.000 bytes=565793 pkts=565793 shard=0
step=0555925 (run 3925/8000) loss=0.00243 byte_ppl=1.002 atoms=23 merges=0 field=8.7581 rms=0.2737 scale=1.0000 fcos=nan ign=0.0000 prn=nan nxp=0.000 mph=0.000 bytes=565793 pkts=565793 shard=0
step=0555950 (run 3950/8000) loss=1.35193 byte_ppl=3.865 atoms=51 merges=0 field=8.6780 rms=0.2712 scale=1.0000 fcos=nan ign=0.0000 prn=nan nxp=0.000 mph=0.000 bytes=565793 pkts=565793 shard=0
step=0555975 (run 3975/8000) loss=3.49103 byte_ppl=32.820 atoms=8 merges=0 field=8.6719 rms=0.2710 scale=1.0000 fcos=nan ign=0.0000 prn=nan nxp=0.000 mph=0.000 bytes=565793 pkts=565793 shard=0
step=0556000 (run 4000/8000) loss=11.71722 byte_ppl=122665.743 atoms=36 merges=0 field=8.6662 rms=0.2708 scale=1.0000 fcos=nan ign=0.0000 prn=nan nxp=0.000 mph=0.000 bytes=565793 pkts=565793 shard=0
step=0556025 (run 4025/8000) loss=0.96168 byte_ppl=2.616 atoms=63 merges=0 field=8.6580 rms=0.2706 scale=1.0000 fcos=nan ign=0.0000 prn=nan nxp=0.000 mph=0.000 bytes=565793 pkts=565793 shard=0
step=0556050 (run 4050/8000) loss=0.01245 byte_ppl=1.013 atoms=20 merges=0 field=8.6912 rms=0.2716 scale=1.0000 fcos=nan ign=0.0000 prn=nan nxp=0.000 mph=0.000 bytes=565793 pkts=565793 shard=0
step=0556075 (run 4075/8000) loss=0.00138 byte_ppl=1.001 atoms=47 merges=0 field=8.6999 rms=0.2719 scale=1.0000 fcos=nan ign=0.0000 prn=nan nxp=0.000 mph=0.000 bytes=565793 pkts=565793 shard=0
step=0556100 (run 4100/8000) loss=3.90051 byte_ppl=49.428 atoms=5 merges=0 field=8.7019 rms=0.2719 scale=1.0000 fcos=nan ign=0.0000 prn=nan nxp=0.000 mph=0.000 bytes=565793 pkts=565793 shard=0
step=0556125 (run 4125/8000) loss=0.00035 byte_ppl=1.000 atoms=32 merges=0 field=8.7408 rms=0.2732 scale=1.0000 fcos=nan ign=0.0000 prn=nan nxp=0.000 mph=0.000 bytes=565793 pkts=565793 shard=0
step=0556150 (run 4150/8000) loss=1.65347 byte_ppl=5.225 atoms=60 merges=0 field=8.7439 rms=0.2732 scale=1.0000 fcos=nan ign=0.0000 prn=nan nxp=0.000 mph=0.000 bytes=565793 pkts=565793 shard=0
step=0556175 (run 4175/8000) loss=0.00078 byte_ppl=1.001 atoms=16 merges=0 field=8.6889 rms=0.2715 scale=1.0000 fcos=nan ign=0.0000 prn=nan nxp=0.000 mph=0.000 bytes=565793 pkts=565793 shard=0
step=0556200 (run 4200/8000) loss=2.23060 byte_ppl=9.305 atoms=44 merges=0 field=8.7138 rms=0.2723 scale=1.0000 fcos=nan ign=0.0000 prn=nan nxp=0.000 mph=0.000 bytes=565793 pkts=565793 shard=0
step=0556225 (run 4225/8000) loss=4.15593 byte_ppl=63.811 atoms=1 merges=0 field=8.7408 rms=0.2732 scale=1.0000 fcos=nan ign=0.0000 prn=nan nxp=0.000 mph=0.000 bytes=565793 pkts=565793 shard=0
step=0556250 (run 4250/8000) loss=0.65125 byte_ppl=1.918 atoms=29 merges=0 field=8.7251 rms=0.2727 scale=1.0000 fcos=nan ign=0.0000 prn=nan nxp=0.000 mph=0.000 bytes=565793 pkts=565793 shard=0
step=0556275 (run 4275/8000) loss=2.79229 byte_ppl=16.318 atoms=56 merges=0 field=8.7193 rms=0.2725 scale=1.0000 fcos=nan ign=0.0000 prn=nan nxp=0.000 mph=0.000 bytes=565793 pkts=565793 shard=0
step=0556300 (run 4300/8000) loss=4.91486 byte_ppl=136.300 atoms=14 merges=0 field=8.6676 rms=0.2709 scale=1.0000 fcos=nan ign=0.0000 prn=nan nxp=0.000 mph=0.000 bytes=565793 pkts=565793 shard=0
step=0556325 (run 4325/8000) loss=0.00240 byte_ppl=1.002 atoms=41 merges=0 field=8.6763 rms=0.2711 scale=1.0000 fcos=nan ign=0.0000 prn=nan nxp=0.000 mph=0.000 bytes=565793 pkts=565793 shard=0
step=0556350 (run 4350/8000) loss=11.14639 byte_ppl=69313.087 atoms=69 merges=0 field=8.6661 rms=0.2708 scale=1.0000 fcos=nan ign=0.0000 prn=nan nxp=0.000 mph=0.000 bytes=565793 pkts=565793 shard=0
step=0556375 (run 4375/8000) loss=0.00455 byte_ppl=1.005 atoms=25 merges=0 field=8.6277 rms=0.2696 scale=1.0000 fcos=nan ign=0.0000 prn=nan nxp=0.000 mph=0.000 bytes=565793 pkts=565793 shard=0
step=0556400 (run 4400/8000) loss=6.71753 byte_ppl=826.773 atoms=53 merges=0 field=8.6195 rms=0.2694 scale=1.0000 fcos=nan ign=0.0000 prn=nan nxp=0.000 mph=0.000 bytes=565793 pkts=565793 shard=0
step=0556425 (run 4425/8000) loss=2.82029 byte_ppl=16.782 atoms=10 merges=0 field=8.6344 rms=0.2698 scale=1.0000 fcos=nan ign=0.0000 prn=nan nxp=0.000 mph=0.000 bytes=565793 pkts=565793 shard=0
step=0556450 (run 4450/8000) loss=1.26697 byte_ppl=3.550 atoms=38 merges=0 field=8.6618 rms=0.2707 scale=1.0000 fcos=nan ign=0.0000 prn=nan nxp=0.000 mph=0.000 bytes=565793 pkts=565793 shard=0
step=0556475 (run 4475/8000) loss=0.00038 byte_ppl=1.000 atoms=65 merges=0 field=8.6686 rms=0.2709 scale=1.0000 fcos=nan ign=0.0000 prn=nan nxp=0.000 mph=0.000 bytes=565793 pkts=565793 shard=0
step=0556500 (run 4500/8000) loss=6.65489 byte_ppl=776.571 atoms=22 merges=0 field=8.6772 rms=0.2712 scale=1.0000 fcos=nan ign=0.0000 prn=nan nxp=0.000 mph=0.000 bytes=565793 pkts=565793 shard=0
step=0556525 (run 4525/8000) loss=3.29733 byte_ppl=27.040 atoms=49 merges=0 field=8.6237 rms=0.2695 scale=1.0000 fcos=nan ign=0.0000 prn=nan nxp=0.000 mph=0.000 bytes=565793 pkts=565793 shard=0
step=0556550 (run 4550/8000) loss=0.07971 byte_ppl=1.083 atoms=7 merges=0 field=8.6466 rms=0.2702 scale=1.0000 fcos=nan ign=0.0000 prn=nan nxp=0.000 mph=0.000 bytes=565793 pkts=565793 shard=0
step=0556575 (run 4575/8000) loss=0.71169 byte_ppl=2.037 atoms=34 merges=0 field=8.6720 rms=0.2710 scale=1.0000 fcos=nan ign=0.0000 prn=nan nxp=0.000 mph=0.000 bytes=565793 pkts=565793 shard=0
step=0556600 (run 4600/8000) loss=6.91199 byte_ppl=1004.248 atoms=62 merges=0 field=8.7027 rms=0.2720 scale=1.0000 fcos=nan ign=0.0000 prn=nan nxp=0.000 mph=0.000 bytes=565793 pkts=565793 shard=0
step=0556625 (run 4625/8000) loss=0.00505 byte_ppl=1.005 atoms=19 merges=0 field=8.7008 rms=0.2719 scale=1.0000 fcos=nan ign=0.0000 prn=nan nxp=0.000 mph=0.000 bytes=565793 pkts=565793 shard=0
step=0556650 (run 4650/8000) loss=0.17975 byte_ppl=1.197 atoms=47 merges=0 field=8.7107 rms=0.2722 scale=1.0000 fcos=nan ign=0.0000 prn=nan nxp=0.000 mph=0.000 bytes=565793 pkts=565793 shard=0
step=0556675 (run 4675/8000) loss=0.55176 byte_ppl=1.736 atoms=3 merges=0 field=8.7356 rms=0.2730 scale=1.0000 fcos=nan ign=0.0000 prn=nan nxp=0.000 mph=0.000 bytes=565793 pkts=565793 shard=0
step=0556700 (run 4700/8000) loss=4.70472 byte_ppl=110.467 atoms=31 merges=0 field=8.7290 rms=0.2728 scale=1.0000 fcos=nan ign=0.0000 prn=nan nxp=0.000 mph=0.000 bytes=565793 pkts=565793 shard=0
step=0556725 (run 4725/8000) loss=2.88402 byte_ppl=17.886 atoms=58 merges=0 field=8.7019 rms=0.2719 scale=1.0000 fcos=nan ign=0.0000 prn=nan nxp=0.000 mph=0.000 bytes=565793 pkts=565793 shard=0
step=0556750 (run 4750/8000) loss=5.96490 byte_ppl=389.513 atoms=16 merges=0 field=8.6883 rms=0.2715 scale=1.0000 fcos=nan ign=0.0000 prn=nan nxp=0.000 mph=0.000 bytes=565793 pkts=565793 shard=0
step=0556775 (run 4775/8000) loss=0.01470 byte_ppl=1.015 atoms=43 merges=0 field=8.6871 rms=0.2715 scale=1.0000 fcos=nan ign=0.0000 prn=nan nxp=0.000 mph=0.000 bytes=565793 pkts=565793 shard=0
step=0556800 (run 4800/8000) loss=18.78202 byte_ppl=143525111.207 atoms=71 merges=0 field=8.6780 rms=0.2712 scale=1.0000 fcos=nan ign=0.0000 prn=nan nxp=0.000 mph=0.000 bytes=565793 pkts=565793 shard=0
step=0556825 (run 4825/8000) loss=0.00051 byte_ppl=1.001 atoms=27 merges=0 field=8.7222 rms=0.2726 scale=1.0000 fcos=nan ign=0.0000 prn=nan nxp=0.000 mph=0.000 bytes=565793 pkts=565793 shard=0
step=0556850 (run 4850/8000) loss=3.09922 byte_ppl=22.181 atoms=55 merges=0 field=8.6835 rms=0.2714 scale=1.0000 fcos=nan ign=0.0000 prn=nan nxp=0.000 mph=0.000 bytes=565793 pkts=565793 shard=0
step=0556875 (run 4875/8000) loss=0.82028 byte_ppl=2.271 atoms=12 merges=0 field=8.6882 rms=0.2715 scale=1.0000 fcos=nan ign=0.0000 prn=nan nxp=0.000 mph=0.000 bytes=565793 pkts=565793 shard=0
step=0556900 (run 4900/8000) loss=0.00551 byte_ppl=1.006 atoms=40 merges=0 field=8.7160 rms=0.2724 scale=1.0000 fcos=nan ign=0.0000 prn=nan nxp=0.000 mph=0.000 bytes=565793 pkts=565793 shard=0
step=0556925 (run 4925/8000) loss=2.22671 byte_ppl=9.269 atoms=67 merges=0 field=8.7081 rms=0.2721 scale=1.0000 fcos=nan ign=0.0000 prn=nan nxp=0.000 mph=0.000 bytes=565793 pkts=565793 shard=0
step=0556950 (run 4950/8000) loss=8.16757 byte_ppl=3524.786 atoms=25 merges=0 field=8.6980 rms=0.2718 scale=1.0000 fcos=nan ign=0.0000 prn=nan nxp=0.000 mph=0.000 bytes=565793 pkts=565793 shard=0
step=0556975 (run 4975/8000) loss=1.75204 byte_ppl=5.766 atoms=52 merges=0 field=8.7236 rms=0.2726 scale=1.0000 fcos=nan ign=0.0000 prn=nan nxp=0.000 mph=0.000 bytes=565793 pkts=565793 shard=0
step=0557000 (run 5000/8000) loss=5.33036 byte_ppl=206.512 atoms=9 merges=0 field=8.7455 rms=0.2733 scale=1.0000 fcos=nan ign=0.0000 prn=nan nxp=0.000 mph=0.000 bytes=565793 pkts=565793 shard=0
step=0557025 (run 5025/8000) loss=1.97755 byte_ppl=7.225 atoms=36 merges=0 field=8.7119 rms=0.2722 scale=1.0000 fcos=nan ign=0.0000 prn=nan nxp=0.000 mph=0.000 bytes=565793 pkts=565793 shard=0
step=0557050 (run 5050/8000) loss=0.45247 byte_ppl=1.572 atoms=64 merges=0 field=8.7231 rms=0.2726 scale=1.0000 fcos=nan ign=0.0000 prn=nan nxp=0.000 mph=0.000 bytes=565793 pkts=565793 shard=0
step=0557075 (run 5075/8000) loss=0.00112 byte_ppl=1.001 atoms=21 merges=0 field=8.7624 rms=0.2738 scale=1.0000 fcos=nan ign=0.0000 prn=nan nxp=0.000 mph=0.000 bytes=565793 pkts=565793 shard=0
step=0557100 (run 5100/8000) loss=4.57159 byte_ppl=96.698 atoms=49 merges=0 field=8.7430 rms=0.2732 scale=1.0000 fcos=nan ign=0.0000 prn=nan nxp=0.000 mph=0.000 bytes=565793 pkts=565793 shard=0
step=0557125 (run 5125/8000) loss=5.67850 byte_ppl=292.511 atoms=5 merges=0 field=8.6894 rms=0.2715 scale=1.0000 fcos=nan ign=0.0000 prn=nan nxp=0.000 mph=0.000 bytes=565793 pkts=565793 shard=0
step=0557150 (run 5150/8000) loss=0.06908 byte_ppl=1.072 atoms=33 merges=0 field=8.6990 rms=0.2718 scale=1.0000 fcos=nan ign=0.0000 prn=nan nxp=0.000 mph=0.000 bytes=565793 pkts=565793 shard=0
step=0557175 (run 5175/8000) loss=0.00092 byte_ppl=1.001 atoms=60 merges=0 field=8.7688 rms=0.2740 scale=1.0000 fcos=nan ign=0.0000 prn=nan nxp=0.000 mph=0.000 bytes=565793 pkts=565793 shard=0
step=0557200 (run 5200/8000) loss=6.66910 byte_ppl=787.685 atoms=18 merges=0 field=8.7611 rms=0.2738 scale=1.0000 fcos=nan ign=0.0000 prn=nan nxp=0.000 mph=0.000 bytes=565793 pkts=565793 shard=0
step=0557225 (run 5225/8000) loss=0.01357 byte_ppl=1.014 atoms=45 merges=0 field=8.7890 rms=0.2747 scale=1.0000 fcos=nan ign=0.0000 prn=nan nxp=0.000 mph=0.000 bytes=565793 pkts=565793 shard=0
step=0557250 (run 5250/8000) loss=0.00835 byte_ppl=1.008 atoms=3 merges=0 field=8.8475 rms=0.2765 scale=1.0000 fcos=nan ign=0.0000 prn=nan nxp=0.000 mph=0.000 bytes=565793 pkts=565793 shard=0
step=0557275 (run 5275/8000) loss=0.02322 byte_ppl=1.023 atoms=30 merges=0 field=8.8449 rms=0.2764 scale=1.0000 fcos=nan ign=0.0000 prn=nan nxp=0.000 mph=0.000 bytes=565793 pkts=565793 shard=0
step=0557300 (run 5300/8000) loss=0.06601 byte_ppl=1.068 atoms=58 merges=0 field=8.8924 rms=0.2779 scale=1.0000 fcos=nan ign=0.0000 prn=nan nxp=0.000 mph=0.000 bytes=565793 pkts=565793 shard=0
step=0557325 (run 5325/8000) loss=8.83260 byte_ppl=6854.082 atoms=14 merges=0 field=8.8731 rms=0.2773 scale=1.0000 fcos=nan ign=0.0000 prn=nan nxp=0.000 mph=0.000 bytes=565793 pkts=565793 shard=0
step=0557350 (run 5350/8000) loss=4.68561 byte_ppl=108.377 atoms=42 merges=0 field=8.8110 rms=0.2753 scale=1.0000 fcos=nan ign=0.0000 prn=nan nxp=0.000 mph=0.000 bytes=565793 pkts=565793 shard=0
step=0557375 (run 5375/8000) loss=0.00794 byte_ppl=1.008 atoms=69 merges=0 field=8.7865 rms=0.2746 scale=1.0000 fcos=nan ign=0.0000 prn=nan nxp=0.000 mph=0.000 bytes=565793 pkts=565793 shard=0
step=0557400 (run 5400/8000) loss=0.05178 byte_ppl=1.053 atoms=27 merges=0 field=8.7555 rms=0.2736 scale=1.0000 fcos=nan ign=0.0000 prn=nan nxp=0.000 mph=0.000 bytes=565793 pkts=565793 shard=0
step=0557425 (run 5425/8000) loss=2.24057 byte_ppl=9.399 atoms=54 merges=0 field=8.8007 rms=0.2750 scale=1.0000 fcos=nan ign=0.0000 prn=nan nxp=0.000 mph=0.000 bytes=565793 pkts=565793 shard=0
step=0557450 (run 5450/8000) loss=9.01731 byte_ppl=8244.547 atoms=11 merges=0 field=8.8288 rms=0.2759 scale=1.0000 fcos=nan ign=0.0000 prn=nan nxp=0.000 mph=0.000 bytes=565793 pkts=565793 shard=0
step=0557475 (run 5475/8000) loss=0.00158 byte_ppl=1.002 atoms=38 merges=0 field=8.8177 rms=0.2756 scale=1.0000 fcos=nan ign=0.0000 prn=nan nxp=0.000 mph=0.000 bytes=565793 pkts=565793 shard=0
step=0557500 (run 5500/8000) loss=7.07414 byte_ppl=1181.032 atoms=66 merges=0 field=8.7949 rms=0.2748 scale=1.0000 fcos=nan ign=0.0000 prn=nan nxp=0.000 mph=0.000 bytes=565793 pkts=565793 shard=0
step=0557525 (run 5525/8000) loss=0.00214 byte_ppl=1.002 atoms=23 merges=0 field=8.7942 rms=0.2748 scale=1.0000 fcos=nan ign=0.0000 prn=nan nxp=0.000 mph=0.000 bytes=565793 pkts=565793 shard=0
step=0557550 (run 5550/8000) loss=0.31974 byte_ppl=1.377 atoms=51 merges=0 field=8.8169 rms=0.2755 scale=1.0000 fcos=nan ign=0.0000 prn=nan nxp=0.000 mph=0.000 bytes=565793 pkts=565793 shard=0
step=0557575 (run 5575/8000) loss=4.21024 byte_ppl=67.373 atoms=8 merges=0 field=8.8107 rms=0.2753 scale=1.0000 fcos=nan ign=0.0000 prn=nan nxp=0.000 mph=0.000 bytes=565793 pkts=565793 shard=0
step=0557600 (run 5600/8000) loss=0.17666 byte_ppl=1.193 atoms=36 merges=0 field=8.7665 rms=0.2740 scale=1.0000 fcos=nan ign=0.0000 prn=nan nxp=0.000 mph=0.000 bytes=565793 pkts=565793 shard=0
step=0557625 (run 5625/8000) loss=0.00384 byte_ppl=1.004 atoms=63 merges=0 field=8.7872 rms=0.2746 scale=1.0000 fcos=nan ign=0.0000 prn=nan nxp=0.000 mph=0.000 bytes=565793 pkts=565793 shard=0
step=0557650 (run 5650/8000) loss=5.38551 byte_ppl=218.221 atoms=20 merges=0 field=8.8583 rms=0.2768 scale=1.0000 fcos=nan ign=0.0000 prn=nan nxp=0.000 mph=0.000 bytes=565793 pkts=565793 shard=0
step=0557675 (run 5675/8000) loss=0.01249 byte_ppl=1.013 atoms=47 merges=0 field=8.8328 rms=0.2760 scale=1.0000 fcos=nan ign=0.0000 prn=nan nxp=0.000 mph=0.000 bytes=565793 pkts=565793 shard=0
step=0557700 (run 5700/8000) loss=3.83644 byte_ppl=46.360 atoms=5 merges=0 field=8.8453 rms=0.2764 scale=1.0000 fcos=nan ign=0.0000 prn=nan nxp=0.000 mph=0.000 bytes=565793 pkts=565793 shard=0
step=0557725 (run 5725/8000) loss=0.00499 byte_ppl=1.005 atoms=32 merges=0 field=8.8508 rms=0.2766 scale=1.0000 fcos=nan ign=0.0000 prn=nan nxp=0.000 mph=0.000 bytes=565793 pkts=565793 shard=0
step=0557750 (run 5750/8000) loss=0.00327 byte_ppl=1.003 atoms=60 merges=0 field=8.8617 rms=0.2769 scale=1.0000 fcos=nan ign=0.0000 prn=nan nxp=0.000 mph=0.000 bytes=565793 pkts=565793 shard=0
step=0557775 (run 5775/8000) loss=3.69509 byte_ppl=40.249 atoms=16 merges=0 field=8.8528 rms=0.2767 scale=1.0000 fcos=nan ign=0.0000 prn=nan nxp=0.000 mph=0.000 bytes=565793 pkts=565793 shard=0
step=0557800 (run 5800/8000) loss=0.02683 byte_ppl=1.027 atoms=44 merges=0 field=8.8450 rms=0.2764 scale=1.0000 fcos=nan ign=0.0000 prn=nan nxp=0.000 mph=0.000 bytes=565793 pkts=565793 shard=0
step=0557825 (run 5825/8000) loss=3.72282 byte_ppl=41.381 atoms=1 merges=0 field=8.8218 rms=0.2757 scale=1.0000 fcos=nan ign=0.0000 prn=nan nxp=0.000 mph=0.000 bytes=565793 pkts=565793 shard=0
step=0557850 (run 5850/8000) loss=7.71069 byte_ppl=2232.091 atoms=29 merges=0 field=8.8357 rms=0.2761 scale=1.0000 fcos=nan ign=0.0000 prn=nan nxp=0.000 mph=0.000 bytes=565793 pkts=565793 shard=0
step=0557875 (run 5875/8000) loss=0.01136 byte_ppl=1.011 atoms=56 merges=0 field=8.8551 rms=0.2767 scale=1.0000 fcos=nan ign=0.0000 prn=nan nxp=0.000 mph=0.000 bytes=565793 pkts=565793 shard=0
step=0557900 (run 5900/8000) loss=10.29830 byte_ppl=29682.167 atoms=14 merges=0 field=8.8442 rms=0.2764 scale=1.0000 fcos=nan ign=0.0000 prn=nan nxp=0.000 mph=0.000 bytes=565793 pkts=565793 shard=0
step=0557925 (run 5925/8000) loss=0.00161 byte_ppl=1.002 atoms=41 merges=0 field=8.8594 rms=0.2769 scale=1.0000 fcos=nan ign=0.0000 prn=nan nxp=0.000 mph=0.000 bytes=565793 pkts=565793 shard=0
step=0557950 (run 5950/8000) loss=0.00970 byte_ppl=1.010 atoms=69 merges=0 field=8.8698 rms=0.2772 scale=1.0000 fcos=nan ign=0.0000 prn=nan nxp=0.000 mph=0.000 bytes=565793 pkts=565793 shard=0
step=0557975 (run 5975/8000) loss=0.61723 byte_ppl=1.854 atoms=25 merges=0 field=8.9042 rms=0.2783 scale=1.0000 fcos=nan ign=0.0000 prn=nan nxp=0.000 mph=0.000 bytes=565793 pkts=565793 shard=0
step=0558000 (run 6000/8000) loss=0.00003 byte_ppl=1.000 atoms=53 merges=0 field=8.9037 rms=0.2782 scale=1.0000 fcos=nan ign=0.0000 prn=nan nxp=0.000 mph=0.000 bytes=565793 pkts=565793 shard=0
step=0558025 (run 6025/8000) loss=0.00107 byte_ppl=1.001 atoms=10 merges=0 field=8.9010 rms=0.2782 scale=1.0000 fcos=nan ign=0.0000 prn=nan nxp=0.000 mph=0.000 bytes=565793 pkts=565793 shard=0
step=0558050 (run 6050/8000) loss=5.06436 byte_ppl=158.279 atoms=38 merges=0 field=8.8441 rms=0.2764 scale=1.0000 fcos=nan ign=0.0000 prn=nan nxp=0.000 mph=0.000 bytes=565793 pkts=565793 shard=0
step=0558075 (run 6075/8000) loss=0.07997 byte_ppl=1.083 atoms=65 merges=0 field=8.8281 rms=0.2759 scale=1.0000 fcos=nan ign=0.0000 prn=nan nxp=0.000 mph=0.000 bytes=565793 pkts=565793 shard=0
step=0558100 (run 6100/8000) loss=5.11889 byte_ppl=167.150 atoms=22 merges=0 field=8.8050 rms=0.2752 scale=1.0000 fcos=nan ign=0.0000 prn=nan nxp=0.000 mph=0.000 bytes=565793 pkts=565793 shard=0
step=0558125 (run 6125/8000) loss=9.77066 byte_ppl=17512.395 atoms=49 merges=0 field=8.7830 rms=0.2745 scale=1.0000 fcos=nan ign=0.0000 prn=nan nxp=0.000 mph=0.000 bytes=565793 pkts=565793 shard=0
step=0558150 (run 6150/8000) loss=0.02532 byte_ppl=1.026 atoms=7 merges=0 field=8.7574 rms=0.2737 scale=1.0000 fcos=nan ign=0.0000 prn=nan nxp=0.000 mph=0.000 bytes=565793 pkts=565793 shard=0
step=0558175 (run 6175/8000) loss=0.00861 byte_ppl=1.009 atoms=34 merges=0 field=8.7742 rms=0.2742 scale=1.0000 fcos=nan ign=0.0000 prn=nan nxp=0.000 mph=0.000 bytes=565793 pkts=565793 shard=0
step=0558200 (run 6200/8000) loss=7.38254 byte_ppl=1607.675 atoms=62 merges=0 field=8.7538 rms=0.2736 scale=1.0000 fcos=nan ign=0.0000 prn=nan nxp=0.000 mph=0.000 bytes=565793 pkts=565793 shard=0
step=0558225 (run 6225/8000) loss=0.02828 byte_ppl=1.029 atoms=19 merges=0 field=8.7627 rms=0.2738 scale=1.0000 fcos=nan ign=0.0000 prn=nan nxp=0.000 mph=0.000 bytes=565793 pkts=565793 shard=0
step=0558250 (run 6250/8000) loss=1.23097 byte_ppl=3.425 atoms=47 merges=0 field=8.7818 rms=0.2744 scale=1.0000 fcos=nan ign=0.0000 prn=nan nxp=0.000 mph=0.000 bytes=565793 pkts=565793 shard=0
step=0558275 (run 6275/8000) loss=0.42515 byte_ppl=1.530 atoms=3 merges=0 field=8.7654 rms=0.2739 scale=1.0000 fcos=nan ign=0.0000 prn=nan nxp=0.000 mph=0.000 bytes=565793 pkts=565793 shard=0
step=0558300 (run 6300/8000) loss=6.95073 byte_ppl=1043.911 atoms=31 merges=0 field=8.7997 rms=0.2750 scale=1.0000 fcos=nan ign=0.0000 prn=nan nxp=0.000 mph=0.000 bytes=565793 pkts=565793 shard=0
step=0558325 (run 6325/8000) loss=0.00176 byte_ppl=1.002 atoms=58 merges=0 field=8.8107 rms=0.2753 scale=1.0000 fcos=nan ign=0.0000 prn=nan nxp=0.000 mph=0.000 bytes=565793 pkts=565793 shard=0
step=0558350 (run 6350/8000) loss=0.99010 byte_ppl=2.691 atoms=16 merges=0 field=8.7753 rms=0.2742 scale=1.0000 fcos=nan ign=0.0000 prn=nan nxp=0.000 mph=0.000 bytes=565793 pkts=565793 shard=0
step=0558375 (run 6375/8000) loss=0.00679 byte_ppl=1.007 atoms=43 merges=0 field=8.7909 rms=0.2747 scale=1.0000 fcos=nan ign=0.0000 prn=nan nxp=0.000 mph=0.000 bytes=565793 pkts=565793 shard=0
step=0558400 (run 6400/8000) loss=0.80755 byte_ppl=2.242 atoms=71 merges=0 field=8.8143 rms=0.2754 scale=1.0000 fcos=nan ign=0.0000 prn=nan nxp=0.000 mph=0.000 bytes=565793 pkts=565793 shard=0
step=0558425 (run 6425/8000) loss=2.76759 byte_ppl=15.920 atoms=27 merges=0 field=8.7581 rms=0.2737 scale=1.0000 fcos=nan ign=0.0000 prn=nan nxp=0.000 mph=0.000 bytes=565793 pkts=565793 shard=0
step=0558450 (run 6450/8000) loss=0.05594 byte_ppl=1.058 atoms=55 merges=0 field=8.7902 rms=0.2747 scale=1.0000 fcos=nan ign=0.0000 prn=nan nxp=0.000 mph=0.000 bytes=565793 pkts=565793 shard=0
step=0558475 (run 6475/8000) loss=0.00267 byte_ppl=1.003 atoms=12 merges=0 field=8.8350 rms=0.2761 scale=1.0000 fcos=nan ign=0.0000 prn=nan nxp=0.000 mph=0.000 bytes=565793 pkts=565793 shard=0
step=0558500 (run 6500/8000) loss=1.28548 byte_ppl=3.616 atoms=40 merges=0 field=8.7983 rms=0.2749 scale=1.0000 fcos=nan ign=0.0000 prn=nan nxp=0.000 mph=0.000 bytes=565793 pkts=565793 shard=0
step=0558525 (run 6525/8000) loss=0.00053 byte_ppl=1.001 atoms=67 merges=0 field=8.8278 rms=0.2759 scale=1.0000 fcos=nan ign=0.0000 prn=nan nxp=0.000 mph=0.000 bytes=565793 pkts=565793 shard=0
step=0558550 (run 6550/8000) loss=7.89152 byte_ppl=2674.518 atoms=25 merges=0 field=8.8140 rms=0.2754 scale=1.0000 fcos=nan ign=0.0000 prn=nan nxp=0.000 mph=0.000 bytes=565793 pkts=565793 shard=0
step=0558575 (run 6575/8000) loss=0.00155 byte_ppl=1.002 atoms=52 merges=0 field=8.7387 rms=0.2731 scale=1.0000 fcos=nan ign=0.0000 prn=nan nxp=0.000 mph=0.000 bytes=565793 pkts=565793 shard=0
step=0558600 (run 6600/8000) loss=0.01145 byte_ppl=1.012 atoms=9 merges=0 field=8.7428 rms=0.2732 scale=1.0000 fcos=nan ign=0.0000 prn=nan nxp=0.000 mph=0.000 bytes=565793 pkts=565793 shard=0
step=0558625 (run 6625/8000) loss=3.35625 byte_ppl=28.681 atoms=36 merges=0 field=8.7282 rms=0.2728 scale=1.0000 fcos=nan ign=0.0000 prn=nan nxp=0.000 mph=0.000 bytes=565793 pkts=565793 shard=0
step=0558650 (run 6650/8000) loss=4.98548 byte_ppl=146.274 atoms=64 merges=0 field=8.7093 rms=0.2722 scale=1.0000 fcos=nan ign=0.0000 prn=nan nxp=0.000 mph=0.000 bytes=565793 pkts=565793 shard=0
step=0558675 (run 6675/8000) loss=0.04595 byte_ppl=1.047 atoms=21 merges=0 field=8.6971 rms=0.2718 scale=1.0000 fcos=nan ign=0.0000 prn=nan nxp=0.000 mph=0.000 bytes=565793 pkts=565793 shard=0
step=0558700 (run 6700/8000) loss=7.03619 byte_ppl=1137.046 atoms=49 merges=0 field=8.7337 rms=0.2729 scale=1.0000 fcos=nan ign=0.0000 prn=nan nxp=0.000 mph=0.000 bytes=565793 pkts=565793 shard=0
step=0558725 (run 6725/8000) loss=0.00688 byte_ppl=1.007 atoms=5 merges=0 field=8.7270 rms=0.2727 scale=1.0000 fcos=nan ign=0.0000 prn=nan nxp=0.000 mph=0.000 bytes=565793 pkts=565793 shard=0
step=0558750 (run 6750/8000) loss=2.80228 byte_ppl=16.482 atoms=33 merges=0 field=8.7456 rms=0.2733 scale=1.0000 fcos=nan ign=0.0000 prn=nan nxp=0.000 mph=0.000 bytes=565793 pkts=565793 shard=0
step=0558775 (run 6775/8000) loss=0.00057 byte_ppl=1.001 atoms=60 merges=0 field=8.7516 rms=0.2735 scale=1.0000 fcos=nan ign=0.0000 prn=nan nxp=0.000 mph=0.000 bytes=565793 pkts=565793 shard=0
step=0558800 (run 6800/8000) loss=7.13829 byte_ppl=1259.271 atoms=18 merges=0 field=8.7629 rms=0.2738 scale=1.0000 fcos=nan ign=0.0000 prn=nan nxp=0.000 mph=0.000 bytes=565793 pkts=565793 shard=0
step=0558825 (run 6825/8000) loss=0.07462 byte_ppl=1.077 atoms=45 merges=0 field=8.7819 rms=0.2744 scale=1.0000 fcos=nan ign=0.0000 prn=nan nxp=0.000 mph=0.000 bytes=565793 pkts=565793 shard=0
step=0558850 (run 6850/8000) loss=5.37180 byte_ppl=215.249 atoms=3 merges=0 field=8.8024 rms=0.2751 scale=1.0000 fcos=nan ign=0.0000 prn=nan nxp=0.000 mph=0.000 bytes=565793 pkts=565793 shard=0
step=0558875 (run 6875/8000) loss=0.00009 byte_ppl=1.000 atoms=30 merges=0 field=8.7873 rms=0.2746 scale=1.0000 fcos=nan ign=0.0000 prn=nan nxp=0.000 mph=0.000 bytes=565793 pkts=565793 shard=0
step=0558900 (run 6900/8000) loss=0.00514 byte_ppl=1.005 atoms=58 merges=0 field=8.8222 rms=0.2757 scale=1.0000 fcos=nan ign=0.0000 prn=nan nxp=0.000 mph=0.000 bytes=565793 pkts=565793 shard=0
step=0558925 (run 6925/8000) loss=0.22591 byte_ppl=1.253 atoms=14 merges=0 field=8.8063 rms=0.2752 scale=1.0000 fcos=nan ign=0.0000 prn=nan nxp=0.000 mph=0.000 bytes=565793 pkts=565793 shard=0
step=0558950 (run 6950/8000) loss=1.68903 byte_ppl=5.414 atoms=42 merges=0 field=8.8322 rms=0.2760 scale=1.0000 fcos=nan ign=0.0000 prn=nan nxp=0.000 mph=0.000 bytes=565793 pkts=565793 shard=0
step=0558975 (run 6975/8000) loss=0.00302 byte_ppl=1.003 atoms=69 merges=0 field=8.8237 rms=0.2757 scale=1.0000 fcos=nan ign=0.0000 prn=nan nxp=0.000 mph=0.000 bytes=565793 pkts=565793 shard=0
step=0559000 (run 7000/8000) loss=2.55223 byte_ppl=12.836 atoms=27 merges=0 field=8.8615 rms=0.2769 scale=1.0000 fcos=nan ign=0.0000 prn=nan nxp=0.000 mph=0.000 bytes=565793 pkts=565793 shard=0
step=0559025 (run 7025/8000) loss=0.00062 byte_ppl=1.001 atoms=54 merges=0 field=8.9176 rms=0.2787 scale=1.0000 fcos=nan ign=0.0000 prn=nan nxp=0.000 mph=0.000 bytes=565793 pkts=565793 shard=0
step=0559050 (run 7050/8000) loss=8.85879 byte_ppl=7035.940 atoms=11 merges=0 field=8.9031 rms=0.2782 scale=1.0000 fcos=nan ign=0.0000 prn=nan nxp=0.000 mph=0.000 bytes=565793 pkts=565793 shard=0
step=0559075 (run 7075/8000) loss=2.95153 byte_ppl=19.135 atoms=38 merges=0 field=8.9277 rms=0.2790 scale=1.0000 fcos=nan ign=0.0000 prn=nan nxp=0.000 mph=0.000 bytes=565793 pkts=565793 shard=0
step=0559100 (run 7100/8000) loss=0.00547 byte_ppl=1.005 atoms=66 merges=0 field=8.9729 rms=0.2804 scale=1.0000 fcos=nan ign=0.0000 prn=nan nxp=0.000 mph=0.000 bytes=565793 pkts=565793 shard=0
step=0559125 (run 7125/8000) loss=4.48749 byte_ppl=88.898 atoms=23 merges=0 field=8.9789 rms=0.2806 scale=1.0000 fcos=nan ign=0.0000 prn=nan nxp=0.000 mph=0.000 bytes=565793 pkts=565793 shard=0
step=0559150 (run 7150/8000) loss=1.15998 byte_ppl=3.190 atoms=51 merges=0 field=9.0040 rms=0.2814 scale=1.0000 fcos=nan ign=0.0000 prn=nan nxp=0.000 mph=0.000 bytes=565793 pkts=565793 shard=0
step=0559175 (run 7175/8000) loss=0.01013 byte_ppl=1.010 atoms=8 merges=0 field=9.0407 rms=0.2825 scale=1.0000 fcos=nan ign=0.0000 prn=nan nxp=0.000 mph=0.000 bytes=565793 pkts=565793 shard=0
step=0559200 (run 7200/8000) loss=6.93432 byte_ppl=1026.917 atoms=36 merges=0 field=9.0212 rms=0.2819 scale=1.0000 fcos=nan ign=0.0000 prn=nan nxp=0.000 mph=0.000 bytes=565793 pkts=565793 shard=0
step=0559225 (run 7225/8000) loss=0.00196 byte_ppl=1.002 atoms=63 merges=0 field=9.0478 rms=0.2827 scale=1.0000 fcos=nan ign=0.0000 prn=nan nxp=0.000 mph=0.000 bytes=565793 pkts=565793 shard=0
step=0559250 (run 7250/8000) loss=3.87716 byte_ppl=48.287 atoms=20 merges=0 field=9.0748 rms=0.2836 scale=1.0000 fcos=nan ign=0.0000 prn=nan nxp=0.000 mph=0.000 bytes=565793 pkts=565793 shard=0
step=0559275 (run 7275/8000) loss=0.00414 byte_ppl=1.004 atoms=47 merges=0 field=9.0735 rms=0.2835 scale=1.0000 fcos=nan ign=0.0000 prn=nan nxp=0.000 mph=0.000 bytes=565793 pkts=565793 shard=0
step=0559300 (run 7300/8000) loss=4.03506 byte_ppl=56.547 atoms=5 merges=0 field=9.0430 rms=0.2826 scale=1.0000 fcos=nan ign=0.0000 prn=nan nxp=0.000 mph=0.000 bytes=565793 pkts=565793 shard=0
step=0559325 (run 7325/8000) loss=0.00079 byte_ppl=1.001 atoms=32 merges=0 field=9.1011 rms=0.2844 scale=1.0000 fcos=nan ign=0.0000 prn=nan nxp=0.000 mph=0.000 bytes=565793 pkts=565793 shard=0
step=0559350 (run 7350/8000) loss=5.48401 byte_ppl=240.809 atoms=60 merges=0 field=9.0626 rms=0.2832 scale=1.0000 fcos=nan ign=0.0000 prn=nan nxp=0.000 mph=0.000 bytes=565793 pkts=565793 shard=0
step=0559375 (run 7375/8000) loss=0.13699 byte_ppl=1.147 atoms=16 merges=0 field=9.0661 rms=0.2833 scale=1.0000 fcos=nan ign=0.0000 prn=nan nxp=0.000 mph=0.000 bytes=565793 pkts=565793 shard=0
step=0559400 (run 7400/8000) loss=3.21464 byte_ppl=24.894 atoms=44 merges=0 field=9.0626 rms=0.2832 scale=1.0000 fcos=nan ign=0.0000 prn=nan nxp=0.000 mph=0.000 bytes=565793 pkts=565793 shard=0
step=0559425 (run 7425/8000) loss=0.01961 byte_ppl=1.020 atoms=1 merges=0 field=9.0588 rms=0.2831 scale=1.0000 fcos=nan ign=0.0000 prn=nan nxp=0.000 mph=0.000 bytes=565793 pkts=565793 shard=0
step=0559450 (run 7450/8000) loss=1.70473 byte_ppl=5.500 atoms=29 merges=0 field=9.0679 rms=0.2834 scale=1.0000 fcos=nan ign=0.0000 prn=nan nxp=0.000 mph=0.000 bytes=565793 pkts=565793 shard=0
step=0559475 (run 7475/8000) loss=0.00737 byte_ppl=1.007 atoms=56 merges=0 field=9.0864 rms=0.2840 scale=1.0000 fcos=nan ign=0.0000 prn=nan nxp=0.000 mph=0.000 bytes=565793 pkts=565793 shard=0
step=0559500 (run 7500/8000) loss=9.34031 byte_ppl=11387.896 atoms=14 merges=0 field=9.0979 rms=0.2843 scale=1.0000 fcos=nan ign=0.0000 prn=nan nxp=0.000 mph=0.000 bytes=565793 pkts=565793 shard=0
step=0559525 (run 7525/8000) loss=0.00010 byte_ppl=1.000 atoms=41 merges=0 field=9.1293 rms=0.2853 scale=1.0000 fcos=nan ign=0.0000 prn=nan nxp=0.000 mph=0.000 bytes=565793 pkts=565793 shard=0
step=0559550 (run 7550/8000) loss=0.34749 byte_ppl=1.416 atoms=69 merges=0 field=9.1599 rms=0.2862 scale=1.0000 fcos=nan ign=0.0000 prn=nan nxp=0.000 mph=0.000 bytes=565793 pkts=565793 shard=0
step=0559575 (run 7575/8000) loss=6.00009 byte_ppl=403.464 atoms=25 merges=0 field=9.1373 rms=0.2855 scale=1.0000 fcos=nan ign=0.0000 prn=nan nxp=0.000 mph=0.000 bytes=565793 pkts=565793 shard=0
step=0559600 (run 7600/8000) loss=6.31495 byte_ppl=552.777 atoms=53 merges=0 field=9.1369 rms=0.2855 scale=1.0000 fcos=nan ign=0.0000 prn=nan nxp=0.000 mph=0.000 bytes=565793 pkts=565793 shard=0
step=0559625 (run 7625/8000) loss=0.00473 byte_ppl=1.005 atoms=10 merges=0 field=9.1551 rms=0.2861 scale=1.0000 fcos=nan ign=0.0000 prn=nan nxp=0.000 mph=0.000 bytes=565793 pkts=565793 shard=0
step=0559650 (run 7650/8000) loss=5.78411 byte_ppl=325.093 atoms=38 merges=0 field=9.1786 rms=0.2868 scale=1.0000 fcos=nan ign=0.0000 prn=nan nxp=0.000 mph=0.000 bytes=565793 pkts=565793 shard=0
step=0559675 (run 7675/8000) loss=0.01558 byte_ppl=1.016 atoms=65 merges=0 field=9.1792 rms=0.2869 scale=1.0000 fcos=nan ign=0.0000 prn=nan nxp=0.000 mph=0.000 bytes=565793 pkts=565793 shard=0
step=0559700 (run 7700/8000) loss=2.95287 byte_ppl=19.161 atoms=22 merges=0 field=9.1681 rms=0.2865 scale=1.0000 fcos=nan ign=0.0000 prn=nan nxp=0.000 mph=0.000 bytes=565793 pkts=565793 shard=0
step=0559725 (run 7725/8000) loss=0.01609 byte_ppl=1.016 atoms=49 merges=0 field=9.2050 rms=0.2877 scale=1.0000 fcos=nan ign=0.0000 prn=nan nxp=0.000 mph=0.000 bytes=565793 pkts=565793 shard=0
step=0559750 (run 7750/8000) loss=0.36325 byte_ppl=1.438 atoms=7 merges=0 field=9.2136 rms=0.2879 scale=1.0000 fcos=nan ign=0.0000 prn=nan nxp=0.000 mph=0.000 bytes=565793 pkts=565793 shard=0
step=0559775 (run 7775/8000) loss=0.00079 byte_ppl=1.001 atoms=34 merges=0 field=9.1981 rms=0.2874 scale=1.0000 fcos=nan ign=0.0000 prn=nan nxp=0.000 mph=0.000 bytes=565793 pkts=565793 shard=0
step=0559800 (run 7800/8000) loss=2.17508 byte_ppl=8.803 atoms=62 merges=0 field=9.2201 rms=0.2881 scale=1.0000 fcos=nan ign=0.0000 prn=nan nxp=0.000 mph=0.000 bytes=565793 pkts=565793 shard=0
step=0559825 (run 7825/8000) loss=0.00717 byte_ppl=1.007 atoms=19 merges=0 field=9.2097 rms=0.2878 scale=1.0000 fcos=nan ign=0.0000 prn=nan nxp=0.000 mph=0.000 bytes=565793 pkts=565793 shard=0
step=0559850 (run 7850/8000) loss=5.57011 byte_ppl=262.462 atoms=47 merges=0 field=9.1603 rms=0.2863 scale=1.0000 fcos=nan ign=0.0000 prn=nan nxp=0.000 mph=0.000 bytes=565793 pkts=565793 shard=0
step=0559875 (run 7875/8000) loss=0.00020 byte_ppl=1.000 atoms=3 merges=0 field=9.1450 rms=0.2858 scale=1.0000 fcos=nan ign=0.0000 prn=nan nxp=0.000 mph=0.000 bytes=565793 pkts=565793 shard=0
step=0559900 (run 7900/8000) loss=4.54427 byte_ppl=94.091 atoms=31 merges=0 field=9.1652 rms=0.2864 scale=1.0000 fcos=nan ign=0.0000 prn=nan nxp=0.000 mph=0.000 bytes=565793 pkts=565793 shard=0
step=0559925 (run 7925/8000) loss=0.32635 byte_ppl=1.386 atoms=58 merges=0 field=9.1697 rms=0.2866 scale=1.0000 fcos=nan ign=0.0000 prn=nan nxp=0.000 mph=0.000 bytes=565793 pkts=565793 shard=0
step=0559950 (run 7950/8000) loss=0.83357 byte_ppl=2.302 atoms=16 merges=0 field=9.1697 rms=0.2866 scale=1.0000 fcos=nan ign=0.0000 prn=nan nxp=0.000 mph=0.000 bytes=565793 pkts=565793 shard=0
step=0559975 (run 7975/8000) loss=0.00179 byte_ppl=1.002 atoms=43 merges=0 field=9.2258 rms=0.2883 scale=1.0000 fcos=nan ign=0.0000 prn=nan nxp=0.000 mph=0.000 bytes=565793 pkts=565793 shard=0
step=0560000 (run 8000/8000) loss=6.55368 byte_ppl=701.824 atoms=71 merges=0 field=9.2467 rms=0.2890 scale=1.0000 fcos=nan ign=0.0000 prn=nan nxp=0.000 mph=0.000 bytes=565793 pkts=565793 shard=0
{
  "stream": true,
  "data_path": "data/corpus_fr_medium_s21.txt",
  "data_glob": null,
  "shard_paths": [
    "/home/user/atom-ai/data/corpus_fr_medium_s21.txt"
  ],
  "data_bytes": 500257,
  "data_characters": null,
  "atomizer_version": "atomizer-v1-byte-span",
  "feature_dim": 320,
  "packet_count": null,
  "train_packet_count": null,
  "validation_packet_count": 2048,
  "mean_packet_bytes": null,
  "max_packet_bytes": null,
  "min_packet_bytes": null,
  "bytes_seen": 565793,
  "config": {
    "d_model": 32,
    "n_modes": 32,
    "n_atoms_max": 64,
    "max_span_bytes": 1,
    "episode_length": 8000,
    "episode_reset": true,
    "atom_flush_every": 64,
    "learning_rate": 5e-05,
    "surface_learning_rate": 0.00012,
    "steps": 8000,
    "start_step": 552000,
    "seed": 20260913,
    "surface_alphabet": 256,
    "field_max_rms": 3.0,
    "energy_decay_bounds": [
      0.3,
      0.95
    ],
    "stream": true,
    "chunk_bytes": 65536,
    "loop_shards": true,
    "stream_buffer": 2048,
    "stream_prefetch": true,
    "stream_skip_packets": 552000,
    "last_atom_readout": true,
    "efference_every": 10,
    "enable_merge": false,
    "payload_copy": false,
    "merge_coherence_threshold": 0.45,
    "merge_energy_floor": 0.08,
    "field_loss_weight": 0.05,
    "field_contrast_weight": 0.0,
    "field_ignorance_weight": 0.08,
    "field_ignorance_ablate_shared": false,
    "field_ignorance_prompt_bank": false,
    "field_obligatory_readout": true,
    "field_obligatory_hard": true,
    "printable_aux_weight": 0.0,
    "field_next_packet_weight": 0.0,
    "slow_every": 1
  },
  "packets_seen": 565793,
  "stream_epoch": 1,
  "train": {
    "steps": 8000,
    "efference_every": 10,
    "efference_steps": 800,
    "start_step": 552000,
    "total_steps": 560000,
    "episode_length": 8000,
    "episode_reset": true,
    "atom_flush_every": 64,
    "elapsed_seconds": 125.4951489189989,
    "transitions_per_second": 63.747484017598296,
    "first_loss": 0.19839397072792053,
    "final_loss": 6.553682804107666,
    "final_total_perplexity": 701.8241008985328,
    "finite_losses": true,
    "finite_parameters": true,
    "nan_or_inf": false,
    "field_rms_before_max": 0.2892530560493469,
    "field_rms_after_max": 0.2892530560493469,
    "field_scale_min": 1.0,
    "field_norm_max": 9.25604248046875,
    "field_limited_steps": 0,
    "field_limited_fraction": 0.0,
    "final_dynamics": {
      "coupling_scale": 1.1367130279541016,
      "energy_decay": 0.30038344860076904,
      "phase_sync": 0.2557171583175659,
      "energy_decay_before": 0.30038344860076904,
      "energy_decay_repaired": false,
      "energy_decay_bounds": [
        0.3,
        0.95
      ]
    },
    "final_atoms_before_validation": 60,
    "stream": true,
    "bytes_seen": 565793
  },
  "validation": {
    "transitions": 256,
    "loss": 1.0718686404253361,
    "total_perplexity": 2.9208323891236896,
    "byte_loss": 1.0718686404253361,
    "byte_perplexity": 2.9208323891236896,
    "source": "stream_ring"
  },
  "checkpoint": "checkpoints/byte_tick/atom_native_step_560000_d32.pt",
  "reload": {
    "n_atoms": 0,
    "field_norm": 9.246675491333008,
    "time": 88.0003890991211,
    "finite": true
  },
  "generation": {
    "The future of AI is": {
      "temperature": 0.8,
      "top_k": 5,
      "max_length": 20,
      "bytes_hex": "4a65202020202020",
      "text": "Je      ",
      "reload_text": "Je      ",
      "reload_match": true
    },
    "Bonjour, je m'appelle": {
      "temperature": 0.8,
      "top_k": 5,
      "max_length": 20,
      "bytes_hex": "4f75692c20202020",
      "text": "Oui,    ",
      "reload_text": "Oui,    ",
      "reload_match": true
    },
    "Valkyria Chronicles III is": {
      "temperature": 0.8,
      "top_k": 5,
      "max_length": 20,
      "bytes_hex": "426f6e2020202020",
      "text": "Bon     ",
      "reload_text": "Bon     ",
      "reload_match": true
    }
  }
}
