train lock skipped (--allow-parallel-train)
stream skip: advancing 520000 packet transitions...
stream skip done: packets_seen=565732
resumed weights from checkpoints/byte_tick/atom_native_step_1016000_d32_ms1M.pt (recorded step=1016000, legacy_surface_migrated=False, span_head_migrated=False)
atomizer pack_mode=linguistic max_span_bytes=1
dynamics on load: energy_decay=0.3008407652378082 -> 0.3008407652378082 (repaired=False, bounds=(0.3, 0.95))
MERGE gates: enable=False coherence_thr=0.450 energy_floor=0.080
field_obligatory_hard=ON hard-v2+ (mix_floor=1.0, freeze bypass, logits=frozen+cap*(α_MLP+payload_prod))
payload_copy=False (train-time copy-bias branch)
last_atom_readout=True (byte-tick 2-gram + dentate)
efference_every=10 (0=off)
optimizer groups: field/other lr=5e-05 (13 tensors), surface lr=0.00012 (25 tensors); energy_decay_bounds=(0.3, 0.95); field_max_rms=3.0
stream mode: 2 shard(s), chunk_bytes=65536, loop_shards=True, stream_buffer=2048, stream_prefetch=True
optimizer restore skipped: surface LR param groups differ from checkpoint
step=1016001 (run 1/8000) loss=0.33647 byte_ppl=1.400 atoms=1 merges=0 field=0.0569 rms=0.0020 scale=1.0000 fcos=nan ign=0.0000 prn=nan nxp=0.000 mph=0.000 bytes=565732 pkts=565732 shard=1
step=1016025 (run 25/8000) loss=0.00123 byte_ppl=1.001 atoms=27 merges=0 field=0.8804 rms=0.0275 scale=1.0000 fcos=nan ign=0.0000 prn=nan nxp=0.000 mph=0.000 bytes=565732 pkts=565732 shard=1
step=1016050 (run 50/8000) loss=2.11238 byte_ppl=8.268 atoms=55 merges=0 field=1.4175 rms=0.0443 scale=1.0000 fcos=nan ign=0.0000 prn=nan nxp=0.000 mph=0.000 bytes=565732 pkts=565732 shard=1
step=1016075 (run 75/8000) loss=0.00052 byte_ppl=1.001 atoms=12 merges=0 field=1.7209 rms=0.0538 scale=1.0000 fcos=nan ign=0.0000 prn=nan nxp=0.000 mph=0.000 bytes=565732 pkts=565732 shard=1
step=1016100 (run 100/8000) loss=2.27321 byte_ppl=9.711 atoms=40 merges=0 field=2.1467 rms=0.0671 scale=1.0000 fcos=nan ign=0.0000 prn=nan nxp=0.000 mph=0.000 bytes=565732 pkts=565732 shard=1
step=1016125 (run 125/8000) loss=4.70359 byte_ppl=110.342 atoms=67 merges=0 field=2.6568 rms=0.0830 scale=1.0000 fcos=nan ign=0.0000 prn=nan nxp=0.000 mph=0.000 bytes=565732 pkts=565732 shard=1
step=1016150 (run 150/8000) loss=1.24505 byte_ppl=3.473 atoms=25 merges=0 field=3.1930 rms=0.0998 scale=1.0000 fcos=nan ign=0.0000 prn=nan nxp=0.000 mph=0.000 bytes=565732 pkts=565732 shard=1
step=1016175 (run 175/8000) loss=2.07535 byte_ppl=7.967 atoms=52 merges=0 field=3.4712 rms=0.1085 scale=1.0000 fcos=nan ign=0.0000 prn=nan nxp=0.000 mph=0.000 bytes=565732 pkts=565732 shard=1
step=1016200 (run 200/8000) loss=0.00120 byte_ppl=1.001 atoms=9 merges=0 field=3.9755 rms=0.1242 scale=1.0000 fcos=nan ign=0.0000 prn=nan nxp=0.000 mph=0.000 bytes=565732 pkts=565732 shard=1
step=1016225 (run 225/8000) loss=0.32284 byte_ppl=1.381 atoms=36 merges=0 field=4.4316 rms=0.1385 scale=1.0000 fcos=nan ign=0.0000 prn=nan nxp=0.000 mph=0.000 bytes=565732 pkts=565732 shard=1
step=1016250 (run 250/8000) loss=0.07292 byte_ppl=1.076 atoms=64 merges=0 field=4.6733 rms=0.1460 scale=1.0000 fcos=nan ign=0.0000 prn=nan nxp=0.000 mph=0.000 bytes=565732 pkts=565732 shard=1
step=1016275 (run 275/8000) loss=0.00757 byte_ppl=1.008 atoms=21 merges=0 field=4.9492 rms=0.1547 scale=1.0000 fcos=nan ign=0.0000 prn=nan nxp=0.000 mph=0.000 bytes=565732 pkts=565732 shard=1
step=1016300 (run 300/8000) loss=2.72117 byte_ppl=15.198 atoms=49 merges=0 field=5.4086 rms=0.1690 scale=1.0000 fcos=nan ign=0.0000 prn=nan nxp=0.000 mph=0.000 bytes=565732 pkts=565732 shard=1
step=1016325 (run 325/8000) loss=0.07182 byte_ppl=1.074 atoms=5 merges=0 field=5.7224 rms=0.1788 scale=1.0000 fcos=nan ign=0.0000 prn=nan nxp=0.000 mph=0.000 bytes=565732 pkts=565732 shard=1
step=1016350 (run 350/8000) loss=0.10413 byte_ppl=1.110 atoms=33 merges=0 field=6.0247 rms=0.1883 scale=1.0000 fcos=nan ign=0.0000 prn=nan nxp=0.000 mph=0.000 bytes=565732 pkts=565732 shard=1
step=1016375 (run 375/8000) loss=0.00494 byte_ppl=1.005 atoms=60 merges=0 field=6.4065 rms=0.2002 scale=1.0000 fcos=nan ign=0.0000 prn=nan nxp=0.000 mph=0.000 bytes=565732 pkts=565732 shard=1
step=1016400 (run 400/8000) loss=5.90686 byte_ppl=367.550 atoms=18 merges=0 field=6.7955 rms=0.2124 scale=1.0000 fcos=nan ign=0.0000 prn=nan nxp=0.000 mph=0.000 bytes=565732 pkts=565732 shard=1
step=1016425 (run 425/8000) loss=0.00104 byte_ppl=1.001 atoms=45 merges=0 field=7.0328 rms=0.2198 scale=1.0000 fcos=nan ign=0.0000 prn=nan nxp=0.000 mph=0.000 bytes=565732 pkts=565732 shard=1
step=1016450 (run 450/8000) loss=5.27396 byte_ppl=195.188 atoms=3 merges=0 field=7.4205 rms=0.2319 scale=1.0000 fcos=nan ign=0.0000 prn=nan nxp=0.000 mph=0.000 bytes=565732 pkts=565732 shard=1
step=1016475 (run 475/8000) loss=0.00542 byte_ppl=1.005 atoms=30 merges=0 field=7.7346 rms=0.2417 scale=1.0000 fcos=nan ign=0.0000 prn=nan nxp=0.000 mph=0.000 bytes=565732 pkts=565732 shard=1
step=1016500 (run 500/8000) loss=0.00298 byte_ppl=1.003 atoms=58 merges=0 field=8.0371 rms=0.2512 scale=1.0000 fcos=nan ign=0.0000 prn=nan nxp=0.000 mph=0.000 bytes=565732 pkts=565732 shard=1
step=1016525 (run 525/8000) loss=0.00007 byte_ppl=1.000 atoms=14 merges=0 field=8.2991 rms=0.2593 scale=1.0000 fcos=nan ign=0.0000 prn=nan nxp=0.000 mph=0.000 bytes=565732 pkts=565732 shard=1
step=1016550 (run 550/8000) loss=1.23958 byte_ppl=3.454 atoms=42 merges=0 field=8.6497 rms=0.2703 scale=1.0000 fcos=nan ign=0.0000 prn=nan nxp=0.000 mph=0.000 bytes=565732 pkts=565732 shard=1
step=1016575 (run 575/8000) loss=0.23993 byte_ppl=1.271 atoms=69 merges=0 field=8.9543 rms=0.2798 scale=1.0000 fcos=nan ign=0.0000 prn=nan nxp=0.000 mph=0.000 bytes=565732 pkts=565732 shard=1
step=1016600 (run 600/8000) loss=0.02465 byte_ppl=1.025 atoms=27 merges=0 field=9.3486 rms=0.2921 scale=1.0000 fcos=nan ign=0.0000 prn=nan nxp=0.000 mph=0.000 bytes=565732 pkts=565732 shard=1
step=1016625 (run 625/8000) loss=0.00018 byte_ppl=1.000 atoms=54 merges=0 field=9.6678 rms=0.3021 scale=1.0000 fcos=nan ign=0.0000 prn=nan nxp=0.000 mph=0.000 bytes=565732 pkts=565732 shard=1
step=1016650 (run 650/8000) loss=4.46652 byte_ppl=87.053 atoms=11 merges=0 field=10.0130 rms=0.3129 scale=1.0000 fcos=nan ign=0.0000 prn=nan nxp=0.000 mph=0.000 bytes=565732 pkts=565732 shard=1
step=1016675 (run 675/8000) loss=0.02396 byte_ppl=1.024 atoms=38 merges=0 field=10.3600 rms=0.3238 scale=1.0000 fcos=nan ign=0.0000 prn=nan nxp=0.000 mph=0.000 bytes=565732 pkts=565732 shard=1
step=1016700 (run 700/8000) loss=0.01654 byte_ppl=1.017 atoms=66 merges=0 field=10.7238 rms=0.3351 scale=1.0000 fcos=nan ign=0.0000 prn=nan nxp=0.000 mph=0.000 bytes=565732 pkts=565732 shard=1
step=1016725 (run 725/8000) loss=0.00895 byte_ppl=1.009 atoms=23 merges=0 field=10.9382 rms=0.3418 scale=1.0000 fcos=nan ign=0.0000 prn=nan nxp=0.000 mph=0.000 bytes=565732 pkts=565732 shard=1
step=1016750 (run 750/8000) loss=1.65994 byte_ppl=5.259 atoms=51 merges=0 field=11.2494 rms=0.3515 scale=1.0000 fcos=nan ign=0.0000 prn=nan nxp=0.000 mph=0.000 bytes=565732 pkts=565732 shard=1
step=1016775 (run 775/8000) loss=0.17590 byte_ppl=1.192 atoms=8 merges=0 field=11.5288 rms=0.3603 scale=1.0000 fcos=nan ign=0.0000 prn=nan nxp=0.000 mph=0.000 bytes=565732 pkts=565732 shard=1
step=1016800 (run 800/8000) loss=0.00186 byte_ppl=1.002 atoms=36 merges=0 field=11.7220 rms=0.3663 scale=1.0000 fcos=nan ign=0.0000 prn=nan nxp=0.000 mph=0.000 bytes=565732 pkts=565732 shard=1
step=1016825 (run 825/8000) loss=0.00263 byte_ppl=1.003 atoms=63 merges=0 field=12.0576 rms=0.3768 scale=1.0000 fcos=nan ign=0.0000 prn=nan nxp=0.000 mph=0.000 bytes=565732 pkts=565732 shard=1
step=1016850 (run 850/8000) loss=5.33673 byte_ppl=207.832 atoms=20 merges=0 field=12.3253 rms=0.3852 scale=1.0000 fcos=nan ign=0.0000 prn=nan nxp=0.000 mph=0.000 bytes=565732 pkts=565732 shard=1
step=1016875 (run 875/8000) loss=3.69499 byte_ppl=40.245 atoms=47 merges=0 field=12.5269 rms=0.3915 scale=1.0000 fcos=nan ign=0.0000 prn=nan nxp=0.000 mph=0.000 bytes=565732 pkts=565732 shard=1
step=1016900 (run 900/8000) loss=0.01955 byte_ppl=1.020 atoms=5 merges=0 field=12.8885 rms=0.4028 scale=1.0000 fcos=nan ign=0.0000 prn=nan nxp=0.000 mph=0.000 bytes=565732 pkts=565732 shard=1
step=1016925 (run 925/8000) loss=0.00029 byte_ppl=1.000 atoms=32 merges=0 field=13.1576 rms=0.4112 scale=1.0000 fcos=nan ign=0.0000 prn=nan nxp=0.000 mph=0.000 bytes=565732 pkts=565732 shard=1
step=1016950 (run 950/8000) loss=0.00252 byte_ppl=1.003 atoms=60 merges=0 field=13.4264 rms=0.4196 scale=1.0000 fcos=nan ign=0.0000 prn=nan nxp=0.000 mph=0.000 bytes=565732 pkts=565732 shard=1
step=1016975 (run 975/8000) loss=2.08289 byte_ppl=8.028 atoms=16 merges=0 field=13.7712 rms=0.4304 scale=1.0000 fcos=nan ign=0.0000 prn=nan nxp=0.000 mph=0.000 bytes=565732 pkts=565732 shard=1
step=1017000 (run 1000/8000) loss=7.22497 byte_ppl=1373.298 atoms=44 merges=0 field=14.0514 rms=0.4391 scale=1.0000 fcos=nan ign=0.0000 prn=nan nxp=0.000 mph=0.000 bytes=565732 pkts=565732 shard=1
step=1017025 (run 1025/8000) loss=0.00019 byte_ppl=1.000 atoms=1 merges=0 field=14.2391 rms=0.4450 scale=1.0000 fcos=nan ign=0.0000 prn=nan nxp=0.000 mph=0.000 bytes=565732 pkts=565732 shard=1
step=1017050 (run 1050/8000) loss=5.74229 byte_ppl=311.778 atoms=29 merges=0 field=14.5687 rms=0.4553 scale=1.0000 fcos=nan ign=0.0000 prn=nan nxp=0.000 mph=0.000 bytes=565732 pkts=565732 shard=1
step=1017075 (run 1075/8000) loss=4.25740 byte_ppl=70.626 atoms=56 merges=0 field=14.7763 rms=0.4618 scale=1.0000 fcos=nan ign=0.0000 prn=nan nxp=0.000 mph=0.000 bytes=565732 pkts=565732 shard=1
step=1017100 (run 1100/8000) loss=5.63516 byte_ppl=280.103 atoms=14 merges=0 field=14.9800 rms=0.4681 scale=1.0000 fcos=nan ign=0.0000 prn=nan nxp=0.000 mph=0.000 bytes=565732 pkts=565732 shard=1
step=1017125 (run 1125/8000) loss=0.01781 byte_ppl=1.018 atoms=41 merges=0 field=15.1456 rms=0.4733 scale=1.0000 fcos=nan ign=0.0000 prn=nan nxp=0.000 mph=0.000 bytes=565732 pkts=565732 shard=1
step=1017150 (run 1150/8000) loss=0.01601 byte_ppl=1.016 atoms=69 merges=0 field=15.3505 rms=0.4797 scale=1.0000 fcos=nan ign=0.0000 prn=nan nxp=0.000 mph=0.000 bytes=565732 pkts=565732 shard=1
step=1017175 (run 1175/8000) loss=0.04209 byte_ppl=1.043 atoms=25 merges=0 field=15.6864 rms=0.4902 scale=1.0000 fcos=nan ign=0.0000 prn=nan nxp=0.000 mph=0.000 bytes=565732 pkts=565732 shard=1
step=1017200 (run 1200/8000) loss=0.78600 byte_ppl=2.195 atoms=53 merges=0 field=15.8645 rms=0.4958 scale=1.0000 fcos=nan ign=0.0000 prn=nan nxp=0.000 mph=0.000 bytes=565732 pkts=565732 shard=1
step=1017225 (run 1225/8000) loss=6.01110 byte_ppl=407.933 atoms=10 merges=0 field=16.0759 rms=0.5024 scale=1.0000 fcos=nan ign=0.0000 prn=nan nxp=0.000 mph=0.000 bytes=565732 pkts=565732 shard=1
step=1017250 (run 1250/8000) loss=0.13379 byte_ppl=1.143 atoms=38 merges=0 field=16.3274 rms=0.5102 scale=1.0000 fcos=nan ign=0.0000 prn=nan nxp=0.000 mph=0.000 bytes=565732 pkts=565732 shard=1
step=1017275 (run 1275/8000) loss=0.00050 byte_ppl=1.000 atoms=65 merges=0 field=16.6624 rms=0.5207 scale=1.0000 fcos=nan ign=0.0000 prn=nan nxp=0.000 mph=0.000 bytes=565732 pkts=565732 shard=1
step=1017300 (run 1300/8000) loss=6.32404 byte_ppl=557.821 atoms=22 merges=0 field=16.9250 rms=0.5289 scale=1.0000 fcos=nan ign=0.0000 prn=nan nxp=0.000 mph=0.000 bytes=565732 pkts=565732 shard=1
step=1017325 (run 1325/8000) loss=0.00029 byte_ppl=1.000 atoms=49 merges=0 field=17.1419 rms=0.5357 scale=1.0000 fcos=nan ign=0.0000 prn=nan nxp=0.000 mph=0.000 bytes=565732 pkts=565732 shard=1
step=1017350 (run 1350/8000) loss=0.27099 byte_ppl=1.311 atoms=7 merges=0 field=17.4309 rms=0.5447 scale=1.0000 fcos=nan ign=0.0000 prn=nan nxp=0.000 mph=0.000 bytes=565732 pkts=565732 shard=1
step=1017375 (run 1375/8000) loss=0.00585 byte_ppl=1.006 atoms=34 merges=0 field=17.7148 rms=0.5536 scale=1.0000 fcos=nan ign=0.0000 prn=nan nxp=0.000 mph=0.000 bytes=565732 pkts=565732 shard=1
step=1017400 (run 1400/8000) loss=10.91415 byte_ppl=54948.474 atoms=62 merges=0 field=17.8656 rms=0.5583 scale=1.0000 fcos=nan ign=0.0000 prn=nan nxp=0.000 mph=0.000 bytes=565732 pkts=565732 shard=1
step=1017425 (run 1425/8000) loss=0.00370 byte_ppl=1.004 atoms=19 merges=0 field=18.1012 rms=0.5657 scale=1.0000 fcos=nan ign=0.0000 prn=nan nxp=0.000 mph=0.000 bytes=565732 pkts=565732 shard=1
step=1017450 (run 1450/8000) loss=1.29240 byte_ppl=3.642 atoms=47 merges=0 field=18.2228 rms=0.5695 scale=1.0000 fcos=nan ign=0.0000 prn=nan nxp=0.000 mph=0.000 bytes=565732 pkts=565732 shard=1
step=1017475 (run 1475/8000) loss=0.02574 byte_ppl=1.026 atoms=3 merges=0 field=18.4195 rms=0.5756 scale=1.0000 fcos=nan ign=0.0000 prn=nan nxp=0.000 mph=0.000 bytes=565732 pkts=565732 shard=1
step=1017500 (run 1500/8000) loss=0.00289 byte_ppl=1.003 atoms=31 merges=0 field=18.6796 rms=0.5837 scale=1.0000 fcos=nan ign=0.0000 prn=nan nxp=0.000 mph=0.000 bytes=565732 pkts=565732 shard=1
step=1017525 (run 1525/8000) loss=0.00595 byte_ppl=1.006 atoms=58 merges=0 field=18.8304 rms=0.5885 scale=1.0000 fcos=nan ign=0.0000 prn=nan nxp=0.000 mph=0.000 bytes=565732 pkts=565732 shard=1
step=1017550 (run 1550/8000) loss=1.67440 byte_ppl=5.336 atoms=16 merges=0 field=18.9938 rms=0.5936 scale=1.0000 fcos=nan ign=0.0000 prn=nan nxp=0.000 mph=0.000 bytes=565732 pkts=565732 shard=1
step=1017575 (run 1575/8000) loss=3.14949 byte_ppl=23.324 atoms=43 merges=0 field=19.1550 rms=0.5986 scale=1.0000 fcos=nan ign=0.0000 prn=nan nxp=0.000 mph=0.000 bytes=565732 pkts=565732 shard=1
step=1017600 (run 1600/8000) loss=9.96824 byte_ppl=21337.852 atoms=71 merges=0 field=19.3134 rms=0.6035 scale=1.0000 fcos=nan ign=0.0000 prn=nan nxp=0.000 mph=0.000 bytes=565732 pkts=565732 shard=1
step=1017625 (run 1625/8000) loss=0.04709 byte_ppl=1.048 atoms=27 merges=0 field=19.5447 rms=0.6108 scale=1.0000 fcos=nan ign=0.0000 prn=nan nxp=0.000 mph=0.000 bytes=565732 pkts=565732 shard=1
step=1017650 (run 1650/8000) loss=12.76746 byte_ppl=350620.218 atoms=55 merges=0 field=19.6874 rms=0.6152 scale=1.0000 fcos=nan ign=0.0000 prn=nan nxp=0.000 mph=0.000 bytes=565732 pkts=565732 shard=1
step=1017675 (run 1675/8000) loss=0.00116 byte_ppl=1.001 atoms=12 merges=0 field=19.8100 rms=0.6191 scale=1.0000 fcos=nan ign=0.0000 prn=nan nxp=0.000 mph=0.000 bytes=565732 pkts=565732 shard=1
step=1017700 (run 1700/8000) loss=0.06391 byte_ppl=1.066 atoms=40 merges=0 field=20.0114 rms=0.6254 scale=1.0000 fcos=nan ign=0.0000 prn=nan nxp=0.000 mph=0.000 bytes=565732 pkts=565732 shard=1
step=1017725 (run 1725/8000) loss=0.03677 byte_ppl=1.037 atoms=67 merges=0 field=20.1788 rms=0.6306 scale=1.0000 fcos=nan ign=0.0000 prn=nan nxp=0.000 mph=0.000 bytes=565732 pkts=565732 shard=1
step=1017750 (run 1750/8000) loss=0.24523 byte_ppl=1.278 atoms=25 merges=0 field=20.4250 rms=0.6383 scale=1.0000 fcos=nan ign=0.0000 prn=nan nxp=0.000 mph=0.000 bytes=565732 pkts=565732 shard=1
step=1017775 (run 1775/8000) loss=0.00173 byte_ppl=1.002 atoms=52 merges=0 field=20.6031 rms=0.6438 scale=1.0000 fcos=nan ign=0.0000 prn=nan nxp=0.000 mph=0.000 bytes=565732 pkts=565732 shard=1
step=1017800 (run 1800/8000) loss=0.04604 byte_ppl=1.047 atoms=9 merges=0 field=20.7584 rms=0.6487 scale=1.0000 fcos=nan ign=0.0000 prn=nan nxp=0.000 mph=0.000 bytes=565732 pkts=565732 shard=1
step=1017825 (run 1825/8000) loss=3.45609 byte_ppl=31.693 atoms=36 merges=0 field=20.8646 rms=0.6520 scale=1.0000 fcos=nan ign=0.0000 prn=nan nxp=0.000 mph=0.000 bytes=565732 pkts=565732 shard=1
step=1017850 (run 1850/8000) loss=0.05071 byte_ppl=1.052 atoms=64 merges=0 field=20.9522 rms=0.6548 scale=1.0000 fcos=nan ign=0.0000 prn=nan nxp=0.000 mph=0.000 bytes=565732 pkts=565732 shard=1
step=1017875 (run 1875/8000) loss=0.01276 byte_ppl=1.013 atoms=21 merges=0 field=21.0837 rms=0.6589 scale=1.0000 fcos=nan ign=0.0000 prn=nan nxp=0.000 mph=0.000 bytes=565732 pkts=565732 shard=1
step=1017900 (run 1900/8000) loss=8.53067 byte_ppl=5067.831 atoms=49 merges=0 field=21.2545 rms=0.6642 scale=1.0000 fcos=nan ign=0.0000 prn=nan nxp=0.000 mph=0.000 bytes=565732 pkts=565732 shard=1
step=1017925 (run 1925/8000) loss=0.00463 byte_ppl=1.005 atoms=5 merges=0 field=21.4430 rms=0.6701 scale=1.0000 fcos=nan ign=0.0000 prn=nan nxp=0.000 mph=0.000 bytes=565732 pkts=565732 shard=1
step=1017950 (run 1950/8000) loss=8.50809 byte_ppl=4954.672 atoms=33 merges=0 field=21.5821 rms=0.6744 scale=1.0000 fcos=nan ign=0.0000 prn=nan nxp=0.000 mph=0.000 bytes=565732 pkts=565732 shard=1
step=1017975 (run 1975/8000) loss=0.00005 byte_ppl=1.000 atoms=60 merges=0 field=21.7076 rms=0.6784 scale=1.0000 fcos=nan ign=0.0000 prn=nan nxp=0.000 mph=0.000 bytes=565732 pkts=565732 shard=1
step=1018000 (run 2000/8000) loss=5.32291 byte_ppl=204.980 atoms=18 merges=0 field=21.8890 rms=0.6840 scale=1.0000 fcos=nan ign=0.0000 prn=nan nxp=0.000 mph=0.000 bytes=565732 pkts=565732 shard=1
step=1018025 (run 2025/8000) loss=0.00086 byte_ppl=1.001 atoms=45 merges=0 field=21.9960 rms=0.6874 scale=1.0000 fcos=nan ign=0.0000 prn=nan nxp=0.000 mph=0.000 bytes=565732 pkts=565732 shard=1
step=1018050 (run 2050/8000) loss=9.53942 byte_ppl=13896.860 atoms=3 merges=0 field=22.1935 rms=0.6935 scale=1.0000 fcos=nan ign=0.0000 prn=nan nxp=0.000 mph=0.000 bytes=565732 pkts=565732 shard=1
step=1018075 (run 2075/8000) loss=1.08662 byte_ppl=2.964 atoms=30 merges=0 field=22.3442 rms=0.6983 scale=1.0000 fcos=nan ign=0.0000 prn=nan nxp=0.000 mph=0.000 bytes=565732 pkts=565732 shard=1
step=1018100 (run 2100/8000) loss=0.03629 byte_ppl=1.037 atoms=58 merges=0 field=22.4256 rms=0.7008 scale=1.0000 fcos=nan ign=0.0000 prn=nan nxp=0.000 mph=0.000 bytes=565732 pkts=565732 shard=1
step=1018125 (run 2125/8000) loss=0.00073 byte_ppl=1.001 atoms=14 merges=0 field=22.5444 rms=0.7045 scale=1.0000 fcos=nan ign=0.0000 prn=nan nxp=0.000 mph=0.000 bytes=565732 pkts=565732 shard=1
step=1018150 (run 2150/8000) loss=0.22894 byte_ppl=1.257 atoms=42 merges=0 field=22.6718 rms=0.7085 scale=1.0000 fcos=nan ign=0.0000 prn=nan nxp=0.000 mph=0.000 bytes=565732 pkts=565732 shard=1
step=1018175 (run 2175/8000) loss=1.93152 byte_ppl=6.900 atoms=69 merges=0 field=22.7580 rms=0.7112 scale=1.0000 fcos=nan ign=0.0000 prn=nan nxp=0.000 mph=0.000 bytes=565732 pkts=565732 shard=1
step=1018200 (run 2200/8000) loss=0.34693 byte_ppl=1.415 atoms=27 merges=0 field=22.8738 rms=0.7148 scale=1.0000 fcos=nan ign=0.0000 prn=nan nxp=0.000 mph=0.000 bytes=565732 pkts=565732 shard=1
step=1018225 (run 2225/8000) loss=0.00169 byte_ppl=1.002 atoms=54 merges=0 field=23.0087 rms=0.7190 scale=1.0000 fcos=nan ign=0.0000 prn=nan nxp=0.000 mph=0.000 bytes=565732 pkts=565732 shard=1
step=1018250 (run 2250/8000) loss=9.28325 byte_ppl=10756.321 atoms=11 merges=0 field=23.1379 rms=0.7231 scale=1.0000 fcos=nan ign=0.0000 prn=nan nxp=0.000 mph=0.000 bytes=565732 pkts=565732 shard=1
step=1018275 (run 2275/8000) loss=4.31549 byte_ppl=74.851 atoms=38 merges=0 field=23.3017 rms=0.7282 scale=1.0000 fcos=nan ign=0.0000 prn=nan nxp=0.000 mph=0.000 bytes=565732 pkts=565732 shard=1
step=1018300 (run 2300/8000) loss=3.59964 byte_ppl=36.585 atoms=66 merges=0 field=23.3972 rms=0.7312 scale=1.0000 fcos=nan ign=0.0000 prn=nan nxp=0.000 mph=0.000 bytes=565732 pkts=565732 shard=1
step=1018325 (run 2325/8000) loss=0.30099 byte_ppl=1.351 atoms=23 merges=0 field=23.5327 rms=0.7354 scale=1.0000 fcos=nan ign=0.0000 prn=nan nxp=0.000 mph=0.000 bytes=565732 pkts=565732 shard=1
step=1018350 (run 2350/8000) loss=1.53025 byte_ppl=4.619 atoms=51 merges=0 field=23.6528 rms=0.7392 scale=1.0000 fcos=nan ign=0.0000 prn=nan nxp=0.000 mph=0.000 bytes=565732 pkts=565732 shard=1
step=1018375 (run 2375/8000) loss=0.00049 byte_ppl=1.000 atoms=8 merges=0 field=23.7564 rms=0.7424 scale=1.0000 fcos=nan ign=0.0000 prn=nan nxp=0.000 mph=0.000 bytes=565732 pkts=565732 shard=1
step=1018400 (run 2400/8000) loss=0.52355 byte_ppl=1.688 atoms=36 merges=0 field=23.8730 rms=0.7460 scale=1.0000 fcos=nan ign=0.0000 prn=nan nxp=0.000 mph=0.000 bytes=565732 pkts=565732 shard=1
step=1018425 (run 2425/8000) loss=0.00015 byte_ppl=1.000 atoms=63 merges=0 field=24.0565 rms=0.7518 scale=1.0000 fcos=nan ign=0.0000 prn=nan nxp=0.000 mph=0.000 bytes=565732 pkts=565732 shard=1
step=1018450 (run 2450/8000) loss=0.06668 byte_ppl=1.069 atoms=20 merges=0 field=24.1787 rms=0.7556 scale=1.0000 fcos=nan ign=0.0000 prn=nan nxp=0.000 mph=0.000 bytes=565732 pkts=565732 shard=1
step=1018475 (run 2475/8000) loss=1.62514 byte_ppl=5.079 atoms=47 merges=0 field=24.3681 rms=0.7615 scale=1.0000 fcos=nan ign=0.0000 prn=nan nxp=0.000 mph=0.000 bytes=565732 pkts=565732 shard=1
step=1018500 (run 2500/8000) loss=0.14143 byte_ppl=1.152 atoms=5 merges=0 field=24.5472 rms=0.7671 scale=1.0000 fcos=nan ign=0.0000 prn=nan nxp=0.000 mph=0.000 bytes=565732 pkts=565732 shard=1
step=1018525 (run 2525/8000) loss=0.00067 byte_ppl=1.001 atoms=32 merges=0 field=24.5612 rms=0.7675 scale=1.0000 fcos=nan ign=0.0000 prn=nan nxp=0.000 mph=0.000 bytes=565732 pkts=565732 shard=1
step=1018550 (run 2550/8000) loss=0.00008 byte_ppl=1.000 atoms=60 merges=0 field=24.6572 rms=0.7705 scale=1.0000 fcos=nan ign=0.0000 prn=nan nxp=0.000 mph=0.000 bytes=565732 pkts=565732 shard=1
step=1018575 (run 2575/8000) loss=4.90219 byte_ppl=134.584 atoms=16 merges=0 field=24.7909 rms=0.7747 scale=1.0000 fcos=nan ign=0.0000 prn=nan nxp=0.000 mph=0.000 bytes=565732 pkts=565732 shard=1
step=1018600 (run 2600/8000) loss=0.22189 byte_ppl=1.248 atoms=44 merges=0 field=24.8550 rms=0.7767 scale=1.0000 fcos=nan ign=0.0000 prn=nan nxp=0.000 mph=0.000 bytes=565732 pkts=565732 shard=1
step=1018625 (run 2625/8000) loss=2.48706 byte_ppl=12.026 atoms=1 merges=0 field=24.9144 rms=0.7786 scale=1.0000 fcos=nan ign=0.0000 prn=nan nxp=0.000 mph=0.000 bytes=565732 pkts=565732 shard=1
step=1018650 (run 2650/8000) loss=1.68405 byte_ppl=5.387 atoms=29 merges=0 field=25.0736 rms=0.7836 scale=1.0000 fcos=nan ign=0.0000 prn=nan nxp=0.000 mph=0.000 bytes=565732 pkts=565732 shard=1
step=1018675 (run 2675/8000) loss=0.00331 byte_ppl=1.003 atoms=56 merges=0 field=25.1572 rms=0.7862 scale=1.0000 fcos=nan ign=0.0000 prn=nan nxp=0.000 mph=0.000 bytes=565732 pkts=565732 shard=1
step=1018700 (run 2700/8000) loss=0.00279 byte_ppl=1.003 atoms=14 merges=0 field=25.1999 rms=0.7875 scale=1.0000 fcos=nan ign=0.0000 prn=nan nxp=0.000 mph=0.000 bytes=565732 pkts=565732 shard=1
step=1018725 (run 2725/8000) loss=0.14004 byte_ppl=1.150 atoms=41 merges=0 field=25.3346 rms=0.7917 scale=1.0000 fcos=nan ign=0.0000 prn=nan nxp=0.000 mph=0.000 bytes=565732 pkts=565732 shard=1
step=1018750 (run 2750/8000) loss=0.10631 byte_ppl=1.112 atoms=69 merges=0 field=25.4712 rms=0.7960 scale=1.0000 fcos=nan ign=0.0000 prn=nan nxp=0.000 mph=0.000 bytes=565732 pkts=565732 shard=1
step=1018775 (run 2775/8000) loss=0.20949 byte_ppl=1.233 atoms=25 merges=0 field=25.5917 rms=0.7997 scale=1.0000 fcos=nan ign=0.0000 prn=nan nxp=0.000 mph=0.000 bytes=565732 pkts=565732 shard=1
step=1018800 (run 2800/8000) loss=0.00040 byte_ppl=1.000 atoms=53 merges=0 field=25.7186 rms=0.8037 scale=1.0000 fcos=nan ign=0.0000 prn=nan nxp=0.000 mph=0.000 bytes=565732 pkts=565732 shard=1
step=1018825 (run 2825/8000) loss=0.99085 byte_ppl=2.694 atoms=10 merges=0 field=25.8909 rms=0.8091 scale=1.0000 fcos=nan ign=0.0000 prn=nan nxp=0.000 mph=0.000 bytes=565732 pkts=565732 shard=1
step=1018850 (run 2850/8000) loss=2.64241 byte_ppl=14.047 atoms=38 merges=0 field=25.9479 rms=0.8109 scale=1.0000 fcos=nan ign=0.0000 prn=nan nxp=0.000 mph=0.000 bytes=565732 pkts=565732 shard=1
step=1018875 (run 2875/8000) loss=0.00444 byte_ppl=1.004 atoms=65 merges=0 field=26.0824 rms=0.8151 scale=1.0000 fcos=nan ign=0.0000 prn=nan nxp=0.000 mph=0.000 bytes=565732 pkts=565732 shard=1
step=1018900 (run 2900/8000) loss=0.00026 byte_ppl=1.000 atoms=22 merges=0 field=26.1610 rms=0.8175 scale=1.0000 fcos=nan ign=0.0000 prn=nan nxp=0.000 mph=0.000 bytes=565732 pkts=565732 shard=1
step=1018925 (run 2925/8000) loss=1.91667 byte_ppl=6.798 atoms=49 merges=0 field=26.2857 rms=0.8214 scale=1.0000 fcos=nan ign=0.0000 prn=nan nxp=0.000 mph=0.000 bytes=565732 pkts=565732 shard=1
step=1018950 (run 2950/8000) loss=4.98121 byte_ppl=145.651 atoms=7 merges=0 field=26.4624 rms=0.8270 scale=1.0000 fcos=nan ign=0.0000 prn=nan nxp=0.000 mph=0.000 bytes=565732 pkts=565732 shard=1
step=1018975 (run 2975/8000) loss=0.00040 byte_ppl=1.000 atoms=34 merges=0 field=26.5162 rms=0.8286 scale=1.0000 fcos=nan ign=0.0000 prn=nan nxp=0.000 mph=0.000 bytes=565732 pkts=565732 shard=1
step=1019000 (run 3000/8000) loss=2.73723 byte_ppl=15.444 atoms=62 merges=0 field=26.6119 rms=0.8316 scale=1.0000 fcos=nan ign=0.0000 prn=nan nxp=0.000 mph=0.000 bytes=565732 pkts=565732 shard=1
step=1019025 (run 3025/8000) loss=1.39293 byte_ppl=4.027 atoms=19 merges=0 field=26.6902 rms=0.8341 scale=1.0000 fcos=nan ign=0.0000 prn=nan nxp=0.000 mph=0.000 bytes=565732 pkts=565732 shard=1
step=1019050 (run 3050/8000) loss=0.00116 byte_ppl=1.001 atoms=47 merges=0 field=26.7110 rms=0.8347 scale=1.0000 fcos=nan ign=0.0000 prn=nan nxp=0.000 mph=0.000 bytes=565732 pkts=565732 shard=1
step=1019075 (run 3075/8000) loss=0.00216 byte_ppl=1.002 atoms=3 merges=0 field=26.8556 rms=0.8392 scale=1.0000 fcos=nan ign=0.0000 prn=nan nxp=0.000 mph=0.000 bytes=565732 pkts=565732 shard=1
step=1019100 (run 3100/8000) loss=4.67978 byte_ppl=107.746 atoms=31 merges=0 field=26.8988 rms=0.8406 scale=1.0000 fcos=nan ign=0.0000 prn=nan nxp=0.000 mph=0.000 bytes=565732 pkts=565732 shard=1
step=1019125 (run 3125/8000) loss=0.08070 byte_ppl=1.084 atoms=58 merges=0 field=26.9842 rms=0.8433 scale=1.0000 fcos=nan ign=0.0000 prn=nan nxp=0.000 mph=0.000 bytes=565732 pkts=565732 shard=1
step=1019150 (run 3150/8000) loss=0.16615 byte_ppl=1.181 atoms=16 merges=0 field=27.1757 rms=0.8492 scale=1.0000 fcos=nan ign=0.0000 prn=nan nxp=0.000 mph=0.000 bytes=565732 pkts=565732 shard=1
step=1019175 (run 3175/8000) loss=2.54691 byte_ppl=12.768 atoms=43 merges=0 field=27.3102 rms=0.8534 scale=1.0000 fcos=nan ign=0.0000 prn=nan nxp=0.000 mph=0.000 bytes=565732 pkts=565732 shard=1
step=1019200 (run 3200/8000) loss=0.01130 byte_ppl=1.011 atoms=71 merges=0 field=27.4025 rms=0.8563 scale=1.0000 fcos=nan ign=0.0000 prn=nan nxp=0.000 mph=0.000 bytes=565732 pkts=565732 shard=1
step=1019225 (run 3225/8000) loss=2.38909 byte_ppl=10.904 atoms=27 merges=0 field=27.5442 rms=0.8608 scale=1.0000 fcos=nan ign=0.0000 prn=nan nxp=0.000 mph=0.000 bytes=565732 pkts=565732 shard=1
step=1019250 (run 3250/8000) loss=2.50697 byte_ppl=12.268 atoms=55 merges=0 field=27.6640 rms=0.8645 scale=1.0000 fcos=nan ign=0.0000 prn=nan nxp=0.000 mph=0.000 bytes=565732 pkts=565732 shard=1
step=1019275 (run 3275/8000) loss=0.61176 byte_ppl=1.844 atoms=12 merges=0 field=27.7283 rms=0.8665 scale=1.0000 fcos=nan ign=0.0000 prn=nan nxp=0.000 mph=0.000 bytes=565732 pkts=565732 shard=1
step=1019300 (run 3300/8000) loss=1.10550 byte_ppl=3.021 atoms=40 merges=0 field=27.8220 rms=0.8694 scale=1.0000 fcos=nan ign=0.0000 prn=nan nxp=0.000 mph=0.000 bytes=565732 pkts=565732 shard=1
step=1019325 (run 3325/8000) loss=0.55190 byte_ppl=1.737 atoms=67 merges=0 field=27.9414 rms=0.8732 scale=1.0000 fcos=nan ign=0.0000 prn=nan nxp=0.000 mph=0.000 bytes=565732 pkts=565732 shard=1
step=1019350 (run 3350/8000) loss=0.04755 byte_ppl=1.049 atoms=25 merges=0 field=27.9925 rms=0.8748 scale=1.0000 fcos=nan ign=0.0000 prn=nan nxp=0.000 mph=0.000 bytes=565732 pkts=565732 shard=1
step=1019375 (run 3375/8000) loss=0.14849 byte_ppl=1.160 atoms=52 merges=0 field=28.1627 rms=0.8801 scale=1.0000 fcos=nan ign=0.0000 prn=nan nxp=0.000 mph=0.000 bytes=565732 pkts=565732 shard=1
step=1019400 (run 3400/8000) loss=0.00042 byte_ppl=1.000 atoms=9 merges=0 field=28.2115 rms=0.8816 scale=1.0000 fcos=nan ign=0.0000 prn=nan nxp=0.000 mph=0.000 bytes=565732 pkts=565732 shard=1
step=1019425 (run 3425/8000) loss=0.00067 byte_ppl=1.001 atoms=36 merges=0 field=28.2646 rms=0.8833 scale=1.0000 fcos=nan ign=0.0000 prn=nan nxp=0.000 mph=0.000 bytes=565732 pkts=565732 shard=1
step=1019450 (run 3450/8000) loss=12.83109 byte_ppl=373654.597 atoms=64 merges=0 field=28.3704 rms=0.8866 scale=1.0000 fcos=nan ign=0.0000 prn=nan nxp=0.000 mph=0.000 bytes=565732 pkts=565732 shard=1
step=1019475 (run 3475/8000) loss=0.47942 byte_ppl=1.615 atoms=21 merges=0 field=28.5083 rms=0.8909 scale=1.0000 fcos=nan ign=0.0000 prn=nan nxp=0.000 mph=0.000 bytes=565732 pkts=565732 shard=1
step=1019500 (run 3500/8000) loss=0.55201 byte_ppl=1.737 atoms=49 merges=0 field=28.5654 rms=0.8927 scale=1.0000 fcos=nan ign=0.0000 prn=nan nxp=0.000 mph=0.000 bytes=565732 pkts=565732 shard=1
step=1019525 (run 3525/8000) loss=3.45019 byte_ppl=31.506 atoms=5 merges=0 field=28.6466 rms=0.8952 scale=1.0000 fcos=nan ign=0.0000 prn=nan nxp=0.000 mph=0.000 bytes=565732 pkts=565732 shard=1
step=1019550 (run 3550/8000) loss=0.05456 byte_ppl=1.056 atoms=33 merges=0 field=28.6407 rms=0.8950 scale=1.0000 fcos=nan ign=0.0000 prn=nan nxp=0.000 mph=0.000 bytes=565732 pkts=565732 shard=1
step=1019575 (run 3575/8000) loss=0.00346 byte_ppl=1.003 atoms=60 merges=0 field=28.7308 rms=0.8978 scale=1.0000 fcos=nan ign=0.0000 prn=nan nxp=0.000 mph=0.000 bytes=565732 pkts=565732 shard=1
step=1019600 (run 3600/8000) loss=4.44490 byte_ppl=85.191 atoms=18 merges=0 field=28.7561 rms=0.8986 scale=1.0000 fcos=nan ign=0.0000 prn=nan nxp=0.000 mph=0.000 bytes=565732 pkts=565732 shard=1
step=1019625 (run 3625/8000) loss=0.00036 byte_ppl=1.000 atoms=45 merges=0 field=28.7863 rms=0.8996 scale=1.0000 fcos=nan ign=0.0000 prn=nan nxp=0.000 mph=0.000 bytes=565732 pkts=565732 shard=1
step=1019650 (run 3650/8000) loss=0.00036 byte_ppl=1.000 atoms=3 merges=0 field=28.8456 rms=0.9014 scale=1.0000 fcos=nan ign=0.0000 prn=nan nxp=0.000 mph=0.000 bytes=565732 pkts=565732 shard=1
step=1019675 (run 3675/8000) loss=0.00009 byte_ppl=1.000 atoms=30 merges=0 field=28.8306 rms=0.9010 scale=1.0000 fcos=nan ign=0.0000 prn=nan nxp=0.000 mph=0.000 bytes=565732 pkts=565732 shard=1
step=1019700 (run 3700/8000) loss=1.34176 byte_ppl=3.826 atoms=58 merges=0 field=28.9443 rms=0.9045 scale=1.0000 fcos=nan ign=0.0000 prn=nan nxp=0.000 mph=0.000 bytes=565732 pkts=565732 shard=1
step=1019725 (run 3725/8000) loss=0.00959 byte_ppl=1.010 atoms=14 merges=0 field=29.0874 rms=0.9090 scale=1.0000 fcos=nan ign=0.0000 prn=nan nxp=0.000 mph=0.000 bytes=565732 pkts=565732 shard=1
step=1019750 (run 3750/8000) loss=1.48919 byte_ppl=4.434 atoms=42 merges=0 field=29.1101 rms=0.9097 scale=1.0000 fcos=nan ign=0.0000 prn=nan nxp=0.000 mph=0.000 bytes=565732 pkts=565732 shard=1
step=1019775 (run 3775/8000) loss=2.91299 byte_ppl=18.412 atoms=69 merges=0 field=29.1755 rms=0.9117 scale=1.0000 fcos=nan ign=0.0000 prn=nan nxp=0.000 mph=0.000 bytes=565732 pkts=565732 shard=1
step=1019800 (run 3800/8000) loss=5.83111 byte_ppl=340.736 atoms=27 merges=0 field=29.2626 rms=0.9145 scale=1.0000 fcos=nan ign=0.0000 prn=nan nxp=0.000 mph=0.000 bytes=565732 pkts=565732 shard=1
step=1019825 (run 3825/8000) loss=1.81075 byte_ppl=6.115 atoms=54 merges=0 field=29.3566 rms=0.9174 scale=1.0000 fcos=nan ign=0.0000 prn=nan nxp=0.000 mph=0.000 bytes=565732 pkts=565732 shard=1
step=1019850 (run 3850/8000) loss=1.96199 byte_ppl=7.113 atoms=11 merges=0 field=29.4357 rms=0.9199 scale=1.0000 fcos=nan ign=0.0000 prn=nan nxp=0.000 mph=0.000 bytes=565732 pkts=565732 shard=1
step=1019875 (run 3875/8000) loss=0.06154 byte_ppl=1.063 atoms=38 merges=0 field=29.5046 rms=0.9220 scale=1.0000 fcos=nan ign=0.0000 prn=nan nxp=0.000 mph=0.000 bytes=565732 pkts=565732 shard=1
step=1019900 (run 3900/8000) loss=0.00710 byte_ppl=1.007 atoms=66 merges=0 field=29.6018 rms=0.9251 scale=1.0000 fcos=nan ign=0.0000 prn=nan nxp=0.000 mph=0.000 bytes=565732 pkts=565732 shard=1
step=1019925 (run 3925/8000) loss=0.03634 byte_ppl=1.037 atoms=23 merges=0 field=29.6690 rms=0.9272 scale=1.0000 fcos=nan ign=0.0000 prn=nan nxp=0.000 mph=0.000 bytes=565732 pkts=565732 shard=1
step=1019950 (run 3950/8000) loss=0.00348 byte_ppl=1.003 atoms=51 merges=0 field=29.8193 rms=0.9319 scale=1.0000 fcos=nan ign=0.0000 prn=nan nxp=0.000 mph=0.000 bytes=565732 pkts=565732 shard=1
step=1019975 (run 3975/8000) loss=3.27424 byte_ppl=26.423 atoms=8 merges=0 field=29.9079 rms=0.9346 scale=1.0000 fcos=nan ign=0.0000 prn=nan nxp=0.000 mph=0.000 bytes=565732 pkts=565732 shard=1
step=1020000 (run 4000/8000) loss=0.27385 byte_ppl=1.315 atoms=36 merges=0 field=29.9168 rms=0.9349 scale=1.0000 fcos=nan ign=0.0000 prn=nan nxp=0.000 mph=0.000 bytes=565732 pkts=565732 shard=1
step=1020025 (run 4025/8000) loss=0.07799 byte_ppl=1.081 atoms=63 merges=0 field=30.0021 rms=0.9376 scale=1.0000 fcos=nan ign=0.0000 prn=nan nxp=0.000 mph=0.000 bytes=565732 pkts=565732 shard=1
step=1020050 (run 4050/8000) loss=0.04252 byte_ppl=1.043 atoms=20 merges=0 field=29.9587 rms=0.9362 scale=1.0000 fcos=nan ign=0.0000 prn=nan nxp=0.000 mph=0.000 bytes=565732 pkts=565732 shard=1
step=1020075 (run 4075/8000) loss=0.00042 byte_ppl=1.000 atoms=47 merges=0 field=30.0025 rms=0.9376 scale=1.0000 fcos=nan ign=0.0000 prn=nan nxp=0.000 mph=0.000 bytes=565732 pkts=565732 shard=1
step=1020100 (run 4100/8000) loss=16.88210 byte_ppl=21468457.802 atoms=5 merges=0 field=30.0487 rms=0.9390 scale=1.0000 fcos=nan ign=0.0000 prn=nan nxp=0.000 mph=0.000 bytes=565732 pkts=565732 shard=1
step=1020125 (run 4125/8000) loss=0.00061 byte_ppl=1.001 atoms=32 merges=0 field=30.0705 rms=0.9397 scale=1.0000 fcos=nan ign=0.0000 prn=nan nxp=0.000 mph=0.000 bytes=565732 pkts=565732 shard=1
step=1020150 (run 4150/8000) loss=13.00669 byte_ppl=445380.948 atoms=60 merges=0 field=30.1666 rms=0.9427 scale=1.0000 fcos=nan ign=0.0000 prn=nan nxp=0.000 mph=0.000 bytes=565732 pkts=565732 shard=1
step=1020175 (run 4175/8000) loss=0.00506 byte_ppl=1.005 atoms=16 merges=0 field=30.2181 rms=0.9443 scale=1.0000 fcos=nan ign=0.0000 prn=nan nxp=0.000 mph=0.000 bytes=565732 pkts=565732 shard=1
step=1020200 (run 4200/8000) loss=0.02005 byte_ppl=1.020 atoms=44 merges=0 field=30.2955 rms=0.9467 scale=1.0000 fcos=nan ign=0.0000 prn=nan nxp=0.000 mph=0.000 bytes=565732 pkts=565732 shard=1
step=1020225 (run 4225/8000) loss=0.00026 byte_ppl=1.000 atoms=1 merges=0 field=30.2785 rms=0.9462 scale=1.0000 fcos=nan ign=0.0000 prn=nan nxp=0.000 mph=0.000 bytes=565732 pkts=565732 shard=1
step=1020250 (run 4250/8000) loss=5.79558 byte_ppl=328.843 atoms=29 merges=0 field=30.3714 rms=0.9491 scale=1.0000 fcos=nan ign=0.0000 prn=nan nxp=0.000 mph=0.000 bytes=565732 pkts=565732 shard=1
step=1020275 (run 4275/8000) loss=0.00046 byte_ppl=1.000 atoms=56 merges=0 field=30.3609 rms=0.9488 scale=1.0000 fcos=nan ign=0.0000 prn=nan nxp=0.000 mph=0.000 bytes=565732 pkts=565732 shard=1
step=1020300 (run 4300/8000) loss=7.24324 byte_ppl=1398.621 atoms=14 merges=0 field=30.4575 rms=0.9518 scale=1.0000 fcos=nan ign=0.0000 prn=nan nxp=0.000 mph=0.000 bytes=565732 pkts=565732 shard=1
step=1020325 (run 4325/8000) loss=3.34035 byte_ppl=28.229 atoms=41 merges=0 field=30.5411 rms=0.9544 scale=1.0000 fcos=nan ign=0.0000 prn=nan nxp=0.000 mph=0.000 bytes=565732 pkts=565732 shard=1
step=1020350 (run 4350/8000) loss=11.93928 byte_ppl=153166.887 atoms=69 merges=0 field=30.6004 rms=0.9563 scale=1.0000 fcos=nan ign=0.0000 prn=nan nxp=0.000 mph=0.000 bytes=565732 pkts=565732 shard=1
step=1020375 (run 4375/8000) loss=0.00002 byte_ppl=1.000 atoms=25 merges=0 field=30.6571 rms=0.9580 scale=1.0000 fcos=nan ign=0.0000 prn=nan nxp=0.000 mph=0.000 bytes=565732 pkts=565732 shard=1
step=1020400 (run 4400/8000) loss=7.15661 byte_ppl=1282.559 atoms=53 merges=0 field=30.7523 rms=0.9610 scale=1.0000 fcos=nan ign=0.0000 prn=nan nxp=0.000 mph=0.000 bytes=565732 pkts=565732 shard=1
step=1020425 (run 4425/8000) loss=0.00062 byte_ppl=1.001 atoms=10 merges=0 field=30.8022 rms=0.9626 scale=1.0000 fcos=nan ign=0.0000 prn=nan nxp=0.000 mph=0.000 bytes=565732 pkts=565732 shard=1
step=1020450 (run 4450/8000) loss=4.96677 byte_ppl=143.562 atoms=38 merges=0 field=30.8590 rms=0.9643 scale=1.0000 fcos=nan ign=0.0000 prn=nan nxp=0.000 mph=0.000 bytes=565732 pkts=565732 shard=1
step=1020475 (run 4475/8000) loss=0.00599 byte_ppl=1.006 atoms=65 merges=0 field=30.8664 rms=0.9646 scale=1.0000 fcos=nan ign=0.0000 prn=nan nxp=0.000 mph=0.000 bytes=565732 pkts=565732 shard=1
step=1020500 (run 4500/8000) loss=10.45691 byte_ppl=34784.040 atoms=22 merges=0 field=30.8288 rms=0.9634 scale=1.0000 fcos=nan ign=0.0000 prn=nan nxp=0.000 mph=0.000 bytes=565732 pkts=565732 shard=1
step=1020525 (run 4525/8000) loss=1.34060 byte_ppl=3.821 atoms=49 merges=0 field=30.8459 rms=0.9639 scale=1.0000 fcos=nan ign=0.0000 prn=nan nxp=0.000 mph=0.000 bytes=565732 pkts=565732 shard=1
step=1020550 (run 4550/8000) loss=4.60917 byte_ppl=100.401 atoms=7 merges=0 field=30.9078 rms=0.9659 scale=1.0000 fcos=nan ign=0.0000 prn=nan nxp=0.000 mph=0.000 bytes=565732 pkts=565732 shard=1
step=1020575 (run 4575/8000) loss=0.00189 byte_ppl=1.002 atoms=34 merges=0 field=30.8991 rms=0.9656 scale=1.0000 fcos=nan ign=0.0000 prn=nan nxp=0.000 mph=0.000 bytes=565732 pkts=565732 shard=1
step=1020600 (run 4600/8000) loss=0.00171 byte_ppl=1.002 atoms=62 merges=0 field=31.0022 rms=0.9688 scale=1.0000 fcos=nan ign=0.0000 prn=nan nxp=0.000 mph=0.000 bytes=565732 pkts=565732 shard=1
step=1020625 (run 4625/8000) loss=4.41758 byte_ppl=82.895 atoms=19 merges=0 field=31.0765 rms=0.9711 scale=1.0000 fcos=nan ign=0.0000 prn=nan nxp=0.000 mph=0.000 bytes=565732 pkts=565732 shard=1
step=1020650 (run 4650/8000) loss=0.00042 byte_ppl=1.000 atoms=47 merges=0 field=31.1382 rms=0.9731 scale=1.0000 fcos=nan ign=0.0000 prn=nan nxp=0.000 mph=0.000 bytes=565732 pkts=565732 shard=1
step=1020675 (run 4675/8000) loss=0.00018 byte_ppl=1.000 atoms=3 merges=0 field=31.2282 rms=0.9759 scale=1.0000 fcos=nan ign=0.0000 prn=nan nxp=0.000 mph=0.000 bytes=565732 pkts=565732 shard=1
step=1020700 (run 4700/8000) loss=1.22082 byte_ppl=3.390 atoms=31 merges=0 field=31.2840 rms=0.9776 scale=1.0000 fcos=nan ign=0.0000 prn=nan nxp=0.000 mph=0.000 bytes=565732 pkts=565732 shard=1
step=1020725 (run 4725/8000) loss=5.29003 byte_ppl=198.349 atoms=58 merges=0 field=31.2846 rms=0.9776 scale=1.0000 fcos=nan ign=0.0000 prn=nan nxp=0.000 mph=0.000 bytes=565732 pkts=565732 shard=1
step=1020750 (run 4750/8000) loss=0.75793 byte_ppl=2.134 atoms=16 merges=0 field=31.3245 rms=0.9789 scale=1.0000 fcos=nan ign=0.0000 prn=nan nxp=0.000 mph=0.000 bytes=565732 pkts=565732 shard=1
step=1020775 (run 4775/8000) loss=4.28431 byte_ppl=72.552 atoms=43 merges=0 field=31.2684 rms=0.9771 scale=1.0000 fcos=nan ign=0.0000 prn=nan nxp=0.000 mph=0.000 bytes=565732 pkts=565732 shard=1
step=1020800 (run 4800/8000) loss=8.92421 byte_ppl=7511.622 atoms=71 merges=0 field=31.2380 rms=0.9762 scale=1.0000 fcos=nan ign=0.0000 prn=nan nxp=0.000 mph=0.000 bytes=565732 pkts=565732 shard=1
step=1020825 (run 4825/8000) loss=0.00040 byte_ppl=1.000 atoms=27 merges=0 field=31.3137 rms=0.9786 scale=1.0000 fcos=nan ign=0.0000 prn=nan nxp=0.000 mph=0.000 bytes=565732 pkts=565732 shard=1
step=1020850 (run 4850/8000) loss=4.50980 byte_ppl=90.903 atoms=55 merges=0 field=31.3523 rms=0.9798 scale=1.0000 fcos=nan ign=0.0000 prn=nan nxp=0.000 mph=0.000 bytes=565732 pkts=565732 shard=1
step=1020875 (run 4875/8000) loss=0.00021 byte_ppl=1.000 atoms=12 merges=0 field=31.3347 rms=0.9792 scale=1.0000 fcos=nan ign=0.0000 prn=nan nxp=0.000 mph=0.000 bytes=565732 pkts=565732 shard=1
step=1020900 (run 4900/8000) loss=10.66326 byte_ppl=42755.732 atoms=40 merges=0 field=31.4053 rms=0.9814 scale=1.0000 fcos=nan ign=0.0000 prn=nan nxp=0.000 mph=0.000 bytes=565732 pkts=565732 shard=1
step=1020925 (run 4925/8000) loss=0.03258 byte_ppl=1.033 atoms=67 merges=0 field=31.4418 rms=0.9826 scale=1.0000 fcos=nan ign=0.0000 prn=nan nxp=0.000 mph=0.000 bytes=565732 pkts=565732 shard=1
step=1020950 (run 4950/8000) loss=5.89278 byte_ppl=362.412 atoms=25 merges=0 field=31.4101 rms=0.9816 scale=1.0000 fcos=nan ign=0.0000 prn=nan nxp=0.000 mph=0.000 bytes=565732 pkts=565732 shard=1
step=1020975 (run 4975/8000) loss=3.02499 byte_ppl=20.594 atoms=52 merges=0 field=31.4137 rms=0.9817 scale=1.0000 fcos=nan ign=0.0000 prn=nan nxp=0.000 mph=0.000 bytes=565732 pkts=565732 shard=1
step=1021000 (run 5000/8000) loss=8.74198 byte_ppl=6260.252 atoms=9 merges=0 field=31.4216 rms=0.9819 scale=1.0000 fcos=nan ign=0.0000 prn=nan nxp=0.000 mph=0.000 bytes=565732 pkts=565732 shard=1
step=1021025 (run 5025/8000) loss=0.00494 byte_ppl=1.005 atoms=36 merges=0 field=31.4553 rms=0.9830 scale=1.0000 fcos=nan ign=0.0000 prn=nan nxp=0.000 mph=0.000 bytes=565732 pkts=565732 shard=1
step=1021050 (run 5050/8000) loss=0.00006 byte_ppl=1.000 atoms=64 merges=0 field=31.4565 rms=0.9830 scale=1.0000 fcos=nan ign=0.0000 prn=nan nxp=0.000 mph=0.000 bytes=565732 pkts=565732 shard=1
step=1021075 (run 5075/8000) loss=0.34984 byte_ppl=1.419 atoms=21 merges=0 field=31.5471 rms=0.9858 scale=1.0000 fcos=nan ign=0.0000 prn=nan nxp=0.000 mph=0.000 bytes=565732 pkts=565732 shard=1
step=1021100 (run 5100/8000) loss=0.18569 byte_ppl=1.204 atoms=49 merges=0 field=31.5881 rms=0.9871 scale=1.0000 fcos=nan ign=0.0000 prn=nan nxp=0.000 mph=0.000 bytes=565732 pkts=565732 shard=1
step=1021125 (run 5125/8000) loss=0.00452 byte_ppl=1.005 atoms=5 merges=0 field=31.5617 rms=0.9863 scale=1.0000 fcos=nan ign=0.0000 prn=nan nxp=0.000 mph=0.000 bytes=565732 pkts=565732 shard=1
step=1021150 (run 5150/8000) loss=0.00027 byte_ppl=1.000 atoms=33 merges=0 field=31.6048 rms=0.9877 scale=1.0000 fcos=nan ign=0.0000 prn=nan nxp=0.000 mph=0.000 bytes=565732 pkts=565732 shard=1
step=1021175 (run 5175/8000) loss=1.40936 byte_ppl=4.093 atoms=60 merges=0 field=31.6519 rms=0.9891 scale=1.0000 fcos=nan ign=0.0000 prn=nan nxp=0.000 mph=0.000 bytes=565732 pkts=565732 shard=1
step=1021200 (run 5200/8000) loss=0.12263 byte_ppl=1.130 atoms=18 merges=0 field=31.7617 rms=0.9926 scale=1.0000 fcos=nan ign=0.0000 prn=nan nxp=0.000 mph=0.000 bytes=565732 pkts=565732 shard=1
step=1021225 (run 5225/8000) loss=0.00003 byte_ppl=1.000 atoms=45 merges=0 field=31.7872 rms=0.9934 scale=1.0000 fcos=nan ign=0.0000 prn=nan nxp=0.000 mph=0.000 bytes=565732 pkts=565732 shard=1
step=1021250 (run 5250/8000) loss=9.10302 byte_ppl=8982.393 atoms=3 merges=0 field=31.8176 rms=0.9943 scale=1.0000 fcos=nan ign=0.0000 prn=nan nxp=0.000 mph=0.000 bytes=565732 pkts=565732 shard=1
step=1021275 (run 5275/8000) loss=0.10256 byte_ppl=1.108 atoms=30 merges=0 field=31.8356 rms=0.9949 scale=1.0000 fcos=nan ign=0.0000 prn=nan nxp=0.000 mph=0.000 bytes=565732 pkts=565732 shard=1
step=1021300 (run 5300/8000) loss=3.13715 byte_ppl=23.038 atoms=58 merges=0 field=31.8596 rms=0.9956 scale=1.0000 fcos=nan ign=0.0000 prn=nan nxp=0.000 mph=0.000 bytes=565732 pkts=565732 shard=1
step=1021325 (run 5325/8000) loss=0.04760 byte_ppl=1.049 atoms=14 merges=0 field=31.8599 rms=0.9956 scale=1.0000 fcos=nan ign=0.0000 prn=nan nxp=0.000 mph=0.000 bytes=565732 pkts=565732 shard=1
step=1021350 (run 5350/8000) loss=0.00949 byte_ppl=1.010 atoms=42 merges=0 field=31.9849 rms=0.9995 scale=1.0000 fcos=nan ign=0.0000 prn=nan nxp=0.000 mph=0.000 bytes=565732 pkts=565732 shard=1
step=1021375 (run 5375/8000) loss=0.00612 byte_ppl=1.006 atoms=69 merges=0 field=31.9636 rms=0.9989 scale=1.0000 fcos=nan ign=0.0000 prn=nan nxp=0.000 mph=0.000 bytes=565732 pkts=565732 shard=1
step=1021400 (run 5400/8000) loss=4.84657 byte_ppl=127.303 atoms=27 merges=0 field=31.9928 rms=0.9998 scale=1.0000 fcos=nan ign=0.0000 prn=nan nxp=0.000 mph=0.000 bytes=565732 pkts=565732 shard=1
step=1021425 (run 5425/8000) loss=0.00003 byte_ppl=1.000 atoms=54 merges=0 field=32.0569 rms=1.0018 scale=1.0000 fcos=nan ign=0.0000 prn=nan nxp=0.000 mph=0.000 bytes=565732 pkts=565732 shard=1
step=1021450 (run 5450/8000) loss=7.15189 byte_ppl=1276.514 atoms=11 merges=0 field=32.0734 rms=1.0023 scale=1.0000 fcos=nan ign=0.0000 prn=nan nxp=0.000 mph=0.000 bytes=565732 pkts=565732 shard=1
step=1021475 (run 5475/8000) loss=0.00046 byte_ppl=1.000 atoms=38 merges=0 field=32.0420 rms=1.0013 scale=1.0000 fcos=nan ign=0.0000 prn=nan nxp=0.000 mph=0.000 bytes=565732 pkts=565732 shard=1
step=1021500 (run 5500/8000) loss=0.00455 byte_ppl=1.005 atoms=66 merges=0 field=32.0488 rms=1.0015 scale=1.0000 fcos=nan ign=0.0000 prn=nan nxp=0.000 mph=0.000 bytes=565732 pkts=565732 shard=1
step=1021525 (run 5525/8000) loss=0.00037 byte_ppl=1.000 atoms=23 merges=0 field=32.0495 rms=1.0015 scale=1.0000 fcos=nan ign=0.0000 prn=nan nxp=0.000 mph=0.000 bytes=565732 pkts=565732 shard=1
step=1021550 (run 5550/8000) loss=9.64049 byte_ppl=15374.810 atoms=51 merges=0 field=32.0258 rms=1.0008 scale=1.0000 fcos=nan ign=0.0000 prn=nan nxp=0.000 mph=0.000 bytes=565732 pkts=565732 shard=1
step=1021575 (run 5575/8000) loss=0.00200 byte_ppl=1.002 atoms=8 merges=0 field=32.1114 rms=1.0035 scale=1.0000 fcos=nan ign=0.0000 prn=nan nxp=0.000 mph=0.000 bytes=565732 pkts=565732 shard=1
step=1021600 (run 5600/8000) loss=0.02818 byte_ppl=1.029 atoms=36 merges=0 field=32.1020 rms=1.0032 scale=1.0000 fcos=nan ign=0.0000 prn=nan nxp=0.000 mph=0.000 bytes=565732 pkts=565732 shard=1
step=1021625 (run 5625/8000) loss=8.54424 byte_ppl=5137.089 atoms=63 merges=0 field=32.1295 rms=1.0040 scale=1.0000 fcos=nan ign=0.0000 prn=nan nxp=0.000 mph=0.000 bytes=565732 pkts=565732 shard=1
step=1021650 (run 5650/8000) loss=0.04008 byte_ppl=1.041 atoms=20 merges=0 field=32.2038 rms=1.0064 scale=1.0000 fcos=nan ign=0.0000 prn=nan nxp=0.000 mph=0.000 bytes=565732 pkts=565732 shard=1
step=1021675 (run 5675/8000) loss=0.01078 byte_ppl=1.011 atoms=47 merges=0 field=32.2461 rms=1.0077 scale=1.0000 fcos=nan ign=0.0000 prn=nan nxp=0.000 mph=0.000 bytes=565732 pkts=565732 shard=1
step=1021700 (run 5700/8000) loss=0.03331 byte_ppl=1.034 atoms=5 merges=0 field=32.2842 rms=1.0089 scale=1.0000 fcos=nan ign=0.0000 prn=nan nxp=0.000 mph=0.000 bytes=565732 pkts=565732 shard=1
step=1021725 (run 5725/8000) loss=0.67458 byte_ppl=1.963 atoms=32 merges=0 field=32.2755 rms=1.0086 scale=1.0000 fcos=nan ign=0.0000 prn=nan nxp=0.000 mph=0.000 bytes=565732 pkts=565732 shard=1
step=1021750 (run 5750/8000) loss=6.97043 byte_ppl=1064.684 atoms=60 merges=0 field=32.3137 rms=1.0098 scale=1.0000 fcos=nan ign=0.0000 prn=nan nxp=0.000 mph=0.000 bytes=565732 pkts=565732 shard=1
step=1021775 (run 5775/8000) loss=0.06911 byte_ppl=1.072 atoms=16 merges=0 field=32.3295 rms=1.0103 scale=1.0000 fcos=nan ign=0.0000 prn=nan nxp=0.000 mph=0.000 bytes=565732 pkts=565732 shard=1
step=1021800 (run 5800/8000) loss=0.27015 byte_ppl=1.310 atoms=44 merges=0 field=32.3719 rms=1.0116 scale=1.0000 fcos=nan ign=0.0000 prn=nan nxp=0.000 mph=0.000 bytes=565732 pkts=565732 shard=1
step=1021825 (run 5825/8000) loss=4.67446 byte_ppl=107.175 atoms=1 merges=0 field=32.4561 rms=1.0143 scale=1.0000 fcos=nan ign=0.0000 prn=nan nxp=0.000 mph=0.000 bytes=565732 pkts=565732 shard=1
step=1021850 (run 5850/8000) loss=4.55124 byte_ppl=94.749 atoms=29 merges=0 field=32.5068 rms=1.0158 scale=1.0000 fcos=nan ign=0.0000 prn=nan nxp=0.000 mph=0.000 bytes=565732 pkts=565732 shard=1
step=1021875 (run 5875/8000) loss=0.01107 byte_ppl=1.011 atoms=56 merges=0 field=32.5268 rms=1.0165 scale=1.0000 fcos=nan ign=0.0000 prn=nan nxp=0.000 mph=0.000 bytes=565732 pkts=565732 shard=1
step=1021900 (run 5900/8000) loss=0.00073 byte_ppl=1.001 atoms=14 merges=0 field=32.5132 rms=1.0160 scale=1.0000 fcos=nan ign=0.0000 prn=nan nxp=0.000 mph=0.000 bytes=565732 pkts=565732 shard=1
step=1021925 (run 5925/8000) loss=0.00197 byte_ppl=1.002 atoms=41 merges=0 field=32.5588 rms=1.0175 scale=1.0000 fcos=nan ign=0.0000 prn=nan nxp=0.000 mph=0.000 bytes=565732 pkts=565732 shard=1
step=1021950 (run 5950/8000) loss=0.08910 byte_ppl=1.093 atoms=69 merges=0 field=32.5570 rms=1.0174 scale=1.0000 fcos=nan ign=0.0000 prn=nan nxp=0.000 mph=0.000 bytes=565732 pkts=565732 shard=1
step=1021975 (run 5975/8000) loss=0.04467 byte_ppl=1.046 atoms=25 merges=0 field=32.6031 rms=1.0188 scale=1.0000 fcos=nan ign=0.0000 prn=nan nxp=0.000 mph=0.000 bytes=565732 pkts=565732 shard=1
step=1022000 (run 6000/8000) loss=1.46132 byte_ppl=4.312 atoms=53 merges=0 field=32.5559 rms=1.0174 scale=1.0000 fcos=nan ign=0.0000 prn=nan nxp=0.000 mph=0.000 bytes=565732 pkts=565732 shard=1
step=1022025 (run 6025/8000) loss=0.14194 byte_ppl=1.153 atoms=10 merges=0 field=32.6168 rms=1.0193 scale=1.0000 fcos=nan ign=0.0000 prn=nan nxp=0.000 mph=0.000 bytes=565732 pkts=565732 shard=1
step=1022050 (run 6050/8000) loss=0.00030 byte_ppl=1.000 atoms=38 merges=0 field=32.5895 rms=1.0184 scale=1.0000 fcos=nan ign=0.0000 prn=nan nxp=0.000 mph=0.000 bytes=565732 pkts=565732 shard=1
step=1022075 (run 6075/8000) loss=0.01135 byte_ppl=1.011 atoms=65 merges=0 field=32.6856 rms=1.0214 scale=1.0000 fcos=nan ign=0.0000 prn=nan nxp=0.000 mph=0.000 bytes=565732 pkts=565732 shard=1
step=1022100 (run 6100/8000) loss=7.62714 byte_ppl=2053.178 atoms=22 merges=0 field=32.7487 rms=1.0234 scale=1.0000 fcos=nan ign=0.0000 prn=nan nxp=0.000 mph=0.000 bytes=565732 pkts=565732 shard=1
step=1022125 (run 6125/8000) loss=0.09194 byte_ppl=1.096 atoms=49 merges=0 field=32.7014 rms=1.0219 scale=1.0000 fcos=nan ign=0.0000 prn=nan nxp=0.000 mph=0.000 bytes=565732 pkts=565732 shard=1
step=1022150 (run 6150/8000) loss=0.02335 byte_ppl=1.024 atoms=7 merges=0 field=32.6910 rms=1.0216 scale=1.0000 fcos=nan ign=0.0000 prn=nan nxp=0.000 mph=0.000 bytes=565732 pkts=565732 shard=1
step=1022175 (run 6175/8000) loss=0.00120 byte_ppl=1.001 atoms=34 merges=0 field=32.7039 rms=1.0220 scale=1.0000 fcos=nan ign=0.0000 prn=nan nxp=0.000 mph=0.000 bytes=565732 pkts=565732 shard=1
step=1022200 (run 6200/8000) loss=0.00680 byte_ppl=1.007 atoms=62 merges=0 field=32.7378 rms=1.0231 scale=1.0000 fcos=nan ign=0.0000 prn=nan nxp=0.000 mph=0.000 bytes=565732 pkts=565732 shard=1
step=1022225 (run 6225/8000) loss=0.00070 byte_ppl=1.001 atoms=19 merges=0 field=32.6553 rms=1.0205 scale=1.0000 fcos=nan ign=0.0000 prn=nan nxp=0.000 mph=0.000 bytes=565732 pkts=565732 shard=1
step=1022250 (run 6250/8000) loss=0.01803 byte_ppl=1.018 atoms=47 merges=0 field=32.6750 rms=1.0211 scale=1.0000 fcos=nan ign=0.0000 prn=nan nxp=0.000 mph=0.000 bytes=565732 pkts=565732 shard=1
step=1022275 (run 6275/8000) loss=0.36230 byte_ppl=1.437 atoms=3 merges=0 field=32.7402 rms=1.0231 scale=1.0000 fcos=nan ign=0.0000 prn=nan nxp=0.000 mph=0.000 bytes=565732 pkts=565732 shard=1
step=1022300 (run 6300/8000) loss=0.12491 byte_ppl=1.133 atoms=31 merges=0 field=32.7231 rms=1.0226 scale=1.0000 fcos=nan ign=0.0000 prn=nan nxp=0.000 mph=0.000 bytes=565732 pkts=565732 shard=1
step=1022325 (run 6325/8000) loss=4.45124 byte_ppl=85.733 atoms=58 merges=0 field=32.7321 rms=1.0229 scale=1.0000 fcos=nan ign=0.0000 prn=nan nxp=0.000 mph=0.000 bytes=565732 pkts=565732 shard=1
step=1022350 (run 6350/8000) loss=8.37272 byte_ppl=4327.406 atoms=16 merges=0 field=32.7376 rms=1.0230 scale=1.0000 fcos=nan ign=0.0000 prn=nan nxp=0.000 mph=0.000 bytes=565732 pkts=565732 shard=1
step=1022375 (run 6375/8000) loss=4.68990 byte_ppl=108.842 atoms=43 merges=0 field=32.6762 rms=1.0211 scale=1.0000 fcos=nan ign=0.0000 prn=nan nxp=0.000 mph=0.000 bytes=565732 pkts=565732 shard=1
step=1022400 (run 6400/8000) loss=5.17457 byte_ppl=176.721 atoms=71 merges=0 field=32.6875 rms=1.0215 scale=1.0000 fcos=nan ign=0.0000 prn=nan nxp=0.000 mph=0.000 bytes=565732 pkts=565732 shard=1
step=1022425 (run 6425/8000) loss=0.00109 byte_ppl=1.001 atoms=27 merges=0 field=32.6864 rms=1.0215 scale=1.0000 fcos=nan ign=0.0000 prn=nan nxp=0.000 mph=0.000 bytes=565732 pkts=565732 shard=1
step=1022450 (run 6450/8000) loss=1.22009 byte_ppl=3.387 atoms=55 merges=0 field=32.6906 rms=1.0216 scale=1.0000 fcos=nan ign=0.0000 prn=nan nxp=0.000 mph=0.000 bytes=565732 pkts=565732 shard=1
step=1022475 (run 6475/8000) loss=0.00156 byte_ppl=1.002 atoms=12 merges=0 field=32.6491 rms=1.0203 scale=1.0000 fcos=nan ign=0.0000 prn=nan nxp=0.000 mph=0.000 bytes=565732 pkts=565732 shard=1
step=1022500 (run 6500/8000) loss=5.23453 byte_ppl=187.640 atoms=40 merges=0 field=32.7628 rms=1.0238 scale=1.0000 fcos=nan ign=0.0000 prn=nan nxp=0.000 mph=0.000 bytes=565732 pkts=565732 shard=1
step=1022525 (run 6525/8000) loss=0.00039 byte_ppl=1.000 atoms=67 merges=0 field=32.7684 rms=1.0240 scale=1.0000 fcos=nan ign=0.0000 prn=nan nxp=0.000 mph=0.000 bytes=565732 pkts=565732 shard=1
step=1022550 (run 6550/8000) loss=0.00170 byte_ppl=1.002 atoms=25 merges=0 field=32.7516 rms=1.0235 scale=1.0000 fcos=nan ign=0.0000 prn=nan nxp=0.000 mph=0.000 bytes=565732 pkts=565732 shard=1
step=1022575 (run 6575/8000) loss=1.82938 byte_ppl=6.230 atoms=52 merges=0 field=32.7663 rms=1.0239 scale=1.0000 fcos=nan ign=0.0000 prn=nan nxp=0.000 mph=0.000 bytes=565732 pkts=565732 shard=1
step=1022600 (run 6600/8000) loss=11.68948 byte_ppl=119309.587 atoms=9 merges=0 field=32.8310 rms=1.0260 scale=1.0000 fcos=nan ign=0.0000 prn=nan nxp=0.000 mph=0.000 bytes=565732 pkts=565732 shard=1
step=1022625 (run 6625/8000) loss=0.02038 byte_ppl=1.021 atoms=36 merges=0 field=32.8029 rms=1.0251 scale=1.0000 fcos=nan ign=0.0000 prn=nan nxp=0.000 mph=0.000 bytes=565732 pkts=565732 shard=1
step=1022650 (run 6650/8000) loss=9.16516 byte_ppl=9558.207 atoms=64 merges=0 field=32.8993 rms=1.0281 scale=1.0000 fcos=nan ign=0.0000 prn=nan nxp=0.000 mph=0.000 bytes=565732 pkts=565732 shard=1
step=1022675 (run 6675/8000) loss=0.28819 byte_ppl=1.334 atoms=21 merges=0 field=32.9387 rms=1.0293 scale=1.0000 fcos=nan ign=0.0000 prn=nan nxp=0.000 mph=0.000 bytes=565732 pkts=565732 shard=1
step=1022700 (run 6700/8000) loss=0.03074 byte_ppl=1.031 atoms=49 merges=0 field=32.9174 rms=1.0287 scale=1.0000 fcos=nan ign=0.0000 prn=nan nxp=0.000 mph=0.000 bytes=565732 pkts=565732 shard=1
step=1022725 (run 6725/8000) loss=0.01504 byte_ppl=1.015 atoms=5 merges=0 field=32.9688 rms=1.0303 scale=1.0000 fcos=nan ign=0.0000 prn=nan nxp=0.000 mph=0.000 bytes=565732 pkts=565732 shard=1
step=1022750 (run 6750/8000) loss=5.16848 byte_ppl=175.647 atoms=33 merges=0 field=32.9781 rms=1.0306 scale=1.0000 fcos=nan ign=0.0000 prn=nan nxp=0.000 mph=0.000 bytes=565732 pkts=565732 shard=1
step=1022775 (run 6775/8000) loss=0.24262 byte_ppl=1.275 atoms=60 merges=0 field=32.9835 rms=1.0307 scale=1.0000 fcos=nan ign=0.0000 prn=nan nxp=0.000 mph=0.000 bytes=565732 pkts=565732 shard=1
step=1022800 (run 6800/8000) loss=12.44977 byte_ppl=255191.858 atoms=18 merges=0 field=32.9299 rms=1.0291 scale=1.0000 fcos=nan ign=0.0000 prn=nan nxp=0.000 mph=0.000 bytes=565732 pkts=565732 shard=1
step=1022825 (run 6825/8000) loss=0.13973 byte_ppl=1.150 atoms=45 merges=0 field=32.9698 rms=1.0303 scale=1.0000 fcos=nan ign=0.0000 prn=nan nxp=0.000 mph=0.000 bytes=565732 pkts=565732 shard=1
step=1022850 (run 6850/8000) loss=10.72972 byte_ppl=45694.076 atoms=3 merges=0 field=33.0526 rms=1.0329 scale=1.0000 fcos=nan ign=0.0000 prn=nan nxp=0.000 mph=0.000 bytes=565732 pkts=565732 shard=1
step=1022875 (run 6875/8000) loss=0.00234 byte_ppl=1.002 atoms=30 merges=0 field=33.0565 rms=1.0330 scale=1.0000 fcos=nan ign=0.0000 prn=nan nxp=0.000 mph=0.000 bytes=565732 pkts=565732 shard=1
step=1022900 (run 6900/8000) loss=0.01931 byte_ppl=1.019 atoms=58 merges=0 field=33.0726 rms=1.0335 scale=1.0000 fcos=nan ign=0.0000 prn=nan nxp=0.000 mph=0.000 bytes=565732 pkts=565732 shard=1
step=1022925 (run 6925/8000) loss=0.00137 byte_ppl=1.001 atoms=14 merges=0 field=33.0551 rms=1.0330 scale=1.0000 fcos=nan ign=0.0000 prn=nan nxp=0.000 mph=0.000 bytes=565732 pkts=565732 shard=1
step=1022950 (run 6950/8000) loss=3.55120 byte_ppl=34.855 atoms=42 merges=0 field=33.0824 rms=1.0338 scale=1.0000 fcos=nan ign=0.0000 prn=nan nxp=0.000 mph=0.000 bytes=565732 pkts=565732 shard=1
step=1022975 (run 6975/8000) loss=0.47083 byte_ppl=1.601 atoms=69 merges=0 field=33.0176 rms=1.0318 scale=1.0000 fcos=nan ign=0.0000 prn=nan nxp=0.000 mph=0.000 bytes=565732 pkts=565732 shard=1
step=1023000 (run 7000/8000) loss=0.01772 byte_ppl=1.018 atoms=27 merges=0 field=33.0531 rms=1.0329 scale=1.0000 fcos=nan ign=0.0000 prn=nan nxp=0.000 mph=0.000 bytes=565732 pkts=565732 shard=1
step=1023025 (run 7025/8000) loss=0.00652 byte_ppl=1.007 atoms=54 merges=0 field=33.0983 rms=1.0343 scale=1.0000 fcos=nan ign=0.0000 prn=nan nxp=0.000 mph=0.000 bytes=565732 pkts=565732 shard=1
step=1023050 (run 7050/8000) loss=6.19185 byte_ppl=488.747 atoms=11 merges=0 field=33.0792 rms=1.0337 scale=1.0000 fcos=nan ign=0.0000 prn=nan nxp=0.000 mph=0.000 bytes=565732 pkts=565732 shard=1
step=1023075 (run 7075/8000) loss=0.00015 byte_ppl=1.000 atoms=38 merges=0 field=33.1232 rms=1.0351 scale=1.0000 fcos=nan ign=0.0000 prn=nan nxp=0.000 mph=0.000 bytes=565732 pkts=565732 shard=1
step=1023100 (run 7100/8000) loss=0.86090 byte_ppl=2.365 atoms=66 merges=0 field=33.1263 rms=1.0352 scale=1.0000 fcos=nan ign=0.0000 prn=nan nxp=0.000 mph=0.000 bytes=565732 pkts=565732 shard=1
step=1023125 (run 7125/8000) loss=0.00608 byte_ppl=1.006 atoms=23 merges=0 field=33.1068 rms=1.0346 scale=1.0000 fcos=nan ign=0.0000 prn=nan nxp=0.000 mph=0.000 bytes=565732 pkts=565732 shard=1
step=1023150 (run 7150/8000) loss=2.57055 byte_ppl=13.073 atoms=51 merges=0 field=33.1311 rms=1.0353 scale=1.0000 fcos=nan ign=0.0000 prn=nan nxp=0.000 mph=0.000 bytes=565732 pkts=565732 shard=1
step=1023175 (run 7175/8000) loss=0.00427 byte_ppl=1.004 atoms=8 merges=0 field=33.1793 rms=1.0369 scale=1.0000 fcos=nan ign=0.0000 prn=nan nxp=0.000 mph=0.000 bytes=565732 pkts=565732 shard=1
step=1023200 (run 7200/8000) loss=0.01369 byte_ppl=1.014 atoms=36 merges=0 field=33.1052 rms=1.0345 scale=1.0000 fcos=nan ign=0.0000 prn=nan nxp=0.000 mph=0.000 bytes=565732 pkts=565732 shard=1
step=1023225 (run 7225/8000) loss=0.01177 byte_ppl=1.012 atoms=63 merges=0 field=33.1194 rms=1.0350 scale=1.0000 fcos=nan ign=0.0000 prn=nan nxp=0.000 mph=0.000 bytes=565732 pkts=565732 shard=1
step=1023250 (run 7250/8000) loss=5.87628 byte_ppl=356.480 atoms=20 merges=0 field=33.1591 rms=1.0362 scale=1.0000 fcos=nan ign=0.0000 prn=nan nxp=0.000 mph=0.000 bytes=565732 pkts=565732 shard=1
step=1023275 (run 7275/8000) loss=0.77798 byte_ppl=2.177 atoms=47 merges=0 field=33.1379 rms=1.0356 scale=1.0000 fcos=nan ign=0.0000 prn=nan nxp=0.000 mph=0.000 bytes=565732 pkts=565732 shard=1
step=1023300 (run 7300/8000) loss=0.19080 byte_ppl=1.210 atoms=5 merges=0 field=33.1491 rms=1.0359 scale=1.0000 fcos=nan ign=0.0000 prn=nan nxp=0.000 mph=0.000 bytes=565732 pkts=565732 shard=1
step=1023325 (run 7325/8000) loss=0.00093 byte_ppl=1.001 atoms=32 merges=0 field=33.1089 rms=1.0347 scale=1.0000 fcos=nan ign=0.0000 prn=nan nxp=0.000 mph=0.000 bytes=565732 pkts=565732 shard=1
step=1023350 (run 7350/8000) loss=6.50806 byte_ppl=670.524 atoms=60 merges=0 field=33.1212 rms=1.0350 scale=1.0000 fcos=nan ign=0.0000 prn=nan nxp=0.000 mph=0.000 bytes=565732 pkts=565732 shard=1
step=1023375 (run 7375/8000) loss=0.00874 byte_ppl=1.009 atoms=16 merges=0 field=33.1566 rms=1.0361 scale=1.0000 fcos=nan ign=0.0000 prn=nan nxp=0.000 mph=0.000 bytes=565732 pkts=565732 shard=1
step=1023400 (run 7400/8000) loss=10.40744 byte_ppl=33104.924 atoms=44 merges=0 field=33.1800 rms=1.0369 scale=1.0000 fcos=nan ign=0.0000 prn=nan nxp=0.000 mph=0.000 bytes=565732 pkts=565732 shard=1
step=1023425 (run 7425/8000) loss=0.00007 byte_ppl=1.000 atoms=1 merges=0 field=33.2684 rms=1.0396 scale=1.0000 fcos=nan ign=0.0000 prn=nan nxp=0.000 mph=0.000 bytes=565732 pkts=565732 shard=1
step=1023450 (run 7450/8000) loss=1.98348 byte_ppl=7.268 atoms=29 merges=0 field=33.3169 rms=1.0412 scale=1.0000 fcos=nan ign=0.0000 prn=nan nxp=0.000 mph=0.000 bytes=565732 pkts=565732 shard=1
step=1023475 (run 7475/8000) loss=0.00016 byte_ppl=1.000 atoms=56 merges=0 field=33.2856 rms=1.0402 scale=1.0000 fcos=nan ign=0.0000 prn=nan nxp=0.000 mph=0.000 bytes=565732 pkts=565732 shard=1
step=1023500 (run 7500/8000) loss=11.52513 byte_ppl=101228.152 atoms=14 merges=0 field=33.2855 rms=1.0402 scale=1.0000 fcos=nan ign=0.0000 prn=nan nxp=0.000 mph=0.000 bytes=565732 pkts=565732 shard=1
step=1023525 (run 7525/8000) loss=0.00092 byte_ppl=1.001 atoms=41 merges=0 field=33.2357 rms=1.0386 scale=1.0000 fcos=nan ign=0.0000 prn=nan nxp=0.000 mph=0.000 bytes=565732 pkts=565732 shard=1
step=1023550 (run 7550/8000) loss=0.96081 byte_ppl=2.614 atoms=69 merges=0 field=33.2971 rms=1.0405 scale=1.0000 fcos=nan ign=0.0000 prn=nan nxp=0.000 mph=0.000 bytes=565732 pkts=565732 shard=1
step=1023575 (run 7575/8000) loss=0.00119 byte_ppl=1.001 atoms=25 merges=0 field=33.3424 rms=1.0419 scale=1.0000 fcos=nan ign=0.0000 prn=nan nxp=0.000 mph=0.000 bytes=565732 pkts=565732 shard=1
step=1023600 (run 7600/8000) loss=0.00009 byte_ppl=1.000 atoms=53 merges=0 field=33.3267 rms=1.0415 scale=1.0000 fcos=nan ign=0.0000 prn=nan nxp=0.000 mph=0.000 bytes=565732 pkts=565732 shard=1
step=1023625 (run 7625/8000) loss=0.00067 byte_ppl=1.001 atoms=10 merges=0 field=33.3063 rms=1.0408 scale=1.0000 fcos=nan ign=0.0000 prn=nan nxp=0.000 mph=0.000 bytes=565732 pkts=565732 shard=1
step=1023650 (run 7650/8000) loss=0.03014 byte_ppl=1.031 atoms=38 merges=0 field=33.2593 rms=1.0394 scale=1.0000 fcos=nan ign=0.0000 prn=nan nxp=0.000 mph=0.000 bytes=565732 pkts=565732 shard=1
step=1023675 (run 7675/8000) loss=0.00004 byte_ppl=1.000 atoms=65 merges=0 field=33.2680 rms=1.0396 scale=1.0000 fcos=nan ign=0.0000 prn=nan nxp=0.000 mph=0.000 bytes=565732 pkts=565732 shard=1
step=1023700 (run 7700/8000) loss=1.06619 byte_ppl=2.904 atoms=22 merges=0 field=33.3454 rms=1.0420 scale=1.0000 fcos=nan ign=0.0000 prn=nan nxp=0.000 mph=0.000 bytes=565732 pkts=565732 shard=1
step=1023725 (run 7725/8000) loss=2.86032 byte_ppl=17.467 atoms=49 merges=0 field=33.4542 rms=1.0454 scale=1.0000 fcos=nan ign=0.0000 prn=nan nxp=0.000 mph=0.000 bytes=565732 pkts=565732 shard=1
step=1023750 (run 7750/8000) loss=0.05095 byte_ppl=1.052 atoms=7 merges=0 field=33.4722 rms=1.0460 scale=1.0000 fcos=nan ign=0.0000 prn=nan nxp=0.000 mph=0.000 bytes=565732 pkts=565732 shard=1
step=1023775 (run 7775/8000) loss=0.00844 byte_ppl=1.008 atoms=34 merges=0 field=33.5403 rms=1.0481 scale=1.0000 fcos=nan ign=0.0000 prn=nan nxp=0.000 mph=0.000 bytes=565732 pkts=565732 shard=1
step=1023800 (run 7800/8000) loss=11.93263 byte_ppl=152150.695 atoms=62 merges=0 field=33.5752 rms=1.0492 scale=1.0000 fcos=nan ign=0.0000 prn=nan nxp=0.000 mph=0.000 bytes=565732 pkts=565732 shard=1
step=1023825 (run 7825/8000) loss=0.00104 byte_ppl=1.001 atoms=19 merges=0 field=33.5636 rms=1.0489 scale=1.0000 fcos=nan ign=0.0000 prn=nan nxp=0.000 mph=0.000 bytes=565732 pkts=565732 shard=1
step=1023850 (run 7850/8000) loss=0.00586 byte_ppl=1.006 atoms=47 merges=0 field=33.5385 rms=1.0481 scale=1.0000 fcos=nan ign=0.0000 prn=nan nxp=0.000 mph=0.000 bytes=565732 pkts=565732 shard=1
step=1023875 (run 7875/8000) loss=0.00277 byte_ppl=1.003 atoms=3 merges=0 field=33.5482 rms=1.0484 scale=1.0000 fcos=nan ign=0.0000 prn=nan nxp=0.000 mph=0.000 bytes=565732 pkts=565732 shard=1
step=1023900 (run 7900/8000) loss=3.03881 byte_ppl=20.880 atoms=31 merges=0 field=33.5448 rms=1.0483 scale=1.0000 fcos=nan ign=0.0000 prn=nan nxp=0.000 mph=0.000 bytes=565732 pkts=565732 shard=1
step=1023925 (run 7925/8000) loss=0.99733 byte_ppl=2.711 atoms=58 merges=0 field=33.6114 rms=1.0504 scale=1.0000 fcos=nan ign=0.0000 prn=nan nxp=0.000 mph=0.000 bytes=565732 pkts=565732 shard=1
step=1023950 (run 7950/8000) loss=2.86561 byte_ppl=17.560 atoms=16 merges=0 field=33.6049 rms=1.0502 scale=1.0000 fcos=nan ign=0.0000 prn=nan nxp=0.000 mph=0.000 bytes=565732 pkts=565732 shard=1
step=1023975 (run 7975/8000) loss=0.00015 byte_ppl=1.000 atoms=43 merges=0 field=33.6090 rms=1.0503 scale=1.0000 fcos=nan ign=0.0000 prn=nan nxp=0.000 mph=0.000 bytes=565732 pkts=565732 shard=1
step=1024000 (run 8000/8000) loss=0.08515 byte_ppl=1.089 atoms=71 merges=0 field=33.6087 rms=1.0503 scale=1.0000 fcos=nan ign=0.0000 prn=nan nxp=0.000 mph=0.000 bytes=565732 pkts=565732 shard=1
{
  "stream": true,
  "data_path": null,
  "data_glob": "data/corpus_fr_medium*.txt",
  "shard_paths": [
    "/workspace/exports/atom-ai/data/corpus_fr_medium.txt",
    "/workspace/exports/atom-ai/data/corpus_fr_medium_s21.txt"
  ],
  "data_bytes": 1000453,
  "data_characters": null,
  "atomizer_version": "atomizer-v1-byte-span",
  "feature_dim": 320,
  "packet_count": null,
  "train_packet_count": null,
  "validation_packet_count": 2048,
  "mean_packet_bytes": null,
  "max_packet_bytes": null,
  "min_packet_bytes": null,
  "bytes_seen": 565732,
  "config": {
    "d_model": 32,
    "n_modes": 32,
    "n_atoms_max": 64,
    "max_span_bytes": 1,
    "episode_length": 8000,
    "episode_reset": true,
    "atom_flush_every": 64,
    "learning_rate": 5e-05,
    "surface_learning_rate": 0.00012,
    "steps": 8000,
    "start_step": 1016000,
    "seed": 20260913,
    "surface_alphabet": 256,
    "field_max_rms": 3.0,
    "energy_decay_bounds": [
      0.3,
      0.95
    ],
    "stream": true,
    "chunk_bytes": 65536,
    "loop_shards": true,
    "stream_buffer": 2048,
    "stream_prefetch": true,
    "stream_skip_packets": 520000,
    "last_atom_readout": true,
    "efference_every": 10,
    "enable_merge": false,
    "payload_copy": false,
    "merge_coherence_threshold": 0.45,
    "merge_energy_floor": 0.08,
    "field_loss_weight": 0.05,
    "field_contrast_weight": 0.0,
    "field_ignorance_weight": 0.08,
    "field_ignorance_ablate_shared": false,
    "field_ignorance_prompt_bank": false,
    "field_obligatory_readout": true,
    "field_obligatory_hard": true,
    "printable_aux_weight": 0.0,
    "field_next_packet_weight": 0.0,
    "slow_every": 1
  },
  "packets_seen": 565732,
  "stream_epoch": 0,
  "train": {
    "steps": 8000,
    "efference_every": 10,
    "efference_steps": 800,
    "start_step": 1016000,
    "total_steps": 1024000,
    "episode_length": 8000,
    "episode_reset": true,
    "atom_flush_every": 64,
    "elapsed_seconds": 150.83537998300744,
    "transitions_per_second": 53.03795436389825,
    "first_loss": 0.33647018671035767,
    "final_loss": 0.08515331149101257,
    "final_total_perplexity": 1.0888839923306668,
    "finite_losses": true,
    "finite_parameters": true,
    "nan_or_inf": false,
    "field_rms_before_max": 1.0511162281036377,
    "field_rms_after_max": 1.0511162281036377,
    "field_scale_min": 1.0,
    "field_norm_max": 33.635704040527344,
    "field_limited_steps": 0,
    "field_limited_fraction": 0.0,
    "final_dynamics": {
      "coupling_scale": 1.2476426362991333,
      "energy_decay": 0.3000737428665161,
      "phase_sync": 0.1602659374475479,
      "energy_decay_before": 0.3000737428665161,
      "energy_decay_repaired": false,
      "energy_decay_bounds": [
        0.3,
        0.95
      ]
    },
    "final_atoms_before_validation": 59,
    "stream": true,
    "bytes_seen": 565732
  },
  "validation": {
    "transitions": 256,
    "loss": 1.0369468732197547,
    "total_perplexity": 2.8205922290990513,
    "byte_loss": 1.0369468732197547,
    "byte_perplexity": 2.8205922290990513,
    "source": "stream_ring"
  },
  "checkpoint": "checkpoints/byte_tick/atom_native_step_1024000_d32_ms1M.pt",
  "reload": {
    "n_atoms": 0,
    "field_norm": 33.608726501464844,
    "time": 88.0003890991211,
    "finite": true
  },
  "generation": {
    "The future of AI is": {
      "temperature": 0.8,
      "top_k": 5,
      "max_length": 20,
      "bytes_hex": "4f75692c20202020",
      "text": "Oui,    ",
      "reload_text": "Oui,    ",
      "reload_match": true
    },
    "Bonjour, je m'appelle": {
      "temperature": 0.8,
      "top_k": 5,
      "max_length": 20,
      "bytes_hex": "426f6e6e65202020",
      "text": "Bonne   ",
      "reload_text": "Bonne   ",
      "reload_match": true
    },
    "Valkyria Chronicles III is": {
      "temperature": 0.8,
      "top_k": 5,
      "max_length": 20,
      "bytes_hex": "4f75692c20202020",
      "text": "Oui,    ",
      "reload_text": "Oui,    ",
      "reload_match": true
    }
  }
}
