train lock acquired: /home/user/atom-ai/checkpoints/atom-ai-train.lock (pid=9009)
stream skip: advancing 80000 packet transitions...
stream skip done: packets_seen=131072
resumed weights from checkpoints/byte_tick/atom_native_step_80000_eff.pt (recorded step=80000, legacy_surface_migrated=False, span_head_migrated=False)
atomizer pack_mode=linguistic max_span_bytes=1
dynamics on load: energy_decay=0.843491792678833 -> 0.843491792678833 (repaired=False, bounds=(0.3, 0.95))
MERGE gates: enable=False coherence_thr=0.450 energy_floor=0.080
field_obligatory_hard=ON hard-v2+ (mix_floor=1.0, freeze bypass, logits=frozen+cap*(α_MLP+payload_prod))
payload_copy=False (train-time copy-bias branch)
last_atom_readout=True (byte-tick 2-gram + dentate)
efference_every=10 (0=off)
optimizer groups: field/other lr=5e-05 (13 tensors), surface lr=0.00012 (25 tensors); energy_decay_bounds=(0.3, 0.95); field_max_rms=3.0
stream mode: 1 shard(s), chunk_bytes=65536, loop_shards=True, stream_buffer=2048, stream_prefetch=True
optimizer restore skipped: surface LR param groups differ from checkpoint
step=0080001 (run 1/8000) loss=4.00951 byte_ppl=54.201 atoms=1 merges=0 field=0.0639 rms=0.0041 scale=1.0000 fcos=0.128 ign=0.0000 prn=nan nxp=0.000 mph=0.000 bytes=131072 pkts=131072 shard=0
step=0080025 (run 25/8000) loss=0.39038 byte_ppl=1.375 atoms=27 merges=0 field=0.7330 rms=0.0458 scale=1.0000 fcos=0.311 ign=0.0000 prn=nan nxp=0.000 mph=0.000 bytes=131072 pkts=131072 shard=0
step=0080050 (run 50/8000) loss=3.91557 byte_ppl=46.768 atoms=55 merges=0 field=1.3982 rms=0.0874 scale=1.0000 fcos=0.132 ign=0.0000 prn=nan nxp=0.000 mph=0.000 bytes=131072 pkts=131072 shard=0
step=0080075 (run 75/8000) loss=0.11407 byte_ppl=1.044 atoms=12 merges=0 field=1.9346 rms=0.1209 scale=1.0000 fcos=0.438 ign=0.0000 prn=nan nxp=0.000 mph=0.000 bytes=131072 pkts=131072 shard=0
step=0080100 (run 100/8000) loss=15.61857 byte_ppl=5643525.710 atoms=40 merges=0 field=2.3917 rms=0.1495 scale=1.0000 fcos=0.376 ign=0.0000 prn=nan nxp=0.000 mph=0.000 bytes=131072 pkts=131072 shard=0
step=0080125 (run 125/8000) loss=5.43880 byte_ppl=228.191 atoms=67 merges=0 field=2.7789 rms=0.1737 scale=1.0000 fcos=0.384 ign=0.0000 prn=nan nxp=0.000 mph=0.000 bytes=131072 pkts=131072 shard=0
step=0080150 (run 150/8000) loss=0.97074 byte_ppl=2.467 atoms=25 merges=0 field=3.1260 rms=0.1954 scale=1.0000 fcos=0.132 ign=0.0000 prn=nan nxp=0.000 mph=0.000 bytes=131072 pkts=131072 shard=0
step=0080175 (run 175/8000) loss=2.36910 byte_ppl=9.932 atoms=52 merges=0 field=3.3871 rms=0.2117 scale=1.0000 fcos=0.106 ign=0.0000 prn=nan nxp=0.000 mph=0.000 bytes=131072 pkts=131072 shard=0
step=0080200 (run 200/8000) loss=2.90222 byte_ppl=17.076 atoms=9 merges=0 field=3.6725 rms=0.2295 scale=1.0000 fcos=0.492 ign=0.0000 prn=nan nxp=0.000 mph=0.000 bytes=131072 pkts=131072 shard=0
step=0080225 (run 225/8000) loss=0.07262 byte_ppl=1.008 atoms=36 merges=0 field=4.0828 rms=0.2552 scale=1.0000 fcos=0.395 ign=0.0000 prn=nan nxp=0.000 mph=0.000 bytes=131072 pkts=131072 shard=0
step=0080250 (run 250/8000) loss=10.64939 byte_ppl=39324.995 atoms=64 merges=0 field=4.7040 rms=0.2940 scale=1.0000 fcos=0.165 ign=0.0000 prn=nan nxp=0.000 mph=0.000 bytes=131072 pkts=131072 shard=0
step=0080275 (run 275/8000) loss=0.12509 byte_ppl=1.062 atoms=21 merges=0 field=5.3448 rms=0.3340 scale=1.0000 fcos=0.146 ign=0.0000 prn=nan nxp=0.000 mph=0.000 bytes=131072 pkts=131072 shard=0
step=0080300 (run 300/8000) loss=1.90862 byte_ppl=6.313 atoms=49 merges=0 field=6.0902 rms=0.3806 scale=1.0000 fcos=0.300 ign=0.0000 prn=nan nxp=0.000 mph=0.000 bytes=131072 pkts=131072 shard=0
step=0080325 (run 325/8000) loss=0.15191 byte_ppl=1.087 atoms=5 merges=0 field=6.8499 rms=0.4281 scale=1.0000 fcos=0.393 ign=0.0000 prn=nan nxp=0.000 mph=0.000 bytes=131072 pkts=131072 shard=0
step=0080350 (run 350/8000) loss=5.60645 byte_ppl=254.969 atoms=33 merges=0 field=7.7281 rms=0.4830 scale=1.0000 fcos=0.084 ign=0.0000 prn=nan nxp=0.000 mph=0.000 bytes=131072 pkts=131072 shard=0
step=0080375 (run 375/8000) loss=2.10430 byte_ppl=7.703 atoms=60 merges=0 field=8.6149 rms=0.5384 scale=1.0000 fcos=0.324 ign=0.0000 prn=nan nxp=0.000 mph=0.000 bytes=131072 pkts=131072 shard=0
step=0080400 (run 400/8000) loss=7.72204 byte_ppl=2119.653 atoms=18 merges=0 field=9.5023 rms=0.5939 scale=1.0000 fcos=0.236 ign=0.0000 prn=nan nxp=0.000 mph=0.000 bytes=131072 pkts=131072 shard=0
step=0080425 (run 425/8000) loss=0.83198 byte_ppl=2.159 atoms=45 merges=0 field=10.4111 rms=0.6507 scale=1.0000 fcos=0.304 ign=0.0000 prn=nan nxp=0.000 mph=0.000 bytes=131072 pkts=131072 shard=0
step=0080450 (run 450/8000) loss=5.76956 byte_ppl=300.731 atoms=3 merges=0 field=11.4121 rms=0.7133 scale=1.0000 fcos=0.497 ign=0.0000 prn=nan nxp=0.000 mph=0.000 bytes=131072 pkts=131072 shard=0
step=0080475 (run 475/8000) loss=3.45797 byte_ppl=29.838 atoms=30 merges=0 field=12.5383 rms=0.7836 scale=1.0000 fcos=-0.078 ign=0.0000 prn=nan nxp=0.000 mph=0.000 bytes=131072 pkts=131072 shard=0
step=0080500 (run 500/8000) loss=3.04270 byte_ppl=19.671 atoms=58 merges=0 field=13.8528 rms=0.8658 scale=1.0000 fcos=0.302 ign=0.0000 prn=nan nxp=0.000 mph=0.000 bytes=131072 pkts=131072 shard=0
step=0080525 (run 525/8000) loss=0.08754 byte_ppl=1.027 atoms=14 merges=0 field=15.3188 rms=0.9574 scale=1.0000 fcos=0.427 ign=0.0000 prn=nan nxp=0.000 mph=0.000 bytes=131072 pkts=131072 shard=0
step=0080550 (run 550/8000) loss=3.06262 byte_ppl=20.060 atoms=42 merges=0 field=16.9259 rms=1.0579 scale=1.0000 fcos=0.219 ign=0.0000 prn=nan nxp=0.000 mph=0.000 bytes=131072 pkts=131072 shard=0
step=0080575 (run 575/8000) loss=0.06290 byte_ppl=1.001 atoms=69 merges=0 field=18.6288 rms=1.1643 scale=1.0000 fcos=0.383 ign=0.0000 prn=nan nxp=0.000 mph=0.000 bytes=131072 pkts=131072 shard=0
step=0080600 (run 600/8000) loss=9.03491 byte_ppl=8358.119 atoms=27 merges=0 field=20.4786 rms=1.2799 scale=1.0000 fcos=0.574 ign=0.0000 prn=nan nxp=0.000 mph=0.000 bytes=131072 pkts=131072 shard=0
step=0080625 (run 625/8000) loss=0.01734 byte_ppl=1.014 atoms=54 merges=0 field=22.3636 rms=1.3977 scale=1.0000 fcos=0.305 ign=0.0000 prn=nan nxp=0.000 mph=0.000 bytes=131072 pkts=131072 shard=0
step=0080650 (run 650/8000) loss=2.73580 byte_ppl=14.468 atoms=11 merges=0 field=24.4511 rms=1.5282 scale=1.0000 fcos=0.145 ign=0.0000 prn=nan nxp=0.000 mph=0.000 bytes=131072 pkts=131072 shard=0
step=0080675 (run 675/8000) loss=5.84673 byte_ppl=325.182 atoms=38 merges=0 field=26.5516 rms=1.6595 scale=1.0000 fcos=0.464 ign=0.0000 prn=nan nxp=0.000 mph=0.000 bytes=131072 pkts=131072 shard=0
step=0080700 (run 700/8000) loss=3.04614 byte_ppl=19.758 atoms=66 merges=0 field=28.9443 rms=1.8090 scale=1.0000 fcos=0.314 ign=0.0000 prn=nan nxp=0.000 mph=0.000 bytes=131072 pkts=131072 shard=0
step=0080725 (run 725/8000) loss=3.69260 byte_ppl=37.656 atoms=23 merges=0 field=31.4083 rms=1.9630 scale=1.0000 fcos=0.498 ign=0.0000 prn=nan nxp=0.000 mph=0.000 bytes=131072 pkts=131072 shard=0
step=0080750 (run 750/8000) loss=8.00367 byte_ppl=2813.319 atoms=51 merges=0 field=34.2315 rms=2.1395 scale=1.0000 fcos=0.534 ign=0.0000 prn=nan nxp=0.000 mph=0.000 bytes=131072 pkts=131072 shard=0
step=0080775 (run 775/8000) loss=0.02405 byte_ppl=1.022 atoms=8 merges=0 field=37.2367 rms=2.3273 scale=1.0000 fcos=0.472 ign=0.0000 prn=nan nxp=0.000 mph=0.000 bytes=131072 pkts=131072 shard=0
step=0080800 (run 800/8000) loss=9.38582 byte_ppl=11199.086 atoms=36 merges=0 field=40.5594 rms=2.5350 scale=1.0000 fcos=0.431 ign=0.0000 prn=nan nxp=0.000 mph=0.000 bytes=131072 pkts=131072 shard=0
step=0080825 (run 825/8000) loss=0.07229 byte_ppl=1.010 atoms=63 merges=0 field=44.0052 rms=2.7503 scale=1.0000 fcos=0.444 ign=0.0000 prn=nan nxp=0.000 mph=0.000 bytes=131072 pkts=131072 shard=0
step=0080850 (run 850/8000) loss=6.97745 byte_ppl=1005.642 atoms=20 merges=0 field=47.7978 rms=2.9874 scale=1.0000 fcos=0.282 ign=0.0000 prn=nan nxp=0.000 mph=0.000 bytes=131072 pkts=131072 shard=0
step=0080875 (run 875/8000) loss=2.22212 byte_ppl=8.662 atoms=47 merges=0 field=48.0000 rms=3.0000 scale=0.9970 fcos=0.185 ign=0.0000 prn=nan nxp=0.000 mph=0.000 bytes=131072 pkts=131072 shard=0
step=0080900 (run 900/8000) loss=4.51186 byte_ppl=85.544 atoms=5 merges=0 field=48.0000 rms=3.0000 scale=0.9970 fcos=0.346 ign=0.0000 prn=nan nxp=0.000 mph=0.000 bytes=131072 pkts=131072 shard=0
step=0080925 (run 925/8000) loss=0.07212 byte_ppl=1.010 atoms=32 merges=0 field=48.0000 rms=3.0000 scale=0.9971 fcos=0.363 ign=0.0000 prn=nan nxp=0.000 mph=0.000 bytes=131072 pkts=131072 shard=0
step=0080950 (run 950/8000) loss=7.43592 byte_ppl=1591.300 atoms=60 merges=0 field=48.0000 rms=3.0000 scale=0.9971 fcos=0.575 ign=0.0000 prn=nan nxp=0.000 mph=0.000 bytes=131072 pkts=131072 shard=0
step=0080975 (run 975/8000) loss=2.25896 byte_ppl=8.993 atoms=16 merges=0 field=48.0000 rms=3.0000 scale=0.9971 fcos=0.350 ign=0.0000 prn=nan nxp=0.000 mph=0.000 bytes=131072 pkts=131072 shard=0
step=0081000 (run 1000/8000) loss=19.80404 byte_ppl=374065902.841 atoms=44 merges=0 field=48.0000 rms=3.0000 scale=0.9973 fcos=0.298 ign=0.0000 prn=nan nxp=0.000 mph=0.000 bytes=131072 pkts=131072 shard=0
step=0081025 (run 1025/8000) loss=0.44534 byte_ppl=1.557 atoms=1 merges=0 field=48.0000 rms=3.0000 scale=0.9970 fcos=0.397 ign=0.0000 prn=nan nxp=0.000 mph=0.000 bytes=131072 pkts=131072 shard=0
step=0081050 (run 1050/8000) loss=3.79222 byte_ppl=41.669 atoms=29 merges=0 field=48.0000 rms=3.0000 scale=0.9971 fcos=0.344 ign=0.0000 prn=nan nxp=0.000 mph=0.000 bytes=131072 pkts=131072 shard=0
step=0081075 (run 1075/8000) loss=0.28957 byte_ppl=1.333 atoms=56 merges=0 field=48.0000 rms=3.0000 scale=0.9970 fcos=0.331 ign=0.0000 prn=nan nxp=0.000 mph=0.000 bytes=131072 pkts=131072 shard=0
step=0081100 (run 1100/8000) loss=8.22099 byte_ppl=3488.648 atoms=14 merges=0 field=48.0000 rms=3.0000 scale=0.9969 fcos=0.306 ign=0.0000 prn=nan nxp=0.000 mph=0.000 bytes=131072 pkts=131072 shard=0
step=0081125 (run 1125/8000) loss=0.00471 byte_ppl=1.001 atoms=41 merges=0 field=48.0000 rms=3.0000 scale=0.9971 fcos=0.536 ign=0.0000 prn=nan nxp=0.000 mph=0.000 bytes=131072 pkts=131072 shard=0
step=0081150 (run 1150/8000) loss=11.79651 byte_ppl=132458.852 atoms=69 merges=0 field=48.0000 rms=3.0000 scale=0.9973 fcos=-0.051 ign=0.0000 prn=nan nxp=0.000 mph=0.000 bytes=131072 pkts=131072 shard=0
step=0081175 (run 1175/8000) loss=0.00850 byte_ppl=1.008 atoms=25 merges=0 field=48.0000 rms=3.0000 scale=0.9972 fcos=0.535 ign=0.0000 prn=nan nxp=0.000 mph=0.000 bytes=131072 pkts=131072 shard=0
step=0081200 (run 1200/8000) loss=4.52637 byte_ppl=86.768 atoms=53 merges=0 field=48.0000 rms=3.0000 scale=0.9970 fcos=0.253 ign=0.0000 prn=nan nxp=0.000 mph=0.000 bytes=131072 pkts=131072 shard=0
step=0081225 (run 1225/8000) loss=11.30448 byte_ppl=76287.601 atoms=10 merges=0 field=48.0000 rms=3.0000 scale=0.9971 fcos=0.329 ign=0.0000 prn=nan nxp=0.000 mph=0.000 bytes=131072 pkts=131072 shard=0
step=0081250 (run 1250/8000) loss=3.87111 byte_ppl=45.119 atoms=38 merges=0 field=48.0000 rms=3.0000 scale=0.9970 fcos=0.326 ign=0.0000 prn=nan nxp=0.000 mph=0.000 bytes=131072 pkts=131072 shard=0
step=0081275 (run 1275/8000) loss=0.08314 byte_ppl=1.019 atoms=65 merges=0 field=48.0000 rms=3.0000 scale=0.9970 fcos=0.479 ign=0.0000 prn=nan nxp=0.000 mph=0.000 bytes=131072 pkts=131072 shard=0
step=0081300 (run 1300/8000) loss=8.00879 byte_ppl=2829.088 atoms=22 merges=0 field=48.0000 rms=3.0000 scale=0.9970 fcos=0.463 ign=0.0000 prn=nan nxp=0.000 mph=0.000 bytes=131072 pkts=131072 shard=0
step=0081325 (run 1325/8000) loss=0.06256 byte_ppl=1.001 atoms=49 merges=0 field=48.0000 rms=3.0000 scale=0.9970 fcos=0.339 ign=0.0000 prn=nan nxp=0.000 mph=0.000 bytes=131072 pkts=131072 shard=0
step=0081350 (run 1350/8000) loss=2.63684 byte_ppl=13.103 atoms=7 merges=0 field=48.0000 rms=3.0000 scale=0.9970 fcos=0.429 ign=0.0000 prn=nan nxp=0.000 mph=0.000 bytes=131072 pkts=131072 shard=0
step=0081375 (run 1375/8000) loss=0.07606 byte_ppl=1.014 atoms=34 merges=0 field=48.0000 rms=3.0000 scale=0.9971 fcos=0.436 ign=0.0000 prn=nan nxp=0.000 mph=0.000 bytes=131072 pkts=131072 shard=0
step=0081400 (run 1400/8000) loss=3.15596 byte_ppl=22.054 atoms=62 merges=0 field=48.0000 rms=3.0000 scale=0.9970 fcos=0.328 ign=0.0000 prn=nan nxp=0.000 mph=0.000 bytes=131072 pkts=131072 shard=0
step=0081425 (run 1425/8000) loss=1.51580 byte_ppl=4.280 atoms=19 merges=0 field=48.0000 rms=3.0000 scale=0.9971 fcos=0.162 ign=0.0000 prn=nan nxp=0.000 mph=0.000 bytes=131072 pkts=131072 shard=0
step=0081450 (run 1450/8000) loss=4.34321 byte_ppl=72.312 atoms=47 merges=0 field=48.0000 rms=3.0000 scale=0.9969 fcos=0.242 ign=0.0000 prn=nan nxp=0.000 mph=0.000 bytes=131072 pkts=131072 shard=0
step=0081475 (run 1475/8000) loss=0.06818 byte_ppl=1.007 atoms=3 merges=0 field=48.0000 rms=3.0000 scale=0.9972 fcos=0.499 ign=0.0000 prn=nan nxp=0.000 mph=0.000 bytes=131072 pkts=131072 shard=0
step=0081500 (run 1500/8000) loss=8.77493 byte_ppl=6086.109 atoms=31 merges=0 field=48.0000 rms=3.0000 scale=0.9971 fcos=0.497 ign=0.0000 prn=nan nxp=0.000 mph=0.000 bytes=131072 pkts=131072 shard=0
step=0081525 (run 1525/8000) loss=1.56932 byte_ppl=4.522 atoms=58 merges=0 field=48.0000 rms=3.0000 scale=0.9973 fcos=0.347 ign=0.0000 prn=nan nxp=0.000 mph=0.000 bytes=131072 pkts=131072 shard=0
step=0081550 (run 1550/8000) loss=5.02773 byte_ppl=143.391 atoms=16 merges=0 field=48.0000 rms=3.0000 scale=0.9969 fcos=0.300 ign=0.0000 prn=nan nxp=0.000 mph=0.000 bytes=131072 pkts=131072 shard=0
step=0081575 (run 1575/8000) loss=2.15823 byte_ppl=8.134 atoms=43 merges=0 field=48.0000 rms=3.0000 scale=0.9970 fcos=0.339 ign=0.0000 prn=nan nxp=0.000 mph=0.000 bytes=131072 pkts=131072 shard=0
step=0081600 (run 1600/8000) loss=3.41062 byte_ppl=28.458 atoms=71 merges=0 field=48.0000 rms=3.0000 scale=0.9969 fcos=0.250 ign=0.0000 prn=nan nxp=0.000 mph=0.000 bytes=131072 pkts=131072 shard=0
step=0081625 (run 1625/8000) loss=5.76530 byte_ppl=299.865 atoms=27 merges=0 field=48.0000 rms=3.0000 scale=0.9970 fcos=0.241 ign=0.0000 prn=nan nxp=0.000 mph=0.000 bytes=131072 pkts=131072 shard=0
step=0081650 (run 1650/8000) loss=7.64146 byte_ppl=1954.491 atoms=55 merges=0 field=48.0000 rms=3.0000 scale=0.9970 fcos=0.347 ign=0.0000 prn=nan nxp=0.000 mph=0.000 bytes=131072 pkts=131072 shard=0
step=0081675 (run 1675/8000) loss=0.07043 byte_ppl=1.009 atoms=12 merges=0 field=48.0000 rms=3.0000 scale=0.9970 fcos=0.487 ign=0.0000 prn=nan nxp=0.000 mph=0.000 bytes=131072 pkts=131072 shard=0
step=0081700 (run 1700/8000) loss=3.51516 byte_ppl=31.594 atoms=40 merges=0 field=48.0000 rms=3.0000 scale=0.9970 fcos=0.250 ign=0.0000 prn=nan nxp=0.000 mph=0.000 bytes=131072 pkts=131072 shard=0
step=0081725 (run 1725/8000) loss=0.06608 byte_ppl=1.004 atoms=67 merges=0 field=48.0000 rms=3.0000 scale=0.9972 fcos=0.299 ign=0.0000 prn=nan nxp=0.000 mph=0.000 bytes=131072 pkts=131072 shard=0
step=0081750 (run 1750/8000) loss=3.65006 byte_ppl=36.089 atoms=25 merges=0 field=48.0000 rms=3.0000 scale=0.9970 fcos=0.183 ign=0.0000 prn=nan nxp=0.000 mph=0.000 bytes=131072 pkts=131072 shard=0
step=0081775 (run 1775/8000) loss=7.77348 byte_ppl=2233.643 atoms=52 merges=0 field=48.0000 rms=3.0000 scale=0.9969 fcos=0.356 ign=0.0000 prn=nan nxp=0.000 mph=0.000 bytes=131072 pkts=131072 shard=0
step=0081800 (run 1800/8000) loss=4.64434 byte_ppl=103.637 atoms=9 merges=0 field=48.0000 rms=3.0000 scale=0.9970 fcos=0.297 ign=0.0000 prn=nan nxp=0.000 mph=0.000 bytes=131072 pkts=131072 shard=0
step=0081825 (run 1825/8000) loss=2.08721 byte_ppl=7.578 atoms=36 merges=0 field=48.0000 rms=3.0000 scale=0.9970 fcos=0.358 ign=0.0000 prn=nan nxp=0.000 mph=0.000 bytes=131072 pkts=131072 shard=0
step=0081850 (run 1850/8000) loss=9.44945 byte_ppl=11945.275 atoms=64 merges=0 field=48.0000 rms=3.0000 scale=0.9972 fcos=0.507 ign=0.0000 prn=nan nxp=0.000 mph=0.000 bytes=131072 pkts=131072 shard=0
step=0081875 (run 1875/8000) loss=2.01606 byte_ppl=7.482 atoms=21 merges=0 field=48.0000 rms=3.0000 scale=0.9970 fcos=0.444 ign=0.0000 prn=nan nxp=0.000 mph=0.000 bytes=131072 pkts=131072 shard=0
step=0081900 (run 1900/8000) loss=2.91452 byte_ppl=17.329 atoms=49 merges=0 field=48.0000 rms=3.0000 scale=0.9969 fcos=0.340 ign=0.0000 prn=nan nxp=0.000 mph=0.000 bytes=131072 pkts=131072 shard=0
step=0081925 (run 1925/8000) loss=0.08058 byte_ppl=1.020 atoms=5 merges=0 field=48.0000 rms=3.0000 scale=0.9972 fcos=0.475 ign=0.0000 prn=nan nxp=0.000 mph=0.000 bytes=131072 pkts=131072 shard=0
step=0081950 (run 1950/8000) loss=6.55704 byte_ppl=661.075 atoms=33 merges=0 field=48.0000 rms=3.0000 scale=0.9970 fcos=0.242 ign=0.0000 prn=nan nxp=0.000 mph=0.000 bytes=131072 pkts=131072 shard=0
step=0081975 (run 1975/8000) loss=1.13139 byte_ppl=3.094 atoms=60 merges=0 field=48.0000 rms=3.0000 scale=0.9971 fcos=0.273 ign=0.0000 prn=nan nxp=0.000 mph=0.000 bytes=131072 pkts=131072 shard=0
step=0082000 (run 2000/8000) loss=8.89756 byte_ppl=6861.701 atoms=18 merges=0 field=48.0000 rms=3.0000 scale=0.9970 fcos=0.490 ign=0.0000 prn=nan nxp=0.000 mph=0.000 bytes=131072 pkts=131072 shard=0
step=0082025 (run 2025/8000) loss=0.06954 byte_ppl=1.007 atoms=45 merges=0 field=48.0000 rms=3.0000 scale=0.9971 fcos=0.182 ign=0.0000 prn=nan nxp=0.000 mph=0.000 bytes=131072 pkts=131072 shard=0
step=0082050 (run 2050/8000) loss=2.36380 byte_ppl=9.968 atoms=3 merges=0 field=48.0000 rms=3.0000 scale=0.9970 fcos=0.369 ign=0.0000 prn=nan nxp=0.000 mph=0.000 bytes=131072 pkts=131072 shard=0
step=0082075 (run 2075/8000) loss=0.19614 byte_ppl=1.142 atoms=30 merges=0 field=48.0000 rms=3.0000 scale=0.9970 fcos=0.475 ign=0.0000 prn=nan nxp=0.000 mph=0.000 bytes=131072 pkts=131072 shard=0
step=0082100 (run 2100/8000) loss=4.73973 byte_ppl=107.501 atoms=58 merges=0 field=48.0000 rms=3.0000 scale=0.9971 fcos=0.260 ign=0.0000 prn=nan nxp=0.000 mph=0.000 bytes=131072 pkts=131072 shard=0
step=0082125 (run 2125/8000) loss=3.52159 byte_ppl=31.797 atoms=14 merges=0 field=48.0000 rms=3.0000 scale=0.9971 fcos=0.298 ign=0.0000 prn=nan nxp=0.000 mph=0.000 bytes=131072 pkts=131072 shard=0
step=0082150 (run 2150/8000) loss=4.62507 byte_ppl=95.907 atoms=42 merges=0 field=48.0000 rms=3.0000 scale=0.9971 fcos=0.494 ign=0.0000 prn=nan nxp=0.000 mph=0.000 bytes=131072 pkts=131072 shard=0
step=0082175 (run 2175/8000) loss=0.16949 byte_ppl=1.113 atoms=69 merges=0 field=48.0000 rms=3.0000 scale=0.9972 fcos=0.456 ign=0.0000 prn=nan nxp=0.000 mph=0.000 bytes=131072 pkts=131072 shard=0
step=0082200 (run 2200/8000) loss=9.31721 byte_ppl=10461.947 atoms=27 merges=0 field=48.0000 rms=3.0000 scale=0.9970 fcos=0.413 ign=0.0000 prn=nan nxp=0.000 mph=0.000 bytes=131072 pkts=131072 shard=0
step=0082225 (run 2225/8000) loss=0.06834 byte_ppl=1.008 atoms=54 merges=0 field=48.0000 rms=3.0000 scale=0.9973 fcos=0.371 ign=0.0000 prn=nan nxp=0.000 mph=0.000 bytes=131072 pkts=131072 shard=0
step=0082250 (run 2250/8000) loss=8.79897 byte_ppl=6221.204 atoms=11 merges=0 field=48.0000 rms=3.0000 scale=0.9972 fcos=0.569 ign=0.0000 prn=nan nxp=0.000 mph=0.000 bytes=131072 pkts=131072 shard=0
step=0082275 (run 2275/8000) loss=0.08264 byte_ppl=1.021 atoms=38 merges=0 field=48.0000 rms=3.0000 scale=0.9970 fcos=0.479 ign=0.0000 prn=nan nxp=0.000 mph=0.000 bytes=131072 pkts=131072 shard=0
step=0082300 (run 2300/8000) loss=14.24247 byte_ppl=1441888.391 atoms=66 merges=0 field=48.0000 rms=3.0000 scale=0.9973 fcos=0.422 ign=0.0000 prn=nan nxp=0.000 mph=0.000 bytes=131072 pkts=131072 shard=0
step=0082325 (run 2325/8000) loss=2.57905 byte_ppl=12.394 atoms=23 merges=0 field=48.0000 rms=3.0000 scale=0.9970 fcos=0.278 ign=0.0000 prn=nan nxp=0.000 mph=0.000 bytes=131072 pkts=131072 shard=0
step=0082350 (run 2350/8000) loss=2.01277 byte_ppl=7.020 atoms=51 merges=0 field=48.0000 rms=3.0000 scale=0.9971 fcos=0.357 ign=0.0000 prn=nan nxp=0.000 mph=0.000 bytes=131072 pkts=131072 shard=0
step=0082375 (run 2375/8000) loss=3.69035 byte_ppl=39.962 atoms=8 merges=0 field=48.0000 rms=3.0000 scale=0.9971 fcos=0.238 ign=0.0000 prn=nan nxp=0.000 mph=0.000 bytes=131072 pkts=131072 shard=0
step=0082400 (run 2400/8000) loss=4.71094 byte_ppl=104.484 atoms=36 merges=0 field=48.0000 rms=3.0000 scale=0.9971 fcos=0.328 ign=0.0000 prn=nan nxp=0.000 mph=0.000 bytes=131072 pkts=131072 shard=0
step=0082425 (run 2425/8000) loss=1.49971 byte_ppl=4.211 atoms=63 merges=0 field=48.0000 rms=3.0000 scale=0.9972 fcos=0.379 ign=0.0000 prn=nan nxp=0.000 mph=0.000 bytes=131072 pkts=131072 shard=0
step=0082450 (run 2450/8000) loss=4.59138 byte_ppl=92.563 atoms=20 merges=0 field=48.0000 rms=3.0000 scale=0.9970 fcos=0.299 ign=0.0000 prn=nan nxp=0.000 mph=0.000 bytes=131072 pkts=131072 shard=0
step=0082475 (run 2475/8000) loss=4.36016 byte_ppl=73.540 atoms=47 merges=0 field=48.0000 rms=3.0000 scale=0.9972 fcos=0.421 ign=0.0000 prn=nan nxp=0.000 mph=0.000 bytes=131072 pkts=131072 shard=0
step=0082500 (run 2500/8000) loss=3.17655 byte_ppl=22.485 atoms=5 merges=0 field=48.0000 rms=3.0000 scale=0.9971 fcos=0.303 ign=0.0000 prn=nan nxp=0.000 mph=0.000 bytes=131072 pkts=131072 shard=0
step=0082525 (run 2525/8000) loss=2.38992 byte_ppl=10.257 atoms=32 merges=0 field=48.0000 rms=3.0000 scale=0.9970 fcos=0.153 ign=0.0000 prn=nan nxp=0.000 mph=0.000 bytes=131072 pkts=131072 shard=0
step=0082550 (run 2550/8000) loss=6.49830 byte_ppl=623.087 atoms=60 merges=0 field=48.0000 rms=3.0000 scale=0.9971 fcos=0.451 ign=0.0000 prn=nan nxp=0.000 mph=0.000 bytes=131072 pkts=131072 shard=0
step=0082575 (run 2575/8000) loss=0.06650 byte_ppl=1.004 atoms=16 merges=0 field=48.0000 rms=3.0000 scale=0.9972 fcos=0.124 ign=0.0000 prn=nan nxp=0.000 mph=0.000 bytes=131072 pkts=131072 shard=0
step=0082600 (run 2600/8000) loss=13.19723 byte_ppl=506886.120 atoms=44 merges=0 field=48.0000 rms=3.0000 scale=0.9974 fcos=0.443 ign=0.0000 prn=nan nxp=0.000 mph=0.000 bytes=131072 pkts=131072 shard=0
step=0082625 (run 2625/8000) loss=1.67972 byte_ppl=5.041 atoms=1 merges=0 field=48.0000 rms=3.0000 scale=0.9970 fcos=0.320 ign=0.0000 prn=nan nxp=0.000 mph=0.000 bytes=131072 pkts=131072 shard=0
step=0082650 (run 2650/8000) loss=12.10881 byte_ppl=170508.309 atoms=29 merges=0 field=48.0000 rms=3.0000 scale=0.9971 fcos=0.496 ign=0.0000 prn=nan nxp=0.000 mph=0.000 bytes=131072 pkts=131072 shard=0
step=0082675 (run 2675/8000) loss=1.52385 byte_ppl=4.315 atoms=56 merges=0 field=48.0000 rms=3.0000 scale=0.9971 fcos=0.112 ign=0.0000 prn=nan nxp=0.000 mph=0.000 bytes=131072 pkts=131072 shard=0
step=0082700 (run 2700/8000) loss=7.25609 byte_ppl=1331.495 atoms=14 merges=0 field=48.0000 rms=3.0000 scale=0.9970 fcos=0.352 ign=0.0000 prn=nan nxp=0.000 mph=0.000 bytes=131072 pkts=131072 shard=0
step=0082725 (run 2725/8000) loss=1.09474 byte_ppl=2.808 atoms=41 merges=0 field=48.0000 rms=3.0000 scale=0.9972 fcos=0.279 ign=0.0000 prn=nan nxp=0.000 mph=0.000 bytes=131072 pkts=131072 shard=0
step=0082750 (run 2750/8000) loss=4.13419 byte_ppl=62.284 atoms=69 merges=0 field=48.0000 rms=3.0000 scale=0.9972 fcos=0.429 ign=0.0000 prn=nan nxp=0.000 mph=0.000 bytes=131072 pkts=131072 shard=0
step=0082775 (run 2775/8000) loss=0.08898 byte_ppl=1.026 atoms=25 merges=0 field=48.0000 rms=3.0000 scale=0.9970 fcos=0.506 ign=0.0000 prn=nan nxp=0.000 mph=0.000 bytes=131072 pkts=131072 shard=0
step=0082800 (run 2800/8000) loss=4.01534 byte_ppl=52.097 atoms=53 merges=0 field=48.0000 rms=3.0000 scale=0.9972 fcos=0.290 ign=0.0000 prn=nan nxp=0.000 mph=0.000 bytes=131072 pkts=131072 shard=0
step=0082825 (run 2825/8000) loss=0.07109 byte_ppl=1.009 atoms=10 merges=0 field=48.0000 rms=3.0000 scale=0.9972 fcos=-0.004 ign=0.0000 prn=nan nxp=0.000 mph=0.000 bytes=131072 pkts=131072 shard=0
step=0082850 (run 2850/8000) loss=4.82298 byte_ppl=116.639 atoms=38 merges=0 field=48.0000 rms=3.0000 scale=0.9971 fcos=0.157 ign=0.0000 prn=nan nxp=0.000 mph=0.000 bytes=131072 pkts=131072 shard=0
step=0082875 (run 2875/8000) loss=4.04806 byte_ppl=57.187 atoms=65 merges=0 field=48.0000 rms=3.0000 scale=0.9971 fcos=-0.093 ign=0.0000 prn=nan nxp=0.000 mph=0.000 bytes=131072 pkts=131072 shard=0
step=0082900 (run 2900/8000) loss=3.72935 byte_ppl=39.133 atoms=22 merges=0 field=48.0000 rms=3.0000 scale=0.9972 fcos=0.261 ign=0.0000 prn=nan nxp=0.000 mph=0.000 bytes=131072 pkts=131072 shard=0
step=0082925 (run 2925/8000) loss=0.06636 byte_ppl=1.006 atoms=49 merges=0 field=48.0000 rms=3.0000 scale=0.9972 fcos=0.364 ign=0.0000 prn=nan nxp=0.000 mph=0.000 bytes=131072 pkts=131072 shard=0
step=0082950 (run 2950/8000) loss=1.80201 byte_ppl=5.692 atoms=7 merges=0 field=48.0000 rms=3.0000 scale=0.9971 fcos=0.271 ign=0.0000 prn=nan nxp=0.000 mph=0.000 bytes=131072 pkts=131072 shard=0
step=0082975 (run 2975/8000) loss=0.06152 byte_ppl=1.001 atoms=34 merges=0 field=48.0000 rms=3.0000 scale=0.9973 fcos=0.504 ign=0.0000 prn=nan nxp=0.000 mph=0.000 bytes=131072 pkts=131072 shard=0
step=0083000 (run 3000/8000) loss=5.18919 byte_ppl=168.339 atoms=62 merges=0 field=48.0000 rms=3.0000 scale=0.9971 fcos=0.211 ign=0.0000 prn=nan nxp=0.000 mph=0.000 bytes=131072 pkts=131072 shard=0
step=0083025 (run 3025/8000) loss=8.71843 byte_ppl=5750.014 atoms=19 merges=0 field=48.0000 rms=3.0000 scale=0.9971 fcos=0.441 ign=0.0000 prn=nan nxp=0.000 mph=0.000 bytes=131072 pkts=131072 shard=0
step=0083050 (run 3050/8000) loss=19.14682 byte_ppl=194407745.487 atoms=47 merges=0 field=48.0000 rms=3.0000 scale=0.9973 fcos=0.526 ign=0.0000 prn=nan nxp=0.000 mph=0.000 bytes=131072 pkts=131072 shard=0
step=0083075 (run 3075/8000) loss=7.41982 byte_ppl=1569.063 atoms=3 merges=0 field=48.0000 rms=3.0000 scale=0.9970 fcos=0.373 ign=0.0000 prn=nan nxp=0.000 mph=0.000 bytes=131072 pkts=131072 shard=0
step=0083100 (run 3100/8000) loss=5.01677 byte_ppl=150.354 atoms=31 merges=0 field=48.0000 rms=3.0000 scale=0.9971 fcos=0.362 ign=0.0000 prn=nan nxp=0.000 mph=0.000 bytes=131072 pkts=131072 shard=0
step=0083125 (run 3125/8000) loss=3.24752 byte_ppl=24.187 atoms=58 merges=0 field=48.0000 rms=3.0000 scale=0.9971 fcos=0.151 ign=0.0000 prn=nan nxp=0.000 mph=0.000 bytes=131072 pkts=131072 shard=0
step=0083150 (run 3150/8000) loss=6.05374 byte_ppl=400.053 atoms=16 merges=0 field=48.0000 rms=3.0000 scale=0.9971 fcos=0.352 ign=0.0000 prn=nan nxp=0.000 mph=0.000 bytes=131072 pkts=131072 shard=0
step=0083175 (run 3175/8000) loss=0.06915 byte_ppl=1.007 atoms=43 merges=0 field=48.0000 rms=3.0000 scale=0.9971 fcos=0.553 ign=0.0000 prn=nan nxp=0.000 mph=0.000 bytes=131072 pkts=131072 shard=0
step=0083200 (run 3200/8000) loss=14.21920 byte_ppl=1403912.742 atoms=71 merges=0 field=48.0000 rms=3.0000 scale=0.9974 fcos=0.313 ign=0.0000 prn=nan nxp=0.000 mph=0.000 bytes=131072 pkts=131072 shard=0
step=0083225 (run 3225/8000) loss=3.73848 byte_ppl=39.527 atoms=27 merges=0 field=48.0000 rms=3.0000 scale=0.9971 fcos=0.343 ign=0.0000 prn=nan nxp=0.000 mph=0.000 bytes=131072 pkts=131072 shard=0
step=0083250 (run 3250/8000) loss=8.62276 byte_ppl=5229.320 atoms=55 merges=0 field=48.0000 rms=3.0000 scale=0.9972 fcos=0.523 ign=0.0000 prn=nan nxp=0.000 mph=0.000 bytes=131072 pkts=131072 shard=0
step=0083275 (run 3275/8000) loss=5.15500 byte_ppl=162.951 atoms=12 merges=0 field=48.0000 rms=3.0000 scale=0.9971 fcos=0.408 ign=0.0000 prn=nan nxp=0.000 mph=0.000 bytes=131072 pkts=131072 shard=0
step=0083300 (run 3300/8000) loss=4.47830 byte_ppl=82.694 atoms=40 merges=0 field=48.0000 rms=3.0000 scale=0.9971 fcos=0.339 ign=0.0000 prn=nan nxp=0.000 mph=0.000 bytes=131072 pkts=131072 shard=0
step=0083325 (run 3325/8000) loss=0.06531 byte_ppl=1.004 atoms=67 merges=0 field=48.0000 rms=3.0000 scale=0.9970 fcos=0.514 ign=0.0000 prn=nan nxp=0.000 mph=0.000 bytes=131072 pkts=131072 shard=0
step=0083350 (run 3350/8000) loss=4.73860 byte_ppl=107.163 atoms=25 merges=0 field=48.0000 rms=3.0000 scale=0.9971 fcos=0.493 ign=0.0000 prn=nan nxp=0.000 mph=0.000 bytes=131072 pkts=131072 shard=0
step=0083375 (run 3375/8000) loss=2.70611 byte_ppl=14.093 atoms=52 merges=0 field=48.0000 rms=3.0000 scale=0.9973 fcos=0.387 ign=0.0000 prn=nan nxp=0.000 mph=0.000 bytes=131072 pkts=131072 shard=0
step=0083400 (run 3400/8000) loss=7.14935 byte_ppl=1196.878 atoms=9 merges=0 field=48.0000 rms=3.0000 scale=0.9971 fcos=0.512 ign=0.0000 prn=nan nxp=0.000 mph=0.000 bytes=131072 pkts=131072 shard=0
step=0083425 (run 3425/8000) loss=4.12437 byte_ppl=57.440 atoms=36 merges=0 field=48.0000 rms=3.0000 scale=0.9970 fcos=0.208 ign=0.0000 prn=nan nxp=0.000 mph=0.000 bytes=131072 pkts=131072 shard=0
step=0083450 (run 3450/8000) loss=7.08977 byte_ppl=1198.202 atoms=64 merges=0 field=48.0000 rms=3.0000 scale=0.9971 fcos=0.488 ign=0.0000 prn=nan nxp=0.000 mph=0.000 bytes=131072 pkts=131072 shard=0
step=0083475 (run 3475/8000) loss=0.06284 byte_ppl=1.001 atoms=21 merges=0 field=48.0000 rms=3.0000 scale=0.9972 fcos=0.362 ign=0.0000 prn=nan nxp=0.000 mph=0.000 bytes=131072 pkts=131072 shard=0
step=0083500 (run 3500/8000) loss=8.76396 byte_ppl=6001.789 atoms=49 merges=0 field=48.0000 rms=3.0000 scale=0.9971 fcos=0.501 ign=0.0000 prn=nan nxp=0.000 mph=0.000 bytes=131072 pkts=131072 shard=0
step=0083525 (run 3525/8000) loss=0.07036 byte_ppl=1.008 atoms=5 merges=0 field=48.0000 rms=3.0000 scale=0.9971 fcos=0.254 ign=0.0000 prn=nan nxp=0.000 mph=0.000 bytes=131072 pkts=131072 shard=0
step=0083550 (run 3550/8000) loss=6.41912 byte_ppl=613.161 atoms=33 merges=0 field=48.0000 rms=3.0000 scale=0.9973 fcos=0.374 ign=0.0000 prn=nan nxp=0.000 mph=0.000 bytes=131072 pkts=131072 shard=0
step=0083575 (run 3575/8000) loss=0.09205 byte_ppl=1.030 atoms=60 merges=0 field=48.0000 rms=3.0000 scale=0.9969 fcos=0.489 ign=0.0000 prn=nan nxp=0.000 mph=0.000 bytes=131072 pkts=131072 shard=0
step=0083600 (run 3600/8000) loss=9.79014 byte_ppl=16778.215 atoms=18 merges=0 field=48.0000 rms=3.0000 scale=0.9970 fcos=0.320 ign=0.0000 prn=nan nxp=0.000 mph=0.000 bytes=131072 pkts=131072 shard=0
step=0083625 (run 3625/8000) loss=0.06272 byte_ppl=1.001 atoms=45 merges=0 field=48.0000 rms=3.0000 scale=0.9970 fcos=0.363 ign=0.0000 prn=nan nxp=0.000 mph=0.000 bytes=131072 pkts=131072 shard=0
step=0083650 (run 3650/8000) loss=3.69586 byte_ppl=37.820 atoms=3 merges=0 field=48.0000 rms=3.0000 scale=0.9970 fcos=0.296 ign=0.0000 prn=nan nxp=0.000 mph=0.000 bytes=131072 pkts=131072 shard=0
step=0083675 (run 3675/8000) loss=2.29569 byte_ppl=9.313 atoms=30 merges=0 field=48.0000 rms=3.0000 scale=0.9972 fcos=0.257 ign=0.0000 prn=nan nxp=0.000 mph=0.000 bytes=131072 pkts=131072 shard=0
step=0083700 (run 3700/8000) loss=5.61170 byte_ppl=255.942 atoms=58 merges=0 field=48.0000 rms=3.0000 scale=0.9971 fcos=0.394 ign=0.0000 prn=nan nxp=0.000 mph=0.000 bytes=131072 pkts=131072 shard=0
step=0083725 (run 3725/8000) loss=0.06553 byte_ppl=1.004 atoms=14 merges=0 field=48.0000 rms=3.0000 scale=0.9971 fcos=0.342 ign=0.0000 prn=nan nxp=0.000 mph=0.000 bytes=131072 pkts=131072 shard=0
step=0083750 (run 3750/8000) loss=0.35331 byte_ppl=1.339 atoms=42 merges=0 field=48.0000 rms=3.0000 scale=0.9972 fcos=0.377 ign=0.0000 prn=nan nxp=0.000 mph=0.000 bytes=131072 pkts=131072 shard=0
step=0083775 (run 3775/8000) loss=0.10929 byte_ppl=1.048 atoms=69 merges=0 field=48.0000 rms=3.0000 scale=0.9970 fcos=0.216 ign=0.0000 prn=nan nxp=0.000 mph=0.000 bytes=131072 pkts=131072 shard=0
step=0083800 (run 3800/8000) loss=4.83221 byte_ppl=117.695 atoms=27 merges=0 field=48.0000 rms=3.0000 scale=0.9970 fcos=0.502 ign=0.0000 prn=nan nxp=0.000 mph=0.000 bytes=131072 pkts=131072 shard=0
step=0083825 (run 3825/8000) loss=0.01700 byte_ppl=1.015 atoms=54 merges=0 field=48.0000 rms=3.0000 scale=0.9970 fcos=0.439 ign=0.0000 prn=nan nxp=0.000 mph=0.000 bytes=131072 pkts=131072 shard=0
step=0083850 (run 3850/8000) loss=0.06288 byte_ppl=1.001 atoms=11 merges=0 field=48.0000 rms=3.0000 scale=0.9970 fcos=0.369 ign=0.0000 prn=nan nxp=0.000 mph=0.000 bytes=131072 pkts=131072 shard=0
step=0083875 (run 3875/8000) loss=4.85446 byte_ppl=119.536 atoms=38 merges=0 field=48.0000 rms=3.0000 scale=0.9970 fcos=0.268 ign=0.0000 prn=nan nxp=0.000 mph=0.000 bytes=131072 pkts=131072 shard=0
step=0083900 (run 3900/8000) loss=15.16305 byte_ppl=3843917.410 atoms=66 merges=0 field=48.0000 rms=3.0000 scale=0.9970 fcos=0.521 ign=0.0000 prn=nan nxp=0.000 mph=0.000 bytes=131072 pkts=131072 shard=0
step=0083925 (run 3925/8000) loss=0.35327 byte_ppl=1.419 atoms=23 merges=0 field=48.0000 rms=3.0000 scale=0.9971 fcos=0.251 ign=0.0000 prn=nan nxp=0.000 mph=0.000 bytes=131072 pkts=131072 shard=0
step=0083950 (run 3950/8000) loss=10.00304 byte_ppl=20734.914 atoms=51 merges=0 field=48.0000 rms=3.0000 scale=0.9970 fcos=0.334 ign=0.0000 prn=nan nxp=0.000 mph=0.000 bytes=131072 pkts=131072 shard=0
step=0083975 (run 3975/8000) loss=1.65754 byte_ppl=4.852 atoms=8 merges=0 field=48.0000 rms=3.0000 scale=0.9972 fcos=0.383 ign=0.0000 prn=nan nxp=0.000 mph=0.000 bytes=131072 pkts=131072 shard=0
step=0084000 (run 4000/8000) loss=7.05489 byte_ppl=1087.957 atoms=36 merges=0 field=48.0000 rms=3.0000 scale=0.9968 fcos=0.241 ign=0.0000 prn=nan nxp=0.000 mph=0.000 bytes=131072 pkts=131072 shard=0
step=0084025 (run 4025/8000) loss=0.06877 byte_ppl=1.008 atoms=63 merges=0 field=48.0000 rms=3.0000 scale=0.9972 fcos=0.479 ign=0.0000 prn=nan nxp=0.000 mph=0.000 bytes=131072 pkts=131072 shard=0
step=0084050 (run 4050/8000) loss=9.35215 byte_ppl=10809.672 atoms=20 merges=0 field=48.0000 rms=3.0000 scale=0.9970 fcos=0.479 ign=0.0000 prn=nan nxp=0.000 mph=0.000 bytes=131072 pkts=131072 shard=0
step=0084075 (run 4075/8000) loss=2.70194 byte_ppl=13.982 atoms=47 merges=0 field=48.0000 rms=3.0000 scale=0.9970 fcos=0.435 ign=0.0000 prn=nan nxp=0.000 mph=0.000 bytes=131072 pkts=131072 shard=0
step=0084100 (run 4100/8000) loss=13.50575 byte_ppl=690484.926 atoms=5 merges=0 field=48.0000 rms=3.0000 scale=0.9973 fcos=0.432 ign=0.0000 prn=nan nxp=0.000 mph=0.000 bytes=131072 pkts=131072 shard=0
step=0084125 (run 4125/8000) loss=4.04142 byte_ppl=53.502 atoms=32 merges=0 field=48.0000 rms=3.0000 scale=0.9970 fcos=0.234 ign=0.0000 prn=nan nxp=0.000 mph=0.000 bytes=131072 pkts=131072 shard=0
step=0084150 (run 4150/8000) loss=14.18551 byte_ppl=1361049.837 atoms=60 merges=0 field=48.0000 rms=3.0000 scale=0.9973 fcos=0.203 ign=0.0000 prn=nan nxp=0.000 mph=0.000 bytes=131072 pkts=131072 shard=0
step=0084175 (run 4175/8000) loss=0.06547 byte_ppl=1.004 atoms=16 merges=0 field=48.0000 rms=3.0000 scale=0.9971 fcos=0.463 ign=0.0000 prn=nan nxp=0.000 mph=0.000 bytes=131072 pkts=131072 shard=0
step=0084200 (run 4200/8000) loss=2.54122 byte_ppl=11.929 atoms=44 merges=0 field=48.0000 rms=3.0000 scale=0.9970 fcos=0.292 ign=0.0000 prn=nan nxp=0.000 mph=0.000 bytes=131072 pkts=131072 shard=0
step=0084225 (run 4225/8000) loss=3.02690 byte_ppl=19.383 atoms=1 merges=0 field=48.0000 rms=3.0000 scale=0.9971 fcos=0.272 ign=0.0000 prn=nan nxp=0.000 mph=0.000 bytes=131072 pkts=131072 shard=0
step=0084250 (run 4250/8000) loss=7.71706 byte_ppl=2112.957 atoms=29 merges=0 field=48.0000 rms=3.0000 scale=0.9972 fcos=0.480 ign=0.0000 prn=nan nxp=0.000 mph=0.000 bytes=131072 pkts=131072 shard=0
step=0084275 (run 4275/8000) loss=5.06626 byte_ppl=147.683 atoms=56 merges=0 field=48.0000 rms=3.0000 scale=0.9971 fcos=0.270 ign=0.0000 prn=nan nxp=0.000 mph=0.000 bytes=131072 pkts=131072 shard=0
step=0084300 (run 4300/8000) loss=1.38168 byte_ppl=3.970 atoms=14 merges=0 field=48.0000 rms=3.0000 scale=0.9971 fcos=0.336 ign=0.0000 prn=nan nxp=0.000 mph=0.000 bytes=131072 pkts=131072 shard=0
step=0084325 (run 4325/8000) loss=3.00354 byte_ppl=18.948 atoms=41 merges=0 field=48.0000 rms=3.0000 scale=0.9970 fcos=0.368 ign=0.0000 prn=nan nxp=0.000 mph=0.000 bytes=131072 pkts=131072 shard=0
step=0084350 (run 4350/8000) loss=8.56727 byte_ppl=4943.137 atoms=69 merges=0 field=48.0000 rms=3.0000 scale=0.9972 fcos=0.550 ign=0.0000 prn=nan nxp=0.000 mph=0.000 bytes=131072 pkts=131072 shard=0
step=0084375 (run 4375/8000) loss=9.04261 byte_ppl=7944.325 atoms=25 merges=0 field=48.0000 rms=3.0000 scale=0.9970 fcos=0.327 ign=0.0000 prn=nan nxp=0.000 mph=0.000 bytes=131072 pkts=131072 shard=0
step=0084400 (run 4400/8000) loss=9.34793 byte_ppl=10788.580 atoms=53 merges=0 field=48.0000 rms=3.0000 scale=0.9970 fcos=0.394 ign=0.0000 prn=nan nxp=0.000 mph=0.000 bytes=131072 pkts=131072 shard=0
step=0084425 (run 4425/8000) loss=0.06577 byte_ppl=1.004 atoms=10 merges=0 field=48.0000 rms=3.0000 scale=0.9971 fcos=0.481 ign=0.0000 prn=nan nxp=0.000 mph=0.000 bytes=131072 pkts=131072 shard=0
step=0084450 (run 4450/8000) loss=6.36413 byte_ppl=544.682 atoms=38 merges=0 field=48.0000 rms=3.0000 scale=0.9970 fcos=0.509 ign=0.0000 prn=nan nxp=0.000 mph=0.000 bytes=131072 pkts=131072 shard=0
step=0084475 (run 4475/8000) loss=0.36508 byte_ppl=1.438 atoms=65 merges=0 field=48.0000 rms=3.0000 scale=0.9971 fcos=0.330 ign=0.0000 prn=nan nxp=0.000 mph=0.000 bytes=131072 pkts=131072 shard=0
step=0084500 (run 4500/8000) loss=5.92673 byte_ppl=352.484 atoms=22 merges=0 field=48.0000 rms=3.0000 scale=0.9970 fcos=0.333 ign=0.0000 prn=nan nxp=0.000 mph=0.000 bytes=131072 pkts=131072 shard=0
step=0084525 (run 4525/8000) loss=1.23494 byte_ppl=3.231 atoms=49 merges=0 field=48.0000 rms=3.0000 scale=0.9970 fcos=0.381 ign=0.0000 prn=nan nxp=0.000 mph=0.000 bytes=131072 pkts=131072 shard=0
step=0084550 (run 4550/8000) loss=8.75186 byte_ppl=5940.675 atoms=7 merges=0 field=48.0000 rms=3.0000 scale=0.9969 fcos=0.258 ign=0.0000 prn=nan nxp=0.000 mph=0.000 bytes=131072 pkts=131072 shard=0
step=0084575 (run 4575/8000) loss=2.32965 byte_ppl=9.649 atoms=34 merges=0 field=48.0000 rms=3.0000 scale=0.9971 fcos=0.347 ign=0.0000 prn=nan nxp=0.000 mph=0.000 bytes=131072 pkts=131072 shard=0
step=0084600 (run 4600/8000) loss=10.76045 byte_ppl=44275.041 atoms=62 merges=0 field=48.0000 rms=3.0000 scale=0.9971 fcos=0.531 ign=0.0000 prn=nan nxp=0.000 mph=0.000 bytes=131072 pkts=131072 shard=0
step=0084625 (run 4625/8000) loss=0.06794 byte_ppl=1.005 atoms=19 merges=0 field=48.0000 rms=3.0000 scale=0.9973 fcos=0.315 ign=0.0000 prn=nan nxp=0.000 mph=0.000 bytes=131072 pkts=131072 shard=0
step=0084650 (run 4650/8000) loss=3.08314 byte_ppl=20.501 atoms=47 merges=0 field=48.0000 rms=3.0000 scale=0.9971 fcos=0.295 ign=0.0000 prn=nan nxp=0.000 mph=0.000 bytes=131072 pkts=131072 shard=0
step=0084675 (run 4675/8000) loss=0.06612 byte_ppl=1.005 atoms=3 merges=0 field=48.0000 rms=3.0000 scale=0.9971 fcos=0.484 ign=0.0000 prn=nan nxp=0.000 mph=0.000 bytes=131072 pkts=131072 shard=0
step=0084700 (run 4700/8000) loss=3.69635 byte_ppl=37.918 atoms=31 merges=0 field=48.0000 rms=3.0000 scale=0.9972 fcos=0.426 ign=0.0000 prn=nan nxp=0.000 mph=0.000 bytes=131072 pkts=131072 shard=0
step=0084725 (run 4725/8000) loss=0.19727 byte_ppl=1.144 atoms=58 merges=0 field=48.0000 rms=3.0000 scale=0.9971 fcos=0.434 ign=0.0000 prn=nan nxp=0.000 mph=0.000 bytes=131072 pkts=131072 shard=0
step=0084750 (run 4750/8000) loss=12.23731 byte_ppl=193919.529 atoms=16 merges=0 field=48.0000 rms=3.0000 scale=0.9970 fcos=0.523 ign=0.0000 prn=nan nxp=0.000 mph=0.000 bytes=131072 pkts=131072 shard=0
step=0084775 (run 4775/8000) loss=2.98416 byte_ppl=18.579 atoms=43 merges=0 field=48.0000 rms=3.0000 scale=0.9972 fcos=0.330 ign=0.0000 prn=nan nxp=0.000 mph=0.000 bytes=131072 pkts=131072 shard=0
step=0084800 (run 4800/8000) loss=7.62868 byte_ppl=1931.278 atoms=71 merges=0 field=48.0000 rms=3.0000 scale=0.9971 fcos=0.463 ign=0.0000 prn=nan nxp=0.000 mph=0.000 bytes=131072 pkts=131072 shard=0
step=0084825 (run 4825/8000) loss=0.06196 byte_ppl=1.001 atoms=27 merges=0 field=48.0000 rms=3.0000 scale=0.9972 fcos=0.523 ign=0.0000 prn=nan nxp=0.000 mph=0.000 bytes=131072 pkts=131072 shard=0
step=0084850 (run 4850/8000) loss=4.32849 byte_ppl=71.254 atoms=55 merges=0 field=48.0000 rms=3.0000 scale=0.9970 fcos=0.343 ign=0.0000 prn=nan nxp=0.000 mph=0.000 bytes=131072 pkts=131072 shard=0
step=0084875 (run 4875/8000) loss=0.07227 byte_ppl=1.011 atoms=12 merges=0 field=48.0000 rms=3.0000 scale=0.9970 fcos=0.313 ign=0.0000 prn=nan nxp=0.000 mph=0.000 bytes=131072 pkts=131072 shard=0
step=0084900 (run 4900/8000) loss=6.96395 byte_ppl=994.398 atoms=40 merges=0 field=48.0000 rms=3.0000 scale=0.9971 fcos=0.307 ign=0.0000 prn=nan nxp=0.000 mph=0.000 bytes=131072 pkts=131072 shard=0
step=0084925 (run 4925/8000) loss=1.93806 byte_ppl=6.529 atoms=67 merges=0 field=48.0000 rms=3.0000 scale=0.9971 fcos=0.010 ign=0.0000 prn=nan nxp=0.000 mph=0.000 bytes=131072 pkts=131072 shard=0
step=0084950 (run 4950/8000) loss=6.44545 byte_ppl=592.053 atoms=25 merges=0 field=48.0000 rms=3.0000 scale=0.9972 fcos=0.502 ign=0.0000 prn=nan nxp=0.000 mph=0.000 bytes=131072 pkts=131072 shard=0
step=0084975 (run 4975/8000) loss=1.31012 byte_ppl=3.481 atoms=52 merges=0 field=48.0000 rms=3.0000 scale=0.9971 fcos=0.129 ign=0.0000 prn=nan nxp=0.000 mph=0.000 bytes=131072 pkts=131072 shard=0
step=0085000 (run 5000/8000) loss=5.73703 byte_ppl=291.419 atoms=9 merges=0 field=48.0000 rms=3.0000 scale=0.9970 fcos=0.332 ign=0.0000 prn=nan nxp=0.000 mph=0.000 bytes=131072 pkts=131072 shard=0
step=0085025 (run 5025/8000) loss=0.07308 byte_ppl=1.009 atoms=36 merges=0 field=48.0000 rms=3.0000 scale=0.9974 fcos=0.331 ign=0.0000 prn=nan nxp=0.000 mph=0.000 bytes=131072 pkts=131072 shard=0
step=0085050 (run 5050/8000) loss=4.57163 byte_ppl=90.911 atoms=64 merges=0 field=48.0000 rms=3.0000 scale=0.9971 fcos=0.269 ign=0.0000 prn=nan nxp=0.000 mph=0.000 bytes=131072 pkts=131072 shard=0
step=0085075 (run 5075/8000) loss=0.06296 byte_ppl=1.002 atoms=21 merges=0 field=48.0000 rms=3.0000 scale=0.9972 fcos=0.506 ign=0.0000 prn=nan nxp=0.000 mph=0.000 bytes=131072 pkts=131072 shard=0
step=0085100 (run 5100/8000) loss=5.36764 byte_ppl=201.394 atoms=49 merges=0 field=48.0000 rms=3.0000 scale=0.9970 fcos=0.240 ign=0.0000 prn=nan nxp=0.000 mph=0.000 bytes=131072 pkts=131072 shard=0
step=0085125 (run 5125/8000) loss=0.34132 byte_ppl=1.322 atoms=5 merges=0 field=48.0000 rms=3.0000 scale=0.9970 fcos=0.348 ign=0.0000 prn=nan nxp=0.000 mph=0.000 bytes=131072 pkts=131072 shard=0
step=0085150 (run 5150/8000) loss=3.43945 byte_ppl=29.291 atoms=33 merges=0 field=48.0000 rms=3.0000 scale=0.9971 fcos=0.257 ign=0.0000 prn=nan nxp=0.000 mph=0.000 bytes=131072 pkts=131072 shard=0
step=0085175 (run 5175/8000) loss=11.12171 byte_ppl=63563.908 atoms=60 merges=0 field=48.0000 rms=3.0000 scale=0.9969 fcos=0.505 ign=0.0000 prn=nan nxp=0.000 mph=0.000 bytes=131072 pkts=131072 shard=0
step=0085200 (run 5200/8000) loss=7.32839 byte_ppl=1431.253 atoms=18 merges=0 field=48.0000 rms=3.0000 scale=0.9972 fcos=0.534 ign=0.0000 prn=nan nxp=0.000 mph=0.000 bytes=131072 pkts=131072 shard=0
step=0085225 (run 5225/8000) loss=2.24491 byte_ppl=8.852 atoms=45 merges=0 field=48.0000 rms=3.0000 scale=0.9970 fcos=0.400 ign=0.0000 prn=nan nxp=0.000 mph=0.000 bytes=131072 pkts=131072 shard=0
step=0085250 (run 5250/8000) loss=9.09382 byte_ppl=8363.254 atoms=3 merges=0 field=48.0000 rms=3.0000 scale=0.9971 fcos=0.434 ign=0.0000 prn=nan nxp=0.000 mph=0.000 bytes=131072 pkts=131072 shard=0
step=0085275 (run 5275/8000) loss=0.25891 byte_ppl=1.218 atoms=30 merges=0 field=48.0000 rms=3.0000 scale=0.9971 fcos=0.484 ign=0.0000 prn=nan nxp=0.000 mph=0.000 bytes=131072 pkts=131072 shard=0
step=0085300 (run 5300/8000) loss=13.54430 byte_ppl=710171.545 atoms=58 merges=0 field=48.0000 rms=3.0000 scale=0.9972 fcos=0.315 ign=0.0000 prn=nan nxp=0.000 mph=0.000 bytes=131072 pkts=131072 shard=0
step=0085325 (run 5325/8000) loss=2.41380 byte_ppl=11.155 atoms=14 merges=0 field=48.0000 rms=3.0000 scale=0.9970 fcos=0.366 ign=0.0000 prn=nan nxp=0.000 mph=0.000 bytes=131072 pkts=131072 shard=0
step=0085350 (run 5350/8000) loss=3.50188 byte_ppl=31.148 atoms=42 merges=0 field=48.0000 rms=3.0000 scale=0.9970 fcos=0.274 ign=0.0000 prn=nan nxp=0.000 mph=0.000 bytes=131072 pkts=131072 shard=0
step=0085375 (run 5375/8000) loss=0.08448 byte_ppl=1.023 atoms=69 merges=0 field=48.0000 rms=3.0000 scale=0.9970 fcos=0.420 ign=0.0000 prn=nan nxp=0.000 mph=0.000 bytes=131072 pkts=131072 shard=0
step=0085400 (run 5400/8000) loss=3.44179 byte_ppl=29.343 atoms=27 merges=0 field=48.0000 rms=3.0000 scale=0.9970 fcos=0.227 ign=0.0000 prn=nan nxp=0.000 mph=0.000 bytes=131072 pkts=131072 shard=0
step=0085425 (run 5425/8000) loss=1.66692 byte_ppl=5.265 atoms=54 merges=0 field=48.0000 rms=3.0000 scale=0.9970 fcos=0.378 ign=0.0000 prn=nan nxp=0.000 mph=0.000 bytes=131072 pkts=131072 shard=0
step=0085450 (run 5450/8000) loss=4.99308 byte_ppl=147.125 atoms=11 merges=0 field=48.0000 rms=3.0000 scale=0.9971 fcos=0.522 ign=0.0000 prn=nan nxp=0.000 mph=0.000 bytes=131072 pkts=131072 shard=0
step=0085475 (run 5475/8000) loss=1.29424 byte_ppl=3.434 atoms=38 merges=0 field=48.0000 rms=3.0000 scale=0.9972 fcos=0.437 ign=0.0000 prn=nan nxp=0.000 mph=0.000 bytes=131072 pkts=131072 shard=0
step=0085500 (run 5500/8000) loss=5.48193 byte_ppl=225.771 atoms=66 merges=0 field=48.0000 rms=3.0000 scale=0.9970 fcos=0.251 ign=0.0000 prn=nan nxp=0.000 mph=0.000 bytes=131072 pkts=131072 shard=0
step=0085525 (run 5525/8000) loss=0.07585 byte_ppl=1.015 atoms=23 merges=0 field=48.0000 rms=3.0000 scale=0.9972 fcos=0.480 ign=0.0000 prn=nan nxp=0.000 mph=0.000 bytes=131072 pkts=131072 shard=0
step=0085550 (run 5550/8000) loss=3.12467 byte_ppl=21.355 atoms=51 merges=0 field=48.0000 rms=3.0000 scale=0.9970 fcos=0.311 ign=0.0000 prn=nan nxp=0.000 mph=0.000 bytes=131072 pkts=131072 shard=0
step=0085575 (run 5575/8000) loss=7.20852 byte_ppl=1348.838 atoms=8 merges=0 field=48.0000 rms=3.0000 scale=0.9971 fcos=0.423 ign=0.0000 prn=nan nxp=0.000 mph=0.000 bytes=131072 pkts=131072 shard=0
step=0085600 (run 5600/8000) loss=4.93650 byte_ppl=130.695 atoms=36 merges=0 field=48.0000 rms=3.0000 scale=0.9970 fcos=0.371 ign=0.0000 prn=nan nxp=0.000 mph=0.000 bytes=131072 pkts=131072 shard=0
step=0085625 (run 5625/8000) loss=1.47336 byte_ppl=4.101 atoms=63 merges=0 field=48.0000 rms=3.0000 scale=0.9970 fcos=0.294 ign=0.0000 prn=nan nxp=0.000 mph=0.000 bytes=131072 pkts=131072 shard=0
step=0085650 (run 5650/8000) loss=10.43903 byte_ppl=32118.355 atoms=20 merges=0 field=48.0000 rms=3.0000 scale=0.9973 fcos=-0.034 ign=0.0000 prn=nan nxp=0.000 mph=0.000 bytes=131072 pkts=131072 shard=0
step=0085675 (run 5675/8000) loss=0.07760 byte_ppl=1.015 atoms=47 merges=0 field=48.0000 rms=3.0000 scale=0.9970 fcos=0.514 ign=0.0000 prn=nan nxp=0.000 mph=0.000 bytes=131072 pkts=131072 shard=0
step=0085700 (run 5700/8000) loss=3.55508 byte_ppl=32.840 atoms=5 merges=0 field=48.0000 rms=3.0000 scale=0.9971 fcos=0.322 ign=0.0000 prn=nan nxp=0.000 mph=0.000 bytes=131072 pkts=131072 shard=0
step=0085725 (run 5725/8000) loss=0.07578 byte_ppl=1.012 atoms=32 merges=0 field=48.0000 rms=3.0000 scale=0.9971 fcos=0.276 ign=0.0000 prn=nan nxp=0.000 mph=0.000 bytes=131072 pkts=131072 shard=0
step=0085750 (run 5750/8000) loss=5.53398 byte_ppl=237.659 atoms=60 merges=0 field=48.0000 rms=3.0000 scale=0.9971 fcos=0.505 ign=0.0000 prn=nan nxp=0.000 mph=0.000 bytes=131072 pkts=131072 shard=0
step=0085775 (run 5775/8000) loss=4.83187 byte_ppl=117.870 atoms=16 merges=0 field=48.0000 rms=3.0000 scale=0.9970 fcos=0.327 ign=0.0000 prn=nan nxp=0.000 mph=0.000 bytes=131072 pkts=131072 shard=0
step=0085800 (run 5800/8000) loss=4.25872 byte_ppl=66.406 atoms=44 merges=0 field=48.0000 rms=3.0000 scale=0.9970 fcos=0.147 ign=0.0000 prn=nan nxp=0.000 mph=0.000 bytes=131072 pkts=131072 shard=0
step=0085825 (run 5825/8000) loss=4.63021 byte_ppl=102.453 atoms=1 merges=0 field=48.0000 rms=3.0000 scale=0.9972 fcos=0.496 ign=0.0000 prn=nan nxp=0.000 mph=0.000 bytes=131072 pkts=131072 shard=0
step=0085850 (run 5850/8000) loss=4.62620 byte_ppl=95.883 atoms=29 merges=0 field=48.0000 rms=3.0000 scale=0.9970 fcos=0.149 ign=0.0000 prn=nan nxp=0.000 mph=0.000 bytes=131072 pkts=131072 shard=0
step=0085875 (run 5875/8000) loss=1.66251 byte_ppl=4.957 atoms=56 merges=0 field=48.0000 rms=3.0000 scale=0.9970 fcos=0.377 ign=0.0000 prn=nan nxp=0.000 mph=0.000 bytes=131072 pkts=131072 shard=0
step=0085900 (run 5900/8000) loss=15.38947 byte_ppl=4529306.379 atoms=14 merges=0 field=48.0000 rms=3.0000 scale=0.9970 fcos=0.540 ign=0.0000 prn=nan nxp=0.000 mph=0.000 bytes=131072 pkts=131072 shard=0
step=0085925 (run 5925/8000) loss=0.01018 byte_ppl=1.001 atoms=41 merges=0 field=48.0000 rms=3.0000 scale=0.9970 fcos=0.177 ign=0.0000 prn=nan nxp=0.000 mph=0.000 bytes=131072 pkts=131072 shard=0
step=0085950 (run 5950/8000) loss=3.16505 byte_ppl=22.238 atoms=69 merges=0 field=48.0000 rms=3.0000 scale=0.9970 fcos=0.170 ign=0.0000 prn=nan nxp=0.000 mph=0.000 bytes=131072 pkts=131072 shard=0
step=0085975 (run 5975/8000) loss=0.06379 byte_ppl=1.002 atoms=25 merges=0 field=48.0000 rms=3.0000 scale=0.9971 fcos=0.401 ign=0.0000 prn=nan nxp=0.000 mph=0.000 bytes=131072 pkts=131072 shard=0
step=0086000 (run 6000/8000) loss=1.79239 byte_ppl=5.638 atoms=53 merges=0 field=48.0000 rms=3.0000 scale=0.9970 fcos=0.135 ign=0.0000 prn=nan nxp=0.000 mph=0.000 bytes=131072 pkts=131072 shard=0
step=0086025 (run 6025/8000) loss=5.17353 byte_ppl=165.953 atoms=10 merges=0 field=48.0000 rms=3.0000 scale=0.9971 fcos=0.360 ign=0.0000 prn=nan nxp=0.000 mph=0.000 bytes=131072 pkts=131072 shard=0
step=0086050 (run 6050/8000) loss=0.36902 byte_ppl=1.445 atoms=38 merges=0 field=48.0000 rms=3.0000 scale=0.9972 fcos=0.395 ign=0.0000 prn=nan nxp=0.000 mph=0.000 bytes=131072 pkts=131072 shard=0
step=0086075 (run 6075/8000) loss=5.40460 byte_ppl=209.099 atoms=65 merges=0 field=48.0000 rms=3.0000 scale=0.9971 fcos=0.252 ign=0.0000 prn=nan nxp=0.000 mph=0.000 bytes=131072 pkts=131072 shard=0
step=0086100 (run 6100/8000) loss=3.38458 byte_ppl=27.702 atoms=22 merges=0 field=48.0000 rms=3.0000 scale=0.9970 fcos=0.305 ign=0.0000 prn=nan nxp=0.000 mph=0.000 bytes=131072 pkts=131072 shard=0
step=0086125 (run 6125/8000) loss=4.63144 byte_ppl=96.473 atoms=49 merges=0 field=48.0000 rms=3.0000 scale=0.9969 fcos=0.339 ign=0.0000 prn=nan nxp=0.000 mph=0.000 bytes=131072 pkts=131072 shard=0
step=0086150 (run 6150/8000) loss=6.87215 byte_ppl=904.732 atoms=7 merges=0 field=48.0000 rms=3.0000 scale=0.9972 fcos=0.197 ign=0.0000 prn=nan nxp=0.000 mph=0.000 bytes=131072 pkts=131072 shard=0
step=0086175 (run 6175/8000) loss=3.01416 byte_ppl=20.332 atoms=34 merges=0 field=48.0000 rms=3.0000 scale=0.9971 fcos=0.103 ign=0.0000 prn=nan nxp=0.000 mph=0.000 bytes=131072 pkts=131072 shard=0
step=0086200 (run 6200/8000) loss=4.90705 byte_ppl=126.588 atoms=62 merges=0 field=48.0000 rms=3.0000 scale=0.9970 fcos=0.441 ign=0.0000 prn=nan nxp=0.000 mph=0.000 bytes=131072 pkts=131072 shard=0
step=0086225 (run 6225/8000) loss=1.68916 byte_ppl=5.068 atoms=19 merges=0 field=48.0000 rms=3.0000 scale=0.9970 fcos=0.576 ign=0.0000 prn=nan nxp=0.000 mph=0.000 bytes=131072 pkts=131072 shard=0
step=0086250 (run 6250/8000) loss=3.54813 byte_ppl=32.634 atoms=47 merges=0 field=48.0000 rms=3.0000 scale=0.9969 fcos=0.379 ign=0.0000 prn=nan nxp=0.000 mph=0.000 bytes=131072 pkts=131072 shard=0
step=0086275 (run 6275/8000) loss=2.51467 byte_ppl=11.621 atoms=3 merges=0 field=48.0000 rms=3.0000 scale=0.9971 fcos=0.381 ign=0.0000 prn=nan nxp=0.000 mph=0.000 bytes=131072 pkts=131072 shard=0
step=0086300 (run 6300/8000) loss=6.02289 byte_ppl=387.581 atoms=31 merges=0 field=48.0000 rms=3.0000 scale=0.9969 fcos=0.242 ign=0.0000 prn=nan nxp=0.000 mph=0.000 bytes=131072 pkts=131072 shard=0
step=0086325 (run 6325/8000) loss=2.24957 byte_ppl=8.915 atoms=58 merges=0 field=48.0000 rms=3.0000 scale=0.9971 fcos=0.133 ign=0.0000 prn=nan nxp=0.000 mph=0.000 bytes=131072 pkts=131072 shard=0
step=0086350 (run 6350/8000) loss=6.23775 byte_ppl=480.368 atoms=16 merges=0 field=48.0000 rms=3.0000 scale=0.9971 fcos=0.505 ign=0.0000 prn=nan nxp=0.000 mph=0.000 bytes=131072 pkts=131072 shard=0
step=0086375 (run 6375/8000) loss=0.65112 byte_ppl=1.801 atoms=43 merges=0 field=48.0000 rms=3.0000 scale=0.9970 fcos=0.254 ign=0.0000 prn=nan nxp=0.000 mph=0.000 bytes=131072 pkts=131072 shard=0
step=0086400 (run 6400/8000) loss=6.71846 byte_ppl=777.800 atoms=71 merges=0 field=48.0000 rms=3.0000 scale=0.9970 fcos=0.371 ign=0.0000 prn=nan nxp=0.000 mph=0.000 bytes=131072 pkts=131072 shard=0
step=0086425 (run 6425/8000) loss=0.45666 byte_ppl=1.484 atoms=27 merges=0 field=48.0000 rms=3.0000 scale=0.9969 fcos=0.373 ign=0.0000 prn=nan nxp=0.000 mph=0.000 bytes=131072 pkts=131072 shard=0
step=0086450 (run 6450/8000) loss=10.44889 byte_ppl=32410.945 atoms=55 merges=0 field=48.0000 rms=3.0000 scale=0.9971 fcos=0.267 ign=0.0000 prn=nan nxp=0.000 mph=0.000 bytes=131072 pkts=131072 shard=0
step=0086475 (run 6475/8000) loss=0.06533 byte_ppl=1.003 atoms=12 merges=0 field=48.0000 rms=3.0000 scale=0.9971 fcos=0.203 ign=0.0000 prn=nan nxp=0.000 mph=0.000 bytes=131072 pkts=131072 shard=0
step=0086500 (run 6500/8000) loss=2.36770 byte_ppl=10.023 atoms=40 merges=0 field=48.0000 rms=3.0000 scale=0.9969 fcos=0.387 ign=0.0000 prn=nan nxp=0.000 mph=0.000 bytes=131072 pkts=131072 shard=0
step=0086525 (run 6525/8000) loss=2.65715 byte_ppl=13.402 atoms=67 merges=0 field=48.0000 rms=3.0000 scale=0.9971 fcos=0.191 ign=0.0000 prn=nan nxp=0.000 mph=0.000 bytes=131072 pkts=131072 shard=0
step=0086550 (run 6550/8000) loss=2.58086 byte_ppl=12.406 atoms=25 merges=0 field=48.0000 rms=3.0000 scale=0.9969 fcos=0.403 ign=0.0000 prn=nan nxp=0.000 mph=0.000 bytes=131072 pkts=131072 shard=0
step=0086575 (run 6575/8000) loss=0.08052 byte_ppl=1.019 atoms=52 merges=0 field=48.0000 rms=3.0000 scale=0.9971 fcos=0.436 ign=0.0000 prn=nan nxp=0.000 mph=0.000 bytes=131072 pkts=131072 shard=0
step=0086600 (run 6600/8000) loss=2.78057 byte_ppl=15.139 atoms=9 merges=0 field=48.0000 rms=3.0000 scale=0.9970 fcos=0.266 ign=0.0000 prn=nan nxp=0.000 mph=0.000 bytes=131072 pkts=131072 shard=0
step=0086625 (run 6625/8000) loss=0.07845 byte_ppl=1.015 atoms=36 merges=0 field=48.0000 rms=3.0000 scale=0.9969 fcos=0.492 ign=0.0000 prn=nan nxp=0.000 mph=0.000 bytes=131072 pkts=131072 shard=0
step=0086650 (run 6650/8000) loss=17.09549 byte_ppl=24925896.640 atoms=64 merges=0 field=48.0000 rms=3.0000 scale=0.9970 fcos=0.525 ign=0.0000 prn=nan nxp=0.000 mph=0.000 bytes=131072 pkts=131072 shard=0
step=0086675 (run 6675/8000) loss=1.07242 byte_ppl=2.748 atoms=21 merges=0 field=48.0000 rms=3.0000 scale=0.9970 fcos=0.327 ign=0.0000 prn=nan nxp=0.000 mph=0.000 bytes=131072 pkts=131072 shard=0
step=0086700 (run 6700/8000) loss=2.33304 byte_ppl=9.677 atoms=49 merges=0 field=48.0000 rms=3.0000 scale=0.9970 fcos=0.383 ign=0.0000 prn=nan nxp=0.000 mph=0.000 bytes=131072 pkts=131072 shard=0
step=0086725 (run 6725/8000) loss=2.11628 byte_ppl=7.801 atoms=5 merges=0 field=48.0000 rms=3.0000 scale=0.9971 fcos=0.391 ign=0.0000 prn=nan nxp=0.000 mph=0.000 bytes=131072 pkts=131072 shard=0
step=0086750 (run 6750/8000) loss=8.64351 byte_ppl=5337.150 atoms=33 merges=0 field=48.0000 rms=3.0000 scale=0.9971 fcos=0.510 ign=0.0000 prn=nan nxp=0.000 mph=0.000 bytes=131072 pkts=131072 shard=0
step=0086775 (run 6775/8000) loss=0.28591 byte_ppl=1.251 atoms=60 merges=0 field=48.0000 rms=3.0000 scale=0.9970 fcos=0.307 ign=0.0000 prn=nan nxp=0.000 mph=0.000 bytes=131072 pkts=131072 shard=0
step=0086800 (run 6800/8000) loss=3.87952 byte_ppl=48.329 atoms=18 merges=0 field=48.0000 rms=3.0000 scale=0.9970 fcos=0.342 ign=0.0000 prn=nan nxp=0.000 mph=0.000 bytes=131072 pkts=131072 shard=0
step=0086825 (run 6825/8000) loss=0.06193 byte_ppl=1.001 atoms=45 merges=0 field=48.0000 rms=3.0000 scale=0.9974 fcos=-0.040 ign=0.0000 prn=nan nxp=0.000 mph=0.000 bytes=131072 pkts=131072 shard=0
step=0086850 (run 6850/8000) loss=12.72569 byte_ppl=316336.635 atoms=3 merges=0 field=48.0000 rms=3.0000 scale=0.9972 fcos=0.481 ign=0.0000 prn=nan nxp=0.000 mph=0.000 bytes=131072 pkts=131072 shard=0
step=0086875 (run 6875/8000) loss=4.14963 byte_ppl=59.500 atoms=30 merges=0 field=48.0000 rms=3.0000 scale=0.9970 fcos=0.536 ign=0.0000 prn=nan nxp=0.000 mph=0.000 bytes=131072 pkts=131072 shard=0
step=0086900 (run 6900/8000) loss=6.53947 byte_ppl=650.278 atoms=58 merges=0 field=48.0000 rms=3.0000 scale=0.9969 fcos=0.234 ign=0.0000 prn=nan nxp=0.000 mph=0.000 bytes=131072 pkts=131072 shard=0
step=0086925 (run 6925/8000) loss=1.94964 byte_ppl=6.576 atoms=14 merges=0 field=48.0000 rms=3.0000 scale=0.9971 fcos=0.428 ign=0.0000 prn=nan nxp=0.000 mph=0.000 bytes=131072 pkts=131072 shard=0
step=0086950 (run 6950/8000) loss=5.90504 byte_ppl=366.289 atoms=42 merges=0 field=48.0000 rms=3.0000 scale=0.9970 fcos=0.509 ign=0.0000 prn=nan nxp=0.000 mph=0.000 bytes=131072 pkts=131072 shard=0
step=0086975 (run 6975/8000) loss=0.06169 byte_ppl=1.001 atoms=69 merges=0 field=48.0000 rms=3.0000 scale=0.9971 fcos=0.540 ign=0.0000 prn=nan nxp=0.000 mph=0.000 bytes=131072 pkts=131072 shard=0
step=0087000 (run 7000/8000) loss=5.33657 byte_ppl=207.216 atoms=27 merges=0 field=48.0000 rms=3.0000 scale=0.9971 fcos=0.167 ign=0.0000 prn=nan nxp=0.000 mph=0.000 bytes=131072 pkts=131072 shard=0
step=0087025 (run 7025/8000) loss=0.11675 byte_ppl=1.055 atoms=54 merges=0 field=48.0000 rms=3.0000 scale=0.9971 fcos=0.536 ign=0.0000 prn=nan nxp=0.000 mph=0.000 bytes=131072 pkts=131072 shard=0
step=0087050 (run 7050/8000) loss=5.13767 byte_ppl=159.973 atoms=11 merges=0 field=48.0000 rms=3.0000 scale=0.9970 fcos=0.436 ign=0.0000 prn=nan nxp=0.000 mph=0.000 bytes=131072 pkts=131072 shard=0
step=0087075 (run 7075/8000) loss=0.06623 byte_ppl=1.006 atoms=38 merges=0 field=48.0000 rms=3.0000 scale=0.9971 fcos=0.392 ign=0.0000 prn=nan nxp=0.000 mph=0.000 bytes=131072 pkts=131072 shard=0
step=0087100 (run 7100/8000) loss=9.19048 byte_ppl=9205.521 atoms=66 merges=0 field=48.0000 rms=3.0000 scale=0.9971 fcos=0.353 ign=0.0000 prn=nan nxp=0.000 mph=0.000 bytes=131072 pkts=131072 shard=0
step=0087125 (run 7125/8000) loss=8.10668 byte_ppl=3118.531 atoms=23 merges=0 field=48.0000 rms=3.0000 scale=0.9970 fcos=0.364 ign=0.0000 prn=nan nxp=0.000 mph=0.000 bytes=131072 pkts=131072 shard=0
step=0087150 (run 7150/8000) loss=2.68287 byte_ppl=13.722 atoms=51 merges=0 field=48.0000 rms=3.0000 scale=0.9971 fcos=0.278 ign=0.0000 prn=nan nxp=0.000 mph=0.000 bytes=131072 pkts=131072 shard=0
step=0087175 (run 7175/8000) loss=0.06283 byte_ppl=1.002 atoms=8 merges=0 field=48.0000 rms=3.0000 scale=0.9972 fcos=0.458 ign=0.0000 prn=nan nxp=0.000 mph=0.000 bytes=131072 pkts=131072 shard=0
step=0087200 (run 7200/8000) loss=6.45004 byte_ppl=593.787 atoms=36 merges=0 field=48.0000 rms=3.0000 scale=0.9970 fcos=0.454 ign=0.0000 prn=nan nxp=0.000 mph=0.000 bytes=131072 pkts=131072 shard=0
step=0087225 (run 7225/8000) loss=0.30716 byte_ppl=1.273 atoms=63 merges=0 field=48.0000 rms=3.0000 scale=0.9972 fcos=0.416 ign=0.0000 prn=nan nxp=0.000 mph=0.000 bytes=131072 pkts=131072 shard=0
step=0087250 (run 7250/8000) loss=8.95774 byte_ppl=7270.245 atoms=20 merges=0 field=48.0000 rms=3.0000 scale=0.9972 fcos=0.445 ign=0.0000 prn=nan nxp=0.000 mph=0.000 bytes=131072 pkts=131072 shard=0
step=0087275 (run 7275/8000) loss=0.00385 byte_ppl=1.002 atoms=47 merges=0 field=48.0000 rms=3.0000 scale=0.9972 fcos=0.229 ign=0.0000 prn=nan nxp=0.000 mph=0.000 bytes=131072 pkts=131072 shard=0
step=0087300 (run 7300/8000) loss=4.23339 byte_ppl=64.809 atoms=5 merges=0 field=48.0000 rms=3.0000 scale=0.9971 fcos=0.319 ign=0.0000 prn=nan nxp=0.000 mph=0.000 bytes=131072 pkts=131072 shard=0
step=0087325 (run 7325/8000) loss=4.25711 byte_ppl=66.436 atoms=32 merges=0 field=48.0000 rms=3.0000 scale=0.9972 fcos=0.519 ign=0.0000 prn=nan nxp=0.000 mph=0.000 bytes=131072 pkts=131072 shard=0
step=0087350 (run 7350/8000) loss=6.61914 byte_ppl=703.495 atoms=60 merges=0 field=48.0000 rms=3.0000 scale=0.9971 fcos=0.292 ign=0.0000 prn=nan nxp=0.000 mph=0.000 bytes=131072 pkts=131072 shard=0
step=0087375 (run 7375/8000) loss=0.06845 byte_ppl=1.005 atoms=16 merges=0 field=48.0000 rms=3.0000 scale=0.9973 fcos=0.354 ign=0.0000 prn=nan nxp=0.000 mph=0.000 bytes=131072 pkts=131072 shard=0
step=0087400 (run 7400/8000) loss=3.01410 byte_ppl=20.310 atoms=44 merges=0 field=48.0000 rms=3.0000 scale=0.9971 fcos=0.334 ign=0.0000 prn=nan nxp=0.000 mph=0.000 bytes=131072 pkts=131072 shard=0
step=0087425 (run 7425/8000) loss=0.06330 byte_ppl=1.001 atoms=1 merges=0 field=48.0000 rms=3.0000 scale=0.9972 fcos=0.237 ign=0.0000 prn=nan nxp=0.000 mph=0.000 bytes=131072 pkts=131072 shard=0
step=0087450 (run 7450/8000) loss=5.43371 byte_ppl=215.192 atoms=29 merges=0 field=48.0000 rms=3.0000 scale=0.9970 fcos=0.327 ign=0.0000 prn=nan nxp=0.000 mph=0.000 bytes=131072 pkts=131072 shard=0
step=0087475 (run 7475/8000) loss=0.06274 byte_ppl=1.002 atoms=56 merges=0 field=48.0000 rms=3.0000 scale=0.9973 fcos=0.194 ign=0.0000 prn=nan nxp=0.000 mph=0.000 bytes=131072 pkts=131072 shard=0
step=0087500 (run 7500/8000) loss=4.16906 byte_ppl=64.346 atoms=14 merges=0 field=48.0000 rms=3.0000 scale=0.9970 fcos=0.474 ign=0.0000 prn=nan nxp=0.000 mph=0.000 bytes=131072 pkts=131072 shard=0
step=0087525 (run 7525/8000) loss=0.07924 byte_ppl=1.017 atoms=41 merges=0 field=48.0000 rms=3.0000 scale=0.9971 fcos=0.342 ign=0.0000 prn=nan nxp=0.000 mph=0.000 bytes=131072 pkts=131072 shard=0
step=0087550 (run 7550/8000) loss=3.80552 byte_ppl=42.125 atoms=69 merges=0 field=48.0000 rms=3.0000 scale=0.9970 fcos=0.452 ign=0.0000 prn=nan nxp=0.000 mph=0.000 bytes=131072 pkts=131072 shard=0
step=0087575 (run 7575/8000) loss=6.10544 byte_ppl=421.595 atoms=25 merges=0 field=48.0000 rms=3.0000 scale=0.9971 fcos=0.454 ign=0.0000 prn=nan nxp=0.000 mph=0.000 bytes=131072 pkts=131072 shard=0
step=0087600 (run 7600/8000) loss=10.10605 byte_ppl=22921.425 atoms=53 merges=0 field=48.0000 rms=3.0000 scale=0.9973 fcos=0.437 ign=0.0000 prn=nan nxp=0.000 mph=0.000 bytes=131072 pkts=131072 shard=0
step=0087625 (run 7625/8000) loss=0.07480 byte_ppl=1.014 atoms=10 merges=0 field=48.0000 rms=3.0000 scale=0.9971 fcos=0.488 ign=0.0000 prn=nan nxp=0.000 mph=0.000 bytes=131072 pkts=131072 shard=0
step=0087650 (run 7650/8000) loss=3.10150 byte_ppl=20.890 atoms=38 merges=0 field=48.0000 rms=3.0000 scale=0.9971 fcos=0.354 ign=0.0000 prn=nan nxp=0.000 mph=0.000 bytes=131072 pkts=131072 shard=0
step=0087675 (run 7675/8000) loss=0.09845 byte_ppl=1.037 atoms=65 merges=0 field=48.0000 rms=3.0000 scale=0.9969 fcos=0.332 ign=0.0000 prn=nan nxp=0.000 mph=0.000 bytes=131072 pkts=131072 shard=0
step=0087700 (run 7700/8000) loss=8.01832 byte_ppl=2855.490 atoms=22 merges=0 field=48.0000 rms=3.0000 scale=0.9972 fcos=0.525 ign=0.0000 prn=nan nxp=0.000 mph=0.000 bytes=131072 pkts=131072 shard=0
step=0087725 (run 7725/8000) loss=0.33091 byte_ppl=1.308 atoms=49 merges=0 field=48.0000 rms=3.0000 scale=0.9970 fcos=0.241 ign=0.0000 prn=nan nxp=0.000 mph=0.000 bytes=131072 pkts=131072 shard=0
step=0087750 (run 7750/8000) loss=11.32266 byte_ppl=77672.591 atoms=7 merges=0 field=48.0000 rms=3.0000 scale=0.9970 fcos=0.243 ign=0.0000 prn=nan nxp=0.000 mph=0.000 bytes=131072 pkts=131072 shard=0
step=0087775 (run 7775/8000) loss=0.07872 byte_ppl=1.017 atoms=34 merges=0 field=48.0000 rms=3.0000 scale=0.9971 fcos=0.259 ign=0.0000 prn=nan nxp=0.000 mph=0.000 bytes=131072 pkts=131072 shard=0
step=0087800 (run 7800/8000) loss=3.10802 byte_ppl=21.001 atoms=62 merges=0 field=48.0000 rms=3.0000 scale=0.9971 fcos=0.120 ign=0.0000 prn=nan nxp=0.000 mph=0.000 bytes=131072 pkts=131072 shard=0
step=0087825 (run 7825/8000) loss=6.44107 byte_ppl=589.364 atoms=19 merges=0 field=48.0000 rms=3.0000 scale=0.9971 fcos=0.445 ign=0.0000 prn=nan nxp=0.000 mph=0.000 bytes=131072 pkts=131072 shard=0
step=0087850 (run 7850/8000) loss=12.38236 byte_ppl=224456.000 atoms=47 merges=0 field=48.0000 rms=3.0000 scale=0.9972 fcos=0.539 ign=0.0000 prn=nan nxp=0.000 mph=0.000 bytes=131072 pkts=131072 shard=0
step=0087875 (run 7875/8000) loss=0.16291 byte_ppl=1.103 atoms=3 merges=0 field=48.0000 rms=3.0000 scale=0.9971 fcos=0.201 ign=0.0000 prn=nan nxp=0.000 mph=0.000 bytes=131072 pkts=131072 shard=0
step=0087900 (run 7900/8000) loss=11.21227 byte_ppl=69631.370 atoms=31 merges=0 field=48.0000 rms=3.0000 scale=0.9972 fcos=0.477 ign=0.0000 prn=nan nxp=0.000 mph=0.000 bytes=131072 pkts=131072 shard=0
step=0087925 (run 7925/8000) loss=0.06251 byte_ppl=1.000 atoms=58 merges=0 field=48.0000 rms=3.0000 scale=0.9972 fcos=0.185 ign=0.0000 prn=nan nxp=0.000 mph=0.000 bytes=131072 pkts=131072 shard=0
step=0087950 (run 7950/8000) loss=10.66854 byte_ppl=40397.976 atoms=16 merges=0 field=48.0000 rms=3.0000 scale=0.9973 fcos=-0.083 ign=0.0000 prn=nan nxp=0.000 mph=0.000 bytes=131072 pkts=131072 shard=0
step=0087975 (run 7975/8000) loss=1.60962 byte_ppl=4.703 atoms=43 merges=0 field=48.0000 rms=3.0000 scale=0.9970 fcos=0.292 ign=0.0000 prn=nan nxp=0.000 mph=0.000 bytes=131072 pkts=131072 shard=0
step=0088000 (run 8000/8000) loss=2.59669 byte_ppl=12.590 atoms=71 merges=0 field=48.0000 rms=3.0000 scale=0.9971 fcos=0.191 ign=0.0000 prn=nan nxp=0.000 mph=0.000 bytes=131072 pkts=131072 shard=0
{
  "stream": true,
  "data_path": "data/corpus_fr_medium.txt",
  "data_glob": null,
  "shard_paths": [
    "/home/user/atom-ai/data/corpus_fr_medium.txt"
  ],
  "data_bytes": 500196,
  "data_characters": null,
  "atomizer_version": "atomizer-v1-byte-span",
  "feature_dim": 320,
  "packet_count": null,
  "train_packet_count": null,
  "validation_packet_count": 2048,
  "mean_packet_bytes": null,
  "max_packet_bytes": null,
  "min_packet_bytes": null,
  "bytes_seen": 131072,
  "config": {
    "d_model": 16,
    "n_modes": 16,
    "n_atoms_max": 64,
    "max_span_bytes": 1,
    "episode_length": 256,
    "episode_reset": false,
    "atom_flush_every": 64,
    "learning_rate": 5e-05,
    "surface_learning_rate": 0.00012,
    "steps": 8000,
    "start_step": 80000,
    "seed": 20260913,
    "surface_alphabet": 256,
    "field_max_rms": 3.0,
    "energy_decay_bounds": [
      0.3,
      0.95
    ],
    "stream": true,
    "chunk_bytes": 65536,
    "loop_shards": true,
    "stream_buffer": 2048,
    "stream_prefetch": true,
    "stream_skip_packets": 80000,
    "last_atom_readout": true,
    "efference_every": 10,
    "enable_merge": false,
    "payload_copy": false,
    "merge_coherence_threshold": 0.45,
    "merge_energy_floor": 0.08,
    "field_loss_weight": 0.05,
    "field_contrast_weight": 0.0,
    "field_ignorance_weight": 0.08,
    "field_ignorance_ablate_shared": false,
    "field_ignorance_prompt_bank": false,
    "field_obligatory_readout": true,
    "field_obligatory_hard": true,
    "printable_aux_weight": 0.0,
    "field_next_packet_weight": 0.0,
    "slow_every": 1
  },
  "packets_seen": 131072,
  "stream_epoch": 0,
  "train": {
    "steps": 8000,
    "efference_every": 10,
    "efference_steps": 800,
    "start_step": 80000,
    "total_steps": 88000,
    "episode_length": 256,
    "episode_reset": false,
    "atom_flush_every": 64,
    "elapsed_seconds": 164.3567350909998,
    "transitions_per_second": 48.67461011299975,
    "first_loss": 4.009513854980469,
    "final_loss": 2.5966949462890625,
    "final_total_perplexity": 13.419313111464401,
    "finite_losses": true,
    "finite_parameters": true,
    "nan_or_inf": false,
    "field_rms_before_max": 3.009647846221924,
    "field_rms_after_max": 2.999999523162842,
    "field_scale_min": 0.9967940449714661,
    "field_norm_max": 47.9999885559082,
    "field_limited_steps": 7149,
    "field_limited_fraction": 0.893625,
    "final_dynamics": {
      "coupling_scale": 0.952509343624115,
      "energy_decay": 0.8340122699737549,
      "phase_sync": 0.4622139632701874,
      "energy_decay_before": 0.8340122699737549,
      "energy_decay_repaired": false,
      "energy_decay_bounds": [
        0.3,
        0.95
      ]
    },
    "final_atoms_before_validation": 58,
    "stream": true,
    "bytes_seen": 131072
  },
  "validation": {
    "transitions": 256,
    "loss": 1.5814028117347334,
    "total_perplexity": 4.861771179442644,
    "byte_loss": 1.5097555363312836,
    "byte_perplexity": 4.525624308350302,
    "source": "stream_ring"
  },
  "checkpoint": "checkpoints/byte_tick/atom_native_step_88000_noctr.pt",
  "reload": {
    "n_atoms": 0,
    "field_norm": 47.9999885559082,
    "time": 88.0003890991211,
    "finite": true
  },
  "generation": {
    "The future of AI is": {
      "temperature": 0.8,
      "top_k": 5,
      "max_length": 20,
      "bytes_hex": "dddd657bdda1a1dd",
      "text": "\ufffd\ufffde{\u0761\ufffd\ufffd",
      "reload_text": "\ufffd\ufffde{\u0761\ufffd\ufffd",
      "reload_match": true
    },
    "Bonjour, je m'appelle": {
      "temperature": 0.8,
      "top_k": 5,
      "max_length": 20,
      "bytes_hex": "992a206427616363",
      "text": "\ufffd* d'acc",
      "reload_text": "\ufffd* d'acc",
      "reload_match": true
    },
    "Valkyria Chronicles III is": {
      "temperature": 0.8,
      "top_k": 5,
      "max_length": 20,
      "bytes_hex": "ad99daad3899daae",
      "text": "\ufffd\ufffd\u06ad8\ufffd\u06ae",
      "reload_text": "\ufffd\ufffd\u06ad8\ufffd\u06ae",
      "reload_match": true
    }
  }
}
