train lock acquired: /home/user/atom-ai/checkpoints/atom-ai-train.lock (pid=1517)
stream skip: advancing 40000 packet transitions...
stream skip done: packets_seen=65536
resumed weights from checkpoints/byte_tick/atom_native_step_536000_d32_ms1M.pt (recorded step=536000, legacy_surface_migrated=False, span_head_migrated=False)
atomizer pack_mode=linguistic max_span_bytes=1
dynamics on load: energy_decay=0.3019718825817108 -> 0.3019718825817108 (repaired=False, bounds=(0.3, 0.95))
MERGE gates: enable=False coherence_thr=0.450 energy_floor=0.080
field_obligatory_hard=ON hard-v2+ (mix_floor=1.0, freeze bypass, logits=frozen+cap*(α_MLP+payload_prod))
payload_copy=False (train-time copy-bias branch)
last_atom_readout=True (byte-tick 2-gram + dentate)
efference_every=10 (0=off)
optimizer groups: field/other lr=5e-05 (13 tensors), surface lr=0.00012 (25 tensors); energy_decay_bounds=(0.3, 0.95); field_max_rms=3.0
stream mode: 2 shard(s), chunk_bytes=65536, loop_shards=True, stream_buffer=2048, stream_prefetch=True
optimizer restore skipped: surface LR param groups differ from checkpoint
step=0536001 (run 1/8000) loss=0.09400 byte_ppl=1.099 atoms=1 merges=0 field=0.0455 rms=0.0017 scale=1.0000 fcos=nan ign=0.0000 prn=nan nxp=0.000 mph=0.000 bytes=65536 pkts=65536 shard=0
step=0536025 (run 25/8000) loss=0.00421 byte_ppl=1.004 atoms=27 merges=0 field=0.6597 rms=0.0206 scale=1.0000 fcos=nan ign=0.0000 prn=nan nxp=0.000 mph=0.000 bytes=65536 pkts=65536 shard=0
step=0536050 (run 50/8000) loss=5.62623 byte_ppl=277.613 atoms=55 merges=0 field=1.0775 rms=0.0337 scale=1.0000 fcos=nan ign=0.0000 prn=nan nxp=0.000 mph=0.000 bytes=65536 pkts=65536 shard=0
step=0536075 (run 75/8000) loss=0.00505 byte_ppl=1.005 atoms=12 merges=0 field=1.4120 rms=0.0441 scale=1.0000 fcos=nan ign=0.0000 prn=nan nxp=0.000 mph=0.000 bytes=65536 pkts=65536 shard=0
step=0536100 (run 100/8000) loss=9.74433 byte_ppl=17057.230 atoms=40 merges=0 field=1.7687 rms=0.0553 scale=1.0000 fcos=nan ign=0.0000 prn=nan nxp=0.000 mph=0.000 bytes=65536 pkts=65536 shard=0
step=0536125 (run 125/8000) loss=0.00205 byte_ppl=1.002 atoms=67 merges=0 field=1.9855 rms=0.0621 scale=1.0000 fcos=nan ign=0.0000 prn=nan nxp=0.000 mph=0.000 bytes=65536 pkts=65536 shard=0
step=0536150 (run 150/8000) loss=0.00969 byte_ppl=1.010 atoms=25 merges=0 field=2.2224 rms=0.0695 scale=1.0000 fcos=nan ign=0.0000 prn=nan nxp=0.000 mph=0.000 bytes=65536 pkts=65536 shard=0
step=0536175 (run 175/8000) loss=0.08780 byte_ppl=1.092 atoms=52 merges=0 field=2.4982 rms=0.0781 scale=1.0000 fcos=nan ign=0.0000 prn=nan nxp=0.000 mph=0.000 bytes=65536 pkts=65536 shard=0
step=0536200 (run 200/8000) loss=9.90993 byte_ppl=20129.365 atoms=9 merges=0 field=2.6695 rms=0.0834 scale=1.0000 fcos=nan ign=0.0000 prn=nan nxp=0.000 mph=0.000 bytes=65536 pkts=65536 shard=0
step=0536225 (run 225/8000) loss=0.01134 byte_ppl=1.011 atoms=36 merges=0 field=2.9003 rms=0.0906 scale=1.0000 fcos=nan ign=0.0000 prn=nan nxp=0.000 mph=0.000 bytes=65536 pkts=65536 shard=0
step=0536250 (run 250/8000) loss=0.00444 byte_ppl=1.004 atoms=64 merges=0 field=3.1610 rms=0.0988 scale=1.0000 fcos=nan ign=0.0000 prn=nan nxp=0.000 mph=0.000 bytes=65536 pkts=65536 shard=0
step=0536275 (run 275/8000) loss=0.28372 byte_ppl=1.328 atoms=21 merges=0 field=3.4124 rms=0.1066 scale=1.0000 fcos=nan ign=0.0000 prn=nan nxp=0.000 mph=0.000 bytes=65536 pkts=65536 shard=0
step=0536300 (run 300/8000) loss=0.52806 byte_ppl=1.696 atoms=49 merges=0 field=3.5692 rms=0.1115 scale=1.0000 fcos=nan ign=0.0000 prn=nan nxp=0.000 mph=0.000 bytes=65536 pkts=65536 shard=0
step=0536325 (run 325/8000) loss=6.09125 byte_ppl=441.975 atoms=5 merges=0 field=3.7911 rms=0.1185 scale=1.0000 fcos=nan ign=0.0000 prn=nan nxp=0.000 mph=0.000 bytes=65536 pkts=65536 shard=0
step=0536350 (run 350/8000) loss=8.16488 byte_ppl=3515.299 atoms=33 merges=0 field=3.9589 rms=0.1237 scale=1.0000 fcos=nan ign=0.0000 prn=nan nxp=0.000 mph=0.000 bytes=65536 pkts=65536 shard=0
step=0536375 (run 375/8000) loss=0.00055 byte_ppl=1.001 atoms=60 merges=0 field=4.1300 rms=0.1291 scale=1.0000 fcos=nan ign=0.0000 prn=nan nxp=0.000 mph=0.000 bytes=65536 pkts=65536 shard=0
step=0536400 (run 400/8000) loss=0.34477 byte_ppl=1.412 atoms=18 merges=0 field=4.2776 rms=0.1337 scale=1.0000 fcos=nan ign=0.0000 prn=nan nxp=0.000 mph=0.000 bytes=65536 pkts=65536 shard=0
step=0536425 (run 425/8000) loss=0.01017 byte_ppl=1.010 atoms=45 merges=0 field=4.4371 rms=0.1387 scale=1.0000 fcos=nan ign=0.0000 prn=nan nxp=0.000 mph=0.000 bytes=65536 pkts=65536 shard=0
step=0536450 (run 450/8000) loss=1.02222 byte_ppl=2.779 atoms=3 merges=0 field=4.6014 rms=0.1438 scale=1.0000 fcos=nan ign=0.0000 prn=nan nxp=0.000 mph=0.000 bytes=65536 pkts=65536 shard=0
step=0536475 (run 475/8000) loss=0.00093 byte_ppl=1.001 atoms=30 merges=0 field=4.7374 rms=0.1480 scale=1.0000 fcos=nan ign=0.0000 prn=nan nxp=0.000 mph=0.000 bytes=65536 pkts=65536 shard=0
step=0536500 (run 500/8000) loss=12.14678 byte_ppl=188485.290 atoms=58 merges=0 field=4.8615 rms=0.1519 scale=1.0000 fcos=nan ign=0.0000 prn=nan nxp=0.000 mph=0.000 bytes=65536 pkts=65536 shard=0
step=0536525 (run 525/8000) loss=3.92422 byte_ppl=50.614 atoms=14 merges=0 field=5.0510 rms=0.1578 scale=1.0000 fcos=nan ign=0.0000 prn=nan nxp=0.000 mph=0.000 bytes=65536 pkts=65536 shard=0
step=0536550 (run 550/8000) loss=0.83351 byte_ppl=2.301 atoms=42 merges=0 field=5.1509 rms=0.1610 scale=1.0000 fcos=nan ign=0.0000 prn=nan nxp=0.000 mph=0.000 bytes=65536 pkts=65536 shard=0
step=0536575 (run 575/8000) loss=0.00595 byte_ppl=1.006 atoms=69 merges=0 field=5.2543 rms=0.1642 scale=1.0000 fcos=nan ign=0.0000 prn=nan nxp=0.000 mph=0.000 bytes=65536 pkts=65536 shard=0
step=0536600 (run 600/8000) loss=0.00186 byte_ppl=1.002 atoms=27 merges=0 field=5.3628 rms=0.1676 scale=1.0000 fcos=nan ign=0.0000 prn=nan nxp=0.000 mph=0.000 bytes=65536 pkts=65536 shard=0
step=0536625 (run 625/8000) loss=0.08859 byte_ppl=1.093 atoms=54 merges=0 field=5.4758 rms=0.1711 scale=1.0000 fcos=nan ign=0.0000 prn=nan nxp=0.000 mph=0.000 bytes=65536 pkts=65536 shard=0
step=0536650 (run 650/8000) loss=8.56946 byte_ppl=5268.294 atoms=11 merges=0 field=5.5690 rms=0.1740 scale=1.0000 fcos=nan ign=0.0000 prn=nan nxp=0.000 mph=0.000 bytes=65536 pkts=65536 shard=0
step=0536675 (run 675/8000) loss=6.86218 byte_ppl=955.443 atoms=38 merges=0 field=5.7180 rms=0.1787 scale=1.0000 fcos=nan ign=0.0000 prn=nan nxp=0.000 mph=0.000 bytes=65536 pkts=65536 shard=0
step=0536700 (run 700/8000) loss=0.60054 byte_ppl=1.823 atoms=66 merges=0 field=5.8226 rms=0.1820 scale=1.0000 fcos=nan ign=0.0000 prn=nan nxp=0.000 mph=0.000 bytes=65536 pkts=65536 shard=0
step=0536725 (run 725/8000) loss=0.76232 byte_ppl=2.143 atoms=23 merges=0 field=5.9727 rms=0.1866 scale=1.0000 fcos=nan ign=0.0000 prn=nan nxp=0.000 mph=0.000 bytes=65536 pkts=65536 shard=0
step=0536750 (run 750/8000) loss=6.93769 byte_ppl=1030.390 atoms=51 merges=0 field=6.1233 rms=0.1914 scale=1.0000 fcos=nan ign=0.0000 prn=nan nxp=0.000 mph=0.000 bytes=65536 pkts=65536 shard=0
step=0536775 (run 775/8000) loss=3.75307 byte_ppl=42.652 atoms=8 merges=0 field=6.2064 rms=0.1940 scale=1.0000 fcos=nan ign=0.0000 prn=nan nxp=0.000 mph=0.000 bytes=65536 pkts=65536 shard=0
step=0536800 (run 800/8000) loss=2.04823 byte_ppl=7.754 atoms=36 merges=0 field=6.3285 rms=0.1978 scale=1.0000 fcos=nan ign=0.0000 prn=nan nxp=0.000 mph=0.000 bytes=65536 pkts=65536 shard=0
step=0536825 (run 825/8000) loss=0.00109 byte_ppl=1.001 atoms=63 merges=0 field=6.4562 rms=0.2018 scale=1.0000 fcos=nan ign=0.0000 prn=nan nxp=0.000 mph=0.000 bytes=65536 pkts=65536 shard=0
step=0536850 (run 850/8000) loss=0.02456 byte_ppl=1.025 atoms=20 merges=0 field=6.5182 rms=0.2037 scale=1.0000 fcos=nan ign=0.0000 prn=nan nxp=0.000 mph=0.000 bytes=65536 pkts=65536 shard=0
step=0536875 (run 875/8000) loss=0.00567 byte_ppl=1.006 atoms=47 merges=0 field=6.5805 rms=0.2056 scale=1.0000 fcos=nan ign=0.0000 prn=nan nxp=0.000 mph=0.000 bytes=65536 pkts=65536 shard=0
step=0536900 (run 900/8000) loss=5.47485 byte_ppl=238.616 atoms=5 merges=0 field=6.6413 rms=0.2075 scale=1.0000 fcos=nan ign=0.0000 prn=nan nxp=0.000 mph=0.000 bytes=65536 pkts=65536 shard=0
step=0536925 (run 925/8000) loss=0.00003 byte_ppl=1.000 atoms=32 merges=0 field=6.7221 rms=0.2101 scale=1.0000 fcos=nan ign=0.0000 prn=nan nxp=0.000 mph=0.000 bytes=65536 pkts=65536 shard=0
step=0536950 (run 950/8000) loss=4.05895 byte_ppl=57.914 atoms=60 merges=0 field=6.7920 rms=0.2123 scale=1.0000 fcos=nan ign=0.0000 prn=nan nxp=0.000 mph=0.000 bytes=65536 pkts=65536 shard=0
step=0536975 (run 975/8000) loss=0.00183 byte_ppl=1.002 atoms=16 merges=0 field=6.8597 rms=0.2144 scale=1.0000 fcos=nan ign=0.0000 prn=nan nxp=0.000 mph=0.000 bytes=65536 pkts=65536 shard=0
step=0537000 (run 1000/8000) loss=7.91972 byte_ppl=2751.006 atoms=44 merges=0 field=6.9057 rms=0.2158 scale=1.0000 fcos=nan ign=0.0000 prn=nan nxp=0.000 mph=0.000 bytes=65536 pkts=65536 shard=0
step=0537025 (run 1025/8000) loss=5.85399 byte_ppl=348.623 atoms=1 merges=0 field=6.9944 rms=0.2186 scale=1.0000 fcos=nan ign=0.0000 prn=nan nxp=0.000 mph=0.000 bytes=65536 pkts=65536 shard=0
step=0537050 (run 1050/8000) loss=10.08692 byte_ppl=24026.579 atoms=29 merges=0 field=7.0695 rms=0.2209 scale=1.0000 fcos=nan ign=0.0000 prn=nan nxp=0.000 mph=0.000 bytes=65536 pkts=65536 shard=0
step=0537075 (run 1075/8000) loss=0.00635 byte_ppl=1.006 atoms=56 merges=0 field=7.1101 rms=0.2222 scale=1.0000 fcos=nan ign=0.0000 prn=nan nxp=0.000 mph=0.000 bytes=65536 pkts=65536 shard=0
step=0537100 (run 1100/8000) loss=11.29469 byte_ppl=80393.546 atoms=14 merges=0 field=7.2357 rms=0.2261 scale=1.0000 fcos=nan ign=0.0000 prn=nan nxp=0.000 mph=0.000 bytes=65536 pkts=65536 shard=0
step=0537125 (run 1125/8000) loss=0.00878 byte_ppl=1.009 atoms=41 merges=0 field=7.2396 rms=0.2262 scale=1.0000 fcos=nan ign=0.0000 prn=nan nxp=0.000 mph=0.000 bytes=65536 pkts=65536 shard=0
step=0537150 (run 1150/8000) loss=3.03702 byte_ppl=20.843 atoms=69 merges=0 field=7.2744 rms=0.2273 scale=1.0000 fcos=nan ign=0.0000 prn=nan nxp=0.000 mph=0.000 bytes=65536 pkts=65536 shard=0
step=0537175 (run 1175/8000) loss=0.00103 byte_ppl=1.001 atoms=25 merges=0 field=7.3501 rms=0.2297 scale=1.0000 fcos=nan ign=0.0000 prn=nan nxp=0.000 mph=0.000 bytes=65536 pkts=65536 shard=0
step=0537200 (run 1200/8000) loss=0.02372 byte_ppl=1.024 atoms=53 merges=0 field=7.3446 rms=0.2295 scale=1.0000 fcos=nan ign=0.0000 prn=nan nxp=0.000 mph=0.000 bytes=65536 pkts=65536 shard=0
step=0537225 (run 1225/8000) loss=8.04526 byte_ppl=3118.971 atoms=10 merges=0 field=7.3959 rms=0.2311 scale=1.0000 fcos=nan ign=0.0000 prn=nan nxp=0.000 mph=0.000 bytes=65536 pkts=65536 shard=0
step=0537250 (run 1250/8000) loss=0.13646 byte_ppl=1.146 atoms=38 merges=0 field=7.4421 rms=0.2326 scale=1.0000 fcos=nan ign=0.0000 prn=nan nxp=0.000 mph=0.000 bytes=65536 pkts=65536 shard=0
step=0537275 (run 1275/8000) loss=0.00059 byte_ppl=1.001 atoms=65 merges=0 field=7.5160 rms=0.2349 scale=1.0000 fcos=nan ign=0.0000 prn=nan nxp=0.000 mph=0.000 bytes=65536 pkts=65536 shard=0
step=0537300 (run 1300/8000) loss=3.40260 byte_ppl=30.042 atoms=22 merges=0 field=7.5781 rms=0.2368 scale=1.0000 fcos=nan ign=0.0000 prn=nan nxp=0.000 mph=0.000 bytes=65536 pkts=65536 shard=0
step=0537325 (run 1325/8000) loss=0.04165 byte_ppl=1.043 atoms=49 merges=0 field=7.6082 rms=0.2378 scale=1.0000 fcos=nan ign=0.0000 prn=nan nxp=0.000 mph=0.000 bytes=65536 pkts=65536 shard=0
step=0537350 (run 1350/8000) loss=0.89080 byte_ppl=2.437 atoms=7 merges=0 field=7.6866 rms=0.2402 scale=1.0000 fcos=nan ign=0.0000 prn=nan nxp=0.000 mph=0.000 bytes=65536 pkts=65536 shard=0
step=0537375 (run 1375/8000) loss=0.00156 byte_ppl=1.002 atoms=34 merges=0 field=7.6692 rms=0.2397 scale=1.0000 fcos=nan ign=0.0000 prn=nan nxp=0.000 mph=0.000 bytes=65536 pkts=65536 shard=0
step=0537400 (run 1400/8000) loss=6.87694 byte_ppl=969.657 atoms=62 merges=0 field=7.6648 rms=0.2395 scale=1.0000 fcos=nan ign=0.0000 prn=nan nxp=0.000 mph=0.000 bytes=65536 pkts=65536 shard=0
step=0537425 (run 1425/8000) loss=1.04251 byte_ppl=2.836 atoms=19 merges=0 field=7.7168 rms=0.2412 scale=1.0000 fcos=nan ign=0.0000 prn=nan nxp=0.000 mph=0.000 bytes=65536 pkts=65536 shard=0
step=0537450 (run 1450/8000) loss=6.01446 byte_ppl=409.305 atoms=47 merges=0 field=7.7665 rms=0.2427 scale=1.0000 fcos=nan ign=0.0000 prn=nan nxp=0.000 mph=0.000 bytes=65536 pkts=65536 shard=0
step=0537475 (run 1475/8000) loss=0.92801 byte_ppl=2.529 atoms=3 merges=0 field=7.8053 rms=0.2439 scale=1.0000 fcos=nan ign=0.0000 prn=nan nxp=0.000 mph=0.000 bytes=65536 pkts=65536 shard=0
step=0537500 (run 1500/8000) loss=0.31701 byte_ppl=1.373 atoms=31 merges=0 field=7.8545 rms=0.2455 scale=1.0000 fcos=nan ign=0.0000 prn=nan nxp=0.000 mph=0.000 bytes=65536 pkts=65536 shard=0
step=0537525 (run 1525/8000) loss=0.00047 byte_ppl=1.000 atoms=58 merges=0 field=7.8743 rms=0.2461 scale=1.0000 fcos=nan ign=0.0000 prn=nan nxp=0.000 mph=0.000 bytes=65536 pkts=65536 shard=0
step=0537550 (run 1550/8000) loss=0.13149 byte_ppl=1.141 atoms=16 merges=0 field=7.8843 rms=0.2464 scale=1.0000 fcos=nan ign=0.0000 prn=nan nxp=0.000 mph=0.000 bytes=65536 pkts=65536 shard=0
step=0537575 (run 1575/8000) loss=0.48037 byte_ppl=1.617 atoms=43 merges=0 field=7.9362 rms=0.2480 scale=1.0000 fcos=nan ign=0.0000 prn=nan nxp=0.000 mph=0.000 bytes=65536 pkts=65536 shard=0
step=0537600 (run 1600/8000) loss=0.02508 byte_ppl=1.025 atoms=71 merges=0 field=7.9195 rms=0.2475 scale=1.0000 fcos=nan ign=0.0000 prn=nan nxp=0.000 mph=0.000 bytes=65536 pkts=65536 shard=0
step=0537625 (run 1625/8000) loss=1.76547 byte_ppl=5.844 atoms=27 merges=0 field=7.9586 rms=0.2487 scale=1.0000 fcos=nan ign=0.0000 prn=nan nxp=0.000 mph=0.000 bytes=65536 pkts=65536 shard=0
step=0537650 (run 1650/8000) loss=9.26389 byte_ppl=10550.116 atoms=55 merges=0 field=7.9722 rms=0.2491 scale=1.0000 fcos=nan ign=0.0000 prn=nan nxp=0.000 mph=0.000 bytes=65536 pkts=65536 shard=0
step=0537675 (run 1675/8000) loss=0.03002 byte_ppl=1.030 atoms=12 merges=0 field=8.0545 rms=0.2517 scale=1.0000 fcos=nan ign=0.0000 prn=nan nxp=0.000 mph=0.000 bytes=65536 pkts=65536 shard=0
step=0537700 (run 1700/8000) loss=7.96091 byte_ppl=2866.677 atoms=40 merges=0 field=8.0109 rms=0.2503 scale=1.0000 fcos=nan ign=0.0000 prn=nan nxp=0.000 mph=0.000 bytes=65536 pkts=65536 shard=0
step=0537725 (run 1725/8000) loss=0.00121 byte_ppl=1.001 atoms=67 merges=0 field=8.0382 rms=0.2512 scale=1.0000 fcos=nan ign=0.0000 prn=nan nxp=0.000 mph=0.000 bytes=65536 pkts=65536 shard=0
step=0537750 (run 1750/8000) loss=6.80923 byte_ppl=906.171 atoms=25 merges=0 field=8.0049 rms=0.2502 scale=1.0000 fcos=nan ign=0.0000 prn=nan nxp=0.000 mph=0.000 bytes=65536 pkts=65536 shard=0
step=0537775 (run 1775/8000) loss=0.05402 byte_ppl=1.056 atoms=52 merges=0 field=8.0273 rms=0.2509 scale=1.0000 fcos=nan ign=0.0000 prn=nan nxp=0.000 mph=0.000 bytes=65536 pkts=65536 shard=0
step=0537800 (run 1800/8000) loss=8.57186 byte_ppl=5280.955 atoms=9 merges=0 field=8.0614 rms=0.2519 scale=1.0000 fcos=nan ign=0.0000 prn=nan nxp=0.000 mph=0.000 bytes=65536 pkts=65536 shard=0
step=0537825 (run 1825/8000) loss=0.50051 byte_ppl=1.650 atoms=36 merges=0 field=8.0469 rms=0.2515 scale=1.0000 fcos=nan ign=0.0000 prn=nan nxp=0.000 mph=0.000 bytes=65536 pkts=65536 shard=0
step=0537850 (run 1850/8000) loss=4.57699 byte_ppl=97.222 atoms=64 merges=0 field=8.0670 rms=0.2521 scale=1.0000 fcos=nan ign=0.0000 prn=nan nxp=0.000 mph=0.000 bytes=65536 pkts=65536 shard=0
step=0537875 (run 1875/8000) loss=0.00005 byte_ppl=1.000 atoms=21 merges=0 field=8.0965 rms=0.2530 scale=1.0000 fcos=nan ign=0.0000 prn=nan nxp=0.000 mph=0.000 bytes=65536 pkts=65536 shard=0
step=0537900 (run 1900/8000) loss=2.58053 byte_ppl=13.204 atoms=49 merges=0 field=8.1574 rms=0.2549 scale=1.0000 fcos=nan ign=0.0000 prn=nan nxp=0.000 mph=0.000 bytes=65536 pkts=65536 shard=0
step=0537925 (run 1925/8000) loss=0.00265 byte_ppl=1.003 atoms=5 merges=0 field=8.1642 rms=0.2551 scale=1.0000 fcos=nan ign=0.0000 prn=nan nxp=0.000 mph=0.000 bytes=65536 pkts=65536 shard=0
step=0537950 (run 1950/8000) loss=10.69586 byte_ppl=44172.471 atoms=33 merges=0 field=8.1238 rms=0.2539 scale=1.0000 fcos=nan ign=0.0000 prn=nan nxp=0.000 mph=0.000 bytes=65536 pkts=65536 shard=0
step=0537975 (run 1975/8000) loss=0.00950 byte_ppl=1.010 atoms=60 merges=0 field=8.1675 rms=0.2552 scale=1.0000 fcos=nan ign=0.0000 prn=nan nxp=0.000 mph=0.000 bytes=65536 pkts=65536 shard=0
step=0538000 (run 2000/8000) loss=0.00013 byte_ppl=1.000 atoms=18 merges=0 field=8.1975 rms=0.2562 scale=1.0000 fcos=nan ign=0.0000 prn=nan nxp=0.000 mph=0.000 bytes=65536 pkts=65536 shard=0
step=0538025 (run 2025/8000) loss=1.67483 byte_ppl=5.338 atoms=45 merges=0 field=8.1677 rms=0.2552 scale=1.0000 fcos=nan ign=0.0000 prn=nan nxp=0.000 mph=0.000 bytes=65536 pkts=65536 shard=0
step=0538050 (run 2050/8000) loss=1.69626 byte_ppl=5.454 atoms=3 merges=0 field=8.2110 rms=0.2566 scale=1.0000 fcos=nan ign=0.0000 prn=nan nxp=0.000 mph=0.000 bytes=65536 pkts=65536 shard=0
step=0538075 (run 2075/8000) loss=4.26563 byte_ppl=71.210 atoms=30 merges=0 field=8.1962 rms=0.2561 scale=1.0000 fcos=nan ign=0.0000 prn=nan nxp=0.000 mph=0.000 bytes=65536 pkts=65536 shard=0
step=0538100 (run 2100/8000) loss=0.07623 byte_ppl=1.079 atoms=58 merges=0 field=8.1895 rms=0.2559 scale=1.0000 fcos=nan ign=0.0000 prn=nan nxp=0.000 mph=0.000 bytes=65536 pkts=65536 shard=0
step=0538125 (run 2125/8000) loss=0.00034 byte_ppl=1.000 atoms=14 merges=0 field=8.1545 rms=0.2548 scale=1.0000 fcos=nan ign=0.0000 prn=nan nxp=0.000 mph=0.000 bytes=65536 pkts=65536 shard=0
step=0538150 (run 2150/8000) loss=5.17591 byte_ppl=176.957 atoms=42 merges=0 field=8.1847 rms=0.2558 scale=1.0000 fcos=nan ign=0.0000 prn=nan nxp=0.000 mph=0.000 bytes=65536 pkts=65536 shard=0
step=0538175 (run 2175/8000) loss=0.00333 byte_ppl=1.003 atoms=69 merges=0 field=8.1829 rms=0.2557 scale=1.0000 fcos=nan ign=0.0000 prn=nan nxp=0.000 mph=0.000 bytes=65536 pkts=65536 shard=0
step=0538200 (run 2200/8000) loss=0.00035 byte_ppl=1.000 atoms=27 merges=0 field=8.1894 rms=0.2559 scale=1.0000 fcos=nan ign=0.0000 prn=nan nxp=0.000 mph=0.000 bytes=65536 pkts=65536 shard=0
step=0538225 (run 2225/8000) loss=0.00042 byte_ppl=1.000 atoms=54 merges=0 field=8.1796 rms=0.2556 scale=1.0000 fcos=nan ign=0.0000 prn=nan nxp=0.000 mph=0.000 bytes=65536 pkts=65536 shard=0
step=0538250 (run 2250/8000) loss=13.93261 byte_ppl=1124228.579 atoms=11 merges=0 field=8.1996 rms=0.2562 scale=1.0000 fcos=nan ign=0.0000 prn=nan nxp=0.000 mph=0.000 bytes=65536 pkts=65536 shard=0
step=0538275 (run 2275/8000) loss=4.73869 byte_ppl=114.285 atoms=38 merges=0 field=8.2021 rms=0.2563 scale=1.0000 fcos=nan ign=0.0000 prn=nan nxp=0.000 mph=0.000 bytes=65536 pkts=65536 shard=0
step=0538300 (run 2300/8000) loss=0.00900 byte_ppl=1.009 atoms=66 merges=0 field=8.2244 rms=0.2570 scale=1.0000 fcos=nan ign=0.0000 prn=nan nxp=0.000 mph=0.000 bytes=65536 pkts=65536 shard=0
step=0538325 (run 2325/8000) loss=0.00021 byte_ppl=1.000 atoms=23 merges=0 field=8.2362 rms=0.2574 scale=1.0000 fcos=nan ign=0.0000 prn=nan nxp=0.000 mph=0.000 bytes=65536 pkts=65536 shard=0
step=0538350 (run 2350/8000) loss=1.26945 byte_ppl=3.559 atoms=51 merges=0 field=8.2041 rms=0.2564 scale=1.0000 fcos=nan ign=0.0000 prn=nan nxp=0.000 mph=0.000 bytes=65536 pkts=65536 shard=0
step=0538375 (run 2375/8000) loss=0.00291 byte_ppl=1.003 atoms=8 merges=0 field=8.2227 rms=0.2570 scale=1.0000 fcos=nan ign=0.0000 prn=nan nxp=0.000 mph=0.000 bytes=65536 pkts=65536 shard=0
step=0538400 (run 2400/8000) loss=9.51597 byte_ppl=13574.823 atoms=36 merges=0 field=8.2301 rms=0.2572 scale=1.0000 fcos=nan ign=0.0000 prn=nan nxp=0.000 mph=0.000 bytes=65536 pkts=65536 shard=0
step=0538425 (run 2425/8000) loss=0.00163 byte_ppl=1.002 atoms=63 merges=0 field=8.2282 rms=0.2571 scale=1.0000 fcos=nan ign=0.0000 prn=nan nxp=0.000 mph=0.000 bytes=65536 pkts=65536 shard=0
step=0538450 (run 2450/8000) loss=2.89615 byte_ppl=18.104 atoms=20 merges=0 field=8.2733 rms=0.2585 scale=1.0000 fcos=nan ign=0.0000 prn=nan nxp=0.000 mph=0.000 bytes=65536 pkts=65536 shard=0
step=0538475 (run 2475/8000) loss=5.23792 byte_ppl=188.278 atoms=47 merges=0 field=8.2780 rms=0.2587 scale=1.0000 fcos=nan ign=0.0000 prn=nan nxp=0.000 mph=0.000 bytes=65536 pkts=65536 shard=0
step=0538500 (run 2500/8000) loss=6.83157 byte_ppl=926.648 atoms=5 merges=0 field=8.2965 rms=0.2593 scale=1.0000 fcos=nan ign=0.0000 prn=nan nxp=0.000 mph=0.000 bytes=65536 pkts=65536 shard=0
step=0538525 (run 2525/8000) loss=0.00132 byte_ppl=1.001 atoms=32 merges=0 field=8.3415 rms=0.2607 scale=1.0000 fcos=nan ign=0.0000 prn=nan nxp=0.000 mph=0.000 bytes=65536 pkts=65536 shard=0
step=0538550 (run 2550/8000) loss=4.17144 byte_ppl=64.809 atoms=60 merges=0 field=8.3417 rms=0.2607 scale=1.0000 fcos=nan ign=0.0000 prn=nan nxp=0.000 mph=0.000 bytes=65536 pkts=65536 shard=0
step=0538575 (run 2575/8000) loss=1.46718 byte_ppl=4.337 atoms=16 merges=0 field=8.3451 rms=0.2608 scale=1.0000 fcos=nan ign=0.0000 prn=nan nxp=0.000 mph=0.000 bytes=65536 pkts=65536 shard=0
step=0538600 (run 2600/8000) loss=6.53103 byte_ppl=686.107 atoms=44 merges=0 field=8.3792 rms=0.2619 scale=1.0000 fcos=nan ign=0.0000 prn=nan nxp=0.000 mph=0.000 bytes=65536 pkts=65536 shard=0
step=0538625 (run 2625/8000) loss=0.08210 byte_ppl=1.086 atoms=1 merges=0 field=8.3852 rms=0.2620 scale=1.0000 fcos=nan ign=0.0000 prn=nan nxp=0.000 mph=0.000 bytes=65536 pkts=65536 shard=0
step=0538650 (run 2650/8000) loss=1.02179 byte_ppl=2.778 atoms=29 merges=0 field=8.3808 rms=0.2619 scale=1.0000 fcos=nan ign=0.0000 prn=nan nxp=0.000 mph=0.000 bytes=65536 pkts=65536 shard=0
step=0538675 (run 2675/8000) loss=0.00359 byte_ppl=1.004 atoms=56 merges=0 field=8.4025 rms=0.2626 scale=1.0000 fcos=nan ign=0.0000 prn=nan nxp=0.000 mph=0.000 bytes=65536 pkts=65536 shard=0
step=0538700 (run 2700/8000) loss=8.32091 byte_ppl=4108.895 atoms=14 merges=0 field=8.3879 rms=0.2621 scale=1.0000 fcos=nan ign=0.0000 prn=nan nxp=0.000 mph=0.000 bytes=65536 pkts=65536 shard=0
step=0538725 (run 2725/8000) loss=0.00047 byte_ppl=1.000 atoms=41 merges=0 field=8.3547 rms=0.2611 scale=1.0000 fcos=nan ign=0.0000 prn=nan nxp=0.000 mph=0.000 bytes=65536 pkts=65536 shard=0
step=0538750 (run 2750/8000) loss=0.10738 byte_ppl=1.113 atoms=69 merges=0 field=8.3528 rms=0.2610 scale=1.0000 fcos=nan ign=0.0000 prn=nan nxp=0.000 mph=0.000 bytes=65536 pkts=65536 shard=0
step=0538775 (run 2775/8000) loss=5.16730 byte_ppl=175.441 atoms=25 merges=0 field=8.3900 rms=0.2622 scale=1.0000 fcos=nan ign=0.0000 prn=nan nxp=0.000 mph=0.000 bytes=65536 pkts=65536 shard=0
step=0538800 (run 2800/8000) loss=7.52356 byte_ppl=1851.154 atoms=53 merges=0 field=8.3961 rms=0.2624 scale=1.0000 fcos=nan ign=0.0000 prn=nan nxp=0.000 mph=0.000 bytes=65536 pkts=65536 shard=0
step=0538825 (run 2825/8000) loss=0.87850 byte_ppl=2.407 atoms=10 merges=0 field=8.3898 rms=0.2622 scale=1.0000 fcos=nan ign=0.0000 prn=nan nxp=0.000 mph=0.000 bytes=65536 pkts=65536 shard=0
step=0538850 (run 2850/8000) loss=9.53081 byte_ppl=13777.712 atoms=38 merges=0 field=8.4104 rms=0.2628 scale=1.0000 fcos=nan ign=0.0000 prn=nan nxp=0.000 mph=0.000 bytes=65536 pkts=65536 shard=0
step=0538875 (run 2875/8000) loss=0.00188 byte_ppl=1.002 atoms=65 merges=0 field=8.4176 rms=0.2631 scale=1.0000 fcos=nan ign=0.0000 prn=nan nxp=0.000 mph=0.000 bytes=65536 pkts=65536 shard=0
step=0538900 (run 2900/8000) loss=0.00259 byte_ppl=1.003 atoms=22 merges=0 field=8.4388 rms=0.2637 scale=1.0000 fcos=nan ign=0.0000 prn=nan nxp=0.000 mph=0.000 bytes=65536 pkts=65536 shard=0
step=0538925 (run 2925/8000) loss=0.00023 byte_ppl=1.000 atoms=49 merges=0 field=8.3838 rms=0.2620 scale=1.0000 fcos=nan ign=0.0000 prn=nan nxp=0.000 mph=0.000 bytes=65536 pkts=65536 shard=0
step=0538950 (run 2950/8000) loss=4.43584 byte_ppl=84.423 atoms=7 merges=0 field=8.3886 rms=0.2621 scale=1.0000 fcos=nan ign=0.0000 prn=nan nxp=0.000 mph=0.000 bytes=65536 pkts=65536 shard=0
step=0538975 (run 2975/8000) loss=3.50014 byte_ppl=33.120 atoms=34 merges=0 field=8.4267 rms=0.2633 scale=1.0000 fcos=nan ign=0.0000 prn=nan nxp=0.000 mph=0.000 bytes=65536 pkts=65536 shard=0
step=0539000 (run 3000/8000) loss=0.41778 byte_ppl=1.519 atoms=62 merges=0 field=8.4026 rms=0.2626 scale=1.0000 fcos=nan ign=0.0000 prn=nan nxp=0.000 mph=0.000 bytes=65536 pkts=65536 shard=0
step=0539025 (run 3025/8000) loss=0.00787 byte_ppl=1.008 atoms=19 merges=0 field=8.3888 rms=0.2622 scale=1.0000 fcos=nan ign=0.0000 prn=nan nxp=0.000 mph=0.000 bytes=65536 pkts=65536 shard=0
step=0539050 (run 3050/8000) loss=0.41655 byte_ppl=1.517 atoms=47 merges=0 field=8.3863 rms=0.2621 scale=1.0000 fcos=nan ign=0.0000 prn=nan nxp=0.000 mph=0.000 bytes=65536 pkts=65536 shard=0
step=0539075 (run 3075/8000) loss=4.52962 byte_ppl=92.723 atoms=3 merges=0 field=8.3670 rms=0.2615 scale=1.0000 fcos=nan ign=0.0000 prn=nan nxp=0.000 mph=0.000 bytes=65536 pkts=65536 shard=0
step=0539100 (run 3100/8000) loss=6.34149 byte_ppl=567.644 atoms=31 merges=0 field=8.3839 rms=0.2620 scale=1.0000 fcos=nan ign=0.0000 prn=nan nxp=0.000 mph=0.000 bytes=65536 pkts=65536 shard=0
step=0539125 (run 3125/8000) loss=0.09297 byte_ppl=1.097 atoms=58 merges=0 field=8.3839 rms=0.2620 scale=1.0000 fcos=nan ign=0.0000 prn=nan nxp=0.000 mph=0.000 bytes=65536 pkts=65536 shard=0
step=0539150 (run 3150/8000) loss=4.26064 byte_ppl=70.855 atoms=16 merges=0 field=8.4420 rms=0.2638 scale=1.0000 fcos=nan ign=0.0000 prn=nan nxp=0.000 mph=0.000 bytes=65536 pkts=65536 shard=0
step=0539175 (run 3175/8000) loss=0.00759 byte_ppl=1.008 atoms=43 merges=0 field=8.4470 rms=0.2640 scale=1.0000 fcos=nan ign=0.0000 prn=nan nxp=0.000 mph=0.000 bytes=65536 pkts=65536 shard=0
step=0539200 (run 3200/8000) loss=3.94704 byte_ppl=51.782 atoms=71 merges=0 field=8.4351 rms=0.2636 scale=1.0000 fcos=nan ign=0.0000 prn=nan nxp=0.000 mph=0.000 bytes=65536 pkts=65536 shard=0
step=0539225 (run 3225/8000) loss=0.00878 byte_ppl=1.009 atoms=27 merges=0 field=8.3837 rms=0.2620 scale=1.0000 fcos=nan ign=0.0000 prn=nan nxp=0.000 mph=0.000 bytes=65536 pkts=65536 shard=0
step=0539250 (run 3250/8000) loss=0.00908 byte_ppl=1.009 atoms=55 merges=0 field=8.3722 rms=0.2616 scale=1.0000 fcos=nan ign=0.0000 prn=nan nxp=0.000 mph=0.000 bytes=65536 pkts=65536 shard=0
step=0539275 (run 3275/8000) loss=1.20093 byte_ppl=3.323 atoms=12 merges=0 field=8.3490 rms=0.2609 scale=1.0000 fcos=nan ign=0.0000 prn=nan nxp=0.000 mph=0.000 bytes=65536 pkts=65536 shard=0
step=0539300 (run 3300/8000) loss=4.79056 byte_ppl=120.369 atoms=40 merges=0 field=8.3218 rms=0.2601 scale=1.0000 fcos=nan ign=0.0000 prn=nan nxp=0.000 mph=0.000 bytes=65536 pkts=65536 shard=0
step=0539325 (run 3325/8000) loss=5.08854 byte_ppl=162.153 atoms=67 merges=0 field=8.3350 rms=0.2605 scale=1.0000 fcos=nan ign=0.0000 prn=nan nxp=0.000 mph=0.000 bytes=65536 pkts=65536 shard=0
step=0539350 (run 3350/8000) loss=6.07809 byte_ppl=436.195 atoms=25 merges=0 field=8.3836 rms=0.2620 scale=1.0000 fcos=nan ign=0.0000 prn=nan nxp=0.000 mph=0.000 bytes=65536 pkts=65536 shard=0
step=0539375 (run 3375/8000) loss=7.19642 byte_ppl=1334.640 atoms=52 merges=0 field=8.4026 rms=0.2626 scale=1.0000 fcos=nan ign=0.0000 prn=nan nxp=0.000 mph=0.000 bytes=65536 pkts=65536 shard=0
step=0539400 (run 3400/8000) loss=4.19135 byte_ppl=66.112 atoms=9 merges=0 field=8.4173 rms=0.2630 scale=1.0000 fcos=nan ign=0.0000 prn=nan nxp=0.000 mph=0.000 bytes=65536 pkts=65536 shard=0
step=0539425 (run 3425/8000) loss=0.00058 byte_ppl=1.001 atoms=36 merges=0 field=8.3976 rms=0.2624 scale=1.0000 fcos=nan ign=0.0000 prn=nan nxp=0.000 mph=0.000 bytes=65536 pkts=65536 shard=0
step=0539450 (run 3450/8000) loss=5.47178 byte_ppl=237.882 atoms=64 merges=0 field=8.3963 rms=0.2624 scale=1.0000 fcos=nan ign=0.0000 prn=nan nxp=0.000 mph=0.000 bytes=65536 pkts=65536 shard=0
step=0539475 (run 3475/8000) loss=0.00252 byte_ppl=1.003 atoms=21 merges=0 field=8.4113 rms=0.2629 scale=1.0000 fcos=nan ign=0.0000 prn=nan nxp=0.000 mph=0.000 bytes=65536 pkts=65536 shard=0
step=0539500 (run 3500/8000) loss=9.82954 byte_ppl=18574.377 atoms=49 merges=0 field=8.3908 rms=0.2622 scale=1.0000 fcos=nan ign=0.0000 prn=nan nxp=0.000 mph=0.000 bytes=65536 pkts=65536 shard=0
step=0539525 (run 3525/8000) loss=0.53959 byte_ppl=1.715 atoms=5 merges=0 field=8.3615 rms=0.2613 scale=1.0000 fcos=nan ign=0.0000 prn=nan nxp=0.000 mph=0.000 bytes=65536 pkts=65536 shard=0
step=0539550 (run 3550/8000) loss=6.23570 byte_ppl=510.659 atoms=33 merges=0 field=8.3521 rms=0.2610 scale=1.0000 fcos=nan ign=0.0000 prn=nan nxp=0.000 mph=0.000 bytes=65536 pkts=65536 shard=0
step=0539575 (run 3575/8000) loss=0.00108 byte_ppl=1.001 atoms=60 merges=0 field=8.3870 rms=0.2621 scale=1.0000 fcos=nan ign=0.0000 prn=nan nxp=0.000 mph=0.000 bytes=65536 pkts=65536 shard=0
step=0539600 (run 3600/8000) loss=0.00007 byte_ppl=1.000 atoms=18 merges=0 field=8.3887 rms=0.2621 scale=1.0000 fcos=nan ign=0.0000 prn=nan nxp=0.000 mph=0.000 bytes=65536 pkts=65536 shard=0
step=0539625 (run 3625/8000) loss=4.94038 byte_ppl=139.824 atoms=45 merges=0 field=8.3777 rms=0.2618 scale=1.0000 fcos=nan ign=0.0000 prn=nan nxp=0.000 mph=0.000 bytes=65536 pkts=65536 shard=0
step=0539650 (run 3650/8000) loss=1.54101 byte_ppl=4.669 atoms=3 merges=0 field=8.4049 rms=0.2627 scale=1.0000 fcos=nan ign=0.0000 prn=nan nxp=0.000 mph=0.000 bytes=65536 pkts=65536 shard=0
step=0539675 (run 3675/8000) loss=0.00020 byte_ppl=1.000 atoms=30 merges=0 field=8.4233 rms=0.2632 scale=1.0000 fcos=nan ign=0.0000 prn=nan nxp=0.000 mph=0.000 bytes=65536 pkts=65536 shard=0
step=0539700 (run 3700/8000) loss=5.56769 byte_ppl=261.830 atoms=58 merges=0 field=8.4244 rms=0.2633 scale=1.0000 fcos=nan ign=0.0000 prn=nan nxp=0.000 mph=0.000 bytes=65536 pkts=65536 shard=0
step=0539725 (run 3725/8000) loss=0.01823 byte_ppl=1.018 atoms=14 merges=0 field=8.4592 rms=0.2644 scale=1.0000 fcos=nan ign=0.0000 prn=nan nxp=0.000 mph=0.000 bytes=65536 pkts=65536 shard=0
step=0539750 (run 3750/8000) loss=5.27640 byte_ppl=195.665 atoms=42 merges=0 field=8.4720 rms=0.2648 scale=1.0000 fcos=nan ign=0.0000 prn=nan nxp=0.000 mph=0.000 bytes=65536 pkts=65536 shard=0
step=0539775 (run 3775/8000) loss=0.00052 byte_ppl=1.001 atoms=69 merges=0 field=8.4406 rms=0.2638 scale=1.0000 fcos=nan ign=0.0000 prn=nan nxp=0.000 mph=0.000 bytes=65536 pkts=65536 shard=0
step=0539800 (run 3800/8000) loss=0.00172 byte_ppl=1.002 atoms=27 merges=0 field=8.3973 rms=0.2624 scale=1.0000 fcos=nan ign=0.0000 prn=nan nxp=0.000 mph=0.000 bytes=65536 pkts=65536 shard=0
step=0539825 (run 3825/8000) loss=0.60852 byte_ppl=1.838 atoms=54 merges=0 field=8.4193 rms=0.2631 scale=1.0000 fcos=nan ign=0.0000 prn=nan nxp=0.000 mph=0.000 bytes=65536 pkts=65536 shard=0
step=0539850 (run 3850/8000) loss=11.04486 byte_ppl=62621.246 atoms=11 merges=0 field=8.3997 rms=0.2625 scale=1.0000 fcos=nan ign=0.0000 prn=nan nxp=0.000 mph=0.000 bytes=65536 pkts=65536 shard=0
step=0539875 (run 3875/8000) loss=0.02801 byte_ppl=1.028 atoms=38 merges=0 field=8.4161 rms=0.2630 scale=1.0000 fcos=nan ign=0.0000 prn=nan nxp=0.000 mph=0.000 bytes=65536 pkts=65536 shard=0
step=0539900 (run 3900/8000) loss=0.00132 byte_ppl=1.001 atoms=66 merges=0 field=8.4352 rms=0.2636 scale=1.0000 fcos=nan ign=0.0000 prn=nan nxp=0.000 mph=0.000 bytes=65536 pkts=65536 shard=0
step=0539925 (run 3925/8000) loss=0.02197 byte_ppl=1.022 atoms=23 merges=0 field=8.4442 rms=0.2639 scale=1.0000 fcos=nan ign=0.0000 prn=nan nxp=0.000 mph=0.000 bytes=65536 pkts=65536 shard=0
step=0539950 (run 3950/8000) loss=8.32833 byte_ppl=4139.503 atoms=51 merges=0 field=8.4411 rms=0.2638 scale=1.0000 fcos=nan ign=0.0000 prn=nan nxp=0.000 mph=0.000 bytes=65536 pkts=65536 shard=0
step=0539975 (run 3975/8000) loss=0.01850 byte_ppl=1.019 atoms=8 merges=0 field=8.4390 rms=0.2637 scale=1.0000 fcos=nan ign=0.0000 prn=nan nxp=0.000 mph=0.000 bytes=65536 pkts=65536 shard=0
step=0540000 (run 4000/8000) loss=0.00020 byte_ppl=1.000 atoms=36 merges=0 field=8.4287 rms=0.2634 scale=1.0000 fcos=nan ign=0.0000 prn=nan nxp=0.000 mph=0.000 bytes=65536 pkts=65536 shard=0
step=0540025 (run 4025/8000) loss=0.00003 byte_ppl=1.000 atoms=63 merges=0 field=8.4231 rms=0.2632 scale=1.0000 fcos=nan ign=0.0000 prn=nan nxp=0.000 mph=0.000 bytes=65536 pkts=65536 shard=0
step=0540050 (run 4050/8000) loss=8.30868 byte_ppl=4058.969 atoms=20 merges=0 field=8.4313 rms=0.2635 scale=1.0000 fcos=nan ign=0.0000 prn=nan nxp=0.000 mph=0.000 bytes=65536 pkts=65536 shard=0
step=0540075 (run 4075/8000) loss=0.01778 byte_ppl=1.018 atoms=47 merges=0 field=8.4601 rms=0.2644 scale=1.0000 fcos=nan ign=0.0000 prn=nan nxp=0.000 mph=0.000 bytes=65536 pkts=65536 shard=0
step=0540100 (run 4100/8000) loss=8.62791 byte_ppl=5585.412 atoms=5 merges=0 field=8.4827 rms=0.2651 scale=1.0000 fcos=nan ign=0.0000 prn=nan nxp=0.000 mph=0.000 bytes=65536 pkts=65536 shard=0
step=0540125 (run 4125/8000) loss=0.00161 byte_ppl=1.002 atoms=32 merges=0 field=8.5101 rms=0.2659 scale=1.0000 fcos=nan ign=0.0000 prn=nan nxp=0.000 mph=0.000 bytes=65536 pkts=65536 shard=0
step=0540150 (run 4150/8000) loss=5.51723 byte_ppl=248.944 atoms=60 merges=0 field=8.5343 rms=0.2667 scale=1.0000 fcos=nan ign=0.0000 prn=nan nxp=0.000 mph=0.000 bytes=65536 pkts=65536 shard=0
step=0540175 (run 4175/8000) loss=0.22368 byte_ppl=1.251 atoms=16 merges=0 field=8.5323 rms=0.2666 scale=1.0000 fcos=nan ign=0.0000 prn=nan nxp=0.000 mph=0.000 bytes=65536 pkts=65536 shard=0
step=0540200 (run 4200/8000) loss=3.93998 byte_ppl=51.417 atoms=44 merges=0 field=8.4914 rms=0.2654 scale=1.0000 fcos=nan ign=0.0000 prn=nan nxp=0.000 mph=0.000 bytes=65536 pkts=65536 shard=0
step=0540225 (run 4225/8000) loss=0.01274 byte_ppl=1.013 atoms=1 merges=0 field=8.4714 rms=0.2647 scale=1.0000 fcos=nan ign=0.0000 prn=nan nxp=0.000 mph=0.000 bytes=65536 pkts=65536 shard=0
step=0540250 (run 4250/8000) loss=0.00372 byte_ppl=1.004 atoms=29 merges=0 field=8.4123 rms=0.2629 scale=1.0000 fcos=nan ign=0.0000 prn=nan nxp=0.000 mph=0.000 bytes=65536 pkts=65536 shard=0
step=0540275 (run 4275/8000) loss=0.00206 byte_ppl=1.002 atoms=56 merges=0 field=8.4342 rms=0.2636 scale=1.0000 fcos=nan ign=0.0000 prn=nan nxp=0.000 mph=0.000 bytes=65536 pkts=65536 shard=0
step=0540300 (run 4300/8000) loss=8.59673 byte_ppl=5413.918 atoms=14 merges=0 field=8.4394 rms=0.2637 scale=1.0000 fcos=nan ign=0.0000 prn=nan nxp=0.000 mph=0.000 bytes=65536 pkts=65536 shard=0
step=0540325 (run 4325/8000) loss=0.20234 byte_ppl=1.224 atoms=41 merges=0 field=8.4352 rms=0.2636 scale=1.0000 fcos=nan ign=0.0000 prn=nan nxp=0.000 mph=0.000 bytes=65536 pkts=65536 shard=0
step=0540350 (run 4350/8000) loss=5.74474 byte_ppl=312.543 atoms=69 merges=0 field=8.4126 rms=0.2629 scale=1.0000 fcos=nan ign=0.0000 prn=nan nxp=0.000 mph=0.000 bytes=65536 pkts=65536 shard=0
step=0540375 (run 4375/8000) loss=0.00027 byte_ppl=1.000 atoms=25 merges=0 field=8.4456 rms=0.2639 scale=1.0000 fcos=nan ign=0.0000 prn=nan nxp=0.000 mph=0.000 bytes=65536 pkts=65536 shard=0
step=0540400 (run 4400/8000) loss=5.20647 byte_ppl=182.449 atoms=53 merges=0 field=8.4048 rms=0.2627 scale=1.0000 fcos=nan ign=0.0000 prn=nan nxp=0.000 mph=0.000 bytes=65536 pkts=65536 shard=0
step=0540425 (run 4425/8000) loss=0.00094 byte_ppl=1.001 atoms=10 merges=0 field=8.4024 rms=0.2626 scale=1.0000 fcos=nan ign=0.0000 prn=nan nxp=0.000 mph=0.000 bytes=65536 pkts=65536 shard=0
step=0540450 (run 4450/8000) loss=3.06270 byte_ppl=21.385 atoms=38 merges=0 field=8.4141 rms=0.2629 scale=1.0000 fcos=nan ign=0.0000 prn=nan nxp=0.000 mph=0.000 bytes=65536 pkts=65536 shard=0
step=0540475 (run 4475/8000) loss=4.30162 byte_ppl=73.819 atoms=65 merges=0 field=8.4325 rms=0.2635 scale=1.0000 fcos=nan ign=0.0000 prn=nan nxp=0.000 mph=0.000 bytes=65536 pkts=65536 shard=0
step=0540500 (run 4500/8000) loss=0.01363 byte_ppl=1.014 atoms=22 merges=0 field=8.4199 rms=0.2631 scale=1.0000 fcos=nan ign=0.0000 prn=nan nxp=0.000 mph=0.000 bytes=65536 pkts=65536 shard=0
step=0540525 (run 4525/8000) loss=0.02478 byte_ppl=1.025 atoms=49 merges=0 field=8.4239 rms=0.2632 scale=1.0000 fcos=nan ign=0.0000 prn=nan nxp=0.000 mph=0.000 bytes=65536 pkts=65536 shard=0
step=0540550 (run 4550/8000) loss=5.57135 byte_ppl=262.790 atoms=7 merges=0 field=8.3886 rms=0.2621 scale=1.0000 fcos=nan ign=0.0000 prn=nan nxp=0.000 mph=0.000 bytes=65536 pkts=65536 shard=0
step=0540575 (run 4575/8000) loss=3.44653 byte_ppl=31.391 atoms=34 merges=0 field=8.3857 rms=0.2621 scale=1.0000 fcos=nan ign=0.0000 prn=nan nxp=0.000 mph=0.000 bytes=65536 pkts=65536 shard=0
step=0540600 (run 4600/8000) loss=3.41930 byte_ppl=30.548 atoms=62 merges=0 field=8.3403 rms=0.2606 scale=1.0000 fcos=nan ign=0.0000 prn=nan nxp=0.000 mph=0.000 bytes=65536 pkts=65536 shard=0
step=0540625 (run 4625/8000) loss=0.00117 byte_ppl=1.001 atoms=19 merges=0 field=8.3677 rms=0.2615 scale=1.0000 fcos=nan ign=0.0000 prn=nan nxp=0.000 mph=0.000 bytes=65536 pkts=65536 shard=0
step=0540650 (run 4650/8000) loss=9.63525 byte_ppl=15294.480 atoms=47 merges=0 field=8.3234 rms=0.2601 scale=1.0000 fcos=nan ign=0.0000 prn=nan nxp=0.000 mph=0.000 bytes=65536 pkts=65536 shard=0
step=0540675 (run 4675/8000) loss=0.07219 byte_ppl=1.075 atoms=3 merges=0 field=8.3531 rms=0.2610 scale=1.0000 fcos=nan ign=0.0000 prn=nan nxp=0.000 mph=0.000 bytes=65536 pkts=65536 shard=0
step=0540700 (run 4700/8000) loss=10.48589 byte_ppl=35806.669 atoms=31 merges=0 field=8.3451 rms=0.2608 scale=1.0000 fcos=nan ign=0.0000 prn=nan nxp=0.000 mph=0.000 bytes=65536 pkts=65536 shard=0
step=0540725 (run 4725/8000) loss=0.00331 byte_ppl=1.003 atoms=58 merges=0 field=8.3975 rms=0.2624 scale=1.0000 fcos=nan ign=0.0000 prn=nan nxp=0.000 mph=0.000 bytes=65536 pkts=65536 shard=0
step=0540750 (run 4750/8000) loss=7.00712 byte_ppl=1104.464 atoms=16 merges=0 field=8.4222 rms=0.2632 scale=1.0000 fcos=nan ign=0.0000 prn=nan nxp=0.000 mph=0.000 bytes=65536 pkts=65536 shard=0
step=0540775 (run 4775/8000) loss=2.43339 byte_ppl=11.397 atoms=43 merges=0 field=8.4451 rms=0.2639 scale=1.0000 fcos=nan ign=0.0000 prn=nan nxp=0.000 mph=0.000 bytes=65536 pkts=65536 shard=0
step=0540800 (run 4800/8000) loss=4.35795 byte_ppl=78.097 atoms=71 merges=0 field=8.4084 rms=0.2628 scale=1.0000 fcos=nan ign=0.0000 prn=nan nxp=0.000 mph=0.000 bytes=65536 pkts=65536 shard=0
step=0540825 (run 4825/8000) loss=0.02159 byte_ppl=1.022 atoms=27 merges=0 field=8.3678 rms=0.2615 scale=1.0000 fcos=nan ign=0.0000 prn=nan nxp=0.000 mph=0.000 bytes=65536 pkts=65536 shard=0
step=0540850 (run 4850/8000) loss=0.01149 byte_ppl=1.012 atoms=55 merges=0 field=8.4249 rms=0.2633 scale=1.0000 fcos=nan ign=0.0000 prn=nan nxp=0.000 mph=0.000 bytes=65536 pkts=65536 shard=0
step=0540875 (run 4875/8000) loss=0.00530 byte_ppl=1.005 atoms=12 merges=0 field=8.4561 rms=0.2643 scale=1.0000 fcos=nan ign=0.0000 prn=nan nxp=0.000 mph=0.000 bytes=65536 pkts=65536 shard=0
step=0540900 (run 4900/8000) loss=9.82431 byte_ppl=18477.576 atoms=40 merges=0 field=8.4546 rms=0.2642 scale=1.0000 fcos=nan ign=0.0000 prn=nan nxp=0.000 mph=0.000 bytes=65536 pkts=65536 shard=0
step=0540925 (run 4925/8000) loss=5.08085 byte_ppl=160.911 atoms=67 merges=0 field=8.4852 rms=0.2652 scale=1.0000 fcos=nan ign=0.0000 prn=nan nxp=0.000 mph=0.000 bytes=65536 pkts=65536 shard=0
step=0540950 (run 4950/8000) loss=0.02536 byte_ppl=1.026 atoms=25 merges=0 field=8.4638 rms=0.2645 scale=1.0000 fcos=nan ign=0.0000 prn=nan nxp=0.000 mph=0.000 bytes=65536 pkts=65536 shard=0
step=0540975 (run 4975/8000) loss=0.54544 byte_ppl=1.725 atoms=52 merges=0 field=8.4770 rms=0.2649 scale=1.0000 fcos=nan ign=0.0000 prn=nan nxp=0.000 mph=0.000 bytes=65536 pkts=65536 shard=0
step=0541000 (run 5000/8000) loss=0.00700 byte_ppl=1.007 atoms=9 merges=0 field=8.4823 rms=0.2651 scale=1.0000 fcos=nan ign=0.0000 prn=nan nxp=0.000 mph=0.000 bytes=65536 pkts=65536 shard=0
step=0541025 (run 5025/8000) loss=1.64089 byte_ppl=5.160 atoms=36 merges=0 field=8.5009 rms=0.2657 scale=1.0000 fcos=nan ign=0.0000 prn=nan nxp=0.000 mph=0.000 bytes=65536 pkts=65536 shard=0
step=0541050 (run 5050/8000) loss=0.00271 byte_ppl=1.003 atoms=64 merges=0 field=8.4823 rms=0.2651 scale=1.0000 fcos=nan ign=0.0000 prn=nan nxp=0.000 mph=0.000 bytes=65536 pkts=65536 shard=0
step=0541075 (run 5075/8000) loss=0.00012 byte_ppl=1.000 atoms=21 merges=0 field=8.4845 rms=0.2651 scale=1.0000 fcos=nan ign=0.0000 prn=nan nxp=0.000 mph=0.000 bytes=65536 pkts=65536 shard=0
step=0541100 (run 5100/8000) loss=0.29107 byte_ppl=1.338 atoms=49 merges=0 field=8.4809 rms=0.2650 scale=1.0000 fcos=nan ign=0.0000 prn=nan nxp=0.000 mph=0.000 bytes=65536 pkts=65536 shard=0
step=0541125 (run 5125/8000) loss=0.01247 byte_ppl=1.013 atoms=5 merges=0 field=8.5135 rms=0.2661 scale=1.0000 fcos=nan ign=0.0000 prn=nan nxp=0.000 mph=0.000 bytes=65536 pkts=65536 shard=0
step=0541150 (run 5150/8000) loss=1.25264 byte_ppl=3.500 atoms=33 merges=0 field=8.5310 rms=0.2666 scale=1.0000 fcos=nan ign=0.0000 prn=nan nxp=0.000 mph=0.000 bytes=65536 pkts=65536 shard=0
step=0541175 (run 5175/8000) loss=0.35104 byte_ppl=1.421 atoms=60 merges=0 field=8.5024 rms=0.2657 scale=1.0000 fcos=nan ign=0.0000 prn=nan nxp=0.000 mph=0.000 bytes=65536 pkts=65536 shard=0
step=0541200 (run 5200/8000) loss=3.42287 byte_ppl=30.657 atoms=18 merges=0 field=8.4494 rms=0.2640 scale=1.0000 fcos=nan ign=0.0000 prn=nan nxp=0.000 mph=0.000 bytes=65536 pkts=65536 shard=0
step=0541225 (run 5225/8000) loss=0.07431 byte_ppl=1.077 atoms=45 merges=0 field=8.4252 rms=0.2633 scale=1.0000 fcos=nan ign=0.0000 prn=nan nxp=0.000 mph=0.000 bytes=65536 pkts=65536 shard=0
step=0541250 (run 5250/8000) loss=0.02263 byte_ppl=1.023 atoms=3 merges=0 field=8.4732 rms=0.2648 scale=1.0000 fcos=nan ign=0.0000 prn=nan nxp=0.000 mph=0.000 bytes=65536 pkts=65536 shard=0
step=0541275 (run 5275/8000) loss=0.00429 byte_ppl=1.004 atoms=30 merges=0 field=8.4630 rms=0.2645 scale=1.0000 fcos=nan ign=0.0000 prn=nan nxp=0.000 mph=0.000 bytes=65536 pkts=65536 shard=0
step=0541300 (run 5300/8000) loss=3.17112 byte_ppl=23.834 atoms=58 merges=0 field=8.4394 rms=0.2637 scale=1.0000 fcos=nan ign=0.0000 prn=nan nxp=0.000 mph=0.000 bytes=65536 pkts=65536 shard=0
step=0541325 (run 5325/8000) loss=2.06394 byte_ppl=7.877 atoms=14 merges=0 field=8.4505 rms=0.2641 scale=1.0000 fcos=nan ign=0.0000 prn=nan nxp=0.000 mph=0.000 bytes=65536 pkts=65536 shard=0
step=0541350 (run 5350/8000) loss=3.95208 byte_ppl=52.043 atoms=42 merges=0 field=8.4311 rms=0.2635 scale=1.0000 fcos=nan ign=0.0000 prn=nan nxp=0.000 mph=0.000 bytes=65536 pkts=65536 shard=0
step=0541375 (run 5375/8000) loss=0.00030 byte_ppl=1.000 atoms=69 merges=0 field=8.3890 rms=0.2622 scale=1.0000 fcos=nan ign=0.0000 prn=nan nxp=0.000 mph=0.000 bytes=65536 pkts=65536 shard=0
step=0541400 (run 5400/8000) loss=9.90251 byte_ppl=19980.433 atoms=27 merges=0 field=8.3903 rms=0.2622 scale=1.0000 fcos=nan ign=0.0000 prn=nan nxp=0.000 mph=0.000 bytes=65536 pkts=65536 shard=0
step=0541425 (run 5425/8000) loss=0.00589 byte_ppl=1.006 atoms=54 merges=0 field=8.4017 rms=0.2626 scale=1.0000 fcos=nan ign=0.0000 prn=nan nxp=0.000 mph=0.000 bytes=65536 pkts=65536 shard=0
step=0541450 (run 5450/8000) loss=4.58066 byte_ppl=97.578 atoms=11 merges=0 field=8.4230 rms=0.2632 scale=1.0000 fcos=nan ign=0.0000 prn=nan nxp=0.000 mph=0.000 bytes=65536 pkts=65536 shard=0
step=0541475 (run 5475/8000) loss=1.61991 byte_ppl=5.053 atoms=38 merges=0 field=8.4427 rms=0.2638 scale=1.0000 fcos=nan ign=0.0000 prn=nan nxp=0.000 mph=0.000 bytes=65536 pkts=65536 shard=0
step=0541500 (run 5500/8000) loss=2.47113 byte_ppl=11.836 atoms=66 merges=0 field=8.4525 rms=0.2641 scale=1.0000 fcos=nan ign=0.0000 prn=nan nxp=0.000 mph=0.000 bytes=65536 pkts=65536 shard=0
step=0541525 (run 5525/8000) loss=3.74122 byte_ppl=42.149 atoms=23 merges=0 field=8.4837 rms=0.2651 scale=1.0000 fcos=nan ign=0.0000 prn=nan nxp=0.000 mph=0.000 bytes=65536 pkts=65536 shard=0
step=0541550 (run 5550/8000) loss=2.69111 byte_ppl=14.748 atoms=51 merges=0 field=8.4925 rms=0.2654 scale=1.0000 fcos=nan ign=0.0000 prn=nan nxp=0.000 mph=0.000 bytes=65536 pkts=65536 shard=0
step=0541575 (run 5575/8000) loss=0.00285 byte_ppl=1.003 atoms=8 merges=0 field=8.5126 rms=0.2660 scale=1.0000 fcos=nan ign=0.0000 prn=nan nxp=0.000 mph=0.000 bytes=65536 pkts=65536 shard=0
step=0541600 (run 5600/8000) loss=0.00366 byte_ppl=1.004 atoms=36 merges=0 field=8.5576 rms=0.2674 scale=1.0000 fcos=nan ign=0.0000 prn=nan nxp=0.000 mph=0.000 bytes=65536 pkts=65536 shard=0
step=0541625 (run 5625/8000) loss=0.00006 byte_ppl=1.000 atoms=63 merges=0 field=8.5057 rms=0.2658 scale=1.0000 fcos=nan ign=0.0000 prn=nan nxp=0.000 mph=0.000 bytes=65536 pkts=65536 shard=0
step=0541650 (run 5650/8000) loss=11.10383 byte_ppl=66425.041 atoms=20 merges=0 field=8.5305 rms=0.2666 scale=1.0000 fcos=nan ign=0.0000 prn=nan nxp=0.000 mph=0.000 bytes=65536 pkts=65536 shard=0
step=0541675 (run 5675/8000) loss=3.20692 byte_ppl=24.703 atoms=47 merges=0 field=8.5738 rms=0.2679 scale=1.0000 fcos=nan ign=0.0000 prn=nan nxp=0.000 mph=0.000 bytes=65536 pkts=65536 shard=0
step=0541700 (run 5700/8000) loss=0.09493 byte_ppl=1.100 atoms=5 merges=0 field=8.5992 rms=0.2687 scale=1.0000 fcos=nan ign=0.0000 prn=nan nxp=0.000 mph=0.000 bytes=65536 pkts=65536 shard=0
step=0541725 (run 5725/8000) loss=0.53020 byte_ppl=1.699 atoms=32 merges=0 field=8.6121 rms=0.2691 scale=1.0000 fcos=nan ign=0.0000 prn=nan nxp=0.000 mph=0.000 bytes=65536 pkts=65536 shard=0
step=0541750 (run 5750/8000) loss=5.59308 byte_ppl=268.563 atoms=60 merges=0 field=8.6461 rms=0.2702 scale=1.0000 fcos=nan ign=0.0000 prn=nan nxp=0.000 mph=0.000 bytes=65536 pkts=65536 shard=0
step=0541775 (run 5775/8000) loss=6.38840 byte_ppl=594.903 atoms=16 merges=0 field=8.6151 rms=0.2692 scale=1.0000 fcos=nan ign=0.0000 prn=nan nxp=0.000 mph=0.000 bytes=65536 pkts=65536 shard=0
step=0541800 (run 5800/8000) loss=4.17976 byte_ppl=65.350 atoms=44 merges=0 field=8.5897 rms=0.2684 scale=1.0000 fcos=nan ign=0.0000 prn=nan nxp=0.000 mph=0.000 bytes=65536 pkts=65536 shard=0
step=0541825 (run 5825/8000) loss=1.22241 byte_ppl=3.395 atoms=1 merges=0 field=8.5736 rms=0.2679 scale=1.0000 fcos=nan ign=0.0000 prn=nan nxp=0.000 mph=0.000 bytes=65536 pkts=65536 shard=0
step=0541850 (run 5850/8000) loss=0.00986 byte_ppl=1.010 atoms=29 merges=0 field=8.5842 rms=0.2683 scale=1.0000 fcos=nan ign=0.0000 prn=nan nxp=0.000 mph=0.000 bytes=65536 pkts=65536 shard=0
step=0541875 (run 5875/8000) loss=0.00330 byte_ppl=1.003 atoms=56 merges=0 field=8.5946 rms=0.2686 scale=1.0000 fcos=nan ign=0.0000 prn=nan nxp=0.000 mph=0.000 bytes=65536 pkts=65536 shard=0
step=0541900 (run 5900/8000) loss=1.46428 byte_ppl=4.324 atoms=14 merges=0 field=8.5660 rms=0.2677 scale=1.0000 fcos=nan ign=0.0000 prn=nan nxp=0.000 mph=0.000 bytes=65536 pkts=65536 shard=0
step=0541925 (run 5925/8000) loss=1.98139 byte_ppl=7.253 atoms=41 merges=0 field=8.5676 rms=0.2677 scale=1.0000 fcos=nan ign=0.0000 prn=nan nxp=0.000 mph=0.000 bytes=65536 pkts=65536 shard=0
step=0541950 (run 5950/8000) loss=11.87818 byte_ppl=144088.419 atoms=69 merges=0 field=8.5535 rms=0.2673 scale=1.0000 fcos=nan ign=0.0000 prn=nan nxp=0.000 mph=0.000 bytes=65536 pkts=65536 shard=0
step=0541975 (run 5975/8000) loss=1.78335 byte_ppl=5.950 atoms=25 merges=0 field=8.5219 rms=0.2663 scale=1.0000 fcos=nan ign=0.0000 prn=nan nxp=0.000 mph=0.000 bytes=65536 pkts=65536 shard=0
step=0542000 (run 6000/8000) loss=6.91511 byte_ppl=1007.386 atoms=53 merges=0 field=8.5099 rms=0.2659 scale=1.0000 fcos=nan ign=0.0000 prn=nan nxp=0.000 mph=0.000 bytes=65536 pkts=65536 shard=0
step=0542025 (run 6025/8000) loss=0.00526 byte_ppl=1.005 atoms=10 merges=0 field=8.5119 rms=0.2660 scale=1.0000 fcos=nan ign=0.0000 prn=nan nxp=0.000 mph=0.000 bytes=65536 pkts=65536 shard=0
step=0542050 (run 6050/8000) loss=1.59059 byte_ppl=4.907 atoms=38 merges=0 field=8.5159 rms=0.2661 scale=1.0000 fcos=nan ign=0.0000 prn=nan nxp=0.000 mph=0.000 bytes=65536 pkts=65536 shard=0
step=0542075 (run 6075/8000) loss=0.20830 byte_ppl=1.232 atoms=65 merges=0 field=8.5155 rms=0.2661 scale=1.0000 fcos=nan ign=0.0000 prn=nan nxp=0.000 mph=0.000 bytes=65536 pkts=65536 shard=0
step=0542100 (run 6100/8000) loss=1.13785 byte_ppl=3.120 atoms=22 merges=0 field=8.4694 rms=0.2647 scale=1.0000 fcos=nan ign=0.0000 prn=nan nxp=0.000 mph=0.000 bytes=65536 pkts=65536 shard=0
step=0542125 (run 6125/8000) loss=1.65079 byte_ppl=5.211 atoms=49 merges=0 field=8.4188 rms=0.2631 scale=1.0000 fcos=nan ign=0.0000 prn=nan nxp=0.000 mph=0.000 bytes=65536 pkts=65536 shard=0
step=0542150 (run 6150/8000) loss=4.89258 byte_ppl=133.297 atoms=7 merges=0 field=8.4182 rms=0.2631 scale=1.0000 fcos=nan ign=0.0000 prn=nan nxp=0.000 mph=0.000 bytes=65536 pkts=65536 shard=0
step=0542175 (run 6175/8000) loss=0.00304 byte_ppl=1.003 atoms=34 merges=0 field=8.4411 rms=0.2638 scale=1.0000 fcos=nan ign=0.0000 prn=nan nxp=0.000 mph=0.000 bytes=65536 pkts=65536 shard=0
step=0542200 (run 6200/8000) loss=2.31032 byte_ppl=10.078 atoms=62 merges=0 field=8.4551 rms=0.2642 scale=1.0000 fcos=nan ign=0.0000 prn=nan nxp=0.000 mph=0.000 bytes=65536 pkts=65536 shard=0
step=0542225 (run 6225/8000) loss=0.07031 byte_ppl=1.073 atoms=19 merges=0 field=8.4669 rms=0.2646 scale=1.0000 fcos=nan ign=0.0000 prn=nan nxp=0.000 mph=0.000 bytes=65536 pkts=65536 shard=0
step=0542250 (run 6250/8000) loss=9.53628 byte_ppl=13853.326 atoms=47 merges=0 field=8.4687 rms=0.2646 scale=1.0000 fcos=nan ign=0.0000 prn=nan nxp=0.000 mph=0.000 bytes=65536 pkts=65536 shard=0
step=0542275 (run 6275/8000) loss=0.02287 byte_ppl=1.023 atoms=3 merges=0 field=8.4630 rms=0.2645 scale=1.0000 fcos=nan ign=0.0000 prn=nan nxp=0.000 mph=0.000 bytes=65536 pkts=65536 shard=0
step=0542300 (run 6300/8000) loss=1.31106 byte_ppl=3.710 atoms=31 merges=0 field=8.4117 rms=0.2629 scale=1.0000 fcos=nan ign=0.0000 prn=nan nxp=0.000 mph=0.000 bytes=65536 pkts=65536 shard=0
step=0542325 (run 6325/8000) loss=0.01050 byte_ppl=1.011 atoms=58 merges=0 field=8.4363 rms=0.2636 scale=1.0000 fcos=nan ign=0.0000 prn=nan nxp=0.000 mph=0.000 bytes=65536 pkts=65536 shard=0
step=0542350 (run 6350/8000) loss=0.02655 byte_ppl=1.027 atoms=16 merges=0 field=8.4685 rms=0.2646 scale=1.0000 fcos=nan ign=0.0000 prn=nan nxp=0.000 mph=0.000 bytes=65536 pkts=65536 shard=0
step=0542375 (run 6375/8000) loss=1.83350 byte_ppl=6.256 atoms=43 merges=0 field=8.4753 rms=0.2649 scale=1.0000 fcos=nan ign=0.0000 prn=nan nxp=0.000 mph=0.000 bytes=65536 pkts=65536 shard=0
step=0542400 (run 6400/8000) loss=7.48051 byte_ppl=1773.140 atoms=71 merges=0 field=8.4656 rms=0.2646 scale=1.0000 fcos=nan ign=0.0000 prn=nan nxp=0.000 mph=0.000 bytes=65536 pkts=65536 shard=0
step=0542425 (run 6425/8000) loss=0.00931 byte_ppl=1.009 atoms=27 merges=0 field=8.4627 rms=0.2645 scale=1.0000 fcos=nan ign=0.0000 prn=nan nxp=0.000 mph=0.000 bytes=65536 pkts=65536 shard=0
step=0542450 (run 6450/8000) loss=3.28974 byte_ppl=26.836 atoms=55 merges=0 field=8.4711 rms=0.2647 scale=1.0000 fcos=nan ign=0.0000 prn=nan nxp=0.000 mph=0.000 bytes=65536 pkts=65536 shard=0
step=0542475 (run 6475/8000) loss=0.85187 byte_ppl=2.344 atoms=12 merges=0 field=8.4829 rms=0.2651 scale=1.0000 fcos=nan ign=0.0000 prn=nan nxp=0.000 mph=0.000 bytes=65536 pkts=65536 shard=0
step=0542500 (run 6500/8000) loss=6.70440 byte_ppl=815.990 atoms=40 merges=0 field=8.4911 rms=0.2653 scale=1.0000 fcos=nan ign=0.0000 prn=nan nxp=0.000 mph=0.000 bytes=65536 pkts=65536 shard=0
step=0542525 (run 6525/8000) loss=0.00685 byte_ppl=1.007 atoms=67 merges=0 field=8.4430 rms=0.2638 scale=1.0000 fcos=nan ign=0.0000 prn=nan nxp=0.000 mph=0.000 bytes=65536 pkts=65536 shard=0
step=0542550 (run 6550/8000) loss=6.78759 byte_ppl=886.771 atoms=25 merges=0 field=8.4141 rms=0.2629 scale=1.0000 fcos=nan ign=0.0000 prn=nan nxp=0.000 mph=0.000 bytes=65536 pkts=65536 shard=0
step=0542575 (run 6575/8000) loss=4.39223 byte_ppl=80.821 atoms=52 merges=0 field=8.4103 rms=0.2628 scale=1.0000 fcos=nan ign=0.0000 prn=nan nxp=0.000 mph=0.000 bytes=65536 pkts=65536 shard=0
step=0542600 (run 6600/8000) loss=1.16914 byte_ppl=3.219 atoms=9 merges=0 field=8.4231 rms=0.2632 scale=1.0000 fcos=nan ign=0.0000 prn=nan nxp=0.000 mph=0.000 bytes=65536 pkts=65536 shard=0
step=0542625 (run 6625/8000) loss=0.01084 byte_ppl=1.011 atoms=36 merges=0 field=8.4412 rms=0.2638 scale=1.0000 fcos=nan ign=0.0000 prn=nan nxp=0.000 mph=0.000 bytes=65536 pkts=65536 shard=0
step=0542650 (run 6650/8000) loss=1.86359 byte_ppl=6.447 atoms=64 merges=0 field=8.4784 rms=0.2650 scale=1.0000 fcos=nan ign=0.0000 prn=nan nxp=0.000 mph=0.000 bytes=65536 pkts=65536 shard=0
step=0542675 (run 6675/8000) loss=0.00102 byte_ppl=1.001 atoms=21 merges=0 field=8.5085 rms=0.2659 scale=1.0000 fcos=nan ign=0.0000 prn=nan nxp=0.000 mph=0.000 bytes=65536 pkts=65536 shard=0
step=0542700 (run 6700/8000) loss=4.86966 byte_ppl=130.276 atoms=49 merges=0 field=8.4782 rms=0.2649 scale=1.0000 fcos=nan ign=0.0000 prn=nan nxp=0.000 mph=0.000 bytes=65536 pkts=65536 shard=0
step=0542725 (run 6725/8000) loss=4.20682 byte_ppl=67.143 atoms=5 merges=0 field=8.4906 rms=0.2653 scale=1.0000 fcos=nan ign=0.0000 prn=nan nxp=0.000 mph=0.000 bytes=65536 pkts=65536 shard=0
step=0542750 (run 6750/8000) loss=6.59991 byte_ppl=735.026 atoms=33 merges=0 field=8.4955 rms=0.2655 scale=1.0000 fcos=nan ign=0.0000 prn=nan nxp=0.000 mph=0.000 bytes=65536 pkts=65536 shard=0
step=0542775 (run 6775/8000) loss=0.00450 byte_ppl=1.005 atoms=60 merges=0 field=8.5165 rms=0.2661 scale=1.0000 fcos=nan ign=0.0000 prn=nan nxp=0.000 mph=0.000 bytes=65536 pkts=65536 shard=0
step=0542800 (run 6800/8000) loss=1.26024 byte_ppl=3.526 atoms=18 merges=0 field=8.5109 rms=0.2660 scale=1.0000 fcos=nan ign=0.0000 prn=nan nxp=0.000 mph=0.000 bytes=65536 pkts=65536 shard=0
step=0542825 (run 6825/8000) loss=0.00581 byte_ppl=1.006 atoms=45 merges=0 field=8.5118 rms=0.2660 scale=1.0000 fcos=nan ign=0.0000 prn=nan nxp=0.000 mph=0.000 bytes=65536 pkts=65536 shard=0
step=0542850 (run 6850/8000) loss=7.61521 byte_ppl=2028.825 atoms=3 merges=0 field=8.5342 rms=0.2667 scale=1.0000 fcos=nan ign=0.0000 prn=nan nxp=0.000 mph=0.000 bytes=65536 pkts=65536 shard=0
step=0542875 (run 6875/8000) loss=2.38200 byte_ppl=10.827 atoms=30 merges=0 field=8.5235 rms=0.2664 scale=1.0000 fcos=nan ign=0.0000 prn=nan nxp=0.000 mph=0.000 bytes=65536 pkts=65536 shard=0
step=0542900 (run 6900/8000) loss=4.58215 byte_ppl=97.724 atoms=58 merges=0 field=8.5495 rms=0.2672 scale=1.0000 fcos=nan ign=0.0000 prn=nan nxp=0.000 mph=0.000 bytes=65536 pkts=65536 shard=0
step=0542925 (run 6925/8000) loss=0.00273 byte_ppl=1.003 atoms=14 merges=0 field=8.5773 rms=0.2680 scale=1.0000 fcos=nan ign=0.0000 prn=nan nxp=0.000 mph=0.000 bytes=65536 pkts=65536 shard=0
step=0542950 (run 6950/8000) loss=6.32180 byte_ppl=556.575 atoms=42 merges=0 field=8.5729 rms=0.2679 scale=1.0000 fcos=nan ign=0.0000 prn=nan nxp=0.000 mph=0.000 bytes=65536 pkts=65536 shard=0
step=0542975 (run 6975/8000) loss=0.18647 byte_ppl=1.205 atoms=69 merges=0 field=8.6121 rms=0.2691 scale=1.0000 fcos=nan ign=0.0000 prn=nan nxp=0.000 mph=0.000 bytes=65536 pkts=65536 shard=0
step=0543000 (run 7000/8000) loss=0.00054 byte_ppl=1.001 atoms=27 merges=0 field=8.6354 rms=0.2699 scale=1.0000 fcos=nan ign=0.0000 prn=nan nxp=0.000 mph=0.000 bytes=65536 pkts=65536 shard=0
step=0543025 (run 7025/8000) loss=0.00076 byte_ppl=1.001 atoms=54 merges=0 field=8.6715 rms=0.2710 scale=1.0000 fcos=nan ign=0.0000 prn=nan nxp=0.000 mph=0.000 bytes=65536 pkts=65536 shard=0
step=0543050 (run 7050/8000) loss=6.23834 byte_ppl=512.006 atoms=11 merges=0 field=8.6359 rms=0.2699 scale=1.0000 fcos=nan ign=0.0000 prn=nan nxp=0.000 mph=0.000 bytes=65536 pkts=65536 shard=0
step=0543075 (run 7075/8000) loss=1.73187 byte_ppl=5.651 atoms=38 merges=0 field=8.6577 rms=0.2706 scale=1.0000 fcos=nan ign=0.0000 prn=nan nxp=0.000 mph=0.000 bytes=65536 pkts=65536 shard=0
step=0543100 (run 7100/8000) loss=0.00008 byte_ppl=1.000 atoms=66 merges=0 field=8.6796 rms=0.2712 scale=1.0000 fcos=nan ign=0.0000 prn=nan nxp=0.000 mph=0.000 bytes=65536 pkts=65536 shard=0
step=0543125 (run 7125/8000) loss=0.01261 byte_ppl=1.013 atoms=23 merges=0 field=8.6198 rms=0.2694 scale=1.0000 fcos=nan ign=0.0000 prn=nan nxp=0.000 mph=0.000 bytes=65536 pkts=65536 shard=0
step=0543150 (run 7150/8000) loss=4.59237 byte_ppl=98.728 atoms=51 merges=0 field=8.6370 rms=0.2699 scale=1.0000 fcos=nan ign=0.0000 prn=nan nxp=0.000 mph=0.000 bytes=65536 pkts=65536 shard=0
step=0543175 (run 7175/8000) loss=3.25314 byte_ppl=25.871 atoms=8 merges=0 field=8.6360 rms=0.2699 scale=1.0000 fcos=nan ign=0.0000 prn=nan nxp=0.000 mph=0.000 bytes=65536 pkts=65536 shard=0
step=0543200 (run 7200/8000) loss=0.02084 byte_ppl=1.021 atoms=36 merges=0 field=8.6540 rms=0.2704 scale=1.0000 fcos=nan ign=0.0000 prn=nan nxp=0.000 mph=0.000 bytes=65536 pkts=65536 shard=0
step=0543225 (run 7225/8000) loss=0.00192 byte_ppl=1.002 atoms=63 merges=0 field=8.6307 rms=0.2697 scale=1.0000 fcos=nan ign=0.0000 prn=nan nxp=0.000 mph=0.000 bytes=65536 pkts=65536 shard=0
step=0543250 (run 7250/8000) loss=3.75092 byte_ppl=42.560 atoms=20 merges=0 field=8.6616 rms=0.2707 scale=1.0000 fcos=nan ign=0.0000 prn=nan nxp=0.000 mph=0.000 bytes=65536 pkts=65536 shard=0
step=0543275 (run 7275/8000) loss=1.47292 byte_ppl=4.362 atoms=47 merges=0 field=8.6403 rms=0.2700 scale=1.0000 fcos=nan ign=0.0000 prn=nan nxp=0.000 mph=0.000 bytes=65536 pkts=65536 shard=0
step=0543300 (run 7300/8000) loss=11.50565 byte_ppl=99274.956 atoms=5 merges=0 field=8.6408 rms=0.2700 scale=1.0000 fcos=nan ign=0.0000 prn=nan nxp=0.000 mph=0.000 bytes=65536 pkts=65536 shard=0
step=0543325 (run 7325/8000) loss=0.00338 byte_ppl=1.003 atoms=32 merges=0 field=8.6325 rms=0.2698 scale=1.0000 fcos=nan ign=0.0000 prn=nan nxp=0.000 mph=0.000 bytes=65536 pkts=65536 shard=0
step=0543350 (run 7350/8000) loss=5.69125 byte_ppl=296.262 atoms=60 merges=0 field=8.6574 rms=0.2705 scale=1.0000 fcos=nan ign=0.0000 prn=nan nxp=0.000 mph=0.000 bytes=65536 pkts=65536 shard=0
step=0543375 (run 7375/8000) loss=0.00108 byte_ppl=1.001 atoms=16 merges=0 field=8.6646 rms=0.2708 scale=1.0000 fcos=nan ign=0.0000 prn=nan nxp=0.000 mph=0.000 bytes=65536 pkts=65536 shard=0
step=0543400 (run 7400/8000) loss=12.98625 byte_ppl=436373.470 atoms=44 merges=0 field=8.6713 rms=0.2710 scale=1.0000 fcos=nan ign=0.0000 prn=nan nxp=0.000 mph=0.000 bytes=65536 pkts=65536 shard=0
step=0543425 (run 7425/8000) loss=5.09256 byte_ppl=162.806 atoms=1 merges=0 field=8.6807 rms=0.2713 scale=1.0000 fcos=nan ign=0.0000 prn=nan nxp=0.000 mph=0.000 bytes=65536 pkts=65536 shard=0
step=0543450 (run 7450/8000) loss=0.00705 byte_ppl=1.007 atoms=29 merges=0 field=8.7368 rms=0.2730 scale=1.0000 fcos=nan ign=0.0000 prn=nan nxp=0.000 mph=0.000 bytes=65536 pkts=65536 shard=0
step=0543475 (run 7475/8000) loss=0.00116 byte_ppl=1.001 atoms=56 merges=0 field=8.7472 rms=0.2734 scale=1.0000 fcos=nan ign=0.0000 prn=nan nxp=0.000 mph=0.000 bytes=65536 pkts=65536 shard=0
step=0543500 (run 7500/8000) loss=0.00075 byte_ppl=1.001 atoms=14 merges=0 field=8.7600 rms=0.2738 scale=1.0000 fcos=nan ign=0.0000 prn=nan nxp=0.000 mph=0.000 bytes=65536 pkts=65536 shard=0
step=0543525 (run 7525/8000) loss=0.37197 byte_ppl=1.451 atoms=41 merges=0 field=8.7666 rms=0.2740 scale=1.0000 fcos=nan ign=0.0000 prn=nan nxp=0.000 mph=0.000 bytes=65536 pkts=65536 shard=0
step=0543550 (run 7550/8000) loss=6.09112 byte_ppl=441.915 atoms=69 merges=0 field=8.7452 rms=0.2733 scale=1.0000 fcos=nan ign=0.0000 prn=nan nxp=0.000 mph=0.000 bytes=65536 pkts=65536 shard=0
step=0543575 (run 7575/8000) loss=0.01687 byte_ppl=1.017 atoms=25 merges=0 field=8.7494 rms=0.2734 scale=1.0000 fcos=nan ign=0.0000 prn=nan nxp=0.000 mph=0.000 bytes=65536 pkts=65536 shard=0
step=0543600 (run 7600/8000) loss=4.70856 byte_ppl=110.892 atoms=53 merges=0 field=8.7396 rms=0.2731 scale=1.0000 fcos=nan ign=0.0000 prn=nan nxp=0.000 mph=0.000 bytes=65536 pkts=65536 shard=0
step=0543625 (run 7625/8000) loss=2.20710 byte_ppl=9.089 atoms=10 merges=0 field=8.7307 rms=0.2728 scale=1.0000 fcos=nan ign=0.0000 prn=nan nxp=0.000 mph=0.000 bytes=65536 pkts=65536 shard=0
step=0543650 (run 7650/8000) loss=6.82446 byte_ppl=920.079 atoms=38 merges=0 field=8.7597 rms=0.2737 scale=1.0000 fcos=nan ign=0.0000 prn=nan nxp=0.000 mph=0.000 bytes=65536 pkts=65536 shard=0
step=0543675 (run 7675/8000) loss=0.00041 byte_ppl=1.000 atoms=65 merges=0 field=8.7814 rms=0.2744 scale=1.0000 fcos=nan ign=0.0000 prn=nan nxp=0.000 mph=0.000 bytes=65536 pkts=65536 shard=0
step=0543700 (run 7700/8000) loss=7.63417 byte_ppl=2067.657 atoms=22 merges=0 field=8.7908 rms=0.2747 scale=1.0000 fcos=nan ign=0.0000 prn=nan nxp=0.000 mph=0.000 bytes=65536 pkts=65536 shard=0
step=0543725 (run 7725/8000) loss=0.00702 byte_ppl=1.007 atoms=49 merges=0 field=8.8046 rms=0.2751 scale=1.0000 fcos=nan ign=0.0000 prn=nan nxp=0.000 mph=0.000 bytes=65536 pkts=65536 shard=0
step=0543750 (run 7750/8000) loss=4.92028 byte_ppl=137.041 atoms=7 merges=0 field=8.8257 rms=0.2758 scale=1.0000 fcos=nan ign=0.0000 prn=nan nxp=0.000 mph=0.000 bytes=65536 pkts=65536 shard=0
step=0543775 (run 7775/8000) loss=0.04858 byte_ppl=1.050 atoms=34 merges=0 field=8.8414 rms=0.2763 scale=1.0000 fcos=nan ign=0.0000 prn=nan nxp=0.000 mph=0.000 bytes=65536 pkts=65536 shard=0
step=0543800 (run 7800/8000) loss=4.44038 byte_ppl=84.807 atoms=62 merges=0 field=8.8520 rms=0.2766 scale=1.0000 fcos=nan ign=0.0000 prn=nan nxp=0.000 mph=0.000 bytes=65536 pkts=65536 shard=0
step=0543825 (run 7825/8000) loss=0.00099 byte_ppl=1.001 atoms=19 merges=0 field=8.8752 rms=0.2774 scale=1.0000 fcos=nan ign=0.0000 prn=nan nxp=0.000 mph=0.000 bytes=65536 pkts=65536 shard=0
step=0543850 (run 7850/8000) loss=8.98820 byte_ppl=8008.000 atoms=47 merges=0 field=8.8193 rms=0.2756 scale=1.0000 fcos=nan ign=0.0000 prn=nan nxp=0.000 mph=0.000 bytes=65536 pkts=65536 shard=0
step=0543875 (run 7875/8000) loss=0.00548 byte_ppl=1.005 atoms=3 merges=0 field=8.8195 rms=0.2756 scale=1.0000 fcos=nan ign=0.0000 prn=nan nxp=0.000 mph=0.000 bytes=65536 pkts=65536 shard=0
step=0543900 (run 7900/8000) loss=3.36022 byte_ppl=28.796 atoms=31 merges=0 field=8.8358 rms=0.2761 scale=1.0000 fcos=nan ign=0.0000 prn=nan nxp=0.000 mph=0.000 bytes=65536 pkts=65536 shard=0
step=0543925 (run 7925/8000) loss=0.50458 byte_ppl=1.656 atoms=58 merges=0 field=8.8337 rms=0.2761 scale=1.0000 fcos=nan ign=0.0000 prn=nan nxp=0.000 mph=0.000 bytes=65536 pkts=65536 shard=0
step=0543950 (run 7950/8000) loss=9.93842 byte_ppl=20710.962 atoms=16 merges=0 field=8.8219 rms=0.2757 scale=1.0000 fcos=nan ign=0.0000 prn=nan nxp=0.000 mph=0.000 bytes=65536 pkts=65536 shard=0
step=0543975 (run 7975/8000) loss=1.94567 byte_ppl=6.998 atoms=43 merges=0 field=8.8437 rms=0.2764 scale=1.0000 fcos=nan ign=0.0000 prn=nan nxp=0.000 mph=0.000 bytes=65536 pkts=65536 shard=0
step=0544000 (run 8000/8000) loss=7.81508 byte_ppl=2477.683 atoms=71 merges=0 field=8.8491 rms=0.2765 scale=1.0000 fcos=nan ign=0.0000 prn=nan nxp=0.000 mph=0.000 bytes=65536 pkts=65536 shard=0
{
  "stream": true,
  "data_path": null,
  "data_glob": "data/corpus_fr_medium*.txt",
  "shard_paths": [
    "/home/user/atom-ai/data/corpus_fr_medium.txt",
    "/home/user/atom-ai/data/corpus_fr_medium_s21.txt"
  ],
  "data_bytes": 1000453,
  "data_characters": null,
  "atomizer_version": "atomizer-v1-byte-span",
  "feature_dim": 320,
  "packet_count": null,
  "train_packet_count": null,
  "validation_packet_count": 2048,
  "mean_packet_bytes": null,
  "max_packet_bytes": null,
  "min_packet_bytes": null,
  "bytes_seen": 65536,
  "config": {
    "d_model": 32,
    "n_modes": 32,
    "n_atoms_max": 64,
    "max_span_bytes": 1,
    "episode_length": 8000,
    "episode_reset": true,
    "atom_flush_every": 64,
    "learning_rate": 5e-05,
    "surface_learning_rate": 0.00012,
    "steps": 8000,
    "start_step": 536000,
    "seed": 20260913,
    "surface_alphabet": 256,
    "field_max_rms": 3.0,
    "energy_decay_bounds": [
      0.3,
      0.95
    ],
    "stream": true,
    "chunk_bytes": 65536,
    "loop_shards": true,
    "stream_buffer": 2048,
    "stream_prefetch": true,
    "stream_skip_packets": 40000,
    "last_atom_readout": true,
    "efference_every": 10,
    "enable_merge": false,
    "payload_copy": false,
    "merge_coherence_threshold": 0.45,
    "merge_energy_floor": 0.08,
    "field_loss_weight": 0.05,
    "field_contrast_weight": 0.0,
    "field_ignorance_weight": 0.08,
    "field_ignorance_ablate_shared": false,
    "field_ignorance_prompt_bank": false,
    "field_obligatory_readout": true,
    "field_obligatory_hard": true,
    "printable_aux_weight": 0.0,
    "field_next_packet_weight": 0.0,
    "slow_every": 1
  },
  "packets_seen": 65536,
  "stream_epoch": 0,
  "train": {
    "steps": 8000,
    "efference_every": 10,
    "efference_steps": 800,
    "start_step": 536000,
    "total_steps": 544000,
    "episode_length": 8000,
    "episode_reset": true,
    "atom_flush_every": 64,
    "elapsed_seconds": 133.464134349,
    "transitions_per_second": 59.94119722891636,
    "first_loss": 0.09399977326393127,
    "final_loss": 7.815079212188721,
    "final_total_perplexity": 2477.683207950454,
    "finite_losses": true,
    "finite_parameters": true,
    "nan_or_inf": false,
    "field_rms_before_max": 0.27741920948028564,
    "field_rms_after_max": 0.27741920948028564,
    "field_scale_min": 1.0,
    "field_norm_max": 8.877357482910156,
    "field_limited_steps": 0,
    "field_limited_fraction": 0.0,
    "final_dynamics": {
      "coupling_scale": 1.0971580743789673,
      "energy_decay": 0.3000028431415558,
      "phase_sync": 0.26613157987594604,
      "energy_decay_before": 0.3000028431415558,
      "energy_decay_repaired": false,
      "energy_decay_bounds": [
        0.3,
        0.95
      ]
    },
    "final_atoms_before_validation": 59,
    "stream": true,
    "bytes_seen": 65536
  },
  "validation": {
    "transitions": 256,
    "loss": 1.0181490671895084,
    "total_perplexity": 2.768066514272695,
    "byte_loss": 1.0181490671895084,
    "byte_perplexity": 2.768066514272695,
    "source": "stream_ring"
  },
  "checkpoint": "checkpoints/byte_tick/atom_native_step_544000_d32_ms1M.pt",
  "reload": {
    "n_atoms": 0,
    "field_norm": 8.849100112915039,
    "time": 88.0003890991211,
    "finite": true
  },
  "generation": {
    "The future of AI is": {
      "temperature": 0.8,
      "top_k": 5,
      "max_length": 20,
      "bytes_hex": "4176656320202020",
      "text": "Avec    ",
      "reload_text": "Avec    ",
      "reload_match": true
    },
    "Bonjour, je m'appelle": {
      "temperature": 0.8,
      "top_k": 5,
      "max_length": 20,
      "bytes_hex": "4176656320202020",
      "text": "Avec    ",
      "reload_text": "Avec    ",
      "reload_match": true
    },
    "Valkyria Chronicles III is": {
      "temperature": 0.8,
      "top_k": 5,
      "max_length": 20,
      "bytes_hex": "4176656320202020",
      "text": "Avec    ",
      "reload_text": "Avec    ",
      "reload_match": true
    }
  }
}
