train lock acquired: /home/user/atom-ai/checkpoints/atom-ai-train.lock (pid=1755)
stream skip: advancing 80000 packet transitions...
stream skip done: packets_seen=131072
resumed weights from checkpoints/byte_tick/atom_native_step_80000_d32.pt (recorded step=80000, legacy_surface_migrated=False, span_head_migrated=False)
atomizer pack_mode=linguistic max_span_bytes=1
dynamics on load: energy_decay=0.6313270330429077 -> 0.6313270330429077 (repaired=False, bounds=(0.3, 0.95))
MERGE gates: enable=False coherence_thr=0.450 energy_floor=0.080
field_obligatory_hard=ON hard-v2+ (mix_floor=1.0, freeze bypass, logits=frozen+cap*(α_MLP+payload_prod))
payload_copy=False (train-time copy-bias branch)
last_atom_readout=True (byte-tick 2-gram + dentate)
efference_every=10 (0=off)
optimizer groups: field/other lr=5e-05 (13 tensors), surface lr=0.00012 (25 tensors); energy_decay_bounds=(0.3, 0.95); field_max_rms=3.0
stream mode: 1 shard(s), chunk_bytes=65536, loop_shards=True, stream_buffer=2048, stream_prefetch=True
optimizer restore skipped: surface LR param groups differ from checkpoint
step=0080001 (run 1/8000) loss=0.03558 byte_ppl=1.036 atoms=1 merges=0 field=0.0403 rms=0.0016 scale=1.0000 fcos=nan ign=0.0000 prn=nan nxp=0.000 mph=0.000 bytes=131072 pkts=131072 shard=0
step=0080025 (run 25/8000) loss=0.16079 byte_ppl=1.174 atoms=27 merges=0 field=0.5703 rms=0.0178 scale=1.0000 fcos=nan ign=0.0000 prn=nan nxp=0.000 mph=0.000 bytes=131072 pkts=131072 shard=0
step=0080050 (run 50/8000) loss=1.58122 byte_ppl=4.861 atoms=55 merges=0 field=1.0055 rms=0.0314 scale=1.0000 fcos=nan ign=0.0000 prn=nan nxp=0.000 mph=0.000 bytes=131072 pkts=131072 shard=0
step=0080075 (run 75/8000) loss=3.24302 byte_ppl=25.611 atoms=12 merges=0 field=1.3023 rms=0.0407 scale=1.0000 fcos=nan ign=0.0000 prn=nan nxp=0.000 mph=0.000 bytes=131072 pkts=131072 shard=0
step=0080100 (run 100/8000) loss=5.93630 byte_ppl=378.533 atoms=40 merges=0 field=1.5827 rms=0.0495 scale=1.0000 fcos=nan ign=0.0000 prn=nan nxp=0.000 mph=0.000 bytes=131072 pkts=131072 shard=0
step=0080125 (run 125/8000) loss=1.39268 byte_ppl=4.026 atoms=67 merges=0 field=1.8305 rms=0.0572 scale=1.0000 fcos=nan ign=0.0000 prn=nan nxp=0.000 mph=0.000 bytes=131072 pkts=131072 shard=0
step=0080150 (run 150/8000) loss=0.00862 byte_ppl=1.009 atoms=25 merges=0 field=2.0406 rms=0.0638 scale=1.0000 fcos=nan ign=0.0000 prn=nan nxp=0.000 mph=0.000 bytes=131072 pkts=131072 shard=0
step=0080175 (run 175/8000) loss=0.01158 byte_ppl=1.012 atoms=52 merges=0 field=2.2166 rms=0.0693 scale=1.0000 fcos=nan ign=0.0000 prn=nan nxp=0.000 mph=0.000 bytes=131072 pkts=131072 shard=0
step=0080200 (run 200/8000) loss=0.00075 byte_ppl=1.001 atoms=9 merges=0 field=2.4469 rms=0.0765 scale=1.0000 fcos=nan ign=0.0000 prn=nan nxp=0.000 mph=0.000 bytes=131072 pkts=131072 shard=0
step=0080225 (run 225/8000) loss=0.18154 byte_ppl=1.199 atoms=36 merges=0 field=2.6747 rms=0.0836 scale=1.0000 fcos=nan ign=0.0000 prn=nan nxp=0.000 mph=0.000 bytes=131072 pkts=131072 shard=0
step=0080250 (run 250/8000) loss=9.00442 byte_ppl=8139.004 atoms=64 merges=0 field=2.9340 rms=0.0917 scale=1.0000 fcos=nan ign=0.0000 prn=nan nxp=0.000 mph=0.000 bytes=131072 pkts=131072 shard=0
step=0080275 (run 275/8000) loss=0.00248 byte_ppl=1.002 atoms=21 merges=0 field=3.1421 rms=0.0982 scale=1.0000 fcos=nan ign=0.0000 prn=nan nxp=0.000 mph=0.000 bytes=131072 pkts=131072 shard=0
step=0080300 (run 300/8000) loss=12.65959 byte_ppl=314766.368 atoms=49 merges=0 field=3.3806 rms=0.1056 scale=1.0000 fcos=nan ign=0.0000 prn=nan nxp=0.000 mph=0.000 bytes=131072 pkts=131072 shard=0
step=0080325 (run 325/8000) loss=3.73436 byte_ppl=41.861 atoms=5 merges=0 field=3.6201 rms=0.1131 scale=1.0000 fcos=nan ign=0.0000 prn=nan nxp=0.000 mph=0.000 bytes=131072 pkts=131072 shard=0
step=0080350 (run 350/8000) loss=18.17935 byte_ppl=78558167.789 atoms=33 merges=0 field=3.8879 rms=0.1215 scale=1.0000 fcos=nan ign=0.0000 prn=nan nxp=0.000 mph=0.000 bytes=131072 pkts=131072 shard=0
step=0080375 (run 375/8000) loss=0.00849 byte_ppl=1.009 atoms=60 merges=0 field=4.1495 rms=0.1297 scale=1.0000 fcos=nan ign=0.0000 prn=nan nxp=0.000 mph=0.000 bytes=131072 pkts=131072 shard=0
step=0080400 (run 400/8000) loss=3.07902 byte_ppl=21.737 atoms=18 merges=0 field=4.4714 rms=0.1397 scale=1.0000 fcos=nan ign=0.0000 prn=nan nxp=0.000 mph=0.000 bytes=131072 pkts=131072 shard=0
step=0080425 (run 425/8000) loss=3.96556 byte_ppl=52.750 atoms=45 merges=0 field=4.7486 rms=0.1484 scale=1.0000 fcos=nan ign=0.0000 prn=nan nxp=0.000 mph=0.000 bytes=131072 pkts=131072 shard=0
step=0080450 (run 450/8000) loss=5.11531 byte_ppl=166.552 atoms=3 merges=0 field=5.0652 rms=0.1583 scale=1.0000 fcos=nan ign=0.0000 prn=nan nxp=0.000 mph=0.000 bytes=131072 pkts=131072 shard=0
step=0080475 (run 475/8000) loss=4.31129 byte_ppl=74.537 atoms=30 merges=0 field=5.3393 rms=0.1669 scale=1.0000 fcos=nan ign=0.0000 prn=nan nxp=0.000 mph=0.000 bytes=131072 pkts=131072 shard=0
step=0080500 (run 500/8000) loss=7.01614 byte_ppl=1114.472 atoms=58 merges=0 field=5.6763 rms=0.1774 scale=1.0000 fcos=nan ign=0.0000 prn=nan nxp=0.000 mph=0.000 bytes=131072 pkts=131072 shard=0
step=0080525 (run 525/8000) loss=5.07778 byte_ppl=160.417 atoms=14 merges=0 field=6.0346 rms=0.1886 scale=1.0000 fcos=nan ign=0.0000 prn=nan nxp=0.000 mph=0.000 bytes=131072 pkts=131072 shard=0
step=0080550 (run 550/8000) loss=5.67115 byte_ppl=290.368 atoms=42 merges=0 field=6.3633 rms=0.1989 scale=1.0000 fcos=nan ign=0.0000 prn=nan nxp=0.000 mph=0.000 bytes=131072 pkts=131072 shard=0
step=0080575 (run 575/8000) loss=0.00986 byte_ppl=1.010 atoms=69 merges=0 field=6.7246 rms=0.2101 scale=1.0000 fcos=nan ign=0.0000 prn=nan nxp=0.000 mph=0.000 bytes=131072 pkts=131072 shard=0
step=0080600 (run 600/8000) loss=8.99045 byte_ppl=8026.082 atoms=27 merges=0 field=7.0999 rms=0.2219 scale=1.0000 fcos=nan ign=0.0000 prn=nan nxp=0.000 mph=0.000 bytes=131072 pkts=131072 shard=0
step=0080625 (run 625/8000) loss=1.65656 byte_ppl=5.241 atoms=54 merges=0 field=7.4650 rms=0.2333 scale=1.0000 fcos=nan ign=0.0000 prn=nan nxp=0.000 mph=0.000 bytes=131072 pkts=131072 shard=0
step=0080650 (run 650/8000) loss=9.92789 byte_ppl=20494.127 atoms=11 merges=0 field=7.8482 rms=0.2453 scale=1.0000 fcos=nan ign=0.0000 prn=nan nxp=0.000 mph=0.000 bytes=131072 pkts=131072 shard=0
step=0080675 (run 675/8000) loss=0.00740 byte_ppl=1.007 atoms=38 merges=0 field=8.2031 rms=0.2563 scale=1.0000 fcos=nan ign=0.0000 prn=nan nxp=0.000 mph=0.000 bytes=131072 pkts=131072 shard=0
step=0080700 (run 700/8000) loss=5.19261 byte_ppl=179.937 atoms=66 merges=0 field=8.6305 rms=0.2697 scale=1.0000 fcos=nan ign=0.0000 prn=nan nxp=0.000 mph=0.000 bytes=131072 pkts=131072 shard=0
step=0080725 (run 725/8000) loss=5.56552 byte_ppl=261.262 atoms=23 merges=0 field=9.0110 rms=0.2816 scale=1.0000 fcos=nan ign=0.0000 prn=nan nxp=0.000 mph=0.000 bytes=131072 pkts=131072 shard=0
step=0080750 (run 750/8000) loss=5.40977 byte_ppl=223.580 atoms=51 merges=0 field=9.4316 rms=0.2947 scale=1.0000 fcos=nan ign=0.0000 prn=nan nxp=0.000 mph=0.000 bytes=131072 pkts=131072 shard=0
step=0080775 (run 775/8000) loss=0.04728 byte_ppl=1.048 atoms=8 merges=0 field=9.8777 rms=0.3087 scale=1.0000 fcos=nan ign=0.0000 prn=nan nxp=0.000 mph=0.000 bytes=131072 pkts=131072 shard=0
step=0080800 (run 800/8000) loss=7.17431 byte_ppl=1305.458 atoms=36 merges=0 field=10.3250 rms=0.3227 scale=1.0000 fcos=nan ign=0.0000 prn=nan nxp=0.000 mph=0.000 bytes=131072 pkts=131072 shard=0
step=0080825 (run 825/8000) loss=0.00518 byte_ppl=1.005 atoms=63 merges=0 field=10.7920 rms=0.3373 scale=1.0000 fcos=nan ign=0.0000 prn=nan nxp=0.000 mph=0.000 bytes=131072 pkts=131072 shard=0
step=0080850 (run 850/8000) loss=6.51931 byte_ppl=678.112 atoms=20 merges=0 field=11.2553 rms=0.3517 scale=1.0000 fcos=nan ign=0.0000 prn=nan nxp=0.000 mph=0.000 bytes=131072 pkts=131072 shard=0
step=0080875 (run 875/8000) loss=0.36025 byte_ppl=1.434 atoms=47 merges=0 field=11.7237 rms=0.3664 scale=1.0000 fcos=nan ign=0.0000 prn=nan nxp=0.000 mph=0.000 bytes=131072 pkts=131072 shard=0
step=0080900 (run 900/8000) loss=3.72756 byte_ppl=41.577 atoms=5 merges=0 field=12.2227 rms=0.3820 scale=1.0000 fcos=nan ign=0.0000 prn=nan nxp=0.000 mph=0.000 bytes=131072 pkts=131072 shard=0
step=0080925 (run 925/8000) loss=0.01225 byte_ppl=1.012 atoms=32 merges=0 field=12.6864 rms=0.3965 scale=1.0000 fcos=nan ign=0.0000 prn=nan nxp=0.000 mph=0.000 bytes=131072 pkts=131072 shard=0
step=0080950 (run 950/8000) loss=2.95519 byte_ppl=19.205 atoms=60 merges=0 field=13.2057 rms=0.4127 scale=1.0000 fcos=nan ign=0.0000 prn=nan nxp=0.000 mph=0.000 bytes=131072 pkts=131072 shard=0
step=0080975 (run 975/8000) loss=0.00131 byte_ppl=1.001 atoms=16 merges=0 field=13.6907 rms=0.4278 scale=1.0000 fcos=nan ign=0.0000 prn=nan nxp=0.000 mph=0.000 bytes=131072 pkts=131072 shard=0
step=0081000 (run 1000/8000) loss=3.87230 byte_ppl=48.053 atoms=44 merges=0 field=14.2657 rms=0.4458 scale=1.0000 fcos=nan ign=0.0000 prn=nan nxp=0.000 mph=0.000 bytes=131072 pkts=131072 shard=0
step=0081025 (run 1025/8000) loss=0.00325 byte_ppl=1.003 atoms=1 merges=0 field=14.7970 rms=0.4624 scale=1.0000 fcos=nan ign=0.0000 prn=nan nxp=0.000 mph=0.000 bytes=131072 pkts=131072 shard=0
step=0081050 (run 1050/8000) loss=1.94921 byte_ppl=7.023 atoms=29 merges=0 field=15.3795 rms=0.4806 scale=1.0000 fcos=nan ign=0.0000 prn=nan nxp=0.000 mph=0.000 bytes=131072 pkts=131072 shard=0
step=0081075 (run 1075/8000) loss=0.00183 byte_ppl=1.002 atoms=56 merges=0 field=15.9621 rms=0.4988 scale=1.0000 fcos=nan ign=0.0000 prn=nan nxp=0.000 mph=0.000 bytes=131072 pkts=131072 shard=0
step=0081100 (run 1100/8000) loss=4.23456 byte_ppl=69.031 atoms=14 merges=0 field=16.5948 rms=0.5186 scale=1.0000 fcos=nan ign=0.0000 prn=nan nxp=0.000 mph=0.000 bytes=131072 pkts=131072 shard=0
step=0081125 (run 1125/8000) loss=1.24330 byte_ppl=3.467 atoms=41 merges=0 field=17.1844 rms=0.5370 scale=1.0000 fcos=nan ign=0.0000 prn=nan nxp=0.000 mph=0.000 bytes=131072 pkts=131072 shard=0
step=0081150 (run 1150/8000) loss=6.25161 byte_ppl=518.849 atoms=69 merges=0 field=17.8151 rms=0.5567 scale=1.0000 fcos=nan ign=0.0000 prn=nan nxp=0.000 mph=0.000 bytes=131072 pkts=131072 shard=0
step=0081175 (run 1175/8000) loss=0.06984 byte_ppl=1.072 atoms=25 merges=0 field=18.4478 rms=0.5765 scale=1.0000 fcos=nan ign=0.0000 prn=nan nxp=0.000 mph=0.000 bytes=131072 pkts=131072 shard=0
step=0081200 (run 1200/8000) loss=5.44563 byte_ppl=231.743 atoms=53 merges=0 field=19.0926 rms=0.5966 scale=1.0000 fcos=nan ign=0.0000 prn=nan nxp=0.000 mph=0.000 bytes=131072 pkts=131072 shard=0
step=0081225 (run 1225/8000) loss=8.92362 byte_ppl=7507.211 atoms=10 merges=0 field=19.7442 rms=0.6170 scale=1.0000 fcos=nan ign=0.0000 prn=nan nxp=0.000 mph=0.000 bytes=131072 pkts=131072 shard=0
step=0081250 (run 1250/8000) loss=6.24934 byte_ppl=517.670 atoms=38 merges=0 field=20.4208 rms=0.6381 scale=1.0000 fcos=nan ign=0.0000 prn=nan nxp=0.000 mph=0.000 bytes=131072 pkts=131072 shard=0
step=0081275 (run 1275/8000) loss=0.00124 byte_ppl=1.001 atoms=65 merges=0 field=21.1320 rms=0.6604 scale=1.0000 fcos=nan ign=0.0000 prn=nan nxp=0.000 mph=0.000 bytes=131072 pkts=131072 shard=0
step=0081300 (run 1300/8000) loss=4.51715 byte_ppl=91.574 atoms=22 merges=0 field=21.8604 rms=0.6831 scale=1.0000 fcos=nan ign=0.0000 prn=nan nxp=0.000 mph=0.000 bytes=131072 pkts=131072 shard=0
step=0081325 (run 1325/8000) loss=3.51165 byte_ppl=33.503 atoms=49 merges=0 field=22.5822 rms=0.7057 scale=1.0000 fcos=nan ign=0.0000 prn=nan nxp=0.000 mph=0.000 bytes=131072 pkts=131072 shard=0
step=0081350 (run 1350/8000) loss=8.06709 byte_ppl=3187.827 atoms=7 merges=0 field=23.3480 rms=0.7296 scale=1.0000 fcos=nan ign=0.0000 prn=nan nxp=0.000 mph=0.000 bytes=131072 pkts=131072 shard=0
step=0081375 (run 1375/8000) loss=4.78356 byte_ppl=119.529 atoms=34 merges=0 field=24.0960 rms=0.7530 scale=1.0000 fcos=nan ign=0.0000 prn=nan nxp=0.000 mph=0.000 bytes=131072 pkts=131072 shard=0
step=0081400 (run 1400/8000) loss=3.33624 byte_ppl=28.113 atoms=62 merges=0 field=24.8763 rms=0.7774 scale=1.0000 fcos=nan ign=0.0000 prn=nan nxp=0.000 mph=0.000 bytes=131072 pkts=131072 shard=0
step=0081425 (run 1425/8000) loss=0.00351 byte_ppl=1.004 atoms=19 merges=0 field=25.6518 rms=0.8016 scale=1.0000 fcos=nan ign=0.0000 prn=nan nxp=0.000 mph=0.000 bytes=131072 pkts=131072 shard=0
step=0081450 (run 1450/8000) loss=3.11635 byte_ppl=22.564 atoms=47 merges=0 field=26.4870 rms=0.8277 scale=1.0000 fcos=nan ign=0.0000 prn=nan nxp=0.000 mph=0.000 bytes=131072 pkts=131072 shard=0
step=0081475 (run 1475/8000) loss=0.00179 byte_ppl=1.002 atoms=3 merges=0 field=27.2838 rms=0.8526 scale=1.0000 fcos=nan ign=0.0000 prn=nan nxp=0.000 mph=0.000 bytes=131072 pkts=131072 shard=0
step=0081500 (run 1500/8000) loss=7.25336 byte_ppl=1412.850 atoms=31 merges=0 field=28.1526 rms=0.8798 scale=1.0000 fcos=nan ign=0.0000 prn=nan nxp=0.000 mph=0.000 bytes=131072 pkts=131072 shard=0
step=0081525 (run 1525/8000) loss=1.88325 byte_ppl=6.575 atoms=58 merges=0 field=28.9911 rms=0.9060 scale=1.0000 fcos=nan ign=0.0000 prn=nan nxp=0.000 mph=0.000 bytes=131072 pkts=131072 shard=0
step=0081550 (run 1550/8000) loss=3.54805 byte_ppl=34.745 atoms=16 merges=0 field=29.9150 rms=0.9348 scale=1.0000 fcos=nan ign=0.0000 prn=nan nxp=0.000 mph=0.000 bytes=131072 pkts=131072 shard=0
step=0081575 (run 1575/8000) loss=1.46455 byte_ppl=4.326 atoms=43 merges=0 field=30.8346 rms=0.9636 scale=1.0000 fcos=nan ign=0.0000 prn=nan nxp=0.000 mph=0.000 bytes=131072 pkts=131072 shard=0
step=0081600 (run 1600/8000) loss=6.99598 byte_ppl=1092.231 atoms=71 merges=0 field=31.8347 rms=0.9948 scale=1.0000 fcos=nan ign=0.0000 prn=nan nxp=0.000 mph=0.000 bytes=131072 pkts=131072 shard=0
step=0081625 (run 1625/8000) loss=0.00196 byte_ppl=1.002 atoms=27 merges=0 field=32.7898 rms=1.0247 scale=1.0000 fcos=nan ign=0.0000 prn=nan nxp=0.000 mph=0.000 bytes=131072 pkts=131072 shard=0
step=0081650 (run 1650/8000) loss=5.70081 byte_ppl=299.109 atoms=55 merges=0 field=33.7838 rms=1.0557 scale=1.0000 fcos=nan ign=0.0000 prn=nan nxp=0.000 mph=0.000 bytes=131072 pkts=131072 shard=0
step=0081675 (run 1675/8000) loss=0.01084 byte_ppl=1.011 atoms=12 merges=0 field=34.7569 rms=1.0862 scale=1.0000 fcos=nan ign=0.0000 prn=nan nxp=0.000 mph=0.000 bytes=131072 pkts=131072 shard=0
step=0081700 (run 1700/8000) loss=6.58997 byte_ppl=727.763 atoms=40 merges=0 field=35.7908 rms=1.1185 scale=1.0000 fcos=nan ign=0.0000 prn=nan nxp=0.000 mph=0.000 bytes=131072 pkts=131072 shard=0
step=0081725 (run 1725/8000) loss=0.01810 byte_ppl=1.018 atoms=67 merges=0 field=36.8266 rms=1.1508 scale=1.0000 fcos=nan ign=0.0000 prn=nan nxp=0.000 mph=0.000 bytes=131072 pkts=131072 shard=0
step=0081750 (run 1750/8000) loss=7.60191 byte_ppl=2002.017 atoms=25 merges=0 field=37.9476 rms=1.1859 scale=1.0000 fcos=nan ign=0.0000 prn=nan nxp=0.000 mph=0.000 bytes=131072 pkts=131072 shard=0
step=0081775 (run 1775/8000) loss=0.01924 byte_ppl=1.019 atoms=52 merges=0 field=39.0381 rms=1.2199 scale=1.0000 fcos=nan ign=0.0000 prn=nan nxp=0.000 mph=0.000 bytes=131072 pkts=131072 shard=0
step=0081800 (run 1800/8000) loss=5.78416 byte_ppl=325.108 atoms=9 merges=0 field=40.1862 rms=1.2558 scale=1.0000 fcos=nan ign=0.0000 prn=nan nxp=0.000 mph=0.000 bytes=131072 pkts=131072 shard=0
step=0081825 (run 1825/8000) loss=0.00230 byte_ppl=1.002 atoms=36 merges=0 field=41.3401 rms=1.2919 scale=1.0000 fcos=nan ign=0.0000 prn=nan nxp=0.000 mph=0.000 bytes=131072 pkts=131072 shard=0
step=0081850 (run 1850/8000) loss=2.97330 byte_ppl=19.556 atoms=64 merges=0 field=42.5542 rms=1.3298 scale=1.0000 fcos=nan ign=0.0000 prn=nan nxp=0.000 mph=0.000 bytes=131072 pkts=131072 shard=0
step=0081875 (run 1875/8000) loss=3.19888 byte_ppl=24.505 atoms=21 merges=0 field=43.7540 rms=1.3673 scale=1.0000 fcos=nan ign=0.0000 prn=nan nxp=0.000 mph=0.000 bytes=131072 pkts=131072 shard=0
step=0081900 (run 1900/8000) loss=7.70365 byte_ppl=2216.431 atoms=49 merges=0 field=44.9838 rms=1.4057 scale=1.0000 fcos=nan ign=0.0000 prn=nan nxp=0.000 mph=0.000 bytes=131072 pkts=131072 shard=0
step=0081925 (run 1925/8000) loss=0.01076 byte_ppl=1.011 atoms=5 merges=0 field=46.2061 rms=1.4439 scale=1.0000 fcos=nan ign=0.0000 prn=nan nxp=0.000 mph=0.000 bytes=131072 pkts=131072 shard=0
step=0081950 (run 1950/8000) loss=5.44090 byte_ppl=230.649 atoms=33 merges=0 field=47.5138 rms=1.4848 scale=1.0000 fcos=nan ign=0.0000 prn=nan nxp=0.000 mph=0.000 bytes=131072 pkts=131072 shard=0
step=0081975 (run 1975/8000) loss=0.00185 byte_ppl=1.002 atoms=60 merges=0 field=48.8194 rms=1.5256 scale=1.0000 fcos=nan ign=0.0000 prn=nan nxp=0.000 mph=0.000 bytes=131072 pkts=131072 shard=0
step=0082000 (run 2000/8000) loss=4.98957 byte_ppl=146.874 atoms=18 merges=0 field=50.2072 rms=1.5690 scale=1.0000 fcos=nan ign=0.0000 prn=nan nxp=0.000 mph=0.000 bytes=131072 pkts=131072 shard=0
step=0082025 (run 2025/8000) loss=3.23306 byte_ppl=25.357 atoms=45 merges=0 field=51.5751 rms=1.6117 scale=1.0000 fcos=nan ign=0.0000 prn=nan nxp=0.000 mph=0.000 bytes=131072 pkts=131072 shard=0
step=0082050 (run 2050/8000) loss=6.98589 byte_ppl=1081.269 atoms=3 merges=0 field=53.0317 rms=1.6572 scale=1.0000 fcos=nan ign=0.0000 prn=nan nxp=0.000 mph=0.000 bytes=131072 pkts=131072 shard=0
step=0082075 (run 2075/8000) loss=0.00096 byte_ppl=1.001 atoms=30 merges=0 field=54.4504 rms=1.7016 scale=1.0000 fcos=nan ign=0.0000 prn=nan nxp=0.000 mph=0.000 bytes=131072 pkts=131072 shard=0
step=0082100 (run 2100/8000) loss=13.11370 byte_ppl=495686.505 atoms=58 merges=0 field=55.9638 rms=1.7489 scale=1.0000 fcos=nan ign=0.0000 prn=nan nxp=0.000 mph=0.000 bytes=131072 pkts=131072 shard=0
step=0082125 (run 2125/8000) loss=0.00113 byte_ppl=1.001 atoms=14 merges=0 field=57.4586 rms=1.7956 scale=1.0000 fcos=nan ign=0.0000 prn=nan nxp=0.000 mph=0.000 bytes=131072 pkts=131072 shard=0
step=0082150 (run 2150/8000) loss=1.78924 byte_ppl=5.985 atoms=42 merges=0 field=59.0290 rms=1.8447 scale=1.0000 fcos=nan ign=0.0000 prn=nan nxp=0.000 mph=0.000 bytes=131072 pkts=131072 shard=0
step=0082175 (run 2175/8000) loss=0.45043 byte_ppl=1.569 atoms=69 merges=0 field=60.5751 rms=1.8930 scale=1.0000 fcos=nan ign=0.0000 prn=nan nxp=0.000 mph=0.000 bytes=131072 pkts=131072 shard=0
step=0082200 (run 2200/8000) loss=1.18709 byte_ppl=3.278 atoms=27 merges=0 field=62.2048 rms=1.9439 scale=1.0000 fcos=nan ign=0.0000 prn=nan nxp=0.000 mph=0.000 bytes=131072 pkts=131072 shard=0
step=0082225 (run 2225/8000) loss=1.84544 byte_ppl=6.331 atoms=54 merges=0 field=63.8428 rms=1.9951 scale=1.0000 fcos=nan ign=0.0000 prn=nan nxp=0.000 mph=0.000 bytes=131072 pkts=131072 shard=0
step=0082250 (run 2250/8000) loss=6.63271 byte_ppl=759.538 atoms=11 merges=0 field=65.5644 rms=2.0489 scale=1.0000 fcos=nan ign=0.0000 prn=nan nxp=0.000 mph=0.000 bytes=131072 pkts=131072 shard=0
step=0082275 (run 2275/8000) loss=1.19949 byte_ppl=3.318 atoms=38 merges=0 field=67.2944 rms=2.1030 scale=1.0000 fcos=nan ign=0.0000 prn=nan nxp=0.000 mph=0.000 bytes=131072 pkts=131072 shard=0
step=0082300 (run 2300/8000) loss=7.66413 byte_ppl=2130.546 atoms=66 merges=0 field=69.1011 rms=2.1594 scale=1.0000 fcos=nan ign=0.0000 prn=nan nxp=0.000 mph=0.000 bytes=131072 pkts=131072 shard=0
step=0082325 (run 2325/8000) loss=0.60310 byte_ppl=1.828 atoms=23 merges=0 field=70.9100 rms=2.2159 scale=1.0000 fcos=nan ign=0.0000 prn=nan nxp=0.000 mph=0.000 bytes=131072 pkts=131072 shard=0
step=0082350 (run 2350/8000) loss=8.75929 byte_ppl=6369.574 atoms=51 merges=0 field=72.8368 rms=2.2761 scale=1.0000 fcos=nan ign=0.0000 prn=nan nxp=0.000 mph=0.000 bytes=131072 pkts=131072 shard=0
step=0082375 (run 2375/8000) loss=0.00412 byte_ppl=1.004 atoms=8 merges=0 field=74.7533 rms=2.3360 scale=1.0000 fcos=nan ign=0.0000 prn=nan nxp=0.000 mph=0.000 bytes=131072 pkts=131072 shard=0
step=0082400 (run 2400/8000) loss=6.67348 byte_ppl=791.143 atoms=36 merges=0 field=76.7445 rms=2.3983 scale=1.0000 fcos=nan ign=0.0000 prn=nan nxp=0.000 mph=0.000 bytes=131072 pkts=131072 shard=0
step=0082425 (run 2425/8000) loss=2.51767 byte_ppl=12.400 atoms=63 merges=0 field=78.7148 rms=2.4598 scale=1.0000 fcos=nan ign=0.0000 prn=nan nxp=0.000 mph=0.000 bytes=131072 pkts=131072 shard=0
step=0082450 (run 2450/8000) loss=4.55571 byte_ppl=95.174 atoms=20 merges=0 field=80.7972 rms=2.5249 scale=1.0000 fcos=nan ign=0.0000 prn=nan nxp=0.000 mph=0.000 bytes=131072 pkts=131072 shard=0
step=0082475 (run 2475/8000) loss=4.89366 byte_ppl=133.441 atoms=47 merges=0 field=82.8674 rms=2.5896 scale=1.0000 fcos=nan ign=0.0000 prn=nan nxp=0.000 mph=0.000 bytes=131072 pkts=131072 shard=0
step=0082500 (run 2500/8000) loss=11.06220 byte_ppl=63716.609 atoms=5 merges=0 field=85.0540 rms=2.6579 scale=1.0000 fcos=nan ign=0.0000 prn=nan nxp=0.000 mph=0.000 bytes=131072 pkts=131072 shard=0
step=0082525 (run 2525/8000) loss=0.02162 byte_ppl=1.022 atoms=32 merges=0 field=87.2287 rms=2.7259 scale=1.0000 fcos=nan ign=0.0000 prn=nan nxp=0.000 mph=0.000 bytes=131072 pkts=131072 shard=0
step=0082550 (run 2550/8000) loss=2.32946 byte_ppl=10.272 atoms=60 merges=0 field=89.5443 rms=2.7983 scale=1.0000 fcos=nan ign=0.0000 prn=nan nxp=0.000 mph=0.000 bytes=131072 pkts=131072 shard=0
step=0082575 (run 2575/8000) loss=1.74518 byte_ppl=5.727 atoms=16 merges=0 field=91.8188 rms=2.8693 scale=1.0000 fcos=nan ign=0.0000 prn=nan nxp=0.000 mph=0.000 bytes=131072 pkts=131072 shard=0
step=0082600 (run 2600/8000) loss=2.97730 byte_ppl=19.635 atoms=44 merges=0 field=94.2435 rms=2.9451 scale=1.0000 fcos=nan ign=0.0000 prn=nan nxp=0.000 mph=0.000 bytes=131072 pkts=131072 shard=0
step=0082625 (run 2625/8000) loss=2.82121 byte_ppl=16.797 atoms=1 merges=0 field=96.0000 rms=3.0000 scale=0.9991 fcos=nan ign=0.0000 prn=nan nxp=0.000 mph=0.000 bytes=131072 pkts=131072 shard=0
step=0082650 (run 2650/8000) loss=3.55904 byte_ppl=35.130 atoms=29 merges=0 field=96.0000 rms=3.0000 scale=0.9991 fcos=nan ign=0.0000 prn=nan nxp=0.000 mph=0.000 bytes=131072 pkts=131072 shard=0
step=0082675 (run 2675/8000) loss=0.00090 byte_ppl=1.001 atoms=56 merges=0 field=96.0000 rms=3.0000 scale=0.9991 fcos=nan ign=0.0000 prn=nan nxp=0.000 mph=0.000 bytes=131072 pkts=131072 shard=0
step=0082700 (run 2700/8000) loss=5.83268 byte_ppl=341.273 atoms=14 merges=0 field=96.0000 rms=3.0000 scale=0.9991 fcos=nan ign=0.0000 prn=nan nxp=0.000 mph=0.000 bytes=131072 pkts=131072 shard=0
step=0082725 (run 2725/8000) loss=0.00034 byte_ppl=1.000 atoms=41 merges=0 field=96.0000 rms=3.0000 scale=0.9990 fcos=nan ign=0.0000 prn=nan nxp=0.000 mph=0.000 bytes=131072 pkts=131072 shard=0
step=0082750 (run 2750/8000) loss=2.52543 byte_ppl=12.496 atoms=69 merges=0 field=96.0000 rms=3.0000 scale=0.9991 fcos=nan ign=0.0000 prn=nan nxp=0.000 mph=0.000 bytes=131072 pkts=131072 shard=0
step=0082775 (run 2775/8000) loss=2.84573 byte_ppl=17.214 atoms=25 merges=0 field=96.0000 rms=3.0000 scale=0.9991 fcos=nan ign=0.0000 prn=nan nxp=0.000 mph=0.000 bytes=131072 pkts=131072 shard=0
step=0082800 (run 2800/8000) loss=0.01055 byte_ppl=1.011 atoms=53 merges=0 field=96.0000 rms=3.0000 scale=0.9990 fcos=nan ign=0.0000 prn=nan nxp=0.000 mph=0.000 bytes=131072 pkts=131072 shard=0
step=0082825 (run 2825/8000) loss=0.12362 byte_ppl=1.132 atoms=10 merges=0 field=96.0000 rms=3.0000 scale=0.9991 fcos=nan ign=0.0000 prn=nan nxp=0.000 mph=0.000 bytes=131072 pkts=131072 shard=0
step=0082850 (run 2850/8000) loss=6.23490 byte_ppl=510.249 atoms=38 merges=0 field=96.0000 rms=3.0000 scale=0.9991 fcos=nan ign=0.0000 prn=nan nxp=0.000 mph=0.000 bytes=131072 pkts=131072 shard=0
step=0082875 (run 2875/8000) loss=0.00096 byte_ppl=1.001 atoms=65 merges=0 field=96.0000 rms=3.0000 scale=0.9990 fcos=nan ign=0.0000 prn=nan nxp=0.000 mph=0.000 bytes=131072 pkts=131072 shard=0
step=0082900 (run 2900/8000) loss=2.53654 byte_ppl=12.636 atoms=22 merges=0 field=96.0000 rms=3.0000 scale=0.9991 fcos=nan ign=0.0000 prn=nan nxp=0.000 mph=0.000 bytes=131072 pkts=131072 shard=0
step=0082925 (run 2925/8000) loss=0.01077 byte_ppl=1.011 atoms=49 merges=0 field=96.0000 rms=3.0000 scale=0.9991 fcos=nan ign=0.0000 prn=nan nxp=0.000 mph=0.000 bytes=131072 pkts=131072 shard=0
step=0082950 (run 2950/8000) loss=5.05822 byte_ppl=157.310 atoms=7 merges=0 field=96.0000 rms=3.0000 scale=0.9991 fcos=nan ign=0.0000 prn=nan nxp=0.000 mph=0.000 bytes=131072 pkts=131072 shard=0
step=0082975 (run 2975/8000) loss=4.96517 byte_ppl=143.334 atoms=34 merges=0 field=96.0000 rms=3.0000 scale=0.9990 fcos=nan ign=0.0000 prn=nan nxp=0.000 mph=0.000 bytes=131072 pkts=131072 shard=0
step=0083000 (run 3000/8000) loss=4.32479 byte_ppl=75.550 atoms=62 merges=0 field=96.0000 rms=3.0000 scale=0.9990 fcos=nan ign=0.0000 prn=nan nxp=0.000 mph=0.000 bytes=131072 pkts=131072 shard=0
step=0083025 (run 3025/8000) loss=1.31479 byte_ppl=3.724 atoms=19 merges=0 field=96.0000 rms=3.0000 scale=0.9991 fcos=nan ign=0.0000 prn=nan nxp=0.000 mph=0.000 bytes=131072 pkts=131072 shard=0
step=0083050 (run 3050/8000) loss=6.87282 byte_ppl=965.671 atoms=47 merges=0 field=96.0000 rms=3.0000 scale=0.9991 fcos=nan ign=0.0000 prn=nan nxp=0.000 mph=0.000 bytes=131072 pkts=131072 shard=0
step=0083075 (run 3075/8000) loss=0.03377 byte_ppl=1.034 atoms=3 merges=0 field=96.0000 rms=3.0000 scale=0.9991 fcos=nan ign=0.0000 prn=nan nxp=0.000 mph=0.000 bytes=131072 pkts=131072 shard=0
step=0083100 (run 3100/8000) loss=3.79285 byte_ppl=44.383 atoms=31 merges=0 field=96.0000 rms=3.0000 scale=0.9991 fcos=nan ign=0.0000 prn=nan nxp=0.000 mph=0.000 bytes=131072 pkts=131072 shard=0
step=0083125 (run 3125/8000) loss=0.01370 byte_ppl=1.014 atoms=58 merges=0 field=96.0000 rms=3.0000 scale=0.9991 fcos=nan ign=0.0000 prn=nan nxp=0.000 mph=0.000 bytes=131072 pkts=131072 shard=0
step=0083150 (run 3150/8000) loss=6.71779 byte_ppl=826.992 atoms=16 merges=0 field=96.0000 rms=3.0000 scale=0.9991 fcos=nan ign=0.0000 prn=nan nxp=0.000 mph=0.000 bytes=131072 pkts=131072 shard=0
step=0083175 (run 3175/8000) loss=3.89510 byte_ppl=49.161 atoms=43 merges=0 field=96.0000 rms=3.0000 scale=0.9991 fcos=nan ign=0.0000 prn=nan nxp=0.000 mph=0.000 bytes=131072 pkts=131072 shard=0
step=0083200 (run 3200/8000) loss=5.74691 byte_ppl=313.223 atoms=71 merges=0 field=96.0000 rms=3.0000 scale=0.9991 fcos=nan ign=0.0000 prn=nan nxp=0.000 mph=0.000 bytes=131072 pkts=131072 shard=0
step=0083225 (run 3225/8000) loss=1.57117 byte_ppl=4.812 atoms=27 merges=0 field=96.0000 rms=3.0000 scale=0.9991 fcos=nan ign=0.0000 prn=nan nxp=0.000 mph=0.000 bytes=131072 pkts=131072 shard=0
step=0083250 (run 3250/8000) loss=5.91419 byte_ppl=370.256 atoms=55 merges=0 field=96.0000 rms=3.0000 scale=0.9991 fcos=nan ign=0.0000 prn=nan nxp=0.000 mph=0.000 bytes=131072 pkts=131072 shard=0
step=0083275 (run 3275/8000) loss=4.44712 byte_ppl=85.381 atoms=12 merges=0 field=96.0000 rms=3.0000 scale=0.9991 fcos=nan ign=0.0000 prn=nan nxp=0.000 mph=0.000 bytes=131072 pkts=131072 shard=0
step=0083300 (run 3300/8000) loss=4.65200 byte_ppl=104.795 atoms=40 merges=0 field=96.0000 rms=3.0000 scale=0.9991 fcos=nan ign=0.0000 prn=nan nxp=0.000 mph=0.000 bytes=131072 pkts=131072 shard=0
step=0083325 (run 3325/8000) loss=0.01074 byte_ppl=1.011 atoms=67 merges=0 field=96.0000 rms=3.0000 scale=0.9991 fcos=nan ign=0.0000 prn=nan nxp=0.000 mph=0.000 bytes=131072 pkts=131072 shard=0
step=0083350 (run 3350/8000) loss=5.14964 byte_ppl=172.369 atoms=25 merges=0 field=96.0000 rms=3.0000 scale=0.9991 fcos=nan ign=0.0000 prn=nan nxp=0.000 mph=0.000 bytes=131072 pkts=131072 shard=0
step=0083375 (run 3375/8000) loss=0.67391 byte_ppl=1.962 atoms=52 merges=0 field=95.9999 rms=3.0000 scale=0.9991 fcos=nan ign=0.0000 prn=nan nxp=0.000 mph=0.000 bytes=131072 pkts=131072 shard=0
step=0083400 (run 3400/8000) loss=9.00566 byte_ppl=8149.078 atoms=9 merges=0 field=96.0000 rms=3.0000 scale=0.9991 fcos=nan ign=0.0000 prn=nan nxp=0.000 mph=0.000 bytes=131072 pkts=131072 shard=0
step=0083425 (run 3425/8000) loss=0.00598 byte_ppl=1.006 atoms=36 merges=0 field=96.0000 rms=3.0000 scale=0.9991 fcos=nan ign=0.0000 prn=nan nxp=0.000 mph=0.000 bytes=131072 pkts=131072 shard=0
step=0083450 (run 3450/8000) loss=2.15329 byte_ppl=8.613 atoms=64 merges=0 field=96.0000 rms=3.0000 scale=0.9991 fcos=nan ign=0.0000 prn=nan nxp=0.000 mph=0.000 bytes=131072 pkts=131072 shard=0
step=0083475 (run 3475/8000) loss=0.73792 byte_ppl=2.092 atoms=21 merges=0 field=96.0000 rms=3.0000 scale=0.9991 fcos=nan ign=0.0000 prn=nan nxp=0.000 mph=0.000 bytes=131072 pkts=131072 shard=0
step=0083500 (run 3500/8000) loss=1.99429 byte_ppl=7.347 atoms=49 merges=0 field=96.0000 rms=3.0000 scale=0.9991 fcos=nan ign=0.0000 prn=nan nxp=0.000 mph=0.000 bytes=131072 pkts=131072 shard=0
step=0083525 (run 3525/8000) loss=0.00792 byte_ppl=1.008 atoms=5 merges=0 field=96.0000 rms=3.0000 scale=0.9991 fcos=nan ign=0.0000 prn=nan nxp=0.000 mph=0.000 bytes=131072 pkts=131072 shard=0
step=0083550 (run 3550/8000) loss=4.62493 byte_ppl=101.996 atoms=33 merges=0 field=96.0000 rms=3.0000 scale=0.9991 fcos=nan ign=0.0000 prn=nan nxp=0.000 mph=0.000 bytes=131072 pkts=131072 shard=0
step=0083575 (run 3575/8000) loss=8.54689 byte_ppl=5150.702 atoms=60 merges=0 field=96.0000 rms=3.0000 scale=0.9991 fcos=nan ign=0.0000 prn=nan nxp=0.000 mph=0.000 bytes=131072 pkts=131072 shard=0
step=0083600 (run 3600/8000) loss=2.31504 byte_ppl=10.125 atoms=18 merges=0 field=96.0000 rms=3.0000 scale=0.9991 fcos=nan ign=0.0000 prn=nan nxp=0.000 mph=0.000 bytes=131072 pkts=131072 shard=0
step=0083625 (run 3625/8000) loss=0.00455 byte_ppl=1.005 atoms=45 merges=0 field=96.0000 rms=3.0000 scale=0.9991 fcos=nan ign=0.0000 prn=nan nxp=0.000 mph=0.000 bytes=131072 pkts=131072 shard=0
step=0083650 (run 3650/8000) loss=4.01659 byte_ppl=55.512 atoms=3 merges=0 field=96.0000 rms=3.0000 scale=0.9991 fcos=nan ign=0.0000 prn=nan nxp=0.000 mph=0.000 bytes=131072 pkts=131072 shard=0
step=0083675 (run 3675/8000) loss=5.17715 byte_ppl=177.177 atoms=30 merges=0 field=96.0000 rms=3.0000 scale=0.9990 fcos=nan ign=0.0000 prn=nan nxp=0.000 mph=0.000 bytes=131072 pkts=131072 shard=0
step=0083700 (run 3700/8000) loss=3.54246 byte_ppl=34.552 atoms=58 merges=0 field=96.0000 rms=3.0000 scale=0.9990 fcos=nan ign=0.0000 prn=nan nxp=0.000 mph=0.000 bytes=131072 pkts=131072 shard=0
step=0083725 (run 3725/8000) loss=0.02413 byte_ppl=1.024 atoms=14 merges=0 field=96.0000 rms=3.0000 scale=0.9991 fcos=nan ign=0.0000 prn=nan nxp=0.000 mph=0.000 bytes=131072 pkts=131072 shard=0
step=0083750 (run 3750/8000) loss=0.95345 byte_ppl=2.595 atoms=42 merges=0 field=96.0000 rms=3.0000 scale=0.9991 fcos=nan ign=0.0000 prn=nan nxp=0.000 mph=0.000 bytes=131072 pkts=131072 shard=0
step=0083775 (run 3775/8000) loss=2.09191 byte_ppl=8.100 atoms=69 merges=0 field=96.0000 rms=3.0000 scale=0.9990 fcos=nan ign=0.0000 prn=nan nxp=0.000 mph=0.000 bytes=131072 pkts=131072 shard=0
step=0083800 (run 3800/8000) loss=0.05258 byte_ppl=1.054 atoms=27 merges=0 field=96.0000 rms=3.0000 scale=0.9991 fcos=nan ign=0.0000 prn=nan nxp=0.000 mph=0.000 bytes=131072 pkts=131072 shard=0
step=0083825 (run 3825/8000) loss=1.65158 byte_ppl=5.215 atoms=54 merges=0 field=96.0000 rms=3.0000 scale=0.9991 fcos=nan ign=0.0000 prn=nan nxp=0.000 mph=0.000 bytes=131072 pkts=131072 shard=0
step=0083850 (run 3850/8000) loss=1.71814 byte_ppl=5.574 atoms=11 merges=0 field=96.0000 rms=3.0000 scale=0.9991 fcos=nan ign=0.0000 prn=nan nxp=0.000 mph=0.000 bytes=131072 pkts=131072 shard=0
step=0083875 (run 3875/8000) loss=0.00314 byte_ppl=1.003 atoms=38 merges=0 field=96.0000 rms=3.0000 scale=0.9991 fcos=nan ign=0.0000 prn=nan nxp=0.000 mph=0.000 bytes=131072 pkts=131072 shard=0
step=0083900 (run 3900/8000) loss=2.74659 byte_ppl=15.589 atoms=66 merges=0 field=96.0000 rms=3.0000 scale=0.9991 fcos=nan ign=0.0000 prn=nan nxp=0.000 mph=0.000 bytes=131072 pkts=131072 shard=0
step=0083925 (run 3925/8000) loss=3.97032 byte_ppl=53.001 atoms=23 merges=0 field=96.0000 rms=3.0000 scale=0.9990 fcos=nan ign=0.0000 prn=nan nxp=0.000 mph=0.000 bytes=131072 pkts=131072 shard=0
step=0083950 (run 3950/8000) loss=6.19627 byte_ppl=490.916 atoms=51 merges=0 field=96.0000 rms=3.0000 scale=0.9991 fcos=nan ign=0.0000 prn=nan nxp=0.000 mph=0.000 bytes=131072 pkts=131072 shard=0
step=0083975 (run 3975/8000) loss=0.16007 byte_ppl=1.174 atoms=8 merges=0 field=96.0000 rms=3.0000 scale=0.9991 fcos=nan ign=0.0000 prn=nan nxp=0.000 mph=0.000 bytes=131072 pkts=131072 shard=0
step=0084000 (run 4000/8000) loss=4.30579 byte_ppl=74.128 atoms=36 merges=0 field=96.0000 rms=3.0000 scale=0.9991 fcos=nan ign=0.0000 prn=nan nxp=0.000 mph=0.000 bytes=131072 pkts=131072 shard=0
step=0084025 (run 4025/8000) loss=0.00889 byte_ppl=1.009 atoms=63 merges=0 field=96.0000 rms=3.0000 scale=0.9991 fcos=nan ign=0.0000 prn=nan nxp=0.000 mph=0.000 bytes=131072 pkts=131072 shard=0
step=0084050 (run 4050/8000) loss=4.19581 byte_ppl=66.408 atoms=20 merges=0 field=96.0000 rms=3.0000 scale=0.9991 fcos=nan ign=0.0000 prn=nan nxp=0.000 mph=0.000 bytes=131072 pkts=131072 shard=0
step=0084075 (run 4075/8000) loss=0.00446 byte_ppl=1.004 atoms=47 merges=0 field=96.0000 rms=3.0000 scale=0.9991 fcos=nan ign=0.0000 prn=nan nxp=0.000 mph=0.000 bytes=131072 pkts=131072 shard=0
step=0084100 (run 4100/8000) loss=4.66438 byte_ppl=106.100 atoms=5 merges=0 field=95.9999 rms=3.0000 scale=0.9991 fcos=nan ign=0.0000 prn=nan nxp=0.000 mph=0.000 bytes=131072 pkts=131072 shard=0
step=0084125 (run 4125/8000) loss=2.29592 byte_ppl=9.934 atoms=32 merges=0 field=96.0000 rms=3.0000 scale=0.9990 fcos=nan ign=0.0000 prn=nan nxp=0.000 mph=0.000 bytes=131072 pkts=131072 shard=0
step=0084150 (run 4150/8000) loss=5.76092 byte_ppl=317.640 atoms=60 merges=0 field=96.0000 rms=3.0000 scale=0.9991 fcos=nan ign=0.0000 prn=nan nxp=0.000 mph=0.000 bytes=131072 pkts=131072 shard=0
step=0084175 (run 4175/8000) loss=1.01385 byte_ppl=2.756 atoms=16 merges=0 field=96.0000 rms=3.0000 scale=0.9991 fcos=nan ign=0.0000 prn=nan nxp=0.000 mph=0.000 bytes=131072 pkts=131072 shard=0
step=0084200 (run 4200/8000) loss=5.90839 byte_ppl=368.113 atoms=44 merges=0 field=96.0000 rms=3.0000 scale=0.9990 fcos=nan ign=0.0000 prn=nan nxp=0.000 mph=0.000 bytes=131072 pkts=131072 shard=0
step=0084225 (run 4225/8000) loss=6.20575 byte_ppl=495.591 atoms=1 merges=0 field=96.0000 rms=3.0000 scale=0.9991 fcos=nan ign=0.0000 prn=nan nxp=0.000 mph=0.000 bytes=131072 pkts=131072 shard=0
step=0084250 (run 4250/8000) loss=4.48483 byte_ppl=88.662 atoms=29 merges=0 field=96.0000 rms=3.0000 scale=0.9990 fcos=nan ign=0.0000 prn=nan nxp=0.000 mph=0.000 bytes=131072 pkts=131072 shard=0
step=0084275 (run 4275/8000) loss=0.00426 byte_ppl=1.004 atoms=56 merges=0 field=96.0000 rms=3.0000 scale=0.9991 fcos=nan ign=0.0000 prn=nan nxp=0.000 mph=0.000 bytes=131072 pkts=131072 shard=0
step=0084300 (run 4300/8000) loss=11.75016 byte_ppl=126773.748 atoms=14 merges=0 field=96.0000 rms=3.0000 scale=0.9991 fcos=nan ign=0.0000 prn=nan nxp=0.000 mph=0.000 bytes=131072 pkts=131072 shard=0
step=0084325 (run 4325/8000) loss=5.44350 byte_ppl=231.250 atoms=41 merges=0 field=96.0000 rms=3.0000 scale=0.9990 fcos=nan ign=0.0000 prn=nan nxp=0.000 mph=0.000 bytes=131072 pkts=131072 shard=0
step=0084350 (run 4350/8000) loss=5.41026 byte_ppl=223.690 atoms=69 merges=0 field=96.0000 rms=3.0000 scale=0.9991 fcos=nan ign=0.0000 prn=nan nxp=0.000 mph=0.000 bytes=131072 pkts=131072 shard=0
step=0084375 (run 4375/8000) loss=0.02550 byte_ppl=1.026 atoms=25 merges=0 field=96.0000 rms=3.0000 scale=0.9991 fcos=nan ign=0.0000 prn=nan nxp=0.000 mph=0.000 bytes=131072 pkts=131072 shard=0
step=0084400 (run 4400/8000) loss=5.45567 byte_ppl=234.081 atoms=53 merges=0 field=96.0000 rms=3.0000 scale=0.9991 fcos=nan ign=0.0000 prn=nan nxp=0.000 mph=0.000 bytes=131072 pkts=131072 shard=0
step=0084425 (run 4425/8000) loss=4.15746 byte_ppl=63.909 atoms=10 merges=0 field=95.9999 rms=3.0000 scale=0.9991 fcos=nan ign=0.0000 prn=nan nxp=0.000 mph=0.000 bytes=131072 pkts=131072 shard=0
step=0084450 (run 4450/8000) loss=2.41801 byte_ppl=11.224 atoms=38 merges=0 field=95.9999 rms=3.0000 scale=0.9991 fcos=nan ign=0.0000 prn=nan nxp=0.000 mph=0.000 bytes=131072 pkts=131072 shard=0
step=0084475 (run 4475/8000) loss=6.44333 byte_ppl=628.498 atoms=65 merges=0 field=96.0000 rms=3.0000 scale=0.9991 fcos=nan ign=0.0000 prn=nan nxp=0.000 mph=0.000 bytes=131072 pkts=131072 shard=0
step=0084500 (run 4500/8000) loss=2.61085 byte_ppl=13.611 atoms=22 merges=0 field=96.0000 rms=3.0000 scale=0.9991 fcos=nan ign=0.0000 prn=nan nxp=0.000 mph=0.000 bytes=131072 pkts=131072 shard=0
step=0084525 (run 4525/8000) loss=3.23963 byte_ppl=25.524 atoms=49 merges=0 field=96.0000 rms=3.0000 scale=0.9990 fcos=nan ign=0.0000 prn=nan nxp=0.000 mph=0.000 bytes=131072 pkts=131072 shard=0
step=0084550 (run 4550/8000) loss=2.65635 byte_ppl=14.244 atoms=7 merges=0 field=96.0000 rms=3.0000 scale=0.9991 fcos=nan ign=0.0000 prn=nan nxp=0.000 mph=0.000 bytes=131072 pkts=131072 shard=0
step=0084575 (run 4575/8000) loss=1.56101 byte_ppl=4.764 atoms=34 merges=0 field=96.0000 rms=3.0000 scale=0.9991 fcos=nan ign=0.0000 prn=nan nxp=0.000 mph=0.000 bytes=131072 pkts=131072 shard=0
step=0084600 (run 4600/8000) loss=4.65425 byte_ppl=105.030 atoms=62 merges=0 field=95.9999 rms=3.0000 scale=0.9991 fcos=nan ign=0.0000 prn=nan nxp=0.000 mph=0.000 bytes=131072 pkts=131072 shard=0
step=0084625 (run 4625/8000) loss=1.10798 byte_ppl=3.028 atoms=19 merges=0 field=96.0000 rms=3.0000 scale=0.9991 fcos=nan ign=0.0000 prn=nan nxp=0.000 mph=0.000 bytes=131072 pkts=131072 shard=0
step=0084650 (run 4650/8000) loss=3.83270 byte_ppl=46.187 atoms=47 merges=0 field=95.9999 rms=3.0000 scale=0.9991 fcos=nan ign=0.0000 prn=nan nxp=0.000 mph=0.000 bytes=131072 pkts=131072 shard=0
step=0084675 (run 4675/8000) loss=0.00060 byte_ppl=1.001 atoms=3 merges=0 field=96.0000 rms=3.0000 scale=0.9991 fcos=nan ign=0.0000 prn=nan nxp=0.000 mph=0.000 bytes=131072 pkts=131072 shard=0
step=0084700 (run 4700/8000) loss=6.12764 byte_ppl=458.355 atoms=31 merges=0 field=95.9999 rms=3.0000 scale=0.9991 fcos=nan ign=0.0000 prn=nan nxp=0.000 mph=0.000 bytes=131072 pkts=131072 shard=0
step=0084725 (run 4725/8000) loss=5.38283 byte_ppl=217.637 atoms=58 merges=0 field=96.0000 rms=3.0000 scale=0.9991 fcos=nan ign=0.0000 prn=nan nxp=0.000 mph=0.000 bytes=131072 pkts=131072 shard=0
step=0084750 (run 4750/8000) loss=1.49034 byte_ppl=4.439 atoms=16 merges=0 field=96.0000 rms=3.0000 scale=0.9991 fcos=nan ign=0.0000 prn=nan nxp=0.000 mph=0.000 bytes=131072 pkts=131072 shard=0
step=0084775 (run 4775/8000) loss=3.76591 byte_ppl=43.203 atoms=43 merges=0 field=96.0000 rms=3.0000 scale=0.9991 fcos=nan ign=0.0000 prn=nan nxp=0.000 mph=0.000 bytes=131072 pkts=131072 shard=0
step=0084800 (run 4800/8000) loss=3.76711 byte_ppl=43.255 atoms=71 merges=0 field=96.0000 rms=3.0000 scale=0.9991 fcos=nan ign=0.0000 prn=nan nxp=0.000 mph=0.000 bytes=131072 pkts=131072 shard=0
step=0084825 (run 4825/8000) loss=0.00428 byte_ppl=1.004 atoms=27 merges=0 field=96.0000 rms=3.0000 scale=0.9991 fcos=nan ign=0.0000 prn=nan nxp=0.000 mph=0.000 bytes=131072 pkts=131072 shard=0
step=0084850 (run 4850/8000) loss=4.83833 byte_ppl=126.258 atoms=55 merges=0 field=96.0000 rms=3.0000 scale=0.9991 fcos=nan ign=0.0000 prn=nan nxp=0.000 mph=0.000 bytes=131072 pkts=131072 shard=0
step=0084875 (run 4875/8000) loss=0.74655 byte_ppl=2.110 atoms=12 merges=0 field=96.0000 rms=3.0000 scale=0.9991 fcos=nan ign=0.0000 prn=nan nxp=0.000 mph=0.000 bytes=131072 pkts=131072 shard=0
step=0084900 (run 4900/8000) loss=5.76320 byte_ppl=318.366 atoms=40 merges=0 field=96.0000 rms=3.0000 scale=0.9991 fcos=nan ign=0.0000 prn=nan nxp=0.000 mph=0.000 bytes=131072 pkts=131072 shard=0
step=0084925 (run 4925/8000) loss=0.01177 byte_ppl=1.012 atoms=67 merges=0 field=96.0000 rms=3.0000 scale=0.9991 fcos=nan ign=0.0000 prn=nan nxp=0.000 mph=0.000 bytes=131072 pkts=131072 shard=0
step=0084950 (run 4950/8000) loss=3.36604 byte_ppl=28.964 atoms=25 merges=0 field=96.0000 rms=3.0000 scale=0.9991 fcos=nan ign=0.0000 prn=nan nxp=0.000 mph=0.000 bytes=131072 pkts=131072 shard=0
step=0084975 (run 4975/8000) loss=4.99391 byte_ppl=147.512 atoms=52 merges=0 field=96.0000 rms=3.0000 scale=0.9991 fcos=nan ign=0.0000 prn=nan nxp=0.000 mph=0.000 bytes=131072 pkts=131072 shard=0
step=0085000 (run 5000/8000) loss=6.40996 byte_ppl=607.870 atoms=9 merges=0 field=96.0000 rms=3.0000 scale=0.9991 fcos=nan ign=0.0000 prn=nan nxp=0.000 mph=0.000 bytes=131072 pkts=131072 shard=0
step=0085025 (run 5025/8000) loss=0.00877 byte_ppl=1.009 atoms=36 merges=0 field=96.0000 rms=3.0000 scale=0.9991 fcos=nan ign=0.0000 prn=nan nxp=0.000 mph=0.000 bytes=131072 pkts=131072 shard=0
step=0085050 (run 5050/8000) loss=4.71410 byte_ppl=111.508 atoms=64 merges=0 field=96.0000 rms=3.0000 scale=0.9991 fcos=nan ign=0.0000 prn=nan nxp=0.000 mph=0.000 bytes=131072 pkts=131072 shard=0
step=0085075 (run 5075/8000) loss=0.16093 byte_ppl=1.175 atoms=21 merges=0 field=96.0000 rms=3.0000 scale=0.9991 fcos=nan ign=0.0000 prn=nan nxp=0.000 mph=0.000 bytes=131072 pkts=131072 shard=0
step=0085100 (run 5100/8000) loss=5.93830 byte_ppl=379.290 atoms=49 merges=0 field=96.0000 rms=3.0000 scale=0.9991 fcos=nan ign=0.0000 prn=nan nxp=0.000 mph=0.000 bytes=131072 pkts=131072 shard=0
step=0085125 (run 5125/8000) loss=3.19624 byte_ppl=24.440 atoms=5 merges=0 field=95.9999 rms=3.0000 scale=0.9991 fcos=nan ign=0.0000 prn=nan nxp=0.000 mph=0.000 bytes=131072 pkts=131072 shard=0
step=0085150 (run 5150/8000) loss=4.10222 byte_ppl=60.474 atoms=33 merges=0 field=96.0000 rms=3.0000 scale=0.9991 fcos=nan ign=0.0000 prn=nan nxp=0.000 mph=0.000 bytes=131072 pkts=131072 shard=0
step=0085175 (run 5175/8000) loss=0.07179 byte_ppl=1.074 atoms=60 merges=0 field=96.0000 rms=3.0000 scale=0.9991 fcos=nan ign=0.0000 prn=nan nxp=0.000 mph=0.000 bytes=131072 pkts=131072 shard=0
step=0085200 (run 5200/8000) loss=6.86474 byte_ppl=957.894 atoms=18 merges=0 field=96.0000 rms=3.0000 scale=0.9991 fcos=nan ign=0.0000 prn=nan nxp=0.000 mph=0.000 bytes=131072 pkts=131072 shard=0
step=0085225 (run 5225/8000) loss=0.00811 byte_ppl=1.008 atoms=45 merges=0 field=96.0000 rms=3.0000 scale=0.9991 fcos=nan ign=0.0000 prn=nan nxp=0.000 mph=0.000 bytes=131072 pkts=131072 shard=0
step=0085250 (run 5250/8000) loss=3.75249 byte_ppl=42.627 atoms=3 merges=0 field=96.0000 rms=3.0000 scale=0.9991 fcos=nan ign=0.0000 prn=nan nxp=0.000 mph=0.000 bytes=131072 pkts=131072 shard=0
step=0085275 (run 5275/8000) loss=0.00263 byte_ppl=1.003 atoms=30 merges=0 field=96.0000 rms=3.0000 scale=0.9991 fcos=nan ign=0.0000 prn=nan nxp=0.000 mph=0.000 bytes=131072 pkts=131072 shard=0
step=0085300 (run 5300/8000) loss=3.72709 byte_ppl=41.558 atoms=58 merges=0 field=96.0000 rms=3.0000 scale=0.9991 fcos=nan ign=0.0000 prn=nan nxp=0.000 mph=0.000 bytes=131072 pkts=131072 shard=0
step=0085325 (run 5325/8000) loss=0.01318 byte_ppl=1.013 atoms=14 merges=0 field=96.0000 rms=3.0000 scale=0.9991 fcos=nan ign=0.0000 prn=nan nxp=0.000 mph=0.000 bytes=131072 pkts=131072 shard=0
step=0085350 (run 5350/8000) loss=4.76504 byte_ppl=117.336 atoms=42 merges=0 field=96.0000 rms=3.0000 scale=0.9991 fcos=nan ign=0.0000 prn=nan nxp=0.000 mph=0.000 bytes=131072 pkts=131072 shard=0
step=0085375 (run 5375/8000) loss=0.01684 byte_ppl=1.017 atoms=69 merges=0 field=96.0000 rms=3.0000 scale=0.9991 fcos=nan ign=0.0000 prn=nan nxp=0.000 mph=0.000 bytes=131072 pkts=131072 shard=0
step=0085400 (run 5400/8000) loss=6.75654 byte_ppl=859.662 atoms=27 merges=0 field=96.0000 rms=3.0000 scale=0.9991 fcos=nan ign=0.0000 prn=nan nxp=0.000 mph=0.000 bytes=131072 pkts=131072 shard=0
step=0085425 (run 5425/8000) loss=0.58789 byte_ppl=1.800 atoms=54 merges=0 field=96.0000 rms=3.0000 scale=0.9990 fcos=nan ign=0.0000 prn=nan nxp=0.000 mph=0.000 bytes=131072 pkts=131072 shard=0
step=0085450 (run 5450/8000) loss=6.59289 byte_ppl=729.885 atoms=11 merges=0 field=96.0000 rms=3.0000 scale=0.9991 fcos=nan ign=0.0000 prn=nan nxp=0.000 mph=0.000 bytes=131072 pkts=131072 shard=0
step=0085475 (run 5475/8000) loss=0.00543 byte_ppl=1.005 atoms=38 merges=0 field=96.0000 rms=3.0000 scale=0.9991 fcos=nan ign=0.0000 prn=nan nxp=0.000 mph=0.000 bytes=131072 pkts=131072 shard=0
step=0085500 (run 5500/8000) loss=5.37375 byte_ppl=215.669 atoms=66 merges=0 field=96.0000 rms=3.0000 scale=0.9991 fcos=nan ign=0.0000 prn=nan nxp=0.000 mph=0.000 bytes=131072 pkts=131072 shard=0
step=0085525 (run 5525/8000) loss=0.54373 byte_ppl=1.722 atoms=23 merges=0 field=96.0000 rms=3.0000 scale=0.9991 fcos=nan ign=0.0000 prn=nan nxp=0.000 mph=0.000 bytes=131072 pkts=131072 shard=0
step=0085550 (run 5550/8000) loss=5.53986 byte_ppl=254.641 atoms=51 merges=0 field=96.0000 rms=3.0000 scale=0.9991 fcos=nan ign=0.0000 prn=nan nxp=0.000 mph=0.000 bytes=131072 pkts=131072 shard=0
step=0085575 (run 5575/8000) loss=0.01793 byte_ppl=1.018 atoms=8 merges=0 field=96.0000 rms=3.0000 scale=0.9991 fcos=nan ign=0.0000 prn=nan nxp=0.000 mph=0.000 bytes=131072 pkts=131072 shard=0
step=0085600 (run 5600/8000) loss=3.09300 byte_ppl=22.043 atoms=36 merges=0 field=96.0000 rms=3.0000 scale=0.9991 fcos=nan ign=0.0000 prn=nan nxp=0.000 mph=0.000 bytes=131072 pkts=131072 shard=0
step=0085625 (run 5625/8000) loss=0.62567 byte_ppl=1.869 atoms=63 merges=0 field=96.0000 rms=3.0000 scale=0.9991 fcos=nan ign=0.0000 prn=nan nxp=0.000 mph=0.000 bytes=131072 pkts=131072 shard=0
step=0085650 (run 5650/8000) loss=6.20212 byte_ppl=493.796 atoms=20 merges=0 field=96.0000 rms=3.0000 scale=0.9991 fcos=nan ign=0.0000 prn=nan nxp=0.000 mph=0.000 bytes=131072 pkts=131072 shard=0
step=0085675 (run 5675/8000) loss=0.01468 byte_ppl=1.015 atoms=47 merges=0 field=96.0000 rms=3.0000 scale=0.9991 fcos=nan ign=0.0000 prn=nan nxp=0.000 mph=0.000 bytes=131072 pkts=131072 shard=0
step=0085700 (run 5700/8000) loss=2.86617 byte_ppl=17.570 atoms=5 merges=0 field=96.0000 rms=3.0000 scale=0.9991 fcos=nan ign=0.0000 prn=nan nxp=0.000 mph=0.000 bytes=131072 pkts=131072 shard=0
step=0085725 (run 5725/8000) loss=6.66236 byte_ppl=782.398 atoms=32 merges=0 field=96.0000 rms=3.0000 scale=0.9991 fcos=nan ign=0.0000 prn=nan nxp=0.000 mph=0.000 bytes=131072 pkts=131072 shard=0
step=0085750 (run 5750/8000) loss=3.77368 byte_ppl=43.540 atoms=60 merges=0 field=96.0000 rms=3.0000 scale=0.9991 fcos=nan ign=0.0000 prn=nan nxp=0.000 mph=0.000 bytes=131072 pkts=131072 shard=0
step=0085775 (run 5775/8000) loss=5.68137 byte_ppl=293.352 atoms=16 merges=0 field=96.0000 rms=3.0000 scale=0.9991 fcos=nan ign=0.0000 prn=nan nxp=0.000 mph=0.000 bytes=131072 pkts=131072 shard=0
step=0085800 (run 5800/8000) loss=4.74880 byte_ppl=115.445 atoms=44 merges=0 field=96.0000 rms=3.0000 scale=0.9991 fcos=nan ign=0.0000 prn=nan nxp=0.000 mph=0.000 bytes=131072 pkts=131072 shard=0
step=0085825 (run 5825/8000) loss=0.05165 byte_ppl=1.053 atoms=1 merges=0 field=96.0000 rms=3.0000 scale=0.9991 fcos=nan ign=0.0000 prn=nan nxp=0.000 mph=0.000 bytes=131072 pkts=131072 shard=0
step=0085850 (run 5850/8000) loss=12.21195 byte_ppl=201178.225 atoms=29 merges=0 field=96.0000 rms=3.0000 scale=0.9991 fcos=nan ign=0.0000 prn=nan nxp=0.000 mph=0.000 bytes=131072 pkts=131072 shard=0
step=0085875 (run 5875/8000) loss=0.00318 byte_ppl=1.003 atoms=56 merges=0 field=96.0000 rms=3.0000 scale=0.9991 fcos=nan ign=0.0000 prn=nan nxp=0.000 mph=0.000 bytes=131072 pkts=131072 shard=0
step=0085900 (run 5900/8000) loss=24.73224 byte_ppl=55090155009.793 atoms=14 merges=0 field=96.0000 rms=3.0000 scale=0.9991 fcos=nan ign=0.0000 prn=nan nxp=0.000 mph=0.000 bytes=131072 pkts=131072 shard=0
step=0085925 (run 5925/8000) loss=0.02670 byte_ppl=1.027 atoms=41 merges=0 field=96.0000 rms=3.0000 scale=0.9991 fcos=nan ign=0.0000 prn=nan nxp=0.000 mph=0.000 bytes=131072 pkts=131072 shard=0
step=0085950 (run 5950/8000) loss=3.42773 byte_ppl=30.807 atoms=69 merges=0 field=96.0000 rms=3.0000 scale=0.9991 fcos=nan ign=0.0000 prn=nan nxp=0.000 mph=0.000 bytes=131072 pkts=131072 shard=0
step=0085975 (run 5975/8000) loss=2.02069 byte_ppl=7.544 atoms=25 merges=0 field=96.0000 rms=3.0000 scale=0.9991 fcos=nan ign=0.0000 prn=nan nxp=0.000 mph=0.000 bytes=131072 pkts=131072 shard=0
step=0086000 (run 6000/8000) loss=5.25677 byte_ppl=191.860 atoms=53 merges=0 field=95.9999 rms=3.0000 scale=0.9991 fcos=nan ign=0.0000 prn=nan nxp=0.000 mph=0.000 bytes=131072 pkts=131072 shard=0
step=0086025 (run 6025/8000) loss=0.00403 byte_ppl=1.004 atoms=10 merges=0 field=96.0000 rms=3.0000 scale=0.9991 fcos=nan ign=0.0000 prn=nan nxp=0.000 mph=0.000 bytes=131072 pkts=131072 shard=0
step=0086050 (run 6050/8000) loss=8.20755 byte_ppl=3668.547 atoms=38 merges=0 field=96.0000 rms=3.0000 scale=0.9991 fcos=nan ign=0.0000 prn=nan nxp=0.000 mph=0.000 bytes=131072 pkts=131072 shard=0
step=0086075 (run 6075/8000) loss=0.01673 byte_ppl=1.017 atoms=65 merges=0 field=96.0000 rms=3.0000 scale=0.9991 fcos=nan ign=0.0000 prn=nan nxp=0.000 mph=0.000 bytes=131072 pkts=131072 shard=0
step=0086100 (run 6100/8000) loss=3.13413 byte_ppl=22.969 atoms=22 merges=0 field=95.9999 rms=3.0000 scale=0.9991 fcos=nan ign=0.0000 prn=nan nxp=0.000 mph=0.000 bytes=131072 pkts=131072 shard=0
step=0086125 (run 6125/8000) loss=6.52903 byte_ppl=684.733 atoms=49 merges=0 field=96.0000 rms=3.0000 scale=0.9991 fcos=nan ign=0.0000 prn=nan nxp=0.000 mph=0.000 bytes=131072 pkts=131072 shard=0
step=0086150 (run 6150/8000) loss=4.40876 byte_ppl=82.167 atoms=7 merges=0 field=96.0000 rms=3.0000 scale=0.9991 fcos=nan ign=0.0000 prn=nan nxp=0.000 mph=0.000 bytes=131072 pkts=131072 shard=0
step=0086175 (run 6175/8000) loss=0.01592 byte_ppl=1.016 atoms=34 merges=0 field=96.0000 rms=3.0000 scale=0.9991 fcos=nan ign=0.0000 prn=nan nxp=0.000 mph=0.000 bytes=131072 pkts=131072 shard=0
step=0086200 (run 6200/8000) loss=3.12163 byte_ppl=22.683 atoms=62 merges=0 field=96.0000 rms=3.0000 scale=0.9991 fcos=nan ign=0.0000 prn=nan nxp=0.000 mph=0.000 bytes=131072 pkts=131072 shard=0
step=0086225 (run 6225/8000) loss=4.36490 byte_ppl=78.641 atoms=19 merges=0 field=96.0000 rms=3.0000 scale=0.9991 fcos=nan ign=0.0000 prn=nan nxp=0.000 mph=0.000 bytes=131072 pkts=131072 shard=0
step=0086250 (run 6250/8000) loss=6.08246 byte_ppl=438.105 atoms=47 merges=0 field=96.0000 rms=3.0000 scale=0.9991 fcos=nan ign=0.0000 prn=nan nxp=0.000 mph=0.000 bytes=131072 pkts=131072 shard=0
step=0086275 (run 6275/8000) loss=7.49515 byte_ppl=1799.286 atoms=3 merges=0 field=96.0000 rms=3.0000 scale=0.9991 fcos=nan ign=0.0000 prn=nan nxp=0.000 mph=0.000 bytes=131072 pkts=131072 shard=0
step=0086300 (run 6300/8000) loss=4.55996 byte_ppl=95.580 atoms=31 merges=0 field=96.0000 rms=3.0000 scale=0.9991 fcos=nan ign=0.0000 prn=nan nxp=0.000 mph=0.000 bytes=131072 pkts=131072 shard=0
step=0086325 (run 6325/8000) loss=0.00491 byte_ppl=1.005 atoms=58 merges=0 field=96.0000 rms=3.0000 scale=0.9991 fcos=nan ign=0.0000 prn=nan nxp=0.000 mph=0.000 bytes=131072 pkts=131072 shard=0
step=0086350 (run 6350/8000) loss=2.54382 byte_ppl=12.728 atoms=16 merges=0 field=96.0000 rms=3.0000 scale=0.9991 fcos=nan ign=0.0000 prn=nan nxp=0.000 mph=0.000 bytes=131072 pkts=131072 shard=0
step=0086375 (run 6375/8000) loss=2.40480 byte_ppl=11.076 atoms=43 merges=0 field=95.9999 rms=3.0000 scale=0.9991 fcos=nan ign=0.0000 prn=nan nxp=0.000 mph=0.000 bytes=131072 pkts=131072 shard=0
step=0086400 (run 6400/8000) loss=9.58480 byte_ppl=14542.078 atoms=71 merges=0 field=96.0000 rms=3.0000 scale=0.9991 fcos=nan ign=0.0000 prn=nan nxp=0.000 mph=0.000 bytes=131072 pkts=131072 shard=0
step=0086425 (run 6425/8000) loss=0.97830 byte_ppl=2.660 atoms=27 merges=0 field=96.0000 rms=3.0000 scale=0.9991 fcos=nan ign=0.0000 prn=nan nxp=0.000 mph=0.000 bytes=131072 pkts=131072 shard=0
step=0086450 (run 6450/8000) loss=2.78208 byte_ppl=16.153 atoms=55 merges=0 field=96.0000 rms=3.0000 scale=0.9991 fcos=nan ign=0.0000 prn=nan nxp=0.000 mph=0.000 bytes=131072 pkts=131072 shard=0
step=0086475 (run 6475/8000) loss=4.08527 byte_ppl=59.458 atoms=12 merges=0 field=96.0000 rms=3.0000 scale=0.9991 fcos=nan ign=0.0000 prn=nan nxp=0.000 mph=0.000 bytes=131072 pkts=131072 shard=0
step=0086500 (run 6500/8000) loss=5.45832 byte_ppl=234.703 atoms=40 merges=0 field=96.0000 rms=3.0000 scale=0.9991 fcos=nan ign=0.0000 prn=nan nxp=0.000 mph=0.000 bytes=131072 pkts=131072 shard=0
step=0086525 (run 6525/8000) loss=0.00471 byte_ppl=1.005 atoms=67 merges=0 field=96.0000 rms=3.0000 scale=0.9991 fcos=nan ign=0.0000 prn=nan nxp=0.000 mph=0.000 bytes=131072 pkts=131072 shard=0
step=0086550 (run 6550/8000) loss=6.50241 byte_ppl=666.749 atoms=25 merges=0 field=96.0000 rms=3.0000 scale=0.9990 fcos=nan ign=0.0000 prn=nan nxp=0.000 mph=0.000 bytes=131072 pkts=131072 shard=0
step=0086575 (run 6575/8000) loss=0.08540 byte_ppl=1.089 atoms=52 merges=0 field=96.0000 rms=3.0000 scale=0.9991 fcos=nan ign=0.0000 prn=nan nxp=0.000 mph=0.000 bytes=131072 pkts=131072 shard=0
step=0086600 (run 6600/8000) loss=2.46536 byte_ppl=11.768 atoms=9 merges=0 field=96.0000 rms=3.0000 scale=0.9991 fcos=nan ign=0.0000 prn=nan nxp=0.000 mph=0.000 bytes=131072 pkts=131072 shard=0
step=0086625 (run 6625/8000) loss=0.00074 byte_ppl=1.001 atoms=36 merges=0 field=96.0000 rms=3.0000 scale=0.9991 fcos=nan ign=0.0000 prn=nan nxp=0.000 mph=0.000 bytes=131072 pkts=131072 shard=0
step=0086650 (run 6650/8000) loss=13.37645 byte_ppl=644640.243 atoms=64 merges=0 field=96.0000 rms=3.0000 scale=0.9991 fcos=nan ign=0.0000 prn=nan nxp=0.000 mph=0.000 bytes=131072 pkts=131072 shard=0
step=0086675 (run 6675/8000) loss=1.75623 byte_ppl=5.791 atoms=21 merges=0 field=96.0000 rms=3.0000 scale=0.9991 fcos=nan ign=0.0000 prn=nan nxp=0.000 mph=0.000 bytes=131072 pkts=131072 shard=0
step=0086700 (run 6700/8000) loss=4.69413 byte_ppl=109.304 atoms=49 merges=0 field=96.0000 rms=3.0000 scale=0.9991 fcos=nan ign=0.0000 prn=nan nxp=0.000 mph=0.000 bytes=131072 pkts=131072 shard=0
step=0086725 (run 6725/8000) loss=2.67600 byte_ppl=14.527 atoms=5 merges=0 field=95.9999 rms=3.0000 scale=0.9991 fcos=nan ign=0.0000 prn=nan nxp=0.000 mph=0.000 bytes=131072 pkts=131072 shard=0
step=0086750 (run 6750/8000) loss=4.01018 byte_ppl=55.157 atoms=33 merges=0 field=96.0000 rms=3.0000 scale=0.9991 fcos=nan ign=0.0000 prn=nan nxp=0.000 mph=0.000 bytes=131072 pkts=131072 shard=0
step=0086775 (run 6775/8000) loss=1.45426 byte_ppl=4.281 atoms=60 merges=0 field=96.0000 rms=3.0000 scale=0.9991 fcos=nan ign=0.0000 prn=nan nxp=0.000 mph=0.000 bytes=131072 pkts=131072 shard=0
step=0086800 (run 6800/8000) loss=5.19422 byte_ppl=180.228 atoms=18 merges=0 field=96.0000 rms=3.0000 scale=0.9991 fcos=nan ign=0.0000 prn=nan nxp=0.000 mph=0.000 bytes=131072 pkts=131072 shard=0
step=0086825 (run 6825/8000) loss=0.03102 byte_ppl=1.032 atoms=45 merges=0 field=96.0000 rms=3.0000 scale=0.9991 fcos=nan ign=0.0000 prn=nan nxp=0.000 mph=0.000 bytes=131072 pkts=131072 shard=0
step=0086850 (run 6850/8000) loss=5.30886 byte_ppl=202.120 atoms=3 merges=0 field=96.0000 rms=3.0000 scale=0.9991 fcos=nan ign=0.0000 prn=nan nxp=0.000 mph=0.000 bytes=131072 pkts=131072 shard=0
step=0086875 (run 6875/8000) loss=0.01780 byte_ppl=1.018 atoms=30 merges=0 field=96.0000 rms=3.0000 scale=0.9991 fcos=nan ign=0.0000 prn=nan nxp=0.000 mph=0.000 bytes=131072 pkts=131072 shard=0
step=0086900 (run 6900/8000) loss=6.23007 byte_ppl=507.791 atoms=58 merges=0 field=96.0000 rms=3.0000 scale=0.9991 fcos=nan ign=0.0000 prn=nan nxp=0.000 mph=0.000 bytes=131072 pkts=131072 shard=0
step=0086925 (run 6925/8000) loss=2.03586 byte_ppl=7.659 atoms=14 merges=0 field=96.0000 rms=3.0000 scale=0.9991 fcos=nan ign=0.0000 prn=nan nxp=0.000 mph=0.000 bytes=131072 pkts=131072 shard=0
step=0086950 (run 6950/8000) loss=4.42968 byte_ppl=83.904 atoms=42 merges=0 field=96.0000 rms=3.0000 scale=0.9991 fcos=nan ign=0.0000 prn=nan nxp=0.000 mph=0.000 bytes=131072 pkts=131072 shard=0
step=0086975 (run 6975/8000) loss=0.00303 byte_ppl=1.003 atoms=69 merges=0 field=96.0000 rms=3.0000 scale=0.9991 fcos=nan ign=0.0000 prn=nan nxp=0.000 mph=0.000 bytes=131072 pkts=131072 shard=0
step=0087000 (run 7000/8000) loss=2.44809 byte_ppl=11.566 atoms=27 merges=0 field=96.0000 rms=3.0000 scale=0.9991 fcos=nan ign=0.0000 prn=nan nxp=0.000 mph=0.000 bytes=131072 pkts=131072 shard=0
step=0087025 (run 7025/8000) loss=1.76111 byte_ppl=5.819 atoms=54 merges=0 field=96.0000 rms=3.0000 scale=0.9991 fcos=nan ign=0.0000 prn=nan nxp=0.000 mph=0.000 bytes=131072 pkts=131072 shard=0
step=0087050 (run 7050/8000) loss=8.28616 byte_ppl=3968.564 atoms=11 merges=0 field=96.0000 rms=3.0000 scale=0.9991 fcos=nan ign=0.0000 prn=nan nxp=0.000 mph=0.000 bytes=131072 pkts=131072 shard=0
step=0087075 (run 7075/8000) loss=0.00468 byte_ppl=1.005 atoms=38 merges=0 field=96.0000 rms=3.0000 scale=0.9991 fcos=nan ign=0.0000 prn=nan nxp=0.000 mph=0.000 bytes=131072 pkts=131072 shard=0
step=0087100 (run 7100/8000) loss=7.95951 byte_ppl=2862.671 atoms=66 merges=0 field=96.0000 rms=3.0000 scale=0.9991 fcos=nan ign=0.0000 prn=nan nxp=0.000 mph=0.000 bytes=131072 pkts=131072 shard=0
step=0087125 (run 7125/8000) loss=0.55577 byte_ppl=1.743 atoms=23 merges=0 field=96.0000 rms=3.0000 scale=0.9991 fcos=nan ign=0.0000 prn=nan nxp=0.000 mph=0.000 bytes=131072 pkts=131072 shard=0
step=0087150 (run 7150/8000) loss=3.14382 byte_ppl=23.192 atoms=51 merges=0 field=96.0000 rms=3.0000 scale=0.9991 fcos=nan ign=0.0000 prn=nan nxp=0.000 mph=0.000 bytes=131072 pkts=131072 shard=0
step=0087175 (run 7175/8000) loss=0.07794 byte_ppl=1.081 atoms=8 merges=0 field=96.0000 rms=3.0000 scale=0.9991 fcos=nan ign=0.0000 prn=nan nxp=0.000 mph=0.000 bytes=131072 pkts=131072 shard=0
step=0087200 (run 7200/8000) loss=5.09473 byte_ppl=163.160 atoms=36 merges=0 field=96.0000 rms=3.0000 scale=0.9991 fcos=nan ign=0.0000 prn=nan nxp=0.000 mph=0.000 bytes=131072 pkts=131072 shard=0
step=0087225 (run 7225/8000) loss=0.67421 byte_ppl=1.962 atoms=63 merges=0 field=96.0000 rms=3.0000 scale=0.9991 fcos=nan ign=0.0000 prn=nan nxp=0.000 mph=0.000 bytes=131072 pkts=131072 shard=0
step=0087250 (run 7250/8000) loss=3.02007 byte_ppl=20.493 atoms=20 merges=0 field=96.0000 rms=3.0000 scale=0.9991 fcos=nan ign=0.0000 prn=nan nxp=0.000 mph=0.000 bytes=131072 pkts=131072 shard=0
step=0087275 (run 7275/8000) loss=0.26525 byte_ppl=1.304 atoms=47 merges=0 field=96.0000 rms=3.0000 scale=0.9991 fcos=nan ign=0.0000 prn=nan nxp=0.000 mph=0.000 bytes=131072 pkts=131072 shard=0
step=0087300 (run 7300/8000) loss=13.08483 byte_ppl=481582.649 atoms=5 merges=0 field=96.0000 rms=3.0000 scale=0.9991 fcos=nan ign=0.0000 prn=nan nxp=0.000 mph=0.000 bytes=131072 pkts=131072 shard=0
step=0087325 (run 7325/8000) loss=0.05487 byte_ppl=1.056 atoms=32 merges=0 field=96.0000 rms=3.0000 scale=0.9991 fcos=nan ign=0.0000 prn=nan nxp=0.000 mph=0.000 bytes=131072 pkts=131072 shard=0
step=0087350 (run 7350/8000) loss=7.71796 byte_ppl=2248.373 atoms=60 merges=0 field=96.0000 rms=3.0000 scale=0.9991 fcos=nan ign=0.0000 prn=nan nxp=0.000 mph=0.000 bytes=131072 pkts=131072 shard=0
step=0087375 (run 7375/8000) loss=5.35239 byte_ppl=211.112 atoms=16 merges=0 field=96.0000 rms=3.0000 scale=0.9991 fcos=nan ign=0.0000 prn=nan nxp=0.000 mph=0.000 bytes=131072 pkts=131072 shard=0
step=0087400 (run 7400/8000) loss=3.25070 byte_ppl=25.808 atoms=44 merges=0 field=96.0000 rms=3.0000 scale=0.9991 fcos=nan ign=0.0000 prn=nan nxp=0.000 mph=0.000 bytes=131072 pkts=131072 shard=0
step=0087425 (run 7425/8000) loss=0.04168 byte_ppl=1.043 atoms=1 merges=0 field=96.0000 rms=3.0000 scale=0.9991 fcos=nan ign=0.0000 prn=nan nxp=0.000 mph=0.000 bytes=131072 pkts=131072 shard=0
step=0087450 (run 7450/8000) loss=4.50506 byte_ppl=90.474 atoms=29 merges=0 field=95.9999 rms=3.0000 scale=0.9991 fcos=nan ign=0.0000 prn=nan nxp=0.000 mph=0.000 bytes=131072 pkts=131072 shard=0
step=0087475 (run 7475/8000) loss=2.14735 byte_ppl=8.562 atoms=56 merges=0 field=96.0000 rms=3.0000 scale=0.9991 fcos=nan ign=0.0000 prn=nan nxp=0.000 mph=0.000 bytes=131072 pkts=131072 shard=0
step=0087500 (run 7500/8000) loss=6.52848 byte_ppl=684.356 atoms=14 merges=0 field=96.0000 rms=3.0000 scale=0.9991 fcos=nan ign=0.0000 prn=nan nxp=0.000 mph=0.000 bytes=131072 pkts=131072 shard=0
step=0087525 (run 7525/8000) loss=0.21228 byte_ppl=1.236 atoms=41 merges=0 field=96.0000 rms=3.0000 scale=0.9991 fcos=nan ign=0.0000 prn=nan nxp=0.000 mph=0.000 bytes=131072 pkts=131072 shard=0
step=0087550 (run 7550/8000) loss=5.84418 byte_ppl=345.220 atoms=69 merges=0 field=96.0000 rms=3.0000 scale=0.9990 fcos=nan ign=0.0000 prn=nan nxp=0.000 mph=0.000 bytes=131072 pkts=131072 shard=0
step=0087575 (run 7575/8000) loss=0.00778 byte_ppl=1.008 atoms=25 merges=0 field=96.0000 rms=3.0000 scale=0.9991 fcos=nan ign=0.0000 prn=nan nxp=0.000 mph=0.000 bytes=131072 pkts=131072 shard=0
step=0087600 (run 7600/8000) loss=13.50583 byte_ppl=733679.050 atoms=53 merges=0 field=96.0000 rms=3.0000 scale=0.9991 fcos=nan ign=0.0000 prn=nan nxp=0.000 mph=0.000 bytes=131072 pkts=131072 shard=0
step=0087625 (run 7625/8000) loss=0.00313 byte_ppl=1.003 atoms=10 merges=0 field=96.0000 rms=3.0000 scale=0.9991 fcos=nan ign=0.0000 prn=nan nxp=0.000 mph=0.000 bytes=131072 pkts=131072 shard=0
step=0087650 (run 7650/8000) loss=9.20517 byte_ppl=9948.455 atoms=38 merges=0 field=96.0000 rms=3.0000 scale=0.9991 fcos=nan ign=0.0000 prn=nan nxp=0.000 mph=0.000 bytes=131072 pkts=131072 shard=0
step=0087675 (run 7675/8000) loss=1.60159 byte_ppl=4.961 atoms=65 merges=0 field=96.0000 rms=3.0000 scale=0.9991 fcos=nan ign=0.0000 prn=nan nxp=0.000 mph=0.000 bytes=131072 pkts=131072 shard=0
step=0087700 (run 7700/8000) loss=0.00039 byte_ppl=1.000 atoms=22 merges=0 field=96.0000 rms=3.0000 scale=0.9990 fcos=nan ign=0.0000 prn=nan nxp=0.000 mph=0.000 bytes=131072 pkts=131072 shard=0
step=0087725 (run 7725/8000) loss=0.04754 byte_ppl=1.049 atoms=49 merges=0 field=95.9999 rms=3.0000 scale=0.9991 fcos=nan ign=0.0000 prn=nan nxp=0.000 mph=0.000 bytes=131072 pkts=131072 shard=0
step=0087750 (run 7750/8000) loss=8.08714 byte_ppl=3252.376 atoms=7 merges=0 field=96.0000 rms=3.0000 scale=0.9991 fcos=nan ign=0.0000 prn=nan nxp=0.000 mph=0.000 bytes=131072 pkts=131072 shard=0
step=0087775 (run 7775/8000) loss=0.02313 byte_ppl=1.023 atoms=34 merges=0 field=96.0000 rms=3.0000 scale=0.9991 fcos=nan ign=0.0000 prn=nan nxp=0.000 mph=0.000 bytes=131072 pkts=131072 shard=0
step=0087800 (run 7800/8000) loss=6.21148 byte_ppl=498.441 atoms=62 merges=0 field=96.0000 rms=3.0000 scale=0.9991 fcos=nan ign=0.0000 prn=nan nxp=0.000 mph=0.000 bytes=131072 pkts=131072 shard=0
step=0087825 (run 7825/8000) loss=0.01246 byte_ppl=1.013 atoms=19 merges=0 field=95.9999 rms=3.0000 scale=0.9991 fcos=nan ign=0.0000 prn=nan nxp=0.000 mph=0.000 bytes=131072 pkts=131072 shard=0
step=0087850 (run 7850/8000) loss=2.67826 byte_ppl=14.560 atoms=47 merges=0 field=96.0000 rms=3.0000 scale=0.9991 fcos=nan ign=0.0000 prn=nan nxp=0.000 mph=0.000 bytes=131072 pkts=131072 shard=0
step=0087875 (run 7875/8000) loss=0.00925 byte_ppl=1.009 atoms=3 merges=0 field=96.0000 rms=3.0000 scale=0.9991 fcos=nan ign=0.0000 prn=nan nxp=0.000 mph=0.000 bytes=131072 pkts=131072 shard=0
step=0087900 (run 7900/8000) loss=7.60313 byte_ppl=2004.462 atoms=31 merges=0 field=96.0000 rms=3.0000 scale=0.9991 fcos=nan ign=0.0000 prn=nan nxp=0.000 mph=0.000 bytes=131072 pkts=131072 shard=0
step=0087925 (run 7925/8000) loss=0.00384 byte_ppl=1.004 atoms=58 merges=0 field=96.0000 rms=3.0000 scale=0.9991 fcos=nan ign=0.0000 prn=nan nxp=0.000 mph=0.000 bytes=131072 pkts=131072 shard=0
step=0087950 (run 7950/8000) loss=4.45514 byte_ppl=86.069 atoms=16 merges=0 field=96.0000 rms=3.0000 scale=0.9991 fcos=nan ign=0.0000 prn=nan nxp=0.000 mph=0.000 bytes=131072 pkts=131072 shard=0
step=0087975 (run 7975/8000) loss=0.00948 byte_ppl=1.010 atoms=43 merges=0 field=96.0000 rms=3.0000 scale=0.9991 fcos=nan ign=0.0000 prn=nan nxp=0.000 mph=0.000 bytes=131072 pkts=131072 shard=0
step=0088000 (run 8000/8000) loss=0.00763 byte_ppl=1.008 atoms=71 merges=0 field=96.0000 rms=3.0000 scale=0.9991 fcos=nan ign=0.0000 prn=nan nxp=0.000 mph=0.000 bytes=131072 pkts=131072 shard=0
{
  "stream": true,
  "data_path": "data/corpus_fr_medium_s21.txt",
  "data_glob": null,
  "shard_paths": [
    "/home/user/atom-ai/data/corpus_fr_medium_s21.txt"
  ],
  "data_bytes": 500257,
  "data_characters": null,
  "atomizer_version": "atomizer-v1-byte-span",
  "feature_dim": 320,
  "packet_count": null,
  "train_packet_count": null,
  "validation_packet_count": 2048,
  "mean_packet_bytes": null,
  "max_packet_bytes": null,
  "min_packet_bytes": null,
  "bytes_seen": 131072,
  "config": {
    "d_model": 32,
    "n_modes": 32,
    "n_atoms_max": 64,
    "max_span_bytes": 1,
    "episode_length": 12000,
    "episode_reset": true,
    "atom_flush_every": 64,
    "learning_rate": 5e-05,
    "surface_learning_rate": 0.00012,
    "steps": 8000,
    "start_step": 80000,
    "seed": 20260913,
    "surface_alphabet": 256,
    "field_max_rms": 3.0,
    "energy_decay_bounds": [
      0.3,
      0.95
    ],
    "stream": true,
    "chunk_bytes": 65536,
    "loop_shards": true,
    "stream_buffer": 2048,
    "stream_prefetch": true,
    "stream_skip_packets": 80000,
    "last_atom_readout": true,
    "efference_every": 10,
    "enable_merge": false,
    "payload_copy": false,
    "merge_coherence_threshold": 0.45,
    "merge_energy_floor": 0.08,
    "field_loss_weight": 0.05,
    "field_contrast_weight": 0.0,
    "field_ignorance_weight": 0.08,
    "field_ignorance_ablate_shared": false,
    "field_ignorance_prompt_bank": false,
    "field_obligatory_readout": true,
    "field_obligatory_hard": true,
    "printable_aux_weight": 0.0,
    "field_next_packet_weight": 0.0,
    "slow_every": 1
  },
  "packets_seen": 131072,
  "stream_epoch": 0,
  "train": {
    "steps": 8000,
    "efference_every": 10,
    "efference_steps": 800,
    "start_step": 80000,
    "total_steps": 88000,
    "episode_length": 12000,
    "episode_reset": true,
    "atom_flush_every": 64,
    "elapsed_seconds": 126.8254045440001,
    "transitions_per_second": 63.0788447217176,
    "first_loss": 0.0355827696621418,
    "final_loss": 0.007626465056091547,
    "final_total_perplexity": 1.0076556206115304,
    "finite_losses": true,
    "finite_parameters": true,
    "nan_or_inf": false,
    "field_rms_before_max": 3.0029261112213135,
    "field_rms_after_max": 2.999999523162842,
    "field_scale_min": 0.999025285243988,
    "field_norm_max": 95.99998474121094,
    "field_limited_steps": 5381,
    "field_limited_fraction": 0.672625,
    "final_dynamics": {
      "coupling_scale": 0.9167418479919434,
      "energy_decay": 0.6276102662086487,
      "phase_sync": 0.42928048968315125,
      "energy_decay_before": 0.6276102662086487,
      "energy_decay_repaired": false,
      "energy_decay_bounds": [
        0.3,
        0.95
      ]
    },
    "final_atoms_before_validation": 58,
    "stream": true,
    "bytes_seen": 131072
  },
  "validation": {
    "transitions": 256,
    "loss": 1.8417701271404923,
    "total_perplexity": 6.307693804746148,
    "byte_loss": 1.8417701271404923,
    "byte_perplexity": 6.307693804746148,
    "source": "stream_ring"
  },
  "checkpoint": "checkpoints/byte_tick/atom_native_step_88000_d32.pt",
  "reload": {
    "n_atoms": 0,
    "field_norm": 95.99996948242188,
    "time": 88.0003890991211,
    "finite": true
  },
  "generation": {
    "The future of AI is": {
      "temperature": 0.8,
      "top_k": 5,
      "max_length": 20,
      "bytes_hex": "206d6f7420203f0a",
      "text": " mot  ?\n",
      "reload_text": " mot  ?\n",
      "reload_match": true
    },
    "Bonjour, je m'appelle": {
      "temperature": 0.8,
      "top_k": 5,
      "max_length": 20,
      "bytes_hex": "206d61746575723a",
      "text": " mateur:",
      "reload_text": " mateur:",
      "reload_match": true
    },
    "Valkyria Chronicles III is": {
      "temperature": 0.8,
      "top_k": 5,
      "max_length": 20,
      "bytes_hex": "506575723a202070",
      "text": "Peur:  p",
      "reload_text": "Peur:  p",
      "reload_match": true
    }
  }
}
