train lock acquired: /home/user/atom-ai/checkpoints/atom-ai-train.lock (pid=2795)
stream skip: advancing 344000 packet transitions...
stream skip done: packets_seen=393216
resumed weights from checkpoints/byte_tick/atom_native_step_344000_d32.pt (recorded step=344000, legacy_surface_migrated=False, span_head_migrated=False)
atomizer pack_mode=linguistic max_span_bytes=1
dynamics on load: energy_decay=0.4366457462310791 -> 0.4366457462310791 (repaired=False, bounds=(0.3, 0.95))
MERGE gates: enable=False coherence_thr=0.450 energy_floor=0.080
field_obligatory_hard=ON hard-v2+ (mix_floor=1.0, freeze bypass, logits=frozen+cap*(α_MLP+payload_prod))
payload_copy=False (train-time copy-bias branch)
last_atom_readout=True (byte-tick 2-gram + dentate)
efference_every=10 (0=off)
optimizer groups: field/other lr=5e-05 (13 tensors), surface lr=0.00012 (25 tensors); energy_decay_bounds=(0.3, 0.95); field_max_rms=3.0
stream mode: 1 shard(s), chunk_bytes=65536, loop_shards=True, stream_buffer=2048, stream_prefetch=True
optimizer restore skipped: surface LR param groups differ from checkpoint
step=0344001 (run 1/8000) loss=0.20588 byte_ppl=1.229 atoms=1 merges=0 field=0.0390 rms=0.0016 scale=1.0000 fcos=nan ign=0.0000 prn=nan nxp=0.000 mph=0.000 bytes=393216 pkts=393216 shard=0
step=0344025 (run 25/8000) loss=5.61764 byte_ppl=275.238 atoms=27 merges=0 field=0.5862 rms=0.0183 scale=1.0000 fcos=nan ign=0.0000 prn=nan nxp=0.000 mph=0.000 bytes=393216 pkts=393216 shard=0
step=0344050 (run 50/8000) loss=2.21235 byte_ppl=9.137 atoms=55 merges=0 field=0.9682 rms=0.0303 scale=1.0000 fcos=nan ign=0.0000 prn=nan nxp=0.000 mph=0.000 bytes=393216 pkts=393216 shard=0
step=0344075 (run 75/8000) loss=0.00014 byte_ppl=1.000 atoms=12 merges=0 field=1.2803 rms=0.0400 scale=1.0000 fcos=nan ign=0.0000 prn=nan nxp=0.000 mph=0.000 bytes=393216 pkts=393216 shard=0
step=0344100 (run 100/8000) loss=6.64809 byte_ppl=771.309 atoms=40 merges=0 field=1.6145 rms=0.0505 scale=1.0000 fcos=nan ign=0.0000 prn=nan nxp=0.000 mph=0.000 bytes=393216 pkts=393216 shard=0
step=0344125 (run 125/8000) loss=0.00075 byte_ppl=1.001 atoms=67 merges=0 field=1.8081 rms=0.0565 scale=1.0000 fcos=nan ign=0.0000 prn=nan nxp=0.000 mph=0.000 bytes=393216 pkts=393216 shard=0
step=0344150 (run 150/8000) loss=6.88575 byte_ppl=978.230 atoms=25 merges=0 field=2.0166 rms=0.0630 scale=1.0000 fcos=nan ign=0.0000 prn=nan nxp=0.000 mph=0.000 bytes=393216 pkts=393216 shard=0
step=0344175 (run 175/8000) loss=2.99895 byte_ppl=20.064 atoms=52 merges=0 field=2.1932 rms=0.0685 scale=1.0000 fcos=nan ign=0.0000 prn=nan nxp=0.000 mph=0.000 bytes=393216 pkts=393216 shard=0
step=0344200 (run 200/8000) loss=2.36383 byte_ppl=10.632 atoms=9 merges=0 field=2.4137 rms=0.0754 scale=1.0000 fcos=nan ign=0.0000 prn=nan nxp=0.000 mph=0.000 bytes=393216 pkts=393216 shard=0
step=0344225 (run 225/8000) loss=4.84432 byte_ppl=127.017 atoms=36 merges=0 field=2.6249 rms=0.0820 scale=1.0000 fcos=nan ign=0.0000 prn=nan nxp=0.000 mph=0.000 bytes=393216 pkts=393216 shard=0
step=0344250 (run 250/8000) loss=0.00038 byte_ppl=1.000 atoms=64 merges=0 field=2.8214 rms=0.0882 scale=1.0000 fcos=nan ign=0.0000 prn=nan nxp=0.000 mph=0.000 bytes=393216 pkts=393216 shard=0
step=0344275 (run 275/8000) loss=0.00046 byte_ppl=1.000 atoms=21 merges=0 field=2.9925 rms=0.0935 scale=1.0000 fcos=nan ign=0.0000 prn=nan nxp=0.000 mph=0.000 bytes=393216 pkts=393216 shard=0
step=0344300 (run 300/8000) loss=4.65874 byte_ppl=105.503 atoms=49 merges=0 field=3.1114 rms=0.0972 scale=1.0000 fcos=nan ign=0.0000 prn=nan nxp=0.000 mph=0.000 bytes=393216 pkts=393216 shard=0
step=0344325 (run 325/8000) loss=0.00084 byte_ppl=1.001 atoms=5 merges=0 field=3.3056 rms=0.1033 scale=1.0000 fcos=nan ign=0.0000 prn=nan nxp=0.000 mph=0.000 bytes=393216 pkts=393216 shard=0
step=0344350 (run 350/8000) loss=0.01079 byte_ppl=1.011 atoms=33 merges=0 field=3.4887 rms=0.1090 scale=1.0000 fcos=nan ign=0.0000 prn=nan nxp=0.000 mph=0.000 bytes=393216 pkts=393216 shard=0
step=0344375 (run 375/8000) loss=0.00350 byte_ppl=1.004 atoms=60 merges=0 field=3.6915 rms=0.1154 scale=1.0000 fcos=nan ign=0.0000 prn=nan nxp=0.000 mph=0.000 bytes=393216 pkts=393216 shard=0
step=0344400 (run 400/8000) loss=0.00910 byte_ppl=1.009 atoms=18 merges=0 field=3.8651 rms=0.1208 scale=1.0000 fcos=nan ign=0.0000 prn=nan nxp=0.000 mph=0.000 bytes=393216 pkts=393216 shard=0
step=0344425 (run 425/8000) loss=0.00630 byte_ppl=1.006 atoms=45 merges=0 field=4.0838 rms=0.1276 scale=1.0000 fcos=nan ign=0.0000 prn=nan nxp=0.000 mph=0.000 bytes=393216 pkts=393216 shard=0
step=0344450 (run 450/8000) loss=13.71009 byte_ppl=899945.679 atoms=3 merges=0 field=4.2423 rms=0.1326 scale=1.0000 fcos=nan ign=0.0000 prn=nan nxp=0.000 mph=0.000 bytes=393216 pkts=393216 shard=0
step=0344475 (run 475/8000) loss=0.00134 byte_ppl=1.001 atoms=30 merges=0 field=4.4568 rms=0.1393 scale=1.0000 fcos=nan ign=0.0000 prn=nan nxp=0.000 mph=0.000 bytes=393216 pkts=393216 shard=0
step=0344500 (run 500/8000) loss=3.52413 byte_ppl=33.924 atoms=58 merges=0 field=4.6606 rms=0.1456 scale=1.0000 fcos=nan ign=0.0000 prn=nan nxp=0.000 mph=0.000 bytes=393216 pkts=393216 shard=0
step=0344525 (run 525/8000) loss=0.00775 byte_ppl=1.008 atoms=14 merges=0 field=4.8102 rms=0.1503 scale=1.0000 fcos=nan ign=0.0000 prn=nan nxp=0.000 mph=0.000 bytes=393216 pkts=393216 shard=0
step=0344550 (run 550/8000) loss=6.18665 byte_ppl=486.213 atoms=42 merges=0 field=4.9637 rms=0.1551 scale=1.0000 fcos=nan ign=0.0000 prn=nan nxp=0.000 mph=0.000 bytes=393216 pkts=393216 shard=0
step=0344575 (run 575/8000) loss=0.00085 byte_ppl=1.001 atoms=69 merges=0 field=5.1343 rms=0.1604 scale=1.0000 fcos=nan ign=0.0000 prn=nan nxp=0.000 mph=0.000 bytes=393216 pkts=393216 shard=0
step=0344600 (run 600/8000) loss=2.38214 byte_ppl=10.828 atoms=27 merges=0 field=5.2654 rms=0.1645 scale=1.0000 fcos=nan ign=0.0000 prn=nan nxp=0.000 mph=0.000 bytes=393216 pkts=393216 shard=0
step=0344625 (run 625/8000) loss=0.54151 byte_ppl=1.719 atoms=54 merges=0 field=5.4004 rms=0.1688 scale=1.0000 fcos=nan ign=0.0000 prn=nan nxp=0.000 mph=0.000 bytes=393216 pkts=393216 shard=0
step=0344650 (run 650/8000) loss=0.00033 byte_ppl=1.000 atoms=11 merges=0 field=5.5848 rms=0.1745 scale=1.0000 fcos=nan ign=0.0000 prn=nan nxp=0.000 mph=0.000 bytes=393216 pkts=393216 shard=0
step=0344675 (run 675/8000) loss=0.00318 byte_ppl=1.003 atoms=38 merges=0 field=5.7390 rms=0.1793 scale=1.0000 fcos=nan ign=0.0000 prn=nan nxp=0.000 mph=0.000 bytes=393216 pkts=393216 shard=0
step=0344700 (run 700/8000) loss=3.72559 byte_ppl=41.496 atoms=66 merges=0 field=5.8614 rms=0.1832 scale=1.0000 fcos=nan ign=0.0000 prn=nan nxp=0.000 mph=0.000 bytes=393216 pkts=393216 shard=0
step=0344725 (run 725/8000) loss=1.09330 byte_ppl=2.984 atoms=23 merges=0 field=6.0448 rms=0.1889 scale=1.0000 fcos=nan ign=0.0000 prn=nan nxp=0.000 mph=0.000 bytes=393216 pkts=393216 shard=0
step=0344750 (run 750/8000) loss=5.28036 byte_ppl=196.440 atoms=51 merges=0 field=6.1977 rms=0.1937 scale=1.0000 fcos=nan ign=0.0000 prn=nan nxp=0.000 mph=0.000 bytes=393216 pkts=393216 shard=0
step=0344775 (run 775/8000) loss=0.00169 byte_ppl=1.002 atoms=8 merges=0 field=6.3669 rms=0.1990 scale=1.0000 fcos=nan ign=0.0000 prn=nan nxp=0.000 mph=0.000 bytes=393216 pkts=393216 shard=0
step=0344800 (run 800/8000) loss=0.05896 byte_ppl=1.061 atoms=36 merges=0 field=6.5127 rms=0.2035 scale=1.0000 fcos=nan ign=0.0000 prn=nan nxp=0.000 mph=0.000 bytes=393216 pkts=393216 shard=0
step=0344825 (run 825/8000) loss=3.07529 byte_ppl=21.656 atoms=63 merges=0 field=6.6214 rms=0.2069 scale=1.0000 fcos=nan ign=0.0000 prn=nan nxp=0.000 mph=0.000 bytes=393216 pkts=393216 shard=0
step=0344850 (run 850/8000) loss=5.14614 byte_ppl=171.767 atoms=20 merges=0 field=6.7796 rms=0.2119 scale=1.0000 fcos=nan ign=0.0000 prn=nan nxp=0.000 mph=0.000 bytes=393216 pkts=393216 shard=0
step=0344875 (run 875/8000) loss=0.01212 byte_ppl=1.012 atoms=47 merges=0 field=6.9209 rms=0.2163 scale=1.0000 fcos=nan ign=0.0000 prn=nan nxp=0.000 mph=0.000 bytes=393216 pkts=393216 shard=0
step=0344900 (run 900/8000) loss=9.13005 byte_ppl=9228.454 atoms=5 merges=0 field=7.0688 rms=0.2209 scale=1.0000 fcos=nan ign=0.0000 prn=nan nxp=0.000 mph=0.000 bytes=393216 pkts=393216 shard=0
step=0344925 (run 925/8000) loss=0.00024 byte_ppl=1.000 atoms=32 merges=0 field=7.2076 rms=0.2252 scale=1.0000 fcos=nan ign=0.0000 prn=nan nxp=0.000 mph=0.000 bytes=393216 pkts=393216 shard=0
step=0344950 (run 950/8000) loss=3.19982 byte_ppl=24.528 atoms=60 merges=0 field=7.3944 rms=0.2311 scale=1.0000 fcos=nan ign=0.0000 prn=nan nxp=0.000 mph=0.000 bytes=393216 pkts=393216 shard=0
step=0344975 (run 975/8000) loss=0.13777 byte_ppl=1.148 atoms=16 merges=0 field=7.5100 rms=0.2347 scale=1.0000 fcos=nan ign=0.0000 prn=nan nxp=0.000 mph=0.000 bytes=393216 pkts=393216 shard=0
step=0345000 (run 1000/8000) loss=11.32567 byte_ppl=82923.049 atoms=44 merges=0 field=7.6709 rms=0.2397 scale=1.0000 fcos=nan ign=0.0000 prn=nan nxp=0.000 mph=0.000 bytes=393216 pkts=393216 shard=0
step=0345025 (run 1025/8000) loss=6.49637 byte_ppl=662.731 atoms=1 merges=0 field=7.7942 rms=0.2436 scale=1.0000 fcos=nan ign=0.0000 prn=nan nxp=0.000 mph=0.000 bytes=393216 pkts=393216 shard=0
step=0345050 (run 1050/8000) loss=15.75219 byte_ppl=6935706.291 atoms=29 merges=0 field=7.8952 rms=0.2467 scale=1.0000 fcos=nan ign=0.0000 prn=nan nxp=0.000 mph=0.000 bytes=393216 pkts=393216 shard=0
step=0345075 (run 1075/8000) loss=2.52724 byte_ppl=12.519 atoms=56 merges=0 field=8.0153 rms=0.2505 scale=1.0000 fcos=nan ign=0.0000 prn=nan nxp=0.000 mph=0.000 bytes=393216 pkts=393216 shard=0
step=0345100 (run 1100/8000) loss=6.48296 byte_ppl=653.905 atoms=14 merges=0 field=8.1383 rms=0.2543 scale=1.0000 fcos=nan ign=0.0000 prn=nan nxp=0.000 mph=0.000 bytes=393216 pkts=393216 shard=0
step=0345125 (run 1125/8000) loss=0.00098 byte_ppl=1.001 atoms=41 merges=0 field=8.2646 rms=0.2583 scale=1.0000 fcos=nan ign=0.0000 prn=nan nxp=0.000 mph=0.000 bytes=393216 pkts=393216 shard=0
step=0345150 (run 1150/8000) loss=0.67776 byte_ppl=1.969 atoms=69 merges=0 field=8.3922 rms=0.2623 scale=1.0000 fcos=nan ign=0.0000 prn=nan nxp=0.000 mph=0.000 bytes=393216 pkts=393216 shard=0
step=0345175 (run 1175/8000) loss=0.00459 byte_ppl=1.005 atoms=25 merges=0 field=8.5340 rms=0.2667 scale=1.0000 fcos=nan ign=0.0000 prn=nan nxp=0.000 mph=0.000 bytes=393216 pkts=393216 shard=0
step=0345200 (run 1200/8000) loss=2.75533 byte_ppl=15.726 atoms=53 merges=0 field=8.6601 rms=0.2706 scale=1.0000 fcos=nan ign=0.0000 prn=nan nxp=0.000 mph=0.000 bytes=393216 pkts=393216 shard=0
step=0345225 (run 1225/8000) loss=0.07881 byte_ppl=1.082 atoms=10 merges=0 field=8.7526 rms=0.2735 scale=1.0000 fcos=nan ign=0.0000 prn=nan nxp=0.000 mph=0.000 bytes=393216 pkts=393216 shard=0
step=0345250 (run 1250/8000) loss=1.34100 byte_ppl=3.823 atoms=38 merges=0 field=8.8662 rms=0.2771 scale=1.0000 fcos=nan ign=0.0000 prn=nan nxp=0.000 mph=0.000 bytes=393216 pkts=393216 shard=0
step=0345275 (run 1275/8000) loss=1.27227 byte_ppl=3.569 atoms=65 merges=0 field=9.0024 rms=0.2813 scale=1.0000 fcos=nan ign=0.0000 prn=nan nxp=0.000 mph=0.000 bytes=393216 pkts=393216 shard=0
step=0345300 (run 1300/8000) loss=3.94148 byte_ppl=51.495 atoms=22 merges=0 field=9.1077 rms=0.2846 scale=1.0000 fcos=nan ign=0.0000 prn=nan nxp=0.000 mph=0.000 bytes=393216 pkts=393216 shard=0
step=0345325 (run 1325/8000) loss=0.00017 byte_ppl=1.000 atoms=49 merges=0 field=9.2107 rms=0.2878 scale=1.0000 fcos=nan ign=0.0000 prn=nan nxp=0.000 mph=0.000 bytes=393216 pkts=393216 shard=0
step=0345350 (run 1350/8000) loss=0.18256 byte_ppl=1.200 atoms=7 merges=0 field=9.3236 rms=0.2914 scale=1.0000 fcos=nan ign=0.0000 prn=nan nxp=0.000 mph=0.000 bytes=393216 pkts=393216 shard=0
step=0345375 (run 1375/8000) loss=0.00824 byte_ppl=1.008 atoms=34 merges=0 field=9.4112 rms=0.2941 scale=1.0000 fcos=nan ign=0.0000 prn=nan nxp=0.000 mph=0.000 bytes=393216 pkts=393216 shard=0
step=0345400 (run 1400/8000) loss=0.20021 byte_ppl=1.222 atoms=62 merges=0 field=9.5084 rms=0.2971 scale=1.0000 fcos=nan ign=0.0000 prn=nan nxp=0.000 mph=0.000 bytes=393216 pkts=393216 shard=0
step=0345425 (run 1425/8000) loss=0.02655 byte_ppl=1.027 atoms=19 merges=0 field=9.6047 rms=0.3001 scale=1.0000 fcos=nan ign=0.0000 prn=nan nxp=0.000 mph=0.000 bytes=393216 pkts=393216 shard=0
step=0345450 (run 1450/8000) loss=2.59433 byte_ppl=13.388 atoms=47 merges=0 field=9.6791 rms=0.3025 scale=1.0000 fcos=nan ign=0.0000 prn=nan nxp=0.000 mph=0.000 bytes=393216 pkts=393216 shard=0
step=0345475 (run 1475/8000) loss=0.01766 byte_ppl=1.018 atoms=3 merges=0 field=9.7876 rms=0.3059 scale=1.0000 fcos=nan ign=0.0000 prn=nan nxp=0.000 mph=0.000 bytes=393216 pkts=393216 shard=0
step=0345500 (run 1500/8000) loss=4.62330 byte_ppl=101.829 atoms=31 merges=0 field=9.8967 rms=0.3093 scale=1.0000 fcos=nan ign=0.0000 prn=nan nxp=0.000 mph=0.000 bytes=393216 pkts=393216 shard=0
step=0345525 (run 1525/8000) loss=0.00038 byte_ppl=1.000 atoms=58 merges=0 field=9.9959 rms=0.3124 scale=1.0000 fcos=nan ign=0.0000 prn=nan nxp=0.000 mph=0.000 bytes=393216 pkts=393216 shard=0
step=0345550 (run 1550/8000) loss=8.45576 byte_ppl=4702.065 atoms=16 merges=0 field=10.0765 rms=0.3149 scale=1.0000 fcos=nan ign=0.0000 prn=nan nxp=0.000 mph=0.000 bytes=393216 pkts=393216 shard=0
step=0345575 (run 1575/8000) loss=0.00657 byte_ppl=1.007 atoms=43 merges=0 field=10.1673 rms=0.3177 scale=1.0000 fcos=nan ign=0.0000 prn=nan nxp=0.000 mph=0.000 bytes=393216 pkts=393216 shard=0
step=0345600 (run 1600/8000) loss=3.67605 byte_ppl=39.490 atoms=71 merges=0 field=10.2652 rms=0.3208 scale=1.0000 fcos=nan ign=0.0000 prn=nan nxp=0.000 mph=0.000 bytes=393216 pkts=393216 shard=0
step=0345625 (run 1625/8000) loss=0.00267 byte_ppl=1.003 atoms=27 merges=0 field=10.3268 rms=0.3227 scale=1.0000 fcos=nan ign=0.0000 prn=nan nxp=0.000 mph=0.000 bytes=393216 pkts=393216 shard=0
step=0345650 (run 1650/8000) loss=8.07535 byte_ppl=3214.242 atoms=55 merges=0 field=10.4050 rms=0.3252 scale=1.0000 fcos=nan ign=0.0000 prn=nan nxp=0.000 mph=0.000 bytes=393216 pkts=393216 shard=0
step=0345675 (run 1675/8000) loss=0.01347 byte_ppl=1.014 atoms=12 merges=0 field=10.4720 rms=0.3273 scale=1.0000 fcos=nan ign=0.0000 prn=nan nxp=0.000 mph=0.000 bytes=393216 pkts=393216 shard=0
step=0345700 (run 1700/8000) loss=5.12461 byte_ppl=168.109 atoms=40 merges=0 field=10.5877 rms=0.3309 scale=1.0000 fcos=nan ign=0.0000 prn=nan nxp=0.000 mph=0.000 bytes=393216 pkts=393216 shard=0
step=0345725 (run 1725/8000) loss=0.00045 byte_ppl=1.000 atoms=67 merges=0 field=10.6843 rms=0.3339 scale=1.0000 fcos=nan ign=0.0000 prn=nan nxp=0.000 mph=0.000 bytes=393216 pkts=393216 shard=0
step=0345750 (run 1750/8000) loss=1.42876 byte_ppl=4.174 atoms=25 merges=0 field=10.7788 rms=0.3368 scale=1.0000 fcos=nan ign=0.0000 prn=nan nxp=0.000 mph=0.000 bytes=393216 pkts=393216 shard=0
step=0345775 (run 1775/8000) loss=0.00765 byte_ppl=1.008 atoms=52 merges=0 field=10.8456 rms=0.3389 scale=1.0000 fcos=nan ign=0.0000 prn=nan nxp=0.000 mph=0.000 bytes=393216 pkts=393216 shard=0
step=0345800 (run 1800/8000) loss=0.32719 byte_ppl=1.387 atoms=9 merges=0 field=10.8941 rms=0.3404 scale=1.0000 fcos=nan ign=0.0000 prn=nan nxp=0.000 mph=0.000 bytes=393216 pkts=393216 shard=0
step=0345825 (run 1825/8000) loss=0.00246 byte_ppl=1.002 atoms=36 merges=0 field=10.9514 rms=0.3422 scale=1.0000 fcos=nan ign=0.0000 prn=nan nxp=0.000 mph=0.000 bytes=393216 pkts=393216 shard=0
step=0345850 (run 1850/8000) loss=7.72690 byte_ppl=2268.561 atoms=64 merges=0 field=10.9879 rms=0.3434 scale=1.0000 fcos=nan ign=0.0000 prn=nan nxp=0.000 mph=0.000 bytes=393216 pkts=393216 shard=0
step=0345875 (run 1875/8000) loss=0.00361 byte_ppl=1.004 atoms=21 merges=0 field=11.0712 rms=0.3460 scale=1.0000 fcos=nan ign=0.0000 prn=nan nxp=0.000 mph=0.000 bytes=393216 pkts=393216 shard=0
step=0345900 (run 1900/8000) loss=5.08951 byte_ppl=162.310 atoms=49 merges=0 field=11.1430 rms=0.3482 scale=1.0000 fcos=nan ign=0.0000 prn=nan nxp=0.000 mph=0.000 bytes=393216 pkts=393216 shard=0
step=0345925 (run 1925/8000) loss=0.00485 byte_ppl=1.005 atoms=5 merges=0 field=11.1925 rms=0.3498 scale=1.0000 fcos=nan ign=0.0000 prn=nan nxp=0.000 mph=0.000 bytes=393216 pkts=393216 shard=0
step=0345950 (run 1950/8000) loss=8.89322 byte_ppl=7282.396 atoms=33 merges=0 field=11.2869 rms=0.3527 scale=1.0000 fcos=nan ign=0.0000 prn=nan nxp=0.000 mph=0.000 bytes=393216 pkts=393216 shard=0
step=0345975 (run 1975/8000) loss=0.00588 byte_ppl=1.006 atoms=60 merges=0 field=11.3420 rms=0.3544 scale=1.0000 fcos=nan ign=0.0000 prn=nan nxp=0.000 mph=0.000 bytes=393216 pkts=393216 shard=0
step=0346000 (run 2000/8000) loss=2.99893 byte_ppl=20.064 atoms=18 merges=0 field=11.4194 rms=0.3569 scale=1.0000 fcos=nan ign=0.0000 prn=nan nxp=0.000 mph=0.000 bytes=393216 pkts=393216 shard=0
step=0346025 (run 2025/8000) loss=0.21928 byte_ppl=1.245 atoms=45 merges=0 field=11.4998 rms=0.3594 scale=1.0000 fcos=nan ign=0.0000 prn=nan nxp=0.000 mph=0.000 bytes=393216 pkts=393216 shard=0
step=0346050 (run 2050/8000) loss=0.00393 byte_ppl=1.004 atoms=3 merges=0 field=11.5689 rms=0.3615 scale=1.0000 fcos=nan ign=0.0000 prn=nan nxp=0.000 mph=0.000 bytes=393216 pkts=393216 shard=0
step=0346075 (run 2075/8000) loss=0.00122 byte_ppl=1.001 atoms=30 merges=0 field=11.6138 rms=0.3629 scale=1.0000 fcos=nan ign=0.0000 prn=nan nxp=0.000 mph=0.000 bytes=393216 pkts=393216 shard=0
step=0346100 (run 2100/8000) loss=6.31174 byte_ppl=551.003 atoms=58 merges=0 field=11.7006 rms=0.3656 scale=1.0000 fcos=nan ign=0.0000 prn=nan nxp=0.000 mph=0.000 bytes=393216 pkts=393216 shard=0
step=0346125 (run 2125/8000) loss=0.81329 byte_ppl=2.255 atoms=14 merges=0 field=11.7361 rms=0.3668 scale=1.0000 fcos=nan ign=0.0000 prn=nan nxp=0.000 mph=0.000 bytes=393216 pkts=393216 shard=0
step=0346150 (run 2150/8000) loss=0.02690 byte_ppl=1.027 atoms=42 merges=0 field=11.7597 rms=0.3675 scale=1.0000 fcos=nan ign=0.0000 prn=nan nxp=0.000 mph=0.000 bytes=393216 pkts=393216 shard=0
step=0346175 (run 2175/8000) loss=0.95875 byte_ppl=2.608 atoms=69 merges=0 field=11.8301 rms=0.3697 scale=1.0000 fcos=nan ign=0.0000 prn=nan nxp=0.000 mph=0.000 bytes=393216 pkts=393216 shard=0
step=0346200 (run 2200/8000) loss=6.89146 byte_ppl=983.840 atoms=27 merges=0 field=11.9099 rms=0.3722 scale=1.0000 fcos=nan ign=0.0000 prn=nan nxp=0.000 mph=0.000 bytes=393216 pkts=393216 shard=0
step=0346225 (run 2225/8000) loss=0.00086 byte_ppl=1.001 atoms=54 merges=0 field=11.9257 rms=0.3727 scale=1.0000 fcos=nan ign=0.0000 prn=nan nxp=0.000 mph=0.000 bytes=393216 pkts=393216 shard=0
step=0346250 (run 2250/8000) loss=6.53176 byte_ppl=686.606 atoms=11 merges=0 field=12.0061 rms=0.3752 scale=1.0000 fcos=nan ign=0.0000 prn=nan nxp=0.000 mph=0.000 bytes=393216 pkts=393216 shard=0
step=0346275 (run 2275/8000) loss=0.75652 byte_ppl=2.131 atoms=38 merges=0 field=12.0648 rms=0.3770 scale=1.0000 fcos=nan ign=0.0000 prn=nan nxp=0.000 mph=0.000 bytes=393216 pkts=393216 shard=0
step=0346300 (run 2300/8000) loss=12.49867 byte_ppl=267981.557 atoms=66 merges=0 field=12.1125 rms=0.3785 scale=1.0000 fcos=nan ign=0.0000 prn=nan nxp=0.000 mph=0.000 bytes=393216 pkts=393216 shard=0
step=0346325 (run 2325/8000) loss=0.12747 byte_ppl=1.136 atoms=23 merges=0 field=12.1709 rms=0.3803 scale=1.0000 fcos=nan ign=0.0000 prn=nan nxp=0.000 mph=0.000 bytes=393216 pkts=393216 shard=0
step=0346350 (run 2350/8000) loss=0.00469 byte_ppl=1.005 atoms=51 merges=0 field=12.1871 rms=0.3808 scale=1.0000 fcos=nan ign=0.0000 prn=nan nxp=0.000 mph=0.000 bytes=393216 pkts=393216 shard=0
step=0346375 (run 2375/8000) loss=3.36440 byte_ppl=28.916 atoms=8 merges=0 field=12.2581 rms=0.3831 scale=1.0000 fcos=nan ign=0.0000 prn=nan nxp=0.000 mph=0.000 bytes=393216 pkts=393216 shard=0
step=0346400 (run 2400/8000) loss=1.63204 byte_ppl=5.114 atoms=36 merges=0 field=12.2953 rms=0.3842 scale=1.0000 fcos=nan ign=0.0000 prn=nan nxp=0.000 mph=0.000 bytes=393216 pkts=393216 shard=0
step=0346425 (run 2425/8000) loss=0.00336 byte_ppl=1.003 atoms=63 merges=0 field=12.3463 rms=0.3858 scale=1.0000 fcos=nan ign=0.0000 prn=nan nxp=0.000 mph=0.000 bytes=393216 pkts=393216 shard=0
step=0346450 (run 2450/8000) loss=0.51020 byte_ppl=1.666 atoms=20 merges=0 field=12.3723 rms=0.3866 scale=1.0000 fcos=nan ign=0.0000 prn=nan nxp=0.000 mph=0.000 bytes=393216 pkts=393216 shard=0
step=0346475 (run 2475/8000) loss=0.00123 byte_ppl=1.001 atoms=47 merges=0 field=12.4259 rms=0.3883 scale=1.0000 fcos=nan ign=0.0000 prn=nan nxp=0.000 mph=0.000 bytes=393216 pkts=393216 shard=0
step=0346500 (run 2500/8000) loss=5.04920 byte_ppl=155.898 atoms=5 merges=0 field=12.4865 rms=0.3902 scale=1.0000 fcos=nan ign=0.0000 prn=nan nxp=0.000 mph=0.000 bytes=393216 pkts=393216 shard=0
step=0346525 (run 2525/8000) loss=0.00091 byte_ppl=1.001 atoms=32 merges=0 field=12.5574 rms=0.3924 scale=1.0000 fcos=nan ign=0.0000 prn=nan nxp=0.000 mph=0.000 bytes=393216 pkts=393216 shard=0
step=0346550 (run 2550/8000) loss=4.73372 byte_ppl=113.718 atoms=60 merges=0 field=12.6126 rms=0.3941 scale=1.0000 fcos=nan ign=0.0000 prn=nan nxp=0.000 mph=0.000 bytes=393216 pkts=393216 shard=0
step=0346575 (run 2575/8000) loss=5.88504 byte_ppl=359.615 atoms=16 merges=0 field=12.6739 rms=0.3961 scale=1.0000 fcos=nan ign=0.0000 prn=nan nxp=0.000 mph=0.000 bytes=393216 pkts=393216 shard=0
step=0346600 (run 2600/8000) loss=6.03729 byte_ppl=418.758 atoms=44 merges=0 field=12.7523 rms=0.3985 scale=1.0000 fcos=nan ign=0.0000 prn=nan nxp=0.000 mph=0.000 bytes=393216 pkts=393216 shard=0
step=0346625 (run 2625/8000) loss=5.33684 byte_ppl=207.854 atoms=1 merges=0 field=12.8045 rms=0.4001 scale=1.0000 fcos=nan ign=0.0000 prn=nan nxp=0.000 mph=0.000 bytes=393216 pkts=393216 shard=0
step=0346650 (run 2650/8000) loss=1.62361 byte_ppl=5.071 atoms=29 merges=0 field=12.8693 rms=0.4022 scale=1.0000 fcos=nan ign=0.0000 prn=nan nxp=0.000 mph=0.000 bytes=393216 pkts=393216 shard=0
step=0346675 (run 2675/8000) loss=0.00083 byte_ppl=1.001 atoms=56 merges=0 field=12.9155 rms=0.4036 scale=1.0000 fcos=nan ign=0.0000 prn=nan nxp=0.000 mph=0.000 bytes=393216 pkts=393216 shard=0
step=0346700 (run 2700/8000) loss=3.80243 byte_ppl=44.810 atoms=14 merges=0 field=12.9498 rms=0.4047 scale=1.0000 fcos=nan ign=0.0000 prn=nan nxp=0.000 mph=0.000 bytes=393216 pkts=393216 shard=0
step=0346725 (run 2725/8000) loss=0.93552 byte_ppl=2.549 atoms=41 merges=0 field=12.9834 rms=0.4057 scale=1.0000 fcos=nan ign=0.0000 prn=nan nxp=0.000 mph=0.000 bytes=393216 pkts=393216 shard=0
step=0346750 (run 2750/8000) loss=0.01809 byte_ppl=1.018 atoms=69 merges=0 field=13.0371 rms=0.4074 scale=1.0000 fcos=nan ign=0.0000 prn=nan nxp=0.000 mph=0.000 bytes=393216 pkts=393216 shard=0
step=0346775 (run 2775/8000) loss=0.36735 byte_ppl=1.444 atoms=25 merges=0 field=13.0953 rms=0.4092 scale=1.0000 fcos=nan ign=0.0000 prn=nan nxp=0.000 mph=0.000 bytes=393216 pkts=393216 shard=0
step=0346800 (run 2800/8000) loss=6.36281 byte_ppl=579.872 atoms=53 merges=0 field=13.1592 rms=0.4112 scale=1.0000 fcos=nan ign=0.0000 prn=nan nxp=0.000 mph=0.000 bytes=393216 pkts=393216 shard=0
step=0346825 (run 2825/8000) loss=1.53483 byte_ppl=4.641 atoms=10 merges=0 field=13.2191 rms=0.4131 scale=1.0000 fcos=nan ign=0.0000 prn=nan nxp=0.000 mph=0.000 bytes=393216 pkts=393216 shard=0
step=0346850 (run 2850/8000) loss=3.44079 byte_ppl=31.211 atoms=38 merges=0 field=13.2339 rms=0.4136 scale=1.0000 fcos=nan ign=0.0000 prn=nan nxp=0.000 mph=0.000 bytes=393216 pkts=393216 shard=0
step=0346875 (run 2875/8000) loss=0.00220 byte_ppl=1.002 atoms=65 merges=0 field=13.2613 rms=0.4144 scale=1.0000 fcos=nan ign=0.0000 prn=nan nxp=0.000 mph=0.000 bytes=393216 pkts=393216 shard=0
step=0346900 (run 2900/8000) loss=0.45130 byte_ppl=1.570 atoms=22 merges=0 field=13.3085 rms=0.4159 scale=1.0000 fcos=nan ign=0.0000 prn=nan nxp=0.000 mph=0.000 bytes=393216 pkts=393216 shard=0
step=0346925 (run 2925/8000) loss=2.75379 byte_ppl=15.702 atoms=49 merges=0 field=13.3433 rms=0.4170 scale=1.0000 fcos=nan ign=0.0000 prn=nan nxp=0.000 mph=0.000 bytes=393216 pkts=393216 shard=0
step=0346950 (run 2950/8000) loss=5.42045 byte_ppl=225.981 atoms=7 merges=0 field=13.4150 rms=0.4192 scale=1.0000 fcos=nan ign=0.0000 prn=nan nxp=0.000 mph=0.000 bytes=393216 pkts=393216 shard=0
step=0346975 (run 2975/8000) loss=2.15289 byte_ppl=8.610 atoms=34 merges=0 field=13.4601 rms=0.4206 scale=1.0000 fcos=nan ign=0.0000 prn=nan nxp=0.000 mph=0.000 bytes=393216 pkts=393216 shard=0
step=0347000 (run 3000/8000) loss=4.32173 byte_ppl=75.319 atoms=62 merges=0 field=13.5218 rms=0.4226 scale=1.0000 fcos=nan ign=0.0000 prn=nan nxp=0.000 mph=0.000 bytes=393216 pkts=393216 shard=0
step=0347025 (run 3025/8000) loss=6.49277 byte_ppl=660.348 atoms=19 merges=0 field=13.5849 rms=0.4245 scale=1.0000 fcos=nan ign=0.0000 prn=nan nxp=0.000 mph=0.000 bytes=393216 pkts=393216 shard=0
step=0347050 (run 3050/8000) loss=3.95756 byte_ppl=52.329 atoms=47 merges=0 field=13.6369 rms=0.4262 scale=1.0000 fcos=nan ign=0.0000 prn=nan nxp=0.000 mph=0.000 bytes=393216 pkts=393216 shard=0
step=0347075 (run 3075/8000) loss=0.00105 byte_ppl=1.001 atoms=3 merges=0 field=13.6419 rms=0.4263 scale=1.0000 fcos=nan ign=0.0000 prn=nan nxp=0.000 mph=0.000 bytes=393216 pkts=393216 shard=0
step=0347100 (run 3100/8000) loss=1.63514 byte_ppl=5.130 atoms=31 merges=0 field=13.6470 rms=0.4265 scale=1.0000 fcos=nan ign=0.0000 prn=nan nxp=0.000 mph=0.000 bytes=393216 pkts=393216 shard=0
step=0347125 (run 3125/8000) loss=0.01322 byte_ppl=1.013 atoms=58 merges=0 field=13.6596 rms=0.4269 scale=1.0000 fcos=nan ign=0.0000 prn=nan nxp=0.000 mph=0.000 bytes=393216 pkts=393216 shard=0
step=0347150 (run 3150/8000) loss=0.66246 byte_ppl=1.940 atoms=16 merges=0 field=13.7141 rms=0.4286 scale=1.0000 fcos=nan ign=0.0000 prn=nan nxp=0.000 mph=0.000 bytes=393216 pkts=393216 shard=0
step=0347175 (run 3175/8000) loss=0.96619 byte_ppl=2.628 atoms=43 merges=0 field=13.7417 rms=0.4294 scale=1.0000 fcos=nan ign=0.0000 prn=nan nxp=0.000 mph=0.000 bytes=393216 pkts=393216 shard=0
step=0347200 (run 3200/8000) loss=0.62447 byte_ppl=1.867 atoms=71 merges=0 field=13.7968 rms=0.4311 scale=1.0000 fcos=nan ign=0.0000 prn=nan nxp=0.000 mph=0.000 bytes=393216 pkts=393216 shard=0
step=0347225 (run 3225/8000) loss=0.02956 byte_ppl=1.030 atoms=27 merges=0 field=13.8327 rms=0.4323 scale=1.0000 fcos=nan ign=0.0000 prn=nan nxp=0.000 mph=0.000 bytes=393216 pkts=393216 shard=0
step=0347250 (run 3250/8000) loss=3.46431 byte_ppl=31.954 atoms=55 merges=0 field=13.8804 rms=0.4338 scale=1.0000 fcos=nan ign=0.0000 prn=nan nxp=0.000 mph=0.000 bytes=393216 pkts=393216 shard=0
step=0347275 (run 3275/8000) loss=0.03210 byte_ppl=1.033 atoms=12 merges=0 field=13.9397 rms=0.4356 scale=1.0000 fcos=nan ign=0.0000 prn=nan nxp=0.000 mph=0.000 bytes=393216 pkts=393216 shard=0
step=0347300 (run 3300/8000) loss=0.00936 byte_ppl=1.009 atoms=40 merges=0 field=13.9353 rms=0.4355 scale=1.0000 fcos=nan ign=0.0000 prn=nan nxp=0.000 mph=0.000 bytes=393216 pkts=393216 shard=0
step=0347325 (run 3325/8000) loss=0.00239 byte_ppl=1.002 atoms=67 merges=0 field=13.9456 rms=0.4358 scale=1.0000 fcos=nan ign=0.0000 prn=nan nxp=0.000 mph=0.000 bytes=393216 pkts=393216 shard=0
step=0347350 (run 3350/8000) loss=0.00054 byte_ppl=1.001 atoms=25 merges=0 field=13.9683 rms=0.4365 scale=1.0000 fcos=nan ign=0.0000 prn=nan nxp=0.000 mph=0.000 bytes=393216 pkts=393216 shard=0
step=0347375 (run 3375/8000) loss=0.02763 byte_ppl=1.028 atoms=52 merges=0 field=14.0009 rms=0.4375 scale=1.0000 fcos=nan ign=0.0000 prn=nan nxp=0.000 mph=0.000 bytes=393216 pkts=393216 shard=0
step=0347400 (run 3400/8000) loss=4.26821 byte_ppl=71.393 atoms=9 merges=0 field=14.0373 rms=0.4387 scale=1.0000 fcos=nan ign=0.0000 prn=nan nxp=0.000 mph=0.000 bytes=393216 pkts=393216 shard=0
step=0347425 (run 3425/8000) loss=0.00090 byte_ppl=1.001 atoms=36 merges=0 field=14.0728 rms=0.4398 scale=1.0000 fcos=nan ign=0.0000 prn=nan nxp=0.000 mph=0.000 bytes=393216 pkts=393216 shard=0
step=0347450 (run 3450/8000) loss=4.65365 byte_ppl=104.967 atoms=64 merges=0 field=14.1029 rms=0.4407 scale=1.0000 fcos=nan ign=0.0000 prn=nan nxp=0.000 mph=0.000 bytes=393216 pkts=393216 shard=0
step=0347475 (run 3475/8000) loss=0.00029 byte_ppl=1.000 atoms=21 merges=0 field=14.1296 rms=0.4416 scale=1.0000 fcos=nan ign=0.0000 prn=nan nxp=0.000 mph=0.000 bytes=393216 pkts=393216 shard=0
step=0347500 (run 3500/8000) loss=14.10659 byte_ppl=1337866.122 atoms=49 merges=0 field=14.1864 rms=0.4433 scale=1.0000 fcos=nan ign=0.0000 prn=nan nxp=0.000 mph=0.000 bytes=393216 pkts=393216 shard=0
step=0347525 (run 3525/8000) loss=0.84583 byte_ppl=2.330 atoms=5 merges=0 field=14.2130 rms=0.4442 scale=1.0000 fcos=nan ign=0.0000 prn=nan nxp=0.000 mph=0.000 bytes=393216 pkts=393216 shard=0
step=0347550 (run 3550/8000) loss=4.55284 byte_ppl=94.902 atoms=33 merges=0 field=14.2379 rms=0.4449 scale=1.0000 fcos=nan ign=0.0000 prn=nan nxp=0.000 mph=0.000 bytes=393216 pkts=393216 shard=0
step=0347575 (run 3575/8000) loss=1.69432 byte_ppl=5.443 atoms=60 merges=0 field=14.2725 rms=0.4460 scale=1.0000 fcos=nan ign=0.0000 prn=nan nxp=0.000 mph=0.000 bytes=393216 pkts=393216 shard=0
step=0347600 (run 3600/8000) loss=5.86767 byte_ppl=353.425 atoms=18 merges=0 field=14.2758 rms=0.4461 scale=1.0000 fcos=nan ign=0.0000 prn=nan nxp=0.000 mph=0.000 bytes=393216 pkts=393216 shard=0
step=0347625 (run 3625/8000) loss=0.20701 byte_ppl=1.230 atoms=45 merges=0 field=14.3221 rms=0.4476 scale=1.0000 fcos=nan ign=0.0000 prn=nan nxp=0.000 mph=0.000 bytes=393216 pkts=393216 shard=0
step=0347650 (run 3650/8000) loss=4.31496 byte_ppl=74.811 atoms=3 merges=0 field=14.3625 rms=0.4488 scale=1.0000 fcos=nan ign=0.0000 prn=nan nxp=0.000 mph=0.000 bytes=393216 pkts=393216 shard=0
step=0347675 (run 3675/8000) loss=0.00448 byte_ppl=1.004 atoms=30 merges=0 field=14.3886 rms=0.4496 scale=1.0000 fcos=nan ign=0.0000 prn=nan nxp=0.000 mph=0.000 bytes=393216 pkts=393216 shard=0
step=0347700 (run 3700/8000) loss=14.71134 byte_ppl=2449359.426 atoms=58 merges=0 field=14.4204 rms=0.4506 scale=1.0000 fcos=nan ign=0.0000 prn=nan nxp=0.000 mph=0.000 bytes=393216 pkts=393216 shard=0
step=0347725 (run 3725/8000) loss=0.24488 byte_ppl=1.277 atoms=14 merges=0 field=14.4479 rms=0.4515 scale=1.0000 fcos=nan ign=0.0000 prn=nan nxp=0.000 mph=0.000 bytes=393216 pkts=393216 shard=0
step=0347750 (run 3750/8000) loss=0.00700 byte_ppl=1.007 atoms=42 merges=0 field=14.4975 rms=0.4530 scale=1.0000 fcos=nan ign=0.0000 prn=nan nxp=0.000 mph=0.000 bytes=393216 pkts=393216 shard=0
step=0347775 (run 3775/8000) loss=0.02848 byte_ppl=1.029 atoms=69 merges=0 field=14.5547 rms=0.4548 scale=1.0000 fcos=nan ign=0.0000 prn=nan nxp=0.000 mph=0.000 bytes=393216 pkts=393216 shard=0
step=0347800 (run 3800/8000) loss=0.00962 byte_ppl=1.010 atoms=27 merges=0 field=14.5641 rms=0.4551 scale=1.0000 fcos=nan ign=0.0000 prn=nan nxp=0.000 mph=0.000 bytes=393216 pkts=393216 shard=0
step=0347825 (run 3825/8000) loss=0.00303 byte_ppl=1.003 atoms=54 merges=0 field=14.5723 rms=0.4554 scale=1.0000 fcos=nan ign=0.0000 prn=nan nxp=0.000 mph=0.000 bytes=393216 pkts=393216 shard=0
step=0347850 (run 3850/8000) loss=10.83659 byte_ppl=50847.439 atoms=11 merges=0 field=14.6004 rms=0.4563 scale=1.0000 fcos=nan ign=0.0000 prn=nan nxp=0.000 mph=0.000 bytes=393216 pkts=393216 shard=0
step=0347875 (run 3875/8000) loss=0.04333 byte_ppl=1.044 atoms=38 merges=0 field=14.6395 rms=0.4575 scale=1.0000 fcos=nan ign=0.0000 prn=nan nxp=0.000 mph=0.000 bytes=393216 pkts=393216 shard=0
step=0347900 (run 3900/8000) loss=2.33639 byte_ppl=10.344 atoms=66 merges=0 field=14.6390 rms=0.4575 scale=1.0000 fcos=nan ign=0.0000 prn=nan nxp=0.000 mph=0.000 bytes=393216 pkts=393216 shard=0
step=0347925 (run 3925/8000) loss=3.05804 byte_ppl=21.286 atoms=23 merges=0 field=14.6641 rms=0.4583 scale=1.0000 fcos=nan ign=0.0000 prn=nan nxp=0.000 mph=0.000 bytes=393216 pkts=393216 shard=0
step=0347950 (run 3950/8000) loss=1.42129 byte_ppl=4.142 atoms=51 merges=0 field=14.6641 rms=0.4583 scale=1.0000 fcos=nan ign=0.0000 prn=nan nxp=0.000 mph=0.000 bytes=393216 pkts=393216 shard=0
step=0347975 (run 3975/8000) loss=0.02145 byte_ppl=1.022 atoms=8 merges=0 field=14.7159 rms=0.4599 scale=1.0000 fcos=nan ign=0.0000 prn=nan nxp=0.000 mph=0.000 bytes=393216 pkts=393216 shard=0
step=0348000 (run 4000/8000) loss=8.89966 byte_ppl=7329.510 atoms=36 merges=0 field=14.7180 rms=0.4599 scale=1.0000 fcos=nan ign=0.0000 prn=nan nxp=0.000 mph=0.000 bytes=393216 pkts=393216 shard=0
step=0348025 (run 4025/8000) loss=0.00046 byte_ppl=1.000 atoms=63 merges=0 field=14.7485 rms=0.4609 scale=1.0000 fcos=nan ign=0.0000 prn=nan nxp=0.000 mph=0.000 bytes=393216 pkts=393216 shard=0
step=0348050 (run 4050/8000) loss=2.38367 byte_ppl=10.845 atoms=20 merges=0 field=14.7499 rms=0.4609 scale=1.0000 fcos=nan ign=0.0000 prn=nan nxp=0.000 mph=0.000 bytes=393216 pkts=393216 shard=0
step=0348075 (run 4075/8000) loss=0.30569 byte_ppl=1.358 atoms=47 merges=0 field=14.7529 rms=0.4610 scale=1.0000 fcos=nan ign=0.0000 prn=nan nxp=0.000 mph=0.000 bytes=393216 pkts=393216 shard=0
step=0348100 (run 4100/8000) loss=10.70437 byte_ppl=44550.264 atoms=5 merges=0 field=14.7654 rms=0.4614 scale=1.0000 fcos=nan ign=0.0000 prn=nan nxp=0.000 mph=0.000 bytes=393216 pkts=393216 shard=0
step=0348125 (run 4125/8000) loss=0.00436 byte_ppl=1.004 atoms=32 merges=0 field=14.7593 rms=0.4612 scale=1.0000 fcos=nan ign=0.0000 prn=nan nxp=0.000 mph=0.000 bytes=393216 pkts=393216 shard=0
step=0348150 (run 4150/8000) loss=4.87582 byte_ppl=131.082 atoms=60 merges=0 field=14.7777 rms=0.4618 scale=1.0000 fcos=nan ign=0.0000 prn=nan nxp=0.000 mph=0.000 bytes=393216 pkts=393216 shard=0
step=0348175 (run 4175/8000) loss=0.00268 byte_ppl=1.003 atoms=16 merges=0 field=14.7732 rms=0.4617 scale=1.0000 fcos=nan ign=0.0000 prn=nan nxp=0.000 mph=0.000 bytes=393216 pkts=393216 shard=0
step=0348200 (run 4200/8000) loss=7.41467 byte_ppl=1660.164 atoms=44 merges=0 field=14.7805 rms=0.4619 scale=1.0000 fcos=nan ign=0.0000 prn=nan nxp=0.000 mph=0.000 bytes=393216 pkts=393216 shard=0
step=0348225 (run 4225/8000) loss=0.00040 byte_ppl=1.000 atoms=1 merges=0 field=14.8308 rms=0.4635 scale=1.0000 fcos=nan ign=0.0000 prn=nan nxp=0.000 mph=0.000 bytes=393216 pkts=393216 shard=0
step=0348250 (run 4250/8000) loss=3.32472 byte_ppl=27.791 atoms=29 merges=0 field=14.8295 rms=0.4634 scale=1.0000 fcos=nan ign=0.0000 prn=nan nxp=0.000 mph=0.000 bytes=393216 pkts=393216 shard=0
step=0348275 (run 4275/8000) loss=4.74403 byte_ppl=114.896 atoms=56 merges=0 field=14.8598 rms=0.4644 scale=1.0000 fcos=nan ign=0.0000 prn=nan nxp=0.000 mph=0.000 bytes=393216 pkts=393216 shard=0
step=0348300 (run 4300/8000) loss=16.42034 byte_ppl=13528937.822 atoms=14 merges=0 field=14.8914 rms=0.4654 scale=1.0000 fcos=nan ign=0.0000 prn=nan nxp=0.000 mph=0.000 bytes=393216 pkts=393216 shard=0
step=0348325 (run 4325/8000) loss=0.02683 byte_ppl=1.027 atoms=41 merges=0 field=14.9535 rms=0.4673 scale=1.0000 fcos=nan ign=0.0000 prn=nan nxp=0.000 mph=0.000 bytes=393216 pkts=393216 shard=0
step=0348350 (run 4350/8000) loss=0.99871 byte_ppl=2.715 atoms=69 merges=0 field=14.9794 rms=0.4681 scale=1.0000 fcos=nan ign=0.0000 prn=nan nxp=0.000 mph=0.000 bytes=393216 pkts=393216 shard=0
step=0348375 (run 4375/8000) loss=4.22309 byte_ppl=68.244 atoms=25 merges=0 field=14.9984 rms=0.4687 scale=1.0000 fcos=nan ign=0.0000 prn=nan nxp=0.000 mph=0.000 bytes=393216 pkts=393216 shard=0
step=0348400 (run 4400/8000) loss=4.65490 byte_ppl=105.099 atoms=53 merges=0 field=15.0229 rms=0.4695 scale=1.0000 fcos=nan ign=0.0000 prn=nan nxp=0.000 mph=0.000 bytes=393216 pkts=393216 shard=0
step=0348425 (run 4425/8000) loss=0.00026 byte_ppl=1.000 atoms=10 merges=0 field=15.0086 rms=0.4690 scale=1.0000 fcos=nan ign=0.0000 prn=nan nxp=0.000 mph=0.000 bytes=393216 pkts=393216 shard=0
step=0348450 (run 4450/8000) loss=0.10814 byte_ppl=1.114 atoms=38 merges=0 field=15.0346 rms=0.4698 scale=1.0000 fcos=nan ign=0.0000 prn=nan nxp=0.000 mph=0.000 bytes=393216 pkts=393216 shard=0
step=0348475 (run 4475/8000) loss=0.00174 byte_ppl=1.002 atoms=65 merges=0 field=15.0261 rms=0.4696 scale=1.0000 fcos=nan ign=0.0000 prn=nan nxp=0.000 mph=0.000 bytes=393216 pkts=393216 shard=0
step=0348500 (run 4500/8000) loss=9.01783 byte_ppl=8248.896 atoms=22 merges=0 field=15.0428 rms=0.4701 scale=1.0000 fcos=nan ign=0.0000 prn=nan nxp=0.000 mph=0.000 bytes=393216 pkts=393216 shard=0
step=0348525 (run 4525/8000) loss=4.01744 byte_ppl=55.558 atoms=49 merges=0 field=15.0840 rms=0.4714 scale=1.0000 fcos=nan ign=0.0000 prn=nan nxp=0.000 mph=0.000 bytes=393216 pkts=393216 shard=0
step=0348550 (run 4550/8000) loss=0.11392 byte_ppl=1.121 atoms=7 merges=0 field=15.1143 rms=0.4723 scale=1.0000 fcos=nan ign=0.0000 prn=nan nxp=0.000 mph=0.000 bytes=393216 pkts=393216 shard=0
step=0348575 (run 4575/8000) loss=0.00232 byte_ppl=1.002 atoms=34 merges=0 field=15.1314 rms=0.4729 scale=1.0000 fcos=nan ign=0.0000 prn=nan nxp=0.000 mph=0.000 bytes=393216 pkts=393216 shard=0
step=0348600 (run 4600/8000) loss=9.49498 byte_ppl=13292.840 atoms=62 merges=0 field=15.1377 rms=0.4731 scale=1.0000 fcos=nan ign=0.0000 prn=nan nxp=0.000 mph=0.000 bytes=393216 pkts=393216 shard=0
step=0348625 (run 4625/8000) loss=0.83476 byte_ppl=2.304 atoms=19 merges=0 field=15.1339 rms=0.4729 scale=1.0000 fcos=nan ign=0.0000 prn=nan nxp=0.000 mph=0.000 bytes=393216 pkts=393216 shard=0
step=0348650 (run 4650/8000) loss=0.00011 byte_ppl=1.000 atoms=47 merges=0 field=15.1525 rms=0.4735 scale=1.0000 fcos=nan ign=0.0000 prn=nan nxp=0.000 mph=0.000 bytes=393216 pkts=393216 shard=0
step=0348675 (run 4675/8000) loss=0.15667 byte_ppl=1.170 atoms=3 merges=0 field=15.1869 rms=0.4746 scale=1.0000 fcos=nan ign=0.0000 prn=nan nxp=0.000 mph=0.000 bytes=393216 pkts=393216 shard=0
step=0348700 (run 4700/8000) loss=0.05529 byte_ppl=1.057 atoms=31 merges=0 field=15.2134 rms=0.4754 scale=1.0000 fcos=nan ign=0.0000 prn=nan nxp=0.000 mph=0.000 bytes=393216 pkts=393216 shard=0
step=0348725 (run 4725/8000) loss=0.00041 byte_ppl=1.000 atoms=58 merges=0 field=15.2321 rms=0.4760 scale=1.0000 fcos=nan ign=0.0000 prn=nan nxp=0.000 mph=0.000 bytes=393216 pkts=393216 shard=0
step=0348750 (run 4750/8000) loss=0.06032 byte_ppl=1.062 atoms=16 merges=0 field=15.2283 rms=0.4759 scale=1.0000 fcos=nan ign=0.0000 prn=nan nxp=0.000 mph=0.000 bytes=393216 pkts=393216 shard=0
step=0348775 (run 4775/8000) loss=0.35244 byte_ppl=1.423 atoms=43 merges=0 field=15.2501 rms=0.4766 scale=1.0000 fcos=nan ign=0.0000 prn=nan nxp=0.000 mph=0.000 bytes=393216 pkts=393216 shard=0
step=0348800 (run 4800/8000) loss=0.41882 byte_ppl=1.520 atoms=71 merges=0 field=15.2964 rms=0.4780 scale=1.0000 fcos=nan ign=0.0000 prn=nan nxp=0.000 mph=0.000 bytes=393216 pkts=393216 shard=0
step=0348825 (run 4825/8000) loss=3.90096 byte_ppl=49.450 atoms=27 merges=0 field=15.3088 rms=0.4784 scale=1.0000 fcos=nan ign=0.0000 prn=nan nxp=0.000 mph=0.000 bytes=393216 pkts=393216 shard=0
step=0348850 (run 4850/8000) loss=5.06934 byte_ppl=159.069 atoms=55 merges=0 field=15.3362 rms=0.4793 scale=1.0000 fcos=nan ign=0.0000 prn=nan nxp=0.000 mph=0.000 bytes=393216 pkts=393216 shard=0
step=0348875 (run 4875/8000) loss=0.33417 byte_ppl=1.397 atoms=12 merges=0 field=15.3392 rms=0.4794 scale=1.0000 fcos=nan ign=0.0000 prn=nan nxp=0.000 mph=0.000 bytes=393216 pkts=393216 shard=0
step=0348900 (run 4900/8000) loss=6.33125 byte_ppl=561.858 atoms=40 merges=0 field=15.3261 rms=0.4789 scale=1.0000 fcos=nan ign=0.0000 prn=nan nxp=0.000 mph=0.000 bytes=393216 pkts=393216 shard=0
step=0348925 (run 4925/8000) loss=0.75205 byte_ppl=2.121 atoms=67 merges=0 field=15.3429 rms=0.4795 scale=1.0000 fcos=nan ign=0.0000 prn=nan nxp=0.000 mph=0.000 bytes=393216 pkts=393216 shard=0
step=0348950 (run 4950/8000) loss=4.60898 byte_ppl=100.382 atoms=25 merges=0 field=15.3571 rms=0.4799 scale=1.0000 fcos=nan ign=0.0000 prn=nan nxp=0.000 mph=0.000 bytes=393216 pkts=393216 shard=0
step=0348975 (run 4975/8000) loss=0.00044 byte_ppl=1.000 atoms=52 merges=0 field=15.3730 rms=0.4804 scale=1.0000 fcos=nan ign=0.0000 prn=nan nxp=0.000 mph=0.000 bytes=393216 pkts=393216 shard=0
step=0349000 (run 5000/8000) loss=0.32704 byte_ppl=1.387 atoms=9 merges=0 field=15.4127 rms=0.4816 scale=1.0000 fcos=nan ign=0.0000 prn=nan nxp=0.000 mph=0.000 bytes=393216 pkts=393216 shard=0
step=0349025 (run 5025/8000) loss=0.00758 byte_ppl=1.008 atoms=36 merges=0 field=15.4320 rms=0.4823 scale=1.0000 fcos=nan ign=0.0000 prn=nan nxp=0.000 mph=0.000 bytes=393216 pkts=393216 shard=0
step=0349050 (run 5050/8000) loss=5.42298 byte_ppl=226.553 atoms=64 merges=0 field=15.4742 rms=0.4836 scale=1.0000 fcos=nan ign=0.0000 prn=nan nxp=0.000 mph=0.000 bytes=393216 pkts=393216 shard=0
step=0349075 (run 5075/8000) loss=1.90218 byte_ppl=6.700 atoms=21 merges=0 field=15.4828 rms=0.4838 scale=1.0000 fcos=nan ign=0.0000 prn=nan nxp=0.000 mph=0.000 bytes=393216 pkts=393216 shard=0
step=0349100 (run 5100/8000) loss=4.88018 byte_ppl=131.654 atoms=49 merges=0 field=15.5201 rms=0.4850 scale=1.0000 fcos=nan ign=0.0000 prn=nan nxp=0.000 mph=0.000 bytes=393216 pkts=393216 shard=0
step=0349125 (run 5125/8000) loss=0.00848 byte_ppl=1.009 atoms=5 merges=0 field=15.5459 rms=0.4858 scale=1.0000 fcos=nan ign=0.0000 prn=nan nxp=0.000 mph=0.000 bytes=393216 pkts=393216 shard=0
step=0349150 (run 5150/8000) loss=0.01349 byte_ppl=1.014 atoms=33 merges=0 field=15.5699 rms=0.4866 scale=1.0000 fcos=nan ign=0.0000 prn=nan nxp=0.000 mph=0.000 bytes=393216 pkts=393216 shard=0
step=0349175 (run 5175/8000) loss=0.01431 byte_ppl=1.014 atoms=60 merges=0 field=15.5917 rms=0.4872 scale=1.0000 fcos=nan ign=0.0000 prn=nan nxp=0.000 mph=0.000 bytes=393216 pkts=393216 shard=0
step=0349200 (run 5200/8000) loss=7.87867 byte_ppl=2640.363 atoms=18 merges=0 field=15.5995 rms=0.4875 scale=1.0000 fcos=nan ign=0.0000 prn=nan nxp=0.000 mph=0.000 bytes=393216 pkts=393216 shard=0
step=0349225 (run 5225/8000) loss=0.03871 byte_ppl=1.039 atoms=45 merges=0 field=15.6275 rms=0.4884 scale=1.0000 fcos=nan ign=0.0000 prn=nan nxp=0.000 mph=0.000 bytes=393216 pkts=393216 shard=0
step=0349250 (run 5250/8000) loss=7.90224 byte_ppl=2703.327 atoms=3 merges=0 field=15.6250 rms=0.4883 scale=1.0000 fcos=nan ign=0.0000 prn=nan nxp=0.000 mph=0.000 bytes=393216 pkts=393216 shard=0
step=0349275 (run 5275/8000) loss=0.01155 byte_ppl=1.012 atoms=30 merges=0 field=15.6534 rms=0.4892 scale=1.0000 fcos=nan ign=0.0000 prn=nan nxp=0.000 mph=0.000 bytes=393216 pkts=393216 shard=0
step=0349300 (run 5300/8000) loss=0.72490 byte_ppl=2.065 atoms=58 merges=0 field=15.6968 rms=0.4905 scale=1.0000 fcos=nan ign=0.0000 prn=nan nxp=0.000 mph=0.000 bytes=393216 pkts=393216 shard=0
step=0349325 (run 5325/8000) loss=0.03999 byte_ppl=1.041 atoms=14 merges=0 field=15.7303 rms=0.4916 scale=1.0000 fcos=nan ign=0.0000 prn=nan nxp=0.000 mph=0.000 bytes=393216 pkts=393216 shard=0
step=0349350 (run 5350/8000) loss=7.57422 byte_ppl=1947.343 atoms=42 merges=0 field=15.7524 rms=0.4923 scale=1.0000 fcos=nan ign=0.0000 prn=nan nxp=0.000 mph=0.000 bytes=393216 pkts=393216 shard=0
step=0349375 (run 5375/8000) loss=0.00838 byte_ppl=1.008 atoms=69 merges=0 field=15.7784 rms=0.4931 scale=1.0000 fcos=nan ign=0.0000 prn=nan nxp=0.000 mph=0.000 bytes=393216 pkts=393216 shard=0
step=0349400 (run 5400/8000) loss=7.39964 byte_ppl=1635.390 atoms=27 merges=0 field=15.7791 rms=0.4931 scale=1.0000 fcos=nan ign=0.0000 prn=nan nxp=0.000 mph=0.000 bytes=393216 pkts=393216 shard=0
step=0349425 (run 5425/8000) loss=2.14286 byte_ppl=8.524 atoms=54 merges=0 field=15.7922 rms=0.4935 scale=1.0000 fcos=nan ign=0.0000 prn=nan nxp=0.000 mph=0.000 bytes=393216 pkts=393216 shard=0
step=0349450 (run 5450/8000) loss=0.00967 byte_ppl=1.010 atoms=11 merges=0 field=15.8024 rms=0.4938 scale=1.0000 fcos=nan ign=0.0000 prn=nan nxp=0.000 mph=0.000 bytes=393216 pkts=393216 shard=0
step=0349475 (run 5475/8000) loss=9.68325 byte_ppl=16046.555 atoms=38 merges=0 field=15.8010 rms=0.4938 scale=1.0000 fcos=nan ign=0.0000 prn=nan nxp=0.000 mph=0.000 bytes=393216 pkts=393216 shard=0
step=0349500 (run 5500/8000) loss=2.35998 byte_ppl=10.591 atoms=66 merges=0 field=15.8030 rms=0.4938 scale=1.0000 fcos=nan ign=0.0000 prn=nan nxp=0.000 mph=0.000 bytes=393216 pkts=393216 shard=0
step=0349525 (run 5525/8000) loss=0.00030 byte_ppl=1.000 atoms=23 merges=0 field=15.8349 rms=0.4948 scale=1.0000 fcos=nan ign=0.0000 prn=nan nxp=0.000 mph=0.000 bytes=393216 pkts=393216 shard=0
step=0349550 (run 5550/8000) loss=4.47763 byte_ppl=88.026 atoms=51 merges=0 field=15.8384 rms=0.4949 scale=1.0000 fcos=nan ign=0.0000 prn=nan nxp=0.000 mph=0.000 bytes=393216 pkts=393216 shard=0
step=0349575 (run 5575/8000) loss=0.00116 byte_ppl=1.001 atoms=8 merges=0 field=15.8573 rms=0.4955 scale=1.0000 fcos=nan ign=0.0000 prn=nan nxp=0.000 mph=0.000 bytes=393216 pkts=393216 shard=0
step=0349600 (run 5600/8000) loss=0.18464 byte_ppl=1.203 atoms=36 merges=0 field=15.8790 rms=0.4962 scale=1.0000 fcos=nan ign=0.0000 prn=nan nxp=0.000 mph=0.000 bytes=393216 pkts=393216 shard=0
step=0349625 (run 5625/8000) loss=0.00250 byte_ppl=1.002 atoms=63 merges=0 field=15.8867 rms=0.4965 scale=1.0000 fcos=nan ign=0.0000 prn=nan nxp=0.000 mph=0.000 bytes=393216 pkts=393216 shard=0
step=0349650 (run 5650/8000) loss=0.21466 byte_ppl=1.239 atoms=20 merges=0 field=15.9072 rms=0.4971 scale=1.0000 fcos=nan ign=0.0000 prn=nan nxp=0.000 mph=0.000 bytes=393216 pkts=393216 shard=0
step=0349675 (run 5675/8000) loss=0.01652 byte_ppl=1.017 atoms=47 merges=0 field=15.8705 rms=0.4960 scale=1.0000 fcos=nan ign=0.0000 prn=nan nxp=0.000 mph=0.000 bytes=393216 pkts=393216 shard=0
step=0349700 (run 5700/8000) loss=0.02426 byte_ppl=1.025 atoms=5 merges=0 field=15.8782 rms=0.4962 scale=1.0000 fcos=nan ign=0.0000 prn=nan nxp=0.000 mph=0.000 bytes=393216 pkts=393216 shard=0
step=0349725 (run 5725/8000) loss=0.70918 byte_ppl=2.032 atoms=32 merges=0 field=15.9044 rms=0.4970 scale=1.0000 fcos=nan ign=0.0000 prn=nan nxp=0.000 mph=0.000 bytes=393216 pkts=393216 shard=0
step=0349750 (run 5750/8000) loss=5.32055 byte_ppl=204.497 atoms=60 merges=0 field=15.9006 rms=0.4969 scale=1.0000 fcos=nan ign=0.0000 prn=nan nxp=0.000 mph=0.000 bytes=393216 pkts=393216 shard=0
step=0349775 (run 5775/8000) loss=0.00695 byte_ppl=1.007 atoms=16 merges=0 field=15.9012 rms=0.4969 scale=1.0000 fcos=nan ign=0.0000 prn=nan nxp=0.000 mph=0.000 bytes=393216 pkts=393216 shard=0
step=0349800 (run 5800/8000) loss=2.18539 byte_ppl=8.894 atoms=44 merges=0 field=15.8731 rms=0.4960 scale=1.0000 fcos=nan ign=0.0000 prn=nan nxp=0.000 mph=0.000 bytes=393216 pkts=393216 shard=0
step=0349825 (run 5825/8000) loss=1.12640 byte_ppl=3.085 atoms=1 merges=0 field=15.9042 rms=0.4970 scale=1.0000 fcos=nan ign=0.0000 prn=nan nxp=0.000 mph=0.000 bytes=393216 pkts=393216 shard=0
step=0349850 (run 5850/8000) loss=1.47865 byte_ppl=4.387 atoms=29 merges=0 field=15.9141 rms=0.4973 scale=1.0000 fcos=nan ign=0.0000 prn=nan nxp=0.000 mph=0.000 bytes=393216 pkts=393216 shard=0
step=0349875 (run 5875/8000) loss=1.21113 byte_ppl=3.357 atoms=56 merges=0 field=15.9043 rms=0.4970 scale=1.0000 fcos=nan ign=0.0000 prn=nan nxp=0.000 mph=0.000 bytes=393216 pkts=393216 shard=0
step=0349900 (run 5900/8000) loss=4.81104 byte_ppl=122.859 atoms=14 merges=0 field=15.9169 rms=0.4974 scale=1.0000 fcos=nan ign=0.0000 prn=nan nxp=0.000 mph=0.000 bytes=393216 pkts=393216 shard=0
step=0349925 (run 5925/8000) loss=0.03702 byte_ppl=1.038 atoms=41 merges=0 field=15.9203 rms=0.4975 scale=1.0000 fcos=nan ign=0.0000 prn=nan nxp=0.000 mph=0.000 bytes=393216 pkts=393216 shard=0
step=0349950 (run 5950/8000) loss=8.61275 byte_ppl=5501.367 atoms=69 merges=0 field=15.9130 rms=0.4973 scale=1.0000 fcos=nan ign=0.0000 prn=nan nxp=0.000 mph=0.000 bytes=393216 pkts=393216 shard=0
step=0349975 (run 5975/8000) loss=4.97716 byte_ppl=145.061 atoms=25 merges=0 field=15.9164 rms=0.4974 scale=1.0000 fcos=nan ign=0.0000 prn=nan nxp=0.000 mph=0.000 bytes=393216 pkts=393216 shard=0
step=0350000 (run 6000/8000) loss=9.75500 byte_ppl=17240.200 atoms=53 merges=0 field=15.9329 rms=0.4979 scale=1.0000 fcos=nan ign=0.0000 prn=nan nxp=0.000 mph=0.000 bytes=393216 pkts=393216 shard=0
step=0350025 (run 6025/8000) loss=0.00623 byte_ppl=1.006 atoms=10 merges=0 field=15.9349 rms=0.4980 scale=1.0000 fcos=nan ign=0.0000 prn=nan nxp=0.000 mph=0.000 bytes=393216 pkts=393216 shard=0
step=0350050 (run 6050/8000) loss=9.77213 byte_ppl=17538.000 atoms=38 merges=0 field=15.9506 rms=0.4985 scale=1.0000 fcos=nan ign=0.0000 prn=nan nxp=0.000 mph=0.000 bytes=393216 pkts=393216 shard=0
step=0350075 (run 6075/8000) loss=4.11406 byte_ppl=61.195 atoms=65 merges=0 field=15.9495 rms=0.4984 scale=1.0000 fcos=nan ign=0.0000 prn=nan nxp=0.000 mph=0.000 bytes=393216 pkts=393216 shard=0
step=0350100 (run 6100/8000) loss=13.01501 byte_ppl=449106.193 atoms=22 merges=0 field=15.9609 rms=0.4988 scale=1.0000 fcos=nan ign=0.0000 prn=nan nxp=0.000 mph=0.000 bytes=393216 pkts=393216 shard=0
step=0350125 (run 6125/8000) loss=0.00494 byte_ppl=1.005 atoms=49 merges=0 field=15.9280 rms=0.4978 scale=1.0000 fcos=nan ign=0.0000 prn=nan nxp=0.000 mph=0.000 bytes=393216 pkts=393216 shard=0
step=0350150 (run 6150/8000) loss=3.77012 byte_ppl=43.385 atoms=7 merges=0 field=15.9359 rms=0.4980 scale=1.0000 fcos=nan ign=0.0000 prn=nan nxp=0.000 mph=0.000 bytes=393216 pkts=393216 shard=0
step=0350175 (run 6175/8000) loss=2.48815 byte_ppl=12.039 atoms=34 merges=0 field=15.9318 rms=0.4979 scale=1.0000 fcos=nan ign=0.0000 prn=nan nxp=0.000 mph=0.000 bytes=393216 pkts=393216 shard=0
step=0350200 (run 6200/8000) loss=5.40568 byte_ppl=222.669 atoms=62 merges=0 field=15.9221 rms=0.4976 scale=1.0000 fcos=nan ign=0.0000 prn=nan nxp=0.000 mph=0.000 bytes=393216 pkts=393216 shard=0
step=0350225 (run 6225/8000) loss=0.00296 byte_ppl=1.003 atoms=19 merges=0 field=15.9235 rms=0.4976 scale=1.0000 fcos=nan ign=0.0000 prn=nan nxp=0.000 mph=0.000 bytes=393216 pkts=393216 shard=0
step=0350250 (run 6250/8000) loss=0.07876 byte_ppl=1.082 atoms=47 merges=0 field=15.8934 rms=0.4967 scale=1.0000 fcos=nan ign=0.0000 prn=nan nxp=0.000 mph=0.000 bytes=393216 pkts=393216 shard=0
step=0350275 (run 6275/8000) loss=2.06034 byte_ppl=7.849 atoms=3 merges=0 field=15.9112 rms=0.4972 scale=1.0000 fcos=nan ign=0.0000 prn=nan nxp=0.000 mph=0.000 bytes=393216 pkts=393216 shard=0
step=0350300 (run 6300/8000) loss=5.22520 byte_ppl=185.899 atoms=31 merges=0 field=15.9021 rms=0.4969 scale=1.0000 fcos=nan ign=0.0000 prn=nan nxp=0.000 mph=0.000 bytes=393216 pkts=393216 shard=0
step=0350325 (run 6325/8000) loss=5.49179 byte_ppl=242.692 atoms=58 merges=0 field=15.8981 rms=0.4968 scale=1.0000 fcos=nan ign=0.0000 prn=nan nxp=0.000 mph=0.000 bytes=393216 pkts=393216 shard=0
step=0350350 (run 6350/8000) loss=0.02359 byte_ppl=1.024 atoms=16 merges=0 field=15.8848 rms=0.4964 scale=1.0000 fcos=nan ign=0.0000 prn=nan nxp=0.000 mph=0.000 bytes=393216 pkts=393216 shard=0
step=0350375 (run 6375/8000) loss=0.00016 byte_ppl=1.000 atoms=43 merges=0 field=15.9053 rms=0.4970 scale=1.0000 fcos=nan ign=0.0000 prn=nan nxp=0.000 mph=0.000 bytes=393216 pkts=393216 shard=0
step=0350400 (run 6400/8000) loss=3.44646 byte_ppl=31.389 atoms=71 merges=0 field=15.8958 rms=0.4967 scale=1.0000 fcos=nan ign=0.0000 prn=nan nxp=0.000 mph=0.000 bytes=393216 pkts=393216 shard=0
step=0350425 (run 6425/8000) loss=2.63417 byte_ppl=13.932 atoms=27 merges=0 field=15.8771 rms=0.4962 scale=1.0000 fcos=nan ign=0.0000 prn=nan nxp=0.000 mph=0.000 bytes=393216 pkts=393216 shard=0
step=0350450 (run 6450/8000) loss=0.36231 byte_ppl=1.437 atoms=55 merges=0 field=15.8592 rms=0.4956 scale=1.0000 fcos=nan ign=0.0000 prn=nan nxp=0.000 mph=0.000 bytes=393216 pkts=393216 shard=0
step=0350475 (run 6475/8000) loss=0.32594 byte_ppl=1.385 atoms=12 merges=0 field=15.8351 rms=0.4948 scale=1.0000 fcos=nan ign=0.0000 prn=nan nxp=0.000 mph=0.000 bytes=393216 pkts=393216 shard=0
step=0350500 (run 6500/8000) loss=1.48781 byte_ppl=4.427 atoms=40 merges=0 field=15.8250 rms=0.4945 scale=1.0000 fcos=nan ign=0.0000 prn=nan nxp=0.000 mph=0.000 bytes=393216 pkts=393216 shard=0
step=0350525 (run 6525/8000) loss=3.08593 byte_ppl=21.888 atoms=67 merges=0 field=15.8131 rms=0.4942 scale=1.0000 fcos=nan ign=0.0000 prn=nan nxp=0.000 mph=0.000 bytes=393216 pkts=393216 shard=0
step=0350550 (run 6550/8000) loss=0.01985 byte_ppl=1.020 atoms=25 merges=0 field=15.7975 rms=0.4937 scale=1.0000 fcos=nan ign=0.0000 prn=nan nxp=0.000 mph=0.000 bytes=393216 pkts=393216 shard=0
step=0350575 (run 6575/8000) loss=0.00110 byte_ppl=1.001 atoms=52 merges=0 field=15.7448 rms=0.4920 scale=1.0000 fcos=nan ign=0.0000 prn=nan nxp=0.000 mph=0.000 bytes=393216 pkts=393216 shard=0
step=0350600 (run 6600/8000) loss=0.00081 byte_ppl=1.001 atoms=9 merges=0 field=15.7532 rms=0.4923 scale=1.0000 fcos=nan ign=0.0000 prn=nan nxp=0.000 mph=0.000 bytes=393216 pkts=393216 shard=0
step=0350625 (run 6625/8000) loss=0.00072 byte_ppl=1.001 atoms=36 merges=0 field=15.7460 rms=0.4921 scale=1.0000 fcos=nan ign=0.0000 prn=nan nxp=0.000 mph=0.000 bytes=393216 pkts=393216 shard=0
step=0350650 (run 6650/8000) loss=0.19693 byte_ppl=1.218 atoms=64 merges=0 field=15.7773 rms=0.4930 scale=1.0000 fcos=nan ign=0.0000 prn=nan nxp=0.000 mph=0.000 bytes=393216 pkts=393216 shard=0
step=0350675 (run 6675/8000) loss=1.72534 byte_ppl=5.614 atoms=21 merges=0 field=15.7723 rms=0.4929 scale=1.0000 fcos=nan ign=0.0000 prn=nan nxp=0.000 mph=0.000 bytes=393216 pkts=393216 shard=0
step=0350700 (run 6700/8000) loss=1.40990 byte_ppl=4.096 atoms=49 merges=0 field=15.7540 rms=0.4923 scale=1.0000 fcos=nan ign=0.0000 prn=nan nxp=0.000 mph=0.000 bytes=393216 pkts=393216 shard=0
step=0350725 (run 6725/8000) loss=0.01762 byte_ppl=1.018 atoms=5 merges=0 field=15.7549 rms=0.4923 scale=1.0000 fcos=nan ign=0.0000 prn=nan nxp=0.000 mph=0.000 bytes=393216 pkts=393216 shard=0
step=0350750 (run 6750/8000) loss=6.13394 byte_ppl=461.251 atoms=33 merges=0 field=15.7652 rms=0.4927 scale=1.0000 fcos=nan ign=0.0000 prn=nan nxp=0.000 mph=0.000 bytes=393216 pkts=393216 shard=0
step=0350775 (run 6775/8000) loss=0.08407 byte_ppl=1.088 atoms=60 merges=0 field=15.7454 rms=0.4920 scale=1.0000 fcos=nan ign=0.0000 prn=nan nxp=0.000 mph=0.000 bytes=393216 pkts=393216 shard=0
step=0350800 (run 6800/8000) loss=18.59417 byte_ppl=118944518.272 atoms=18 merges=0 field=15.7289 rms=0.4915 scale=1.0000 fcos=nan ign=0.0000 prn=nan nxp=0.000 mph=0.000 bytes=393216 pkts=393216 shard=0
step=0350825 (run 6825/8000) loss=0.01384 byte_ppl=1.014 atoms=45 merges=0 field=15.7137 rms=0.4911 scale=1.0000 fcos=nan ign=0.0000 prn=nan nxp=0.000 mph=0.000 bytes=393216 pkts=393216 shard=0
step=0350850 (run 6850/8000) loss=8.23065 byte_ppl=3754.280 atoms=3 merges=0 field=15.6967 rms=0.4905 scale=1.0000 fcos=nan ign=0.0000 prn=nan nxp=0.000 mph=0.000 bytes=393216 pkts=393216 shard=0
step=0350875 (run 6875/8000) loss=0.39011 byte_ppl=1.477 atoms=30 merges=0 field=15.7035 rms=0.4907 scale=1.0000 fcos=nan ign=0.0000 prn=nan nxp=0.000 mph=0.000 bytes=393216 pkts=393216 shard=0
step=0350900 (run 6900/8000) loss=7.32617 byte_ppl=1519.553 atoms=58 merges=0 field=15.7069 rms=0.4908 scale=1.0000 fcos=nan ign=0.0000 prn=nan nxp=0.000 mph=0.000 bytes=393216 pkts=393216 shard=0
step=0350925 (run 6925/8000) loss=0.00049 byte_ppl=1.000 atoms=14 merges=0 field=15.7049 rms=0.4908 scale=1.0000 fcos=nan ign=0.0000 prn=nan nxp=0.000 mph=0.000 bytes=393216 pkts=393216 shard=0
step=0350950 (run 6950/8000) loss=7.59431 byte_ppl=1986.859 atoms=42 merges=0 field=15.6788 rms=0.4900 scale=1.0000 fcos=nan ign=0.0000 prn=nan nxp=0.000 mph=0.000 bytes=393216 pkts=393216 shard=0
step=0350975 (run 6975/8000) loss=0.05080 byte_ppl=1.052 atoms=69 merges=0 field=15.6718 rms=0.4897 scale=1.0000 fcos=nan ign=0.0000 prn=nan nxp=0.000 mph=0.000 bytes=393216 pkts=393216 shard=0
step=0351000 (run 7000/8000) loss=5.50165 byte_ppl=245.097 atoms=27 merges=0 field=15.6181 rms=0.4881 scale=1.0000 fcos=nan ign=0.0000 prn=nan nxp=0.000 mph=0.000 bytes=393216 pkts=393216 shard=0
step=0351025 (run 7025/8000) loss=0.00189 byte_ppl=1.002 atoms=54 merges=0 field=15.5734 rms=0.4867 scale=1.0000 fcos=nan ign=0.0000 prn=nan nxp=0.000 mph=0.000 bytes=393216 pkts=393216 shard=0
step=0351050 (run 7050/8000) loss=0.00035 byte_ppl=1.000 atoms=11 merges=0 field=15.5645 rms=0.4864 scale=1.0000 fcos=nan ign=0.0000 prn=nan nxp=0.000 mph=0.000 bytes=393216 pkts=393216 shard=0
step=0351075 (run 7075/8000) loss=0.04572 byte_ppl=1.047 atoms=38 merges=0 field=15.5571 rms=0.4862 scale=1.0000 fcos=nan ign=0.0000 prn=nan nxp=0.000 mph=0.000 bytes=393216 pkts=393216 shard=0
step=0351100 (run 7100/8000) loss=5.70172 byte_ppl=299.383 atoms=66 merges=0 field=15.5511 rms=0.4860 scale=1.0000 fcos=nan ign=0.0000 prn=nan nxp=0.000 mph=0.000 bytes=393216 pkts=393216 shard=0
step=0351125 (run 7125/8000) loss=0.00395 byte_ppl=1.004 atoms=23 merges=0 field=15.5171 rms=0.4849 scale=1.0000 fcos=nan ign=0.0000 prn=nan nxp=0.000 mph=0.000 bytes=393216 pkts=393216 shard=0
step=0351150 (run 7150/8000) loss=8.43675 byte_ppl=4613.517 atoms=51 merges=0 field=15.5153 rms=0.4849 scale=1.0000 fcos=nan ign=0.0000 prn=nan nxp=0.000 mph=0.000 bytes=393216 pkts=393216 shard=0
step=0351175 (run 7175/8000) loss=0.00177 byte_ppl=1.002 atoms=8 merges=0 field=15.4782 rms=0.4837 scale=1.0000 fcos=nan ign=0.0000 prn=nan nxp=0.000 mph=0.000 bytes=393216 pkts=393216 shard=0
step=0351200 (run 7200/8000) loss=0.00138 byte_ppl=1.001 atoms=36 merges=0 field=15.4890 rms=0.4840 scale=1.0000 fcos=nan ign=0.0000 prn=nan nxp=0.000 mph=0.000 bytes=393216 pkts=393216 shard=0
step=0351225 (run 7225/8000) loss=0.00197 byte_ppl=1.002 atoms=63 merges=0 field=15.4617 rms=0.4832 scale=1.0000 fcos=nan ign=0.0000 prn=nan nxp=0.000 mph=0.000 bytes=393216 pkts=393216 shard=0
step=0351250 (run 7250/8000) loss=0.01739 byte_ppl=1.018 atoms=20 merges=0 field=15.4367 rms=0.4824 scale=1.0000 fcos=nan ign=0.0000 prn=nan nxp=0.000 mph=0.000 bytes=393216 pkts=393216 shard=0
step=0351275 (run 7275/8000) loss=0.00020 byte_ppl=1.000 atoms=47 merges=0 field=15.4372 rms=0.4824 scale=1.0000 fcos=nan ign=0.0000 prn=nan nxp=0.000 mph=0.000 bytes=393216 pkts=393216 shard=0
step=0351300 (run 7300/8000) loss=7.01173 byte_ppl=1109.571 atoms=5 merges=0 field=15.3654 rms=0.4802 scale=1.0000 fcos=nan ign=0.0000 prn=nan nxp=0.000 mph=0.000 bytes=393216 pkts=393216 shard=0
step=0351325 (run 7325/8000) loss=0.06153 byte_ppl=1.063 atoms=32 merges=0 field=15.3699 rms=0.4803 scale=1.0000 fcos=nan ign=0.0000 prn=nan nxp=0.000 mph=0.000 bytes=393216 pkts=393216 shard=0
step=0351350 (run 7350/8000) loss=6.00838 byte_ppl=406.825 atoms=60 merges=0 field=15.3530 rms=0.4798 scale=1.0000 fcos=nan ign=0.0000 prn=nan nxp=0.000 mph=0.000 bytes=393216 pkts=393216 shard=0
step=0351375 (run 7375/8000) loss=0.00122 byte_ppl=1.001 atoms=16 merges=0 field=15.3220 rms=0.4788 scale=1.0000 fcos=nan ign=0.0000 prn=nan nxp=0.000 mph=0.000 bytes=393216 pkts=393216 shard=0
step=0351400 (run 7400/8000) loss=9.24548 byte_ppl=10357.619 atoms=44 merges=0 field=15.3479 rms=0.4796 scale=1.0000 fcos=nan ign=0.0000 prn=nan nxp=0.000 mph=0.000 bytes=393216 pkts=393216 shard=0
step=0351425 (run 7425/8000) loss=0.00747 byte_ppl=1.007 atoms=1 merges=0 field=15.3387 rms=0.4793 scale=1.0000 fcos=nan ign=0.0000 prn=nan nxp=0.000 mph=0.000 bytes=393216 pkts=393216 shard=0
step=0351450 (run 7450/8000) loss=6.81322 byte_ppl=909.797 atoms=29 merges=0 field=15.3305 rms=0.4791 scale=1.0000 fcos=nan ign=0.0000 prn=nan nxp=0.000 mph=0.000 bytes=393216 pkts=393216 shard=0
step=0351475 (run 7475/8000) loss=0.00673 byte_ppl=1.007 atoms=56 merges=0 field=15.3394 rms=0.4794 scale=1.0000 fcos=nan ign=0.0000 prn=nan nxp=0.000 mph=0.000 bytes=393216 pkts=393216 shard=0
step=0351500 (run 7500/8000) loss=3.95185 byte_ppl=52.031 atoms=14 merges=0 field=15.3513 rms=0.4797 scale=1.0000 fcos=nan ign=0.0000 prn=nan nxp=0.000 mph=0.000 bytes=393216 pkts=393216 shard=0
step=0351525 (run 7525/8000) loss=4.18079 byte_ppl=65.418 atoms=41 merges=0 field=15.3456 rms=0.4796 scale=1.0000 fcos=nan ign=0.0000 prn=nan nxp=0.000 mph=0.000 bytes=393216 pkts=393216 shard=0
step=0351550 (run 7550/8000) loss=4.08057 byte_ppl=59.179 atoms=69 merges=0 field=15.3315 rms=0.4791 scale=1.0000 fcos=nan ign=0.0000 prn=nan nxp=0.000 mph=0.000 bytes=393216 pkts=393216 shard=0
step=0351575 (run 7575/8000) loss=0.00115 byte_ppl=1.001 atoms=25 merges=0 field=15.3333 rms=0.4792 scale=1.0000 fcos=nan ign=0.0000 prn=nan nxp=0.000 mph=0.000 bytes=393216 pkts=393216 shard=0
step=0351600 (run 7600/8000) loss=0.05968 byte_ppl=1.061 atoms=53 merges=0 field=15.3171 rms=0.4787 scale=1.0000 fcos=nan ign=0.0000 prn=nan nxp=0.000 mph=0.000 bytes=393216 pkts=393216 shard=0
step=0351625 (run 7625/8000) loss=0.00156 byte_ppl=1.002 atoms=10 merges=0 field=15.3014 rms=0.4782 scale=1.0000 fcos=nan ign=0.0000 prn=nan nxp=0.000 mph=0.000 bytes=393216 pkts=393216 shard=0
step=0351650 (run 7650/8000) loss=0.91309 byte_ppl=2.492 atoms=38 merges=0 field=15.3146 rms=0.4786 scale=1.0000 fcos=nan ign=0.0000 prn=nan nxp=0.000 mph=0.000 bytes=393216 pkts=393216 shard=0
step=0351675 (run 7675/8000) loss=3.23637 byte_ppl=25.441 atoms=65 merges=0 field=15.3125 rms=0.4785 scale=1.0000 fcos=nan ign=0.0000 prn=nan nxp=0.000 mph=0.000 bytes=393216 pkts=393216 shard=0
step=0351700 (run 7700/8000) loss=4.68192 byte_ppl=107.977 atoms=22 merges=0 field=15.3199 rms=0.4787 scale=1.0000 fcos=nan ign=0.0000 prn=nan nxp=0.000 mph=0.000 bytes=393216 pkts=393216 shard=0
step=0351725 (run 7725/8000) loss=0.48649 byte_ppl=1.627 atoms=49 merges=0 field=15.3386 rms=0.4793 scale=1.0000 fcos=nan ign=0.0000 prn=nan nxp=0.000 mph=0.000 bytes=393216 pkts=393216 shard=0
step=0351750 (run 7750/8000) loss=0.06264 byte_ppl=1.065 atoms=7 merges=0 field=15.3430 rms=0.4795 scale=1.0000 fcos=nan ign=0.0000 prn=nan nxp=0.000 mph=0.000 bytes=393216 pkts=393216 shard=0
step=0351775 (run 7775/8000) loss=3.26000 byte_ppl=26.049 atoms=34 merges=0 field=15.3264 rms=0.4790 scale=1.0000 fcos=nan ign=0.0000 prn=nan nxp=0.000 mph=0.000 bytes=393216 pkts=393216 shard=0
step=0351800 (run 7800/8000) loss=6.14913 byte_ppl=468.311 atoms=62 merges=0 field=15.3308 rms=0.4791 scale=1.0000 fcos=nan ign=0.0000 prn=nan nxp=0.000 mph=0.000 bytes=393216 pkts=393216 shard=0
step=0351825 (run 7825/8000) loss=0.00358 byte_ppl=1.004 atoms=19 merges=0 field=15.3245 rms=0.4789 scale=1.0000 fcos=nan ign=0.0000 prn=nan nxp=0.000 mph=0.000 bytes=393216 pkts=393216 shard=0
step=0351850 (run 7850/8000) loss=1.97583 byte_ppl=7.213 atoms=47 merges=0 field=15.3106 rms=0.4785 scale=1.0000 fcos=nan ign=0.0000 prn=nan nxp=0.000 mph=0.000 bytes=393216 pkts=393216 shard=0
step=0351875 (run 7875/8000) loss=1.65080 byte_ppl=5.211 atoms=3 merges=0 field=15.3183 rms=0.4787 scale=1.0000 fcos=nan ign=0.0000 prn=nan nxp=0.000 mph=0.000 bytes=393216 pkts=393216 shard=0
step=0351900 (run 7900/8000) loss=2.59887 byte_ppl=13.449 atoms=31 merges=0 field=15.3184 rms=0.4787 scale=1.0000 fcos=nan ign=0.0000 prn=nan nxp=0.000 mph=0.000 bytes=393216 pkts=393216 shard=0
step=0351925 (run 7925/8000) loss=0.01607 byte_ppl=1.016 atoms=58 merges=0 field=15.3477 rms=0.4796 scale=1.0000 fcos=nan ign=0.0000 prn=nan nxp=0.000 mph=0.000 bytes=393216 pkts=393216 shard=0
step=0351950 (run 7950/8000) loss=2.61752 byte_ppl=13.702 atoms=16 merges=0 field=15.3349 rms=0.4792 scale=1.0000 fcos=nan ign=0.0000 prn=nan nxp=0.000 mph=0.000 bytes=393216 pkts=393216 shard=0
step=0351975 (run 7975/8000) loss=0.00174 byte_ppl=1.002 atoms=43 merges=0 field=15.3554 rms=0.4799 scale=1.0000 fcos=nan ign=0.0000 prn=nan nxp=0.000 mph=0.000 bytes=393216 pkts=393216 shard=0
step=0352000 (run 8000/8000) loss=7.90292 byte_ppl=2705.156 atoms=71 merges=0 field=15.3598 rms=0.4800 scale=1.0000 fcos=nan ign=0.0000 prn=nan nxp=0.000 mph=0.000 bytes=393216 pkts=393216 shard=0
{
  "stream": true,
  "data_path": "data/corpus_fr_medium_s21.txt",
  "data_glob": null,
  "shard_paths": [
    "/home/user/atom-ai/data/corpus_fr_medium_s21.txt"
  ],
  "data_bytes": 500257,
  "data_characters": null,
  "atomizer_version": "atomizer-v1-byte-span",
  "feature_dim": 320,
  "packet_count": null,
  "train_packet_count": null,
  "validation_packet_count": 2048,
  "mean_packet_bytes": null,
  "max_packet_bytes": null,
  "min_packet_bytes": null,
  "bytes_seen": 393216,
  "config": {
    "d_model": 32,
    "n_modes": 32,
    "n_atoms_max": 64,
    "max_span_bytes": 1,
    "episode_length": 8000,
    "episode_reset": true,
    "atom_flush_every": 64,
    "learning_rate": 5e-05,
    "surface_learning_rate": 0.00012,
    "steps": 8000,
    "start_step": 344000,
    "seed": 20260913,
    "surface_alphabet": 256,
    "field_max_rms": 3.0,
    "energy_decay_bounds": [
      0.3,
      0.95
    ],
    "stream": true,
    "chunk_bytes": 65536,
    "loop_shards": true,
    "stream_buffer": 2048,
    "stream_prefetch": true,
    "stream_skip_packets": 344000,
    "last_atom_readout": true,
    "efference_every": 10,
    "enable_merge": false,
    "payload_copy": false,
    "merge_coherence_threshold": 0.45,
    "merge_energy_floor": 0.08,
    "field_loss_weight": 0.05,
    "field_contrast_weight": 0.0,
    "field_ignorance_weight": 0.08,
    "field_ignorance_ablate_shared": false,
    "field_ignorance_prompt_bank": false,
    "field_obligatory_readout": true,
    "field_obligatory_hard": true,
    "printable_aux_weight": 0.0,
    "field_next_packet_weight": 0.0,
    "slow_every": 1
  },
  "packets_seen": 393216,
  "stream_epoch": 0,
  "train": {
    "steps": 8000,
    "efference_every": 10,
    "efference_steps": 800,
    "start_step": 344000,
    "total_steps": 352000,
    "episode_length": 8000,
    "episode_reset": true,
    "atom_flush_every": 64,
    "elapsed_seconds": 117.63728405799884,
    "transitions_per_second": 68.00565028393338,
    "first_loss": 0.2058786302804947,
    "final_loss": 7.902915000915527,
    "final_total_perplexity": 2705.1563795826073,
    "finite_losses": true,
    "finite_parameters": true,
    "nan_or_inf": false,
    "field_rms_before_max": 0.498939573764801,
    "field_rms_after_max": 0.498939573764801,
    "field_scale_min": 1.0,
    "field_norm_max": 15.966034889221191,
    "field_limited_steps": 0,
    "field_limited_fraction": 0.0,
    "final_dynamics": {
      "coupling_scale": 0.9507222771644592,
      "energy_decay": 0.42825472354888916,
      "phase_sync": 0.3336475193500519,
      "energy_decay_before": 0.42825472354888916,
      "energy_decay_repaired": false,
      "energy_decay_bounds": [
        0.3,
        0.95
      ]
    },
    "final_atoms_before_validation": 59,
    "stream": true,
    "bytes_seen": 393216
  },
  "validation": {
    "transitions": 256,
    "loss": 0.8365463224423024,
    "total_perplexity": 2.3083807909316043,
    "byte_loss": 0.8365463224423024,
    "byte_perplexity": 2.3083807909316043,
    "source": "stream_ring"
  },
  "checkpoint": "checkpoints/byte_tick/atom_native_step_352000_d32.pt",
  "reload": {
    "n_atoms": 0,
    "field_norm": 15.359752655029297,
    "time": 88.0003890991211,
    "finite": true
  },
  "generation": {
    "The future of AI is": {
      "temperature": 0.8,
      "top_k": 5,
      "max_length": 20,
      "bytes_hex": "4a65202020202020",
      "text": "Je      ",
      "reload_text": "Je      ",
      "reload_match": true
    },
    "Bonjour, je m'appelle": {
      "temperature": 0.8,
      "top_k": 5,
      "max_length": 20,
      "bytes_hex": "4f75692c20202020",
      "text": "Oui,    ",
      "reload_text": "Oui,    ",
      "reload_match": true
    },
    "Valkyria Chronicles III is": {
      "temperature": 0.8,
      "top_k": 5,
      "max_length": 20,
      "bytes_hex": "4f75692c20202020",
      "text": "Oui,    ",
      "reload_text": "Oui,    ",
      "reload_match": true
    }
  }
}
