train lock acquired: /home/user/atom-ai/checkpoints/atom-ai-train.lock (pid=1742)
stream skip: advancing 440000 packet transitions...
stream skip done: packets_seen=458752
resumed weights from checkpoints/byte_tick/atom_native_step_440000_d32.pt (recorded step=440000, legacy_surface_migrated=False, span_head_migrated=False)
atomizer pack_mode=linguistic max_span_bytes=1
dynamics on load: energy_decay=0.3036034107208252 -> 0.3036034107208252 (repaired=False, bounds=(0.3, 0.95))
MERGE gates: enable=False coherence_thr=0.450 energy_floor=0.080
field_obligatory_hard=ON hard-v2+ (mix_floor=1.0, freeze bypass, logits=frozen+cap*(α_MLP+payload_prod))
payload_copy=False (train-time copy-bias branch)
last_atom_readout=True (byte-tick 2-gram + dentate)
efference_every=10 (0=off)
optimizer groups: field/other lr=5e-05 (13 tensors), surface lr=0.00012 (25 tensors); energy_decay_bounds=(0.3, 0.95); field_max_rms=3.0
stream mode: 1 shard(s), chunk_bytes=65536, loop_shards=True, stream_buffer=2048, stream_prefetch=True
optimizer restore skipped: surface LR param groups differ from checkpoint
step=0440001 (run 1/8000) loss=2.05947 byte_ppl=7.842 atoms=1 merges=0 field=0.0425 rms=0.0017 scale=1.0000 fcos=nan ign=0.0000 prn=nan nxp=0.000 mph=0.000 bytes=458752 pkts=458752 shard=0
step=0440025 (run 25/8000) loss=0.00053 byte_ppl=1.001 atoms=27 merges=0 field=0.5416 rms=0.0170 scale=1.0000 fcos=nan ign=0.0000 prn=nan nxp=0.000 mph=0.000 bytes=458752 pkts=458752 shard=0
step=0440050 (run 50/8000) loss=7.39944 byte_ppl=1635.069 atoms=55 merges=0 field=0.9708 rms=0.0304 scale=1.0000 fcos=nan ign=0.0000 prn=nan nxp=0.000 mph=0.000 bytes=458752 pkts=458752 shard=0
step=0440075 (run 75/8000) loss=0.00076 byte_ppl=1.001 atoms=12 merges=0 field=1.2313 rms=0.0385 scale=1.0000 fcos=nan ign=0.0000 prn=nan nxp=0.000 mph=0.000 bytes=458752 pkts=458752 shard=0
step=0440100 (run 100/8000) loss=2.77841 byte_ppl=16.093 atoms=40 merges=0 field=1.5553 rms=0.0486 scale=1.0000 fcos=nan ign=0.0000 prn=nan nxp=0.000 mph=0.000 bytes=458752 pkts=458752 shard=0
step=0440125 (run 125/8000) loss=6.18383 byte_ppl=484.844 atoms=67 merges=0 field=1.7465 rms=0.0546 scale=1.0000 fcos=nan ign=0.0000 prn=nan nxp=0.000 mph=0.000 bytes=458752 pkts=458752 shard=0
step=0440150 (run 150/8000) loss=0.02744 byte_ppl=1.028 atoms=25 merges=0 field=1.9189 rms=0.0600 scale=1.0000 fcos=nan ign=0.0000 prn=nan nxp=0.000 mph=0.000 bytes=458752 pkts=458752 shard=0
step=0440175 (run 175/8000) loss=0.02689 byte_ppl=1.027 atoms=52 merges=0 field=2.1435 rms=0.0670 scale=1.0000 fcos=nan ign=0.0000 prn=nan nxp=0.000 mph=0.000 bytes=458752 pkts=458752 shard=0
step=0440200 (run 200/8000) loss=1.56671 byte_ppl=4.791 atoms=9 merges=0 field=2.3432 rms=0.0732 scale=1.0000 fcos=nan ign=0.0000 prn=nan nxp=0.000 mph=0.000 bytes=458752 pkts=458752 shard=0
step=0440225 (run 225/8000) loss=0.00290 byte_ppl=1.003 atoms=36 merges=0 field=2.5686 rms=0.0803 scale=1.0000 fcos=nan ign=0.0000 prn=nan nxp=0.000 mph=0.000 bytes=458752 pkts=458752 shard=0
step=0440250 (run 250/8000) loss=5.15774 byte_ppl=173.770 atoms=64 merges=0 field=2.7219 rms=0.0851 scale=1.0000 fcos=nan ign=0.0000 prn=nan nxp=0.000 mph=0.000 bytes=458752 pkts=458752 shard=0
step=0440275 (run 275/8000) loss=0.00084 byte_ppl=1.001 atoms=21 merges=0 field=2.8859 rms=0.0902 scale=1.0000 fcos=nan ign=0.0000 prn=nan nxp=0.000 mph=0.000 bytes=458752 pkts=458752 shard=0
step=0440300 (run 300/8000) loss=0.19323 byte_ppl=1.213 atoms=49 merges=0 field=3.0886 rms=0.0965 scale=1.0000 fcos=nan ign=0.0000 prn=nan nxp=0.000 mph=0.000 bytes=458752 pkts=458752 shard=0
step=0440325 (run 325/8000) loss=0.01562 byte_ppl=1.016 atoms=5 merges=0 field=3.1896 rms=0.0997 scale=1.0000 fcos=nan ign=0.0000 prn=nan nxp=0.000 mph=0.000 bytes=458752 pkts=458752 shard=0
step=0440350 (run 350/8000) loss=6.72085 byte_ppl=829.521 atoms=33 merges=0 field=3.3558 rms=0.1049 scale=1.0000 fcos=nan ign=0.0000 prn=nan nxp=0.000 mph=0.000 bytes=458752 pkts=458752 shard=0
step=0440375 (run 375/8000) loss=0.00052 byte_ppl=1.001 atoms=60 merges=0 field=3.4633 rms=0.1082 scale=1.0000 fcos=nan ign=0.0000 prn=nan nxp=0.000 mph=0.000 bytes=458752 pkts=458752 shard=0
step=0440400 (run 400/8000) loss=4.66818 byte_ppl=106.504 atoms=18 merges=0 field=3.5821 rms=0.1119 scale=1.0000 fcos=nan ign=0.0000 prn=nan nxp=0.000 mph=0.000 bytes=458752 pkts=458752 shard=0
step=0440425 (run 425/8000) loss=1.18311 byte_ppl=3.265 atoms=45 merges=0 field=3.6972 rms=0.1155 scale=1.0000 fcos=nan ign=0.0000 prn=nan nxp=0.000 mph=0.000 bytes=458752 pkts=458752 shard=0
step=0440450 (run 450/8000) loss=0.00041 byte_ppl=1.000 atoms=3 merges=0 field=3.8461 rms=0.1202 scale=1.0000 fcos=nan ign=0.0000 prn=nan nxp=0.000 mph=0.000 bytes=458752 pkts=458752 shard=0
step=0440475 (run 475/8000) loss=0.00536 byte_ppl=1.005 atoms=30 merges=0 field=3.9664 rms=0.1240 scale=1.0000 fcos=nan ign=0.0000 prn=nan nxp=0.000 mph=0.000 bytes=458752 pkts=458752 shard=0
step=0440500 (run 500/8000) loss=7.52345 byte_ppl=1850.945 atoms=58 merges=0 field=4.0825 rms=0.1276 scale=1.0000 fcos=nan ign=0.0000 prn=nan nxp=0.000 mph=0.000 bytes=458752 pkts=458752 shard=0
step=0440525 (run 525/8000) loss=3.77568 byte_ppl=43.627 atoms=14 merges=0 field=4.2321 rms=0.1323 scale=1.0000 fcos=nan ign=0.0000 prn=nan nxp=0.000 mph=0.000 bytes=458752 pkts=458752 shard=0
step=0440550 (run 550/8000) loss=4.31805 byte_ppl=75.042 atoms=42 merges=0 field=4.3476 rms=0.1359 scale=1.0000 fcos=nan ign=0.0000 prn=nan nxp=0.000 mph=0.000 bytes=458752 pkts=458752 shard=0
step=0440575 (run 575/8000) loss=0.00704 byte_ppl=1.007 atoms=69 merges=0 field=4.4313 rms=0.1385 scale=1.0000 fcos=nan ign=0.0000 prn=nan nxp=0.000 mph=0.000 bytes=458752 pkts=458752 shard=0
step=0440600 (run 600/8000) loss=0.41655 byte_ppl=1.517 atoms=27 merges=0 field=4.4510 rms=0.1391 scale=1.0000 fcos=nan ign=0.0000 prn=nan nxp=0.000 mph=0.000 bytes=458752 pkts=458752 shard=0
step=0440625 (run 625/8000) loss=0.01679 byte_ppl=1.017 atoms=54 merges=0 field=4.5512 rms=0.1422 scale=1.0000 fcos=nan ign=0.0000 prn=nan nxp=0.000 mph=0.000 bytes=458752 pkts=458752 shard=0
step=0440650 (run 650/8000) loss=0.01480 byte_ppl=1.015 atoms=11 merges=0 field=4.6709 rms=0.1460 scale=1.0000 fcos=nan ign=0.0000 prn=nan nxp=0.000 mph=0.000 bytes=458752 pkts=458752 shard=0
step=0440675 (run 675/8000) loss=0.00137 byte_ppl=1.001 atoms=38 merges=0 field=4.7211 rms=0.1475 scale=1.0000 fcos=nan ign=0.0000 prn=nan nxp=0.000 mph=0.000 bytes=458752 pkts=458752 shard=0
step=0440700 (run 700/8000) loss=0.39947 byte_ppl=1.491 atoms=66 merges=0 field=4.8102 rms=0.1503 scale=1.0000 fcos=nan ign=0.0000 prn=nan nxp=0.000 mph=0.000 bytes=458752 pkts=458752 shard=0
step=0440725 (run 725/8000) loss=4.24638 byte_ppl=69.852 atoms=23 merges=0 field=4.9328 rms=0.1542 scale=1.0000 fcos=nan ign=0.0000 prn=nan nxp=0.000 mph=0.000 bytes=458752 pkts=458752 shard=0
step=0440750 (run 750/8000) loss=0.90358 byte_ppl=2.468 atoms=51 merges=0 field=4.9898 rms=0.1559 scale=1.0000 fcos=nan ign=0.0000 prn=nan nxp=0.000 mph=0.000 bytes=458752 pkts=458752 shard=0
step=0440775 (run 775/8000) loss=3.68903 byte_ppl=40.006 atoms=8 merges=0 field=5.0752 rms=0.1586 scale=1.0000 fcos=nan ign=0.0000 prn=nan nxp=0.000 mph=0.000 bytes=458752 pkts=458752 shard=0
step=0440800 (run 800/8000) loss=9.01104 byte_ppl=8193.043 atoms=36 merges=0 field=5.1287 rms=0.1603 scale=1.0000 fcos=nan ign=0.0000 prn=nan nxp=0.000 mph=0.000 bytes=458752 pkts=458752 shard=0
step=0440825 (run 825/8000) loss=0.00332 byte_ppl=1.003 atoms=63 merges=0 field=5.1867 rms=0.1621 scale=1.0000 fcos=nan ign=0.0000 prn=nan nxp=0.000 mph=0.000 bytes=458752 pkts=458752 shard=0
step=0440850 (run 850/8000) loss=3.21914 byte_ppl=25.007 atoms=20 merges=0 field=5.2524 rms=0.1641 scale=1.0000 fcos=nan ign=0.0000 prn=nan nxp=0.000 mph=0.000 bytes=458752 pkts=458752 shard=0
step=0440875 (run 875/8000) loss=1.58016 byte_ppl=4.856 atoms=47 merges=0 field=5.2835 rms=0.1651 scale=1.0000 fcos=nan ign=0.0000 prn=nan nxp=0.000 mph=0.000 bytes=458752 pkts=458752 shard=0
step=0440900 (run 900/8000) loss=3.79224 byte_ppl=44.356 atoms=5 merges=0 field=5.3190 rms=0.1662 scale=1.0000 fcos=nan ign=0.0000 prn=nan nxp=0.000 mph=0.000 bytes=458752 pkts=458752 shard=0
step=0440925 (run 925/8000) loss=0.01852 byte_ppl=1.019 atoms=32 merges=0 field=5.3628 rms=0.1676 scale=1.0000 fcos=nan ign=0.0000 prn=nan nxp=0.000 mph=0.000 bytes=458752 pkts=458752 shard=0
step=0440950 (run 950/8000) loss=0.02000 byte_ppl=1.020 atoms=60 merges=0 field=5.4364 rms=0.1699 scale=1.0000 fcos=nan ign=0.0000 prn=nan nxp=0.000 mph=0.000 bytes=458752 pkts=458752 shard=0
step=0440975 (run 975/8000) loss=0.00390 byte_ppl=1.004 atoms=16 merges=0 field=5.4736 rms=0.1711 scale=1.0000 fcos=nan ign=0.0000 prn=nan nxp=0.000 mph=0.000 bytes=458752 pkts=458752 shard=0
step=0441000 (run 1000/8000) loss=1.06572 byte_ppl=2.903 atoms=44 merges=0 field=5.5157 rms=0.1724 scale=1.0000 fcos=nan ign=0.0000 prn=nan nxp=0.000 mph=0.000 bytes=458752 pkts=458752 shard=0
step=0441025 (run 1025/8000) loss=3.81313 byte_ppl=45.292 atoms=1 merges=0 field=5.5674 rms=0.1740 scale=1.0000 fcos=nan ign=0.0000 prn=nan nxp=0.000 mph=0.000 bytes=458752 pkts=458752 shard=0
step=0441050 (run 1050/8000) loss=5.16101 byte_ppl=174.340 atoms=29 merges=0 field=5.5962 rms=0.1749 scale=1.0000 fcos=nan ign=0.0000 prn=nan nxp=0.000 mph=0.000 bytes=458752 pkts=458752 shard=0
step=0441075 (run 1075/8000) loss=4.50207 byte_ppl=90.203 atoms=56 merges=0 field=5.6405 rms=0.1763 scale=1.0000 fcos=nan ign=0.0000 prn=nan nxp=0.000 mph=0.000 bytes=458752 pkts=458752 shard=0
step=0441100 (run 1100/8000) loss=18.82361 byte_ppl=149619579.072 atoms=14 merges=0 field=5.6695 rms=0.1772 scale=1.0000 fcos=nan ign=0.0000 prn=nan nxp=0.000 mph=0.000 bytes=458752 pkts=458752 shard=0
step=0441125 (run 1125/8000) loss=8.93015 byte_ppl=7556.385 atoms=41 merges=0 field=5.6809 rms=0.1775 scale=1.0000 fcos=nan ign=0.0000 prn=nan nxp=0.000 mph=0.000 bytes=458752 pkts=458752 shard=0
step=0441150 (run 1150/8000) loss=8.03623 byte_ppl=3090.933 atoms=69 merges=0 field=5.7134 rms=0.1785 scale=1.0000 fcos=nan ign=0.0000 prn=nan nxp=0.000 mph=0.000 bytes=458752 pkts=458752 shard=0
step=0441175 (run 1175/8000) loss=0.00099 byte_ppl=1.001 atoms=25 merges=0 field=5.7503 rms=0.1797 scale=1.0000 fcos=nan ign=0.0000 prn=nan nxp=0.000 mph=0.000 bytes=458752 pkts=458752 shard=0
step=0441200 (run 1200/8000) loss=6.13784 byte_ppl=463.052 atoms=53 merges=0 field=5.7653 rms=0.1802 scale=1.0000 fcos=nan ign=0.0000 prn=nan nxp=0.000 mph=0.000 bytes=458752 pkts=458752 shard=0
step=0441225 (run 1225/8000) loss=0.20553 byte_ppl=1.228 atoms=10 merges=0 field=5.8053 rms=0.1814 scale=1.0000 fcos=nan ign=0.0000 prn=nan nxp=0.000 mph=0.000 bytes=458752 pkts=458752 shard=0
step=0441250 (run 1250/8000) loss=0.25995 byte_ppl=1.297 atoms=38 merges=0 field=5.8349 rms=0.1823 scale=1.0000 fcos=nan ign=0.0000 prn=nan nxp=0.000 mph=0.000 bytes=458752 pkts=458752 shard=0
step=0441275 (run 1275/8000) loss=0.02558 byte_ppl=1.026 atoms=65 merges=0 field=5.8586 rms=0.1831 scale=1.0000 fcos=nan ign=0.0000 prn=nan nxp=0.000 mph=0.000 bytes=458752 pkts=458752 shard=0
step=0441300 (run 1300/8000) loss=0.00037 byte_ppl=1.000 atoms=22 merges=0 field=5.9220 rms=0.1851 scale=1.0000 fcos=nan ign=0.0000 prn=nan nxp=0.000 mph=0.000 bytes=458752 pkts=458752 shard=0
step=0441325 (run 1325/8000) loss=3.21431 byte_ppl=24.886 atoms=49 merges=0 field=5.9682 rms=0.1865 scale=1.0000 fcos=nan ign=0.0000 prn=nan nxp=0.000 mph=0.000 bytes=458752 pkts=458752 shard=0
step=0441350 (run 1350/8000) loss=6.51591 byte_ppl=675.808 atoms=7 merges=0 field=5.9626 rms=0.1863 scale=1.0000 fcos=nan ign=0.0000 prn=nan nxp=0.000 mph=0.000 bytes=458752 pkts=458752 shard=0
step=0441375 (run 1375/8000) loss=0.09594 byte_ppl=1.101 atoms=34 merges=0 field=5.9814 rms=0.1869 scale=1.0000 fcos=nan ign=0.0000 prn=nan nxp=0.000 mph=0.000 bytes=458752 pkts=458752 shard=0
step=0441400 (run 1400/8000) loss=5.04601 byte_ppl=155.402 atoms=62 merges=0 field=6.0056 rms=0.1877 scale=1.0000 fcos=nan ign=0.0000 prn=nan nxp=0.000 mph=0.000 bytes=458752 pkts=458752 shard=0
step=0441425 (run 1425/8000) loss=0.00015 byte_ppl=1.000 atoms=19 merges=0 field=6.0376 rms=0.1887 scale=1.0000 fcos=nan ign=0.0000 prn=nan nxp=0.000 mph=0.000 bytes=458752 pkts=458752 shard=0
step=0441450 (run 1450/8000) loss=7.32267 byte_ppl=1514.244 atoms=47 merges=0 field=6.0721 rms=0.1898 scale=1.0000 fcos=nan ign=0.0000 prn=nan nxp=0.000 mph=0.000 bytes=458752 pkts=458752 shard=0
step=0441475 (run 1475/8000) loss=2.22096 byte_ppl=9.216 atoms=3 merges=0 field=6.0604 rms=0.1894 scale=1.0000 fcos=nan ign=0.0000 prn=nan nxp=0.000 mph=0.000 bytes=458752 pkts=458752 shard=0
step=0441500 (run 1500/8000) loss=0.35903 byte_ppl=1.432 atoms=31 merges=0 field=6.0852 rms=0.1902 scale=1.0000 fcos=nan ign=0.0000 prn=nan nxp=0.000 mph=0.000 bytes=458752 pkts=458752 shard=0
step=0441525 (run 1525/8000) loss=0.00112 byte_ppl=1.001 atoms=58 merges=0 field=6.1039 rms=0.1907 scale=1.0000 fcos=nan ign=0.0000 prn=nan nxp=0.000 mph=0.000 bytes=458752 pkts=458752 shard=0
step=0441550 (run 1550/8000) loss=6.02181 byte_ppl=412.325 atoms=16 merges=0 field=6.1311 rms=0.1916 scale=1.0000 fcos=nan ign=0.0000 prn=nan nxp=0.000 mph=0.000 bytes=458752 pkts=458752 shard=0
step=0441575 (run 1575/8000) loss=2.27811 byte_ppl=9.758 atoms=43 merges=0 field=6.1591 rms=0.1925 scale=1.0000 fcos=nan ign=0.0000 prn=nan nxp=0.000 mph=0.000 bytes=458752 pkts=458752 shard=0
step=0441600 (run 1600/8000) loss=0.00439 byte_ppl=1.004 atoms=71 merges=0 field=6.2145 rms=0.1942 scale=1.0000 fcos=nan ign=0.0000 prn=nan nxp=0.000 mph=0.000 bytes=458752 pkts=458752 shard=0
step=0441625 (run 1625/8000) loss=0.91899 byte_ppl=2.507 atoms=27 merges=0 field=6.2297 rms=0.1947 scale=1.0000 fcos=nan ign=0.0000 prn=nan nxp=0.000 mph=0.000 bytes=458752 pkts=458752 shard=0
step=0441650 (run 1650/8000) loss=4.68135 byte_ppl=107.916 atoms=55 merges=0 field=6.2400 rms=0.1950 scale=1.0000 fcos=nan ign=0.0000 prn=nan nxp=0.000 mph=0.000 bytes=458752 pkts=458752 shard=0
step=0441675 (run 1675/8000) loss=0.06866 byte_ppl=1.071 atoms=12 merges=0 field=6.2529 rms=0.1954 scale=1.0000 fcos=nan ign=0.0000 prn=nan nxp=0.000 mph=0.000 bytes=458752 pkts=458752 shard=0
step=0441700 (run 1700/8000) loss=12.00311 byte_ppl=163261.580 atoms=40 merges=0 field=6.2426 rms=0.1951 scale=1.0000 fcos=nan ign=0.0000 prn=nan nxp=0.000 mph=0.000 bytes=458752 pkts=458752 shard=0
step=0441725 (run 1725/8000) loss=5.89187 byte_ppl=362.082 atoms=67 merges=0 field=6.2732 rms=0.1960 scale=1.0000 fcos=nan ign=0.0000 prn=nan nxp=0.000 mph=0.000 bytes=458752 pkts=458752 shard=0
step=0441750 (run 1750/8000) loss=6.48652 byte_ppl=656.238 atoms=25 merges=0 field=6.2934 rms=0.1967 scale=1.0000 fcos=nan ign=0.0000 prn=nan nxp=0.000 mph=0.000 bytes=458752 pkts=458752 shard=0
step=0441775 (run 1775/8000) loss=0.01036 byte_ppl=1.010 atoms=52 merges=0 field=6.2973 rms=0.1968 scale=1.0000 fcos=nan ign=0.0000 prn=nan nxp=0.000 mph=0.000 bytes=458752 pkts=458752 shard=0
step=0441800 (run 1800/8000) loss=7.82579 byte_ppl=2504.362 atoms=9 merges=0 field=6.3046 rms=0.1970 scale=1.0000 fcos=nan ign=0.0000 prn=nan nxp=0.000 mph=0.000 bytes=458752 pkts=458752 shard=0
step=0441825 (run 1825/8000) loss=0.00122 byte_ppl=1.001 atoms=36 merges=0 field=6.3085 rms=0.1971 scale=1.0000 fcos=nan ign=0.0000 prn=nan nxp=0.000 mph=0.000 bytes=458752 pkts=458752 shard=0
step=0441850 (run 1850/8000) loss=9.79562 byte_ppl=17954.929 atoms=64 merges=0 field=6.3017 rms=0.1969 scale=1.0000 fcos=nan ign=0.0000 prn=nan nxp=0.000 mph=0.000 bytes=458752 pkts=458752 shard=0
step=0441875 (run 1875/8000) loss=0.01029 byte_ppl=1.010 atoms=21 merges=0 field=6.2939 rms=0.1967 scale=1.0000 fcos=nan ign=0.0000 prn=nan nxp=0.000 mph=0.000 bytes=458752 pkts=458752 shard=0
step=0441900 (run 1900/8000) loss=3.68888 byte_ppl=40.000 atoms=49 merges=0 field=6.3011 rms=0.1969 scale=1.0000 fcos=nan ign=0.0000 prn=nan nxp=0.000 mph=0.000 bytes=458752 pkts=458752 shard=0
step=0441925 (run 1925/8000) loss=0.00159 byte_ppl=1.002 atoms=5 merges=0 field=6.2914 rms=0.1966 scale=1.0000 fcos=nan ign=0.0000 prn=nan nxp=0.000 mph=0.000 bytes=458752 pkts=458752 shard=0
step=0441950 (run 1950/8000) loss=0.00133 byte_ppl=1.001 atoms=33 merges=0 field=6.2942 rms=0.1967 scale=1.0000 fcos=nan ign=0.0000 prn=nan nxp=0.000 mph=0.000 bytes=458752 pkts=458752 shard=0
step=0441975 (run 1975/8000) loss=0.00726 byte_ppl=1.007 atoms=60 merges=0 field=6.2950 rms=0.1967 scale=1.0000 fcos=nan ign=0.0000 prn=nan nxp=0.000 mph=0.000 bytes=458752 pkts=458752 shard=0
step=0442000 (run 2000/8000) loss=9.89726 byte_ppl=19875.887 atoms=18 merges=0 field=6.3190 rms=0.1975 scale=1.0000 fcos=nan ign=0.0000 prn=nan nxp=0.000 mph=0.000 bytes=458752 pkts=458752 shard=0
step=0442025 (run 2025/8000) loss=0.00035 byte_ppl=1.000 atoms=45 merges=0 field=6.3118 rms=0.1972 scale=1.0000 fcos=nan ign=0.0000 prn=nan nxp=0.000 mph=0.000 bytes=458752 pkts=458752 shard=0
step=0442050 (run 2050/8000) loss=3.30263 byte_ppl=27.184 atoms=3 merges=0 field=6.3407 rms=0.1981 scale=1.0000 fcos=nan ign=0.0000 prn=nan nxp=0.000 mph=0.000 bytes=458752 pkts=458752 shard=0
step=0442075 (run 2075/8000) loss=5.35120 byte_ppl=210.861 atoms=30 merges=0 field=6.3650 rms=0.1989 scale=1.0000 fcos=nan ign=0.0000 prn=nan nxp=0.000 mph=0.000 bytes=458752 pkts=458752 shard=0
step=0442100 (run 2100/8000) loss=0.01274 byte_ppl=1.013 atoms=58 merges=0 field=6.3268 rms=0.1977 scale=1.0000 fcos=nan ign=0.0000 prn=nan nxp=0.000 mph=0.000 bytes=458752 pkts=458752 shard=0
step=0442125 (run 2125/8000) loss=0.04849 byte_ppl=1.050 atoms=14 merges=0 field=6.3032 rms=0.1970 scale=1.0000 fcos=nan ign=0.0000 prn=nan nxp=0.000 mph=0.000 bytes=458752 pkts=458752 shard=0
step=0442150 (run 2150/8000) loss=2.22981 byte_ppl=9.298 atoms=42 merges=0 field=6.2961 rms=0.1968 scale=1.0000 fcos=nan ign=0.0000 prn=nan nxp=0.000 mph=0.000 bytes=458752 pkts=458752 shard=0
step=0442175 (run 2175/8000) loss=2.97163 byte_ppl=19.524 atoms=69 merges=0 field=6.2801 rms=0.1963 scale=1.0000 fcos=nan ign=0.0000 prn=nan nxp=0.000 mph=0.000 bytes=458752 pkts=458752 shard=0
step=0442200 (run 2200/8000) loss=12.96932 byte_ppl=429046.377 atoms=27 merges=0 field=6.2685 rms=0.1959 scale=1.0000 fcos=nan ign=0.0000 prn=nan nxp=0.000 mph=0.000 bytes=458752 pkts=458752 shard=0
step=0442225 (run 2225/8000) loss=0.00055 byte_ppl=1.001 atoms=54 merges=0 field=6.2744 rms=0.1961 scale=1.0000 fcos=nan ign=0.0000 prn=nan nxp=0.000 mph=0.000 bytes=458752 pkts=458752 shard=0
step=0442250 (run 2250/8000) loss=4.30438 byte_ppl=74.023 atoms=11 merges=0 field=6.2762 rms=0.1961 scale=1.0000 fcos=nan ign=0.0000 prn=nan nxp=0.000 mph=0.000 bytes=458752 pkts=458752 shard=0
step=0442275 (run 2275/8000) loss=3.95336 byte_ppl=52.110 atoms=38 merges=0 field=6.3055 rms=0.1971 scale=1.0000 fcos=nan ign=0.0000 prn=nan nxp=0.000 mph=0.000 bytes=458752 pkts=458752 shard=0
step=0442300 (run 2300/8000) loss=7.20188 byte_ppl=1341.954 atoms=66 merges=0 field=6.3385 rms=0.1981 scale=1.0000 fcos=nan ign=0.0000 prn=nan nxp=0.000 mph=0.000 bytes=458752 pkts=458752 shard=0
step=0442325 (run 2325/8000) loss=0.70262 byte_ppl=2.019 atoms=23 merges=0 field=6.3150 rms=0.1973 scale=1.0000 fcos=nan ign=0.0000 prn=nan nxp=0.000 mph=0.000 bytes=458752 pkts=458752 shard=0
step=0442350 (run 2350/8000) loss=0.21753 byte_ppl=1.243 atoms=51 merges=0 field=6.3132 rms=0.1973 scale=1.0000 fcos=nan ign=0.0000 prn=nan nxp=0.000 mph=0.000 bytes=458752 pkts=458752 shard=0
step=0442375 (run 2375/8000) loss=1.41911 byte_ppl=4.133 atoms=8 merges=0 field=6.3260 rms=0.1977 scale=1.0000 fcos=nan ign=0.0000 prn=nan nxp=0.000 mph=0.000 bytes=458752 pkts=458752 shard=0
step=0442400 (run 2400/8000) loss=3.43573 byte_ppl=31.054 atoms=36 merges=0 field=6.3241 rms=0.1976 scale=1.0000 fcos=nan ign=0.0000 prn=nan nxp=0.000 mph=0.000 bytes=458752 pkts=458752 shard=0
step=0442425 (run 2425/8000) loss=0.00056 byte_ppl=1.001 atoms=63 merges=0 field=6.2918 rms=0.1966 scale=1.0000 fcos=nan ign=0.0000 prn=nan nxp=0.000 mph=0.000 bytes=458752 pkts=458752 shard=0
step=0442450 (run 2450/8000) loss=0.35560 byte_ppl=1.427 atoms=20 merges=0 field=6.3020 rms=0.1969 scale=1.0000 fcos=nan ign=0.0000 prn=nan nxp=0.000 mph=0.000 bytes=458752 pkts=458752 shard=0
step=0442475 (run 2475/8000) loss=0.00373 byte_ppl=1.004 atoms=47 merges=0 field=6.2645 rms=0.1958 scale=1.0000 fcos=nan ign=0.0000 prn=nan nxp=0.000 mph=0.000 bytes=458752 pkts=458752 shard=0
step=0442500 (run 2500/8000) loss=3.15063 byte_ppl=23.351 atoms=5 merges=0 field=6.2757 rms=0.1961 scale=1.0000 fcos=nan ign=0.0000 prn=nan nxp=0.000 mph=0.000 bytes=458752 pkts=458752 shard=0
step=0442525 (run 2525/8000) loss=0.00031 byte_ppl=1.000 atoms=32 merges=0 field=6.3048 rms=0.1970 scale=1.0000 fcos=nan ign=0.0000 prn=nan nxp=0.000 mph=0.000 bytes=458752 pkts=458752 shard=0
step=0442550 (run 2550/8000) loss=8.49119 byte_ppl=4871.660 atoms=60 merges=0 field=6.2963 rms=0.1968 scale=1.0000 fcos=nan ign=0.0000 prn=nan nxp=0.000 mph=0.000 bytes=458752 pkts=458752 shard=0
step=0442575 (run 2575/8000) loss=0.00307 byte_ppl=1.003 atoms=16 merges=0 field=6.3021 rms=0.1969 scale=1.0000 fcos=nan ign=0.0000 prn=nan nxp=0.000 mph=0.000 bytes=458752 pkts=458752 shard=0
step=0442600 (run 2600/8000) loss=2.31312 byte_ppl=10.106 atoms=44 merges=0 field=6.3311 rms=0.1978 scale=1.0000 fcos=nan ign=0.0000 prn=nan nxp=0.000 mph=0.000 bytes=458752 pkts=458752 shard=0
step=0442625 (run 2625/8000) loss=4.98791 byte_ppl=146.629 atoms=1 merges=0 field=6.3331 rms=0.1979 scale=1.0000 fcos=nan ign=0.0000 prn=nan nxp=0.000 mph=0.000 bytes=458752 pkts=458752 shard=0
step=0442650 (run 2650/8000) loss=2.29763 byte_ppl=9.951 atoms=29 merges=0 field=6.3401 rms=0.1981 scale=1.0000 fcos=nan ign=0.0000 prn=nan nxp=0.000 mph=0.000 bytes=458752 pkts=458752 shard=0
step=0442675 (run 2675/8000) loss=4.86063 byte_ppl=129.105 atoms=56 merges=0 field=6.3251 rms=0.1977 scale=1.0000 fcos=nan ign=0.0000 prn=nan nxp=0.000 mph=0.000 bytes=458752 pkts=458752 shard=0
step=0442700 (run 2700/8000) loss=6.79576 byte_ppl=894.048 atoms=14 merges=0 field=6.3190 rms=0.1975 scale=1.0000 fcos=nan ign=0.0000 prn=nan nxp=0.000 mph=0.000 bytes=458752 pkts=458752 shard=0
step=0442725 (run 2725/8000) loss=3.10208 byte_ppl=22.244 atoms=41 merges=0 field=6.3375 rms=0.1980 scale=1.0000 fcos=nan ign=0.0000 prn=nan nxp=0.000 mph=0.000 bytes=458752 pkts=458752 shard=0
step=0442750 (run 2750/8000) loss=5.71783 byte_ppl=304.244 atoms=69 merges=0 field=6.3475 rms=0.1984 scale=1.0000 fcos=nan ign=0.0000 prn=nan nxp=0.000 mph=0.000 bytes=458752 pkts=458752 shard=0
step=0442775 (run 2775/8000) loss=0.00008 byte_ppl=1.000 atoms=25 merges=0 field=6.3483 rms=0.1984 scale=1.0000 fcos=nan ign=0.0000 prn=nan nxp=0.000 mph=0.000 bytes=458752 pkts=458752 shard=0
step=0442800 (run 2800/8000) loss=0.02475 byte_ppl=1.025 atoms=53 merges=0 field=6.3609 rms=0.1988 scale=1.0000 fcos=nan ign=0.0000 prn=nan nxp=0.000 mph=0.000 bytes=458752 pkts=458752 shard=0
step=0442825 (run 2825/8000) loss=0.30943 byte_ppl=1.363 atoms=10 merges=0 field=6.3615 rms=0.1988 scale=1.0000 fcos=nan ign=0.0000 prn=nan nxp=0.000 mph=0.000 bytes=458752 pkts=458752 shard=0
step=0442850 (run 2850/8000) loss=0.02691 byte_ppl=1.027 atoms=38 merges=0 field=6.3761 rms=0.1993 scale=1.0000 fcos=nan ign=0.0000 prn=nan nxp=0.000 mph=0.000 bytes=458752 pkts=458752 shard=0
step=0442875 (run 2875/8000) loss=0.00299 byte_ppl=1.003 atoms=65 merges=0 field=6.3210 rms=0.1975 scale=1.0000 fcos=nan ign=0.0000 prn=nan nxp=0.000 mph=0.000 bytes=458752 pkts=458752 shard=0
step=0442900 (run 2900/8000) loss=2.60162 byte_ppl=13.486 atoms=22 merges=0 field=6.3263 rms=0.1977 scale=1.0000 fcos=nan ign=0.0000 prn=nan nxp=0.000 mph=0.000 bytes=458752 pkts=458752 shard=0
step=0442925 (run 2925/8000) loss=0.00012 byte_ppl=1.000 atoms=49 merges=0 field=6.3378 rms=0.1981 scale=1.0000 fcos=nan ign=0.0000 prn=nan nxp=0.000 mph=0.000 bytes=458752 pkts=458752 shard=0
step=0442950 (run 2950/8000) loss=5.80758 byte_ppl=332.814 atoms=7 merges=0 field=6.3323 rms=0.1979 scale=1.0000 fcos=nan ign=0.0000 prn=nan nxp=0.000 mph=0.000 bytes=458752 pkts=458752 shard=0
step=0442975 (run 2975/8000) loss=0.90248 byte_ppl=2.466 atoms=34 merges=0 field=6.3360 rms=0.1980 scale=1.0000 fcos=nan ign=0.0000 prn=nan nxp=0.000 mph=0.000 bytes=458752 pkts=458752 shard=0
step=0443000 (run 3000/8000) loss=11.20892 byte_ppl=73785.508 atoms=62 merges=0 field=6.3639 rms=0.1989 scale=1.0000 fcos=nan ign=0.0000 prn=nan nxp=0.000 mph=0.000 bytes=458752 pkts=458752 shard=0
step=0443025 (run 3025/8000) loss=0.00117 byte_ppl=1.001 atoms=19 merges=0 field=6.3728 rms=0.1992 scale=1.0000 fcos=nan ign=0.0000 prn=nan nxp=0.000 mph=0.000 bytes=458752 pkts=458752 shard=0
step=0443050 (run 3050/8000) loss=2.47501 byte_ppl=11.882 atoms=47 merges=0 field=6.3719 rms=0.1991 scale=1.0000 fcos=nan ign=0.0000 prn=nan nxp=0.000 mph=0.000 bytes=458752 pkts=458752 shard=0
step=0443075 (run 3075/8000) loss=0.00123 byte_ppl=1.001 atoms=3 merges=0 field=6.3710 rms=0.1991 scale=1.0000 fcos=nan ign=0.0000 prn=nan nxp=0.000 mph=0.000 bytes=458752 pkts=458752 shard=0
step=0443100 (run 3100/8000) loss=4.75344 byte_ppl=115.983 atoms=31 merges=0 field=6.3646 rms=0.1989 scale=1.0000 fcos=nan ign=0.0000 prn=nan nxp=0.000 mph=0.000 bytes=458752 pkts=458752 shard=0
step=0443125 (run 3125/8000) loss=5.89705 byte_ppl=363.961 atoms=58 merges=0 field=6.3446 rms=0.1983 scale=1.0000 fcos=nan ign=0.0000 prn=nan nxp=0.000 mph=0.000 bytes=458752 pkts=458752 shard=0
step=0443150 (run 3150/8000) loss=0.68184 byte_ppl=1.978 atoms=16 merges=0 field=6.3347 rms=0.1980 scale=1.0000 fcos=nan ign=0.0000 prn=nan nxp=0.000 mph=0.000 bytes=458752 pkts=458752 shard=0
step=0443175 (run 3175/8000) loss=5.42317 byte_ppl=226.597 atoms=43 merges=0 field=6.3281 rms=0.1978 scale=1.0000 fcos=nan ign=0.0000 prn=nan nxp=0.000 mph=0.000 bytes=458752 pkts=458752 shard=0
step=0443200 (run 3200/8000) loss=2.72624 byte_ppl=15.275 atoms=71 merges=0 field=6.3189 rms=0.1975 scale=1.0000 fcos=nan ign=0.0000 prn=nan nxp=0.000 mph=0.000 bytes=458752 pkts=458752 shard=0
step=0443225 (run 3225/8000) loss=3.24366 byte_ppl=25.627 atoms=27 merges=0 field=6.3073 rms=0.1971 scale=1.0000 fcos=nan ign=0.0000 prn=nan nxp=0.000 mph=0.000 bytes=458752 pkts=458752 shard=0
step=0443250 (run 3250/8000) loss=6.39072 byte_ppl=596.284 atoms=55 merges=0 field=6.2896 rms=0.1966 scale=1.0000 fcos=nan ign=0.0000 prn=nan nxp=0.000 mph=0.000 bytes=458752 pkts=458752 shard=0
step=0443275 (run 3275/8000) loss=0.52579 byte_ppl=1.692 atoms=12 merges=0 field=6.3161 rms=0.1974 scale=1.0000 fcos=nan ign=0.0000 prn=nan nxp=0.000 mph=0.000 bytes=458752 pkts=458752 shard=0
step=0443300 (run 3300/8000) loss=2.24439 byte_ppl=9.435 atoms=40 merges=0 field=6.3162 rms=0.1974 scale=1.0000 fcos=nan ign=0.0000 prn=nan nxp=0.000 mph=0.000 bytes=458752 pkts=458752 shard=0
step=0443325 (run 3325/8000) loss=0.00058 byte_ppl=1.001 atoms=67 merges=0 field=6.2984 rms=0.1968 scale=1.0000 fcos=nan ign=0.0000 prn=nan nxp=0.000 mph=0.000 bytes=458752 pkts=458752 shard=0
step=0443350 (run 3350/8000) loss=1.34682 byte_ppl=3.845 atoms=25 merges=0 field=6.3251 rms=0.1977 scale=1.0000 fcos=nan ign=0.0000 prn=nan nxp=0.000 mph=0.000 bytes=458752 pkts=458752 shard=0
step=0443375 (run 3375/8000) loss=0.00035 byte_ppl=1.000 atoms=52 merges=0 field=6.3185 rms=0.1975 scale=1.0000 fcos=nan ign=0.0000 prn=nan nxp=0.000 mph=0.000 bytes=458752 pkts=458752 shard=0
step=0443400 (run 3400/8000) loss=3.38631 byte_ppl=29.557 atoms=9 merges=0 field=6.2957 rms=0.1967 scale=1.0000 fcos=nan ign=0.0000 prn=nan nxp=0.000 mph=0.000 bytes=458752 pkts=458752 shard=0
step=0443425 (run 3425/8000) loss=0.01089 byte_ppl=1.011 atoms=36 merges=0 field=6.2852 rms=0.1964 scale=1.0000 fcos=nan ign=0.0000 prn=nan nxp=0.000 mph=0.000 bytes=458752 pkts=458752 shard=0
step=0443450 (run 3450/8000) loss=7.33311 byte_ppl=1530.139 atoms=64 merges=0 field=6.2598 rms=0.1956 scale=1.0000 fcos=nan ign=0.0000 prn=nan nxp=0.000 mph=0.000 bytes=458752 pkts=458752 shard=0
step=0443475 (run 3475/8000) loss=1.98845 byte_ppl=7.304 atoms=21 merges=0 field=6.2623 rms=0.1957 scale=1.0000 fcos=nan ign=0.0000 prn=nan nxp=0.000 mph=0.000 bytes=458752 pkts=458752 shard=0
step=0443500 (run 3500/8000) loss=2.21514 byte_ppl=9.163 atoms=49 merges=0 field=6.3006 rms=0.1969 scale=1.0000 fcos=nan ign=0.0000 prn=nan nxp=0.000 mph=0.000 bytes=458752 pkts=458752 shard=0
step=0443525 (run 3525/8000) loss=0.00022 byte_ppl=1.000 atoms=5 merges=0 field=6.3122 rms=0.1973 scale=1.0000 fcos=nan ign=0.0000 prn=nan nxp=0.000 mph=0.000 bytes=458752 pkts=458752 shard=0
step=0443550 (run 3550/8000) loss=1.72566 byte_ppl=5.616 atoms=33 merges=0 field=6.2913 rms=0.1966 scale=1.0000 fcos=nan ign=0.0000 prn=nan nxp=0.000 mph=0.000 bytes=458752 pkts=458752 shard=0
step=0443575 (run 3575/8000) loss=0.00442 byte_ppl=1.004 atoms=60 merges=0 field=6.3007 rms=0.1969 scale=1.0000 fcos=nan ign=0.0000 prn=nan nxp=0.000 mph=0.000 bytes=458752 pkts=458752 shard=0
step=0443600 (run 3600/8000) loss=0.91794 byte_ppl=2.504 atoms=18 merges=0 field=6.3202 rms=0.1975 scale=1.0000 fcos=nan ign=0.0000 prn=nan nxp=0.000 mph=0.000 bytes=458752 pkts=458752 shard=0
step=0443625 (run 3625/8000) loss=0.00388 byte_ppl=1.004 atoms=45 merges=0 field=6.3312 rms=0.1979 scale=1.0000 fcos=nan ign=0.0000 prn=nan nxp=0.000 mph=0.000 bytes=458752 pkts=458752 shard=0
step=0443650 (run 3650/8000) loss=1.77538 byte_ppl=5.903 atoms=3 merges=0 field=6.3329 rms=0.1979 scale=1.0000 fcos=nan ign=0.0000 prn=nan nxp=0.000 mph=0.000 bytes=458752 pkts=458752 shard=0
step=0443675 (run 3675/8000) loss=0.00719 byte_ppl=1.007 atoms=30 merges=0 field=6.3233 rms=0.1976 scale=1.0000 fcos=nan ign=0.0000 prn=nan nxp=0.000 mph=0.000 bytes=458752 pkts=458752 shard=0
step=0443700 (run 3700/8000) loss=0.01586 byte_ppl=1.016 atoms=58 merges=0 field=6.3598 rms=0.1987 scale=1.0000 fcos=nan ign=0.0000 prn=nan nxp=0.000 mph=0.000 bytes=458752 pkts=458752 shard=0
step=0443725 (run 3725/8000) loss=0.00074 byte_ppl=1.001 atoms=14 merges=0 field=6.3731 rms=0.1992 scale=1.0000 fcos=nan ign=0.0000 prn=nan nxp=0.000 mph=0.000 bytes=458752 pkts=458752 shard=0
step=0443750 (run 3750/8000) loss=8.31336 byte_ppl=4077.985 atoms=42 merges=0 field=6.3510 rms=0.1985 scale=1.0000 fcos=nan ign=0.0000 prn=nan nxp=0.000 mph=0.000 bytes=458752 pkts=458752 shard=0
step=0443775 (run 3775/8000) loss=0.00335 byte_ppl=1.003 atoms=69 merges=0 field=6.3349 rms=0.1980 scale=1.0000 fcos=nan ign=0.0000 prn=nan nxp=0.000 mph=0.000 bytes=458752 pkts=458752 shard=0
step=0443800 (run 3800/8000) loss=0.00054 byte_ppl=1.001 atoms=27 merges=0 field=6.3378 rms=0.1981 scale=1.0000 fcos=nan ign=0.0000 prn=nan nxp=0.000 mph=0.000 bytes=458752 pkts=458752 shard=0
step=0443825 (run 3825/8000) loss=0.24793 byte_ppl=1.281 atoms=54 merges=0 field=6.3390 rms=0.1981 scale=1.0000 fcos=nan ign=0.0000 prn=nan nxp=0.000 mph=0.000 bytes=458752 pkts=458752 shard=0
step=0443850 (run 3850/8000) loss=5.57385 byte_ppl=263.447 atoms=11 merges=0 field=6.3583 rms=0.1987 scale=1.0000 fcos=nan ign=0.0000 prn=nan nxp=0.000 mph=0.000 bytes=458752 pkts=458752 shard=0
step=0443875 (run 3875/8000) loss=0.00736 byte_ppl=1.007 atoms=38 merges=0 field=6.3602 rms=0.1988 scale=1.0000 fcos=nan ign=0.0000 prn=nan nxp=0.000 mph=0.000 bytes=458752 pkts=458752 shard=0
step=0443900 (run 3900/8000) loss=0.16447 byte_ppl=1.179 atoms=66 merges=0 field=6.3788 rms=0.1993 scale=1.0000 fcos=nan ign=0.0000 prn=nan nxp=0.000 mph=0.000 bytes=458752 pkts=458752 shard=0
step=0443925 (run 3925/8000) loss=0.00341 byte_ppl=1.003 atoms=23 merges=0 field=6.3862 rms=0.1996 scale=1.0000 fcos=nan ign=0.0000 prn=nan nxp=0.000 mph=0.000 bytes=458752 pkts=458752 shard=0
step=0443950 (run 3950/8000) loss=7.00428 byte_ppl=1101.334 atoms=51 merges=0 field=6.3739 rms=0.1992 scale=1.0000 fcos=nan ign=0.0000 prn=nan nxp=0.000 mph=0.000 bytes=458752 pkts=458752 shard=0
step=0443975 (run 3975/8000) loss=2.23788 byte_ppl=9.373 atoms=8 merges=0 field=6.3737 rms=0.1992 scale=1.0000 fcos=nan ign=0.0000 prn=nan nxp=0.000 mph=0.000 bytes=458752 pkts=458752 shard=0
step=0444000 (run 4000/8000) loss=1.41761 byte_ppl=4.127 atoms=36 merges=0 field=6.3459 rms=0.1983 scale=1.0000 fcos=nan ign=0.0000 prn=nan nxp=0.000 mph=0.000 bytes=458752 pkts=458752 shard=0
step=0444025 (run 4025/8000) loss=0.00003 byte_ppl=1.000 atoms=63 merges=0 field=6.3858 rms=0.1996 scale=1.0000 fcos=nan ign=0.0000 prn=nan nxp=0.000 mph=0.000 bytes=458752 pkts=458752 shard=0
step=0444050 (run 4050/8000) loss=5.02237 byte_ppl=151.771 atoms=20 merges=0 field=6.3912 rms=0.1997 scale=1.0000 fcos=nan ign=0.0000 prn=nan nxp=0.000 mph=0.000 bytes=458752 pkts=458752 shard=0
step=0444075 (run 4075/8000) loss=0.00330 byte_ppl=1.003 atoms=47 merges=0 field=6.4026 rms=0.2001 scale=1.0000 fcos=nan ign=0.0000 prn=nan nxp=0.000 mph=0.000 bytes=458752 pkts=458752 shard=0
step=0444100 (run 4100/8000) loss=1.97607 byte_ppl=7.214 atoms=5 merges=0 field=6.3864 rms=0.1996 scale=1.0000 fcos=nan ign=0.0000 prn=nan nxp=0.000 mph=0.000 bytes=458752 pkts=458752 shard=0
step=0444125 (run 4125/8000) loss=2.16660 byte_ppl=8.729 atoms=32 merges=0 field=6.4026 rms=0.2001 scale=1.0000 fcos=nan ign=0.0000 prn=nan nxp=0.000 mph=0.000 bytes=458752 pkts=458752 shard=0
step=0444150 (run 4150/8000) loss=0.06556 byte_ppl=1.068 atoms=60 merges=0 field=6.4147 rms=0.2005 scale=1.0000 fcos=nan ign=0.0000 prn=nan nxp=0.000 mph=0.000 bytes=458752 pkts=458752 shard=0
step=0444175 (run 4175/8000) loss=0.00418 byte_ppl=1.004 atoms=16 merges=0 field=6.3891 rms=0.1997 scale=1.0000 fcos=nan ign=0.0000 prn=nan nxp=0.000 mph=0.000 bytes=458752 pkts=458752 shard=0
step=0444200 (run 4200/8000) loss=7.64561 byte_ppl=2091.445 atoms=44 merges=0 field=6.3708 rms=0.1991 scale=1.0000 fcos=nan ign=0.0000 prn=nan nxp=0.000 mph=0.000 bytes=458752 pkts=458752 shard=0
step=0444225 (run 4225/8000) loss=2.55625 byte_ppl=12.887 atoms=1 merges=0 field=6.3471 rms=0.1983 scale=1.0000 fcos=nan ign=0.0000 prn=nan nxp=0.000 mph=0.000 bytes=458752 pkts=458752 shard=0
step=0444250 (run 4250/8000) loss=3.48790 byte_ppl=32.717 atoms=29 merges=0 field=6.3515 rms=0.1985 scale=1.0000 fcos=nan ign=0.0000 prn=nan nxp=0.000 mph=0.000 bytes=458752 pkts=458752 shard=0
step=0444275 (run 4275/8000) loss=0.00265 byte_ppl=1.003 atoms=56 merges=0 field=6.3594 rms=0.1987 scale=1.0000 fcos=nan ign=0.0000 prn=nan nxp=0.000 mph=0.000 bytes=458752 pkts=458752 shard=0
step=0444300 (run 4300/8000) loss=0.00042 byte_ppl=1.000 atoms=14 merges=0 field=6.3903 rms=0.1997 scale=1.0000 fcos=nan ign=0.0000 prn=nan nxp=0.000 mph=0.000 bytes=458752 pkts=458752 shard=0
step=0444325 (run 4325/8000) loss=0.00026 byte_ppl=1.000 atoms=41 merges=0 field=6.4321 rms=0.2010 scale=1.0000 fcos=nan ign=0.0000 prn=nan nxp=0.000 mph=0.000 bytes=458752 pkts=458752 shard=0
step=0444350 (run 4350/8000) loss=0.71493 byte_ppl=2.044 atoms=69 merges=0 field=6.4349 rms=0.2011 scale=1.0000 fcos=nan ign=0.0000 prn=nan nxp=0.000 mph=0.000 bytes=458752 pkts=458752 shard=0
step=0444375 (run 4375/8000) loss=8.48748 byte_ppl=4853.606 atoms=25 merges=0 field=6.4383 rms=0.2012 scale=1.0000 fcos=nan ign=0.0000 prn=nan nxp=0.000 mph=0.000 bytes=458752 pkts=458752 shard=0
step=0444400 (run 4400/8000) loss=2.38909 byte_ppl=10.904 atoms=53 merges=0 field=6.3921 rms=0.1998 scale=1.0000 fcos=nan ign=0.0000 prn=nan nxp=0.000 mph=0.000 bytes=458752 pkts=458752 shard=0
step=0444425 (run 4425/8000) loss=0.00267 byte_ppl=1.003 atoms=10 merges=0 field=6.3985 rms=0.2000 scale=1.0000 fcos=nan ign=0.0000 prn=nan nxp=0.000 mph=0.000 bytes=458752 pkts=458752 shard=0
step=0444450 (run 4450/8000) loss=5.90034 byte_ppl=365.161 atoms=38 merges=0 field=6.3727 rms=0.1991 scale=1.0000 fcos=nan ign=0.0000 prn=nan nxp=0.000 mph=0.000 bytes=458752 pkts=458752 shard=0
step=0444475 (run 4475/8000) loss=0.73355 byte_ppl=2.082 atoms=65 merges=0 field=6.3594 rms=0.1987 scale=1.0000 fcos=nan ign=0.0000 prn=nan nxp=0.000 mph=0.000 bytes=458752 pkts=458752 shard=0
step=0444500 (run 4500/8000) loss=0.00535 byte_ppl=1.005 atoms=22 merges=0 field=6.3496 rms=0.1984 scale=1.0000 fcos=nan ign=0.0000 prn=nan nxp=0.000 mph=0.000 bytes=458752 pkts=458752 shard=0
step=0444525 (run 4525/8000) loss=0.00249 byte_ppl=1.002 atoms=49 merges=0 field=6.3524 rms=0.1985 scale=1.0000 fcos=nan ign=0.0000 prn=nan nxp=0.000 mph=0.000 bytes=458752 pkts=458752 shard=0
step=0444550 (run 4550/8000) loss=8.20918 byte_ppl=3674.535 atoms=7 merges=0 field=6.3199 rms=0.1975 scale=1.0000 fcos=nan ign=0.0000 prn=nan nxp=0.000 mph=0.000 bytes=458752 pkts=458752 shard=0
step=0444575 (run 4575/8000) loss=0.00363 byte_ppl=1.004 atoms=34 merges=0 field=6.3307 rms=0.1978 scale=1.0000 fcos=nan ign=0.0000 prn=nan nxp=0.000 mph=0.000 bytes=458752 pkts=458752 shard=0
step=0444600 (run 4600/8000) loss=2.80355 byte_ppl=16.503 atoms=62 merges=0 field=6.3546 rms=0.1986 scale=1.0000 fcos=nan ign=0.0000 prn=nan nxp=0.000 mph=0.000 bytes=458752 pkts=458752 shard=0
step=0444625 (run 4625/8000) loss=0.11787 byte_ppl=1.125 atoms=19 merges=0 field=6.3585 rms=0.1987 scale=1.0000 fcos=nan ign=0.0000 prn=nan nxp=0.000 mph=0.000 bytes=458752 pkts=458752 shard=0
step=0444650 (run 4650/8000) loss=3.43823 byte_ppl=31.132 atoms=47 merges=0 field=6.3680 rms=0.1990 scale=1.0000 fcos=nan ign=0.0000 prn=nan nxp=0.000 mph=0.000 bytes=458752 pkts=458752 shard=0
step=0444675 (run 4675/8000) loss=2.59647 byte_ppl=13.416 atoms=3 merges=0 field=6.3775 rms=0.1993 scale=1.0000 fcos=nan ign=0.0000 prn=nan nxp=0.000 mph=0.000 bytes=458752 pkts=458752 shard=0
step=0444700 (run 4700/8000) loss=7.12991 byte_ppl=1248.767 atoms=31 merges=0 field=6.3934 rms=0.1998 scale=1.0000 fcos=nan ign=0.0000 prn=nan nxp=0.000 mph=0.000 bytes=458752 pkts=458752 shard=0
step=0444725 (run 4725/8000) loss=0.00799 byte_ppl=1.008 atoms=58 merges=0 field=6.3695 rms=0.1991 scale=1.0000 fcos=nan ign=0.0000 prn=nan nxp=0.000 mph=0.000 bytes=458752 pkts=458752 shard=0
step=0444750 (run 4750/8000) loss=3.34840 byte_ppl=28.457 atoms=16 merges=0 field=6.4206 rms=0.2006 scale=1.0000 fcos=nan ign=0.0000 prn=nan nxp=0.000 mph=0.000 bytes=458752 pkts=458752 shard=0
step=0444775 (run 4775/8000) loss=3.72096 byte_ppl=41.304 atoms=43 merges=0 field=6.4102 rms=0.2003 scale=1.0000 fcos=nan ign=0.0000 prn=nan nxp=0.000 mph=0.000 bytes=458752 pkts=458752 shard=0
step=0444800 (run 4800/8000) loss=4.52149 byte_ppl=91.972 atoms=71 merges=0 field=6.3898 rms=0.1997 scale=1.0000 fcos=nan ign=0.0000 prn=nan nxp=0.000 mph=0.000 bytes=458752 pkts=458752 shard=0
step=0444825 (run 4825/8000) loss=0.00087 byte_ppl=1.001 atoms=27 merges=0 field=6.4089 rms=0.2003 scale=1.0000 fcos=nan ign=0.0000 prn=nan nxp=0.000 mph=0.000 bytes=458752 pkts=458752 shard=0
step=0444850 (run 4850/8000) loss=5.26723 byte_ppl=193.878 atoms=55 merges=0 field=6.3467 rms=0.1983 scale=1.0000 fcos=nan ign=0.0000 prn=nan nxp=0.000 mph=0.000 bytes=458752 pkts=458752 shard=0
step=0444875 (run 4875/8000) loss=0.00159 byte_ppl=1.002 atoms=12 merges=0 field=6.3222 rms=0.1976 scale=1.0000 fcos=nan ign=0.0000 prn=nan nxp=0.000 mph=0.000 bytes=458752 pkts=458752 shard=0
step=0444900 (run 4900/8000) loss=0.23979 byte_ppl=1.271 atoms=40 merges=0 field=6.3066 rms=0.1971 scale=1.0000 fcos=nan ign=0.0000 prn=nan nxp=0.000 mph=0.000 bytes=458752 pkts=458752 shard=0
step=0444925 (run 4925/8000) loss=0.14071 byte_ppl=1.151 atoms=67 merges=0 field=6.2735 rms=0.1960 scale=1.0000 fcos=nan ign=0.0000 prn=nan nxp=0.000 mph=0.000 bytes=458752 pkts=458752 shard=0
step=0444950 (run 4950/8000) loss=12.45100 byte_ppl=255505.024 atoms=25 merges=0 field=6.2679 rms=0.1959 scale=1.0000 fcos=nan ign=0.0000 prn=nan nxp=0.000 mph=0.000 bytes=458752 pkts=458752 shard=0
step=0444975 (run 4975/8000) loss=0.00176 byte_ppl=1.002 atoms=52 merges=0 field=6.2772 rms=0.1962 scale=1.0000 fcos=nan ign=0.0000 prn=nan nxp=0.000 mph=0.000 bytes=458752 pkts=458752 shard=0
step=0445000 (run 5000/8000) loss=6.58780 byte_ppl=726.182 atoms=9 merges=0 field=6.2293 rms=0.1947 scale=1.0000 fcos=nan ign=0.0000 prn=nan nxp=0.000 mph=0.000 bytes=458752 pkts=458752 shard=0
step=0445025 (run 5025/8000) loss=0.02349 byte_ppl=1.024 atoms=36 merges=0 field=6.2499 rms=0.1953 scale=1.0000 fcos=nan ign=0.0000 prn=nan nxp=0.000 mph=0.000 bytes=458752 pkts=458752 shard=0
step=0445050 (run 5050/8000) loss=0.04820 byte_ppl=1.049 atoms=64 merges=0 field=6.2519 rms=0.1954 scale=1.0000 fcos=nan ign=0.0000 prn=nan nxp=0.000 mph=0.000 bytes=458752 pkts=458752 shard=0
step=0445075 (run 5075/8000) loss=0.00018 byte_ppl=1.000 atoms=21 merges=0 field=6.2811 rms=0.1963 scale=1.0000 fcos=nan ign=0.0000 prn=nan nxp=0.000 mph=0.000 bytes=458752 pkts=458752 shard=0
step=0445100 (run 5100/8000) loss=5.36525 byte_ppl=213.845 atoms=49 merges=0 field=6.2676 rms=0.1959 scale=1.0000 fcos=nan ign=0.0000 prn=nan nxp=0.000 mph=0.000 bytes=458752 pkts=458752 shard=0
step=0445125 (run 5125/8000) loss=0.00183 byte_ppl=1.002 atoms=5 merges=0 field=6.2263 rms=0.1946 scale=1.0000 fcos=nan ign=0.0000 prn=nan nxp=0.000 mph=0.000 bytes=458752 pkts=458752 shard=0
step=0445150 (run 5150/8000) loss=12.00406 byte_ppl=163416.262 atoms=33 merges=0 field=6.2833 rms=0.1964 scale=1.0000 fcos=nan ign=0.0000 prn=nan nxp=0.000 mph=0.000 bytes=458752 pkts=458752 shard=0
step=0445175 (run 5175/8000) loss=6.92752 byte_ppl=1019.966 atoms=60 merges=0 field=6.2668 rms=0.1958 scale=1.0000 fcos=nan ign=0.0000 prn=nan nxp=0.000 mph=0.000 bytes=458752 pkts=458752 shard=0
step=0445200 (run 5200/8000) loss=2.16088 byte_ppl=8.679 atoms=18 merges=0 field=6.2450 rms=0.1952 scale=1.0000 fcos=nan ign=0.0000 prn=nan nxp=0.000 mph=0.000 bytes=458752 pkts=458752 shard=0
step=0445225 (run 5225/8000) loss=0.23030 byte_ppl=1.259 atoms=45 merges=0 field=6.2728 rms=0.1960 scale=1.0000 fcos=nan ign=0.0000 prn=nan nxp=0.000 mph=0.000 bytes=458752 pkts=458752 shard=0
step=0445250 (run 5250/8000) loss=0.01032 byte_ppl=1.010 atoms=3 merges=0 field=6.2831 rms=0.1964 scale=1.0000 fcos=nan ign=0.0000 prn=nan nxp=0.000 mph=0.000 bytes=458752 pkts=458752 shard=0
step=0445275 (run 5275/8000) loss=0.00260 byte_ppl=1.003 atoms=30 merges=0 field=6.2808 rms=0.1963 scale=1.0000 fcos=nan ign=0.0000 prn=nan nxp=0.000 mph=0.000 bytes=458752 pkts=458752 shard=0
step=0445300 (run 5300/8000) loss=0.67222 byte_ppl=1.959 atoms=58 merges=0 field=6.3009 rms=0.1969 scale=1.0000 fcos=nan ign=0.0000 prn=nan nxp=0.000 mph=0.000 bytes=458752 pkts=458752 shard=0
step=0445325 (run 5325/8000) loss=0.00529 byte_ppl=1.005 atoms=14 merges=0 field=6.3249 rms=0.1977 scale=1.0000 fcos=nan ign=0.0000 prn=nan nxp=0.000 mph=0.000 bytes=458752 pkts=458752 shard=0
step=0445350 (run 5350/8000) loss=2.91371 byte_ppl=18.425 atoms=42 merges=0 field=6.3357 rms=0.1980 scale=1.0000 fcos=nan ign=0.0000 prn=nan nxp=0.000 mph=0.000 bytes=458752 pkts=458752 shard=0
step=0445375 (run 5375/8000) loss=0.00020 byte_ppl=1.000 atoms=69 merges=0 field=6.3514 rms=0.1985 scale=1.0000 fcos=nan ign=0.0000 prn=nan nxp=0.000 mph=0.000 bytes=458752 pkts=458752 shard=0
step=0445400 (run 5400/8000) loss=10.02472 byte_ppl=22577.750 atoms=27 merges=0 field=6.2928 rms=0.1967 scale=1.0000 fcos=nan ign=0.0000 prn=nan nxp=0.000 mph=0.000 bytes=458752 pkts=458752 shard=0
step=0445425 (run 5425/8000) loss=0.47112 byte_ppl=1.602 atoms=54 merges=0 field=6.3218 rms=0.1976 scale=1.0000 fcos=nan ign=0.0000 prn=nan nxp=0.000 mph=0.000 bytes=458752 pkts=458752 shard=0
step=0445450 (run 5450/8000) loss=0.15390 byte_ppl=1.166 atoms=11 merges=0 field=6.3350 rms=0.1980 scale=1.0000 fcos=nan ign=0.0000 prn=nan nxp=0.000 mph=0.000 bytes=458752 pkts=458752 shard=0
step=0445475 (run 5475/8000) loss=3.27295 byte_ppl=26.389 atoms=38 merges=0 field=6.3197 rms=0.1975 scale=1.0000 fcos=nan ign=0.0000 prn=nan nxp=0.000 mph=0.000 bytes=458752 pkts=458752 shard=0
step=0445500 (run 5500/8000) loss=1.90392 byte_ppl=6.712 atoms=66 merges=0 field=6.3174 rms=0.1974 scale=1.0000 fcos=nan ign=0.0000 prn=nan nxp=0.000 mph=0.000 bytes=458752 pkts=458752 shard=0
step=0445525 (run 5525/8000) loss=0.00019 byte_ppl=1.000 atoms=23 merges=0 field=6.3607 rms=0.1988 scale=1.0000 fcos=nan ign=0.0000 prn=nan nxp=0.000 mph=0.000 bytes=458752 pkts=458752 shard=0
step=0445550 (run 5550/8000) loss=0.01645 byte_ppl=1.017 atoms=51 merges=0 field=6.3178 rms=0.1974 scale=1.0000 fcos=nan ign=0.0000 prn=nan nxp=0.000 mph=0.000 bytes=458752 pkts=458752 shard=0
step=0445575 (run 5575/8000) loss=0.04154 byte_ppl=1.042 atoms=8 merges=0 field=6.3383 rms=0.1981 scale=1.0000 fcos=nan ign=0.0000 prn=nan nxp=0.000 mph=0.000 bytes=458752 pkts=458752 shard=0
step=0445600 (run 5600/8000) loss=17.76818 byte_ppl=52074333.934 atoms=36 merges=0 field=6.3431 rms=0.1982 scale=1.0000 fcos=nan ign=0.0000 prn=nan nxp=0.000 mph=0.000 bytes=458752 pkts=458752 shard=0
step=0445625 (run 5625/8000) loss=0.73924 byte_ppl=2.094 atoms=63 merges=0 field=6.3712 rms=0.1991 scale=1.0000 fcos=nan ign=0.0000 prn=nan nxp=0.000 mph=0.000 bytes=458752 pkts=458752 shard=0
step=0445650 (run 5650/8000) loss=10.81796 byte_ppl=49909.015 atoms=20 merges=0 field=6.3736 rms=0.1992 scale=1.0000 fcos=nan ign=0.0000 prn=nan nxp=0.000 mph=0.000 bytes=458752 pkts=458752 shard=0
step=0445675 (run 5675/8000) loss=2.15000 byte_ppl=8.585 atoms=47 merges=0 field=6.3799 rms=0.1994 scale=1.0000 fcos=nan ign=0.0000 prn=nan nxp=0.000 mph=0.000 bytes=458752 pkts=458752 shard=0
step=0445700 (run 5700/8000) loss=2.32903 byte_ppl=10.268 atoms=5 merges=0 field=6.3793 rms=0.1994 scale=1.0000 fcos=nan ign=0.0000 prn=nan nxp=0.000 mph=0.000 bytes=458752 pkts=458752 shard=0
step=0445725 (run 5725/8000) loss=5.45335 byte_ppl=233.539 atoms=32 merges=0 field=6.3976 rms=0.1999 scale=1.0000 fcos=nan ign=0.0000 prn=nan nxp=0.000 mph=0.000 bytes=458752 pkts=458752 shard=0
step=0445750 (run 5750/8000) loss=4.47468 byte_ppl=87.767 atoms=60 merges=0 field=6.3910 rms=0.1997 scale=1.0000 fcos=nan ign=0.0000 prn=nan nxp=0.000 mph=0.000 bytes=458752 pkts=458752 shard=0
step=0445775 (run 5775/8000) loss=0.51286 byte_ppl=1.670 atoms=16 merges=0 field=6.3936 rms=0.1998 scale=1.0000 fcos=nan ign=0.0000 prn=nan nxp=0.000 mph=0.000 bytes=458752 pkts=458752 shard=0
step=0445800 (run 5800/8000) loss=0.09637 byte_ppl=1.101 atoms=44 merges=0 field=6.4076 rms=0.2002 scale=1.0000 fcos=nan ign=0.0000 prn=nan nxp=0.000 mph=0.000 bytes=458752 pkts=458752 shard=0
step=0445825 (run 5825/8000) loss=0.00004 byte_ppl=1.000 atoms=1 merges=0 field=6.4268 rms=0.2008 scale=1.0000 fcos=nan ign=0.0000 prn=nan nxp=0.000 mph=0.000 bytes=458752 pkts=458752 shard=0
step=0445850 (run 5850/8000) loss=3.22470 byte_ppl=25.146 atoms=29 merges=0 field=6.4085 rms=0.2003 scale=1.0000 fcos=nan ign=0.0000 prn=nan nxp=0.000 mph=0.000 bytes=458752 pkts=458752 shard=0
step=0445875 (run 5875/8000) loss=0.00010 byte_ppl=1.000 atoms=56 merges=0 field=6.4229 rms=0.2007 scale=1.0000 fcos=nan ign=0.0000 prn=nan nxp=0.000 mph=0.000 bytes=458752 pkts=458752 shard=0
step=0445900 (run 5900/8000) loss=6.79090 byte_ppl=889.711 atoms=14 merges=0 field=6.4396 rms=0.2012 scale=1.0000 fcos=nan ign=0.0000 prn=nan nxp=0.000 mph=0.000 bytes=458752 pkts=458752 shard=0
step=0445925 (run 5925/8000) loss=0.00062 byte_ppl=1.001 atoms=41 merges=0 field=6.4428 rms=0.2013 scale=1.0000 fcos=nan ign=0.0000 prn=nan nxp=0.000 mph=0.000 bytes=458752 pkts=458752 shard=0
step=0445950 (run 5950/8000) loss=5.93835 byte_ppl=379.310 atoms=69 merges=0 field=6.4301 rms=0.2009 scale=1.0000 fcos=nan ign=0.0000 prn=nan nxp=0.000 mph=0.000 bytes=458752 pkts=458752 shard=0
step=0445975 (run 5975/8000) loss=5.36823 byte_ppl=214.482 atoms=25 merges=0 field=6.4086 rms=0.2003 scale=1.0000 fcos=nan ign=0.0000 prn=nan nxp=0.000 mph=0.000 bytes=458752 pkts=458752 shard=0
step=0446000 (run 6000/8000) loss=0.03152 byte_ppl=1.032 atoms=53 merges=0 field=6.4030 rms=0.2001 scale=1.0000 fcos=nan ign=0.0000 prn=nan nxp=0.000 mph=0.000 bytes=458752 pkts=458752 shard=0
step=0446025 (run 6025/8000) loss=7.13771 byte_ppl=1258.540 atoms=10 merges=0 field=6.4069 rms=0.2002 scale=1.0000 fcos=nan ign=0.0000 prn=nan nxp=0.000 mph=0.000 bytes=458752 pkts=458752 shard=0
step=0446050 (run 6050/8000) loss=0.00509 byte_ppl=1.005 atoms=38 merges=0 field=6.4274 rms=0.2009 scale=1.0000 fcos=nan ign=0.0000 prn=nan nxp=0.000 mph=0.000 bytes=458752 pkts=458752 shard=0
step=0446075 (run 6075/8000) loss=0.00413 byte_ppl=1.004 atoms=65 merges=0 field=6.4533 rms=0.2017 scale=1.0000 fcos=nan ign=0.0000 prn=nan nxp=0.000 mph=0.000 bytes=458752 pkts=458752 shard=0
step=0446100 (run 6100/8000) loss=0.09356 byte_ppl=1.098 atoms=22 merges=0 field=6.4591 rms=0.2018 scale=1.0000 fcos=nan ign=0.0000 prn=nan nxp=0.000 mph=0.000 bytes=458752 pkts=458752 shard=0
step=0446125 (run 6125/8000) loss=0.00246 byte_ppl=1.002 atoms=49 merges=0 field=6.4416 rms=0.2013 scale=1.0000 fcos=nan ign=0.0000 prn=nan nxp=0.000 mph=0.000 bytes=458752 pkts=458752 shard=0
step=0446150 (run 6150/8000) loss=0.00028 byte_ppl=1.000 atoms=7 merges=0 field=6.4312 rms=0.2010 scale=1.0000 fcos=nan ign=0.0000 prn=nan nxp=0.000 mph=0.000 bytes=458752 pkts=458752 shard=0
step=0446175 (run 6175/8000) loss=1.46279 byte_ppl=4.318 atoms=34 merges=0 field=6.4620 rms=0.2019 scale=1.0000 fcos=nan ign=0.0000 prn=nan nxp=0.000 mph=0.000 bytes=458752 pkts=458752 shard=0
step=0446200 (run 6200/8000) loss=7.25321 byte_ppl=1412.631 atoms=62 merges=0 field=6.4265 rms=0.2008 scale=1.0000 fcos=nan ign=0.0000 prn=nan nxp=0.000 mph=0.000 bytes=458752 pkts=458752 shard=0
step=0446225 (run 6225/8000) loss=0.04437 byte_ppl=1.045 atoms=19 merges=0 field=6.4392 rms=0.2012 scale=1.0000 fcos=nan ign=0.0000 prn=nan nxp=0.000 mph=0.000 bytes=458752 pkts=458752 shard=0
step=0446250 (run 6250/8000) loss=10.11849 byte_ppl=24797.186 atoms=47 merges=0 field=6.4292 rms=0.2009 scale=1.0000 fcos=nan ign=0.0000 prn=nan nxp=0.000 mph=0.000 bytes=458752 pkts=458752 shard=0
step=0446275 (run 6275/8000) loss=0.00851 byte_ppl=1.009 atoms=3 merges=0 field=6.4496 rms=0.2016 scale=1.0000 fcos=nan ign=0.0000 prn=nan nxp=0.000 mph=0.000 bytes=458752 pkts=458752 shard=0
step=0446300 (run 6300/8000) loss=0.11816 byte_ppl=1.125 atoms=31 merges=0 field=6.4158 rms=0.2005 scale=1.0000 fcos=nan ign=0.0000 prn=nan nxp=0.000 mph=0.000 bytes=458752 pkts=458752 shard=0
step=0446325 (run 6325/8000) loss=4.93495 byte_ppl=139.067 atoms=58 merges=0 field=6.4111 rms=0.2003 scale=1.0000 fcos=nan ign=0.0000 prn=nan nxp=0.000 mph=0.000 bytes=458752 pkts=458752 shard=0
step=0446350 (run 6350/8000) loss=1.94929 byte_ppl=7.024 atoms=16 merges=0 field=6.3955 rms=0.1999 scale=1.0000 fcos=nan ign=0.0000 prn=nan nxp=0.000 mph=0.000 bytes=458752 pkts=458752 shard=0
step=0446375 (run 6375/8000) loss=3.27719 byte_ppl=26.501 atoms=43 merges=0 field=6.4026 rms=0.2001 scale=1.0000 fcos=nan ign=0.0000 prn=nan nxp=0.000 mph=0.000 bytes=458752 pkts=458752 shard=0
step=0446400 (run 6400/8000) loss=0.31237 byte_ppl=1.367 atoms=71 merges=0 field=6.4281 rms=0.2009 scale=1.0000 fcos=nan ign=0.0000 prn=nan nxp=0.000 mph=0.000 bytes=458752 pkts=458752 shard=0
step=0446425 (run 6425/8000) loss=0.00021 byte_ppl=1.000 atoms=27 merges=0 field=6.4369 rms=0.2012 scale=1.0000 fcos=nan ign=0.0000 prn=nan nxp=0.000 mph=0.000 bytes=458752 pkts=458752 shard=0
step=0446450 (run 6450/8000) loss=6.29121 byte_ppl=539.808 atoms=55 merges=0 field=6.4157 rms=0.2005 scale=1.0000 fcos=nan ign=0.0000 prn=nan nxp=0.000 mph=0.000 bytes=458752 pkts=458752 shard=0
step=0446475 (run 6475/8000) loss=10.66423 byte_ppl=42797.465 atoms=12 merges=0 field=6.4200 rms=0.2006 scale=1.0000 fcos=nan ign=0.0000 prn=nan nxp=0.000 mph=0.000 bytes=458752 pkts=458752 shard=0
step=0446500 (run 6500/8000) loss=8.37933 byte_ppl=4356.100 atoms=40 merges=0 field=6.4462 rms=0.2014 scale=1.0000 fcos=nan ign=0.0000 prn=nan nxp=0.000 mph=0.000 bytes=458752 pkts=458752 shard=0
step=0446525 (run 6525/8000) loss=0.02686 byte_ppl=1.027 atoms=67 merges=0 field=6.4408 rms=0.2013 scale=1.0000 fcos=nan ign=0.0000 prn=nan nxp=0.000 mph=0.000 bytes=458752 pkts=458752 shard=0
step=0446550 (run 6550/8000) loss=0.20814 byte_ppl=1.231 atoms=25 merges=0 field=6.4447 rms=0.2014 scale=1.0000 fcos=nan ign=0.0000 prn=nan nxp=0.000 mph=0.000 bytes=458752 pkts=458752 shard=0
step=0446575 (run 6575/8000) loss=0.37560 byte_ppl=1.456 atoms=52 merges=0 field=6.4538 rms=0.2017 scale=1.0000 fcos=nan ign=0.0000 prn=nan nxp=0.000 mph=0.000 bytes=458752 pkts=458752 shard=0
step=0446600 (run 6600/8000) loss=0.02594 byte_ppl=1.026 atoms=9 merges=0 field=6.4543 rms=0.2017 scale=1.0000 fcos=nan ign=0.0000 prn=nan nxp=0.000 mph=0.000 bytes=458752 pkts=458752 shard=0
step=0446625 (run 6625/8000) loss=0.02221 byte_ppl=1.022 atoms=36 merges=0 field=6.4602 rms=0.2019 scale=1.0000 fcos=nan ign=0.0000 prn=nan nxp=0.000 mph=0.000 bytes=458752 pkts=458752 shard=0
step=0446650 (run 6650/8000) loss=6.98719 byte_ppl=1082.680 atoms=64 merges=0 field=6.4350 rms=0.2011 scale=1.0000 fcos=nan ign=0.0000 prn=nan nxp=0.000 mph=0.000 bytes=458752 pkts=458752 shard=0
step=0446675 (run 6675/8000) loss=0.00284 byte_ppl=1.003 atoms=21 merges=0 field=6.4682 rms=0.2021 scale=1.0000 fcos=nan ign=0.0000 prn=nan nxp=0.000 mph=0.000 bytes=458752 pkts=458752 shard=0
step=0446700 (run 6700/8000) loss=8.60569 byte_ppl=5462.649 atoms=49 merges=0 field=6.4725 rms=0.2023 scale=1.0000 fcos=nan ign=0.0000 prn=nan nxp=0.000 mph=0.000 bytes=458752 pkts=458752 shard=0
step=0446725 (run 6725/8000) loss=0.00249 byte_ppl=1.002 atoms=5 merges=0 field=6.4646 rms=0.2020 scale=1.0000 fcos=nan ign=0.0000 prn=nan nxp=0.000 mph=0.000 bytes=458752 pkts=458752 shard=0
step=0446750 (run 6750/8000) loss=1.38853 byte_ppl=4.009 atoms=33 merges=0 field=6.4739 rms=0.2023 scale=1.0000 fcos=nan ign=0.0000 prn=nan nxp=0.000 mph=0.000 bytes=458752 pkts=458752 shard=0
step=0446775 (run 6775/8000) loss=0.64013 byte_ppl=1.897 atoms=60 merges=0 field=6.4977 rms=0.2031 scale=1.0000 fcos=nan ign=0.0000 prn=nan nxp=0.000 mph=0.000 bytes=458752 pkts=458752 shard=0
step=0446800 (run 6800/8000) loss=4.15338 byte_ppl=63.649 atoms=18 merges=0 field=6.4889 rms=0.2028 scale=1.0000 fcos=nan ign=0.0000 prn=nan nxp=0.000 mph=0.000 bytes=458752 pkts=458752 shard=0
step=0446825 (run 6825/8000) loss=0.00043 byte_ppl=1.000 atoms=45 merges=0 field=6.4585 rms=0.2018 scale=1.0000 fcos=nan ign=0.0000 prn=nan nxp=0.000 mph=0.000 bytes=458752 pkts=458752 shard=0
step=0446850 (run 6850/8000) loss=0.01637 byte_ppl=1.017 atoms=3 merges=0 field=6.4946 rms=0.2030 scale=1.0000 fcos=nan ign=0.0000 prn=nan nxp=0.000 mph=0.000 bytes=458752 pkts=458752 shard=0
step=0446875 (run 6875/8000) loss=0.00375 byte_ppl=1.004 atoms=30 merges=0 field=6.5031 rms=0.2032 scale=1.0000 fcos=nan ign=0.0000 prn=nan nxp=0.000 mph=0.000 bytes=458752 pkts=458752 shard=0
step=0446900 (run 6900/8000) loss=0.33083 byte_ppl=1.392 atoms=58 merges=0 field=6.5228 rms=0.2038 scale=1.0000 fcos=nan ign=0.0000 prn=nan nxp=0.000 mph=0.000 bytes=458752 pkts=458752 shard=0
step=0446925 (run 6925/8000) loss=1.69507 byte_ppl=5.447 atoms=14 merges=0 field=6.5119 rms=0.2035 scale=1.0000 fcos=nan ign=0.0000 prn=nan nxp=0.000 mph=0.000 bytes=458752 pkts=458752 shard=0
step=0446950 (run 6950/8000) loss=2.11292 byte_ppl=8.272 atoms=42 merges=0 field=6.4892 rms=0.2028 scale=1.0000 fcos=nan ign=0.0000 prn=nan nxp=0.000 mph=0.000 bytes=458752 pkts=458752 shard=0
step=0446975 (run 6975/8000) loss=0.00144 byte_ppl=1.001 atoms=69 merges=0 field=6.4366 rms=0.2011 scale=1.0000 fcos=nan ign=0.0000 prn=nan nxp=0.000 mph=0.000 bytes=458752 pkts=458752 shard=0
step=0447000 (run 7000/8000) loss=0.00284 byte_ppl=1.003 atoms=27 merges=0 field=6.4850 rms=0.2027 scale=1.0000 fcos=nan ign=0.0000 prn=nan nxp=0.000 mph=0.000 bytes=458752 pkts=458752 shard=0
step=0447025 (run 7025/8000) loss=1.71946 byte_ppl=5.582 atoms=54 merges=0 field=6.4622 rms=0.2019 scale=1.0000 fcos=nan ign=0.0000 prn=nan nxp=0.000 mph=0.000 bytes=458752 pkts=458752 shard=0
step=0447050 (run 7050/8000) loss=3.05781 byte_ppl=21.281 atoms=11 merges=0 field=6.4389 rms=0.2012 scale=1.0000 fcos=nan ign=0.0000 prn=nan nxp=0.000 mph=0.000 bytes=458752 pkts=458752 shard=0
step=0447075 (run 7075/8000) loss=2.61882 byte_ppl=13.719 atoms=38 merges=0 field=6.4634 rms=0.2020 scale=1.0000 fcos=nan ign=0.0000 prn=nan nxp=0.000 mph=0.000 bytes=458752 pkts=458752 shard=0
step=0447100 (run 7100/8000) loss=5.34985 byte_ppl=210.576 atoms=66 merges=0 field=6.4828 rms=0.2026 scale=1.0000 fcos=nan ign=0.0000 prn=nan nxp=0.000 mph=0.000 bytes=458752 pkts=458752 shard=0
step=0447125 (run 7125/8000) loss=0.00920 byte_ppl=1.009 atoms=23 merges=0 field=6.4996 rms=0.2031 scale=1.0000 fcos=nan ign=0.0000 prn=nan nxp=0.000 mph=0.000 bytes=458752 pkts=458752 shard=0
step=0447150 (run 7150/8000) loss=12.53806 byte_ppl=278748.161 atoms=51 merges=0 field=6.5359 rms=0.2043 scale=1.0000 fcos=nan ign=0.0000 prn=nan nxp=0.000 mph=0.000 bytes=458752 pkts=458752 shard=0
step=0447175 (run 7175/8000) loss=2.85344 byte_ppl=17.347 atoms=8 merges=0 field=6.5371 rms=0.2043 scale=1.0000 fcos=nan ign=0.0000 prn=nan nxp=0.000 mph=0.000 bytes=458752 pkts=458752 shard=0
step=0447200 (run 7200/8000) loss=0.00857 byte_ppl=1.009 atoms=36 merges=0 field=6.4698 rms=0.2022 scale=1.0000 fcos=nan ign=0.0000 prn=nan nxp=0.000 mph=0.000 bytes=458752 pkts=458752 shard=0
step=0447225 (run 7225/8000) loss=0.03777 byte_ppl=1.038 atoms=63 merges=0 field=6.4829 rms=0.2026 scale=1.0000 fcos=nan ign=0.0000 prn=nan nxp=0.000 mph=0.000 bytes=458752 pkts=458752 shard=0
step=0447250 (run 7250/8000) loss=0.03080 byte_ppl=1.031 atoms=20 merges=0 field=6.4580 rms=0.2018 scale=1.0000 fcos=nan ign=0.0000 prn=nan nxp=0.000 mph=0.000 bytes=458752 pkts=458752 shard=0
step=0447275 (run 7275/8000) loss=0.00114 byte_ppl=1.001 atoms=47 merges=0 field=6.4382 rms=0.2012 scale=1.0000 fcos=nan ign=0.0000 prn=nan nxp=0.000 mph=0.000 bytes=458752 pkts=458752 shard=0
step=0447300 (run 7300/8000) loss=9.08034 byte_ppl=8780.946 atoms=5 merges=0 field=6.4584 rms=0.2018 scale=1.0000 fcos=nan ign=0.0000 prn=nan nxp=0.000 mph=0.000 bytes=458752 pkts=458752 shard=0
step=0447325 (run 7325/8000) loss=0.00081 byte_ppl=1.001 atoms=32 merges=0 field=6.4320 rms=0.2010 scale=1.0000 fcos=nan ign=0.0000 prn=nan nxp=0.000 mph=0.000 bytes=458752 pkts=458752 shard=0
step=0447350 (run 7350/8000) loss=6.29553 byte_ppl=542.146 atoms=60 merges=0 field=6.4364 rms=0.2011 scale=1.0000 fcos=nan ign=0.0000 prn=nan nxp=0.000 mph=0.000 bytes=458752 pkts=458752 shard=0
step=0447375 (run 7375/8000) loss=6.11600 byte_ppl=453.047 atoms=16 merges=0 field=6.4107 rms=0.2003 scale=1.0000 fcos=nan ign=0.0000 prn=nan nxp=0.000 mph=0.000 bytes=458752 pkts=458752 shard=0
step=0447400 (run 7400/8000) loss=3.98143 byte_ppl=53.593 atoms=44 merges=0 field=6.3862 rms=0.1996 scale=1.0000 fcos=nan ign=0.0000 prn=nan nxp=0.000 mph=0.000 bytes=458752 pkts=458752 shard=0
step=0447425 (run 7425/8000) loss=0.48052 byte_ppl=1.617 atoms=1 merges=0 field=6.4137 rms=0.2004 scale=1.0000 fcos=nan ign=0.0000 prn=nan nxp=0.000 mph=0.000 bytes=458752 pkts=458752 shard=0
step=0447450 (run 7450/8000) loss=3.64513 byte_ppl=38.288 atoms=29 merges=0 field=6.4109 rms=0.2003 scale=1.0000 fcos=nan ign=0.0000 prn=nan nxp=0.000 mph=0.000 bytes=458752 pkts=458752 shard=0
step=0447475 (run 7475/8000) loss=0.00321 byte_ppl=1.003 atoms=56 merges=0 field=6.3934 rms=0.1998 scale=1.0000 fcos=nan ign=0.0000 prn=nan nxp=0.000 mph=0.000 bytes=458752 pkts=458752 shard=0
step=0447500 (run 7500/8000) loss=5.12910 byte_ppl=168.865 atoms=14 merges=0 field=6.3933 rms=0.1998 scale=1.0000 fcos=nan ign=0.0000 prn=nan nxp=0.000 mph=0.000 bytes=458752 pkts=458752 shard=0
step=0447525 (run 7525/8000) loss=5.44318 byte_ppl=231.176 atoms=41 merges=0 field=6.4102 rms=0.2003 scale=1.0000 fcos=nan ign=0.0000 prn=nan nxp=0.000 mph=0.000 bytes=458752 pkts=458752 shard=0
step=0447550 (run 7550/8000) loss=0.07192 byte_ppl=1.075 atoms=69 merges=0 field=6.4336 rms=0.2011 scale=1.0000 fcos=nan ign=0.0000 prn=nan nxp=0.000 mph=0.000 bytes=458752 pkts=458752 shard=0
step=0447575 (run 7575/8000) loss=0.00129 byte_ppl=1.001 atoms=25 merges=0 field=6.4391 rms=0.2012 scale=1.0000 fcos=nan ign=0.0000 prn=nan nxp=0.000 mph=0.000 bytes=458752 pkts=458752 shard=0
step=0447600 (run 7600/8000) loss=5.14386 byte_ppl=171.376 atoms=53 merges=0 field=6.4155 rms=0.2005 scale=1.0000 fcos=nan ign=0.0000 prn=nan nxp=0.000 mph=0.000 bytes=458752 pkts=458752 shard=0
step=0447625 (run 7625/8000) loss=0.03103 byte_ppl=1.032 atoms=10 merges=0 field=6.4374 rms=0.2012 scale=1.0000 fcos=nan ign=0.0000 prn=nan nxp=0.000 mph=0.000 bytes=458752 pkts=458752 shard=0
step=0447650 (run 7650/8000) loss=2.34912 byte_ppl=10.476 atoms=38 merges=0 field=6.4391 rms=0.2012 scale=1.0000 fcos=nan ign=0.0000 prn=nan nxp=0.000 mph=0.000 bytes=458752 pkts=458752 shard=0
step=0447675 (run 7675/8000) loss=0.95866 byte_ppl=2.608 atoms=65 merges=0 field=6.4706 rms=0.2022 scale=1.0000 fcos=nan ign=0.0000 prn=nan nxp=0.000 mph=0.000 bytes=458752 pkts=458752 shard=0
step=0447700 (run 7700/8000) loss=0.38975 byte_ppl=1.477 atoms=22 merges=0 field=6.4928 rms=0.2029 scale=1.0000 fcos=nan ign=0.0000 prn=nan nxp=0.000 mph=0.000 bytes=458752 pkts=458752 shard=0
step=0447725 (run 7725/8000) loss=0.09181 byte_ppl=1.096 atoms=49 merges=0 field=6.4964 rms=0.2030 scale=1.0000 fcos=nan ign=0.0000 prn=nan nxp=0.000 mph=0.000 bytes=458752 pkts=458752 shard=0
step=0447750 (run 7750/8000) loss=7.58236 byte_ppl=1963.258 atoms=7 merges=0 field=6.4800 rms=0.2025 scale=1.0000 fcos=nan ign=0.0000 prn=nan nxp=0.000 mph=0.000 bytes=458752 pkts=458752 shard=0
step=0447775 (run 7775/8000) loss=1.12383 byte_ppl=3.077 atoms=34 merges=0 field=6.5164 rms=0.2036 scale=1.0000 fcos=nan ign=0.0000 prn=nan nxp=0.000 mph=0.000 bytes=458752 pkts=458752 shard=0
step=0447800 (run 7800/8000) loss=3.83772 byte_ppl=46.419 atoms=62 merges=0 field=6.5635 rms=0.2051 scale=1.0000 fcos=nan ign=0.0000 prn=nan nxp=0.000 mph=0.000 bytes=458752 pkts=458752 shard=0
step=0447825 (run 7825/8000) loss=0.01943 byte_ppl=1.020 atoms=19 merges=0 field=6.5851 rms=0.2058 scale=1.0000 fcos=nan ign=0.0000 prn=nan nxp=0.000 mph=0.000 bytes=458752 pkts=458752 shard=0
step=0447850 (run 7850/8000) loss=0.34243 byte_ppl=1.408 atoms=47 merges=0 field=6.5661 rms=0.2052 scale=1.0000 fcos=nan ign=0.0000 prn=nan nxp=0.000 mph=0.000 bytes=458752 pkts=458752 shard=0
step=0447875 (run 7875/8000) loss=0.00235 byte_ppl=1.002 atoms=3 merges=0 field=6.5816 rms=0.2057 scale=1.0000 fcos=nan ign=0.0000 prn=nan nxp=0.000 mph=0.000 bytes=458752 pkts=458752 shard=0
step=0447900 (run 7900/8000) loss=5.28727 byte_ppl=197.804 atoms=31 merges=0 field=6.5759 rms=0.2055 scale=1.0000 fcos=nan ign=0.0000 prn=nan nxp=0.000 mph=0.000 bytes=458752 pkts=458752 shard=0
step=0447925 (run 7925/8000) loss=0.00836 byte_ppl=1.008 atoms=58 merges=0 field=6.5845 rms=0.2058 scale=1.0000 fcos=nan ign=0.0000 prn=nan nxp=0.000 mph=0.000 bytes=458752 pkts=458752 shard=0
step=0447950 (run 7950/8000) loss=0.00034 byte_ppl=1.000 atoms=16 merges=0 field=6.5721 rms=0.2054 scale=1.0000 fcos=nan ign=0.0000 prn=nan nxp=0.000 mph=0.000 bytes=458752 pkts=458752 shard=0
step=0447975 (run 7975/8000) loss=0.36885 byte_ppl=1.446 atoms=43 merges=0 field=6.5954 rms=0.2061 scale=1.0000 fcos=nan ign=0.0000 prn=nan nxp=0.000 mph=0.000 bytes=458752 pkts=458752 shard=0
step=0448000 (run 8000/8000) loss=6.64286 byte_ppl=767.290 atoms=71 merges=0 field=6.6282 rms=0.2071 scale=1.0000 fcos=nan ign=0.0000 prn=nan nxp=0.000 mph=0.000 bytes=458752 pkts=458752 shard=0
{
  "stream": true,
  "data_path": "data/corpus_fr_medium_s21.txt",
  "data_glob": null,
  "shard_paths": [
    "/home/user/atom-ai/data/corpus_fr_medium_s21.txt"
  ],
  "data_bytes": 500257,
  "data_characters": null,
  "atomizer_version": "atomizer-v1-byte-span",
  "feature_dim": 320,
  "packet_count": null,
  "train_packet_count": null,
  "validation_packet_count": 2048,
  "mean_packet_bytes": null,
  "max_packet_bytes": null,
  "min_packet_bytes": null,
  "bytes_seen": 458752,
  "config": {
    "d_model": 32,
    "n_modes": 32,
    "n_atoms_max": 64,
    "max_span_bytes": 1,
    "episode_length": 8000,
    "episode_reset": true,
    "atom_flush_every": 64,
    "learning_rate": 5e-05,
    "surface_learning_rate": 0.00012,
    "steps": 8000,
    "start_step": 440000,
    "seed": 20260913,
    "surface_alphabet": 256,
    "field_max_rms": 3.0,
    "energy_decay_bounds": [
      0.3,
      0.95
    ],
    "stream": true,
    "chunk_bytes": 65536,
    "loop_shards": true,
    "stream_buffer": 2048,
    "stream_prefetch": true,
    "stream_skip_packets": 440000,
    "last_atom_readout": true,
    "efference_every": 10,
    "enable_merge": false,
    "payload_copy": false,
    "merge_coherence_threshold": 0.45,
    "merge_energy_floor": 0.08,
    "field_loss_weight": 0.05,
    "field_contrast_weight": 0.0,
    "field_ignorance_weight": 0.08,
    "field_ignorance_ablate_shared": false,
    "field_ignorance_prompt_bank": false,
    "field_obligatory_readout": true,
    "field_obligatory_hard": true,
    "printable_aux_weight": 0.0,
    "field_next_packet_weight": 0.0,
    "slow_every": 1
  },
  "packets_seen": 458752,
  "stream_epoch": 0,
  "train": {
    "steps": 8000,
    "efference_every": 10,
    "efference_steps": 800,
    "start_step": 440000,
    "total_steps": 448000,
    "episode_length": 8000,
    "episode_reset": true,
    "atom_flush_every": 64,
    "elapsed_seconds": 125.72189417599975,
    "transitions_per_second": 63.63251247869916,
    "first_loss": 2.0594658851623535,
    "final_loss": 6.64286470413208,
    "final_total_perplexity": 767.2899061953461,
    "finite_losses": true,
    "finite_parameters": true,
    "nan_or_inf": false,
    "field_rms_before_max": 0.20755301415920258,
    "field_rms_after_max": 0.20755301415920258,
    "field_scale_min": 1.0,
    "field_norm_max": 6.641619682312012,
    "field_limited_steps": 0,
    "field_limited_fraction": 0.0,
    "final_dynamics": {
      "coupling_scale": 1.0324361324310303,
      "energy_decay": 0.30000001192092896,
      "phase_sync": 0.29648563265800476,
      "energy_decay_before": 0.2999860644340515,
      "energy_decay_repaired": true,
      "energy_decay_bounds": [
        0.3,
        0.95
      ]
    },
    "final_atoms_before_validation": 58,
    "stream": true,
    "bytes_seen": 458752
  },
  "validation": {
    "transitions": 256,
    "loss": 1.5147285146028509,
    "total_perplexity": 4.548186193085051,
    "byte_loss": 1.5147285146028509,
    "byte_perplexity": 4.548186193085051,
    "source": "stream_ring"
  },
  "checkpoint": "checkpoints/byte_tick/atom_native_step_448000_d32.pt",
  "reload": {
    "n_atoms": 0,
    "field_norm": 6.6282453536987305,
    "time": 88.0003890991211,
    "finite": true
  },
  "generation": {
    "The future of AI is": {
      "temperature": 0.8,
      "top_k": 5,
      "max_length": 20,
      "bytes_hex": "50657572723a3a3a",
      "text": "Peurr:::",
      "reload_text": "Peurr:::",
      "reload_match": true
    },
    "Bonjour, je m'appelle": {
      "temperature": 0.8,
      "top_k": 5,
      "max_length": 20,
      "bytes_hex": "50657572723a3a3a",
      "text": "Peurr:::",
      "reload_text": "Peurr:::",
      "reload_match": true
    },
    "Valkyria Chronicles III is": {
      "temperature": 0.8,
      "top_k": 5,
      "max_length": 20,
      "bytes_hex": "50657572722e0a0a",
      "text": "Peurr.\n\n",
      "reload_text": "Peurr.\n\n",
      "reload_match": true
    }
  }
}
