train lock acquired: /home/user/atom-ai/checkpoints/atom-ai-train.lock (pid=1468)
stream skip: advancing 80000 packet transitions...
stream skip done: packets_seen=131072
resumed weights from checkpoints/byte_tick/atom_native_step_576000_d32_ms1M.pt (recorded step=576000, legacy_surface_migrated=False, span_head_migrated=False)
atomizer pack_mode=linguistic max_span_bytes=1
dynamics on load: energy_decay=0.30000001192092896 -> 0.30000001192092896 (repaired=False, bounds=(0.3, 0.95))
MERGE gates: enable=False coherence_thr=0.450 energy_floor=0.080
field_obligatory_hard=ON hard-v2+ (mix_floor=1.0, freeze bypass, logits=frozen+cap*(α_MLP+payload_prod))
payload_copy=False (train-time copy-bias branch)
last_atom_readout=True (byte-tick 2-gram + dentate)
efference_every=10 (0=off)
optimizer groups: field/other lr=5e-05 (13 tensors), surface lr=0.00012 (25 tensors); energy_decay_bounds=(0.3, 0.95); field_max_rms=3.0
stream mode: 2 shard(s), chunk_bytes=65536, loop_shards=True, stream_buffer=2048, stream_prefetch=True
optimizer restore skipped: surface LR param groups differ from checkpoint
step=0576001 (run 1/8000) loss=1.60649 byte_ppl=4.985 atoms=1 merges=0 field=0.0464 rms=0.0018 scale=1.0000 fcos=nan ign=0.0000 prn=nan nxp=0.000 mph=0.000 bytes=131072 pkts=131072 shard=0
step=0576025 (run 25/8000) loss=0.62916 byte_ppl=1.876 atoms=27 merges=0 field=0.6056 rms=0.0190 scale=1.0000 fcos=nan ign=0.0000 prn=nan nxp=0.000 mph=0.000 bytes=131072 pkts=131072 shard=0
step=0576050 (run 50/8000) loss=4.83003 byte_ppl=125.214 atoms=55 merges=0 field=1.1576 rms=0.0362 scale=1.0000 fcos=nan ign=0.0000 prn=nan nxp=0.000 mph=0.000 bytes=131072 pkts=131072 shard=0
step=0576075 (run 75/8000) loss=0.01164 byte_ppl=1.012 atoms=12 merges=0 field=1.5195 rms=0.0475 scale=1.0000 fcos=nan ign=0.0000 prn=nan nxp=0.000 mph=0.000 bytes=131072 pkts=131072 shard=0
step=0576100 (run 100/8000) loss=0.18977 byte_ppl=1.209 atoms=40 merges=0 field=1.7512 rms=0.0547 scale=1.0000 fcos=nan ign=0.0000 prn=nan nxp=0.000 mph=0.000 bytes=131072 pkts=131072 shard=0
step=0576125 (run 125/8000) loss=8.02522 byte_ppl=3057.102 atoms=67 merges=0 field=2.0470 rms=0.0640 scale=1.0000 fcos=nan ign=0.0000 prn=nan nxp=0.000 mph=0.000 bytes=131072 pkts=131072 shard=0
step=0576150 (run 150/8000) loss=4.67694 byte_ppl=107.441 atoms=25 merges=0 field=2.3060 rms=0.0721 scale=1.0000 fcos=nan ign=0.0000 prn=nan nxp=0.000 mph=0.000 bytes=131072 pkts=131072 shard=0
step=0576175 (run 175/8000) loss=0.02785 byte_ppl=1.028 atoms=52 merges=0 field=2.5203 rms=0.0788 scale=1.0000 fcos=nan ign=0.0000 prn=nan nxp=0.000 mph=0.000 bytes=131072 pkts=131072 shard=0
step=0576200 (run 200/8000) loss=11.03125 byte_ppl=61774.869 atoms=9 merges=0 field=2.7193 rms=0.0850 scale=1.0000 fcos=nan ign=0.0000 prn=nan nxp=0.000 mph=0.000 bytes=131072 pkts=131072 shard=0
step=0576225 (run 225/8000) loss=0.00216 byte_ppl=1.002 atoms=36 merges=0 field=2.9191 rms=0.0912 scale=1.0000 fcos=nan ign=0.0000 prn=nan nxp=0.000 mph=0.000 bytes=131072 pkts=131072 shard=0
step=0576250 (run 250/8000) loss=0.50286 byte_ppl=1.653 atoms=64 merges=0 field=3.1123 rms=0.0973 scale=1.0000 fcos=nan ign=0.0000 prn=nan nxp=0.000 mph=0.000 bytes=131072 pkts=131072 shard=0
step=0576275 (run 275/8000) loss=0.00610 byte_ppl=1.006 atoms=21 merges=0 field=3.2842 rms=0.1026 scale=1.0000 fcos=nan ign=0.0000 prn=nan nxp=0.000 mph=0.000 bytes=131072 pkts=131072 shard=0
step=0576300 (run 300/8000) loss=0.00663 byte_ppl=1.007 atoms=49 merges=0 field=3.4814 rms=0.1088 scale=1.0000 fcos=nan ign=0.0000 prn=nan nxp=0.000 mph=0.000 bytes=131072 pkts=131072 shard=0
step=0576325 (run 325/8000) loss=0.01378 byte_ppl=1.014 atoms=5 merges=0 field=3.6573 rms=0.1143 scale=1.0000 fcos=nan ign=0.0000 prn=nan nxp=0.000 mph=0.000 bytes=131072 pkts=131072 shard=0
step=0576350 (run 350/8000) loss=8.83497 byte_ppl=6870.325 atoms=33 merges=0 field=3.8700 rms=0.1209 scale=1.0000 fcos=nan ign=0.0000 prn=nan nxp=0.000 mph=0.000 bytes=131072 pkts=131072 shard=0
step=0576375 (run 375/8000) loss=0.22418 byte_ppl=1.251 atoms=60 merges=0 field=4.0301 rms=0.1259 scale=1.0000 fcos=nan ign=0.0000 prn=nan nxp=0.000 mph=0.000 bytes=131072 pkts=131072 shard=0
step=0576400 (run 400/8000) loss=5.41775 byte_ppl=225.371 atoms=18 merges=0 field=4.1953 rms=0.1311 scale=1.0000 fcos=nan ign=0.0000 prn=nan nxp=0.000 mph=0.000 bytes=131072 pkts=131072 shard=0
step=0576425 (run 425/8000) loss=0.00132 byte_ppl=1.001 atoms=45 merges=0 field=4.3585 rms=0.1362 scale=1.0000 fcos=nan ign=0.0000 prn=nan nxp=0.000 mph=0.000 bytes=131072 pkts=131072 shard=0
step=0576450 (run 450/8000) loss=5.00415 byte_ppl=149.030 atoms=3 merges=0 field=4.4384 rms=0.1387 scale=1.0000 fcos=nan ign=0.0000 prn=nan nxp=0.000 mph=0.000 bytes=131072 pkts=131072 shard=0
step=0576475 (run 475/8000) loss=1.52199 byte_ppl=4.581 atoms=30 merges=0 field=4.6236 rms=0.1445 scale=1.0000 fcos=nan ign=0.0000 prn=nan nxp=0.000 mph=0.000 bytes=131072 pkts=131072 shard=0
step=0576500 (run 500/8000) loss=9.31363 byte_ppl=11088.137 atoms=58 merges=0 field=4.7364 rms=0.1480 scale=1.0000 fcos=nan ign=0.0000 prn=nan nxp=0.000 mph=0.000 bytes=131072 pkts=131072 shard=0
step=0576525 (run 525/8000) loss=0.00161 byte_ppl=1.002 atoms=14 merges=0 field=4.8663 rms=0.1521 scale=1.0000 fcos=nan ign=0.0000 prn=nan nxp=0.000 mph=0.000 bytes=131072 pkts=131072 shard=0
step=0576550 (run 550/8000) loss=0.16291 byte_ppl=1.177 atoms=42 merges=0 field=5.0091 rms=0.1565 scale=1.0000 fcos=nan ign=0.0000 prn=nan nxp=0.000 mph=0.000 bytes=131072 pkts=131072 shard=0
step=0576575 (run 575/8000) loss=0.00046 byte_ppl=1.000 atoms=69 merges=0 field=5.1489 rms=0.1609 scale=1.0000 fcos=nan ign=0.0000 prn=nan nxp=0.000 mph=0.000 bytes=131072 pkts=131072 shard=0
step=0576600 (run 600/8000) loss=8.10595 byte_ppl=3314.114 atoms=27 merges=0 field=5.2922 rms=0.1654 scale=1.0000 fcos=nan ign=0.0000 prn=nan nxp=0.000 mph=0.000 bytes=131072 pkts=131072 shard=0
step=0576625 (run 625/8000) loss=0.00223 byte_ppl=1.002 atoms=54 merges=0 field=5.4027 rms=0.1688 scale=1.0000 fcos=nan ign=0.0000 prn=nan nxp=0.000 mph=0.000 bytes=131072 pkts=131072 shard=0
step=0576650 (run 650/8000) loss=9.70083 byte_ppl=16331.164 atoms=11 merges=0 field=5.5289 rms=0.1728 scale=1.0000 fcos=nan ign=0.0000 prn=nan nxp=0.000 mph=0.000 bytes=131072 pkts=131072 shard=0
step=0576675 (run 675/8000) loss=1.59818 byte_ppl=4.944 atoms=38 merges=0 field=5.6747 rms=0.1773 scale=1.0000 fcos=nan ign=0.0000 prn=nan nxp=0.000 mph=0.000 bytes=131072 pkts=131072 shard=0
step=0576700 (run 700/8000) loss=3.06318 byte_ppl=21.396 atoms=66 merges=0 field=5.7652 rms=0.1802 scale=1.0000 fcos=nan ign=0.0000 prn=nan nxp=0.000 mph=0.000 bytes=131072 pkts=131072 shard=0
step=0576725 (run 725/8000) loss=2.22640 byte_ppl=9.266 atoms=23 merges=0 field=5.8929 rms=0.1842 scale=1.0000 fcos=nan ign=0.0000 prn=nan nxp=0.000 mph=0.000 bytes=131072 pkts=131072 shard=0
step=0576750 (run 750/8000) loss=0.08970 byte_ppl=1.094 atoms=51 merges=0 field=6.0240 rms=0.1883 scale=1.0000 fcos=nan ign=0.0000 prn=nan nxp=0.000 mph=0.000 bytes=131072 pkts=131072 shard=0
step=0576775 (run 775/8000) loss=0.08591 byte_ppl=1.090 atoms=8 merges=0 field=6.0972 rms=0.1905 scale=1.0000 fcos=nan ign=0.0000 prn=nan nxp=0.000 mph=0.000 bytes=131072 pkts=131072 shard=0
step=0576800 (run 800/8000) loss=4.18347 byte_ppl=65.593 atoms=36 merges=0 field=6.2086 rms=0.1940 scale=1.0000 fcos=nan ign=0.0000 prn=nan nxp=0.000 mph=0.000 bytes=131072 pkts=131072 shard=0
step=0576825 (run 825/8000) loss=0.00594 byte_ppl=1.006 atoms=63 merges=0 field=6.3297 rms=0.1978 scale=1.0000 fcos=nan ign=0.0000 prn=nan nxp=0.000 mph=0.000 bytes=131072 pkts=131072 shard=0
step=0576850 (run 850/8000) loss=5.67734 byte_ppl=292.170 atoms=20 merges=0 field=6.4073 rms=0.2002 scale=1.0000 fcos=nan ign=0.0000 prn=nan nxp=0.000 mph=0.000 bytes=131072 pkts=131072 shard=0
step=0576875 (run 875/8000) loss=0.71409 byte_ppl=2.042 atoms=47 merges=0 field=6.4923 rms=0.2029 scale=1.0000 fcos=nan ign=0.0000 prn=nan nxp=0.000 mph=0.000 bytes=131072 pkts=131072 shard=0
step=0576900 (run 900/8000) loss=6.21869 byte_ppl=502.045 atoms=5 merges=0 field=6.6142 rms=0.2067 scale=1.0000 fcos=nan ign=0.0000 prn=nan nxp=0.000 mph=0.000 bytes=131072 pkts=131072 shard=0
step=0576925 (run 925/8000) loss=0.00234 byte_ppl=1.002 atoms=32 merges=0 field=6.6791 rms=0.2087 scale=1.0000 fcos=nan ign=0.0000 prn=nan nxp=0.000 mph=0.000 bytes=131072 pkts=131072 shard=0
step=0576950 (run 950/8000) loss=10.79295 byte_ppl=48676.590 atoms=60 merges=0 field=6.7655 rms=0.2114 scale=1.0000 fcos=nan ign=0.0000 prn=nan nxp=0.000 mph=0.000 bytes=131072 pkts=131072 shard=0
step=0576975 (run 975/8000) loss=0.12004 byte_ppl=1.128 atoms=16 merges=0 field=6.8492 rms=0.2140 scale=1.0000 fcos=nan ign=0.0000 prn=nan nxp=0.000 mph=0.000 bytes=131072 pkts=131072 shard=0
step=0577000 (run 1000/8000) loss=40.06310 byte_ppl=10686474581524.463 atoms=44 merges=0 field=6.8934 rms=0.2154 scale=1.0000 fcos=nan ign=0.0000 prn=nan nxp=0.000 mph=0.000 bytes=131072 pkts=131072 shard=0
step=0577025 (run 1025/8000) loss=0.00412 byte_ppl=1.004 atoms=1 merges=0 field=6.9880 rms=0.2184 scale=1.0000 fcos=nan ign=0.0000 prn=nan nxp=0.000 mph=0.000 bytes=131072 pkts=131072 shard=0
step=0577050 (run 1050/8000) loss=12.50478 byte_ppl=269622.959 atoms=29 merges=0 field=7.1011 rms=0.2219 scale=1.0000 fcos=nan ign=0.0000 prn=nan nxp=0.000 mph=0.000 bytes=131072 pkts=131072 shard=0
step=0577075 (run 1075/8000) loss=0.03214 byte_ppl=1.033 atoms=56 merges=0 field=7.1797 rms=0.2244 scale=1.0000 fcos=nan ign=0.0000 prn=nan nxp=0.000 mph=0.000 bytes=131072 pkts=131072 shard=0
step=0577100 (run 1100/8000) loss=18.65314 byte_ppl=126169792.132 atoms=14 merges=0 field=7.2106 rms=0.2253 scale=1.0000 fcos=nan ign=0.0000 prn=nan nxp=0.000 mph=0.000 bytes=131072 pkts=131072 shard=0
step=0577125 (run 1125/8000) loss=0.00168 byte_ppl=1.002 atoms=41 merges=0 field=7.2990 rms=0.2281 scale=1.0000 fcos=nan ign=0.0000 prn=nan nxp=0.000 mph=0.000 bytes=131072 pkts=131072 shard=0
step=0577150 (run 1150/8000) loss=8.01113 byte_ppl=3014.328 atoms=69 merges=0 field=7.2986 rms=0.2281 scale=1.0000 fcos=nan ign=0.0000 prn=nan nxp=0.000 mph=0.000 bytes=131072 pkts=131072 shard=0
step=0577175 (run 1175/8000) loss=0.00030 byte_ppl=1.000 atoms=25 merges=0 field=7.3738 rms=0.2304 scale=1.0000 fcos=nan ign=0.0000 prn=nan nxp=0.000 mph=0.000 bytes=131072 pkts=131072 shard=0
step=0577200 (run 1200/8000) loss=5.27462 byte_ppl=195.317 atoms=53 merges=0 field=7.4375 rms=0.2324 scale=1.0000 fcos=nan ign=0.0000 prn=nan nxp=0.000 mph=0.000 bytes=131072 pkts=131072 shard=0
step=0577225 (run 1225/8000) loss=6.43663 byte_ppl=624.297 atoms=10 merges=0 field=7.4993 rms=0.2344 scale=1.0000 fcos=nan ign=0.0000 prn=nan nxp=0.000 mph=0.000 bytes=131072 pkts=131072 shard=0
step=0577250 (run 1250/8000) loss=5.16349 byte_ppl=174.773 atoms=38 merges=0 field=7.5944 rms=0.2373 scale=1.0000 fcos=nan ign=0.0000 prn=nan nxp=0.000 mph=0.000 bytes=131072 pkts=131072 shard=0
step=0577275 (run 1275/8000) loss=0.02128 byte_ppl=1.022 atoms=65 merges=0 field=7.6259 rms=0.2383 scale=1.0000 fcos=nan ign=0.0000 prn=nan nxp=0.000 mph=0.000 bytes=131072 pkts=131072 shard=0
step=0577300 (run 1300/8000) loss=7.99921 byte_ppl=2978.598 atoms=22 merges=0 field=7.7140 rms=0.2411 scale=1.0000 fcos=nan ign=0.0000 prn=nan nxp=0.000 mph=0.000 bytes=131072 pkts=131072 shard=0
step=0577325 (run 1325/8000) loss=0.00008 byte_ppl=1.000 atoms=49 merges=0 field=7.7897 rms=0.2434 scale=1.0000 fcos=nan ign=0.0000 prn=nan nxp=0.000 mph=0.000 bytes=131072 pkts=131072 shard=0
step=0577350 (run 1350/8000) loss=3.10793 byte_ppl=22.375 atoms=7 merges=0 field=7.7763 rms=0.2430 scale=1.0000 fcos=nan ign=0.0000 prn=nan nxp=0.000 mph=0.000 bytes=131072 pkts=131072 shard=0
step=0577375 (run 1375/8000) loss=0.00110 byte_ppl=1.001 atoms=34 merges=0 field=7.7776 rms=0.2431 scale=1.0000 fcos=nan ign=0.0000 prn=nan nxp=0.000 mph=0.000 bytes=131072 pkts=131072 shard=0
step=0577400 (run 1400/8000) loss=10.76376 byte_ppl=47276.300 atoms=62 merges=0 field=7.8534 rms=0.2454 scale=1.0000 fcos=nan ign=0.0000 prn=nan nxp=0.000 mph=0.000 bytes=131072 pkts=131072 shard=0
step=0577425 (run 1425/8000) loss=0.80767 byte_ppl=2.243 atoms=19 merges=0 field=7.9365 rms=0.2480 scale=1.0000 fcos=nan ign=0.0000 prn=nan nxp=0.000 mph=0.000 bytes=131072 pkts=131072 shard=0
step=0577450 (run 1450/8000) loss=5.71570 byte_ppl=303.596 atoms=47 merges=0 field=8.0082 rms=0.2503 scale=1.0000 fcos=nan ign=0.0000 prn=nan nxp=0.000 mph=0.000 bytes=131072 pkts=131072 shard=0
step=0577475 (run 1475/8000) loss=0.00039 byte_ppl=1.000 atoms=3 merges=0 field=8.0965 rms=0.2530 scale=1.0000 fcos=nan ign=0.0000 prn=nan nxp=0.000 mph=0.000 bytes=131072 pkts=131072 shard=0
step=0577500 (run 1500/8000) loss=8.61037 byte_ppl=5488.293 atoms=31 merges=0 field=8.1329 rms=0.2542 scale=1.0000 fcos=nan ign=0.0000 prn=nan nxp=0.000 mph=0.000 bytes=131072 pkts=131072 shard=0
step=0577525 (run 1525/8000) loss=3.49084 byte_ppl=32.813 atoms=58 merges=0 field=8.1457 rms=0.2546 scale=1.0000 fcos=nan ign=0.0000 prn=nan nxp=0.000 mph=0.000 bytes=131072 pkts=131072 shard=0
step=0577550 (run 1550/8000) loss=6.33035 byte_ppl=561.352 atoms=16 merges=0 field=8.1585 rms=0.2550 scale=1.0000 fcos=nan ign=0.0000 prn=nan nxp=0.000 mph=0.000 bytes=131072 pkts=131072 shard=0
step=0577575 (run 1575/8000) loss=1.67273 byte_ppl=5.327 atoms=43 merges=0 field=8.2273 rms=0.2571 scale=1.0000 fcos=nan ign=0.0000 prn=nan nxp=0.000 mph=0.000 bytes=131072 pkts=131072 shard=0
step=0577600 (run 1600/8000) loss=1.74202 byte_ppl=5.709 atoms=71 merges=0 field=8.2129 rms=0.2567 scale=1.0000 fcos=nan ign=0.0000 prn=nan nxp=0.000 mph=0.000 bytes=131072 pkts=131072 shard=0
step=0577625 (run 1625/8000) loss=0.02625 byte_ppl=1.027 atoms=27 merges=0 field=8.2364 rms=0.2574 scale=1.0000 fcos=nan ign=0.0000 prn=nan nxp=0.000 mph=0.000 bytes=131072 pkts=131072 shard=0
step=0577650 (run 1650/8000) loss=4.67805 byte_ppl=107.560 atoms=55 merges=0 field=8.2741 rms=0.2586 scale=1.0000 fcos=nan ign=0.0000 prn=nan nxp=0.000 mph=0.000 bytes=131072 pkts=131072 shard=0
step=0577675 (run 1675/8000) loss=0.00135 byte_ppl=1.001 atoms=12 merges=0 field=8.2833 rms=0.2589 scale=1.0000 fcos=nan ign=0.0000 prn=nan nxp=0.000 mph=0.000 bytes=131072 pkts=131072 shard=0
step=0577700 (run 1700/8000) loss=3.13424 byte_ppl=22.971 atoms=40 merges=0 field=8.3031 rms=0.2595 scale=1.0000 fcos=nan ign=0.0000 prn=nan nxp=0.000 mph=0.000 bytes=131072 pkts=131072 shard=0
step=0577725 (run 1725/8000) loss=0.00428 byte_ppl=1.004 atoms=67 merges=0 field=8.2888 rms=0.2590 scale=1.0000 fcos=nan ign=0.0000 prn=nan nxp=0.000 mph=0.000 bytes=131072 pkts=131072 shard=0
step=0577750 (run 1750/8000) loss=13.26994 byte_ppl=579513.473 atoms=25 merges=0 field=8.3455 rms=0.2608 scale=1.0000 fcos=nan ign=0.0000 prn=nan nxp=0.000 mph=0.000 bytes=131072 pkts=131072 shard=0
step=0577775 (run 1775/8000) loss=4.49070 byte_ppl=89.184 atoms=52 merges=0 field=8.3692 rms=0.2615 scale=1.0000 fcos=nan ign=0.0000 prn=nan nxp=0.000 mph=0.000 bytes=131072 pkts=131072 shard=0
step=0577800 (run 1800/8000) loss=12.90862 byte_ppl=403778.905 atoms=9 merges=0 field=8.3621 rms=0.2613 scale=1.0000 fcos=nan ign=0.0000 prn=nan nxp=0.000 mph=0.000 bytes=131072 pkts=131072 shard=0
step=0577825 (run 1825/8000) loss=2.24063 byte_ppl=9.399 atoms=36 merges=0 field=8.4053 rms=0.2627 scale=1.0000 fcos=nan ign=0.0000 prn=nan nxp=0.000 mph=0.000 bytes=131072 pkts=131072 shard=0
step=0577850 (run 1850/8000) loss=0.17725 byte_ppl=1.194 atoms=64 merges=0 field=8.4232 rms=0.2632 scale=1.0000 fcos=nan ign=0.0000 prn=nan nxp=0.000 mph=0.000 bytes=131072 pkts=131072 shard=0
step=0577875 (run 1875/8000) loss=1.01699 byte_ppl=2.765 atoms=21 merges=0 field=8.4268 rms=0.2633 scale=1.0000 fcos=nan ign=0.0000 prn=nan nxp=0.000 mph=0.000 bytes=131072 pkts=131072 shard=0
step=0577900 (run 1900/8000) loss=3.49320 byte_ppl=32.891 atoms=49 merges=0 field=8.4522 rms=0.2641 scale=1.0000 fcos=nan ign=0.0000 prn=nan nxp=0.000 mph=0.000 bytes=131072 pkts=131072 shard=0
step=0577925 (run 1925/8000) loss=0.00063 byte_ppl=1.001 atoms=5 merges=0 field=8.4843 rms=0.2651 scale=1.0000 fcos=nan ign=0.0000 prn=nan nxp=0.000 mph=0.000 bytes=131072 pkts=131072 shard=0
step=0577950 (run 1950/8000) loss=0.00365 byte_ppl=1.004 atoms=33 merges=0 field=8.4453 rms=0.2639 scale=1.0000 fcos=nan ign=0.0000 prn=nan nxp=0.000 mph=0.000 bytes=131072 pkts=131072 shard=0
step=0577975 (run 1975/8000) loss=0.00228 byte_ppl=1.002 atoms=60 merges=0 field=8.4888 rms=0.2653 scale=1.0000 fcos=nan ign=0.0000 prn=nan nxp=0.000 mph=0.000 bytes=131072 pkts=131072 shard=0
step=0578000 (run 2000/8000) loss=9.83499 byte_ppl=18675.960 atoms=18 merges=0 field=8.4781 rms=0.2649 scale=1.0000 fcos=nan ign=0.0000 prn=nan nxp=0.000 mph=0.000 bytes=131072 pkts=131072 shard=0
step=0578025 (run 2025/8000) loss=0.00409 byte_ppl=1.004 atoms=45 merges=0 field=8.4910 rms=0.2653 scale=1.0000 fcos=nan ign=0.0000 prn=nan nxp=0.000 mph=0.000 bytes=131072 pkts=131072 shard=0
step=0578050 (run 2050/8000) loss=0.00208 byte_ppl=1.002 atoms=3 merges=0 field=8.5232 rms=0.2664 scale=1.0000 fcos=nan ign=0.0000 prn=nan nxp=0.000 mph=0.000 bytes=131072 pkts=131072 shard=0
step=0578075 (run 2075/8000) loss=0.00535 byte_ppl=1.005 atoms=30 merges=0 field=8.5620 rms=0.2676 scale=1.0000 fcos=nan ign=0.0000 prn=nan nxp=0.000 mph=0.000 bytes=131072 pkts=131072 shard=0
step=0578100 (run 2100/8000) loss=0.85413 byte_ppl=2.349 atoms=58 merges=0 field=8.6195 rms=0.2694 scale=1.0000 fcos=nan ign=0.0000 prn=nan nxp=0.000 mph=0.000 bytes=131072 pkts=131072 shard=0
step=0578125 (run 2125/8000) loss=4.38555 byte_ppl=80.283 atoms=14 merges=0 field=8.5912 rms=0.2685 scale=1.0000 fcos=nan ign=0.0000 prn=nan nxp=0.000 mph=0.000 bytes=131072 pkts=131072 shard=0
step=0578150 (run 2150/8000) loss=3.89551 byte_ppl=49.181 atoms=42 merges=0 field=8.6002 rms=0.2688 scale=1.0000 fcos=nan ign=0.0000 prn=nan nxp=0.000 mph=0.000 bytes=131072 pkts=131072 shard=0
step=0578175 (run 2175/8000) loss=0.00095 byte_ppl=1.001 atoms=69 merges=0 field=8.6269 rms=0.2696 scale=1.0000 fcos=nan ign=0.0000 prn=nan nxp=0.000 mph=0.000 bytes=131072 pkts=131072 shard=0
step=0578200 (run 2200/8000) loss=0.02565 byte_ppl=1.026 atoms=27 merges=0 field=8.6613 rms=0.2707 scale=1.0000 fcos=nan ign=0.0000 prn=nan nxp=0.000 mph=0.000 bytes=131072 pkts=131072 shard=0
step=0578225 (run 2225/8000) loss=0.00720 byte_ppl=1.007 atoms=54 merges=0 field=8.6384 rms=0.2700 scale=1.0000 fcos=nan ign=0.0000 prn=nan nxp=0.000 mph=0.000 bytes=131072 pkts=131072 shard=0
step=0578250 (run 2250/8000) loss=10.11570 byte_ppl=24728.181 atoms=11 merges=0 field=8.6591 rms=0.2706 scale=1.0000 fcos=nan ign=0.0000 prn=nan nxp=0.000 mph=0.000 bytes=131072 pkts=131072 shard=0
step=0578275 (run 2275/8000) loss=0.00091 byte_ppl=1.001 atoms=38 merges=0 field=8.6378 rms=0.2699 scale=1.0000 fcos=nan ign=0.0000 prn=nan nxp=0.000 mph=0.000 bytes=131072 pkts=131072 shard=0
step=0578300 (run 2300/8000) loss=0.04300 byte_ppl=1.044 atoms=66 merges=0 field=8.6457 rms=0.2702 scale=1.0000 fcos=nan ign=0.0000 prn=nan nxp=0.000 mph=0.000 bytes=131072 pkts=131072 shard=0
step=0578325 (run 2325/8000) loss=2.50926 byte_ppl=12.296 atoms=23 merges=0 field=8.6869 rms=0.2715 scale=1.0000 fcos=nan ign=0.0000 prn=nan nxp=0.000 mph=0.000 bytes=131072 pkts=131072 shard=0
step=0578350 (run 2350/8000) loss=0.01160 byte_ppl=1.012 atoms=51 merges=0 field=8.7193 rms=0.2725 scale=1.0000 fcos=nan ign=0.0000 prn=nan nxp=0.000 mph=0.000 bytes=131072 pkts=131072 shard=0
step=0578375 (run 2375/8000) loss=0.02996 byte_ppl=1.030 atoms=8 merges=0 field=8.6919 rms=0.2716 scale=1.0000 fcos=nan ign=0.0000 prn=nan nxp=0.000 mph=0.000 bytes=131072 pkts=131072 shard=0
step=0578400 (run 2400/8000) loss=12.54490 byte_ppl=280661.532 atoms=36 merges=0 field=8.6080 rms=0.2690 scale=1.0000 fcos=nan ign=0.0000 prn=nan nxp=0.000 mph=0.000 bytes=131072 pkts=131072 shard=0
step=0578425 (run 2425/8000) loss=0.00508 byte_ppl=1.005 atoms=63 merges=0 field=8.6297 rms=0.2697 scale=1.0000 fcos=nan ign=0.0000 prn=nan nxp=0.000 mph=0.000 bytes=131072 pkts=131072 shard=0
step=0578450 (run 2450/8000) loss=4.58602 byte_ppl=98.104 atoms=20 merges=0 field=8.6357 rms=0.2699 scale=1.0000 fcos=nan ign=0.0000 prn=nan nxp=0.000 mph=0.000 bytes=131072 pkts=131072 shard=0
step=0578475 (run 2475/8000) loss=0.02782 byte_ppl=1.028 atoms=47 merges=0 field=8.6245 rms=0.2695 scale=1.0000 fcos=nan ign=0.0000 prn=nan nxp=0.000 mph=0.000 bytes=131072 pkts=131072 shard=0
step=0578500 (run 2500/8000) loss=4.03170 byte_ppl=56.357 atoms=5 merges=0 field=8.6431 rms=0.2701 scale=1.0000 fcos=nan ign=0.0000 prn=nan nxp=0.000 mph=0.000 bytes=131072 pkts=131072 shard=0
step=0578525 (run 2525/8000) loss=1.49270 byte_ppl=4.449 atoms=32 merges=0 field=8.6761 rms=0.2711 scale=1.0000 fcos=nan ign=0.0000 prn=nan nxp=0.000 mph=0.000 bytes=131072 pkts=131072 shard=0
step=0578550 (run 2550/8000) loss=5.12136 byte_ppl=167.563 atoms=60 merges=0 field=8.7268 rms=0.2727 scale=1.0000 fcos=nan ign=0.0000 prn=nan nxp=0.000 mph=0.000 bytes=131072 pkts=131072 shard=0
step=0578575 (run 2575/8000) loss=0.00742 byte_ppl=1.007 atoms=16 merges=0 field=8.7202 rms=0.2725 scale=1.0000 fcos=nan ign=0.0000 prn=nan nxp=0.000 mph=0.000 bytes=131072 pkts=131072 shard=0
step=0578600 (run 2600/8000) loss=0.72580 byte_ppl=2.066 atoms=44 merges=0 field=8.7481 rms=0.2734 scale=1.0000 fcos=nan ign=0.0000 prn=nan nxp=0.000 mph=0.000 bytes=131072 pkts=131072 shard=0
step=0578625 (run 2625/8000) loss=3.20656 byte_ppl=24.694 atoms=1 merges=0 field=8.7289 rms=0.2728 scale=1.0000 fcos=nan ign=0.0000 prn=nan nxp=0.000 mph=0.000 bytes=131072 pkts=131072 shard=0
step=0578650 (run 2650/8000) loss=1.22098 byte_ppl=3.390 atoms=29 merges=0 field=8.7325 rms=0.2729 scale=1.0000 fcos=nan ign=0.0000 prn=nan nxp=0.000 mph=0.000 bytes=131072 pkts=131072 shard=0
step=0578675 (run 2675/8000) loss=0.02697 byte_ppl=1.027 atoms=56 merges=0 field=8.7372 rms=0.2730 scale=1.0000 fcos=nan ign=0.0000 prn=nan nxp=0.000 mph=0.000 bytes=131072 pkts=131072 shard=0
step=0578700 (run 2700/8000) loss=5.89858 byte_ppl=364.520 atoms=14 merges=0 field=8.7547 rms=0.2736 scale=1.0000 fcos=nan ign=0.0000 prn=nan nxp=0.000 mph=0.000 bytes=131072 pkts=131072 shard=0
step=0578725 (run 2725/8000) loss=0.00106 byte_ppl=1.001 atoms=41 merges=0 field=8.7306 rms=0.2728 scale=1.0000 fcos=nan ign=0.0000 prn=nan nxp=0.000 mph=0.000 bytes=131072 pkts=131072 shard=0
step=0578750 (run 2750/8000) loss=0.08591 byte_ppl=1.090 atoms=69 merges=0 field=8.7473 rms=0.2734 scale=1.0000 fcos=nan ign=0.0000 prn=nan nxp=0.000 mph=0.000 bytes=131072 pkts=131072 shard=0
step=0578775 (run 2775/8000) loss=0.00153 byte_ppl=1.002 atoms=25 merges=0 field=8.7679 rms=0.2740 scale=1.0000 fcos=nan ign=0.0000 prn=nan nxp=0.000 mph=0.000 bytes=131072 pkts=131072 shard=0
step=0578800 (run 2800/8000) loss=1.09585 byte_ppl=2.992 atoms=53 merges=0 field=8.8047 rms=0.2751 scale=1.0000 fcos=nan ign=0.0000 prn=nan nxp=0.000 mph=0.000 bytes=131072 pkts=131072 shard=0
step=0578825 (run 2825/8000) loss=0.02535 byte_ppl=1.026 atoms=10 merges=0 field=8.8002 rms=0.2750 scale=1.0000 fcos=nan ign=0.0000 prn=nan nxp=0.000 mph=0.000 bytes=131072 pkts=131072 shard=0
step=0578850 (run 2850/8000) loss=0.38163 byte_ppl=1.465 atoms=38 merges=0 field=8.8463 rms=0.2764 scale=1.0000 fcos=nan ign=0.0000 prn=nan nxp=0.000 mph=0.000 bytes=131072 pkts=131072 shard=0
step=0578875 (run 2875/8000) loss=3.79973 byte_ppl=44.689 atoms=65 merges=0 field=8.8226 rms=0.2757 scale=1.0000 fcos=nan ign=0.0000 prn=nan nxp=0.000 mph=0.000 bytes=131072 pkts=131072 shard=0
step=0578900 (run 2900/8000) loss=0.19002 byte_ppl=1.209 atoms=22 merges=0 field=8.7939 rms=0.2748 scale=1.0000 fcos=nan ign=0.0000 prn=nan nxp=0.000 mph=0.000 bytes=131072 pkts=131072 shard=0
step=0578925 (run 2925/8000) loss=0.00270 byte_ppl=1.003 atoms=49 merges=0 field=8.7907 rms=0.2747 scale=1.0000 fcos=nan ign=0.0000 prn=nan nxp=0.000 mph=0.000 bytes=131072 pkts=131072 shard=0
step=0578950 (run 2950/8000) loss=0.01629 byte_ppl=1.016 atoms=7 merges=0 field=8.8526 rms=0.2766 scale=1.0000 fcos=nan ign=0.0000 prn=nan nxp=0.000 mph=0.000 bytes=131072 pkts=131072 shard=0
step=0578975 (run 2975/8000) loss=0.00006 byte_ppl=1.000 atoms=34 merges=0 field=8.8079 rms=0.2752 scale=1.0000 fcos=nan ign=0.0000 prn=nan nxp=0.000 mph=0.000 bytes=131072 pkts=131072 shard=0
step=0579000 (run 3000/8000) loss=3.97665 byte_ppl=53.338 atoms=62 merges=0 field=8.8043 rms=0.2751 scale=1.0000 fcos=nan ign=0.0000 prn=nan nxp=0.000 mph=0.000 bytes=131072 pkts=131072 shard=0
step=0579025 (run 3025/8000) loss=2.28498 byte_ppl=9.825 atoms=19 merges=0 field=8.8234 rms=0.2757 scale=1.0000 fcos=nan ign=0.0000 prn=nan nxp=0.000 mph=0.000 bytes=131072 pkts=131072 shard=0
step=0579050 (run 3050/8000) loss=5.16035 byte_ppl=174.225 atoms=47 merges=0 field=8.7906 rms=0.2747 scale=1.0000 fcos=nan ign=0.0000 prn=nan nxp=0.000 mph=0.000 bytes=131072 pkts=131072 shard=0
step=0579075 (run 3075/8000) loss=5.21164 byte_ppl=183.395 atoms=3 merges=0 field=8.8235 rms=0.2757 scale=1.0000 fcos=nan ign=0.0000 prn=nan nxp=0.000 mph=0.000 bytes=131072 pkts=131072 shard=0
step=0579100 (run 3100/8000) loss=6.09998 byte_ppl=445.847 atoms=31 merges=0 field=8.8610 rms=0.2769 scale=1.0000 fcos=nan ign=0.0000 prn=nan nxp=0.000 mph=0.000 bytes=131072 pkts=131072 shard=0
step=0579125 (run 3125/8000) loss=2.50186 byte_ppl=12.205 atoms=58 merges=0 field=8.8646 rms=0.2770 scale=1.0000 fcos=nan ign=0.0000 prn=nan nxp=0.000 mph=0.000 bytes=131072 pkts=131072 shard=0
step=0579150 (run 3150/8000) loss=0.00153 byte_ppl=1.002 atoms=16 merges=0 field=8.8170 rms=0.2755 scale=1.0000 fcos=nan ign=0.0000 prn=nan nxp=0.000 mph=0.000 bytes=131072 pkts=131072 shard=0
step=0579175 (run 3175/8000) loss=0.00013 byte_ppl=1.000 atoms=43 merges=0 field=8.8448 rms=0.2764 scale=1.0000 fcos=nan ign=0.0000 prn=nan nxp=0.000 mph=0.000 bytes=131072 pkts=131072 shard=0
step=0579200 (run 3200/8000) loss=25.00261 byte_ppl=72193161354.564 atoms=71 merges=0 field=8.7817 rms=0.2744 scale=1.0000 fcos=nan ign=0.0000 prn=nan nxp=0.000 mph=0.000 bytes=131072 pkts=131072 shard=0
step=0579225 (run 3225/8000) loss=2.94028 byte_ppl=18.921 atoms=27 merges=0 field=8.7683 rms=0.2740 scale=1.0000 fcos=nan ign=0.0000 prn=nan nxp=0.000 mph=0.000 bytes=131072 pkts=131072 shard=0
step=0579250 (run 3250/8000) loss=0.03419 byte_ppl=1.035 atoms=55 merges=0 field=8.7585 rms=0.2737 scale=1.0000 fcos=nan ign=0.0000 prn=nan nxp=0.000 mph=0.000 bytes=131072 pkts=131072 shard=0
step=0579275 (run 3275/8000) loss=0.15471 byte_ppl=1.167 atoms=12 merges=0 field=8.7834 rms=0.2745 scale=1.0000 fcos=nan ign=0.0000 prn=nan nxp=0.000 mph=0.000 bytes=131072 pkts=131072 shard=0
step=0579300 (run 3300/8000) loss=0.00785 byte_ppl=1.008 atoms=40 merges=0 field=8.8054 rms=0.2752 scale=1.0000 fcos=nan ign=0.0000 prn=nan nxp=0.000 mph=0.000 bytes=131072 pkts=131072 shard=0
step=0579325 (run 3325/8000) loss=0.00079 byte_ppl=1.001 atoms=67 merges=0 field=8.8358 rms=0.2761 scale=1.0000 fcos=nan ign=0.0000 prn=nan nxp=0.000 mph=0.000 bytes=131072 pkts=131072 shard=0
step=0579350 (run 3350/8000) loss=6.05110 byte_ppl=424.578 atoms=25 merges=0 field=8.8550 rms=0.2767 scale=1.0000 fcos=nan ign=0.0000 prn=nan nxp=0.000 mph=0.000 bytes=131072 pkts=131072 shard=0
step=0579375 (run 3375/8000) loss=2.57928 byte_ppl=13.188 atoms=52 merges=0 field=8.8682 rms=0.2771 scale=1.0000 fcos=nan ign=0.0000 prn=nan nxp=0.000 mph=0.000 bytes=131072 pkts=131072 shard=0
step=0579400 (run 3400/8000) loss=0.67430 byte_ppl=1.963 atoms=9 merges=0 field=8.8970 rms=0.2780 scale=1.0000 fcos=nan ign=0.0000 prn=nan nxp=0.000 mph=0.000 bytes=131072 pkts=131072 shard=0
step=0579425 (run 3425/8000) loss=7.73076 byte_ppl=2277.331 atoms=36 merges=0 field=8.9100 rms=0.2784 scale=1.0000 fcos=nan ign=0.0000 prn=nan nxp=0.000 mph=0.000 bytes=131072 pkts=131072 shard=0
step=0579450 (run 3450/8000) loss=9.09718 byte_ppl=8930.086 atoms=64 merges=0 field=8.8902 rms=0.2778 scale=1.0000 fcos=nan ign=0.0000 prn=nan nxp=0.000 mph=0.000 bytes=131072 pkts=131072 shard=0
step=0579475 (run 3475/8000) loss=0.00004 byte_ppl=1.000 atoms=21 merges=0 field=8.8956 rms=0.2780 scale=1.0000 fcos=nan ign=0.0000 prn=nan nxp=0.000 mph=0.000 bytes=131072 pkts=131072 shard=0
step=0579500 (run 3500/8000) loss=7.44047 byte_ppl=1703.554 atoms=49 merges=0 field=8.8925 rms=0.2779 scale=1.0000 fcos=nan ign=0.0000 prn=nan nxp=0.000 mph=0.000 bytes=131072 pkts=131072 shard=0
step=0579525 (run 3525/8000) loss=0.00097 byte_ppl=1.001 atoms=5 merges=0 field=8.8898 rms=0.2778 scale=1.0000 fcos=nan ign=0.0000 prn=nan nxp=0.000 mph=0.000 bytes=131072 pkts=131072 shard=0
step=0579550 (run 3550/8000) loss=6.12593 byte_ppl=457.568 atoms=33 merges=0 field=8.9215 rms=0.2788 scale=1.0000 fcos=nan ign=0.0000 prn=nan nxp=0.000 mph=0.000 bytes=131072 pkts=131072 shard=0
step=0579575 (run 3575/8000) loss=0.00348 byte_ppl=1.003 atoms=60 merges=0 field=8.9395 rms=0.2794 scale=1.0000 fcos=nan ign=0.0000 prn=nan nxp=0.000 mph=0.000 bytes=131072 pkts=131072 shard=0
step=0579600 (run 3600/8000) loss=0.38058 byte_ppl=1.463 atoms=18 merges=0 field=8.9601 rms=0.2800 scale=1.0000 fcos=nan ign=0.0000 prn=nan nxp=0.000 mph=0.000 bytes=131072 pkts=131072 shard=0
step=0579625 (run 3625/8000) loss=0.00006 byte_ppl=1.000 atoms=45 merges=0 field=8.9636 rms=0.2801 scale=1.0000 fcos=nan ign=0.0000 prn=nan nxp=0.000 mph=0.000 bytes=131072 pkts=131072 shard=0
step=0579650 (run 3650/8000) loss=5.53955 byte_ppl=254.564 atoms=3 merges=0 field=8.9724 rms=0.2804 scale=1.0000 fcos=nan ign=0.0000 prn=nan nxp=0.000 mph=0.000 bytes=131072 pkts=131072 shard=0
step=0579675 (run 3675/8000) loss=1.74157 byte_ppl=5.706 atoms=30 merges=0 field=8.9161 rms=0.2786 scale=1.0000 fcos=nan ign=0.0000 prn=nan nxp=0.000 mph=0.000 bytes=131072 pkts=131072 shard=0
step=0579700 (run 3700/8000) loss=8.39838 byte_ppl=4439.887 atoms=58 merges=0 field=8.9496 rms=0.2797 scale=1.0000 fcos=nan ign=0.0000 prn=nan nxp=0.000 mph=0.000 bytes=131072 pkts=131072 shard=0
step=0579725 (run 3725/8000) loss=0.00034 byte_ppl=1.000 atoms=14 merges=0 field=8.9761 rms=0.2805 scale=1.0000 fcos=nan ign=0.0000 prn=nan nxp=0.000 mph=0.000 bytes=131072 pkts=131072 shard=0
step=0579750 (run 3750/8000) loss=0.09984 byte_ppl=1.105 atoms=42 merges=0 field=8.9181 rms=0.2787 scale=1.0000 fcos=nan ign=0.0000 prn=nan nxp=0.000 mph=0.000 bytes=131072 pkts=131072 shard=0
step=0579775 (run 3775/8000) loss=0.00776 byte_ppl=1.008 atoms=69 merges=0 field=8.9391 rms=0.2793 scale=1.0000 fcos=nan ign=0.0000 prn=nan nxp=0.000 mph=0.000 bytes=131072 pkts=131072 shard=0
step=0579800 (run 3800/8000) loss=7.40172 byte_ppl=1638.794 atoms=27 merges=0 field=8.9257 rms=0.2789 scale=1.0000 fcos=nan ign=0.0000 prn=nan nxp=0.000 mph=0.000 bytes=131072 pkts=131072 shard=0
step=0579825 (run 3825/8000) loss=0.00370 byte_ppl=1.004 atoms=54 merges=0 field=8.9324 rms=0.2791 scale=1.0000 fcos=nan ign=0.0000 prn=nan nxp=0.000 mph=0.000 bytes=131072 pkts=131072 shard=0
step=0579850 (run 3850/8000) loss=0.00005 byte_ppl=1.000 atoms=11 merges=0 field=8.9930 rms=0.2810 scale=1.0000 fcos=nan ign=0.0000 prn=nan nxp=0.000 mph=0.000 bytes=131072 pkts=131072 shard=0
step=0579875 (run 3875/8000) loss=5.66328 byte_ppl=288.092 atoms=38 merges=0 field=9.0230 rms=0.2820 scale=1.0000 fcos=nan ign=0.0000 prn=nan nxp=0.000 mph=0.000 bytes=131072 pkts=131072 shard=0
step=0579900 (run 3900/8000) loss=0.67593 byte_ppl=1.966 atoms=66 merges=0 field=8.9217 rms=0.2788 scale=1.0000 fcos=nan ign=0.0000 prn=nan nxp=0.000 mph=0.000 bytes=131072 pkts=131072 shard=0
step=0579925 (run 3925/8000) loss=0.02813 byte_ppl=1.029 atoms=23 merges=0 field=8.9098 rms=0.2784 scale=1.0000 fcos=nan ign=0.0000 prn=nan nxp=0.000 mph=0.000 bytes=131072 pkts=131072 shard=0
step=0579950 (run 3950/8000) loss=6.63399 byte_ppl=760.509 atoms=51 merges=0 field=8.9549 rms=0.2798 scale=1.0000 fcos=nan ign=0.0000 prn=nan nxp=0.000 mph=0.000 bytes=131072 pkts=131072 shard=0
step=0579975 (run 3975/8000) loss=3.61218 byte_ppl=37.047 atoms=8 merges=0 field=8.9814 rms=0.2807 scale=1.0000 fcos=nan ign=0.0000 prn=nan nxp=0.000 mph=0.000 bytes=131072 pkts=131072 shard=0
step=0580000 (run 4000/8000) loss=13.56645 byte_ppl=779535.088 atoms=36 merges=0 field=9.0204 rms=0.2819 scale=1.0000 fcos=nan ign=0.0000 prn=nan nxp=0.000 mph=0.000 bytes=131072 pkts=131072 shard=0
step=0580025 (run 4025/8000) loss=0.00115 byte_ppl=1.001 atoms=63 merges=0 field=9.0807 rms=0.2838 scale=1.0000 fcos=nan ign=0.0000 prn=nan nxp=0.000 mph=0.000 bytes=131072 pkts=131072 shard=0
step=0580050 (run 4050/8000) loss=3.59109 byte_ppl=36.274 atoms=20 merges=0 field=9.1092 rms=0.2847 scale=1.0000 fcos=nan ign=0.0000 prn=nan nxp=0.000 mph=0.000 bytes=131072 pkts=131072 shard=0
step=0580075 (run 4075/8000) loss=3.28957 byte_ppl=26.831 atoms=47 merges=0 field=9.1294 rms=0.2853 scale=1.0000 fcos=nan ign=0.0000 prn=nan nxp=0.000 mph=0.000 bytes=131072 pkts=131072 shard=0
step=0580100 (run 4100/8000) loss=2.86420 byte_ppl=17.535 atoms=5 merges=0 field=9.1538 rms=0.2861 scale=1.0000 fcos=nan ign=0.0000 prn=nan nxp=0.000 mph=0.000 bytes=131072 pkts=131072 shard=0
step=0580125 (run 4125/8000) loss=11.64763 byte_ppl=114419.946 atoms=32 merges=0 field=9.1922 rms=0.2873 scale=1.0000 fcos=nan ign=0.0000 prn=nan nxp=0.000 mph=0.000 bytes=131072 pkts=131072 shard=0
step=0580150 (run 4150/8000) loss=1.84265 byte_ppl=6.313 atoms=60 merges=0 field=9.1973 rms=0.2874 scale=1.0000 fcos=nan ign=0.0000 prn=nan nxp=0.000 mph=0.000 bytes=131072 pkts=131072 shard=0
step=0580175 (run 4175/8000) loss=0.00080 byte_ppl=1.001 atoms=16 merges=0 field=9.1929 rms=0.2873 scale=1.0000 fcos=nan ign=0.0000 prn=nan nxp=0.000 mph=0.000 bytes=131072 pkts=131072 shard=0
step=0580200 (run 4200/8000) loss=4.44543 byte_ppl=85.237 atoms=44 merges=0 field=9.1575 rms=0.2862 scale=1.0000 fcos=nan ign=0.0000 prn=nan nxp=0.000 mph=0.000 bytes=131072 pkts=131072 shard=0
step=0580225 (run 4225/8000) loss=0.07317 byte_ppl=1.076 atoms=1 merges=0 field=9.1693 rms=0.2865 scale=1.0000 fcos=nan ign=0.0000 prn=nan nxp=0.000 mph=0.000 bytes=131072 pkts=131072 shard=0
step=0580250 (run 4250/8000) loss=5.35562 byte_ppl=211.796 atoms=29 merges=0 field=9.1891 rms=0.2872 scale=1.0000 fcos=nan ign=0.0000 prn=nan nxp=0.000 mph=0.000 bytes=131072 pkts=131072 shard=0
step=0580275 (run 4275/8000) loss=5.90535 byte_ppl=366.996 atoms=56 merges=0 field=9.1548 rms=0.2861 scale=1.0000 fcos=nan ign=0.0000 prn=nan nxp=0.000 mph=0.000 bytes=131072 pkts=131072 shard=0
step=0580300 (run 4300/8000) loss=2.26635 byte_ppl=9.644 atoms=14 merges=0 field=9.1403 rms=0.2856 scale=1.0000 fcos=nan ign=0.0000 prn=nan nxp=0.000 mph=0.000 bytes=131072 pkts=131072 shard=0
step=0580325 (run 4325/8000) loss=1.90639 byte_ppl=6.729 atoms=41 merges=0 field=9.1458 rms=0.2858 scale=1.0000 fcos=nan ign=0.0000 prn=nan nxp=0.000 mph=0.000 bytes=131072 pkts=131072 shard=0
step=0580350 (run 4350/8000) loss=7.21276 byte_ppl=1356.636 atoms=69 merges=0 field=9.1648 rms=0.2864 scale=1.0000 fcos=nan ign=0.0000 prn=nan nxp=0.000 mph=0.000 bytes=131072 pkts=131072 shard=0
step=0580375 (run 4375/8000) loss=0.15817 byte_ppl=1.171 atoms=25 merges=0 field=9.1936 rms=0.2873 scale=1.0000 fcos=nan ign=0.0000 prn=nan nxp=0.000 mph=0.000 bytes=131072 pkts=131072 shard=0
step=0580400 (run 4400/8000) loss=5.37087 byte_ppl=215.050 atoms=53 merges=0 field=9.1552 rms=0.2861 scale=1.0000 fcos=nan ign=0.0000 prn=nan nxp=0.000 mph=0.000 bytes=131072 pkts=131072 shard=0
step=0580425 (run 4425/8000) loss=0.00134 byte_ppl=1.001 atoms=10 merges=0 field=9.1604 rms=0.2863 scale=1.0000 fcos=nan ign=0.0000 prn=nan nxp=0.000 mph=0.000 bytes=131072 pkts=131072 shard=0
step=0580450 (run 4450/8000) loss=3.42999 byte_ppl=30.876 atoms=38 merges=0 field=9.1879 rms=0.2871 scale=1.0000 fcos=nan ign=0.0000 prn=nan nxp=0.000 mph=0.000 bytes=131072 pkts=131072 shard=0
step=0580475 (run 4475/8000) loss=0.05157 byte_ppl=1.053 atoms=65 merges=0 field=9.2538 rms=0.2892 scale=1.0000 fcos=nan ign=0.0000 prn=nan nxp=0.000 mph=0.000 bytes=131072 pkts=131072 shard=0
step=0580500 (run 4500/8000) loss=0.00022 byte_ppl=1.000 atoms=22 merges=0 field=9.2550 rms=0.2892 scale=1.0000 fcos=nan ign=0.0000 prn=nan nxp=0.000 mph=0.000 bytes=131072 pkts=131072 shard=0
step=0580525 (run 4525/8000) loss=0.06359 byte_ppl=1.066 atoms=49 merges=0 field=9.2130 rms=0.2879 scale=1.0000 fcos=nan ign=0.0000 prn=nan nxp=0.000 mph=0.000 bytes=131072 pkts=131072 shard=0
step=0580550 (run 4550/8000) loss=5.48247 byte_ppl=240.441 atoms=7 merges=0 field=9.2390 rms=0.2887 scale=1.0000 fcos=nan ign=0.0000 prn=nan nxp=0.000 mph=0.000 bytes=131072 pkts=131072 shard=0
step=0580575 (run 4575/8000) loss=0.00525 byte_ppl=1.005 atoms=34 merges=0 field=9.2333 rms=0.2885 scale=1.0000 fcos=nan ign=0.0000 prn=nan nxp=0.000 mph=0.000 bytes=131072 pkts=131072 shard=0
step=0580600 (run 4600/8000) loss=6.01496 byte_ppl=409.508 atoms=62 merges=0 field=9.2606 rms=0.2894 scale=1.0000 fcos=nan ign=0.0000 prn=nan nxp=0.000 mph=0.000 bytes=131072 pkts=131072 shard=0
step=0580625 (run 4625/8000) loss=0.00013 byte_ppl=1.000 atoms=19 merges=0 field=9.2943 rms=0.2904 scale=1.0000 fcos=nan ign=0.0000 prn=nan nxp=0.000 mph=0.000 bytes=131072 pkts=131072 shard=0
step=0580650 (run 4650/8000) loss=8.71572 byte_ppl=6098.007 atoms=47 merges=0 field=9.3257 rms=0.2914 scale=1.0000 fcos=nan ign=0.0000 prn=nan nxp=0.000 mph=0.000 bytes=131072 pkts=131072 shard=0
step=0580675 (run 4675/8000) loss=0.00056 byte_ppl=1.001 atoms=3 merges=0 field=9.3314 rms=0.2916 scale=1.0000 fcos=nan ign=0.0000 prn=nan nxp=0.000 mph=0.000 bytes=131072 pkts=131072 shard=0
step=0580700 (run 4700/8000) loss=6.62079 byte_ppl=750.538 atoms=31 merges=0 field=9.3747 rms=0.2930 scale=1.0000 fcos=nan ign=0.0000 prn=nan nxp=0.000 mph=0.000 bytes=131072 pkts=131072 shard=0
step=0580725 (run 4725/8000) loss=0.00123 byte_ppl=1.001 atoms=58 merges=0 field=9.3957 rms=0.2936 scale=1.0000 fcos=nan ign=0.0000 prn=nan nxp=0.000 mph=0.000 bytes=131072 pkts=131072 shard=0
step=0580750 (run 4750/8000) loss=2.19009 byte_ppl=8.936 atoms=16 merges=0 field=9.4030 rms=0.2938 scale=1.0000 fcos=nan ign=0.0000 prn=nan nxp=0.000 mph=0.000 bytes=131072 pkts=131072 shard=0
step=0580775 (run 4775/8000) loss=2.39396 byte_ppl=10.957 atoms=43 merges=0 field=9.3581 rms=0.2924 scale=1.0000 fcos=nan ign=0.0000 prn=nan nxp=0.000 mph=0.000 bytes=131072 pkts=131072 shard=0
step=0580800 (run 4800/8000) loss=7.51142 byte_ppl=1828.805 atoms=71 merges=0 field=9.3735 rms=0.2929 scale=1.0000 fcos=nan ign=0.0000 prn=nan nxp=0.000 mph=0.000 bytes=131072 pkts=131072 shard=0
step=0580825 (run 4825/8000) loss=0.00016 byte_ppl=1.000 atoms=27 merges=0 field=9.3478 rms=0.2921 scale=1.0000 fcos=nan ign=0.0000 prn=nan nxp=0.000 mph=0.000 bytes=131072 pkts=131072 shard=0
step=0580850 (run 4850/8000) loss=4.85254 byte_ppl=128.066 atoms=55 merges=0 field=9.3579 rms=0.2924 scale=1.0000 fcos=nan ign=0.0000 prn=nan nxp=0.000 mph=0.000 bytes=131072 pkts=131072 shard=0
step=0580875 (run 4875/8000) loss=1.23709 byte_ppl=3.446 atoms=12 merges=0 field=9.4088 rms=0.2940 scale=1.0000 fcos=nan ign=0.0000 prn=nan nxp=0.000 mph=0.000 bytes=131072 pkts=131072 shard=0
step=0580900 (run 4900/8000) loss=17.97176 byte_ppl=63831412.204 atoms=40 merges=0 field=9.3679 rms=0.2927 scale=1.0000 fcos=nan ign=0.0000 prn=nan nxp=0.000 mph=0.000 bytes=131072 pkts=131072 shard=0
step=0580925 (run 4925/8000) loss=0.01209 byte_ppl=1.012 atoms=67 merges=0 field=9.3583 rms=0.2924 scale=1.0000 fcos=nan ign=0.0000 prn=nan nxp=0.000 mph=0.000 bytes=131072 pkts=131072 shard=0
step=0580950 (run 4950/8000) loss=0.32899 byte_ppl=1.390 atoms=25 merges=0 field=9.4338 rms=0.2948 scale=1.0000 fcos=nan ign=0.0000 prn=nan nxp=0.000 mph=0.000 bytes=131072 pkts=131072 shard=0
step=0580975 (run 4975/8000) loss=0.03957 byte_ppl=1.040 atoms=52 merges=0 field=9.4613 rms=0.2957 scale=1.0000 fcos=nan ign=0.0000 prn=nan nxp=0.000 mph=0.000 bytes=131072 pkts=131072 shard=0
step=0581000 (run 5000/8000) loss=6.05726 byte_ppl=427.202 atoms=9 merges=0 field=9.4472 rms=0.2952 scale=1.0000 fcos=nan ign=0.0000 prn=nan nxp=0.000 mph=0.000 bytes=131072 pkts=131072 shard=0
step=0581025 (run 5025/8000) loss=0.00011 byte_ppl=1.000 atoms=36 merges=0 field=9.4095 rms=0.2940 scale=1.0000 fcos=nan ign=0.0000 prn=nan nxp=0.000 mph=0.000 bytes=131072 pkts=131072 shard=0
step=0581050 (run 5050/8000) loss=3.66148 byte_ppl=38.919 atoms=64 merges=0 field=9.3989 rms=0.2937 scale=1.0000 fcos=nan ign=0.0000 prn=nan nxp=0.000 mph=0.000 bytes=131072 pkts=131072 shard=0
step=0581075 (run 5075/8000) loss=0.00075 byte_ppl=1.001 atoms=21 merges=0 field=9.4404 rms=0.2950 scale=1.0000 fcos=nan ign=0.0000 prn=nan nxp=0.000 mph=0.000 bytes=131072 pkts=131072 shard=0
step=0581100 (run 5100/8000) loss=4.42896 byte_ppl=83.844 atoms=49 merges=0 field=9.4458 rms=0.2952 scale=1.0000 fcos=nan ign=0.0000 prn=nan nxp=0.000 mph=0.000 bytes=131072 pkts=131072 shard=0
step=0581125 (run 5125/8000) loss=0.18273 byte_ppl=1.200 atoms=5 merges=0 field=9.4372 rms=0.2949 scale=1.0000 fcos=nan ign=0.0000 prn=nan nxp=0.000 mph=0.000 bytes=131072 pkts=131072 shard=0
step=0581150 (run 5150/8000) loss=2.82968 byte_ppl=16.940 atoms=33 merges=0 field=9.4148 rms=0.2942 scale=1.0000 fcos=nan ign=0.0000 prn=nan nxp=0.000 mph=0.000 bytes=131072 pkts=131072 shard=0
step=0581175 (run 5175/8000) loss=7.79086 byte_ppl=2418.405 atoms=60 merges=0 field=9.4199 rms=0.2944 scale=1.0000 fcos=nan ign=0.0000 prn=nan nxp=0.000 mph=0.000 bytes=131072 pkts=131072 shard=0
step=0581200 (run 5200/8000) loss=4.96800 byte_ppl=143.738 atoms=18 merges=0 field=9.4014 rms=0.2938 scale=1.0000 fcos=nan ign=0.0000 prn=nan nxp=0.000 mph=0.000 bytes=131072 pkts=131072 shard=0
step=0581225 (run 5225/8000) loss=1.94099 byte_ppl=6.966 atoms=45 merges=0 field=9.3851 rms=0.2933 scale=1.0000 fcos=nan ign=0.0000 prn=nan nxp=0.000 mph=0.000 bytes=131072 pkts=131072 shard=0
step=0581250 (run 5250/8000) loss=2.73377 byte_ppl=15.391 atoms=3 merges=0 field=9.4025 rms=0.2938 scale=1.0000 fcos=nan ign=0.0000 prn=nan nxp=0.000 mph=0.000 bytes=131072 pkts=131072 shard=0
step=0581275 (run 5275/8000) loss=0.10457 byte_ppl=1.110 atoms=30 merges=0 field=9.4176 rms=0.2943 scale=1.0000 fcos=nan ign=0.0000 prn=nan nxp=0.000 mph=0.000 bytes=131072 pkts=131072 shard=0
step=0581300 (run 5300/8000) loss=26.87977 byte_ppl=471777868243.316 atoms=58 merges=0 field=9.4067 rms=0.2940 scale=1.0000 fcos=nan ign=0.0000 prn=nan nxp=0.000 mph=0.000 bytes=131072 pkts=131072 shard=0
step=0581325 (run 5325/8000) loss=2.86107 byte_ppl=17.480 atoms=14 merges=0 field=9.3950 rms=0.2936 scale=1.0000 fcos=nan ign=0.0000 prn=nan nxp=0.000 mph=0.000 bytes=131072 pkts=131072 shard=0
step=0581350 (run 5350/8000) loss=6.32880 byte_ppl=560.482 atoms=42 merges=0 field=9.4102 rms=0.2941 scale=1.0000 fcos=nan ign=0.0000 prn=nan nxp=0.000 mph=0.000 bytes=131072 pkts=131072 shard=0
step=0581375 (run 5375/8000) loss=0.00019 byte_ppl=1.000 atoms=69 merges=0 field=9.4560 rms=0.2955 scale=1.0000 fcos=nan ign=0.0000 prn=nan nxp=0.000 mph=0.000 bytes=131072 pkts=131072 shard=0
step=0581400 (run 5400/8000) loss=5.72039 byte_ppl=305.025 atoms=27 merges=0 field=9.4622 rms=0.2957 scale=1.0000 fcos=nan ign=0.0000 prn=nan nxp=0.000 mph=0.000 bytes=131072 pkts=131072 shard=0
step=0581425 (run 5425/8000) loss=0.02446 byte_ppl=1.025 atoms=54 merges=0 field=9.4480 rms=0.2953 scale=1.0000 fcos=nan ign=0.0000 prn=nan nxp=0.000 mph=0.000 bytes=131072 pkts=131072 shard=0
step=0581450 (run 5450/8000) loss=3.64539 byte_ppl=38.298 atoms=11 merges=0 field=9.3814 rms=0.2932 scale=1.0000 fcos=nan ign=0.0000 prn=nan nxp=0.000 mph=0.000 bytes=131072 pkts=131072 shard=0
step=0581475 (run 5475/8000) loss=2.17649 byte_ppl=8.815 atoms=38 merges=0 field=9.3399 rms=0.2919 scale=1.0000 fcos=nan ign=0.0000 prn=nan nxp=0.000 mph=0.000 bytes=131072 pkts=131072 shard=0
step=0581500 (run 5500/8000) loss=13.08222 byte_ppl=480325.426 atoms=66 merges=0 field=9.3481 rms=0.2921 scale=1.0000 fcos=nan ign=0.0000 prn=nan nxp=0.000 mph=0.000 bytes=131072 pkts=131072 shard=0
step=0581525 (run 5525/8000) loss=0.00112 byte_ppl=1.001 atoms=23 merges=0 field=9.3902 rms=0.2934 scale=1.0000 fcos=nan ign=0.0000 prn=nan nxp=0.000 mph=0.000 bytes=131072 pkts=131072 shard=0
step=0581550 (run 5550/8000) loss=9.38580 byte_ppl=11917.886 atoms=51 merges=0 field=9.3715 rms=0.2929 scale=1.0000 fcos=nan ign=0.0000 prn=nan nxp=0.000 mph=0.000 bytes=131072 pkts=131072 shard=0
step=0581575 (run 5575/8000) loss=5.42399 byte_ppl=226.782 atoms=8 merges=0 field=9.3697 rms=0.2928 scale=1.0000 fcos=nan ign=0.0000 prn=nan nxp=0.000 mph=0.000 bytes=131072 pkts=131072 shard=0
step=0581600 (run 5600/8000) loss=7.90362 byte_ppl=2707.062 atoms=36 merges=0 field=9.3476 rms=0.2921 scale=1.0000 fcos=nan ign=0.0000 prn=nan nxp=0.000 mph=0.000 bytes=131072 pkts=131072 shard=0
step=0581625 (run 5625/8000) loss=0.17072 byte_ppl=1.186 atoms=63 merges=0 field=9.3580 rms=0.2924 scale=1.0000 fcos=nan ign=0.0000 prn=nan nxp=0.000 mph=0.000 bytes=131072 pkts=131072 shard=0
step=0581650 (run 5650/8000) loss=5.58317 byte_ppl=265.914 atoms=20 merges=0 field=9.3812 rms=0.2932 scale=1.0000 fcos=nan ign=0.0000 prn=nan nxp=0.000 mph=0.000 bytes=131072 pkts=131072 shard=0
step=0581675 (run 5675/8000) loss=0.00115 byte_ppl=1.001 atoms=47 merges=0 field=9.3603 rms=0.2925 scale=1.0000 fcos=nan ign=0.0000 prn=nan nxp=0.000 mph=0.000 bytes=131072 pkts=131072 shard=0
step=0581700 (run 5700/8000) loss=4.26344 byte_ppl=71.054 atoms=5 merges=0 field=9.3342 rms=0.2917 scale=1.0000 fcos=nan ign=0.0000 prn=nan nxp=0.000 mph=0.000 bytes=131072 pkts=131072 shard=0
step=0581725 (run 5725/8000) loss=0.01513 byte_ppl=1.015 atoms=32 merges=0 field=9.3358 rms=0.2917 scale=1.0000 fcos=nan ign=0.0000 prn=nan nxp=0.000 mph=0.000 bytes=131072 pkts=131072 shard=0
step=0581750 (run 5750/8000) loss=0.01190 byte_ppl=1.012 atoms=60 merges=0 field=9.3726 rms=0.2929 scale=1.0000 fcos=nan ign=0.0000 prn=nan nxp=0.000 mph=0.000 bytes=131072 pkts=131072 shard=0
step=0581775 (run 5775/8000) loss=0.62094 byte_ppl=1.861 atoms=16 merges=0 field=9.2926 rms=0.2904 scale=1.0000 fcos=nan ign=0.0000 prn=nan nxp=0.000 mph=0.000 bytes=131072 pkts=131072 shard=0
step=0581800 (run 5800/8000) loss=0.01532 byte_ppl=1.015 atoms=44 merges=0 field=9.2936 rms=0.2904 scale=1.0000 fcos=nan ign=0.0000 prn=nan nxp=0.000 mph=0.000 bytes=131072 pkts=131072 shard=0
step=0581825 (run 5825/8000) loss=0.01069 byte_ppl=1.011 atoms=1 merges=0 field=9.3043 rms=0.2908 scale=1.0000 fcos=nan ign=0.0000 prn=nan nxp=0.000 mph=0.000 bytes=131072 pkts=131072 shard=0
step=0581850 (run 5850/8000) loss=0.00708 byte_ppl=1.007 atoms=29 merges=0 field=9.2911 rms=0.2903 scale=1.0000 fcos=nan ign=0.0000 prn=nan nxp=0.000 mph=0.000 bytes=131072 pkts=131072 shard=0
step=0581875 (run 5875/8000) loss=0.84945 byte_ppl=2.338 atoms=56 merges=0 field=9.3063 rms=0.2908 scale=1.0000 fcos=nan ign=0.0000 prn=nan nxp=0.000 mph=0.000 bytes=131072 pkts=131072 shard=0
step=0581900 (run 5900/8000) loss=11.60670 byte_ppl=109830.784 atoms=14 merges=0 field=9.3487 rms=0.2921 scale=1.0000 fcos=nan ign=0.0000 prn=nan nxp=0.000 mph=0.000 bytes=131072 pkts=131072 shard=0
step=0581925 (run 5925/8000) loss=0.00637 byte_ppl=1.006 atoms=41 merges=0 field=9.3330 rms=0.2917 scale=1.0000 fcos=nan ign=0.0000 prn=nan nxp=0.000 mph=0.000 bytes=131072 pkts=131072 shard=0
step=0581950 (run 5950/8000) loss=0.05143 byte_ppl=1.053 atoms=69 merges=0 field=9.3358 rms=0.2917 scale=1.0000 fcos=nan ign=0.0000 prn=nan nxp=0.000 mph=0.000 bytes=131072 pkts=131072 shard=0
step=0581975 (run 5975/8000) loss=0.00012 byte_ppl=1.000 atoms=25 merges=0 field=9.3581 rms=0.2924 scale=1.0000 fcos=nan ign=0.0000 prn=nan nxp=0.000 mph=0.000 bytes=131072 pkts=131072 shard=0
step=0582000 (run 6000/8000) loss=0.00243 byte_ppl=1.002 atoms=53 merges=0 field=9.3717 rms=0.2929 scale=1.0000 fcos=nan ign=0.0000 prn=nan nxp=0.000 mph=0.000 bytes=131072 pkts=131072 shard=0
step=0582025 (run 6025/8000) loss=15.51439 byte_ppl=5467837.765 atoms=10 merges=0 field=9.3833 rms=0.2932 scale=1.0000 fcos=nan ign=0.0000 prn=nan nxp=0.000 mph=0.000 bytes=131072 pkts=131072 shard=0
step=0582050 (run 6050/8000) loss=0.13133 byte_ppl=1.140 atoms=38 merges=0 field=9.3790 rms=0.2931 scale=1.0000 fcos=nan ign=0.0000 prn=nan nxp=0.000 mph=0.000 bytes=131072 pkts=131072 shard=0
step=0582075 (run 6075/8000) loss=3.88011 byte_ppl=48.430 atoms=65 merges=0 field=9.3222 rms=0.2913 scale=1.0000 fcos=nan ign=0.0000 prn=nan nxp=0.000 mph=0.000 bytes=131072 pkts=131072 shard=0
step=0582100 (run 6100/8000) loss=4.11568 byte_ppl=61.294 atoms=22 merges=0 field=9.3201 rms=0.2913 scale=1.0000 fcos=nan ign=0.0000 prn=nan nxp=0.000 mph=0.000 bytes=131072 pkts=131072 shard=0
step=0582125 (run 6125/8000) loss=8.70574 byte_ppl=6037.468 atoms=49 merges=0 field=9.3621 rms=0.2926 scale=1.0000 fcos=nan ign=0.0000 prn=nan nxp=0.000 mph=0.000 bytes=131072 pkts=131072 shard=0
step=0582150 (run 6150/8000) loss=4.70836 byte_ppl=110.870 atoms=7 merges=0 field=9.3891 rms=0.2934 scale=1.0000 fcos=nan ign=0.0000 prn=nan nxp=0.000 mph=0.000 bytes=131072 pkts=131072 shard=0
step=0582175 (run 6175/8000) loss=2.01958 byte_ppl=7.535 atoms=34 merges=0 field=9.3837 rms=0.2932 scale=1.0000 fcos=nan ign=0.0000 prn=nan nxp=0.000 mph=0.000 bytes=131072 pkts=131072 shard=0
step=0582200 (run 6200/8000) loss=7.19162 byte_ppl=1328.259 atoms=62 merges=0 field=9.4126 rms=0.2941 scale=1.0000 fcos=nan ign=0.0000 prn=nan nxp=0.000 mph=0.000 bytes=131072 pkts=131072 shard=0
step=0582225 (run 6225/8000) loss=0.95445 byte_ppl=2.597 atoms=19 merges=0 field=9.3881 rms=0.2934 scale=1.0000 fcos=nan ign=0.0000 prn=nan nxp=0.000 mph=0.000 bytes=131072 pkts=131072 shard=0
step=0582250 (run 6250/8000) loss=6.09080 byte_ppl=441.773 atoms=47 merges=0 field=9.4421 rms=0.2951 scale=1.0000 fcos=nan ign=0.0000 prn=nan nxp=0.000 mph=0.000 bytes=131072 pkts=131072 shard=0
step=0582275 (run 6275/8000) loss=1.90166 byte_ppl=6.697 atoms=3 merges=0 field=9.4534 rms=0.2954 scale=1.0000 fcos=nan ign=0.0000 prn=nan nxp=0.000 mph=0.000 bytes=131072 pkts=131072 shard=0
step=0582300 (run 6300/8000) loss=4.57590 byte_ppl=97.116 atoms=31 merges=0 field=9.4413 rms=0.2950 scale=1.0000 fcos=nan ign=0.0000 prn=nan nxp=0.000 mph=0.000 bytes=131072 pkts=131072 shard=0
step=0582325 (run 6325/8000) loss=0.31102 byte_ppl=1.365 atoms=58 merges=0 field=9.4727 rms=0.2960 scale=1.0000 fcos=nan ign=0.0000 prn=nan nxp=0.000 mph=0.000 bytes=131072 pkts=131072 shard=0
step=0582350 (run 6350/8000) loss=0.03008 byte_ppl=1.031 atoms=16 merges=0 field=9.5368 rms=0.2980 scale=1.0000 fcos=nan ign=0.0000 prn=nan nxp=0.000 mph=0.000 bytes=131072 pkts=131072 shard=0
step=0582375 (run 6375/8000) loss=0.00140 byte_ppl=1.001 atoms=43 merges=0 field=9.5407 rms=0.2981 scale=1.0000 fcos=nan ign=0.0000 prn=nan nxp=0.000 mph=0.000 bytes=131072 pkts=131072 shard=0
step=0582400 (run 6400/8000) loss=4.24291 byte_ppl=69.610 atoms=71 merges=0 field=9.5620 rms=0.2988 scale=1.0000 fcos=nan ign=0.0000 prn=nan nxp=0.000 mph=0.000 bytes=131072 pkts=131072 shard=0
step=0582425 (run 6425/8000) loss=0.00520 byte_ppl=1.005 atoms=27 merges=0 field=9.6045 rms=0.3001 scale=1.0000 fcos=nan ign=0.0000 prn=nan nxp=0.000 mph=0.000 bytes=131072 pkts=131072 shard=0
step=0582450 (run 6450/8000) loss=2.97095 byte_ppl=19.510 atoms=55 merges=0 field=9.5756 rms=0.2992 scale=1.0000 fcos=nan ign=0.0000 prn=nan nxp=0.000 mph=0.000 bytes=131072 pkts=131072 shard=0
step=0582475 (run 6475/8000) loss=0.00050 byte_ppl=1.000 atoms=12 merges=0 field=9.5417 rms=0.2982 scale=1.0000 fcos=nan ign=0.0000 prn=nan nxp=0.000 mph=0.000 bytes=131072 pkts=131072 shard=0
step=0582500 (run 6500/8000) loss=0.01968 byte_ppl=1.020 atoms=40 merges=0 field=9.5510 rms=0.2985 scale=1.0000 fcos=nan ign=0.0000 prn=nan nxp=0.000 mph=0.000 bytes=131072 pkts=131072 shard=0
step=0582525 (run 6525/8000) loss=2.77155 byte_ppl=15.983 atoms=67 merges=0 field=9.5410 rms=0.2982 scale=1.0000 fcos=nan ign=0.0000 prn=nan nxp=0.000 mph=0.000 bytes=131072 pkts=131072 shard=0
step=0582550 (run 6550/8000) loss=0.01412 byte_ppl=1.014 atoms=25 merges=0 field=9.5462 rms=0.2983 scale=1.0000 fcos=nan ign=0.0000 prn=nan nxp=0.000 mph=0.000 bytes=131072 pkts=131072 shard=0
step=0582575 (run 6575/8000) loss=0.00472 byte_ppl=1.005 atoms=52 merges=0 field=9.5611 rms=0.2988 scale=1.0000 fcos=nan ign=0.0000 prn=nan nxp=0.000 mph=0.000 bytes=131072 pkts=131072 shard=0
step=0582600 (run 6600/8000) loss=4.55876 byte_ppl=95.465 atoms=9 merges=0 field=9.5655 rms=0.2989 scale=1.0000 fcos=nan ign=0.0000 prn=nan nxp=0.000 mph=0.000 bytes=131072 pkts=131072 shard=0
step=0582625 (run 6625/8000) loss=0.01146 byte_ppl=1.012 atoms=36 merges=0 field=9.5732 rms=0.2992 scale=1.0000 fcos=nan ign=0.0000 prn=nan nxp=0.000 mph=0.000 bytes=131072 pkts=131072 shard=0
step=0582650 (run 6650/8000) loss=27.75614 byte_ppl=1133280735440.784 atoms=64 merges=0 field=9.5693 rms=0.2990 scale=1.0000 fcos=nan ign=0.0000 prn=nan nxp=0.000 mph=0.000 bytes=131072 pkts=131072 shard=0
step=0582675 (run 6675/8000) loss=0.25796 byte_ppl=1.294 atoms=21 merges=0 field=9.5614 rms=0.2988 scale=1.0000 fcos=nan ign=0.0000 prn=nan nxp=0.000 mph=0.000 bytes=131072 pkts=131072 shard=0
step=0582700 (run 6700/8000) loss=0.01559 byte_ppl=1.016 atoms=49 merges=0 field=9.5734 rms=0.2992 scale=1.0000 fcos=nan ign=0.0000 prn=nan nxp=0.000 mph=0.000 bytes=131072 pkts=131072 shard=0
step=0582725 (run 6725/8000) loss=1.51649 byte_ppl=4.556 atoms=5 merges=0 field=9.5936 rms=0.2998 scale=1.0000 fcos=nan ign=0.0000 prn=nan nxp=0.000 mph=0.000 bytes=131072 pkts=131072 shard=0
step=0582750 (run 6750/8000) loss=6.22414 byte_ppl=504.789 atoms=33 merges=0 field=9.6042 rms=0.3001 scale=1.0000 fcos=nan ign=0.0000 prn=nan nxp=0.000 mph=0.000 bytes=131072 pkts=131072 shard=0
step=0582775 (run 6775/8000) loss=0.06050 byte_ppl=1.062 atoms=60 merges=0 field=9.5702 rms=0.2991 scale=1.0000 fcos=nan ign=0.0000 prn=nan nxp=0.000 mph=0.000 bytes=131072 pkts=131072 shard=0
step=0582800 (run 6800/8000) loss=12.52733 byte_ppl=275771.399 atoms=18 merges=0 field=9.5764 rms=0.2993 scale=1.0000 fcos=nan ign=0.0000 prn=nan nxp=0.000 mph=0.000 bytes=131072 pkts=131072 shard=0
step=0582825 (run 6825/8000) loss=0.00050 byte_ppl=1.001 atoms=45 merges=0 field=9.5722 rms=0.2991 scale=1.0000 fcos=nan ign=0.0000 prn=nan nxp=0.000 mph=0.000 bytes=131072 pkts=131072 shard=0
step=0582850 (run 6850/8000) loss=0.03124 byte_ppl=1.032 atoms=3 merges=0 field=9.5565 rms=0.2986 scale=1.0000 fcos=nan ign=0.0000 prn=nan nxp=0.000 mph=0.000 bytes=131072 pkts=131072 shard=0
step=0582875 (run 6875/8000) loss=5.74506 byte_ppl=312.643 atoms=30 merges=0 field=9.5616 rms=0.2988 scale=1.0000 fcos=nan ign=0.0000 prn=nan nxp=0.000 mph=0.000 bytes=131072 pkts=131072 shard=0
step=0582900 (run 6900/8000) loss=2.00491 byte_ppl=7.425 atoms=58 merges=0 field=9.5453 rms=0.2983 scale=1.0000 fcos=nan ign=0.0000 prn=nan nxp=0.000 mph=0.000 bytes=131072 pkts=131072 shard=0
step=0582925 (run 6925/8000) loss=0.01830 byte_ppl=1.018 atoms=14 merges=0 field=9.5318 rms=0.2979 scale=1.0000 fcos=nan ign=0.0000 prn=nan nxp=0.000 mph=0.000 bytes=131072 pkts=131072 shard=0
step=0582950 (run 6950/8000) loss=3.70090 byte_ppl=40.484 atoms=42 merges=0 field=9.5796 rms=0.2994 scale=1.0000 fcos=nan ign=0.0000 prn=nan nxp=0.000 mph=0.000 bytes=131072 pkts=131072 shard=0
step=0582975 (run 6975/8000) loss=0.00052 byte_ppl=1.001 atoms=69 merges=0 field=9.5600 rms=0.2988 scale=1.0000 fcos=nan ign=0.0000 prn=nan nxp=0.000 mph=0.000 bytes=131072 pkts=131072 shard=0
step=0583000 (run 7000/8000) loss=7.68558 byte_ppl=2176.729 atoms=27 merges=0 field=9.5221 rms=0.2976 scale=1.0000 fcos=nan ign=0.0000 prn=nan nxp=0.000 mph=0.000 bytes=131072 pkts=131072 shard=0
step=0583025 (run 7025/8000) loss=0.00323 byte_ppl=1.003 atoms=54 merges=0 field=9.5165 rms=0.2974 scale=1.0000 fcos=nan ign=0.0000 prn=nan nxp=0.000 mph=0.000 bytes=131072 pkts=131072 shard=0
step=0583050 (run 7050/8000) loss=1.30736 byte_ppl=3.696 atoms=11 merges=0 field=9.5188 rms=0.2975 scale=1.0000 fcos=nan ign=0.0000 prn=nan nxp=0.000 mph=0.000 bytes=131072 pkts=131072 shard=0
step=0583075 (run 7075/8000) loss=0.00227 byte_ppl=1.002 atoms=38 merges=0 field=9.5139 rms=0.2973 scale=1.0000 fcos=nan ign=0.0000 prn=nan nxp=0.000 mph=0.000 bytes=131072 pkts=131072 shard=0
step=0583100 (run 7100/8000) loss=11.50707 byte_ppl=99416.408 atoms=66 merges=0 field=9.5376 rms=0.2981 scale=1.0000 fcos=nan ign=0.0000 prn=nan nxp=0.000 mph=0.000 bytes=131072 pkts=131072 shard=0
step=0583125 (run 7125/8000) loss=4.38215 byte_ppl=80.010 atoms=23 merges=0 field=9.5610 rms=0.2988 scale=1.0000 fcos=nan ign=0.0000 prn=nan nxp=0.000 mph=0.000 bytes=131072 pkts=131072 shard=0
step=0583150 (run 7150/8000) loss=0.39799 byte_ppl=1.489 atoms=51 merges=0 field=9.5741 rms=0.2992 scale=1.0000 fcos=nan ign=0.0000 prn=nan nxp=0.000 mph=0.000 bytes=131072 pkts=131072 shard=0
step=0583175 (run 7175/8000) loss=0.00009 byte_ppl=1.000 atoms=8 merges=0 field=9.5730 rms=0.2992 scale=1.0000 fcos=nan ign=0.0000 prn=nan nxp=0.000 mph=0.000 bytes=131072 pkts=131072 shard=0
step=0583200 (run 7200/8000) loss=2.89524 byte_ppl=18.088 atoms=36 merges=0 field=9.6078 rms=0.3002 scale=1.0000 fcos=nan ign=0.0000 prn=nan nxp=0.000 mph=0.000 bytes=131072 pkts=131072 shard=0
step=0583225 (run 7225/8000) loss=0.01186 byte_ppl=1.012 atoms=63 merges=0 field=9.6008 rms=0.3000 scale=1.0000 fcos=nan ign=0.0000 prn=nan nxp=0.000 mph=0.000 bytes=131072 pkts=131072 shard=0
step=0583250 (run 7250/8000) loss=5.24712 byte_ppl=190.018 atoms=20 merges=0 field=9.5726 rms=0.2991 scale=1.0000 fcos=nan ign=0.0000 prn=nan nxp=0.000 mph=0.000 bytes=131072 pkts=131072 shard=0
step=0583275 (run 7275/8000) loss=0.00085 byte_ppl=1.001 atoms=47 merges=0 field=9.5909 rms=0.2997 scale=1.0000 fcos=nan ign=0.0000 prn=nan nxp=0.000 mph=0.000 bytes=131072 pkts=131072 shard=0
step=0583300 (run 7300/8000) loss=6.96433 byte_ppl=1058.205 atoms=5 merges=0 field=9.5882 rms=0.2996 scale=1.0000 fcos=nan ign=0.0000 prn=nan nxp=0.000 mph=0.000 bytes=131072 pkts=131072 shard=0
step=0583325 (run 7325/8000) loss=0.57296 byte_ppl=1.774 atoms=32 merges=0 field=9.5911 rms=0.2997 scale=1.0000 fcos=nan ign=0.0000 prn=nan nxp=0.000 mph=0.000 bytes=131072 pkts=131072 shard=0
step=0583350 (run 7350/8000) loss=0.00057 byte_ppl=1.001 atoms=60 merges=0 field=9.5421 rms=0.2982 scale=1.0000 fcos=nan ign=0.0000 prn=nan nxp=0.000 mph=0.000 bytes=131072 pkts=131072 shard=0
step=0583375 (run 7375/8000) loss=0.01422 byte_ppl=1.014 atoms=16 merges=0 field=9.5416 rms=0.2982 scale=1.0000 fcos=nan ign=0.0000 prn=nan nxp=0.000 mph=0.000 bytes=131072 pkts=131072 shard=0
step=0583400 (run 7400/8000) loss=3.32244 byte_ppl=27.728 atoms=44 merges=0 field=9.5829 rms=0.2995 scale=1.0000 fcos=nan ign=0.0000 prn=nan nxp=0.000 mph=0.000 bytes=131072 pkts=131072 shard=0
step=0583425 (run 7425/8000) loss=0.00018 byte_ppl=1.000 atoms=1 merges=0 field=9.5962 rms=0.2999 scale=1.0000 fcos=nan ign=0.0000 prn=nan nxp=0.000 mph=0.000 bytes=131072 pkts=131072 shard=0
step=0583450 (run 7450/8000) loss=1.89934 byte_ppl=6.682 atoms=29 merges=0 field=9.5919 rms=0.2997 scale=1.0000 fcos=nan ign=0.0000 prn=nan nxp=0.000 mph=0.000 bytes=131072 pkts=131072 shard=0
step=0583475 (run 7475/8000) loss=0.00009 byte_ppl=1.000 atoms=56 merges=0 field=9.6026 rms=0.3001 scale=1.0000 fcos=nan ign=0.0000 prn=nan nxp=0.000 mph=0.000 bytes=131072 pkts=131072 shard=0
step=0583500 (run 7500/8000) loss=5.73887 byte_ppl=310.713 atoms=14 merges=0 field=9.5902 rms=0.2997 scale=1.0000 fcos=nan ign=0.0000 prn=nan nxp=0.000 mph=0.000 bytes=131072 pkts=131072 shard=0
step=0583525 (run 7525/8000) loss=0.00175 byte_ppl=1.002 atoms=41 merges=0 field=9.5930 rms=0.2998 scale=1.0000 fcos=nan ign=0.0000 prn=nan nxp=0.000 mph=0.000 bytes=131072 pkts=131072 shard=0
step=0583550 (run 7550/8000) loss=4.57741 byte_ppl=97.262 atoms=69 merges=0 field=9.5711 rms=0.2991 scale=1.0000 fcos=nan ign=0.0000 prn=nan nxp=0.000 mph=0.000 bytes=131072 pkts=131072 shard=0
step=0583575 (run 7575/8000) loss=7.42026 byte_ppl=1669.461 atoms=25 merges=0 field=9.5522 rms=0.2985 scale=1.0000 fcos=nan ign=0.0000 prn=nan nxp=0.000 mph=0.000 bytes=131072 pkts=131072 shard=0
step=0583600 (run 7600/8000) loss=4.70227 byte_ppl=110.197 atoms=53 merges=0 field=9.5489 rms=0.2984 scale=1.0000 fcos=nan ign=0.0000 prn=nan nxp=0.000 mph=0.000 bytes=131072 pkts=131072 shard=0
step=0583625 (run 7625/8000) loss=0.00068 byte_ppl=1.001 atoms=10 merges=0 field=9.5816 rms=0.2994 scale=1.0000 fcos=nan ign=0.0000 prn=nan nxp=0.000 mph=0.000 bytes=131072 pkts=131072 shard=0
step=0583650 (run 7650/8000) loss=2.75589 byte_ppl=15.735 atoms=38 merges=0 field=9.6070 rms=0.3002 scale=1.0000 fcos=nan ign=0.0000 prn=nan nxp=0.000 mph=0.000 bytes=131072 pkts=131072 shard=0
step=0583675 (run 7675/8000) loss=0.00128 byte_ppl=1.001 atoms=65 merges=0 field=9.6258 rms=0.3008 scale=1.0000 fcos=nan ign=0.0000 prn=nan nxp=0.000 mph=0.000 bytes=131072 pkts=131072 shard=0
step=0583700 (run 7700/8000) loss=2.88009 byte_ppl=17.816 atoms=22 merges=0 field=9.6262 rms=0.3008 scale=1.0000 fcos=nan ign=0.0000 prn=nan nxp=0.000 mph=0.000 bytes=131072 pkts=131072 shard=0
step=0583725 (run 7725/8000) loss=3.02645 byte_ppl=20.624 atoms=49 merges=0 field=9.5871 rms=0.2996 scale=1.0000 fcos=nan ign=0.0000 prn=nan nxp=0.000 mph=0.000 bytes=131072 pkts=131072 shard=0
step=0583750 (run 7750/8000) loss=1.86318 byte_ppl=6.444 atoms=7 merges=0 field=9.5734 rms=0.2992 scale=1.0000 fcos=nan ign=0.0000 prn=nan nxp=0.000 mph=0.000 bytes=131072 pkts=131072 shard=0
step=0583775 (run 7775/8000) loss=0.00076 byte_ppl=1.001 atoms=34 merges=0 field=9.6036 rms=0.3001 scale=1.0000 fcos=nan ign=0.0000 prn=nan nxp=0.000 mph=0.000 bytes=131072 pkts=131072 shard=0
step=0583800 (run 7800/8000) loss=8.72253 byte_ppl=6139.666 atoms=62 merges=0 field=9.6193 rms=0.3006 scale=1.0000 fcos=nan ign=0.0000 prn=nan nxp=0.000 mph=0.000 bytes=131072 pkts=131072 shard=0
step=0583825 (run 7825/8000) loss=2.73338 byte_ppl=15.385 atoms=19 merges=0 field=9.6451 rms=0.3014 scale=1.0000 fcos=nan ign=0.0000 prn=nan nxp=0.000 mph=0.000 bytes=131072 pkts=131072 shard=0
step=0583850 (run 7850/8000) loss=9.61453 byte_ppl=14980.817 atoms=47 merges=0 field=9.6269 rms=0.3008 scale=1.0000 fcos=nan ign=0.0000 prn=nan nxp=0.000 mph=0.000 bytes=131072 pkts=131072 shard=0
step=0583875 (run 7875/8000) loss=0.01970 byte_ppl=1.020 atoms=3 merges=0 field=9.6458 rms=0.3014 scale=1.0000 fcos=nan ign=0.0000 prn=nan nxp=0.000 mph=0.000 bytes=131072 pkts=131072 shard=0
step=0583900 (run 7900/8000) loss=2.11326 byte_ppl=8.275 atoms=31 merges=0 field=9.6933 rms=0.3029 scale=1.0000 fcos=nan ign=0.0000 prn=nan nxp=0.000 mph=0.000 bytes=131072 pkts=131072 shard=0
step=0583925 (run 7925/8000) loss=0.00053 byte_ppl=1.001 atoms=58 merges=0 field=9.7434 rms=0.3045 scale=1.0000 fcos=nan ign=0.0000 prn=nan nxp=0.000 mph=0.000 bytes=131072 pkts=131072 shard=0
step=0583950 (run 7950/8000) loss=0.00063 byte_ppl=1.001 atoms=16 merges=0 field=9.6995 rms=0.3031 scale=1.0000 fcos=nan ign=0.0000 prn=nan nxp=0.000 mph=0.000 bytes=131072 pkts=131072 shard=0
step=0583975 (run 7975/8000) loss=1.10256 byte_ppl=3.012 atoms=43 merges=0 field=9.7191 rms=0.3037 scale=1.0000 fcos=nan ign=0.0000 prn=nan nxp=0.000 mph=0.000 bytes=131072 pkts=131072 shard=0
step=0584000 (run 8000/8000) loss=8.38895 byte_ppl=4398.194 atoms=71 merges=0 field=9.7428 rms=0.3045 scale=1.0000 fcos=nan ign=0.0000 prn=nan nxp=0.000 mph=0.000 bytes=131072 pkts=131072 shard=0
{
  "stream": true,
  "data_path": null,
  "data_glob": "data/corpus_fr_medium*.txt",
  "shard_paths": [
    "/home/user/atom-ai/data/corpus_fr_medium.txt",
    "/home/user/atom-ai/data/corpus_fr_medium_s21.txt"
  ],
  "data_bytes": 1000453,
  "data_characters": null,
  "atomizer_version": "atomizer-v1-byte-span",
  "feature_dim": 320,
  "packet_count": null,
  "train_packet_count": null,
  "validation_packet_count": 2048,
  "mean_packet_bytes": null,
  "max_packet_bytes": null,
  "min_packet_bytes": null,
  "bytes_seen": 131072,
  "config": {
    "d_model": 32,
    "n_modes": 32,
    "n_atoms_max": 64,
    "max_span_bytes": 1,
    "episode_length": 8000,
    "episode_reset": true,
    "atom_flush_every": 64,
    "learning_rate": 5e-05,
    "surface_learning_rate": 0.00012,
    "steps": 8000,
    "start_step": 576000,
    "seed": 20260913,
    "surface_alphabet": 256,
    "field_max_rms": 3.0,
    "energy_decay_bounds": [
      0.3,
      0.95
    ],
    "stream": true,
    "chunk_bytes": 65536,
    "loop_shards": true,
    "stream_buffer": 2048,
    "stream_prefetch": true,
    "stream_skip_packets": 80000,
    "last_atom_readout": true,
    "efference_every": 10,
    "enable_merge": false,
    "payload_copy": false,
    "merge_coherence_threshold": 0.45,
    "merge_energy_floor": 0.08,
    "field_loss_weight": 0.05,
    "field_contrast_weight": 0.0,
    "field_ignorance_weight": 0.08,
    "field_ignorance_ablate_shared": false,
    "field_ignorance_prompt_bank": false,
    "field_obligatory_readout": true,
    "field_obligatory_hard": true,
    "printable_aux_weight": 0.0,
    "field_next_packet_weight": 0.0,
    "slow_every": 1
  },
  "packets_seen": 131072,
  "stream_epoch": 0,
  "train": {
    "steps": 8000,
    "efference_every": 10,
    "efference_steps": 800,
    "start_step": 576000,
    "total_steps": 584000,
    "episode_length": 8000,
    "episode_reset": true,
    "atom_flush_every": 64,
    "elapsed_seconds": 135.66681759699998,
    "transitions_per_second": 58.96799336565926,
    "first_loss": 1.6064945459365845,
    "final_loss": 8.388949394226074,
    "final_total_perplexity": 4398.194497544407,
    "finite_losses": true,
    "finite_parameters": true,
    "nan_or_inf": false,
    "field_rms_before_max": 0.30486562848091125,
    "field_rms_after_max": 0.30486562848091125,
    "field_scale_min": 1.0,
    "field_norm_max": 9.755647659301758,
    "field_limited_steps": 0,
    "field_limited_fraction": 0.0,
    "final_dynamics": {
      "coupling_scale": 1.1174124479293823,
      "energy_decay": 0.3003184199333191,
      "phase_sync": 0.2509492337703705,
      "energy_decay_before": 0.3003184199333191,
      "energy_decay_repaired": false,
      "energy_decay_bounds": [
        0.3,
        0.95
      ]
    },
    "final_atoms_before_validation": 58,
    "stream": true,
    "bytes_seen": 131072
  },
  "validation": {
    "transitions": 256,
    "loss": 1.091748796321447,
    "total_perplexity": 2.979480022866734,
    "byte_loss": 1.091748796321447,
    "byte_perplexity": 2.979480022866734,
    "source": "stream_ring"
  },
  "checkpoint": "checkpoints/byte_tick/atom_native_step_584000_d32_ms1M.pt",
  "reload": {
    "n_atoms": 0,
    "field_norm": 9.742790222167969,
    "time": 88.0003890991211,
    "finite": true
  },
  "generation": {
    "The future of AI is": {
      "temperature": 0.8,
      "top_k": 5,
      "max_length": 20,
      "bytes_hex": "506575742d202020",
      "text": "Peut-   ",
      "reload_text": "Peut-   ",
      "reload_match": true
    },
    "Bonjour, je m'appelle": {
      "temperature": 0.8,
      "top_k": 5,
      "max_length": 20,
      "bytes_hex": "5065757820202020",
      "text": "Peux    ",
      "reload_text": "Peux    ",
      "reload_match": true
    },
    "Valkyria Chronicles III is": {
      "temperature": 0.8,
      "top_k": 5,
      "max_length": 20,
      "bytes_hex": "50657572722e2e0a",
      "text": "Peurr..\n",
      "reload_text": "Peurr..\n",
      "reload_match": true
    }
  }
}
