train lock skipped (--allow-parallel-train)
stream skip: advancing 248000 packet transitions...
stream skip done: packets_seen=262144
resumed weights from checkpoints/byte_tick/atom_native_step_744000_d32_ms1M.pt (recorded step=744000, legacy_surface_migrated=False, span_head_migrated=False)
atomizer pack_mode=linguistic max_span_bytes=1
dynamics on load: energy_decay=0.3000492453575134 -> 0.3000492453575134 (repaired=False, bounds=(0.3, 0.95))
MERGE gates: enable=False coherence_thr=0.450 energy_floor=0.080
field_obligatory_hard=ON hard-v2+ (mix_floor=1.0, freeze bypass, logits=frozen+cap*(α_MLP+payload_prod))
payload_copy=False (train-time copy-bias branch)
last_atom_readout=True (byte-tick 2-gram + dentate)
efference_every=10 (0=off)
optimizer groups: field/other lr=5e-05 (13 tensors), surface lr=0.00012 (25 tensors); energy_decay_bounds=(0.3, 0.95); field_max_rms=3.0
stream mode: 2 shard(s), chunk_bytes=65536, loop_shards=True, stream_buffer=2048, stream_prefetch=True
optimizer restore skipped: surface LR param groups differ from checkpoint
step=0744001 (run 1/8000) loss=0.00017 byte_ppl=1.000 atoms=1 merges=0 field=0.0479 rms=0.0018 scale=1.0000 fcos=nan ign=0.0000 prn=nan nxp=0.000 mph=0.000 bytes=262144 pkts=262144 shard=0
step=0744025 (run 25/8000) loss=2.16745 byte_ppl=8.736 atoms=27 merges=0 field=0.7352 rms=0.0230 scale=1.0000 fcos=nan ign=0.0000 prn=nan nxp=0.000 mph=0.000 bytes=262144 pkts=262144 shard=0
step=0744050 (run 50/8000) loss=9.25884 byte_ppl=10496.906 atoms=55 merges=0 field=1.1815 rms=0.0369 scale=1.0000 fcos=nan ign=0.0000 prn=nan nxp=0.000 mph=0.000 bytes=262144 pkts=262144 shard=0
step=0744075 (run 75/8000) loss=6.40204 byte_ppl=603.075 atoms=12 merges=0 field=1.6332 rms=0.0510 scale=1.0000 fcos=nan ign=0.0000 prn=nan nxp=0.000 mph=0.000 bytes=262144 pkts=262144 shard=0
step=0744100 (run 100/8000) loss=8.35585 byte_ppl=4255.013 atoms=40 merges=0 field=1.9550 rms=0.0611 scale=1.0000 fcos=nan ign=0.0000 prn=nan nxp=0.000 mph=0.000 bytes=262144 pkts=262144 shard=0
step=0744125 (run 125/8000) loss=0.00006 byte_ppl=1.000 atoms=67 merges=0 field=2.3309 rms=0.0728 scale=1.0000 fcos=nan ign=0.0000 prn=nan nxp=0.000 mph=0.000 bytes=262144 pkts=262144 shard=0
step=0744150 (run 150/8000) loss=0.08388 byte_ppl=1.088 atoms=25 merges=0 field=2.6861 rms=0.0839 scale=1.0000 fcos=nan ign=0.0000 prn=nan nxp=0.000 mph=0.000 bytes=262144 pkts=262144 shard=0
step=0744175 (run 175/8000) loss=0.00312 byte_ppl=1.003 atoms=52 merges=0 field=2.9851 rms=0.0933 scale=1.0000 fcos=nan ign=0.0000 prn=nan nxp=0.000 mph=0.000 bytes=262144 pkts=262144 shard=0
step=0744200 (run 200/8000) loss=7.35923 byte_ppl=1570.619 atoms=9 merges=0 field=3.3721 rms=0.1054 scale=1.0000 fcos=nan ign=0.0000 prn=nan nxp=0.000 mph=0.000 bytes=262144 pkts=262144 shard=0
step=0744225 (run 225/8000) loss=0.00936 byte_ppl=1.009 atoms=36 merges=0 field=3.6370 rms=0.1137 scale=1.0000 fcos=nan ign=0.0000 prn=nan nxp=0.000 mph=0.000 bytes=262144 pkts=262144 shard=0
step=0744250 (run 250/8000) loss=0.00011 byte_ppl=1.000 atoms=64 merges=0 field=3.8973 rms=0.1218 scale=1.0000 fcos=nan ign=0.0000 prn=nan nxp=0.000 mph=0.000 bytes=262144 pkts=262144 shard=0
step=0744275 (run 275/8000) loss=0.08766 byte_ppl=1.092 atoms=21 merges=0 field=4.2136 rms=0.1317 scale=1.0000 fcos=nan ign=0.0000 prn=nan nxp=0.000 mph=0.000 bytes=262144 pkts=262144 shard=0
step=0744300 (run 300/8000) loss=0.01195 byte_ppl=1.012 atoms=49 merges=0 field=4.4255 rms=0.1383 scale=1.0000 fcos=nan ign=0.0000 prn=nan nxp=0.000 mph=0.000 bytes=262144 pkts=262144 shard=0
step=0744325 (run 325/8000) loss=0.00004 byte_ppl=1.000 atoms=5 merges=0 field=4.7258 rms=0.1477 scale=1.0000 fcos=nan ign=0.0000 prn=nan nxp=0.000 mph=0.000 bytes=262144 pkts=262144 shard=0
step=0744350 (run 350/8000) loss=3.42717 byte_ppl=30.789 atoms=33 merges=0 field=5.0503 rms=0.1578 scale=1.0000 fcos=nan ign=0.0000 prn=nan nxp=0.000 mph=0.000 bytes=262144 pkts=262144 shard=0
step=0744375 (run 375/8000) loss=0.00344 byte_ppl=1.003 atoms=60 merges=0 field=5.2746 rms=0.1648 scale=1.0000 fcos=nan ign=0.0000 prn=nan nxp=0.000 mph=0.000 bytes=262144 pkts=262144 shard=0
step=0744400 (run 400/8000) loss=0.42770 byte_ppl=1.534 atoms=18 merges=0 field=5.6004 rms=0.1750 scale=1.0000 fcos=nan ign=0.0000 prn=nan nxp=0.000 mph=0.000 bytes=262144 pkts=262144 shard=0
step=0744425 (run 425/8000) loss=0.00317 byte_ppl=1.003 atoms=45 merges=0 field=5.7835 rms=0.1807 scale=1.0000 fcos=nan ign=0.0000 prn=nan nxp=0.000 mph=0.000 bytes=262144 pkts=262144 shard=0
step=0744450 (run 450/8000) loss=4.11333 byte_ppl=61.150 atoms=3 merges=0 field=5.9882 rms=0.1871 scale=1.0000 fcos=nan ign=0.0000 prn=nan nxp=0.000 mph=0.000 bytes=262144 pkts=262144 shard=0
step=0744475 (run 475/8000) loss=0.00042 byte_ppl=1.000 atoms=30 merges=0 field=6.2274 rms=0.1946 scale=1.0000 fcos=nan ign=0.0000 prn=nan nxp=0.000 mph=0.000 bytes=262144 pkts=262144 shard=0
step=0744500 (run 500/8000) loss=8.27950 byte_ppl=3942.234 atoms=58 merges=0 field=6.3789 rms=0.1993 scale=1.0000 fcos=nan ign=0.0000 prn=nan nxp=0.000 mph=0.000 bytes=262144 pkts=262144 shard=0
step=0744525 (run 525/8000) loss=0.00113 byte_ppl=1.001 atoms=14 merges=0 field=6.6124 rms=0.2066 scale=1.0000 fcos=nan ign=0.0000 prn=nan nxp=0.000 mph=0.000 bytes=262144 pkts=262144 shard=0
step=0744550 (run 550/8000) loss=4.98660 byte_ppl=146.437 atoms=42 merges=0 field=6.8441 rms=0.2139 scale=1.0000 fcos=nan ign=0.0000 prn=nan nxp=0.000 mph=0.000 bytes=262144 pkts=262144 shard=0
step=0744575 (run 575/8000) loss=0.00645 byte_ppl=1.006 atoms=69 merges=0 field=7.0798 rms=0.2212 scale=1.0000 fcos=nan ign=0.0000 prn=nan nxp=0.000 mph=0.000 bytes=262144 pkts=262144 shard=0
step=0744600 (run 600/8000) loss=0.13337 byte_ppl=1.143 atoms=27 merges=0 field=7.3439 rms=0.2295 scale=1.0000 fcos=nan ign=0.0000 prn=nan nxp=0.000 mph=0.000 bytes=262144 pkts=262144 shard=0
step=0744625 (run 625/8000) loss=0.00011 byte_ppl=1.000 atoms=54 merges=0 field=7.5013 rms=0.2344 scale=1.0000 fcos=nan ign=0.0000 prn=nan nxp=0.000 mph=0.000 bytes=262144 pkts=262144 shard=0
step=0744650 (run 650/8000) loss=0.00276 byte_ppl=1.003 atoms=11 merges=0 field=7.5710 rms=0.2366 scale=1.0000 fcos=nan ign=0.0000 prn=nan nxp=0.000 mph=0.000 bytes=262144 pkts=262144 shard=0
step=0744675 (run 675/8000) loss=4.66702 byte_ppl=106.380 atoms=38 merges=0 field=7.7251 rms=0.2414 scale=1.0000 fcos=nan ign=0.0000 prn=nan nxp=0.000 mph=0.000 bytes=262144 pkts=262144 shard=0
step=0744700 (run 700/8000) loss=0.00463 byte_ppl=1.005 atoms=66 merges=0 field=7.9652 rms=0.2489 scale=1.0000 fcos=nan ign=0.0000 prn=nan nxp=0.000 mph=0.000 bytes=262144 pkts=262144 shard=0
step=0744725 (run 725/8000) loss=0.00146 byte_ppl=1.001 atoms=23 merges=0 field=8.0945 rms=0.2530 scale=1.0000 fcos=nan ign=0.0000 prn=nan nxp=0.000 mph=0.000 bytes=262144 pkts=262144 shard=0
step=0744750 (run 750/8000) loss=0.02975 byte_ppl=1.030 atoms=51 merges=0 field=8.2658 rms=0.2583 scale=1.0000 fcos=nan ign=0.0000 prn=nan nxp=0.000 mph=0.000 bytes=262144 pkts=262144 shard=0
step=0744775 (run 775/8000) loss=0.00187 byte_ppl=1.002 atoms=8 merges=0 field=8.4495 rms=0.2640 scale=1.0000 fcos=nan ign=0.0000 prn=nan nxp=0.000 mph=0.000 bytes=262144 pkts=262144 shard=0
step=0744800 (run 800/8000) loss=13.06940 byte_ppl=474205.937 atoms=36 merges=0 field=8.5983 rms=0.2687 scale=1.0000 fcos=nan ign=0.0000 prn=nan nxp=0.000 mph=0.000 bytes=262144 pkts=262144 shard=0
step=0744825 (run 825/8000) loss=0.00068 byte_ppl=1.001 atoms=63 merges=0 field=8.7774 rms=0.2743 scale=1.0000 fcos=nan ign=0.0000 prn=nan nxp=0.000 mph=0.000 bytes=262144 pkts=262144 shard=0
step=0744850 (run 850/8000) loss=5.80641 byte_ppl=332.422 atoms=20 merges=0 field=8.9325 rms=0.2791 scale=1.0000 fcos=nan ign=0.0000 prn=nan nxp=0.000 mph=0.000 bytes=262144 pkts=262144 shard=0
step=0744875 (run 875/8000) loss=0.00596 byte_ppl=1.006 atoms=47 merges=0 field=9.0716 rms=0.2835 scale=1.0000 fcos=nan ign=0.0000 prn=nan nxp=0.000 mph=0.000 bytes=262144 pkts=262144 shard=0
step=0744900 (run 900/8000) loss=0.28108 byte_ppl=1.325 atoms=5 merges=0 field=9.2175 rms=0.2880 scale=1.0000 fcos=nan ign=0.0000 prn=nan nxp=0.000 mph=0.000 bytes=262144 pkts=262144 shard=0
step=0744925 (run 925/8000) loss=0.02328 byte_ppl=1.024 atoms=32 merges=0 field=9.4477 rms=0.2952 scale=1.0000 fcos=nan ign=0.0000 prn=nan nxp=0.000 mph=0.000 bytes=262144 pkts=262144 shard=0
step=0744950 (run 950/8000) loss=0.10673 byte_ppl=1.113 atoms=60 merges=0 field=9.5595 rms=0.2987 scale=1.0000 fcos=nan ign=0.0000 prn=nan nxp=0.000 mph=0.000 bytes=262144 pkts=262144 shard=0
step=0744975 (run 975/8000) loss=0.00976 byte_ppl=1.010 atoms=16 merges=0 field=9.7507 rms=0.3047 scale=1.0000 fcos=nan ign=0.0000 prn=nan nxp=0.000 mph=0.000 bytes=262144 pkts=262144 shard=0
step=0745000 (run 1000/8000) loss=1.87192 byte_ppl=6.501 atoms=44 merges=0 field=9.9291 rms=0.3103 scale=1.0000 fcos=nan ign=0.0000 prn=nan nxp=0.000 mph=0.000 bytes=262144 pkts=262144 shard=0
step=0745025 (run 1025/8000) loss=1.36763 byte_ppl=3.926 atoms=1 merges=0 field=10.0646 rms=0.3145 scale=1.0000 fcos=nan ign=0.0000 prn=nan nxp=0.000 mph=0.000 bytes=262144 pkts=262144 shard=0
step=0745050 (run 1050/8000) loss=2.38219 byte_ppl=10.829 atoms=29 merges=0 field=10.1376 rms=0.3168 scale=1.0000 fcos=nan ign=0.0000 prn=nan nxp=0.000 mph=0.000 bytes=262144 pkts=262144 shard=0
step=0745075 (run 1075/8000) loss=0.00004 byte_ppl=1.000 atoms=56 merges=0 field=10.2619 rms=0.3207 scale=1.0000 fcos=nan ign=0.0000 prn=nan nxp=0.000 mph=0.000 bytes=262144 pkts=262144 shard=0
step=0745100 (run 1100/8000) loss=6.10000 byte_ppl=445.856 atoms=14 merges=0 field=10.4059 rms=0.3252 scale=1.0000 fcos=nan ign=0.0000 prn=nan nxp=0.000 mph=0.000 bytes=262144 pkts=262144 shard=0
step=0745125 (run 1125/8000) loss=0.01139 byte_ppl=1.011 atoms=41 merges=0 field=10.5559 rms=0.3299 scale=1.0000 fcos=nan ign=0.0000 prn=nan nxp=0.000 mph=0.000 bytes=262144 pkts=262144 shard=0
step=0745150 (run 1150/8000) loss=1.64195 byte_ppl=5.165 atoms=69 merges=0 field=10.6318 rms=0.3322 scale=1.0000 fcos=nan ign=0.0000 prn=nan nxp=0.000 mph=0.000 bytes=262144 pkts=262144 shard=0
step=0745175 (run 1175/8000) loss=2.34553 byte_ppl=10.439 atoms=25 merges=0 field=10.7745 rms=0.3367 scale=1.0000 fcos=nan ign=0.0000 prn=nan nxp=0.000 mph=0.000 bytes=262144 pkts=262144 shard=0
step=0745200 (run 1200/8000) loss=0.02107 byte_ppl=1.021 atoms=53 merges=0 field=10.8447 rms=0.3389 scale=1.0000 fcos=nan ign=0.0000 prn=nan nxp=0.000 mph=0.000 bytes=262144 pkts=262144 shard=0
step=0745225 (run 1225/8000) loss=0.00105 byte_ppl=1.001 atoms=10 merges=0 field=10.9429 rms=0.3420 scale=1.0000 fcos=nan ign=0.0000 prn=nan nxp=0.000 mph=0.000 bytes=262144 pkts=262144 shard=0
step=0745250 (run 1250/8000) loss=0.00234 byte_ppl=1.002 atoms=38 merges=0 field=11.1374 rms=0.3480 scale=1.0000 fcos=nan ign=0.0000 prn=nan nxp=0.000 mph=0.000 bytes=262144 pkts=262144 shard=0
step=0745275 (run 1275/8000) loss=2.33288 byte_ppl=10.308 atoms=65 merges=0 field=11.2684 rms=0.3521 scale=1.0000 fcos=nan ign=0.0000 prn=nan nxp=0.000 mph=0.000 bytes=262144 pkts=262144 shard=0
step=0745300 (run 1300/8000) loss=0.13865 byte_ppl=1.149 atoms=22 merges=0 field=11.3216 rms=0.3538 scale=1.0000 fcos=nan ign=0.0000 prn=nan nxp=0.000 mph=0.000 bytes=262144 pkts=262144 shard=0
step=0745325 (run 1325/8000) loss=0.00036 byte_ppl=1.000 atoms=49 merges=0 field=11.4478 rms=0.3577 scale=1.0000 fcos=nan ign=0.0000 prn=nan nxp=0.000 mph=0.000 bytes=262144 pkts=262144 shard=0
step=0745350 (run 1350/8000) loss=1.04231 byte_ppl=2.836 atoms=7 merges=0 field=11.5277 rms=0.3602 scale=1.0000 fcos=nan ign=0.0000 prn=nan nxp=0.000 mph=0.000 bytes=262144 pkts=262144 shard=0
step=0745375 (run 1375/8000) loss=3.27291 byte_ppl=26.388 atoms=34 merges=0 field=11.6036 rms=0.3626 scale=1.0000 fcos=nan ign=0.0000 prn=nan nxp=0.000 mph=0.000 bytes=262144 pkts=262144 shard=0
step=0745400 (run 1400/8000) loss=10.41266 byte_ppl=33278.293 atoms=62 merges=0 field=11.7232 rms=0.3664 scale=1.0000 fcos=nan ign=0.0000 prn=nan nxp=0.000 mph=0.000 bytes=262144 pkts=262144 shard=0
step=0745425 (run 1425/8000) loss=0.00131 byte_ppl=1.001 atoms=19 merges=0 field=11.8417 rms=0.3701 scale=1.0000 fcos=nan ign=0.0000 prn=nan nxp=0.000 mph=0.000 bytes=262144 pkts=262144 shard=0
step=0745450 (run 1450/8000) loss=5.53463 byte_ppl=253.315 atoms=47 merges=0 field=11.8906 rms=0.3716 scale=1.0000 fcos=nan ign=0.0000 prn=nan nxp=0.000 mph=0.000 bytes=262144 pkts=262144 shard=0
step=0745475 (run 1475/8000) loss=0.00004 byte_ppl=1.000 atoms=3 merges=0 field=11.9679 rms=0.3740 scale=1.0000 fcos=nan ign=0.0000 prn=nan nxp=0.000 mph=0.000 bytes=262144 pkts=262144 shard=0
step=0745500 (run 1500/8000) loss=2.49345 byte_ppl=12.103 atoms=31 merges=0 field=12.0252 rms=0.3758 scale=1.0000 fcos=nan ign=0.0000 prn=nan nxp=0.000 mph=0.000 bytes=262144 pkts=262144 shard=0
step=0745525 (run 1525/8000) loss=5.36091 byte_ppl=212.918 atoms=58 merges=0 field=12.1308 rms=0.3791 scale=1.0000 fcos=nan ign=0.0000 prn=nan nxp=0.000 mph=0.000 bytes=262144 pkts=262144 shard=0
step=0745550 (run 1550/8000) loss=4.26136 byte_ppl=70.906 atoms=16 merges=0 field=12.2018 rms=0.3813 scale=1.0000 fcos=nan ign=0.0000 prn=nan nxp=0.000 mph=0.000 bytes=262144 pkts=262144 shard=0
step=0745575 (run 1575/8000) loss=0.00400 byte_ppl=1.004 atoms=43 merges=0 field=12.2082 rms=0.3815 scale=1.0000 fcos=nan ign=0.0000 prn=nan nxp=0.000 mph=0.000 bytes=262144 pkts=262144 shard=0
step=0745600 (run 1600/8000) loss=3.05115 byte_ppl=21.140 atoms=71 merges=0 field=12.2157 rms=0.3817 scale=1.0000 fcos=nan ign=0.0000 prn=nan nxp=0.000 mph=0.000 bytes=262144 pkts=262144 shard=0
step=0745625 (run 1625/8000) loss=0.08363 byte_ppl=1.087 atoms=27 merges=0 field=12.3527 rms=0.3860 scale=1.0000 fcos=nan ign=0.0000 prn=nan nxp=0.000 mph=0.000 bytes=262144 pkts=262144 shard=0
step=0745650 (run 1650/8000) loss=4.70389 byte_ppl=110.376 atoms=55 merges=0 field=12.4470 rms=0.3890 scale=1.0000 fcos=nan ign=0.0000 prn=nan nxp=0.000 mph=0.000 bytes=262144 pkts=262144 shard=0
step=0745675 (run 1675/8000) loss=0.48990 byte_ppl=1.632 atoms=12 merges=0 field=12.4672 rms=0.3896 scale=1.0000 fcos=nan ign=0.0000 prn=nan nxp=0.000 mph=0.000 bytes=262144 pkts=262144 shard=0
step=0745700 (run 1700/8000) loss=3.25157 byte_ppl=25.831 atoms=40 merges=0 field=12.5818 rms=0.3932 scale=1.0000 fcos=nan ign=0.0000 prn=nan nxp=0.000 mph=0.000 bytes=262144 pkts=262144 shard=0
step=0745725 (run 1725/8000) loss=0.10057 byte_ppl=1.106 atoms=67 merges=0 field=12.6140 rms=0.3942 scale=1.0000 fcos=nan ign=0.0000 prn=nan nxp=0.000 mph=0.000 bytes=262144 pkts=262144 shard=0
step=0745750 (run 1750/8000) loss=7.71769 byte_ppl=2247.759 atoms=25 merges=0 field=12.6605 rms=0.3956 scale=1.0000 fcos=nan ign=0.0000 prn=nan nxp=0.000 mph=0.000 bytes=262144 pkts=262144 shard=0
step=0745775 (run 1775/8000) loss=0.00004 byte_ppl=1.000 atoms=52 merges=0 field=12.7385 rms=0.3981 scale=1.0000 fcos=nan ign=0.0000 prn=nan nxp=0.000 mph=0.000 bytes=262144 pkts=262144 shard=0
step=0745800 (run 1800/8000) loss=6.12714 byte_ppl=458.125 atoms=9 merges=0 field=12.8407 rms=0.4013 scale=1.0000 fcos=nan ign=0.0000 prn=nan nxp=0.000 mph=0.000 bytes=262144 pkts=262144 shard=0
step=0745825 (run 1825/8000) loss=0.06981 byte_ppl=1.072 atoms=36 merges=0 field=12.9119 rms=0.4035 scale=1.0000 fcos=nan ign=0.0000 prn=nan nxp=0.000 mph=0.000 bytes=262144 pkts=262144 shard=0
step=0745850 (run 1850/8000) loss=0.00090 byte_ppl=1.001 atoms=64 merges=0 field=12.9581 rms=0.4049 scale=1.0000 fcos=nan ign=0.0000 prn=nan nxp=0.000 mph=0.000 bytes=262144 pkts=262144 shard=0
step=0745875 (run 1875/8000) loss=0.00228 byte_ppl=1.002 atoms=21 merges=0 field=12.9782 rms=0.4056 scale=1.0000 fcos=nan ign=0.0000 prn=nan nxp=0.000 mph=0.000 bytes=262144 pkts=262144 shard=0
step=0745900 (run 1900/8000) loss=0.00005 byte_ppl=1.000 atoms=49 merges=0 field=13.0367 rms=0.4074 scale=1.0000 fcos=nan ign=0.0000 prn=nan nxp=0.000 mph=0.000 bytes=262144 pkts=262144 shard=0
step=0745925 (run 1925/8000) loss=0.00667 byte_ppl=1.007 atoms=5 merges=0 field=13.1214 rms=0.4100 scale=1.0000 fcos=nan ign=0.0000 prn=nan nxp=0.000 mph=0.000 bytes=262144 pkts=262144 shard=0
step=0745950 (run 1950/8000) loss=0.29473 byte_ppl=1.343 atoms=33 merges=0 field=13.1533 rms=0.4110 scale=1.0000 fcos=nan ign=0.0000 prn=nan nxp=0.000 mph=0.000 bytes=262144 pkts=262144 shard=0
step=0745975 (run 1975/8000) loss=0.07831 byte_ppl=1.081 atoms=60 merges=0 field=13.1733 rms=0.4117 scale=1.0000 fcos=nan ign=0.0000 prn=nan nxp=0.000 mph=0.000 bytes=262144 pkts=262144 shard=0
step=0746000 (run 2000/8000) loss=8.25761 byte_ppl=3856.870 atoms=18 merges=0 field=13.1871 rms=0.4121 scale=1.0000 fcos=nan ign=0.0000 prn=nan nxp=0.000 mph=0.000 bytes=262144 pkts=262144 shard=0
step=0746025 (run 2025/8000) loss=0.00082 byte_ppl=1.001 atoms=45 merges=0 field=13.2191 rms=0.4131 scale=1.0000 fcos=nan ign=0.0000 prn=nan nxp=0.000 mph=0.000 bytes=262144 pkts=262144 shard=0
step=0746050 (run 2050/8000) loss=10.15168 byte_ppl=25634.253 atoms=3 merges=0 field=13.2415 rms=0.4138 scale=1.0000 fcos=nan ign=0.0000 prn=nan nxp=0.000 mph=0.000 bytes=262144 pkts=262144 shard=0
step=0746075 (run 2075/8000) loss=0.03241 byte_ppl=1.033 atoms=30 merges=0 field=13.2981 rms=0.4156 scale=1.0000 fcos=nan ign=0.0000 prn=nan nxp=0.000 mph=0.000 bytes=262144 pkts=262144 shard=0
step=0746100 (run 2100/8000) loss=0.30544 byte_ppl=1.357 atoms=58 merges=0 field=13.3416 rms=0.4169 scale=1.0000 fcos=nan ign=0.0000 prn=nan nxp=0.000 mph=0.000 bytes=262144 pkts=262144 shard=0
step=0746125 (run 2125/8000) loss=0.00087 byte_ppl=1.001 atoms=14 merges=0 field=13.4603 rms=0.4206 scale=1.0000 fcos=nan ign=0.0000 prn=nan nxp=0.000 mph=0.000 bytes=262144 pkts=262144 shard=0
step=0746150 (run 2150/8000) loss=0.14497 byte_ppl=1.156 atoms=42 merges=0 field=13.5113 rms=0.4222 scale=1.0000 fcos=nan ign=0.0000 prn=nan nxp=0.000 mph=0.000 bytes=262144 pkts=262144 shard=0
step=0746175 (run 2175/8000) loss=0.01227 byte_ppl=1.012 atoms=69 merges=0 field=13.5429 rms=0.4232 scale=1.0000 fcos=nan ign=0.0000 prn=nan nxp=0.000 mph=0.000 bytes=262144 pkts=262144 shard=0
step=0746200 (run 2200/8000) loss=6.62324 byte_ppl=752.382 atoms=27 merges=0 field=13.6673 rms=0.4271 scale=1.0000 fcos=nan ign=0.0000 prn=nan nxp=0.000 mph=0.000 bytes=262144 pkts=262144 shard=0
step=0746225 (run 2225/8000) loss=0.00195 byte_ppl=1.002 atoms=54 merges=0 field=13.7406 rms=0.4294 scale=1.0000 fcos=nan ign=0.0000 prn=nan nxp=0.000 mph=0.000 bytes=262144 pkts=262144 shard=0
step=0746250 (run 2250/8000) loss=11.85370 byte_ppl=140603.307 atoms=11 merges=0 field=13.7358 rms=0.4292 scale=1.0000 fcos=nan ign=0.0000 prn=nan nxp=0.000 mph=0.000 bytes=262144 pkts=262144 shard=0
step=0746275 (run 2275/8000) loss=2.33917 byte_ppl=10.373 atoms=38 merges=0 field=13.7391 rms=0.4293 scale=1.0000 fcos=nan ign=0.0000 prn=nan nxp=0.000 mph=0.000 bytes=262144 pkts=262144 shard=0
step=0746300 (run 2300/8000) loss=5.48975 byte_ppl=242.196 atoms=66 merges=0 field=13.8139 rms=0.4317 scale=1.0000 fcos=nan ign=0.0000 prn=nan nxp=0.000 mph=0.000 bytes=262144 pkts=262144 shard=0
step=0746325 (run 2325/8000) loss=0.00008 byte_ppl=1.000 atoms=23 merges=0 field=13.8686 rms=0.4334 scale=1.0000 fcos=nan ign=0.0000 prn=nan nxp=0.000 mph=0.000 bytes=262144 pkts=262144 shard=0
step=0746350 (run 2350/8000) loss=0.00004 byte_ppl=1.000 atoms=51 merges=0 field=13.9643 rms=0.4364 scale=1.0000 fcos=nan ign=0.0000 prn=nan nxp=0.000 mph=0.000 bytes=262144 pkts=262144 shard=0
step=0746375 (run 2375/8000) loss=0.00291 byte_ppl=1.003 atoms=8 merges=0 field=13.9987 rms=0.4375 scale=1.0000 fcos=nan ign=0.0000 prn=nan nxp=0.000 mph=0.000 bytes=262144 pkts=262144 shard=0
step=0746400 (run 2400/8000) loss=0.82661 byte_ppl=2.286 atoms=36 merges=0 field=14.0206 rms=0.4381 scale=1.0000 fcos=nan ign=0.0000 prn=nan nxp=0.000 mph=0.000 bytes=262144 pkts=262144 shard=0
step=0746425 (run 2425/8000) loss=0.01901 byte_ppl=1.019 atoms=63 merges=0 field=14.1139 rms=0.4411 scale=1.0000 fcos=nan ign=0.0000 prn=nan nxp=0.000 mph=0.000 bytes=262144 pkts=262144 shard=0
step=0746450 (run 2450/8000) loss=13.48070 byte_ppl=715473.285 atoms=20 merges=0 field=14.1717 rms=0.4429 scale=1.0000 fcos=nan ign=0.0000 prn=nan nxp=0.000 mph=0.000 bytes=262144 pkts=262144 shard=0
step=0746475 (run 2475/8000) loss=0.00114 byte_ppl=1.001 atoms=47 merges=0 field=14.1976 rms=0.4437 scale=1.0000 fcos=nan ign=0.0000 prn=nan nxp=0.000 mph=0.000 bytes=262144 pkts=262144 shard=0
step=0746500 (run 2500/8000) loss=5.47260 byte_ppl=238.080 atoms=5 merges=0 field=14.1444 rms=0.4420 scale=1.0000 fcos=nan ign=0.0000 prn=nan nxp=0.000 mph=0.000 bytes=262144 pkts=262144 shard=0
step=0746525 (run 2525/8000) loss=0.00182 byte_ppl=1.002 atoms=32 merges=0 field=14.1601 rms=0.4425 scale=1.0000 fcos=nan ign=0.0000 prn=nan nxp=0.000 mph=0.000 bytes=262144 pkts=262144 shard=0
step=0746550 (run 2550/8000) loss=8.85428 byte_ppl=7004.300 atoms=60 merges=0 field=14.2244 rms=0.4445 scale=1.0000 fcos=nan ign=0.0000 prn=nan nxp=0.000 mph=0.000 bytes=262144 pkts=262144 shard=0
step=0746575 (run 2575/8000) loss=2.05705 byte_ppl=7.823 atoms=16 merges=0 field=14.2664 rms=0.4458 scale=1.0000 fcos=nan ign=0.0000 prn=nan nxp=0.000 mph=0.000 bytes=262144 pkts=262144 shard=0
step=0746600 (run 2600/8000) loss=4.37234 byte_ppl=79.229 atoms=44 merges=0 field=14.2900 rms=0.4466 scale=1.0000 fcos=nan ign=0.0000 prn=nan nxp=0.000 mph=0.000 bytes=262144 pkts=262144 shard=0
step=0746625 (run 2625/8000) loss=0.00004 byte_ppl=1.000 atoms=1 merges=0 field=14.2932 rms=0.4467 scale=1.0000 fcos=nan ign=0.0000 prn=nan nxp=0.000 mph=0.000 bytes=262144 pkts=262144 shard=0
step=0746650 (run 2650/8000) loss=0.00007 byte_ppl=1.000 atoms=29 merges=0 field=14.3279 rms=0.4477 scale=1.0000 fcos=nan ign=0.0000 prn=nan nxp=0.000 mph=0.000 bytes=262144 pkts=262144 shard=0
step=0746675 (run 2675/8000) loss=0.00633 byte_ppl=1.006 atoms=56 merges=0 field=14.3041 rms=0.4470 scale=1.0000 fcos=nan ign=0.0000 prn=nan nxp=0.000 mph=0.000 bytes=262144 pkts=262144 shard=0
step=0746700 (run 2700/8000) loss=6.92562 byte_ppl=1018.027 atoms=14 merges=0 field=14.3848 rms=0.4495 scale=1.0000 fcos=nan ign=0.0000 prn=nan nxp=0.000 mph=0.000 bytes=262144 pkts=262144 shard=0
step=0746725 (run 2725/8000) loss=1.05901 byte_ppl=2.884 atoms=41 merges=0 field=14.4540 rms=0.4517 scale=1.0000 fcos=nan ign=0.0000 prn=nan nxp=0.000 mph=0.000 bytes=262144 pkts=262144 shard=0
step=0746750 (run 2750/8000) loss=2.48278 byte_ppl=11.975 atoms=69 merges=0 field=14.4239 rms=0.4507 scale=1.0000 fcos=nan ign=0.0000 prn=nan nxp=0.000 mph=0.000 bytes=262144 pkts=262144 shard=0
step=0746775 (run 2775/8000) loss=0.00317 byte_ppl=1.003 atoms=25 merges=0 field=14.4434 rms=0.4514 scale=1.0000 fcos=nan ign=0.0000 prn=nan nxp=0.000 mph=0.000 bytes=262144 pkts=262144 shard=0
step=0746800 (run 2800/8000) loss=0.01165 byte_ppl=1.012 atoms=53 merges=0 field=14.5586 rms=0.4550 scale=1.0000 fcos=nan ign=0.0000 prn=nan nxp=0.000 mph=0.000 bytes=262144 pkts=262144 shard=0
step=0746825 (run 2825/8000) loss=0.00173 byte_ppl=1.002 atoms=10 merges=0 field=14.5913 rms=0.4560 scale=1.0000 fcos=nan ign=0.0000 prn=nan nxp=0.000 mph=0.000 bytes=262144 pkts=262144 shard=0
step=0746850 (run 2850/8000) loss=1.00356 byte_ppl=2.728 atoms=38 merges=0 field=14.5828 rms=0.4557 scale=1.0000 fcos=nan ign=0.0000 prn=nan nxp=0.000 mph=0.000 bytes=262144 pkts=262144 shard=0
step=0746875 (run 2875/8000) loss=0.00075 byte_ppl=1.001 atoms=65 merges=0 field=14.6280 rms=0.4571 scale=1.0000 fcos=nan ign=0.0000 prn=nan nxp=0.000 mph=0.000 bytes=262144 pkts=262144 shard=0
step=0746900 (run 2900/8000) loss=3.03152 byte_ppl=20.729 atoms=22 merges=0 field=14.6954 rms=0.4592 scale=1.0000 fcos=nan ign=0.0000 prn=nan nxp=0.000 mph=0.000 bytes=262144 pkts=262144 shard=0
step=0746925 (run 2925/8000) loss=0.00189 byte_ppl=1.002 atoms=49 merges=0 field=14.6821 rms=0.4588 scale=1.0000 fcos=nan ign=0.0000 prn=nan nxp=0.000 mph=0.000 bytes=262144 pkts=262144 shard=0
step=0746950 (run 2950/8000) loss=3.67129 byte_ppl=39.303 atoms=7 merges=0 field=14.7112 rms=0.4597 scale=1.0000 fcos=nan ign=0.0000 prn=nan nxp=0.000 mph=0.000 bytes=262144 pkts=262144 shard=0
step=0746975 (run 2975/8000) loss=0.01972 byte_ppl=1.020 atoms=34 merges=0 field=14.7354 rms=0.4605 scale=1.0000 fcos=nan ign=0.0000 prn=nan nxp=0.000 mph=0.000 bytes=262144 pkts=262144 shard=0
step=0747000 (run 3000/8000) loss=6.05901 byte_ppl=427.953 atoms=62 merges=0 field=14.6795 rms=0.4587 scale=1.0000 fcos=nan ign=0.0000 prn=nan nxp=0.000 mph=0.000 bytes=262144 pkts=262144 shard=0
step=0747025 (run 3025/8000) loss=0.07936 byte_ppl=1.083 atoms=19 merges=0 field=14.7303 rms=0.4603 scale=1.0000 fcos=nan ign=0.0000 prn=nan nxp=0.000 mph=0.000 bytes=262144 pkts=262144 shard=0
step=0747050 (run 3050/8000) loss=14.43643 byte_ppl=1860629.090 atoms=47 merges=0 field=14.7750 rms=0.4617 scale=1.0000 fcos=nan ign=0.0000 prn=nan nxp=0.000 mph=0.000 bytes=262144 pkts=262144 shard=0
step=0747075 (run 3075/8000) loss=4.09267 byte_ppl=59.899 atoms=3 merges=0 field=14.8279 rms=0.4634 scale=1.0000 fcos=nan ign=0.0000 prn=nan nxp=0.000 mph=0.000 bytes=262144 pkts=262144 shard=0
step=0747100 (run 3100/8000) loss=12.32611 byte_ppl=225508.198 atoms=31 merges=0 field=14.8620 rms=0.4644 scale=1.0000 fcos=nan ign=0.0000 prn=nan nxp=0.000 mph=0.000 bytes=262144 pkts=262144 shard=0
step=0747125 (run 3125/8000) loss=0.00100 byte_ppl=1.001 atoms=58 merges=0 field=14.9265 rms=0.4665 scale=1.0000 fcos=nan ign=0.0000 prn=nan nxp=0.000 mph=0.000 bytes=262144 pkts=262144 shard=0
step=0747150 (run 3150/8000) loss=7.20620 byte_ppl=1347.766 atoms=16 merges=0 field=14.9742 rms=0.4679 scale=1.0000 fcos=nan ign=0.0000 prn=nan nxp=0.000 mph=0.000 bytes=262144 pkts=262144 shard=0
step=0747175 (run 3175/8000) loss=0.00039 byte_ppl=1.000 atoms=43 merges=0 field=14.9587 rms=0.4675 scale=1.0000 fcos=nan ign=0.0000 prn=nan nxp=0.000 mph=0.000 bytes=262144 pkts=262144 shard=0
step=0747200 (run 3200/8000) loss=4.94194 byte_ppl=140.042 atoms=71 merges=0 field=14.9857 rms=0.4683 scale=1.0000 fcos=nan ign=0.0000 prn=nan nxp=0.000 mph=0.000 bytes=262144 pkts=262144 shard=0
step=0747225 (run 3225/8000) loss=0.00087 byte_ppl=1.001 atoms=27 merges=0 field=15.0443 rms=0.4701 scale=1.0000 fcos=nan ign=0.0000 prn=nan nxp=0.000 mph=0.000 bytes=262144 pkts=262144 shard=0
step=0747250 (run 3250/8000) loss=0.00009 byte_ppl=1.000 atoms=55 merges=0 field=15.0681 rms=0.4709 scale=1.0000 fcos=nan ign=0.0000 prn=nan nxp=0.000 mph=0.000 bytes=262144 pkts=262144 shard=0
step=0747275 (run 3275/8000) loss=0.21404 byte_ppl=1.239 atoms=12 merges=0 field=15.0742 rms=0.4711 scale=1.0000 fcos=nan ign=0.0000 prn=nan nxp=0.000 mph=0.000 bytes=262144 pkts=262144 shard=0
step=0747300 (run 3300/8000) loss=10.25540 byte_ppl=28435.591 atoms=40 merges=0 field=15.0883 rms=0.4715 scale=1.0000 fcos=nan ign=0.0000 prn=nan nxp=0.000 mph=0.000 bytes=262144 pkts=262144 shard=0
step=0747325 (run 3325/8000) loss=0.00127 byte_ppl=1.001 atoms=67 merges=0 field=15.0962 rms=0.4718 scale=1.0000 fcos=nan ign=0.0000 prn=nan nxp=0.000 mph=0.000 bytes=262144 pkts=262144 shard=0
step=0747350 (run 3350/8000) loss=0.02144 byte_ppl=1.022 atoms=25 merges=0 field=15.1050 rms=0.4720 scale=1.0000 fcos=nan ign=0.0000 prn=nan nxp=0.000 mph=0.000 bytes=262144 pkts=262144 shard=0
step=0747375 (run 3375/8000) loss=0.05419 byte_ppl=1.056 atoms=52 merges=0 field=15.1201 rms=0.4725 scale=1.0000 fcos=nan ign=0.0000 prn=nan nxp=0.000 mph=0.000 bytes=262144 pkts=262144 shard=0
step=0747400 (run 3400/8000) loss=4.90412 byte_ppl=134.844 atoms=9 merges=0 field=15.1504 rms=0.4735 scale=1.0000 fcos=nan ign=0.0000 prn=nan nxp=0.000 mph=0.000 bytes=262144 pkts=262144 shard=0
step=0747425 (run 3425/8000) loss=0.00074 byte_ppl=1.001 atoms=36 merges=0 field=15.2275 rms=0.4759 scale=1.0000 fcos=nan ign=0.0000 prn=nan nxp=0.000 mph=0.000 bytes=262144 pkts=262144 shard=0
step=0747450 (run 3450/8000) loss=0.00200 byte_ppl=1.002 atoms=64 merges=0 field=15.2481 rms=0.4765 scale=1.0000 fcos=nan ign=0.0000 prn=nan nxp=0.000 mph=0.000 bytes=262144 pkts=262144 shard=0
step=0747475 (run 3475/8000) loss=0.04680 byte_ppl=1.048 atoms=21 merges=0 field=15.2614 rms=0.4769 scale=1.0000 fcos=nan ign=0.0000 prn=nan nxp=0.000 mph=0.000 bytes=262144 pkts=262144 shard=0
step=0747500 (run 3500/8000) loss=16.90825 byte_ppl=22037383.268 atoms=49 merges=0 field=15.3037 rms=0.4782 scale=1.0000 fcos=nan ign=0.0000 prn=nan nxp=0.000 mph=0.000 bytes=262144 pkts=262144 shard=0
step=0747525 (run 3525/8000) loss=2.36266 byte_ppl=10.619 atoms=5 merges=0 field=15.2645 rms=0.4770 scale=1.0000 fcos=nan ign=0.0000 prn=nan nxp=0.000 mph=0.000 bytes=262144 pkts=262144 shard=0
step=0747550 (run 3550/8000) loss=12.81348 byte_ppl=367133.687 atoms=33 merges=0 field=15.3174 rms=0.4787 scale=1.0000 fcos=nan ign=0.0000 prn=nan nxp=0.000 mph=0.000 bytes=262144 pkts=262144 shard=0
step=0747575 (run 3575/8000) loss=0.00184 byte_ppl=1.002 atoms=60 merges=0 field=15.3262 rms=0.4789 scale=1.0000 fcos=nan ign=0.0000 prn=nan nxp=0.000 mph=0.000 bytes=262144 pkts=262144 shard=0
step=0747600 (run 3600/8000) loss=3.31111 byte_ppl=27.415 atoms=18 merges=0 field=15.4073 rms=0.4815 scale=1.0000 fcos=nan ign=0.0000 prn=nan nxp=0.000 mph=0.000 bytes=262144 pkts=262144 shard=0
step=0747625 (run 3625/8000) loss=0.00186 byte_ppl=1.002 atoms=45 merges=0 field=15.4471 rms=0.4827 scale=1.0000 fcos=nan ign=0.0000 prn=nan nxp=0.000 mph=0.000 bytes=262144 pkts=262144 shard=0
step=0747650 (run 3650/8000) loss=3.81949 byte_ppl=45.581 atoms=3 merges=0 field=15.3888 rms=0.4809 scale=1.0000 fcos=nan ign=0.0000 prn=nan nxp=0.000 mph=0.000 bytes=262144 pkts=262144 shard=0
step=0747675 (run 3675/8000) loss=0.00193 byte_ppl=1.002 atoms=30 merges=0 field=15.3872 rms=0.4809 scale=1.0000 fcos=nan ign=0.0000 prn=nan nxp=0.000 mph=0.000 bytes=262144 pkts=262144 shard=0
step=0747700 (run 3700/8000) loss=7.96097 byte_ppl=2866.852 atoms=58 merges=0 field=15.4032 rms=0.4814 scale=1.0000 fcos=nan ign=0.0000 prn=nan nxp=0.000 mph=0.000 bytes=262144 pkts=262144 shard=0
step=0747725 (run 3725/8000) loss=1.61081 byte_ppl=5.007 atoms=14 merges=0 field=15.3805 rms=0.4806 scale=1.0000 fcos=nan ign=0.0000 prn=nan nxp=0.000 mph=0.000 bytes=262144 pkts=262144 shard=0
step=0747750 (run 3750/8000) loss=0.00017 byte_ppl=1.000 atoms=42 merges=0 field=15.4210 rms=0.4819 scale=1.0000 fcos=nan ign=0.0000 prn=nan nxp=0.000 mph=0.000 bytes=262144 pkts=262144 shard=0
step=0747775 (run 3775/8000) loss=0.08190 byte_ppl=1.085 atoms=69 merges=0 field=15.4212 rms=0.4819 scale=1.0000 fcos=nan ign=0.0000 prn=nan nxp=0.000 mph=0.000 bytes=262144 pkts=262144 shard=0
step=0747800 (run 3800/8000) loss=1.22635 byte_ppl=3.409 atoms=27 merges=0 field=15.3994 rms=0.4812 scale=1.0000 fcos=nan ign=0.0000 prn=nan nxp=0.000 mph=0.000 bytes=262144 pkts=262144 shard=0
step=0747825 (run 3825/8000) loss=0.00302 byte_ppl=1.003 atoms=54 merges=0 field=15.3670 rms=0.4802 scale=1.0000 fcos=nan ign=0.0000 prn=nan nxp=0.000 mph=0.000 bytes=262144 pkts=262144 shard=0
step=0747850 (run 3850/8000) loss=8.25655 byte_ppl=3852.786 atoms=11 merges=0 field=15.4289 rms=0.4822 scale=1.0000 fcos=nan ign=0.0000 prn=nan nxp=0.000 mph=0.000 bytes=262144 pkts=262144 shard=0
step=0747875 (run 3875/8000) loss=0.00018 byte_ppl=1.000 atoms=38 merges=0 field=15.4101 rms=0.4816 scale=1.0000 fcos=nan ign=0.0000 prn=nan nxp=0.000 mph=0.000 bytes=262144 pkts=262144 shard=0
step=0747900 (run 3900/8000) loss=5.00392 byte_ppl=148.996 atoms=66 merges=0 field=15.3724 rms=0.4804 scale=1.0000 fcos=nan ign=0.0000 prn=nan nxp=0.000 mph=0.000 bytes=262144 pkts=262144 shard=0
step=0747925 (run 3925/8000) loss=0.07257 byte_ppl=1.075 atoms=23 merges=0 field=15.3847 rms=0.4808 scale=1.0000 fcos=nan ign=0.0000 prn=nan nxp=0.000 mph=0.000 bytes=262144 pkts=262144 shard=0
step=0747950 (run 3950/8000) loss=3.42820 byte_ppl=30.821 atoms=51 merges=0 field=15.3859 rms=0.4808 scale=1.0000 fcos=nan ign=0.0000 prn=nan nxp=0.000 mph=0.000 bytes=262144 pkts=262144 shard=0
step=0747975 (run 3975/8000) loss=0.12955 byte_ppl=1.138 atoms=8 merges=0 field=15.3713 rms=0.4804 scale=1.0000 fcos=nan ign=0.0000 prn=nan nxp=0.000 mph=0.000 bytes=262144 pkts=262144 shard=0
step=0748000 (run 4000/8000) loss=3.44297 byte_ppl=31.280 atoms=36 merges=0 field=15.3915 rms=0.4810 scale=1.0000 fcos=nan ign=0.0000 prn=nan nxp=0.000 mph=0.000 bytes=262144 pkts=262144 shard=0
step=0748025 (run 4025/8000) loss=0.04255 byte_ppl=1.043 atoms=63 merges=0 field=15.3649 rms=0.4802 scale=1.0000 fcos=nan ign=0.0000 prn=nan nxp=0.000 mph=0.000 bytes=262144 pkts=262144 shard=0
step=0748050 (run 4050/8000) loss=0.00071 byte_ppl=1.001 atoms=20 merges=0 field=15.4185 rms=0.4818 scale=1.0000 fcos=nan ign=0.0000 prn=nan nxp=0.000 mph=0.000 bytes=262144 pkts=262144 shard=0
step=0748075 (run 4075/8000) loss=0.00079 byte_ppl=1.001 atoms=47 merges=0 field=15.4347 rms=0.4823 scale=1.0000 fcos=nan ign=0.0000 prn=nan nxp=0.000 mph=0.000 bytes=262144 pkts=262144 shard=0
step=0748100 (run 4100/8000) loss=0.00314 byte_ppl=1.003 atoms=5 merges=0 field=15.3467 rms=0.4796 scale=1.0000 fcos=nan ign=0.0000 prn=nan nxp=0.000 mph=0.000 bytes=262144 pkts=262144 shard=0
step=0748125 (run 4125/8000) loss=0.30017 byte_ppl=1.350 atoms=32 merges=0 field=15.3463 rms=0.4796 scale=1.0000 fcos=nan ign=0.0000 prn=nan nxp=0.000 mph=0.000 bytes=262144 pkts=262144 shard=0
step=0748150 (run 4150/8000) loss=0.14750 byte_ppl=1.159 atoms=60 merges=0 field=15.4161 rms=0.4818 scale=1.0000 fcos=nan ign=0.0000 prn=nan nxp=0.000 mph=0.000 bytes=262144 pkts=262144 shard=0
step=0748175 (run 4175/8000) loss=0.00341 byte_ppl=1.003 atoms=16 merges=0 field=15.3591 rms=0.4800 scale=1.0000 fcos=nan ign=0.0000 prn=nan nxp=0.000 mph=0.000 bytes=262144 pkts=262144 shard=0
step=0748200 (run 4200/8000) loss=0.12203 byte_ppl=1.130 atoms=44 merges=0 field=15.3983 rms=0.4812 scale=1.0000 fcos=nan ign=0.0000 prn=nan nxp=0.000 mph=0.000 bytes=262144 pkts=262144 shard=0
step=0748225 (run 4225/8000) loss=0.03075 byte_ppl=1.031 atoms=1 merges=0 field=15.3722 rms=0.4804 scale=1.0000 fcos=nan ign=0.0000 prn=nan nxp=0.000 mph=0.000 bytes=262144 pkts=262144 shard=0
step=0748250 (run 4250/8000) loss=0.00442 byte_ppl=1.004 atoms=29 merges=0 field=15.3092 rms=0.4784 scale=1.0000 fcos=nan ign=0.0000 prn=nan nxp=0.000 mph=0.000 bytes=262144 pkts=262144 shard=0
step=0748275 (run 4275/8000) loss=0.00259 byte_ppl=1.003 atoms=56 merges=0 field=15.3008 rms=0.4782 scale=1.0000 fcos=nan ign=0.0000 prn=nan nxp=0.000 mph=0.000 bytes=262144 pkts=262144 shard=0
step=0748300 (run 4300/8000) loss=0.05663 byte_ppl=1.058 atoms=14 merges=0 field=15.3005 rms=0.4781 scale=1.0000 fcos=nan ign=0.0000 prn=nan nxp=0.000 mph=0.000 bytes=262144 pkts=262144 shard=0
step=0748325 (run 4325/8000) loss=4.74595 byte_ppl=115.117 atoms=41 merges=0 field=15.2650 rms=0.4770 scale=1.0000 fcos=nan ign=0.0000 prn=nan nxp=0.000 mph=0.000 bytes=262144 pkts=262144 shard=0
step=0748350 (run 4350/8000) loss=4.85468 byte_ppl=128.340 atoms=69 merges=0 field=15.2661 rms=0.4771 scale=1.0000 fcos=nan ign=0.0000 prn=nan nxp=0.000 mph=0.000 bytes=262144 pkts=262144 shard=0
step=0748375 (run 4375/8000) loss=5.75926 byte_ppl=317.115 atoms=25 merges=0 field=15.2462 rms=0.4764 scale=1.0000 fcos=nan ign=0.0000 prn=nan nxp=0.000 mph=0.000 bytes=262144 pkts=262144 shard=0
step=0748400 (run 4400/8000) loss=0.00159 byte_ppl=1.002 atoms=53 merges=0 field=15.2376 rms=0.4762 scale=1.0000 fcos=nan ign=0.0000 prn=nan nxp=0.000 mph=0.000 bytes=262144 pkts=262144 shard=0
step=0748425 (run 4425/8000) loss=0.15739 byte_ppl=1.170 atoms=10 merges=0 field=15.2648 rms=0.4770 scale=1.0000 fcos=nan ign=0.0000 prn=nan nxp=0.000 mph=0.000 bytes=262144 pkts=262144 shard=0
step=0748450 (run 4450/8000) loss=0.03178 byte_ppl=1.032 atoms=38 merges=0 field=15.2915 rms=0.4779 scale=1.0000 fcos=nan ign=0.0000 prn=nan nxp=0.000 mph=0.000 bytes=262144 pkts=262144 shard=0
step=0748475 (run 4475/8000) loss=0.00027 byte_ppl=1.000 atoms=65 merges=0 field=15.3101 rms=0.4784 scale=1.0000 fcos=nan ign=0.0000 prn=nan nxp=0.000 mph=0.000 bytes=262144 pkts=262144 shard=0
step=0748500 (run 4500/8000) loss=2.21610 byte_ppl=9.171 atoms=22 merges=0 field=15.2589 rms=0.4768 scale=1.0000 fcos=nan ign=0.0000 prn=nan nxp=0.000 mph=0.000 bytes=262144 pkts=262144 shard=0
step=0748525 (run 4525/8000) loss=0.03589 byte_ppl=1.037 atoms=49 merges=0 field=15.2296 rms=0.4759 scale=1.0000 fcos=nan ign=0.0000 prn=nan nxp=0.000 mph=0.000 bytes=262144 pkts=262144 shard=0
step=0748550 (run 4550/8000) loss=9.95339 byte_ppl=21023.273 atoms=7 merges=0 field=15.2415 rms=0.4763 scale=1.0000 fcos=nan ign=0.0000 prn=nan nxp=0.000 mph=0.000 bytes=262144 pkts=262144 shard=0
step=0748575 (run 4575/8000) loss=0.00011 byte_ppl=1.000 atoms=34 merges=0 field=15.2449 rms=0.4764 scale=1.0000 fcos=nan ign=0.0000 prn=nan nxp=0.000 mph=0.000 bytes=262144 pkts=262144 shard=0
step=0748600 (run 4600/8000) loss=0.03515 byte_ppl=1.036 atoms=62 merges=0 field=15.1763 rms=0.4743 scale=1.0000 fcos=nan ign=0.0000 prn=nan nxp=0.000 mph=0.000 bytes=262144 pkts=262144 shard=0
step=0748625 (run 4625/8000) loss=6.58541 byte_ppl=724.450 atoms=19 merges=0 field=15.1898 rms=0.4747 scale=1.0000 fcos=nan ign=0.0000 prn=nan nxp=0.000 mph=0.000 bytes=262144 pkts=262144 shard=0
step=0748650 (run 4650/8000) loss=1.18276 byte_ppl=3.263 atoms=47 merges=0 field=15.1390 rms=0.4731 scale=1.0000 fcos=nan ign=0.0000 prn=nan nxp=0.000 mph=0.000 bytes=262144 pkts=262144 shard=0
step=0748675 (run 4675/8000) loss=2.50673 byte_ppl=12.265 atoms=3 merges=0 field=15.1537 rms=0.4736 scale=1.0000 fcos=nan ign=0.0000 prn=nan nxp=0.000 mph=0.000 bytes=262144 pkts=262144 shard=0
step=0748700 (run 4700/8000) loss=3.85729 byte_ppl=47.337 atoms=31 merges=0 field=15.1292 rms=0.4728 scale=1.0000 fcos=nan ign=0.0000 prn=nan nxp=0.000 mph=0.000 bytes=262144 pkts=262144 shard=0
step=0748725 (run 4725/8000) loss=10.54621 byte_ppl=38032.886 atoms=58 merges=0 field=15.0950 rms=0.4717 scale=1.0000 fcos=nan ign=0.0000 prn=nan nxp=0.000 mph=0.000 bytes=262144 pkts=262144 shard=0
step=0748750 (run 4750/8000) loss=3.29051 byte_ppl=26.857 atoms=16 merges=0 field=15.0448 rms=0.4702 scale=1.0000 fcos=nan ign=0.0000 prn=nan nxp=0.000 mph=0.000 bytes=262144 pkts=262144 shard=0
step=0748775 (run 4775/8000) loss=0.02637 byte_ppl=1.027 atoms=43 merges=0 field=15.0086 rms=0.4690 scale=1.0000 fcos=nan ign=0.0000 prn=nan nxp=0.000 mph=0.000 bytes=262144 pkts=262144 shard=0
step=0748800 (run 4800/8000) loss=9.13520 byte_ppl=9276.128 atoms=71 merges=0 field=14.9761 rms=0.4680 scale=1.0000 fcos=nan ign=0.0000 prn=nan nxp=0.000 mph=0.000 bytes=262144 pkts=262144 shard=0
step=0748825 (run 4825/8000) loss=2.12268 byte_ppl=8.354 atoms=27 merges=0 field=14.9374 rms=0.4668 scale=1.0000 fcos=nan ign=0.0000 prn=nan nxp=0.000 mph=0.000 bytes=262144 pkts=262144 shard=0
step=0748850 (run 4850/8000) loss=0.06085 byte_ppl=1.063 atoms=55 merges=0 field=14.9539 rms=0.4673 scale=1.0000 fcos=nan ign=0.0000 prn=nan nxp=0.000 mph=0.000 bytes=262144 pkts=262144 shard=0
step=0748875 (run 4875/8000) loss=0.00143 byte_ppl=1.001 atoms=12 merges=0 field=14.9711 rms=0.4678 scale=1.0000 fcos=nan ign=0.0000 prn=nan nxp=0.000 mph=0.000 bytes=262144 pkts=262144 shard=0
step=0748900 (run 4900/8000) loss=5.23489 byte_ppl=187.709 atoms=40 merges=0 field=14.9619 rms=0.4676 scale=1.0000 fcos=nan ign=0.0000 prn=nan nxp=0.000 mph=0.000 bytes=262144 pkts=262144 shard=0
step=0748925 (run 4925/8000) loss=4.43089 byte_ppl=84.006 atoms=67 merges=0 field=14.9492 rms=0.4672 scale=1.0000 fcos=nan ign=0.0000 prn=nan nxp=0.000 mph=0.000 bytes=262144 pkts=262144 shard=0
step=0748950 (run 4950/8000) loss=0.00372 byte_ppl=1.004 atoms=25 merges=0 field=14.9114 rms=0.4660 scale=1.0000 fcos=nan ign=0.0000 prn=nan nxp=0.000 mph=0.000 bytes=262144 pkts=262144 shard=0
step=0748975 (run 4975/8000) loss=0.25391 byte_ppl=1.289 atoms=52 merges=0 field=14.8402 rms=0.4638 scale=1.0000 fcos=nan ign=0.0000 prn=nan nxp=0.000 mph=0.000 bytes=262144 pkts=262144 shard=0
step=0749000 (run 5000/8000) loss=0.00021 byte_ppl=1.000 atoms=9 merges=0 field=14.8293 rms=0.4634 scale=1.0000 fcos=nan ign=0.0000 prn=nan nxp=0.000 mph=0.000 bytes=262144 pkts=262144 shard=0
step=0749025 (run 5025/8000) loss=0.00161 byte_ppl=1.002 atoms=36 merges=0 field=14.8774 rms=0.4649 scale=1.0000 fcos=nan ign=0.0000 prn=nan nxp=0.000 mph=0.000 bytes=262144 pkts=262144 shard=0
step=0749050 (run 5050/8000) loss=0.00676 byte_ppl=1.007 atoms=64 merges=0 field=14.9206 rms=0.4663 scale=1.0000 fcos=nan ign=0.0000 prn=nan nxp=0.000 mph=0.000 bytes=262144 pkts=262144 shard=0
step=0749075 (run 5075/8000) loss=0.00006 byte_ppl=1.000 atoms=21 merges=0 field=15.0037 rms=0.4689 scale=1.0000 fcos=nan ign=0.0000 prn=nan nxp=0.000 mph=0.000 bytes=262144 pkts=262144 shard=0
step=0749100 (run 5100/8000) loss=0.23072 byte_ppl=1.260 atoms=49 merges=0 field=14.9568 rms=0.4674 scale=1.0000 fcos=nan ign=0.0000 prn=nan nxp=0.000 mph=0.000 bytes=262144 pkts=262144 shard=0
step=0749125 (run 5125/8000) loss=0.00109 byte_ppl=1.001 atoms=5 merges=0 field=14.9999 rms=0.4687 scale=1.0000 fcos=nan ign=0.0000 prn=nan nxp=0.000 mph=0.000 bytes=262144 pkts=262144 shard=0
step=0749150 (run 5150/8000) loss=0.00074 byte_ppl=1.001 atoms=33 merges=0 field=15.0638 rms=0.4707 scale=1.0000 fcos=nan ign=0.0000 prn=nan nxp=0.000 mph=0.000 bytes=262144 pkts=262144 shard=0
step=0749175 (run 5175/8000) loss=2.71828 byte_ppl=15.154 atoms=60 merges=0 field=14.9894 rms=0.4684 scale=1.0000 fcos=nan ign=0.0000 prn=nan nxp=0.000 mph=0.000 bytes=262144 pkts=262144 shard=0
step=0749200 (run 5200/8000) loss=6.08478 byte_ppl=439.123 atoms=18 merges=0 field=14.9530 rms=0.4673 scale=1.0000 fcos=nan ign=0.0000 prn=nan nxp=0.000 mph=0.000 bytes=262144 pkts=262144 shard=0
step=0749225 (run 5225/8000) loss=4.44546 byte_ppl=85.239 atoms=45 merges=0 field=14.9584 rms=0.4675 scale=1.0000 fcos=nan ign=0.0000 prn=nan nxp=0.000 mph=0.000 bytes=262144 pkts=262144 shard=0
step=0749250 (run 5250/8000) loss=12.14668 byte_ppl=188467.855 atoms=3 merges=0 field=14.8774 rms=0.4649 scale=1.0000 fcos=nan ign=0.0000 prn=nan nxp=0.000 mph=0.000 bytes=262144 pkts=262144 shard=0
step=0749275 (run 5275/8000) loss=3.37157 byte_ppl=29.124 atoms=30 merges=0 field=14.8959 rms=0.4655 scale=1.0000 fcos=nan ign=0.0000 prn=nan nxp=0.000 mph=0.000 bytes=262144 pkts=262144 shard=0
step=0749300 (run 5300/8000) loss=9.49288 byte_ppl=13264.980 atoms=58 merges=0 field=14.8897 rms=0.4653 scale=1.0000 fcos=nan ign=0.0000 prn=nan nxp=0.000 mph=0.000 bytes=262144 pkts=262144 shard=0
step=0749325 (run 5325/8000) loss=3.09656 byte_ppl=22.122 atoms=14 merges=0 field=14.9438 rms=0.4670 scale=1.0000 fcos=nan ign=0.0000 prn=nan nxp=0.000 mph=0.000 bytes=262144 pkts=262144 shard=0
step=0749350 (run 5350/8000) loss=19.54095 byte_ppl=306566437.936 atoms=42 merges=0 field=14.8994 rms=0.4656 scale=1.0000 fcos=nan ign=0.0000 prn=nan nxp=0.000 mph=0.000 bytes=262144 pkts=262144 shard=0
step=0749375 (run 5375/8000) loss=5.98822 byte_ppl=398.704 atoms=69 merges=0 field=14.8917 rms=0.4654 scale=1.0000 fcos=nan ign=0.0000 prn=nan nxp=0.000 mph=0.000 bytes=262144 pkts=262144 shard=0
step=0749400 (run 5400/8000) loss=0.02770 byte_ppl=1.028 atoms=27 merges=0 field=14.8899 rms=0.4653 scale=1.0000 fcos=nan ign=0.0000 prn=nan nxp=0.000 mph=0.000 bytes=262144 pkts=262144 shard=0
step=0749425 (run 5425/8000) loss=2.58395 byte_ppl=13.249 atoms=54 merges=0 field=14.8253 rms=0.4633 scale=1.0000 fcos=nan ign=0.0000 prn=nan nxp=0.000 mph=0.000 bytes=262144 pkts=262144 shard=0
step=0749450 (run 5450/8000) loss=4.97020 byte_ppl=144.056 atoms=11 merges=0 field=14.8344 rms=0.4636 scale=1.0000 fcos=nan ign=0.0000 prn=nan nxp=0.000 mph=0.000 bytes=262144 pkts=262144 shard=0
step=0749475 (run 5475/8000) loss=0.00521 byte_ppl=1.005 atoms=38 merges=0 field=14.8155 rms=0.4630 scale=1.0000 fcos=nan ign=0.0000 prn=nan nxp=0.000 mph=0.000 bytes=262144 pkts=262144 shard=0
step=0749500 (run 5500/8000) loss=7.51205 byte_ppl=1829.967 atoms=66 merges=0 field=14.8418 rms=0.4638 scale=1.0000 fcos=nan ign=0.0000 prn=nan nxp=0.000 mph=0.000 bytes=262144 pkts=262144 shard=0
step=0749525 (run 5525/8000) loss=3.36583 byte_ppl=28.958 atoms=23 merges=0 field=14.8133 rms=0.4629 scale=1.0000 fcos=nan ign=0.0000 prn=nan nxp=0.000 mph=0.000 bytes=262144 pkts=262144 shard=0
step=0749550 (run 5550/8000) loss=3.36817 byte_ppl=29.025 atoms=51 merges=0 field=14.8063 rms=0.4627 scale=1.0000 fcos=nan ign=0.0000 prn=nan nxp=0.000 mph=0.000 bytes=262144 pkts=262144 shard=0
step=0749575 (run 5575/8000) loss=0.00139 byte_ppl=1.001 atoms=8 merges=0 field=14.8354 rms=0.4636 scale=1.0000 fcos=nan ign=0.0000 prn=nan nxp=0.000 mph=0.000 bytes=262144 pkts=262144 shard=0
step=0749600 (run 5600/8000) loss=0.05991 byte_ppl=1.062 atoms=36 merges=0 field=14.8505 rms=0.4641 scale=1.0000 fcos=nan ign=0.0000 prn=nan nxp=0.000 mph=0.000 bytes=262144 pkts=262144 shard=0
step=0749625 (run 5625/8000) loss=1.92156 byte_ppl=6.832 atoms=63 merges=0 field=14.8501 rms=0.4641 scale=1.0000 fcos=nan ign=0.0000 prn=nan nxp=0.000 mph=0.000 bytes=262144 pkts=262144 shard=0
step=0749650 (run 5650/8000) loss=0.02324 byte_ppl=1.024 atoms=20 merges=0 field=14.8534 rms=0.4642 scale=1.0000 fcos=nan ign=0.0000 prn=nan nxp=0.000 mph=0.000 bytes=262144 pkts=262144 shard=0
step=0749675 (run 5675/8000) loss=0.00004 byte_ppl=1.000 atoms=47 merges=0 field=14.9127 rms=0.4660 scale=1.0000 fcos=nan ign=0.0000 prn=nan nxp=0.000 mph=0.000 bytes=262144 pkts=262144 shard=0
step=0749700 (run 5700/8000) loss=14.95860 byte_ppl=3136455.376 atoms=5 merges=0 field=14.8649 rms=0.4645 scale=1.0000 fcos=nan ign=0.0000 prn=nan nxp=0.000 mph=0.000 bytes=262144 pkts=262144 shard=0
step=0749725 (run 5725/8000) loss=0.00345 byte_ppl=1.003 atoms=32 merges=0 field=14.8836 rms=0.4651 scale=1.0000 fcos=nan ign=0.0000 prn=nan nxp=0.000 mph=0.000 bytes=262144 pkts=262144 shard=0
step=0749750 (run 5750/8000) loss=0.00224 byte_ppl=1.002 atoms=60 merges=0 field=14.8725 rms=0.4648 scale=1.0000 fcos=nan ign=0.0000 prn=nan nxp=0.000 mph=0.000 bytes=262144 pkts=262144 shard=0
step=0749775 (run 5775/8000) loss=0.00007 byte_ppl=1.000 atoms=16 merges=0 field=14.8920 rms=0.4654 scale=1.0000 fcos=nan ign=0.0000 prn=nan nxp=0.000 mph=0.000 bytes=262144 pkts=262144 shard=0
step=0749800 (run 5800/8000) loss=7.86890 byte_ppl=2614.681 atoms=44 merges=0 field=14.9577 rms=0.4674 scale=1.0000 fcos=nan ign=0.0000 prn=nan nxp=0.000 mph=0.000 bytes=262144 pkts=262144 shard=0
step=0749825 (run 5825/8000) loss=1.58898 byte_ppl=4.899 atoms=1 merges=0 field=14.9889 rms=0.4684 scale=1.0000 fcos=nan ign=0.0000 prn=nan nxp=0.000 mph=0.000 bytes=262144 pkts=262144 shard=0
step=0749850 (run 5850/8000) loss=3.97164 byte_ppl=53.071 atoms=29 merges=0 field=15.0558 rms=0.4705 scale=1.0000 fcos=nan ign=0.0000 prn=nan nxp=0.000 mph=0.000 bytes=262144 pkts=262144 shard=0
step=0749875 (run 5875/8000) loss=0.00289 byte_ppl=1.003 atoms=56 merges=0 field=15.0009 rms=0.4688 scale=1.0000 fcos=nan ign=0.0000 prn=nan nxp=0.000 mph=0.000 bytes=262144 pkts=262144 shard=0
step=0749900 (run 5900/8000) loss=2.30748 byte_ppl=10.049 atoms=14 merges=0 field=15.0085 rms=0.4690 scale=1.0000 fcos=nan ign=0.0000 prn=nan nxp=0.000 mph=0.000 bytes=262144 pkts=262144 shard=0
step=0749925 (run 5925/8000) loss=0.00042 byte_ppl=1.000 atoms=41 merges=0 field=15.0552 rms=0.4705 scale=1.0000 fcos=nan ign=0.0000 prn=nan nxp=0.000 mph=0.000 bytes=262144 pkts=262144 shard=0
step=0749950 (run 5950/8000) loss=0.20186 byte_ppl=1.224 atoms=69 merges=0 field=15.0339 rms=0.4698 scale=1.0000 fcos=nan ign=0.0000 prn=nan nxp=0.000 mph=0.000 bytes=262144 pkts=262144 shard=0
step=0749975 (run 5975/8000) loss=0.00039 byte_ppl=1.000 atoms=25 merges=0 field=15.0801 rms=0.4713 scale=1.0000 fcos=nan ign=0.0000 prn=nan nxp=0.000 mph=0.000 bytes=262144 pkts=262144 shard=0
step=0750000 (run 6000/8000) loss=16.28786 byte_ppl=11850198.166 atoms=53 merges=0 field=15.1562 rms=0.4736 scale=1.0000 fcos=nan ign=0.0000 prn=nan nxp=0.000 mph=0.000 bytes=262144 pkts=262144 shard=0
step=0750025 (run 6025/8000) loss=0.00039 byte_ppl=1.000 atoms=10 merges=0 field=15.0868 rms=0.4715 scale=1.0000 fcos=nan ign=0.0000 prn=nan nxp=0.000 mph=0.000 bytes=262144 pkts=262144 shard=0
step=0750050 (run 6050/8000) loss=7.92003 byte_ppl=2751.842 atoms=38 merges=0 field=15.0660 rms=0.4708 scale=1.0000 fcos=nan ign=0.0000 prn=nan nxp=0.000 mph=0.000 bytes=262144 pkts=262144 shard=0
step=0750075 (run 6075/8000) loss=7.18301 byte_ppl=1316.863 atoms=65 merges=0 field=15.1021 rms=0.4719 scale=1.0000 fcos=nan ign=0.0000 prn=nan nxp=0.000 mph=0.000 bytes=262144 pkts=262144 shard=0
step=0750100 (run 6100/8000) loss=5.89532 byte_ppl=363.334 atoms=22 merges=0 field=15.0860 rms=0.4714 scale=1.0000 fcos=nan ign=0.0000 prn=nan nxp=0.000 mph=0.000 bytes=262144 pkts=262144 shard=0
step=0750125 (run 6125/8000) loss=0.00194 byte_ppl=1.002 atoms=49 merges=0 field=15.0251 rms=0.4695 scale=1.0000 fcos=nan ign=0.0000 prn=nan nxp=0.000 mph=0.000 bytes=262144 pkts=262144 shard=0
step=0750150 (run 6150/8000) loss=5.62022 byte_ppl=275.950 atoms=7 merges=0 field=15.0029 rms=0.4688 scale=1.0000 fcos=nan ign=0.0000 prn=nan nxp=0.000 mph=0.000 bytes=262144 pkts=262144 shard=0
step=0750175 (run 6175/8000) loss=0.02233 byte_ppl=1.023 atoms=34 merges=0 field=14.9981 rms=0.4687 scale=1.0000 fcos=nan ign=0.0000 prn=nan nxp=0.000 mph=0.000 bytes=262144 pkts=262144 shard=0
step=0750200 (run 6200/8000) loss=0.09675 byte_ppl=1.102 atoms=62 merges=0 field=14.9912 rms=0.4685 scale=1.0000 fcos=nan ign=0.0000 prn=nan nxp=0.000 mph=0.000 bytes=262144 pkts=262144 shard=0
step=0750225 (run 6225/8000) loss=0.00009 byte_ppl=1.000 atoms=19 merges=0 field=15.0029 rms=0.4688 scale=1.0000 fcos=nan ign=0.0000 prn=nan nxp=0.000 mph=0.000 bytes=262144 pkts=262144 shard=0
step=0750250 (run 6250/8000) loss=0.05110 byte_ppl=1.052 atoms=47 merges=0 field=14.9738 rms=0.4679 scale=1.0000 fcos=nan ign=0.0000 prn=nan nxp=0.000 mph=0.000 bytes=262144 pkts=262144 shard=0
step=0750275 (run 6275/8000) loss=2.54740 byte_ppl=12.774 atoms=3 merges=0 field=14.9570 rms=0.4674 scale=1.0000 fcos=nan ign=0.0000 prn=nan nxp=0.000 mph=0.000 bytes=262144 pkts=262144 shard=0
step=0750300 (run 6300/8000) loss=7.14704 byte_ppl=1270.342 atoms=31 merges=0 field=14.9533 rms=0.4673 scale=1.0000 fcos=nan ign=0.0000 prn=nan nxp=0.000 mph=0.000 bytes=262144 pkts=262144 shard=0
step=0750325 (run 6325/8000) loss=0.01537 byte_ppl=1.015 atoms=58 merges=0 field=14.9315 rms=0.4666 scale=1.0000 fcos=nan ign=0.0000 prn=nan nxp=0.000 mph=0.000 bytes=262144 pkts=262144 shard=0
step=0750350 (run 6350/8000) loss=4.97957 byte_ppl=145.411 atoms=16 merges=0 field=14.9516 rms=0.4672 scale=1.0000 fcos=nan ign=0.0000 prn=nan nxp=0.000 mph=0.000 bytes=262144 pkts=262144 shard=0
step=0750375 (run 6375/8000) loss=0.00194 byte_ppl=1.002 atoms=43 merges=0 field=14.9562 rms=0.4674 scale=1.0000 fcos=nan ign=0.0000 prn=nan nxp=0.000 mph=0.000 bytes=262144 pkts=262144 shard=0
step=0750400 (run 6400/8000) loss=1.45565 byte_ppl=4.287 atoms=71 merges=0 field=14.9132 rms=0.4660 scale=1.0000 fcos=nan ign=0.0000 prn=nan nxp=0.000 mph=0.000 bytes=262144 pkts=262144 shard=0
step=0750425 (run 6425/8000) loss=2.27621 byte_ppl=9.740 atoms=27 merges=0 field=14.9238 rms=0.4664 scale=1.0000 fcos=nan ign=0.0000 prn=nan nxp=0.000 mph=0.000 bytes=262144 pkts=262144 shard=0
step=0750450 (run 6450/8000) loss=9.58382 byte_ppl=14527.773 atoms=55 merges=0 field=14.9099 rms=0.4659 scale=1.0000 fcos=nan ign=0.0000 prn=nan nxp=0.000 mph=0.000 bytes=262144 pkts=262144 shard=0
step=0750475 (run 6475/8000) loss=0.00222 byte_ppl=1.002 atoms=12 merges=0 field=14.9045 rms=0.4658 scale=1.0000 fcos=nan ign=0.0000 prn=nan nxp=0.000 mph=0.000 bytes=262144 pkts=262144 shard=0
step=0750500 (run 6500/8000) loss=3.68668 byte_ppl=39.912 atoms=40 merges=0 field=14.8945 rms=0.4655 scale=1.0000 fcos=nan ign=0.0000 prn=nan nxp=0.000 mph=0.000 bytes=262144 pkts=262144 shard=0
step=0750525 (run 6525/8000) loss=0.00007 byte_ppl=1.000 atoms=67 merges=0 field=14.8857 rms=0.4652 scale=1.0000 fcos=nan ign=0.0000 prn=nan nxp=0.000 mph=0.000 bytes=262144 pkts=262144 shard=0
step=0750550 (run 6550/8000) loss=10.25193 byte_ppl=28337.187 atoms=25 merges=0 field=14.8944 rms=0.4655 scale=1.0000 fcos=nan ign=0.0000 prn=nan nxp=0.000 mph=0.000 bytes=262144 pkts=262144 shard=0
step=0750575 (run 6575/8000) loss=0.00067 byte_ppl=1.001 atoms=52 merges=0 field=14.8957 rms=0.4655 scale=1.0000 fcos=nan ign=0.0000 prn=nan nxp=0.000 mph=0.000 bytes=262144 pkts=262144 shard=0
step=0750600 (run 6600/8000) loss=9.77682 byte_ppl=17620.534 atoms=9 merges=0 field=14.9771 rms=0.4680 scale=1.0000 fcos=nan ign=0.0000 prn=nan nxp=0.000 mph=0.000 bytes=262144 pkts=262144 shard=0
step=0750625 (run 6625/8000) loss=0.00408 byte_ppl=1.004 atoms=36 merges=0 field=15.0320 rms=0.4698 scale=1.0000 fcos=nan ign=0.0000 prn=nan nxp=0.000 mph=0.000 bytes=262144 pkts=262144 shard=0
step=0750650 (run 6650/8000) loss=0.00029 byte_ppl=1.000 atoms=64 merges=0 field=15.0363 rms=0.4699 scale=1.0000 fcos=nan ign=0.0000 prn=nan nxp=0.000 mph=0.000 bytes=262144 pkts=262144 shard=0
step=0750675 (run 6675/8000) loss=0.00154 byte_ppl=1.002 atoms=21 merges=0 field=15.0178 rms=0.4693 scale=1.0000 fcos=nan ign=0.0000 prn=nan nxp=0.000 mph=0.000 bytes=262144 pkts=262144 shard=0
step=0750700 (run 6700/8000) loss=12.75757 byte_ppl=347170.475 atoms=49 merges=0 field=15.0472 rms=0.4702 scale=1.0000 fcos=nan ign=0.0000 prn=nan nxp=0.000 mph=0.000 bytes=262144 pkts=262144 shard=0
step=0750725 (run 6725/8000) loss=0.00114 byte_ppl=1.001 atoms=5 merges=0 field=15.0355 rms=0.4699 scale=1.0000 fcos=nan ign=0.0000 prn=nan nxp=0.000 mph=0.000 bytes=262144 pkts=262144 shard=0
step=0750750 (run 6750/8000) loss=0.00250 byte_ppl=1.002 atoms=33 merges=0 field=15.0288 rms=0.4697 scale=1.0000 fcos=nan ign=0.0000 prn=nan nxp=0.000 mph=0.000 bytes=262144 pkts=262144 shard=0
step=0750775 (run 6775/8000) loss=0.00594 byte_ppl=1.006 atoms=60 merges=0 field=15.0545 rms=0.4705 scale=1.0000 fcos=nan ign=0.0000 prn=nan nxp=0.000 mph=0.000 bytes=262144 pkts=262144 shard=0
step=0750800 (run 6800/8000) loss=12.59928 byte_ppl=296345.791 atoms=18 merges=0 field=15.0722 rms=0.4710 scale=1.0000 fcos=nan ign=0.0000 prn=nan nxp=0.000 mph=0.000 bytes=262144 pkts=262144 shard=0
step=0750825 (run 6825/8000) loss=2.70458 byte_ppl=14.948 atoms=45 merges=0 field=15.1174 rms=0.4724 scale=1.0000 fcos=nan ign=0.0000 prn=nan nxp=0.000 mph=0.000 bytes=262144 pkts=262144 shard=0
step=0750850 (run 6850/8000) loss=0.16051 byte_ppl=1.174 atoms=3 merges=0 field=15.1293 rms=0.4728 scale=1.0000 fcos=nan ign=0.0000 prn=nan nxp=0.000 mph=0.000 bytes=262144 pkts=262144 shard=0
step=0750875 (run 6875/8000) loss=0.00014 byte_ppl=1.000 atoms=30 merges=0 field=15.1533 rms=0.4735 scale=1.0000 fcos=nan ign=0.0000 prn=nan nxp=0.000 mph=0.000 bytes=262144 pkts=262144 shard=0
step=0750900 (run 6900/8000) loss=0.11242 byte_ppl=1.119 atoms=58 merges=0 field=15.1539 rms=0.4736 scale=1.0000 fcos=nan ign=0.0000 prn=nan nxp=0.000 mph=0.000 bytes=262144 pkts=262144 shard=0
step=0750925 (run 6925/8000) loss=0.00038 byte_ppl=1.000 atoms=14 merges=0 field=15.1627 rms=0.4738 scale=1.0000 fcos=nan ign=0.0000 prn=nan nxp=0.000 mph=0.000 bytes=262144 pkts=262144 shard=0
step=0750950 (run 6950/8000) loss=0.01208 byte_ppl=1.012 atoms=42 merges=0 field=15.1819 rms=0.4744 scale=1.0000 fcos=nan ign=0.0000 prn=nan nxp=0.000 mph=0.000 bytes=262144 pkts=262144 shard=0
step=0750975 (run 6975/8000) loss=0.00352 byte_ppl=1.004 atoms=69 merges=0 field=15.1453 rms=0.4733 scale=1.0000 fcos=nan ign=0.0000 prn=nan nxp=0.000 mph=0.000 bytes=262144 pkts=262144 shard=0
step=0751000 (run 7000/8000) loss=0.00502 byte_ppl=1.005 atoms=27 merges=0 field=15.1328 rms=0.4729 scale=1.0000 fcos=nan ign=0.0000 prn=nan nxp=0.000 mph=0.000 bytes=262144 pkts=262144 shard=0
step=0751025 (run 7025/8000) loss=0.03262 byte_ppl=1.033 atoms=54 merges=0 field=15.1144 rms=0.4723 scale=1.0000 fcos=nan ign=0.0000 prn=nan nxp=0.000 mph=0.000 bytes=262144 pkts=262144 shard=0
step=0751050 (run 7050/8000) loss=6.22858 byte_ppl=507.035 atoms=11 merges=0 field=15.0636 rms=0.4707 scale=1.0000 fcos=nan ign=0.0000 prn=nan nxp=0.000 mph=0.000 bytes=262144 pkts=262144 shard=0
step=0751075 (run 7075/8000) loss=0.00053 byte_ppl=1.001 atoms=38 merges=0 field=15.0781 rms=0.4712 scale=1.0000 fcos=nan ign=0.0000 prn=nan nxp=0.000 mph=0.000 bytes=262144 pkts=262144 shard=0
step=0751100 (run 7100/8000) loss=0.00066 byte_ppl=1.001 atoms=66 merges=0 field=15.0719 rms=0.4710 scale=1.0000 fcos=nan ign=0.0000 prn=nan nxp=0.000 mph=0.000 bytes=262144 pkts=262144 shard=0
step=0751125 (run 7125/8000) loss=0.01402 byte_ppl=1.014 atoms=23 merges=0 field=15.1158 rms=0.4724 scale=1.0000 fcos=nan ign=0.0000 prn=nan nxp=0.000 mph=0.000 bytes=262144 pkts=262144 shard=0
step=0751150 (run 7150/8000) loss=8.66868 byte_ppl=5817.799 atoms=51 merges=0 field=15.0734 rms=0.4710 scale=1.0000 fcos=nan ign=0.0000 prn=nan nxp=0.000 mph=0.000 bytes=262144 pkts=262144 shard=0
step=0751175 (run 7175/8000) loss=1.60506 byte_ppl=4.978 atoms=8 merges=0 field=15.1087 rms=0.4721 scale=1.0000 fcos=nan ign=0.0000 prn=nan nxp=0.000 mph=0.000 bytes=262144 pkts=262144 shard=0
step=0751200 (run 7200/8000) loss=0.07052 byte_ppl=1.073 atoms=36 merges=0 field=15.1526 rms=0.4735 scale=1.0000 fcos=nan ign=0.0000 prn=nan nxp=0.000 mph=0.000 bytes=262144 pkts=262144 shard=0
step=0751225 (run 7225/8000) loss=0.00037 byte_ppl=1.000 atoms=63 merges=0 field=15.1005 rms=0.4719 scale=1.0000 fcos=nan ign=0.0000 prn=nan nxp=0.000 mph=0.000 bytes=262144 pkts=262144 shard=0
step=0751250 (run 7250/8000) loss=3.35583 byte_ppl=28.669 atoms=20 merges=0 field=15.0806 rms=0.4713 scale=1.0000 fcos=nan ign=0.0000 prn=nan nxp=0.000 mph=0.000 bytes=262144 pkts=262144 shard=0
step=0751275 (run 7275/8000) loss=0.01142 byte_ppl=1.011 atoms=47 merges=0 field=15.0778 rms=0.4712 scale=1.0000 fcos=nan ign=0.0000 prn=nan nxp=0.000 mph=0.000 bytes=262144 pkts=262144 shard=0
step=0751300 (run 7300/8000) loss=1.22447 byte_ppl=3.402 atoms=5 merges=0 field=15.0148 rms=0.4692 scale=1.0000 fcos=nan ign=0.0000 prn=nan nxp=0.000 mph=0.000 bytes=262144 pkts=262144 shard=0
step=0751325 (run 7325/8000) loss=0.00069 byte_ppl=1.001 atoms=32 merges=0 field=15.0396 rms=0.4700 scale=1.0000 fcos=nan ign=0.0000 prn=nan nxp=0.000 mph=0.000 bytes=262144 pkts=262144 shard=0
step=0751350 (run 7350/8000) loss=8.28226 byte_ppl=3953.111 atoms=60 merges=0 field=15.0357 rms=0.4699 scale=1.0000 fcos=nan ign=0.0000 prn=nan nxp=0.000 mph=0.000 bytes=262144 pkts=262144 shard=0
step=0751375 (run 7375/8000) loss=0.00043 byte_ppl=1.000 atoms=16 merges=0 field=15.0872 rms=0.4715 scale=1.0000 fcos=nan ign=0.0000 prn=nan nxp=0.000 mph=0.000 bytes=262144 pkts=262144 shard=0
step=0751400 (run 7400/8000) loss=0.67899 byte_ppl=1.972 atoms=44 merges=0 field=15.0659 rms=0.4708 scale=1.0000 fcos=nan ign=0.0000 prn=nan nxp=0.000 mph=0.000 bytes=262144 pkts=262144 shard=0
step=0751425 (run 7425/8000) loss=5.66087 byte_ppl=287.400 atoms=1 merges=0 field=15.0730 rms=0.4710 scale=1.0000 fcos=nan ign=0.0000 prn=nan nxp=0.000 mph=0.000 bytes=262144 pkts=262144 shard=0
step=0751450 (run 7450/8000) loss=0.07184 byte_ppl=1.074 atoms=29 merges=0 field=15.1101 rms=0.4722 scale=1.0000 fcos=nan ign=0.0000 prn=nan nxp=0.000 mph=0.000 bytes=262144 pkts=262144 shard=0
step=0751475 (run 7475/8000) loss=0.43865 byte_ppl=1.551 atoms=56 merges=0 field=15.0821 rms=0.4713 scale=1.0000 fcos=nan ign=0.0000 prn=nan nxp=0.000 mph=0.000 bytes=262144 pkts=262144 shard=0
step=0751500 (run 7500/8000) loss=3.76664 byte_ppl=43.234 atoms=14 merges=0 field=15.0478 rms=0.4702 scale=1.0000 fcos=nan ign=0.0000 prn=nan nxp=0.000 mph=0.000 bytes=262144 pkts=262144 shard=0
step=0751525 (run 7525/8000) loss=1.86027 byte_ppl=6.425 atoms=41 merges=0 field=15.0117 rms=0.4691 scale=1.0000 fcos=nan ign=0.0000 prn=nan nxp=0.000 mph=0.000 bytes=262144 pkts=262144 shard=0
step=0751550 (run 7550/8000) loss=0.06635 byte_ppl=1.069 atoms=69 merges=0 field=15.0876 rms=0.4715 scale=1.0000 fcos=nan ign=0.0000 prn=nan nxp=0.000 mph=0.000 bytes=262144 pkts=262144 shard=0
step=0751575 (run 7575/8000) loss=0.00235 byte_ppl=1.002 atoms=25 merges=0 field=15.0723 rms=0.4710 scale=1.0000 fcos=nan ign=0.0000 prn=nan nxp=0.000 mph=0.000 bytes=262144 pkts=262144 shard=0
step=0751600 (run 7600/8000) loss=0.09710 byte_ppl=1.102 atoms=53 merges=0 field=15.1027 rms=0.4720 scale=1.0000 fcos=nan ign=0.0000 prn=nan nxp=0.000 mph=0.000 bytes=262144 pkts=262144 shard=0
step=0751625 (run 7625/8000) loss=0.00056 byte_ppl=1.001 atoms=10 merges=0 field=15.1893 rms=0.4747 scale=1.0000 fcos=nan ign=0.0000 prn=nan nxp=0.000 mph=0.000 bytes=262144 pkts=262144 shard=0
step=0751650 (run 7650/8000) loss=1.27376 byte_ppl=3.574 atoms=38 merges=0 field=15.2374 rms=0.4762 scale=1.0000 fcos=nan ign=0.0000 prn=nan nxp=0.000 mph=0.000 bytes=262144 pkts=262144 shard=0
step=0751675 (run 7675/8000) loss=0.02955 byte_ppl=1.030 atoms=65 merges=0 field=15.1877 rms=0.4746 scale=1.0000 fcos=nan ign=0.0000 prn=nan nxp=0.000 mph=0.000 bytes=262144 pkts=262144 shard=0
step=0751700 (run 7700/8000) loss=0.00432 byte_ppl=1.004 atoms=22 merges=0 field=15.2487 rms=0.4765 scale=1.0000 fcos=nan ign=0.0000 prn=nan nxp=0.000 mph=0.000 bytes=262144 pkts=262144 shard=0
step=0751725 (run 7725/8000) loss=0.00724 byte_ppl=1.007 atoms=49 merges=0 field=15.1905 rms=0.4747 scale=1.0000 fcos=nan ign=0.0000 prn=nan nxp=0.000 mph=0.000 bytes=262144 pkts=262144 shard=0
step=0751750 (run 7750/8000) loss=6.47216 byte_ppl=646.880 atoms=7 merges=0 field=15.1586 rms=0.4737 scale=1.0000 fcos=nan ign=0.0000 prn=nan nxp=0.000 mph=0.000 bytes=262144 pkts=262144 shard=0
step=0751775 (run 7775/8000) loss=0.00174 byte_ppl=1.002 atoms=34 merges=0 field=15.1931 rms=0.4748 scale=1.0000 fcos=nan ign=0.0000 prn=nan nxp=0.000 mph=0.000 bytes=262144 pkts=262144 shard=0
step=0751800 (run 7800/8000) loss=2.49020 byte_ppl=12.064 atoms=62 merges=0 field=15.1961 rms=0.4749 scale=1.0000 fcos=nan ign=0.0000 prn=nan nxp=0.000 mph=0.000 bytes=262144 pkts=262144 shard=0
step=0751825 (run 7825/8000) loss=0.00123 byte_ppl=1.001 atoms=19 merges=0 field=15.2040 rms=0.4751 scale=1.0000 fcos=nan ign=0.0000 prn=nan nxp=0.000 mph=0.000 bytes=262144 pkts=262144 shard=0
step=0751850 (run 7850/8000) loss=0.05198 byte_ppl=1.053 atoms=47 merges=0 field=15.1707 rms=0.4741 scale=1.0000 fcos=nan ign=0.0000 prn=nan nxp=0.000 mph=0.000 bytes=262144 pkts=262144 shard=0
step=0751875 (run 7875/8000) loss=0.03941 byte_ppl=1.040 atoms=3 merges=0 field=15.2309 rms=0.4760 scale=1.0000 fcos=nan ign=0.0000 prn=nan nxp=0.000 mph=0.000 bytes=262144 pkts=262144 shard=0
step=0751900 (run 7900/8000) loss=3.72488 byte_ppl=41.466 atoms=31 merges=0 field=15.2435 rms=0.4764 scale=1.0000 fcos=nan ign=0.0000 prn=nan nxp=0.000 mph=0.000 bytes=262144 pkts=262144 shard=0
step=0751925 (run 7925/8000) loss=0.00402 byte_ppl=1.004 atoms=58 merges=0 field=15.2312 rms=0.4760 scale=1.0000 fcos=nan ign=0.0000 prn=nan nxp=0.000 mph=0.000 bytes=262144 pkts=262144 shard=0
step=0751950 (run 7950/8000) loss=7.16835 byte_ppl=1297.708 atoms=16 merges=0 field=15.1896 rms=0.4747 scale=1.0000 fcos=nan ign=0.0000 prn=nan nxp=0.000 mph=0.000 bytes=262144 pkts=262144 shard=0
step=0751975 (run 7975/8000) loss=3.30810 byte_ppl=27.333 atoms=43 merges=0 field=15.1409 rms=0.4732 scale=1.0000 fcos=nan ign=0.0000 prn=nan nxp=0.000 mph=0.000 bytes=262144 pkts=262144 shard=0
step=0752000 (run 8000/8000) loss=0.28143 byte_ppl=1.325 atoms=71 merges=0 field=15.0929 rms=0.4717 scale=1.0000 fcos=nan ign=0.0000 prn=nan nxp=0.000 mph=0.000 bytes=262144 pkts=262144 shard=0
{
  "stream": true,
  "data_path": null,
  "data_glob": "data/corpus_fr_medium*.txt",
  "shard_paths": [
    "/workspace/exports/atom-ai/data/corpus_fr_medium.txt",
    "/workspace/exports/atom-ai/data/corpus_fr_medium_s21.txt"
  ],
  "data_bytes": 1000453,
  "data_characters": null,
  "atomizer_version": "atomizer-v1-byte-span",
  "feature_dim": 320,
  "packet_count": null,
  "train_packet_count": null,
  "validation_packet_count": 2048,
  "mean_packet_bytes": null,
  "max_packet_bytes": null,
  "min_packet_bytes": null,
  "bytes_seen": 262144,
  "config": {
    "d_model": 32,
    "n_modes": 32,
    "n_atoms_max": 64,
    "max_span_bytes": 1,
    "episode_length": 8000,
    "episode_reset": true,
    "atom_flush_every": 64,
    "learning_rate": 5e-05,
    "surface_learning_rate": 0.00012,
    "steps": 8000,
    "start_step": 744000,
    "seed": 20260913,
    "surface_alphabet": 256,
    "field_max_rms": 3.0,
    "energy_decay_bounds": [
      0.3,
      0.95
    ],
    "stream": true,
    "chunk_bytes": 65536,
    "loop_shards": true,
    "stream_buffer": 2048,
    "stream_prefetch": true,
    "stream_skip_packets": 248000,
    "last_atom_readout": true,
    "efference_every": 10,
    "enable_merge": false,
    "payload_copy": false,
    "merge_coherence_threshold": 0.45,
    "merge_energy_floor": 0.08,
    "field_loss_weight": 0.05,
    "field_contrast_weight": 0.0,
    "field_ignorance_weight": 0.08,
    "field_ignorance_ablate_shared": false,
    "field_ignorance_prompt_bank": false,
    "field_obligatory_readout": true,
    "field_obligatory_hard": true,
    "printable_aux_weight": 0.0,
    "field_next_packet_weight": 0.0,
    "slow_every": 1
  },
  "packets_seen": 262144,
  "stream_epoch": 0,
  "train": {
    "steps": 8000,
    "efference_every": 10,
    "efference_steps": 800,
    "start_step": 744000,
    "total_steps": 752000,
    "episode_length": 8000,
    "episode_reset": true,
    "atom_flush_every": 64,
    "elapsed_seconds": 611.0363605510211,
    "transitions_per_second": 13.092510554995043,
    "first_loss": 0.00016842853801790625,
    "final_loss": 0.28143221139907837,
    "final_total_perplexity": 1.3250261716066525,
    "finite_losses": true,
    "finite_parameters": true,
    "nan_or_inf": false,
    "field_rms_before_max": 0.4837122857570648,
    "field_rms_after_max": 0.4837122857570648,
    "field_scale_min": 1.0,
    "field_norm_max": 15.478759765625,
    "field_limited_steps": 0,
    "field_limited_fraction": 0.0,
    "final_dynamics": {
      "coupling_scale": 1.1981208324432373,
      "energy_decay": 0.30000001192092896,
      "phase_sync": 0.20751474797725677,
      "energy_decay_before": 0.2999817132949829,
      "energy_decay_repaired": true,
      "energy_decay_bounds": [
        0.3,
        0.95
      ]
    },
    "final_atoms_before_validation": 58,
    "stream": true,
    "bytes_seen": 262144
  },
  "validation": {
    "transitions": 256,
    "loss": 0.8659132217618577,
    "total_perplexity": 2.377175983867555,
    "byte_loss": 0.8659132217618577,
    "byte_perplexity": 2.377175983867555,
    "source": "stream_ring"
  },
  "checkpoint": "checkpoints/byte_tick/atom_native_step_752000_d32_ms1M.pt",
  "reload": {
    "n_atoms": 0,
    "field_norm": 15.09285831451416,
    "time": 88.0003890991211,
    "finite": true
  },
  "generation": {
    "The future of AI is": {
      "temperature": 0.8,
      "top_k": 5,
      "max_length": 20,
      "bytes_hex": "4a65202020202020",
      "text": "Je      ",
      "reload_text": "Je      ",
      "reload_match": true
    },
    "Bonjour, je m'appelle": {
      "temperature": 0.8,
      "top_k": 5,
      "max_length": 20,
      "bytes_hex": "4a65202020202020",
      "text": "Je      ",
      "reload_text": "Je      ",
      "reload_match": true
    },
    "Valkyria Chronicles III is": {
      "temperature": 0.8,
      "top_k": 5,
      "max_length": 20,
      "bytes_hex": "426f6e6e65202020",
      "text": "Bonne   ",
      "reload_text": "Bonne   ",
      "reload_match": true
    }
  }
}
