train lock acquired: /home/user/atom-ai/checkpoints/atom-ai-train.lock (pid=1485)
stream skip: advancing 96000 packet transitions...
stream skip done: packets_seen=131072
resumed weights from checkpoints/byte_tick/atom_native_step_592000_d32_ms1M.pt (recorded step=592000, legacy_surface_migrated=False, span_head_migrated=False)
atomizer pack_mode=linguistic max_span_bytes=1
dynamics on load: energy_decay=0.3006989657878876 -> 0.3006989657878876 (repaired=False, bounds=(0.3, 0.95))
MERGE gates: enable=False coherence_thr=0.450 energy_floor=0.080
field_obligatory_hard=ON hard-v2+ (mix_floor=1.0, freeze bypass, logits=frozen+cap*(α_MLP+payload_prod))
payload_copy=False (train-time copy-bias branch)
last_atom_readout=True (byte-tick 2-gram + dentate)
efference_every=10 (0=off)
optimizer groups: field/other lr=5e-05 (13 tensors), surface lr=0.00012 (25 tensors); energy_decay_bounds=(0.3, 0.95); field_max_rms=3.0
stream mode: 2 shard(s), chunk_bytes=65536, loop_shards=True, stream_buffer=2048, stream_prefetch=True
optimizer restore skipped: surface LR param groups differ from checkpoint
step=0592001 (run 1/8000) loss=5.77666 byte_ppl=322.681 atoms=1 merges=0 field=0.0470 rms=0.0018 scale=1.0000 fcos=nan ign=0.0000 prn=nan nxp=0.000 mph=0.000 bytes=131072 pkts=131072 shard=0
step=0592025 (run 25/8000) loss=0.00203 byte_ppl=1.002 atoms=27 merges=0 field=0.6571 rms=0.0206 scale=1.0000 fcos=nan ign=0.0000 prn=nan nxp=0.000 mph=0.000 bytes=131072 pkts=131072 shard=0
step=0592050 (run 50/8000) loss=0.38775 byte_ppl=1.474 atoms=55 merges=0 field=1.0465 rms=0.0327 scale=1.0000 fcos=nan ign=0.0000 prn=nan nxp=0.000 mph=0.000 bytes=131072 pkts=131072 shard=0
step=0592075 (run 75/8000) loss=0.00075 byte_ppl=1.001 atoms=12 merges=0 field=1.4560 rms=0.0455 scale=1.0000 fcos=nan ign=0.0000 prn=nan nxp=0.000 mph=0.000 bytes=131072 pkts=131072 shard=0
step=0592100 (run 100/8000) loss=4.38361 byte_ppl=80.126 atoms=40 merges=0 field=1.8298 rms=0.0572 scale=1.0000 fcos=nan ign=0.0000 prn=nan nxp=0.000 mph=0.000 bytes=131072 pkts=131072 shard=0
step=0592125 (run 125/8000) loss=0.00067 byte_ppl=1.001 atoms=67 merges=0 field=2.0486 rms=0.0640 scale=1.0000 fcos=nan ign=0.0000 prn=nan nxp=0.000 mph=0.000 bytes=131072 pkts=131072 shard=0
step=0592150 (run 150/8000) loss=12.78419 byte_ppl=356534.187 atoms=25 merges=0 field=2.3536 rms=0.0736 scale=1.0000 fcos=nan ign=0.0000 prn=nan nxp=0.000 mph=0.000 bytes=131072 pkts=131072 shard=0
step=0592175 (run 175/8000) loss=2.09283 byte_ppl=8.108 atoms=52 merges=0 field=2.6010 rms=0.0813 scale=1.0000 fcos=nan ign=0.0000 prn=nan nxp=0.000 mph=0.000 bytes=131072 pkts=131072 shard=0
step=0592200 (run 200/8000) loss=0.00394 byte_ppl=1.004 atoms=9 merges=0 field=2.7939 rms=0.0873 scale=1.0000 fcos=nan ign=0.0000 prn=nan nxp=0.000 mph=0.000 bytes=131072 pkts=131072 shard=0
step=0592225 (run 225/8000) loss=0.00137 byte_ppl=1.001 atoms=36 merges=0 field=2.9916 rms=0.0935 scale=1.0000 fcos=nan ign=0.0000 prn=nan nxp=0.000 mph=0.000 bytes=131072 pkts=131072 shard=0
step=0592250 (run 250/8000) loss=5.28837 byte_ppl=198.021 atoms=64 merges=0 field=3.2123 rms=0.1004 scale=1.0000 fcos=nan ign=0.0000 prn=nan nxp=0.000 mph=0.000 bytes=131072 pkts=131072 shard=0
step=0592275 (run 275/8000) loss=0.00119 byte_ppl=1.001 atoms=21 merges=0 field=3.3723 rms=0.1054 scale=1.0000 fcos=nan ign=0.0000 prn=nan nxp=0.000 mph=0.000 bytes=131072 pkts=131072 shard=0
step=0592300 (run 300/8000) loss=5.48124 byte_ppl=240.143 atoms=49 merges=0 field=3.5537 rms=0.1111 scale=1.0000 fcos=nan ign=0.0000 prn=nan nxp=0.000 mph=0.000 bytes=131072 pkts=131072 shard=0
step=0592325 (run 325/8000) loss=0.42169 byte_ppl=1.525 atoms=5 merges=0 field=3.7169 rms=0.1162 scale=1.0000 fcos=nan ign=0.0000 prn=nan nxp=0.000 mph=0.000 bytes=131072 pkts=131072 shard=0
step=0592350 (run 350/8000) loss=8.86067 byte_ppl=7049.218 atoms=33 merges=0 field=3.8926 rms=0.1216 scale=1.0000 fcos=nan ign=0.0000 prn=nan nxp=0.000 mph=0.000 bytes=131072 pkts=131072 shard=0
step=0592375 (run 375/8000) loss=7.18077 byte_ppl=1313.917 atoms=60 merges=0 field=4.1042 rms=0.1283 scale=1.0000 fcos=nan ign=0.0000 prn=nan nxp=0.000 mph=0.000 bytes=131072 pkts=131072 shard=0
step=0592400 (run 400/8000) loss=5.85531 byte_ppl=349.084 atoms=18 merges=0 field=4.2893 rms=0.1340 scale=1.0000 fcos=nan ign=0.0000 prn=nan nxp=0.000 mph=0.000 bytes=131072 pkts=131072 shard=0
step=0592425 (run 425/8000) loss=1.81810 byte_ppl=6.160 atoms=45 merges=0 field=4.4276 rms=0.1384 scale=1.0000 fcos=nan ign=0.0000 prn=nan nxp=0.000 mph=0.000 bytes=131072 pkts=131072 shard=0
step=0592450 (run 450/8000) loss=0.00002 byte_ppl=1.000 atoms=3 merges=0 field=4.5982 rms=0.1437 scale=1.0000 fcos=nan ign=0.0000 prn=nan nxp=0.000 mph=0.000 bytes=131072 pkts=131072 shard=0
step=0592475 (run 475/8000) loss=0.00217 byte_ppl=1.002 atoms=30 merges=0 field=4.7581 rms=0.1487 scale=1.0000 fcos=nan ign=0.0000 prn=nan nxp=0.000 mph=0.000 bytes=131072 pkts=131072 shard=0
step=0592500 (run 500/8000) loss=0.03330 byte_ppl=1.034 atoms=58 merges=0 field=4.9386 rms=0.1543 scale=1.0000 fcos=nan ign=0.0000 prn=nan nxp=0.000 mph=0.000 bytes=131072 pkts=131072 shard=0
step=0592525 (run 525/8000) loss=0.00357 byte_ppl=1.004 atoms=14 merges=0 field=5.0793 rms=0.1587 scale=1.0000 fcos=nan ign=0.0000 prn=nan nxp=0.000 mph=0.000 bytes=131072 pkts=131072 shard=0
step=0592550 (run 550/8000) loss=0.24515 byte_ppl=1.278 atoms=42 merges=0 field=5.2387 rms=0.1637 scale=1.0000 fcos=nan ign=0.0000 prn=nan nxp=0.000 mph=0.000 bytes=131072 pkts=131072 shard=0
step=0592575 (run 575/8000) loss=1.91176 byte_ppl=6.765 atoms=69 merges=0 field=5.3581 rms=0.1674 scale=1.0000 fcos=nan ign=0.0000 prn=nan nxp=0.000 mph=0.000 bytes=131072 pkts=131072 shard=0
step=0592600 (run 600/8000) loss=0.26381 byte_ppl=1.302 atoms=27 merges=0 field=5.4998 rms=0.1719 scale=1.0000 fcos=nan ign=0.0000 prn=nan nxp=0.000 mph=0.000 bytes=131072 pkts=131072 shard=0
step=0592625 (run 625/8000) loss=0.00183 byte_ppl=1.002 atoms=54 merges=0 field=5.6187 rms=0.1756 scale=1.0000 fcos=nan ign=0.0000 prn=nan nxp=0.000 mph=0.000 bytes=131072 pkts=131072 shard=0
step=0592650 (run 650/8000) loss=3.27831 byte_ppl=26.531 atoms=11 merges=0 field=5.7694 rms=0.1803 scale=1.0000 fcos=nan ign=0.0000 prn=nan nxp=0.000 mph=0.000 bytes=131072 pkts=131072 shard=0
step=0592675 (run 675/8000) loss=0.01041 byte_ppl=1.010 atoms=38 merges=0 field=5.9289 rms=0.1853 scale=1.0000 fcos=nan ign=0.0000 prn=nan nxp=0.000 mph=0.000 bytes=131072 pkts=131072 shard=0
step=0592700 (run 700/8000) loss=3.88648 byte_ppl=48.739 atoms=66 merges=0 field=6.0900 rms=0.1903 scale=1.0000 fcos=nan ign=0.0000 prn=nan nxp=0.000 mph=0.000 bytes=131072 pkts=131072 shard=0
step=0592725 (run 725/8000) loss=0.04206 byte_ppl=1.043 atoms=23 merges=0 field=6.1850 rms=0.1933 scale=1.0000 fcos=nan ign=0.0000 prn=nan nxp=0.000 mph=0.000 bytes=131072 pkts=131072 shard=0
step=0592750 (run 750/8000) loss=0.05700 byte_ppl=1.059 atoms=51 merges=0 field=6.2892 rms=0.1965 scale=1.0000 fcos=nan ign=0.0000 prn=nan nxp=0.000 mph=0.000 bytes=131072 pkts=131072 shard=0
step=0592775 (run 775/8000) loss=1.92448 byte_ppl=6.852 atoms=8 merges=0 field=6.3743 rms=0.1992 scale=1.0000 fcos=nan ign=0.0000 prn=nan nxp=0.000 mph=0.000 bytes=131072 pkts=131072 shard=0
step=0592800 (run 800/8000) loss=0.09125 byte_ppl=1.096 atoms=36 merges=0 field=6.4557 rms=0.2017 scale=1.0000 fcos=nan ign=0.0000 prn=nan nxp=0.000 mph=0.000 bytes=131072 pkts=131072 shard=0
step=0592825 (run 825/8000) loss=0.00042 byte_ppl=1.000 atoms=63 merges=0 field=6.5563 rms=0.2049 scale=1.0000 fcos=nan ign=0.0000 prn=nan nxp=0.000 mph=0.000 bytes=131072 pkts=131072 shard=0
step=0592850 (run 850/8000) loss=0.03742 byte_ppl=1.038 atoms=20 merges=0 field=6.7163 rms=0.2099 scale=1.0000 fcos=nan ign=0.0000 prn=nan nxp=0.000 mph=0.000 bytes=131072 pkts=131072 shard=0
step=0592875 (run 875/8000) loss=1.47024 byte_ppl=4.350 atoms=47 merges=0 field=6.7997 rms=0.2125 scale=1.0000 fcos=nan ign=0.0000 prn=nan nxp=0.000 mph=0.000 bytes=131072 pkts=131072 shard=0
step=0592900 (run 900/8000) loss=5.08592 byte_ppl=161.728 atoms=5 merges=0 field=6.9271 rms=0.2165 scale=1.0000 fcos=nan ign=0.0000 prn=nan nxp=0.000 mph=0.000 bytes=131072 pkts=131072 shard=0
step=0592925 (run 925/8000) loss=0.06869 byte_ppl=1.071 atoms=32 merges=0 field=7.0048 rms=0.2189 scale=1.0000 fcos=nan ign=0.0000 prn=nan nxp=0.000 mph=0.000 bytes=131072 pkts=131072 shard=0
step=0592950 (run 950/8000) loss=5.46166 byte_ppl=235.488 atoms=60 merges=0 field=7.0616 rms=0.2207 scale=1.0000 fcos=nan ign=0.0000 prn=nan nxp=0.000 mph=0.000 bytes=131072 pkts=131072 shard=0
step=0592975 (run 975/8000) loss=0.00056 byte_ppl=1.001 atoms=16 merges=0 field=7.1844 rms=0.2245 scale=1.0000 fcos=nan ign=0.0000 prn=nan nxp=0.000 mph=0.000 bytes=131072 pkts=131072 shard=0
step=0593000 (run 1000/8000) loss=6.45736 byte_ppl=637.377 atoms=44 merges=0 field=7.2912 rms=0.2279 scale=1.0000 fcos=nan ign=0.0000 prn=nan nxp=0.000 mph=0.000 bytes=131072 pkts=131072 shard=0
step=0593025 (run 1025/8000) loss=1.95748 byte_ppl=7.081 atoms=1 merges=0 field=7.3546 rms=0.2298 scale=1.0000 fcos=nan ign=0.0000 prn=nan nxp=0.000 mph=0.000 bytes=131072 pkts=131072 shard=0
step=0593050 (run 1050/8000) loss=9.02712 byte_ppl=8325.875 atoms=29 merges=0 field=7.4355 rms=0.2324 scale=1.0000 fcos=nan ign=0.0000 prn=nan nxp=0.000 mph=0.000 bytes=131072 pkts=131072 shard=0
step=0593075 (run 1075/8000) loss=0.11859 byte_ppl=1.126 atoms=56 merges=0 field=7.4925 rms=0.2341 scale=1.0000 fcos=nan ign=0.0000 prn=nan nxp=0.000 mph=0.000 bytes=131072 pkts=131072 shard=0
step=0593100 (run 1100/8000) loss=11.44233 byte_ppl=93183.822 atoms=14 merges=0 field=7.5854 rms=0.2370 scale=1.0000 fcos=nan ign=0.0000 prn=nan nxp=0.000 mph=0.000 bytes=131072 pkts=131072 shard=0
step=0593125 (run 1125/8000) loss=0.00007 byte_ppl=1.000 atoms=41 merges=0 field=7.6723 rms=0.2398 scale=1.0000 fcos=nan ign=0.0000 prn=nan nxp=0.000 mph=0.000 bytes=131072 pkts=131072 shard=0
step=0593150 (run 1150/8000) loss=7.05972 byte_ppl=1164.119 atoms=69 merges=0 field=7.7201 rms=0.2413 scale=1.0000 fcos=nan ign=0.0000 prn=nan nxp=0.000 mph=0.000 bytes=131072 pkts=131072 shard=0
step=0593175 (run 1175/8000) loss=0.00470 byte_ppl=1.005 atoms=25 merges=0 field=7.7481 rms=0.2421 scale=1.0000 fcos=nan ign=0.0000 prn=nan nxp=0.000 mph=0.000 bytes=131072 pkts=131072 shard=0
step=0593200 (run 1200/8000) loss=3.22024 byte_ppl=25.034 atoms=53 merges=0 field=7.8427 rms=0.2451 scale=1.0000 fcos=nan ign=0.0000 prn=nan nxp=0.000 mph=0.000 bytes=131072 pkts=131072 shard=0
step=0593225 (run 1225/8000) loss=0.00114 byte_ppl=1.001 atoms=10 merges=0 field=7.9447 rms=0.2483 scale=1.0000 fcos=nan ign=0.0000 prn=nan nxp=0.000 mph=0.000 bytes=131072 pkts=131072 shard=0
step=0593250 (run 1250/8000) loss=0.00204 byte_ppl=1.002 atoms=38 merges=0 field=7.9554 rms=0.2486 scale=1.0000 fcos=nan ign=0.0000 prn=nan nxp=0.000 mph=0.000 bytes=131072 pkts=131072 shard=0
step=0593275 (run 1275/8000) loss=0.67622 byte_ppl=1.966 atoms=65 merges=0 field=8.0025 rms=0.2501 scale=1.0000 fcos=nan ign=0.0000 prn=nan nxp=0.000 mph=0.000 bytes=131072 pkts=131072 shard=0
step=0593300 (run 1300/8000) loss=6.62454 byte_ppl=753.361 atoms=22 merges=0 field=8.0647 rms=0.2520 scale=1.0000 fcos=nan ign=0.0000 prn=nan nxp=0.000 mph=0.000 bytes=131072 pkts=131072 shard=0
step=0593325 (run 1325/8000) loss=0.00076 byte_ppl=1.001 atoms=49 merges=0 field=8.0707 rms=0.2522 scale=1.0000 fcos=nan ign=0.0000 prn=nan nxp=0.000 mph=0.000 bytes=131072 pkts=131072 shard=0
step=0593350 (run 1350/8000) loss=4.56160 byte_ppl=95.737 atoms=7 merges=0 field=8.1542 rms=0.2548 scale=1.0000 fcos=nan ign=0.0000 prn=nan nxp=0.000 mph=0.000 bytes=131072 pkts=131072 shard=0
step=0593375 (run 1375/8000) loss=0.00195 byte_ppl=1.002 atoms=34 merges=0 field=8.1810 rms=0.2557 scale=1.0000 fcos=nan ign=0.0000 prn=nan nxp=0.000 mph=0.000 bytes=131072 pkts=131072 shard=0
step=0593400 (run 1400/8000) loss=3.64964 byte_ppl=38.461 atoms=62 merges=0 field=8.1880 rms=0.2559 scale=1.0000 fcos=nan ign=0.0000 prn=nan nxp=0.000 mph=0.000 bytes=131072 pkts=131072 shard=0
step=0593425 (run 1425/8000) loss=0.00868 byte_ppl=1.009 atoms=19 merges=0 field=8.2893 rms=0.2590 scale=1.0000 fcos=nan ign=0.0000 prn=nan nxp=0.000 mph=0.000 bytes=131072 pkts=131072 shard=0
step=0593450 (run 1450/8000) loss=23.90836 byte_ppl=24169506660.952 atoms=47 merges=0 field=8.3859 rms=0.2621 scale=1.0000 fcos=nan ign=0.0000 prn=nan nxp=0.000 mph=0.000 bytes=131072 pkts=131072 shard=0
step=0593475 (run 1475/8000) loss=0.00256 byte_ppl=1.003 atoms=3 merges=0 field=8.3990 rms=0.2625 scale=1.0000 fcos=nan ign=0.0000 prn=nan nxp=0.000 mph=0.000 bytes=131072 pkts=131072 shard=0
step=0593500 (run 1500/8000) loss=5.58620 byte_ppl=266.720 atoms=31 merges=0 field=8.4153 rms=0.2630 scale=1.0000 fcos=nan ign=0.0000 prn=nan nxp=0.000 mph=0.000 bytes=131072 pkts=131072 shard=0
step=0593525 (run 1525/8000) loss=4.57478 byte_ppl=97.007 atoms=58 merges=0 field=8.4600 rms=0.2644 scale=1.0000 fcos=nan ign=0.0000 prn=nan nxp=0.000 mph=0.000 bytes=131072 pkts=131072 shard=0
step=0593550 (run 1550/8000) loss=2.83354 byte_ppl=17.006 atoms=16 merges=0 field=8.4251 rms=0.2633 scale=1.0000 fcos=nan ign=0.0000 prn=nan nxp=0.000 mph=0.000 bytes=131072 pkts=131072 shard=0
step=0593575 (run 1575/8000) loss=0.00049 byte_ppl=1.000 atoms=43 merges=0 field=8.4770 rms=0.2649 scale=1.0000 fcos=nan ign=0.0000 prn=nan nxp=0.000 mph=0.000 bytes=131072 pkts=131072 shard=0
step=0593600 (run 1600/8000) loss=2.81200 byte_ppl=16.643 atoms=71 merges=0 field=8.5100 rms=0.2659 scale=1.0000 fcos=nan ign=0.0000 prn=nan nxp=0.000 mph=0.000 bytes=131072 pkts=131072 shard=0
step=0593625 (run 1625/8000) loss=4.87209 byte_ppl=130.594 atoms=27 merges=0 field=8.5700 rms=0.2678 scale=1.0000 fcos=nan ign=0.0000 prn=nan nxp=0.000 mph=0.000 bytes=131072 pkts=131072 shard=0
step=0593650 (run 1650/8000) loss=0.08920 byte_ppl=1.093 atoms=55 merges=0 field=8.6287 rms=0.2696 scale=1.0000 fcos=nan ign=0.0000 prn=nan nxp=0.000 mph=0.000 bytes=131072 pkts=131072 shard=0
step=0593675 (run 1675/8000) loss=0.00400 byte_ppl=1.004 atoms=12 merges=0 field=8.6493 rms=0.2703 scale=1.0000 fcos=nan ign=0.0000 prn=nan nxp=0.000 mph=0.000 bytes=131072 pkts=131072 shard=0
step=0593700 (run 1700/8000) loss=1.20977 byte_ppl=3.353 atoms=40 merges=0 field=8.6866 rms=0.2715 scale=1.0000 fcos=nan ign=0.0000 prn=nan nxp=0.000 mph=0.000 bytes=131072 pkts=131072 shard=0
step=0593725 (run 1725/8000) loss=0.00863 byte_ppl=1.009 atoms=67 merges=0 field=8.7307 rms=0.2728 scale=1.0000 fcos=nan ign=0.0000 prn=nan nxp=0.000 mph=0.000 bytes=131072 pkts=131072 shard=0
step=0593750 (run 1750/8000) loss=5.32146 byte_ppl=204.683 atoms=25 merges=0 field=8.7516 rms=0.2735 scale=1.0000 fcos=nan ign=0.0000 prn=nan nxp=0.000 mph=0.000 bytes=131072 pkts=131072 shard=0
step=0593775 (run 1775/8000) loss=0.00023 byte_ppl=1.000 atoms=52 merges=0 field=8.8033 rms=0.2751 scale=1.0000 fcos=nan ign=0.0000 prn=nan nxp=0.000 mph=0.000 bytes=131072 pkts=131072 shard=0
step=0593800 (run 1800/8000) loss=0.00303 byte_ppl=1.003 atoms=9 merges=0 field=8.8380 rms=0.2762 scale=1.0000 fcos=nan ign=0.0000 prn=nan nxp=0.000 mph=0.000 bytes=131072 pkts=131072 shard=0
step=0593825 (run 1825/8000) loss=2.92783 byte_ppl=18.687 atoms=36 merges=0 field=8.8483 rms=0.2765 scale=1.0000 fcos=nan ign=0.0000 prn=nan nxp=0.000 mph=0.000 bytes=131072 pkts=131072 shard=0
step=0593850 (run 1850/8000) loss=0.00226 byte_ppl=1.002 atoms=64 merges=0 field=8.8667 rms=0.2771 scale=1.0000 fcos=nan ign=0.0000 prn=nan nxp=0.000 mph=0.000 bytes=131072 pkts=131072 shard=0
step=0593875 (run 1875/8000) loss=0.00080 byte_ppl=1.001 atoms=21 merges=0 field=8.8986 rms=0.2781 scale=1.0000 fcos=nan ign=0.0000 prn=nan nxp=0.000 mph=0.000 bytes=131072 pkts=131072 shard=0
step=0593900 (run 1900/8000) loss=0.17357 byte_ppl=1.190 atoms=49 merges=0 field=8.9378 rms=0.2793 scale=1.0000 fcos=nan ign=0.0000 prn=nan nxp=0.000 mph=0.000 bytes=131072 pkts=131072 shard=0
step=0593925 (run 1925/8000) loss=0.00161 byte_ppl=1.002 atoms=5 merges=0 field=8.9648 rms=0.2802 scale=1.0000 fcos=nan ign=0.0000 prn=nan nxp=0.000 mph=0.000 bytes=131072 pkts=131072 shard=0
step=0593950 (run 1950/8000) loss=6.03394 byte_ppl=417.358 atoms=33 merges=0 field=9.0077 rms=0.2815 scale=1.0000 fcos=nan ign=0.0000 prn=nan nxp=0.000 mph=0.000 bytes=131072 pkts=131072 shard=0
step=0593975 (run 1975/8000) loss=2.15716 byte_ppl=8.647 atoms=60 merges=0 field=9.0705 rms=0.2835 scale=1.0000 fcos=nan ign=0.0000 prn=nan nxp=0.000 mph=0.000 bytes=131072 pkts=131072 shard=0
step=0594000 (run 2000/8000) loss=16.69900 byte_ppl=17876464.803 atoms=18 merges=0 field=9.0659 rms=0.2833 scale=1.0000 fcos=nan ign=0.0000 prn=nan nxp=0.000 mph=0.000 bytes=131072 pkts=131072 shard=0
step=0594025 (run 2025/8000) loss=3.72254 byte_ppl=41.369 atoms=45 merges=0 field=9.0897 rms=0.2841 scale=1.0000 fcos=nan ign=0.0000 prn=nan nxp=0.000 mph=0.000 bytes=131072 pkts=131072 shard=0
step=0594050 (run 2050/8000) loss=0.00011 byte_ppl=1.000 atoms=3 merges=0 field=9.1172 rms=0.2849 scale=1.0000 fcos=nan ign=0.0000 prn=nan nxp=0.000 mph=0.000 bytes=131072 pkts=131072 shard=0
step=0594075 (run 2075/8000) loss=0.00028 byte_ppl=1.000 atoms=30 merges=0 field=9.1122 rms=0.2848 scale=1.0000 fcos=nan ign=0.0000 prn=nan nxp=0.000 mph=0.000 bytes=131072 pkts=131072 shard=0
step=0594100 (run 2100/8000) loss=0.05655 byte_ppl=1.058 atoms=58 merges=0 field=9.1040 rms=0.2845 scale=1.0000 fcos=nan ign=0.0000 prn=nan nxp=0.000 mph=0.000 bytes=131072 pkts=131072 shard=0
step=0594125 (run 2125/8000) loss=0.00012 byte_ppl=1.000 atoms=14 merges=0 field=9.1163 rms=0.2849 scale=1.0000 fcos=nan ign=0.0000 prn=nan nxp=0.000 mph=0.000 bytes=131072 pkts=131072 shard=0
step=0594150 (run 2150/8000) loss=0.00224 byte_ppl=1.002 atoms=42 merges=0 field=9.1347 rms=0.2855 scale=1.0000 fcos=nan ign=0.0000 prn=nan nxp=0.000 mph=0.000 bytes=131072 pkts=131072 shard=0
step=0594175 (run 2175/8000) loss=0.01785 byte_ppl=1.018 atoms=69 merges=0 field=9.1304 rms=0.2853 scale=1.0000 fcos=nan ign=0.0000 prn=nan nxp=0.000 mph=0.000 bytes=131072 pkts=131072 shard=0
step=0594200 (run 2200/8000) loss=0.79843 byte_ppl=2.222 atoms=27 merges=0 field=9.1808 rms=0.2869 scale=1.0000 fcos=nan ign=0.0000 prn=nan nxp=0.000 mph=0.000 bytes=131072 pkts=131072 shard=0
step=0594225 (run 2225/8000) loss=4.98690 byte_ppl=146.482 atoms=54 merges=0 field=9.2422 rms=0.2888 scale=1.0000 fcos=nan ign=0.0000 prn=nan nxp=0.000 mph=0.000 bytes=131072 pkts=131072 shard=0
step=0594250 (run 2250/8000) loss=5.70025 byte_ppl=298.942 atoms=11 merges=0 field=9.2707 rms=0.2897 scale=1.0000 fcos=nan ign=0.0000 prn=nan nxp=0.000 mph=0.000 bytes=131072 pkts=131072 shard=0
step=0594275 (run 2275/8000) loss=0.00261 byte_ppl=1.003 atoms=38 merges=0 field=9.2543 rms=0.2892 scale=1.0000 fcos=nan ign=0.0000 prn=nan nxp=0.000 mph=0.000 bytes=131072 pkts=131072 shard=0
step=0594300 (run 2300/8000) loss=0.02684 byte_ppl=1.027 atoms=66 merges=0 field=9.2449 rms=0.2889 scale=1.0000 fcos=nan ign=0.0000 prn=nan nxp=0.000 mph=0.000 bytes=131072 pkts=131072 shard=0
step=0594325 (run 2325/8000) loss=0.57178 byte_ppl=1.771 atoms=23 merges=0 field=9.2878 rms=0.2902 scale=1.0000 fcos=nan ign=0.0000 prn=nan nxp=0.000 mph=0.000 bytes=131072 pkts=131072 shard=0
step=0594350 (run 2350/8000) loss=5.81573 byte_ppl=335.536 atoms=51 merges=0 field=9.3157 rms=0.2911 scale=1.0000 fcos=nan ign=0.0000 prn=nan nxp=0.000 mph=0.000 bytes=131072 pkts=131072 shard=0
step=0594375 (run 2375/8000) loss=1.36179 byte_ppl=3.903 atoms=8 merges=0 field=9.3389 rms=0.2918 scale=1.0000 fcos=nan ign=0.0000 prn=nan nxp=0.000 mph=0.000 bytes=131072 pkts=131072 shard=0
step=0594400 (run 2400/8000) loss=0.00159 byte_ppl=1.002 atoms=36 merges=0 field=9.3328 rms=0.2917 scale=1.0000 fcos=nan ign=0.0000 prn=nan nxp=0.000 mph=0.000 bytes=131072 pkts=131072 shard=0
step=0594425 (run 2425/8000) loss=0.00099 byte_ppl=1.001 atoms=63 merges=0 field=9.3330 rms=0.2917 scale=1.0000 fcos=nan ign=0.0000 prn=nan nxp=0.000 mph=0.000 bytes=131072 pkts=131072 shard=0
step=0594450 (run 2450/8000) loss=0.00272 byte_ppl=1.003 atoms=20 merges=0 field=9.3592 rms=0.2925 scale=1.0000 fcos=nan ign=0.0000 prn=nan nxp=0.000 mph=0.000 bytes=131072 pkts=131072 shard=0
step=0594475 (run 2475/8000) loss=0.00071 byte_ppl=1.001 atoms=47 merges=0 field=9.3784 rms=0.2931 scale=1.0000 fcos=nan ign=0.0000 prn=nan nxp=0.000 mph=0.000 bytes=131072 pkts=131072 shard=0
step=0594500 (run 2500/8000) loss=2.90281 byte_ppl=18.225 atoms=5 merges=0 field=9.4341 rms=0.2948 scale=1.0000 fcos=nan ign=0.0000 prn=nan nxp=0.000 mph=0.000 bytes=131072 pkts=131072 shard=0
step=0594525 (run 2525/8000) loss=1.83442 byte_ppl=6.262 atoms=32 merges=0 field=9.3752 rms=0.2930 scale=1.0000 fcos=nan ign=0.0000 prn=nan nxp=0.000 mph=0.000 bytes=131072 pkts=131072 shard=0
step=0594550 (run 2550/8000) loss=0.00065 byte_ppl=1.001 atoms=60 merges=0 field=9.3643 rms=0.2926 scale=1.0000 fcos=nan ign=0.0000 prn=nan nxp=0.000 mph=0.000 bytes=131072 pkts=131072 shard=0
step=0594575 (run 2575/8000) loss=0.00058 byte_ppl=1.001 atoms=16 merges=0 field=9.3836 rms=0.2932 scale=1.0000 fcos=nan ign=0.0000 prn=nan nxp=0.000 mph=0.000 bytes=131072 pkts=131072 shard=0
step=0594600 (run 2600/8000) loss=4.60428 byte_ppl=99.911 atoms=44 merges=0 field=9.3659 rms=0.2927 scale=1.0000 fcos=nan ign=0.0000 prn=nan nxp=0.000 mph=0.000 bytes=131072 pkts=131072 shard=0
step=0594625 (run 2625/8000) loss=0.01570 byte_ppl=1.016 atoms=1 merges=0 field=9.3609 rms=0.2925 scale=1.0000 fcos=nan ign=0.0000 prn=nan nxp=0.000 mph=0.000 bytes=131072 pkts=131072 shard=0
step=0594650 (run 2650/8000) loss=11.11142 byte_ppl=66931.464 atoms=29 merges=0 field=9.3477 rms=0.2921 scale=1.0000 fcos=nan ign=0.0000 prn=nan nxp=0.000 mph=0.000 bytes=131072 pkts=131072 shard=0
step=0594675 (run 2675/8000) loss=3.78500 byte_ppl=44.036 atoms=56 merges=0 field=9.3409 rms=0.2919 scale=1.0000 fcos=nan ign=0.0000 prn=nan nxp=0.000 mph=0.000 bytes=131072 pkts=131072 shard=0
step=0594700 (run 2700/8000) loss=6.97605 byte_ppl=1070.681 atoms=14 merges=0 field=9.3151 rms=0.2911 scale=1.0000 fcos=nan ign=0.0000 prn=nan nxp=0.000 mph=0.000 bytes=131072 pkts=131072 shard=0
step=0594725 (run 2725/8000) loss=4.65825 byte_ppl=105.452 atoms=41 merges=0 field=9.3348 rms=0.2917 scale=1.0000 fcos=nan ign=0.0000 prn=nan nxp=0.000 mph=0.000 bytes=131072 pkts=131072 shard=0
step=0594750 (run 2750/8000) loss=0.99617 byte_ppl=2.708 atoms=69 merges=0 field=9.3507 rms=0.2922 scale=1.0000 fcos=nan ign=0.0000 prn=nan nxp=0.000 mph=0.000 bytes=131072 pkts=131072 shard=0
step=0594775 (run 2775/8000) loss=0.00630 byte_ppl=1.006 atoms=25 merges=0 field=9.3696 rms=0.2928 scale=1.0000 fcos=nan ign=0.0000 prn=nan nxp=0.000 mph=0.000 bytes=131072 pkts=131072 shard=0
step=0594800 (run 2800/8000) loss=4.29796 byte_ppl=73.549 atoms=53 merges=0 field=9.3403 rms=0.2919 scale=1.0000 fcos=nan ign=0.0000 prn=nan nxp=0.000 mph=0.000 bytes=131072 pkts=131072 shard=0
step=0594825 (run 2825/8000) loss=0.00423 byte_ppl=1.004 atoms=10 merges=0 field=9.3557 rms=0.2924 scale=1.0000 fcos=nan ign=0.0000 prn=nan nxp=0.000 mph=0.000 bytes=131072 pkts=131072 shard=0
step=0594850 (run 2850/8000) loss=2.73642 byte_ppl=15.432 atoms=38 merges=0 field=9.3740 rms=0.2929 scale=1.0000 fcos=nan ign=0.0000 prn=nan nxp=0.000 mph=0.000 bytes=131072 pkts=131072 shard=0
step=0594875 (run 2875/8000) loss=0.00959 byte_ppl=1.010 atoms=65 merges=0 field=9.3854 rms=0.2933 scale=1.0000 fcos=nan ign=0.0000 prn=nan nxp=0.000 mph=0.000 bytes=131072 pkts=131072 shard=0
step=0594900 (run 2900/8000) loss=3.71736 byte_ppl=41.156 atoms=22 merges=0 field=9.3587 rms=0.2925 scale=1.0000 fcos=nan ign=0.0000 prn=nan nxp=0.000 mph=0.000 bytes=131072 pkts=131072 shard=0
step=0594925 (run 2925/8000) loss=0.00038 byte_ppl=1.000 atoms=49 merges=0 field=9.3343 rms=0.2917 scale=1.0000 fcos=nan ign=0.0000 prn=nan nxp=0.000 mph=0.000 bytes=131072 pkts=131072 shard=0
step=0594950 (run 2950/8000) loss=4.65108 byte_ppl=104.698 atoms=7 merges=0 field=9.3150 rms=0.2911 scale=1.0000 fcos=nan ign=0.0000 prn=nan nxp=0.000 mph=0.000 bytes=131072 pkts=131072 shard=0
step=0594975 (run 2975/8000) loss=0.00077 byte_ppl=1.001 atoms=34 merges=0 field=9.3128 rms=0.2910 scale=1.0000 fcos=nan ign=0.0000 prn=nan nxp=0.000 mph=0.000 bytes=131072 pkts=131072 shard=0
step=0595000 (run 3000/8000) loss=0.19094 byte_ppl=1.210 atoms=62 merges=0 field=9.3778 rms=0.2931 scale=1.0000 fcos=nan ign=0.0000 prn=nan nxp=0.000 mph=0.000 bytes=131072 pkts=131072 shard=0
step=0595025 (run 3025/8000) loss=0.29247 byte_ppl=1.340 atoms=19 merges=0 field=9.3463 rms=0.2921 scale=1.0000 fcos=nan ign=0.0000 prn=nan nxp=0.000 mph=0.000 bytes=131072 pkts=131072 shard=0
step=0595050 (run 3050/8000) loss=5.96355 byte_ppl=388.987 atoms=47 merges=0 field=9.3284 rms=0.2915 scale=1.0000 fcos=nan ign=0.0000 prn=nan nxp=0.000 mph=0.000 bytes=131072 pkts=131072 shard=0
step=0595075 (run 3075/8000) loss=0.00216 byte_ppl=1.002 atoms=3 merges=0 field=9.3413 rms=0.2919 scale=1.0000 fcos=nan ign=0.0000 prn=nan nxp=0.000 mph=0.000 bytes=131072 pkts=131072 shard=0
step=0595100 (run 3100/8000) loss=7.26030 byte_ppl=1422.684 atoms=31 merges=0 field=9.3033 rms=0.2907 scale=1.0000 fcos=nan ign=0.0000 prn=nan nxp=0.000 mph=0.000 bytes=131072 pkts=131072 shard=0
step=0595125 (run 3125/8000) loss=0.05611 byte_ppl=1.058 atoms=58 merges=0 field=9.2924 rms=0.2904 scale=1.0000 fcos=nan ign=0.0000 prn=nan nxp=0.000 mph=0.000 bytes=131072 pkts=131072 shard=0
step=0595150 (run 3150/8000) loss=1.56089 byte_ppl=4.763 atoms=16 merges=0 field=9.3303 rms=0.2916 scale=1.0000 fcos=nan ign=0.0000 prn=nan nxp=0.000 mph=0.000 bytes=131072 pkts=131072 shard=0
step=0595175 (run 3175/8000) loss=0.00009 byte_ppl=1.000 atoms=43 merges=0 field=9.3200 rms=0.2913 scale=1.0000 fcos=nan ign=0.0000 prn=nan nxp=0.000 mph=0.000 bytes=131072 pkts=131072 shard=0
step=0595200 (run 3200/8000) loss=0.58588 byte_ppl=1.797 atoms=71 merges=0 field=9.3605 rms=0.2925 scale=1.0000 fcos=nan ign=0.0000 prn=nan nxp=0.000 mph=0.000 bytes=131072 pkts=131072 shard=0
step=0595225 (run 3225/8000) loss=0.00342 byte_ppl=1.003 atoms=27 merges=0 field=9.3248 rms=0.2914 scale=1.0000 fcos=nan ign=0.0000 prn=nan nxp=0.000 mph=0.000 bytes=131072 pkts=131072 shard=0
step=0595250 (run 3250/8000) loss=0.00609 byte_ppl=1.006 atoms=55 merges=0 field=9.3586 rms=0.2925 scale=1.0000 fcos=nan ign=0.0000 prn=nan nxp=0.000 mph=0.000 bytes=131072 pkts=131072 shard=0
step=0595275 (run 3275/8000) loss=0.00015 byte_ppl=1.000 atoms=12 merges=0 field=9.4104 rms=0.2941 scale=1.0000 fcos=nan ign=0.0000 prn=nan nxp=0.000 mph=0.000 bytes=131072 pkts=131072 shard=0
step=0595300 (run 3300/8000) loss=0.25205 byte_ppl=1.287 atoms=40 merges=0 field=9.3866 rms=0.2933 scale=1.0000 fcos=nan ign=0.0000 prn=nan nxp=0.000 mph=0.000 bytes=131072 pkts=131072 shard=0
step=0595325 (run 3325/8000) loss=0.02135 byte_ppl=1.022 atoms=67 merges=0 field=9.3863 rms=0.2933 scale=1.0000 fcos=nan ign=0.0000 prn=nan nxp=0.000 mph=0.000 bytes=131072 pkts=131072 shard=0
step=0595350 (run 3350/8000) loss=0.10732 byte_ppl=1.113 atoms=25 merges=0 field=9.4416 rms=0.2951 scale=1.0000 fcos=nan ign=0.0000 prn=nan nxp=0.000 mph=0.000 bytes=131072 pkts=131072 shard=0
step=0595375 (run 3375/8000) loss=2.00331 byte_ppl=7.414 atoms=52 merges=0 field=9.4431 rms=0.2951 scale=1.0000 fcos=nan ign=0.0000 prn=nan nxp=0.000 mph=0.000 bytes=131072 pkts=131072 shard=0
step=0595400 (run 3400/8000) loss=8.39766 byte_ppl=4436.682 atoms=9 merges=0 field=9.4642 rms=0.2958 scale=1.0000 fcos=nan ign=0.0000 prn=nan nxp=0.000 mph=0.000 bytes=131072 pkts=131072 shard=0
step=0595425 (run 3425/8000) loss=0.09599 byte_ppl=1.101 atoms=36 merges=0 field=9.4483 rms=0.2953 scale=1.0000 fcos=nan ign=0.0000 prn=nan nxp=0.000 mph=0.000 bytes=131072 pkts=131072 shard=0
step=0595450 (run 3450/8000) loss=8.05533 byte_ppl=3150.541 atoms=64 merges=0 field=9.4508 rms=0.2953 scale=1.0000 fcos=nan ign=0.0000 prn=nan nxp=0.000 mph=0.000 bytes=131072 pkts=131072 shard=0
step=0595475 (run 3475/8000) loss=3.95820 byte_ppl=52.363 atoms=21 merges=0 field=9.4931 rms=0.2967 scale=1.0000 fcos=nan ign=0.0000 prn=nan nxp=0.000 mph=0.000 bytes=131072 pkts=131072 shard=0
step=0595500 (run 3500/8000) loss=0.13282 byte_ppl=1.142 atoms=49 merges=0 field=9.4991 rms=0.2968 scale=1.0000 fcos=nan ign=0.0000 prn=nan nxp=0.000 mph=0.000 bytes=131072 pkts=131072 shard=0
step=0595525 (run 3525/8000) loss=0.02054 byte_ppl=1.021 atoms=5 merges=0 field=9.5432 rms=0.2982 scale=1.0000 fcos=nan ign=0.0000 prn=nan nxp=0.000 mph=0.000 bytes=131072 pkts=131072 shard=0
step=0595550 (run 3550/8000) loss=0.00775 byte_ppl=1.008 atoms=33 merges=0 field=9.6127 rms=0.3004 scale=1.0000 fcos=nan ign=0.0000 prn=nan nxp=0.000 mph=0.000 bytes=131072 pkts=131072 shard=0
step=0595575 (run 3575/8000) loss=0.00075 byte_ppl=1.001 atoms=60 merges=0 field=9.5880 rms=0.2996 scale=1.0000 fcos=nan ign=0.0000 prn=nan nxp=0.000 mph=0.000 bytes=131072 pkts=131072 shard=0
step=0595600 (run 3600/8000) loss=2.49804 byte_ppl=12.159 atoms=18 merges=0 field=9.6034 rms=0.3001 scale=1.0000 fcos=nan ign=0.0000 prn=nan nxp=0.000 mph=0.000 bytes=131072 pkts=131072 shard=0
step=0595625 (run 3625/8000) loss=0.00108 byte_ppl=1.001 atoms=45 merges=0 field=9.6380 rms=0.3012 scale=1.0000 fcos=nan ign=0.0000 prn=nan nxp=0.000 mph=0.000 bytes=131072 pkts=131072 shard=0
step=0595650 (run 3650/8000) loss=0.00824 byte_ppl=1.008 atoms=3 merges=0 field=9.6346 rms=0.3011 scale=1.0000 fcos=nan ign=0.0000 prn=nan nxp=0.000 mph=0.000 bytes=131072 pkts=131072 shard=0
step=0595675 (run 3675/8000) loss=0.01009 byte_ppl=1.010 atoms=30 merges=0 field=9.6605 rms=0.3019 scale=1.0000 fcos=nan ign=0.0000 prn=nan nxp=0.000 mph=0.000 bytes=131072 pkts=131072 shard=0
step=0595700 (run 3700/8000) loss=0.00349 byte_ppl=1.004 atoms=58 merges=0 field=9.6595 rms=0.3019 scale=1.0000 fcos=nan ign=0.0000 prn=nan nxp=0.000 mph=0.000 bytes=131072 pkts=131072 shard=0
step=0595725 (run 3725/8000) loss=0.00195 byte_ppl=1.002 atoms=14 merges=0 field=9.6702 rms=0.3022 scale=1.0000 fcos=nan ign=0.0000 prn=nan nxp=0.000 mph=0.000 bytes=131072 pkts=131072 shard=0
step=0595750 (run 3750/8000) loss=0.00466 byte_ppl=1.005 atoms=42 merges=0 field=9.6897 rms=0.3028 scale=1.0000 fcos=nan ign=0.0000 prn=nan nxp=0.000 mph=0.000 bytes=131072 pkts=131072 shard=0
step=0595775 (run 3775/8000) loss=0.00281 byte_ppl=1.003 atoms=69 merges=0 field=9.7213 rms=0.3038 scale=1.0000 fcos=nan ign=0.0000 prn=nan nxp=0.000 mph=0.000 bytes=131072 pkts=131072 shard=0
step=0595800 (run 3800/8000) loss=6.74525 byte_ppl=850.010 atoms=27 merges=0 field=9.7008 rms=0.3032 scale=1.0000 fcos=nan ign=0.0000 prn=nan nxp=0.000 mph=0.000 bytes=131072 pkts=131072 shard=0
step=0595825 (run 3825/8000) loss=4.54639 byte_ppl=94.292 atoms=54 merges=0 field=9.6878 rms=0.3027 scale=1.0000 fcos=nan ign=0.0000 prn=nan nxp=0.000 mph=0.000 bytes=131072 pkts=131072 shard=0
step=0595850 (run 3850/8000) loss=6.91201 byte_ppl=1004.261 atoms=11 merges=0 field=9.6372 rms=0.3012 scale=1.0000 fcos=nan ign=0.0000 prn=nan nxp=0.000 mph=0.000 bytes=131072 pkts=131072 shard=0
step=0595875 (run 3875/8000) loss=3.68200 byte_ppl=39.726 atoms=38 merges=0 field=9.6294 rms=0.3009 scale=1.0000 fcos=nan ign=0.0000 prn=nan nxp=0.000 mph=0.000 bytes=131072 pkts=131072 shard=0
step=0595900 (run 3900/8000) loss=0.00002 byte_ppl=1.000 atoms=66 merges=0 field=9.6204 rms=0.3006 scale=1.0000 fcos=nan ign=0.0000 prn=nan nxp=0.000 mph=0.000 bytes=131072 pkts=131072 shard=0
step=0595925 (run 3925/8000) loss=0.00149 byte_ppl=1.001 atoms=23 merges=0 field=9.6310 rms=0.3010 scale=1.0000 fcos=nan ign=0.0000 prn=nan nxp=0.000 mph=0.000 bytes=131072 pkts=131072 shard=0
step=0595950 (run 3950/8000) loss=0.80982 byte_ppl=2.248 atoms=51 merges=0 field=9.6330 rms=0.3010 scale=1.0000 fcos=nan ign=0.0000 prn=nan nxp=0.000 mph=0.000 bytes=131072 pkts=131072 shard=0
step=0595975 (run 3975/8000) loss=0.00071 byte_ppl=1.001 atoms=8 merges=0 field=9.6024 rms=0.3001 scale=1.0000 fcos=nan ign=0.0000 prn=nan nxp=0.000 mph=0.000 bytes=131072 pkts=131072 shard=0
step=0596000 (run 4000/8000) loss=0.00012 byte_ppl=1.000 atoms=36 merges=0 field=9.6014 rms=0.3000 scale=1.0000 fcos=nan ign=0.0000 prn=nan nxp=0.000 mph=0.000 bytes=131072 pkts=131072 shard=0
step=0596025 (run 4025/8000) loss=0.02279 byte_ppl=1.023 atoms=63 merges=0 field=9.6122 rms=0.3004 scale=1.0000 fcos=nan ign=0.0000 prn=nan nxp=0.000 mph=0.000 bytes=131072 pkts=131072 shard=0
step=0596050 (run 4050/8000) loss=7.99869 byte_ppl=2977.056 atoms=20 merges=0 field=9.6182 rms=0.3006 scale=1.0000 fcos=nan ign=0.0000 prn=nan nxp=0.000 mph=0.000 bytes=131072 pkts=131072 shard=0
step=0596075 (run 4075/8000) loss=1.80725 byte_ppl=6.094 atoms=47 merges=0 field=9.5679 rms=0.2990 scale=1.0000 fcos=nan ign=0.0000 prn=nan nxp=0.000 mph=0.000 bytes=131072 pkts=131072 shard=0
step=0596100 (run 4100/8000) loss=3.25917 byte_ppl=26.028 atoms=5 merges=0 field=9.5418 rms=0.2982 scale=1.0000 fcos=nan ign=0.0000 prn=nan nxp=0.000 mph=0.000 bytes=131072 pkts=131072 shard=0
step=0596125 (run 4125/8000) loss=2.10302 byte_ppl=8.191 atoms=32 merges=0 field=9.5547 rms=0.2986 scale=1.0000 fcos=nan ign=0.0000 prn=nan nxp=0.000 mph=0.000 bytes=131072 pkts=131072 shard=0
step=0596150 (run 4150/8000) loss=8.10269 byte_ppl=3303.354 atoms=60 merges=0 field=9.5533 rms=0.2985 scale=1.0000 fcos=nan ign=0.0000 prn=nan nxp=0.000 mph=0.000 bytes=131072 pkts=131072 shard=0
step=0596175 (run 4175/8000) loss=0.00051 byte_ppl=1.001 atoms=16 merges=0 field=9.5228 rms=0.2976 scale=1.0000 fcos=nan ign=0.0000 prn=nan nxp=0.000 mph=0.000 bytes=131072 pkts=131072 shard=0
step=0596200 (run 4200/8000) loss=0.06650 byte_ppl=1.069 atoms=44 merges=0 field=9.4913 rms=0.2966 scale=1.0000 fcos=nan ign=0.0000 prn=nan nxp=0.000 mph=0.000 bytes=131072 pkts=131072 shard=0
step=0596225 (run 4225/8000) loss=4.81494 byte_ppl=123.339 atoms=1 merges=0 field=9.5069 rms=0.2971 scale=1.0000 fcos=nan ign=0.0000 prn=nan nxp=0.000 mph=0.000 bytes=131072 pkts=131072 shard=0
step=0596250 (run 4250/8000) loss=0.25193 byte_ppl=1.287 atoms=29 merges=0 field=9.4998 rms=0.2969 scale=1.0000 fcos=nan ign=0.0000 prn=nan nxp=0.000 mph=0.000 bytes=131072 pkts=131072 shard=0
step=0596275 (run 4275/8000) loss=0.00003 byte_ppl=1.000 atoms=56 merges=0 field=9.5023 rms=0.2969 scale=1.0000 fcos=nan ign=0.0000 prn=nan nxp=0.000 mph=0.000 bytes=131072 pkts=131072 shard=0
step=0596300 (run 4300/8000) loss=0.01117 byte_ppl=1.011 atoms=14 merges=0 field=9.5015 rms=0.2969 scale=1.0000 fcos=nan ign=0.0000 prn=nan nxp=0.000 mph=0.000 bytes=131072 pkts=131072 shard=0
step=0596325 (run 4325/8000) loss=2.29181 byte_ppl=9.893 atoms=41 merges=0 field=9.4994 rms=0.2969 scale=1.0000 fcos=nan ign=0.0000 prn=nan nxp=0.000 mph=0.000 bytes=131072 pkts=131072 shard=0
step=0596350 (run 4350/8000) loss=0.00625 byte_ppl=1.006 atoms=69 merges=0 field=9.5003 rms=0.2969 scale=1.0000 fcos=nan ign=0.0000 prn=nan nxp=0.000 mph=0.000 bytes=131072 pkts=131072 shard=0
step=0596375 (run 4375/8000) loss=4.11237 byte_ppl=61.091 atoms=25 merges=0 field=9.5074 rms=0.2971 scale=1.0000 fcos=nan ign=0.0000 prn=nan nxp=0.000 mph=0.000 bytes=131072 pkts=131072 shard=0
step=0596400 (run 4400/8000) loss=12.56665 byte_ppl=286832.645 atoms=53 merges=0 field=9.4693 rms=0.2959 scale=1.0000 fcos=nan ign=0.0000 prn=nan nxp=0.000 mph=0.000 bytes=131072 pkts=131072 shard=0
step=0596425 (run 4425/8000) loss=0.00021 byte_ppl=1.000 atoms=10 merges=0 field=9.4533 rms=0.2954 scale=1.0000 fcos=nan ign=0.0000 prn=nan nxp=0.000 mph=0.000 bytes=131072 pkts=131072 shard=0
step=0596450 (run 4450/8000) loss=0.00196 byte_ppl=1.002 atoms=38 merges=0 field=9.4500 rms=0.2953 scale=1.0000 fcos=nan ign=0.0000 prn=nan nxp=0.000 mph=0.000 bytes=131072 pkts=131072 shard=0
step=0596475 (run 4475/8000) loss=0.34518 byte_ppl=1.412 atoms=65 merges=0 field=9.4584 rms=0.2956 scale=1.0000 fcos=nan ign=0.0000 prn=nan nxp=0.000 mph=0.000 bytes=131072 pkts=131072 shard=0
step=0596500 (run 4500/8000) loss=5.04973 byte_ppl=155.980 atoms=22 merges=0 field=9.4752 rms=0.2961 scale=1.0000 fcos=nan ign=0.0000 prn=nan nxp=0.000 mph=0.000 bytes=131072 pkts=131072 shard=0
step=0596525 (run 4525/8000) loss=3.86498 byte_ppl=47.702 atoms=49 merges=0 field=9.4725 rms=0.2960 scale=1.0000 fcos=nan ign=0.0000 prn=nan nxp=0.000 mph=0.000 bytes=131072 pkts=131072 shard=0
step=0596550 (run 4550/8000) loss=6.34131 byte_ppl=567.538 atoms=7 merges=0 field=9.4761 rms=0.2961 scale=1.0000 fcos=nan ign=0.0000 prn=nan nxp=0.000 mph=0.000 bytes=131072 pkts=131072 shard=0
step=0596575 (run 4575/8000) loss=0.01868 byte_ppl=1.019 atoms=34 merges=0 field=9.4921 rms=0.2966 scale=1.0000 fcos=nan ign=0.0000 prn=nan nxp=0.000 mph=0.000 bytes=131072 pkts=131072 shard=0
step=0596600 (run 4600/8000) loss=9.41304 byte_ppl=12247.024 atoms=62 merges=0 field=9.4949 rms=0.2967 scale=1.0000 fcos=nan ign=0.0000 prn=nan nxp=0.000 mph=0.000 bytes=131072 pkts=131072 shard=0
step=0596625 (run 4625/8000) loss=0.84079 byte_ppl=2.318 atoms=19 merges=0 field=9.4869 rms=0.2965 scale=1.0000 fcos=nan ign=0.0000 prn=nan nxp=0.000 mph=0.000 bytes=131072 pkts=131072 shard=0
step=0596650 (run 4650/8000) loss=0.00021 byte_ppl=1.000 atoms=47 merges=0 field=9.5231 rms=0.2976 scale=1.0000 fcos=nan ign=0.0000 prn=nan nxp=0.000 mph=0.000 bytes=131072 pkts=131072 shard=0
step=0596675 (run 4675/8000) loss=0.00513 byte_ppl=1.005 atoms=3 merges=0 field=9.5107 rms=0.2972 scale=1.0000 fcos=nan ign=0.0000 prn=nan nxp=0.000 mph=0.000 bytes=131072 pkts=131072 shard=0
step=0596700 (run 4700/8000) loss=0.02904 byte_ppl=1.029 atoms=31 merges=0 field=9.5432 rms=0.2982 scale=1.0000 fcos=nan ign=0.0000 prn=nan nxp=0.000 mph=0.000 bytes=131072 pkts=131072 shard=0
step=0596725 (run 4725/8000) loss=0.00023 byte_ppl=1.000 atoms=58 merges=0 field=9.5577 rms=0.2987 scale=1.0000 fcos=nan ign=0.0000 prn=nan nxp=0.000 mph=0.000 bytes=131072 pkts=131072 shard=0
step=0596750 (run 4750/8000) loss=0.01027 byte_ppl=1.010 atoms=16 merges=0 field=9.5527 rms=0.2985 scale=1.0000 fcos=nan ign=0.0000 prn=nan nxp=0.000 mph=0.000 bytes=131072 pkts=131072 shard=0
step=0596775 (run 4775/8000) loss=0.00123 byte_ppl=1.001 atoms=43 merges=0 field=9.5763 rms=0.2993 scale=1.0000 fcos=nan ign=0.0000 prn=nan nxp=0.000 mph=0.000 bytes=131072 pkts=131072 shard=0
step=0596800 (run 4800/8000) loss=0.64454 byte_ppl=1.905 atoms=71 merges=0 field=9.5737 rms=0.2992 scale=1.0000 fcos=nan ign=0.0000 prn=nan nxp=0.000 mph=0.000 bytes=131072 pkts=131072 shard=0
step=0596825 (run 4825/8000) loss=2.83198 byte_ppl=16.979 atoms=27 merges=0 field=9.6041 rms=0.3001 scale=1.0000 fcos=nan ign=0.0000 prn=nan nxp=0.000 mph=0.000 bytes=131072 pkts=131072 shard=0
step=0596850 (run 4850/8000) loss=8.02637 byte_ppl=3060.615 atoms=55 merges=0 field=9.5886 rms=0.2996 scale=1.0000 fcos=nan ign=0.0000 prn=nan nxp=0.000 mph=0.000 bytes=131072 pkts=131072 shard=0
step=0596875 (run 4875/8000) loss=0.00203 byte_ppl=1.002 atoms=12 merges=0 field=9.6031 rms=0.3001 scale=1.0000 fcos=nan ign=0.0000 prn=nan nxp=0.000 mph=0.000 bytes=131072 pkts=131072 shard=0
step=0596900 (run 4900/8000) loss=11.37548 byte_ppl=87158.494 atoms=40 merges=0 field=9.5920 rms=0.2998 scale=1.0000 fcos=nan ign=0.0000 prn=nan nxp=0.000 mph=0.000 bytes=131072 pkts=131072 shard=0
step=0596925 (run 4925/8000) loss=0.00372 byte_ppl=1.004 atoms=67 merges=0 field=9.5935 rms=0.2998 scale=1.0000 fcos=nan ign=0.0000 prn=nan nxp=0.000 mph=0.000 bytes=131072 pkts=131072 shard=0
step=0596950 (run 4950/8000) loss=3.99680 byte_ppl=54.424 atoms=25 merges=0 field=9.6097 rms=0.3003 scale=1.0000 fcos=nan ign=0.0000 prn=nan nxp=0.000 mph=0.000 bytes=131072 pkts=131072 shard=0
step=0596975 (run 4975/8000) loss=0.01291 byte_ppl=1.013 atoms=52 merges=0 field=9.6104 rms=0.3003 scale=1.0000 fcos=nan ign=0.0000 prn=nan nxp=0.000 mph=0.000 bytes=131072 pkts=131072 shard=0
step=0597000 (run 5000/8000) loss=3.41836 byte_ppl=30.519 atoms=9 merges=0 field=9.6094 rms=0.3003 scale=1.0000 fcos=nan ign=0.0000 prn=nan nxp=0.000 mph=0.000 bytes=131072 pkts=131072 shard=0
step=0597025 (run 5025/8000) loss=0.02644 byte_ppl=1.027 atoms=36 merges=0 field=9.6138 rms=0.3004 scale=1.0000 fcos=nan ign=0.0000 prn=nan nxp=0.000 mph=0.000 bytes=131072 pkts=131072 shard=0
step=0597050 (run 5050/8000) loss=3.61147 byte_ppl=37.020 atoms=64 merges=0 field=9.6332 rms=0.3010 scale=1.0000 fcos=nan ign=0.0000 prn=nan nxp=0.000 mph=0.000 bytes=131072 pkts=131072 shard=0
step=0597075 (run 5075/8000) loss=2.18228 byte_ppl=8.866 atoms=21 merges=0 field=9.6331 rms=0.3010 scale=1.0000 fcos=nan ign=0.0000 prn=nan nxp=0.000 mph=0.000 bytes=131072 pkts=131072 shard=0
step=0597100 (run 5100/8000) loss=9.34673 byte_ppl=11461.265 atoms=49 merges=0 field=9.6603 rms=0.3019 scale=1.0000 fcos=nan ign=0.0000 prn=nan nxp=0.000 mph=0.000 bytes=131072 pkts=131072 shard=0
step=0597125 (run 5125/8000) loss=4.44909 byte_ppl=85.549 atoms=5 merges=0 field=9.6793 rms=0.3025 scale=1.0000 fcos=nan ign=0.0000 prn=nan nxp=0.000 mph=0.000 bytes=131072 pkts=131072 shard=0
step=0597150 (run 5150/8000) loss=0.18609 byte_ppl=1.205 atoms=33 merges=0 field=9.6934 rms=0.3029 scale=1.0000 fcos=nan ign=0.0000 prn=nan nxp=0.000 mph=0.000 bytes=131072 pkts=131072 shard=0
step=0597175 (run 5175/8000) loss=0.00512 byte_ppl=1.005 atoms=60 merges=0 field=9.7214 rms=0.3038 scale=1.0000 fcos=nan ign=0.0000 prn=nan nxp=0.000 mph=0.000 bytes=131072 pkts=131072 shard=0
step=0597200 (run 5200/8000) loss=4.91487 byte_ppl=136.302 atoms=18 merges=0 field=9.7478 rms=0.3046 scale=1.0000 fcos=nan ign=0.0000 prn=nan nxp=0.000 mph=0.000 bytes=131072 pkts=131072 shard=0
step=0597225 (run 5225/8000) loss=0.01367 byte_ppl=1.014 atoms=45 merges=0 field=9.7347 rms=0.3042 scale=1.0000 fcos=nan ign=0.0000 prn=nan nxp=0.000 mph=0.000 bytes=131072 pkts=131072 shard=0
step=0597250 (run 5250/8000) loss=0.01652 byte_ppl=1.017 atoms=3 merges=0 field=9.7742 rms=0.3054 scale=1.0000 fcos=nan ign=0.0000 prn=nan nxp=0.000 mph=0.000 bytes=131072 pkts=131072 shard=0
step=0597275 (run 5275/8000) loss=0.00025 byte_ppl=1.000 atoms=30 merges=0 field=9.8195 rms=0.3069 scale=1.0000 fcos=nan ign=0.0000 prn=nan nxp=0.000 mph=0.000 bytes=131072 pkts=131072 shard=0
step=0597300 (run 5300/8000) loss=8.13850 byte_ppl=3423.773 atoms=58 merges=0 field=9.8046 rms=0.3064 scale=1.0000 fcos=nan ign=0.0000 prn=nan nxp=0.000 mph=0.000 bytes=131072 pkts=131072 shard=0
step=0597325 (run 5325/8000) loss=0.08907 byte_ppl=1.093 atoms=14 merges=0 field=9.8239 rms=0.3070 scale=1.0000 fcos=nan ign=0.0000 prn=nan nxp=0.000 mph=0.000 bytes=131072 pkts=131072 shard=0
step=0597350 (run 5350/8000) loss=0.10368 byte_ppl=1.109 atoms=42 merges=0 field=9.8497 rms=0.3078 scale=1.0000 fcos=nan ign=0.0000 prn=nan nxp=0.000 mph=0.000 bytes=131072 pkts=131072 shard=0
step=0597375 (run 5375/8000) loss=0.92490 byte_ppl=2.522 atoms=69 merges=0 field=9.8276 rms=0.3071 scale=1.0000 fcos=nan ign=0.0000 prn=nan nxp=0.000 mph=0.000 bytes=131072 pkts=131072 shard=0
step=0597400 (run 5400/8000) loss=3.36715 byte_ppl=28.996 atoms=27 merges=0 field=9.8087 rms=0.3065 scale=1.0000 fcos=nan ign=0.0000 prn=nan nxp=0.000 mph=0.000 bytes=131072 pkts=131072 shard=0
step=0597425 (run 5425/8000) loss=0.01209 byte_ppl=1.012 atoms=54 merges=0 field=9.8071 rms=0.3065 scale=1.0000 fcos=nan ign=0.0000 prn=nan nxp=0.000 mph=0.000 bytes=131072 pkts=131072 shard=0
step=0597450 (run 5450/8000) loss=3.89578 byte_ppl=49.194 atoms=11 merges=0 field=9.8441 rms=0.3076 scale=1.0000 fcos=nan ign=0.0000 prn=nan nxp=0.000 mph=0.000 bytes=131072 pkts=131072 shard=0
step=0597475 (run 5475/8000) loss=0.00475 byte_ppl=1.005 atoms=38 merges=0 field=9.8135 rms=0.3067 scale=1.0000 fcos=nan ign=0.0000 prn=nan nxp=0.000 mph=0.000 bytes=131072 pkts=131072 shard=0
step=0597500 (run 5500/8000) loss=2.68960 byte_ppl=14.726 atoms=66 merges=0 field=9.8285 rms=0.3071 scale=1.0000 fcos=nan ign=0.0000 prn=nan nxp=0.000 mph=0.000 bytes=131072 pkts=131072 shard=0
step=0597525 (run 5525/8000) loss=0.02782 byte_ppl=1.028 atoms=23 merges=0 field=9.8644 rms=0.3083 scale=1.0000 fcos=nan ign=0.0000 prn=nan nxp=0.000 mph=0.000 bytes=131072 pkts=131072 shard=0
step=0597550 (run 5550/8000) loss=3.42863 byte_ppl=30.834 atoms=51 merges=0 field=9.8473 rms=0.3077 scale=1.0000 fcos=nan ign=0.0000 prn=nan nxp=0.000 mph=0.000 bytes=131072 pkts=131072 shard=0
step=0597575 (run 5575/8000) loss=5.65024 byte_ppl=284.359 atoms=8 merges=0 field=9.8614 rms=0.3082 scale=1.0000 fcos=nan ign=0.0000 prn=nan nxp=0.000 mph=0.000 bytes=131072 pkts=131072 shard=0
step=0597600 (run 5600/8000) loss=0.01988 byte_ppl=1.020 atoms=36 merges=0 field=9.8558 rms=0.3080 scale=1.0000 fcos=nan ign=0.0000 prn=nan nxp=0.000 mph=0.000 bytes=131072 pkts=131072 shard=0
step=0597625 (run 5625/8000) loss=0.00013 byte_ppl=1.000 atoms=63 merges=0 field=9.8040 rms=0.3064 scale=1.0000 fcos=nan ign=0.0000 prn=nan nxp=0.000 mph=0.000 bytes=131072 pkts=131072 shard=0
step=0597650 (run 5650/8000) loss=0.00636 byte_ppl=1.006 atoms=20 merges=0 field=9.8523 rms=0.3079 scale=1.0000 fcos=nan ign=0.0000 prn=nan nxp=0.000 mph=0.000 bytes=131072 pkts=131072 shard=0
step=0597675 (run 5675/8000) loss=0.00036 byte_ppl=1.000 atoms=47 merges=0 field=9.8715 rms=0.3085 scale=1.0000 fcos=nan ign=0.0000 prn=nan nxp=0.000 mph=0.000 bytes=131072 pkts=131072 shard=0
step=0597700 (run 5700/8000) loss=4.46360 byte_ppl=86.799 atoms=5 merges=0 field=9.8381 rms=0.3074 scale=1.0000 fcos=nan ign=0.0000 prn=nan nxp=0.000 mph=0.000 bytes=131072 pkts=131072 shard=0
step=0597725 (run 5725/8000) loss=2.67768 byte_ppl=14.551 atoms=32 merges=0 field=9.8676 rms=0.3084 scale=1.0000 fcos=nan ign=0.0000 prn=nan nxp=0.000 mph=0.000 bytes=131072 pkts=131072 shard=0
step=0597750 (run 5750/8000) loss=4.96283 byte_ppl=142.998 atoms=60 merges=0 field=9.8526 rms=0.3079 scale=1.0000 fcos=nan ign=0.0000 prn=nan nxp=0.000 mph=0.000 bytes=131072 pkts=131072 shard=0
step=0597775 (run 5775/8000) loss=1.01936 byte_ppl=2.771 atoms=16 merges=0 field=9.8632 rms=0.3082 scale=1.0000 fcos=nan ign=0.0000 prn=nan nxp=0.000 mph=0.000 bytes=131072 pkts=131072 shard=0
step=0597800 (run 5800/8000) loss=4.29087 byte_ppl=73.030 atoms=44 merges=0 field=9.8496 rms=0.3078 scale=1.0000 fcos=nan ign=0.0000 prn=nan nxp=0.000 mph=0.000 bytes=131072 pkts=131072 shard=0
step=0597825 (run 5825/8000) loss=0.67136 byte_ppl=1.957 atoms=1 merges=0 field=9.8760 rms=0.3086 scale=1.0000 fcos=nan ign=0.0000 prn=nan nxp=0.000 mph=0.000 bytes=131072 pkts=131072 shard=0
step=0597850 (run 5850/8000) loss=6.64930 byte_ppl=772.241 atoms=29 merges=0 field=9.8421 rms=0.3076 scale=1.0000 fcos=nan ign=0.0000 prn=nan nxp=0.000 mph=0.000 bytes=131072 pkts=131072 shard=0
step=0597875 (run 5875/8000) loss=6.29886 byte_ppl=543.952 atoms=56 merges=0 field=9.8392 rms=0.3075 scale=1.0000 fcos=nan ign=0.0000 prn=nan nxp=0.000 mph=0.000 bytes=131072 pkts=131072 shard=0
step=0597900 (run 5900/8000) loss=7.35549 byte_ppl=1564.757 atoms=14 merges=0 field=9.8232 rms=0.3070 scale=1.0000 fcos=nan ign=0.0000 prn=nan nxp=0.000 mph=0.000 bytes=131072 pkts=131072 shard=0
step=0597925 (run 5925/8000) loss=0.00955 byte_ppl=1.010 atoms=41 merges=0 field=9.7833 rms=0.3057 scale=1.0000 fcos=nan ign=0.0000 prn=nan nxp=0.000 mph=0.000 bytes=131072 pkts=131072 shard=0
step=0597950 (run 5950/8000) loss=6.85044 byte_ppl=944.301 atoms=69 merges=0 field=9.7942 rms=0.3061 scale=1.0000 fcos=nan ign=0.0000 prn=nan nxp=0.000 mph=0.000 bytes=131072 pkts=131072 shard=0
step=0597975 (run 5975/8000) loss=0.00074 byte_ppl=1.001 atoms=25 merges=0 field=9.7988 rms=0.3062 scale=1.0000 fcos=nan ign=0.0000 prn=nan nxp=0.000 mph=0.000 bytes=131072 pkts=131072 shard=0
step=0598000 (run 6000/8000) loss=0.00247 byte_ppl=1.002 atoms=53 merges=0 field=9.8013 rms=0.3063 scale=1.0000 fcos=nan ign=0.0000 prn=nan nxp=0.000 mph=0.000 bytes=131072 pkts=131072 shard=0
step=0598025 (run 6025/8000) loss=18.48081 byte_ppl=106197397.987 atoms=10 merges=0 field=9.8003 rms=0.3063 scale=1.0000 fcos=nan ign=0.0000 prn=nan nxp=0.000 mph=0.000 bytes=131072 pkts=131072 shard=0
step=0598050 (run 6050/8000) loss=6.04370 byte_ppl=421.449 atoms=38 merges=0 field=9.8222 rms=0.3069 scale=1.0000 fcos=nan ign=0.0000 prn=nan nxp=0.000 mph=0.000 bytes=131072 pkts=131072 shard=0
step=0598075 (run 6075/8000) loss=0.00239 byte_ppl=1.002 atoms=65 merges=0 field=9.8073 rms=0.3065 scale=1.0000 fcos=nan ign=0.0000 prn=nan nxp=0.000 mph=0.000 bytes=131072 pkts=131072 shard=0
step=0598100 (run 6100/8000) loss=7.14622 byte_ppl=1269.297 atoms=22 merges=0 field=9.8125 rms=0.3066 scale=1.0000 fcos=nan ign=0.0000 prn=nan nxp=0.000 mph=0.000 bytes=131072 pkts=131072 shard=0
step=0598125 (run 6125/8000) loss=2.08980 byte_ppl=8.083 atoms=49 merges=0 field=9.8027 rms=0.3063 scale=1.0000 fcos=nan ign=0.0000 prn=nan nxp=0.000 mph=0.000 bytes=131072 pkts=131072 shard=0
step=0598150 (run 6150/8000) loss=3.42656 byte_ppl=30.771 atoms=7 merges=0 field=9.7671 rms=0.3052 scale=1.0000 fcos=nan ign=0.0000 prn=nan nxp=0.000 mph=0.000 bytes=131072 pkts=131072 shard=0
step=0598175 (run 6175/8000) loss=0.00519 byte_ppl=1.005 atoms=34 merges=0 field=9.7733 rms=0.3054 scale=1.0000 fcos=nan ign=0.0000 prn=nan nxp=0.000 mph=0.000 bytes=131072 pkts=131072 shard=0
step=0598200 (run 6200/8000) loss=4.46863 byte_ppl=87.237 atoms=62 merges=0 field=9.7869 rms=0.3058 scale=1.0000 fcos=nan ign=0.0000 prn=nan nxp=0.000 mph=0.000 bytes=131072 pkts=131072 shard=0
step=0598225 (run 6225/8000) loss=0.00043 byte_ppl=1.000 atoms=19 merges=0 field=9.7872 rms=0.3059 scale=1.0000 fcos=nan ign=0.0000 prn=nan nxp=0.000 mph=0.000 bytes=131072 pkts=131072 shard=0
step=0598250 (run 6250/8000) loss=0.00124 byte_ppl=1.001 atoms=47 merges=0 field=9.7554 rms=0.3049 scale=1.0000 fcos=nan ign=0.0000 prn=nan nxp=0.000 mph=0.000 bytes=131072 pkts=131072 shard=0
step=0598275 (run 6275/8000) loss=0.19143 byte_ppl=1.211 atoms=3 merges=0 field=9.7548 rms=0.3048 scale=1.0000 fcos=nan ign=0.0000 prn=nan nxp=0.000 mph=0.000 bytes=131072 pkts=131072 shard=0
step=0598300 (run 6300/8000) loss=0.04723 byte_ppl=1.048 atoms=31 merges=0 field=9.7584 rms=0.3050 scale=1.0000 fcos=nan ign=0.0000 prn=nan nxp=0.000 mph=0.000 bytes=131072 pkts=131072 shard=0
step=0598325 (run 6325/8000) loss=3.72985 byte_ppl=41.673 atoms=58 merges=0 field=9.7517 rms=0.3047 scale=1.0000 fcos=nan ign=0.0000 prn=nan nxp=0.000 mph=0.000 bytes=131072 pkts=131072 shard=0
step=0598350 (run 6350/8000) loss=13.99436 byte_ppl=1195844.073 atoms=16 merges=0 field=9.7583 rms=0.3049 scale=1.0000 fcos=nan ign=0.0000 prn=nan nxp=0.000 mph=0.000 bytes=131072 pkts=131072 shard=0
step=0598375 (run 6375/8000) loss=0.00717 byte_ppl=1.007 atoms=43 merges=0 field=9.7455 rms=0.3045 scale=1.0000 fcos=nan ign=0.0000 prn=nan nxp=0.000 mph=0.000 bytes=131072 pkts=131072 shard=0
step=0598400 (run 6400/8000) loss=3.29337 byte_ppl=26.933 atoms=71 merges=0 field=9.7688 rms=0.3053 scale=1.0000 fcos=nan ign=0.0000 prn=nan nxp=0.000 mph=0.000 bytes=131072 pkts=131072 shard=0
step=0598425 (run 6425/8000) loss=0.00185 byte_ppl=1.002 atoms=27 merges=0 field=9.7476 rms=0.3046 scale=1.0000 fcos=nan ign=0.0000 prn=nan nxp=0.000 mph=0.000 bytes=131072 pkts=131072 shard=0
step=0598450 (run 6450/8000) loss=9.29823 byte_ppl=10918.678 atoms=55 merges=0 field=9.7513 rms=0.3047 scale=1.0000 fcos=nan ign=0.0000 prn=nan nxp=0.000 mph=0.000 bytes=131072 pkts=131072 shard=0
step=0598475 (run 6475/8000) loss=0.00827 byte_ppl=1.008 atoms=12 merges=0 field=9.7990 rms=0.3062 scale=1.0000 fcos=nan ign=0.0000 prn=nan nxp=0.000 mph=0.000 bytes=131072 pkts=131072 shard=0
step=0598500 (run 6500/8000) loss=7.47024 byte_ppl=1755.024 atoms=40 merges=0 field=9.7894 rms=0.3059 scale=1.0000 fcos=nan ign=0.0000 prn=nan nxp=0.000 mph=0.000 bytes=131072 pkts=131072 shard=0
step=0598525 (run 6525/8000) loss=0.01241 byte_ppl=1.012 atoms=67 merges=0 field=9.8079 rms=0.3065 scale=1.0000 fcos=nan ign=0.0000 prn=nan nxp=0.000 mph=0.000 bytes=131072 pkts=131072 shard=0
step=0598550 (run 6550/8000) loss=6.37081 byte_ppl=584.530 atoms=25 merges=0 field=9.8507 rms=0.3078 scale=1.0000 fcos=nan ign=0.0000 prn=nan nxp=0.000 mph=0.000 bytes=131072 pkts=131072 shard=0
step=0598575 (run 6575/8000) loss=0.04842 byte_ppl=1.050 atoms=52 merges=0 field=9.8279 rms=0.3071 scale=1.0000 fcos=nan ign=0.0000 prn=nan nxp=0.000 mph=0.000 bytes=131072 pkts=131072 shard=0
step=0598600 (run 6600/8000) loss=10.25382 byte_ppl=28390.854 atoms=9 merges=0 field=9.8318 rms=0.3072 scale=1.0000 fcos=nan ign=0.0000 prn=nan nxp=0.000 mph=0.000 bytes=131072 pkts=131072 shard=0
step=0598625 (run 6625/8000) loss=0.00028 byte_ppl=1.000 atoms=36 merges=0 field=9.8462 rms=0.3077 scale=1.0000 fcos=nan ign=0.0000 prn=nan nxp=0.000 mph=0.000 bytes=131072 pkts=131072 shard=0
step=0598650 (run 6650/8000) loss=5.76797 byte_ppl=319.888 atoms=64 merges=0 field=9.8618 rms=0.3082 scale=1.0000 fcos=nan ign=0.0000 prn=nan nxp=0.000 mph=0.000 bytes=131072 pkts=131072 shard=0
step=0598675 (run 6675/8000) loss=0.00077 byte_ppl=1.001 atoms=21 merges=0 field=9.8438 rms=0.3076 scale=1.0000 fcos=nan ign=0.0000 prn=nan nxp=0.000 mph=0.000 bytes=131072 pkts=131072 shard=0
step=0598700 (run 6700/8000) loss=2.52034 byte_ppl=12.433 atoms=49 merges=0 field=9.8553 rms=0.3080 scale=1.0000 fcos=nan ign=0.0000 prn=nan nxp=0.000 mph=0.000 bytes=131072 pkts=131072 shard=0
step=0598725 (run 6725/8000) loss=1.00801 byte_ppl=2.740 atoms=5 merges=0 field=9.8637 rms=0.3082 scale=1.0000 fcos=nan ign=0.0000 prn=nan nxp=0.000 mph=0.000 bytes=131072 pkts=131072 shard=0
step=0598750 (run 6750/8000) loss=5.62161 byte_ppl=276.335 atoms=33 merges=0 field=9.8649 rms=0.3083 scale=1.0000 fcos=nan ign=0.0000 prn=nan nxp=0.000 mph=0.000 bytes=131072 pkts=131072 shard=0
step=0598775 (run 6775/8000) loss=0.38020 byte_ppl=1.463 atoms=60 merges=0 field=9.8949 rms=0.3092 scale=1.0000 fcos=nan ign=0.0000 prn=nan nxp=0.000 mph=0.000 bytes=131072 pkts=131072 shard=0
step=0598800 (run 6800/8000) loss=6.88086 byte_ppl=973.460 atoms=18 merges=0 field=9.9265 rms=0.3102 scale=1.0000 fcos=nan ign=0.0000 prn=nan nxp=0.000 mph=0.000 bytes=131072 pkts=131072 shard=0
step=0598825 (run 6825/8000) loss=0.03111 byte_ppl=1.032 atoms=45 merges=0 field=9.9001 rms=0.3094 scale=1.0000 fcos=nan ign=0.0000 prn=nan nxp=0.000 mph=0.000 bytes=131072 pkts=131072 shard=0
step=0598850 (run 6850/8000) loss=5.37567 byte_ppl=216.084 atoms=3 merges=0 field=9.9306 rms=0.3103 scale=1.0000 fcos=nan ign=0.0000 prn=nan nxp=0.000 mph=0.000 bytes=131072 pkts=131072 shard=0
step=0598875 (run 6875/8000) loss=5.69011 byte_ppl=295.926 atoms=30 merges=0 field=9.9264 rms=0.3102 scale=1.0000 fcos=nan ign=0.0000 prn=nan nxp=0.000 mph=0.000 bytes=131072 pkts=131072 shard=0
step=0598900 (run 6900/8000) loss=5.18107 byte_ppl=177.874 atoms=58 merges=0 field=9.9429 rms=0.3107 scale=1.0000 fcos=nan ign=0.0000 prn=nan nxp=0.000 mph=0.000 bytes=131072 pkts=131072 shard=0
step=0598925 (run 6925/8000) loss=0.00092 byte_ppl=1.001 atoms=14 merges=0 field=9.9076 rms=0.3096 scale=1.0000 fcos=nan ign=0.0000 prn=nan nxp=0.000 mph=0.000 bytes=131072 pkts=131072 shard=0
step=0598950 (run 6950/8000) loss=0.13553 byte_ppl=1.145 atoms=42 merges=0 field=9.9239 rms=0.3101 scale=1.0000 fcos=nan ign=0.0000 prn=nan nxp=0.000 mph=0.000 bytes=131072 pkts=131072 shard=0
step=0598975 (run 6975/8000) loss=0.01151 byte_ppl=1.012 atoms=69 merges=0 field=9.9414 rms=0.3107 scale=1.0000 fcos=nan ign=0.0000 prn=nan nxp=0.000 mph=0.000 bytes=131072 pkts=131072 shard=0
step=0599000 (run 7000/8000) loss=1.24801 byte_ppl=3.483 atoms=27 merges=0 field=9.9580 rms=0.3112 scale=1.0000 fcos=nan ign=0.0000 prn=nan nxp=0.000 mph=0.000 bytes=131072 pkts=131072 shard=0
step=0599025 (run 7025/8000) loss=0.00026 byte_ppl=1.000 atoms=54 merges=0 field=9.9904 rms=0.3122 scale=1.0000 fcos=nan ign=0.0000 prn=nan nxp=0.000 mph=0.000 bytes=131072 pkts=131072 shard=0
step=0599050 (run 7050/8000) loss=8.64794 byte_ppl=5698.421 atoms=11 merges=0 field=10.0145 rms=0.3130 scale=1.0000 fcos=nan ign=0.0000 prn=nan nxp=0.000 mph=0.000 bytes=131072 pkts=131072 shard=0
step=0599075 (run 7075/8000) loss=0.00145 byte_ppl=1.001 atoms=38 merges=0 field=9.9824 rms=0.3120 scale=1.0000 fcos=nan ign=0.0000 prn=nan nxp=0.000 mph=0.000 bytes=131072 pkts=131072 shard=0
step=0599100 (run 7100/8000) loss=0.95920 byte_ppl=2.610 atoms=66 merges=0 field=10.0208 rms=0.3132 scale=1.0000 fcos=nan ign=0.0000 prn=nan nxp=0.000 mph=0.000 bytes=131072 pkts=131072 shard=0
step=0599125 (run 7125/8000) loss=3.43707 byte_ppl=31.096 atoms=23 merges=0 field=9.9931 rms=0.3123 scale=1.0000 fcos=nan ign=0.0000 prn=nan nxp=0.000 mph=0.000 bytes=131072 pkts=131072 shard=0
step=0599150 (run 7150/8000) loss=0.62954 byte_ppl=1.877 atoms=51 merges=0 field=9.9716 rms=0.3116 scale=1.0000 fcos=nan ign=0.0000 prn=nan nxp=0.000 mph=0.000 bytes=131072 pkts=131072 shard=0
step=0599175 (run 7175/8000) loss=0.00031 byte_ppl=1.000 atoms=8 merges=0 field=10.0167 rms=0.3130 scale=1.0000 fcos=nan ign=0.0000 prn=nan nxp=0.000 mph=0.000 bytes=131072 pkts=131072 shard=0
step=0599200 (run 7200/8000) loss=3.11625 byte_ppl=22.562 atoms=36 merges=0 field=10.0111 rms=0.3128 scale=1.0000 fcos=nan ign=0.0000 prn=nan nxp=0.000 mph=0.000 bytes=131072 pkts=131072 shard=0
step=0599225 (run 7225/8000) loss=0.00747 byte_ppl=1.007 atoms=63 merges=0 field=10.0155 rms=0.3130 scale=1.0000 fcos=nan ign=0.0000 prn=nan nxp=0.000 mph=0.000 bytes=131072 pkts=131072 shard=0
step=0599250 (run 7250/8000) loss=0.01127 byte_ppl=1.011 atoms=20 merges=0 field=10.0344 rms=0.3136 scale=1.0000 fcos=nan ign=0.0000 prn=nan nxp=0.000 mph=0.000 bytes=131072 pkts=131072 shard=0
step=0599275 (run 7275/8000) loss=0.00507 byte_ppl=1.005 atoms=47 merges=0 field=10.0136 rms=0.3129 scale=1.0000 fcos=nan ign=0.0000 prn=nan nxp=0.000 mph=0.000 bytes=131072 pkts=131072 shard=0
step=0599300 (run 7300/8000) loss=0.00066 byte_ppl=1.001 atoms=5 merges=0 field=10.0470 rms=0.3140 scale=1.0000 fcos=nan ign=0.0000 prn=nan nxp=0.000 mph=0.000 bytes=131072 pkts=131072 shard=0
step=0599325 (run 7325/8000) loss=0.00072 byte_ppl=1.001 atoms=32 merges=0 field=10.0355 rms=0.3136 scale=1.0000 fcos=nan ign=0.0000 prn=nan nxp=0.000 mph=0.000 bytes=131072 pkts=131072 shard=0
step=0599350 (run 7350/8000) loss=8.01882 byte_ppl=3037.582 atoms=60 merges=0 field=10.0031 rms=0.3126 scale=1.0000 fcos=nan ign=0.0000 prn=nan nxp=0.000 mph=0.000 bytes=131072 pkts=131072 shard=0
step=0599375 (run 7375/8000) loss=0.15658 byte_ppl=1.170 atoms=16 merges=0 field=10.0328 rms=0.3135 scale=1.0000 fcos=nan ign=0.0000 prn=nan nxp=0.000 mph=0.000 bytes=131072 pkts=131072 shard=0
step=0599400 (run 7400/8000) loss=1.71539 byte_ppl=5.559 atoms=44 merges=0 field=10.0331 rms=0.3135 scale=1.0000 fcos=nan ign=0.0000 prn=nan nxp=0.000 mph=0.000 bytes=131072 pkts=131072 shard=0
step=0599425 (run 7425/8000) loss=2.93645 byte_ppl=18.849 atoms=1 merges=0 field=10.0064 rms=0.3127 scale=1.0000 fcos=nan ign=0.0000 prn=nan nxp=0.000 mph=0.000 bytes=131072 pkts=131072 shard=0
step=0599450 (run 7450/8000) loss=13.33128 byte_ppl=616173.909 atoms=29 merges=0 field=9.9809 rms=0.3119 scale=1.0000 fcos=nan ign=0.0000 prn=nan nxp=0.000 mph=0.000 bytes=131072 pkts=131072 shard=0
step=0599475 (run 7475/8000) loss=0.00874 byte_ppl=1.009 atoms=56 merges=0 field=9.9794 rms=0.3119 scale=1.0000 fcos=nan ign=0.0000 prn=nan nxp=0.000 mph=0.000 bytes=131072 pkts=131072 shard=0
step=0599500 (run 7500/8000) loss=4.96247 byte_ppl=142.946 atoms=14 merges=0 field=9.9649 rms=0.3114 scale=1.0000 fcos=nan ign=0.0000 prn=nan nxp=0.000 mph=0.000 bytes=131072 pkts=131072 shard=0
step=0599525 (run 7525/8000) loss=0.00070 byte_ppl=1.001 atoms=41 merges=0 field=9.9503 rms=0.3109 scale=1.0000 fcos=nan ign=0.0000 prn=nan nxp=0.000 mph=0.000 bytes=131072 pkts=131072 shard=0
step=0599550 (run 7550/8000) loss=4.83379 byte_ppl=125.686 atoms=69 merges=0 field=9.9380 rms=0.3106 scale=1.0000 fcos=nan ign=0.0000 prn=nan nxp=0.000 mph=0.000 bytes=131072 pkts=131072 shard=0
step=0599575 (run 7575/8000) loss=0.00268 byte_ppl=1.003 atoms=25 merges=0 field=9.9292 rms=0.3103 scale=1.0000 fcos=nan ign=0.0000 prn=nan nxp=0.000 mph=0.000 bytes=131072 pkts=131072 shard=0
step=0599600 (run 7600/8000) loss=0.17705 byte_ppl=1.194 atoms=53 merges=0 field=9.9270 rms=0.3102 scale=1.0000 fcos=nan ign=0.0000 prn=nan nxp=0.000 mph=0.000 bytes=131072 pkts=131072 shard=0
step=0599625 (run 7625/8000) loss=0.00025 byte_ppl=1.000 atoms=10 merges=0 field=9.9744 rms=0.3117 scale=1.0000 fcos=nan ign=0.0000 prn=nan nxp=0.000 mph=0.000 bytes=131072 pkts=131072 shard=0
step=0599650 (run 7650/8000) loss=9.27514 byte_ppl=10669.399 atoms=38 merges=0 field=9.9467 rms=0.3108 scale=1.0000 fcos=nan ign=0.0000 prn=nan nxp=0.000 mph=0.000 bytes=131072 pkts=131072 shard=0
step=0599675 (run 7675/8000) loss=2.36334 byte_ppl=10.626 atoms=65 merges=0 field=9.9750 rms=0.3117 scale=1.0000 fcos=nan ign=0.0000 prn=nan nxp=0.000 mph=0.000 bytes=131072 pkts=131072 shard=0
step=0599700 (run 7700/8000) loss=0.00372 byte_ppl=1.004 atoms=22 merges=0 field=9.9724 rms=0.3116 scale=1.0000 fcos=nan ign=0.0000 prn=nan nxp=0.000 mph=0.000 bytes=131072 pkts=131072 shard=0
step=0599725 (run 7725/8000) loss=0.22456 byte_ppl=1.252 atoms=49 merges=0 field=9.9674 rms=0.3115 scale=1.0000 fcos=nan ign=0.0000 prn=nan nxp=0.000 mph=0.000 bytes=131072 pkts=131072 shard=0
step=0599750 (run 7750/8000) loss=1.05352 byte_ppl=2.868 atoms=7 merges=0 field=9.9714 rms=0.3116 scale=1.0000 fcos=nan ign=0.0000 prn=nan nxp=0.000 mph=0.000 bytes=131072 pkts=131072 shard=0
step=0599775 (run 7775/8000) loss=2.23731 byte_ppl=9.368 atoms=34 merges=0 field=9.9684 rms=0.3115 scale=1.0000 fcos=nan ign=0.0000 prn=nan nxp=0.000 mph=0.000 bytes=131072 pkts=131072 shard=0
step=0599800 (run 7800/8000) loss=5.97708 byte_ppl=394.286 atoms=62 merges=0 field=9.9615 rms=0.3113 scale=1.0000 fcos=nan ign=0.0000 prn=nan nxp=0.000 mph=0.000 bytes=131072 pkts=131072 shard=0
step=0599825 (run 7825/8000) loss=0.00019 byte_ppl=1.000 atoms=19 merges=0 field=9.9562 rms=0.3111 scale=1.0000 fcos=nan ign=0.0000 prn=nan nxp=0.000 mph=0.000 bytes=131072 pkts=131072 shard=0
step=0599850 (run 7850/8000) loss=10.56171 byte_ppl=38627.138 atoms=47 merges=0 field=9.9766 rms=0.3118 scale=1.0000 fcos=nan ign=0.0000 prn=nan nxp=0.000 mph=0.000 bytes=131072 pkts=131072 shard=0
step=0599875 (run 7875/8000) loss=4.19618 byte_ppl=66.432 atoms=3 merges=0 field=9.9699 rms=0.3116 scale=1.0000 fcos=nan ign=0.0000 prn=nan nxp=0.000 mph=0.000 bytes=131072 pkts=131072 shard=0
step=0599900 (run 7900/8000) loss=7.39899 byte_ppl=1634.334 atoms=31 merges=0 field=9.9454 rms=0.3108 scale=1.0000 fcos=nan ign=0.0000 prn=nan nxp=0.000 mph=0.000 bytes=131072 pkts=131072 shard=0
step=0599925 (run 7925/8000) loss=0.00121 byte_ppl=1.001 atoms=58 merges=0 field=9.9706 rms=0.3116 scale=1.0000 fcos=nan ign=0.0000 prn=nan nxp=0.000 mph=0.000 bytes=131072 pkts=131072 shard=0
step=0599950 (run 7950/8000) loss=1.48420 byte_ppl=4.411 atoms=16 merges=0 field=9.9127 rms=0.3098 scale=1.0000 fcos=nan ign=0.0000 prn=nan nxp=0.000 mph=0.000 bytes=131072 pkts=131072 shard=0
step=0599975 (run 7975/8000) loss=1.67751 byte_ppl=5.352 atoms=43 merges=0 field=9.9477 rms=0.3109 scale=1.0000 fcos=nan ign=0.0000 prn=nan nxp=0.000 mph=0.000 bytes=131072 pkts=131072 shard=0
step=0600000 (run 8000/8000) loss=0.00801 byte_ppl=1.008 atoms=71 merges=0 field=9.8877 rms=0.3090 scale=1.0000 fcos=nan ign=0.0000 prn=nan nxp=0.000 mph=0.000 bytes=131072 pkts=131072 shard=0
{
  "stream": true,
  "data_path": null,
  "data_glob": "data/corpus_fr_medium*.txt",
  "shard_paths": [
    "/home/user/atom-ai/data/corpus_fr_medium.txt",
    "/home/user/atom-ai/data/corpus_fr_medium_s21.txt"
  ],
  "data_bytes": 1000453,
  "data_characters": null,
  "atomizer_version": "atomizer-v1-byte-span",
  "feature_dim": 320,
  "packet_count": null,
  "train_packet_count": null,
  "validation_packet_count": 2048,
  "mean_packet_bytes": null,
  "max_packet_bytes": null,
  "min_packet_bytes": null,
  "bytes_seen": 131072,
  "config": {
    "d_model": 32,
    "n_modes": 32,
    "n_atoms_max": 64,
    "max_span_bytes": 1,
    "episode_length": 8000,
    "episode_reset": true,
    "atom_flush_every": 64,
    "learning_rate": 5e-05,
    "surface_learning_rate": 0.00012,
    "steps": 8000,
    "start_step": 592000,
    "seed": 20260913,
    "surface_alphabet": 256,
    "field_max_rms": 3.0,
    "energy_decay_bounds": [
      0.3,
      0.95
    ],
    "stream": true,
    "chunk_bytes": 65536,
    "loop_shards": true,
    "stream_buffer": 2048,
    "stream_prefetch": true,
    "stream_skip_packets": 96000,
    "last_atom_readout": true,
    "efference_every": 10,
    "enable_merge": false,
    "payload_copy": false,
    "merge_coherence_threshold": 0.45,
    "merge_energy_floor": 0.08,
    "field_loss_weight": 0.05,
    "field_contrast_weight": 0.0,
    "field_ignorance_weight": 0.08,
    "field_ignorance_ablate_shared": false,
    "field_ignorance_prompt_bank": false,
    "field_obligatory_readout": true,
    "field_obligatory_hard": true,
    "printable_aux_weight": 0.0,
    "field_next_packet_weight": 0.0,
    "slow_every": 1
  },
  "packets_seen": 131072,
  "stream_epoch": 0,
  "train": {
    "steps": 8000,
    "efference_every": 10,
    "efference_steps": 800,
    "start_step": 592000,
    "total_steps": 600000,
    "episode_length": 8000,
    "episode_reset": true,
    "atom_flush_every": 64,
    "elapsed_seconds": 127.29224915900011,
    "transitions_per_second": 62.84750291439379,
    "first_loss": 5.776664733886719,
    "final_loss": 0.008013242855668068,
    "final_total_perplexity": 1.0080454348160819,
    "finite_losses": true,
    "finite_parameters": true,
    "nan_or_inf": false,
    "field_rms_before_max": 0.3141550123691559,
    "field_rms_after_max": 0.3141550123691559,
    "field_scale_min": 1.0,
    "field_norm_max": 10.052907943725586,
    "field_limited_steps": 0,
    "field_limited_fraction": 0.0,
    "final_dynamics": {
      "coupling_scale": 1.1261940002441406,
      "energy_decay": 0.3004268705844879,
      "phase_sync": 0.24932193756103516,
      "energy_decay_before": 0.3004268705844879,
      "energy_decay_repaired": false,
      "energy_decay_bounds": [
        0.3,
        0.95
      ]
    },
    "final_atoms_before_validation": 58,
    "stream": true,
    "bytes_seen": 131072
  },
  "validation": {
    "transitions": 256,
    "loss": 1.0996267329708829,
    "total_perplexity": 3.003044877076298,
    "byte_loss": 1.0996267329708829,
    "byte_perplexity": 3.003044877076298,
    "source": "stream_ring"
  },
  "checkpoint": "checkpoints/byte_tick/atom_native_step_600000_d32_ms1M.pt",
  "reload": {
    "n_atoms": 0,
    "field_norm": 9.887711524963379,
    "time": 88.0003890991211,
    "finite": true
  },
  "generation": {
    "The future of AI is": {
      "temperature": 0.8,
      "top_k": 5,
      "max_length": 20,
      "bytes_hex": "506575742d202020",
      "text": "Peut-   ",
      "reload_text": "Peut-   ",
      "reload_match": true
    },
    "Bonjour, je m'appelle": {
      "temperature": 0.8,
      "top_k": 5,
      "max_length": 20,
      "bytes_hex": "5065757820202020",
      "text": "Peux    ",
      "reload_text": "Peux    ",
      "reload_match": true
    },
    "Valkyria Chronicles III is": {
      "temperature": 0.8,
      "top_k": 5,
      "max_length": 20,
      "bytes_hex": "506575742d202020",
      "text": "Peut-   ",
      "reload_text": "Peut-   ",
      "reload_match": true
    }
  }
}
